{@BATCH|t14_gen7_iph||4058|1||btest|050101020439~16|ICT0264\engineer|ICT0264|C:/Agilent_ICT/boards/t14_gen7_iph|RevA|sb21u98043_u5||sb21u98043_u5
{@BTEST|2305173600004|00|050101020457|000034|0|all||n||050101020531||1
{@PF|pins|0|0
}
{@BLOCK|f45002|00
{@A-FUS|0|+2.913244E+00{@LIM2|+1.580000E+01|+0.000000E+00}}
}
{@BLOCK|f45003|00
{@A-FUS|0|+2.654957E+00{@LIM2|+1.580000E+01|+0.000000E+00}}
}
{@BLOCK|f46002|00
{@A-FUS|0|+3.021487E+00{@LIM2|+1.580000E+01|+0.000000E+00}}
}
{@BLOCK|f47001|00
{@A-FUS|0|+2.882901E+00{@LIM2|+1.580000E+01|+0.000000E+00}}
}
{@BLOCK|f51001|00
{@A-FUS|0|+2.642553E+00{@LIM2|+1.580000E+01|+0.000000E+00}}
}
{@BLOCK|f51002|00
{@A-FUS|0|+2.742093E+00{@LIM2|+1.580000E+01|+0.000000E+00}}
}
{@BLOCK|f68003|00
{@A-FUS|0|+2.969477E+00{@LIM2|+1.580000E+01|+0.000000E+00}}
}
{@BLOCK|f68004|00
{@A-FUS|0|+3.260355E+00{@LIM2|+1.580000E+01|+0.000000E+00}}
}
{@BLOCK|f93001|00
{@A-FUS|0|+2.740831E+00{@LIM2|+1.580000E+01|+0.000000E+00}}
}
{@BLOCK|f94001|00
{@A-FUS|0|+3.074855E+00{@LIM2|+1.580000E+01|+0.000000E+00}}
}
{@BLOCK|f94002|00
{@A-FUS|0|+2.874199E+00{@LIM2|+1.580000E+01|+0.000000E+00}}
}
{@BLOCK|f94003|00
{@A-FUS|0|+2.921100E+00{@LIM2|+1.580000E+01|+0.000000E+00}}
}
{@BLOCK|f94004|00
{@A-FUS|0|+2.607813E+00{@LIM2|+1.580000E+01|+0.000000E+00}}
}
{@BLOCK|f95003|00
{@A-FUS|0|+3.392056E+00{@LIM2|+1.580000E+01|+0.000000E+00}}
}
{@BLOCK|pf0001|00
{@A-FUS|0|+3.125211E+00{@LIM2|+1.580000E+01|+0.000000E+00}}
}
{@BLOCK|pf0002|00
{@A-FUS|0|+2.319637E+00{@LIM2|+1.580000E+01|+0.000000E+00}}
}
{@BLOCK|pf0101|00
{@A-FUS|0|+2.983432E+00{@LIM2|+1.580000E+01|+0.000000E+00}}
}
{@BLOCK|l17001|00
{@A-JUM|0|+2.886047E+00{@LIM2|+1.500000E+01|+0.000000E+00}}
}
{@BLOCK|f46001|00
{@A-FUS|0|+2.754992E+00{@LIM2|+1.580000E+01|+0.000000E+00}}
}
{@BLOCK|f46003|00
{@A-FUS|0|+3.186764E+00{@LIM2|+1.580000E+01|+0.000000E+00}}
}
{@BLOCK|f51003|00
{@A-FUS|0|+2.624951E+00{@LIM2|+1.580000E+01|+0.000000E+00}}
}
{@BLOCK|f68001|00
{@A-FUS|0|+2.799265E+00{@LIM2|+1.580000E+01|+0.000000E+00}}
}
{@BLOCK|f95001|00
{@A-FUS|0|+2.578673E+00{@LIM2|+1.580000E+01|+0.000000E+00}}
}
{@BLOCK|f95002|00
{@A-FUS|0|+2.621755E+00{@LIM2|+1.580000E+01|+0.000000E+00}}
}
{@BLOCK|f95004|00
{@A-FUS|0|+2.561931E+00{@LIM2|+1.580000E+01|+0.000000E+00}}
}
{@BLOCK|l18002|00
{@A-JUM|0|+2.217766E+00{@LIM2|+1.500000E+01|+0.000000E+00}}
}
{@BLOCK|l18001|00
{@A-JUM|0|+2.980911E+00{@LIM2|+1.500000E+01|+0.000000E+00}}
}
{@BLOCK|l63001%jp1|00
{@A-JUM|0|+4.435268E+00{@LIM2|+1.500000E+01|+0.000000E+00}}
}
{@BLOCK|l63001%jp2|00
{@A-JUM|0|+4.788314E+00{@LIM2|+1.500000E+01|+0.000000E+00}}
}
{@BLOCK|l64001%jp1|00
{@A-JUM|0|+4.271912E+00{@LIM2|+1.500000E+01|+0.000000E+00}}
}
{@BLOCK|l64001%jp2|00
{@A-JUM|0|+4.490907E+00{@LIM2|+1.500000E+01|+0.000000E+00}}
}
{@BLOCK|l76001|00
{@A-JUM|0|+2.904172E+00{@LIM2|+1.500000E+01|+0.000000E+00}}
}
{@BLOCK|l86001|00
{@A-JUM|0|+2.701636E+00{@LIM2|+1.500000E+01|+0.000000E+00}}
}
{@BLOCK|l86002|00
{@A-JUM|0|+2.668922E+00{@LIM2|+1.500000E+01|+0.000000E+00}}
}
{@BLOCK|l86003|00
{@A-JUM|0|+2.569251E+00{@LIM2|+1.500000E+01|+0.000000E+00}}
}
{@BLOCK|l86004|00
{@A-JUM|0|+2.614400E+00{@LIM2|+1.500000E+01|+0.000000E+00}}
}
{@BLOCK|l95001%jp1|00
{@A-JUM|0|+6.047196E+00{@LIM2|+1.500000E+01|+0.000000E+00}}
}
{@BLOCK|l95001%jp2|00
{@A-JUM|0|+4.557320E+00{@LIM2|+1.500000E+01|+0.000000E+00}}
}
{@BLOCK|pj0301|00
{@A-JUM|0|+3.092932E+00{@LIM2|+1.500000E+01|+0.000000E+00}}
}
{@BLOCK|pj0401|00
{@A-JUM|0|+2.928286E+00{@LIM2|+1.500000E+01|+0.000000E+00}}
}
{@BLOCK|pj0601|00
{@A-JUM|0|+2.711792E+00{@LIM2|+1.500000E+01|+0.000000E+00}}
}
{@BLOCK|pj0701|00
{@A-JUM|0|+3.367942E+00{@LIM2|+1.500000E+01|+0.000000E+00}}
}
{@BLOCK|pj1401|00
{@A-JUM|0|+3.109800E+00{@LIM2|+1.500000E+01|+0.000000E+00}}
}
{@BLOCK|pj1501|00
{@A-JUM|0|+2.879233E+00{@LIM2|+1.500000E+01|+0.000000E+00}}
}
{@BLOCK|pj1701|00
{@A-JUM|0|+3.020241E+00{@LIM2|+1.500000E+01|+0.000000E+00}}
}
{@BLOCK|pl0201|00
{@A-JUM|0|+2.995728E+00{@LIM2|+1.500000E+01|+0.000000E+00}}
}
{@BLOCK|pl0202|00
{@A-JUM|0|+3.164679E+00{@LIM2|+1.500000E+01|+0.000000E+00}}
}
{@BLOCK|pr0201|00
{@A-JUM|0|+3.221312E+00{@LIM2|+1.500000E+01|+0.000000E+00}}
}
{@BLOCK|pr0202|00
{@A-JUM|0|+8.196350E+00{@LIM2|+1.500000E+01|+0.000000E+00}}
}
{@BLOCK|pr0203|00
{@A-JUM|0|+8.003463E+00{@LIM2|+1.500000E+01|+0.000000E+00}}
}
{@BLOCK|l93001%jp2|00
{@A-JUM|0|+5.184179E+00{@LIM2|+1.500000E+01|+0.000000E+00}}
}
{@BLOCK|pj0501|00
{@A-JUM|0|+2.586546E+00{@LIM2|+1.500000E+01|+0.000000E+00}}
}
{@BLOCK|pl0501|00
{@A-JUM|0|+2.539957E+00{@LIM2|+1.500000E+01|+0.000000E+00}}
}
{@BLOCK|pr0204|00
{@A-JUM|0|+2.248072E+00{@LIM2|+1.500000E+01|+0.000000E+00}}
}
{@BLOCK|pr0220|00
{@A-JUM|0|+2.481167E+00{@LIM2|+1.500000E+01|+0.000000E+00}}
}
{@BLOCK|pr0221|00
{@A-JUM|0|+2.313946E+00{@LIM2|+1.500000E+01|+0.000000E+00}}
}
{@BLOCK|pr0224|00
{@A-JUM|0|+2.898945E+00{@LIM2|+1.500000E+01|+0.000000E+00}}
}
{@BLOCK|pr0229|00
{@A-JUM|0|+2.790691E+00{@LIM2|+1.500000E+01|+0.000000E+00}}
}
{@BLOCK|pr0219|00
{@A-JUM|0|+3.239393E+00{@LIM2|+1.500000E+01|+0.000000E+00}}
}
{@BLOCK|pr0304|00
{@A-JUM|0|+3.178942E+00{@LIM2|+1.500000E+01|+0.000000E+00}}
}
{@BLOCK|pr0310|00
{@A-JUM|0|+2.863825E+00{@LIM2|+1.500000E+01|+0.000000E+00}}
}
{@BLOCK|pr0407|00
{@A-JUM|0|+2.937500E+00{@LIM2|+1.500000E+01|+0.000000E+00}}
}
{@BLOCK|pr0412|00
{@A-JUM|0|+2.841943E+00{@LIM2|+1.500000E+01|+0.000000E+00}}
}
{@BLOCK|pr0415|00
{@A-JUM|0|+3.198804E+00{@LIM2|+1.500000E+01|+0.000000E+00}}
}
{@BLOCK|pr0416|00
{@A-JUM|0|+3.088418E+00{@LIM2|+1.500000E+01|+0.000000E+00}}
}
{@BLOCK|pr0502|00
{@A-JUM|0|+3.274932E+00{@LIM2|+1.500000E+01|+0.000000E+00}}
}
{@BLOCK|pr0503|00
{@A-JUM|0|+4.680751E+00{@LIM2|+1.500000E+01|+0.000000E+00}}
}
{@BLOCK|pr0506|00
{@A-JUM|0|+2.807420E+00{@LIM2|+1.500000E+01|+0.000000E+00}}
}
{@BLOCK|pr0601|00
{@A-JUM|0|+2.885347E+00{@LIM2|+1.500000E+01|+0.000000E+00}}
}
{@BLOCK|pr0604|00
{@A-JUM|0|+3.615918E+00{@LIM2|+1.500000E+01|+0.000000E+00}}
}
{@BLOCK|pr0612|00
{@A-JUM|0|+3.030816E+00{@LIM2|+1.500000E+01|+0.000000E+00}}
}
{@BLOCK|pr0707|00
{@A-JUM|0|+3.071285E+00{@LIM2|+1.500000E+01|+0.000000E+00}}
}
{@BLOCK|pr0709|00
{@A-JUM|0|+2.686694E+00{@LIM2|+1.500000E+01|+0.000000E+00}}
}
{@BLOCK|pr0906|00
{@A-JUM|0|+3.299899E+00{@LIM2|+1.500000E+01|+0.000000E+00}}
}
{@BLOCK|pr0306|00
{@A-JUM|0|+2.577821E+00{@LIM2|+1.500000E+01|+0.000000E+00}}
}
{@BLOCK|pr0409|00
{@A-JUM|0|+7.925861E+00{@LIM2|+1.500000E+01|+0.000000E+00}}
}
{@BLOCK|pr0701|00
{@A-JUM|0|+2.745414E+00{@LIM2|+1.500000E+01|+0.000000E+00}}
}
{@BLOCK|pr0819|00
{@A-JUM|0|+2.862862E+00{@LIM2|+1.500000E+01|+0.000000E+00}}
}
{@BLOCK|pr0821|00
{@A-JUM|0|+2.896464E+00{@LIM2|+1.500000E+01|+0.000000E+00}}
}
{@BLOCK|pr1105|00
{@A-JUM|0|+2.806561E+00{@LIM2|+1.500000E+01|+0.000000E+00}}
}
{@BLOCK|pr1404|00
{@A-JUM|0|+2.845667E+00{@LIM2|+1.500000E+01|+0.000000E+00}}
}
{@BLOCK|pr1512|00
{@A-JUM|0|+7.585175E+00{@LIM2|+1.500000E+01|+0.000000E+00}}
}
{@BLOCK|pr0909|00
{@A-JUM|0|+2.826082E+00{@LIM2|+1.500000E+01|+0.000000E+00}}
}
{@BLOCK|pr0910|00
{@A-JUM|0|+3.422043E+00{@LIM2|+1.500000E+01|+0.000000E+00}}
}
{@BLOCK|pr1108|00
{@A-JUM|0|+3.294192E+00{@LIM2|+1.500000E+01|+0.000000E+00}}
}
{@BLOCK|pr1203|00
{@A-JUM|0|+2.939858E+00{@LIM2|+1.500000E+01|+0.000000E+00}}
}
{@BLOCK|pr1317|00
{@A-JUM|0|+2.978114E+00{@LIM2|+1.500000E+01|+0.000000E+00}}
}
{@BLOCK|pr1318|00
{@A-JUM|0|+3.381577E+00{@LIM2|+1.500000E+01|+0.000000E+00}}
}
{@BLOCK|pr1510|00
{@A-JUM|0|+3.028888E+00{@LIM2|+1.500000E+01|+0.000000E+00}}
}
{@BLOCK|pr1515|00
{@A-JUM|0|+3.013551E+00{@LIM2|+1.500000E+01|+0.000000E+00}}
}
{@BLOCK|pr1602|00
{@A-JUM|0|+3.012502E+00{@LIM2|+1.500000E+01|+0.000000E+00}}
}
{@BLOCK|pr1701|00
{@A-JUM|0|+2.983900E+00{@LIM2|+1.500000E+01|+0.000000E+00}}
}
{@BLOCK|pr1712|00
{@A-JUM|0|+3.366632E+00{@LIM2|+1.500000E+01|+0.000000E+00}}
}
{@BLOCK|pr1717|00
{@A-JUM|0|+3.125211E+00{@LIM2|+1.500000E+01|+0.000000E+00}}
}
{@BLOCK|pr2002|00
{@A-JUM|0|+2.934242E+00{@LIM2|+1.500000E+01|+0.000000E+00}}
}
{@BLOCK|pr2013|00
{@A-JUM|0|+4.783503E+00{@LIM2|+1.500000E+01|+0.000000E+00}}
}
{@BLOCK|pr2202|00
{@A-JUM|0|+2.931532E+00{@LIM2|+1.500000E+01|+0.000000E+00}}
}
{@BLOCK|pr2203|00
{@A-JUM|0|+2.842282E+00{@LIM2|+1.500000E+01|+0.000000E+00}}
}
{@BLOCK|pr2301|00
{@A-JUM|0|+2.825414E+00{@LIM2|+1.500000E+01|+0.000000E+00}}
}
{@BLOCK|pr2302|00
{@A-JUM|0|+3.055517E+00{@LIM2|+1.500000E+01|+0.000000E+00}}
}
{@BLOCK|pr2303|00
{@A-JUM|0|+2.881854E+00{@LIM2|+1.500000E+01|+0.000000E+00}}
}
{@BLOCK|pr2308|00
{@A-JUM|0|+3.069899E+00{@LIM2|+1.500000E+01|+0.000000E+00}}
}
{@BLOCK|pr2401|00
{@A-JUM|0|+3.411133E+00{@LIM2|+1.500000E+01|+0.000000E+00}}
}
{@BLOCK|prt0002|00
{@A-JUM|0|+3.038746E+00{@LIM2|+1.500000E+01|+0.000000E+00}}
}
{@BLOCK|prt0004|00
{@A-JUM|0|+3.221748E+00{@LIM2|+1.500000E+01|+0.000000E+00}}
}
{@BLOCK|prt0010|00
{@A-JUM|0|+2.988957E+00{@LIM2|+1.500000E+01|+0.000000E+00}}
}
{@BLOCK|pr1518|00
{@A-JUM|0|+2.734955E+00{@LIM2|+1.500000E+01|+0.000000E+00}}
}
{@BLOCK|pr1711|00
{@A-JUM|0|+7.663696E+00{@LIM2|+1.500000E+01|+0.000000E+00}}
}
{@BLOCK|pr2309|00
{@A-JUM|0|+2.607328E+00{@LIM2|+1.500000E+01|+0.000000E+00}}
}
{@BLOCK|pr2420|00
{@A-JUM|0|+2.989137E+00{@LIM2|+1.500000E+01|+0.000000E+00}}
}
{@BLOCK|prt0003|00
{@A-JUM|0|+4.971231E+00{@LIM2|+1.500000E+01|+0.000000E+00}}
}
{@BLOCK|prt0008|00
{@A-JUM|0|+2.890809E+00{@LIM2|+1.500000E+01|+0.000000E+00}}
}
{@BLOCK|prt0009|00
{@A-JUM|0|+2.646652E+00{@LIM2|+1.500000E+01|+0.000000E+00}}
}
{@BLOCK|r15016|00
{@A-JUM|0|+3.385673E+00{@LIM2|+1.500000E+01|+0.000000E+00}}
}
{@BLOCK|r05220|00
{@A-JUM|0|+3.782079E+00{@LIM2|+1.500000E+01|+0.000000E+00}}
}
{@BLOCK|r06003|00
{@A-JUM|0|+2.662652E+00{@LIM2|+1.500000E+01|+0.000000E+00}}
}
{@BLOCK|r08003|00
{@A-JUM|0|+2.867965E+00{@LIM2|+1.500000E+01|+0.000000E+00}}
}
{@BLOCK|r08005|00
{@A-JUM|0|+3.022830E+00{@LIM2|+1.500000E+01|+0.000000E+00}}
}
{@BLOCK|r09003|00
{@A-JUM|0|+2.968644E+00{@LIM2|+1.500000E+01|+0.000000E+00}}
}
{@BLOCK|r10003|00
{@A-JUM|0|+4.606928E+00{@LIM2|+1.500000E+01|+0.000000E+00}}
}
{@BLOCK|r10004|00
{@A-JUM|0|+3.967716E+00{@LIM2|+1.500000E+01|+0.000000E+00}}
}
{@BLOCK|r15021|00
{@A-JUM|0|+3.613997E+00{@LIM2|+1.500000E+01|+0.000000E+00}}
}
{@BLOCK|r18001|00
{@A-JUM|0|+3.040007E+00{@LIM2|+1.500000E+01|+0.000000E+00}}
}
{@BLOCK|r18002|00
{@A-JUM|0|+2.585998E+00{@LIM2|+1.500000E+01|+0.000000E+00}}
}
{@BLOCK|r18003|00
{@A-JUM|0|+2.679738E+00{@LIM2|+1.500000E+01|+0.000000E+00}}
}
{@BLOCK|r20026|00
{@A-JUM|0|+3.199234E+00{@LIM2|+1.500000E+01|+0.000000E+00}}
}
{@BLOCK|r22102|00
{@A-JUM|0|+3.062987E+00{@LIM2|+1.500000E+01|+0.000000E+00}}
}
{@BLOCK|r22103|00
{@A-JUM|0|+2.671917E+00{@LIM2|+1.500000E+01|+0.000000E+00}}
}
{@BLOCK|r22104|00
{@A-JUM|0|+3.109496E+00{@LIM2|+1.500000E+01|+0.000000E+00}}
}
{@BLOCK|r22105|00
{@A-JUM|0|+2.693078E+00{@LIM2|+1.500000E+01|+0.000000E+00}}
}
{@BLOCK|r22106|00
{@A-JUM|0|+3.145341E+00{@LIM2|+1.500000E+01|+0.000000E+00}}
}
{@BLOCK|r22107|00
{@A-JUM|0|+2.601827E+00{@LIM2|+1.500000E+01|+0.000000E+00}}
}
{@BLOCK|r22108|00
{@A-JUM|0|+2.860040E+00{@LIM2|+1.500000E+01|+0.000000E+00}}
}
{@BLOCK|r22110|00
{@A-JUM|0|+3.022926E+00{@LIM2|+1.500000E+01|+0.000000E+00}}
}
{@BLOCK|r22210|00
{@A-JUM|0|+5.648330E+00{@LIM2|+1.500000E+01|+0.000000E+00}}
}
{@BLOCK|r22211|00
{@A-JUM|0|+5.506575E+00{@LIM2|+1.500000E+01|+0.000000E+00}}
}
{@BLOCK|r25002|00
{@A-JUM|0|+2.915027E+00{@LIM2|+1.500000E+01|+0.000000E+00}}
}
{@BLOCK|r25006|00
{@A-JUM|0|+2.630579E+00{@LIM2|+1.500000E+01|+0.000000E+00}}
}
{@BLOCK|r15019|00
{@A-JUM|0|+2.414655E+00{@LIM2|+1.500000E+01|+0.000000E+00}}
}
{@BLOCK|r16009|00
{@A-JUM|0|+2.506632E+00{@LIM2|+1.500000E+01|+0.000000E+00}}
}
{@BLOCK|r16010|00
{@A-JUM|0|+2.366415E+00{@LIM2|+1.500000E+01|+0.000000E+00}}
}
{@BLOCK|r20021|00
{@A-JUM|0|+2.481947E+00{@LIM2|+1.500000E+01|+0.000000E+00}}
}
{@BLOCK|r22208|00
{@A-JUM|0|+5.421765E+00{@LIM2|+1.500000E+01|+0.000000E+00}}
}
{@BLOCK|r22209|00
{@A-JUM|0|+4.889155E+00{@LIM2|+1.500000E+01|+0.000000E+00}}
}
{@BLOCK|r22212|00
{@A-JUM|0|+5.640908E+00{@LIM2|+1.500000E+01|+0.000000E+00}}
}
{@BLOCK|r29010|00
{@A-JUM|0|+2.897527E+00{@LIM2|+1.500000E+01|+0.000000E+00}}
}
{@BLOCK|r25015|00
{@A-JUM|0|+3.692187E+00{@LIM2|+1.500000E+01|+0.000000E+00}}
}
{@BLOCK|r26002|00
{@A-JUM|0|+2.568420E+00{@LIM2|+1.500000E+01|+0.000000E+00}}
}
{@BLOCK|r26006|00
{@A-JUM|0|+2.662950E+00{@LIM2|+1.500000E+01|+0.000000E+00}}
}
{@BLOCK|r29009|00
{@A-JUM|0|+2.695823E+00{@LIM2|+1.500000E+01|+0.000000E+00}}
}
{@BLOCK|r42101|00
{@A-JUM|0|+5.725421E+00{@LIM2|+1.500000E+01|+0.000000E+00}}
}
{@BLOCK|r43101|00
{@A-JUM|0|+2.737678E+00{@LIM2|+1.500000E+01|+0.000000E+00}}
}
{@BLOCK|r44001|00
{@A-JUM|0|+2.960062E+00{@LIM2|+1.500000E+01|+0.000000E+00}}
}
{@BLOCK|r44002|00
{@A-JUM|0|+2.904712E+00{@LIM2|+1.500000E+01|+0.000000E+00}}
}
{@BLOCK|r44261|00
{@A-JUM|0|+2.776314E+00{@LIM2|+1.500000E+01|+0.000000E+00}}
}
{@BLOCK|r44262|00
{@A-JUM|0|+2.657896E+00{@LIM2|+1.500000E+01|+0.000000E+00}}
}
{@BLOCK|r45002|00
{@A-JUM|0|+2.586560E+00{@LIM2|+1.500000E+01|+0.000000E+00}}
}
{@BLOCK|r45003|00
{@A-JUM|0|+2.606956E+00{@LIM2|+1.500000E+01|+0.000000E+00}}
}
{@BLOCK|r46002|00
{@A-JUM|0|+2.578435E+00{@LIM2|+1.500000E+01|+0.000000E+00}}
}
{@BLOCK|r47001|00
{@A-JUM|0|+2.543718E+00{@LIM2|+1.500000E+01|+0.000000E+00}}
}
{@BLOCK|r48001|00
{@A-JUM|0|+2.865204E+00{@LIM2|+1.500000E+01|+0.000000E+00}}
}
{@BLOCK|r50214|00
{@A-JUM|0|+5.539892E+00{@LIM2|+1.500000E+01|+0.000000E+00}}
}
{@BLOCK|r29011|00
{@A-JUM|0|+2.586264E+00{@LIM2|+1.500000E+01|+0.000000E+00}}
}
{@BLOCK|r43230|00
{@A-JUM|0|+4.042731E+00{@LIM2|+1.500000E+01|+0.000000E+00}}
}
{@BLOCK|r43231|00
{@A-JUM|0|+3.545804E+00{@LIM2|+1.500000E+01|+0.000000E+00}}
}
{@BLOCK|r44106|00
{@A-JUM|0|+2.704358E+00{@LIM2|+1.500000E+01|+0.000000E+00}}
}
{@BLOCK|r46001|00
{@A-JUM|0|+2.415147E+00{@LIM2|+1.500000E+01|+0.000000E+00}}
}
{@BLOCK|r46003|00
{@A-JUM|0|+2.659726E+00{@LIM2|+1.500000E+01|+0.000000E+00}}
}
{@BLOCK|r50212|00
{@A-JUM|0|+2.638692E+00{@LIM2|+1.500000E+01|+0.000000E+00}}
}
{@BLOCK|r50215|00
{@A-JUM|0|+3.320309E+00{@LIM2|+1.500000E+01|+0.000000E+00}}
}
{@BLOCK|r51002|00
{@A-JUM|0|+3.113054E+00{@LIM2|+1.500000E+01|+0.000000E+00}}
}
{@BLOCK|r51102|00
{@A-JUM|0|+2.641087E+00{@LIM2|+1.500000E+01|+0.000000E+00}}
}
{@BLOCK|r51103|00
{@A-JUM|0|+2.857637E+00{@LIM2|+1.500000E+01|+0.000000E+00}}
}
{@BLOCK|r51217|00
{@A-JUM|0|+2.941675E+00{@LIM2|+1.500000E+01|+0.000000E+00}}
}
{@BLOCK|r51223|00
{@A-JUM|0|+2.869348E+00{@LIM2|+1.500000E+01|+0.000000E+00}}
}
{@BLOCK|r53001|00
{@A-JUM|0|+2.715195E+00{@LIM2|+1.500000E+01|+0.000000E+00}}
}
{@BLOCK|r53002|00
{@A-JUM|0|+2.405185E+00{@LIM2|+1.500000E+01|+0.000000E+00}}
}
{@BLOCK|r53003|00
{@A-JUM|0|+3.109597E+00{@LIM2|+1.500000E+01|+0.000000E+00}}
}
{@BLOCK|r54101|00
{@A-JUM|0|+3.495914E+00{@LIM2|+1.500000E+01|+0.000000E+00}}
}
{@BLOCK|r54102|00
{@A-JUM|0|+3.510477E+00{@LIM2|+1.500000E+01|+0.000000E+00}}
}
{@BLOCK|r54103|00
{@A-JUM|0|+2.673118E+00{@LIM2|+1.500000E+01|+0.000000E+00}}
}
{@BLOCK|r54104|00
{@A-JUM|0|+2.686088E+00{@LIM2|+1.500000E+01|+0.000000E+00}}
}
{@BLOCK|r54105|00
{@A-JUM|0|+2.673418E+00{@LIM2|+1.500000E+01|+0.000000E+00}}
}
{@BLOCK|r55002|00
{@A-JUM|0|+2.677628E+00{@LIM2|+1.500000E+01|+0.000000E+00}}
}
{@BLOCK|r56101|00
{@A-JUM|0|+3.013932E+00{@LIM2|+1.500000E+01|+0.000000E+00}}
}
{@BLOCK|r56104|00
{@A-JUM|0|+4.194203E+00{@LIM2|+1.500000E+01|+0.000000E+00}}
}
{@BLOCK|r59003|00
{@A-JUM|0|+2.761498E+00{@LIM2|+1.500000E+01|+0.000000E+00}}
}
{@BLOCK|r59009|00
{@A-JUM|0|+3.024750E+00{@LIM2|+1.500000E+01|+0.000000E+00}}
}
{@BLOCK|r59013|00
{@A-JUM|0|+2.906840E+00{@LIM2|+1.500000E+01|+0.000000E+00}}
}
{@BLOCK|r59017|00
{@A-JUM|0|+2.916456E+00{@LIM2|+1.500000E+01|+0.000000E+00}}
}
{@BLOCK|r63101|00
{@A-JUM|0|+4.059045E+00{@LIM2|+1.500000E+01|+0.000000E+00}}
}
{@BLOCK|r63102|00
{@A-JUM|0|+3.884681E+00{@LIM2|+1.500000E+01|+0.000000E+00}}
}
{@BLOCK|r63103|00
{@A-JUM|0|+3.016128E+00{@LIM2|+1.500000E+01|+0.000000E+00}}
}
{@BLOCK|r63104|00
{@A-JUM|0|+2.316477E+00{@LIM2|+1.500000E+01|+0.000000E+00}}
}
{@BLOCK|r63105|00
{@A-JUM|0|+2.173892E+00{@LIM2|+1.500000E+01|+0.000000E+00}}
}
{@BLOCK|r63106|00
{@A-JUM|0|+3.582319E+00{@LIM2|+1.500000E+01|+0.000000E+00}}
}
{@BLOCK|r63222|00
{@A-JUM|0|+4.903208E+00{@LIM2|+1.500000E+01|+0.000000E+00}}
}
{@BLOCK|r63223|00
{@A-JUM|0|+2.930449E+00{@LIM2|+1.500000E+01|+0.000000E+00}}
}
{@BLOCK|r64101|00
{@A-JUM|0|+2.916099E+00{@LIM2|+1.500000E+01|+0.000000E+00}}
}
{@BLOCK|r64102|00
{@A-JUM|0|+2.886047E+00{@LIM2|+1.500000E+01|+0.000000E+00}}
}
{@BLOCK|r64103|00
{@A-JUM|0|+2.467259E+00{@LIM2|+1.500000E+01|+0.000000E+00}}
}
{@BLOCK|r64104|00
{@A-JUM|0|+2.937863E+00{@LIM2|+1.500000E+01|+0.000000E+00}}
}
{@BLOCK|r50216|00
{@A-JUM|0|+3.480300E+00{@LIM2|+1.500000E+01|+0.000000E+00}}
}
{@BLOCK|r50217|00
{@A-JUM|0|+5.124742E+00{@LIM2|+1.500000E+01|+0.000000E+00}}
}
{@BLOCK|r50218|00
{@A-JUM|0|+3.618236E+00{@LIM2|+1.500000E+01|+0.000000E+00}}
}
{@BLOCK|r51224|00
{@A-JUM|0|+2.296895E+00{@LIM2|+1.500000E+01|+0.000000E+00}}
}
{@BLOCK|r59002|00
{@A-JUM|0|+2.274403E+00{@LIM2|+1.500000E+01|+0.000000E+00}}
}
{@BLOCK|r59007|00
{@A-JUM|0|+2.513547E+00{@LIM2|+1.500000E+01|+0.000000E+00}}
}
{@BLOCK|r70001|00
{@A-JUM|0|+2.864592E+00{@LIM2|+1.500000E+01|+0.000000E+00}}
}
{@BLOCK|r70117|00
{@A-JUM|0|+2.481427E+00{@LIM2|+1.500000E+01|+0.000000E+00}}
}
{@BLOCK|r64222|00
{@A-JUM|0|+3.945686E+00{@LIM2|+1.500000E+01|+0.000000E+00}}
}
{@BLOCK|r64223|00
{@A-JUM|0|+3.035453E+00{@LIM2|+1.500000E+01|+0.000000E+00}}
}
{@BLOCK|r67103|00
{@A-JUM|0|+2.519487E+00{@LIM2|+1.500000E+01|+0.000000E+00}}
}
{@BLOCK|r67104|00
{@A-JUM|0|+4.477814E+00{@LIM2|+1.500000E+01|+0.000000E+00}}
}
{@BLOCK|r72001|00
{@A-JUM|0|+2.799167E+00{@LIM2|+1.500000E+01|+0.000000E+00}}
}
{@BLOCK|r73003|00
{@A-JUM|0|+2.687908E+00{@LIM2|+1.500000E+01|+0.000000E+00}}
}
{@BLOCK|r73116|00
{@A-JUM|0|+3.476133E+00{@LIM2|+1.500000E+01|+0.000000E+00}}
}
{@BLOCK|r73119|00
{@A-JUM|0|+3.802923E+00{@LIM2|+1.500000E+01|+0.000000E+00}}
}
{@BLOCK|r74103|00
{@A-JUM|0|+3.289980E+00{@LIM2|+1.500000E+01|+0.000000E+00}}
}
{@BLOCK|r74114|00
{@A-JUM|0|+3.177138E+00{@LIM2|+1.500000E+01|+0.000000E+00}}
}
{@BLOCK|r74117|00
{@A-JUM|0|+2.485031E+00{@LIM2|+1.500000E+01|+0.000000E+00}}
}
{@BLOCK|r74118|00
{@A-JUM|0|+2.829444E+00{@LIM2|+1.500000E+01|+0.000000E+00}}
}
{@BLOCK|r74119|00
{@A-JUM|0|+2.900465E+00{@LIM2|+1.500000E+01|+0.000000E+00}}
}
{@BLOCK|r74123|00
{@A-JUM|0|+2.601542E+00{@LIM2|+1.500000E+01|+0.000000E+00}}
}
{@BLOCK|r76001|00
{@A-JUM|0|+2.564269E+00{@LIM2|+1.500000E+01|+0.000000E+00}}
}
{@BLOCK|r76101|00
{@A-JUM|0|+2.577877E+00{@LIM2|+1.500000E+01|+0.000000E+00}}
}
{@BLOCK|r73102|00
{@A-JUM|0|+2.670821E+00{@LIM2|+1.500000E+01|+0.000000E+00}}
}
{@BLOCK|r73111|00
{@A-JUM|0|+3.348230E+00{@LIM2|+1.500000E+01|+0.000000E+00}}
}
{@BLOCK|r73112|00
{@A-JUM|0|+4.693492E+00{@LIM2|+1.500000E+01|+0.000000E+00}}
}
{@BLOCK|r74112|00
{@A-JUM|0|+3.401228E+00{@LIM2|+1.500000E+01|+0.000000E+00}}
}
{@BLOCK|r74120|00
{@A-JUM|0|+4.268157E+00{@LIM2|+1.500000E+01|+0.000000E+00}}
}
{@BLOCK|r76103|00
{@A-JUM|0|+3.318797E+00{@LIM2|+1.500000E+01|+0.000000E+00}}
}
{@BLOCK|r83104|00
{@A-JUM|0|+2.595046E+00{@LIM2|+1.500000E+01|+0.000000E+00}}
}
{@BLOCK|r85102|00
{@A-JUM|0|+2.782170E+00{@LIM2|+1.500000E+01|+0.000000E+00}}
}
{@BLOCK|r83001|00
{@A-JUM|0|+2.789327E+00{@LIM2|+1.500000E+01|+0.000000E+00}}
}
{@BLOCK|r83002|00
{@A-JUM|0|+2.896935E+00{@LIM2|+1.500000E+01|+0.000000E+00}}
}
{@BLOCK|r83003|00
{@A-JUM|0|+3.180853E+00{@LIM2|+1.500000E+01|+0.000000E+00}}
}
{@BLOCK|r83103|00
{@A-JUM|0|+2.737993E+00{@LIM2|+1.500000E+01|+0.000000E+00}}
}
{@BLOCK|r83105|00
{@A-JUM|0|+4.730982E+00{@LIM2|+1.500000E+01|+0.000000E+00}}
}
{@BLOCK|r83106|00
{@A-JUM|0|+2.529124E+00{@LIM2|+1.500000E+01|+0.000000E+00}}
}
{@BLOCK|r83110|00
{@A-JUM|0|+4.420854E+00{@LIM2|+1.500000E+01|+0.000000E+00}}
}
{@BLOCK|r85105|00
{@A-JUM|0|+2.545078E+00{@LIM2|+1.500000E+01|+0.000000E+00}}
}
{@BLOCK|r94001|00
{@A-JUM|0|+2.740515E+00{@LIM2|+1.500000E+01|+0.000000E+00}}
}
{@BLOCK|r94002|00
{@A-JUM|0|+3.283288E+00{@LIM2|+1.500000E+01|+0.000000E+00}}
}
{@BLOCK|r94003|00
{@A-JUM|0|+2.738623E+00{@LIM2|+1.500000E+01|+0.000000E+00}}
}
{@BLOCK|r94101|00
{@A-JUM|0|+3.112341E+00{@LIM2|+1.500000E+01|+0.000000E+00}}
}
{@BLOCK|r95004|00
{@A-JUM|0|+2.826420E+00{@LIM2|+1.500000E+01|+0.000000E+00}}
}
{@BLOCK|r98001|00
{@A-JUM|0|+3.042241E+00{@LIM2|+1.500000E+01|+0.000000E+00}}
}
{@BLOCK|pr0311|00
{@A-JUM|0|+1.786834E+04{@LIM2|+9.999999E+99|+1.000000E+04}}
}
{@BLOCK|pr0402|00
{@A-JUM|0|+2.006701E+08{@LIM2|+9.999999E+99|+1.000000E+04}}
}
{@BLOCK|pr0417|00
{@A-JUM|0|+3.066811E+03{@LIM2|+9.999999E+99|+1.500000E+01}}
}
{@BLOCK|pr0505|00
{@A-JUM|0|+4.456200E+06{@LIM2|+9.999999E+99|+1.000000E+04}}
}
{@BLOCK|pr0509|00
{@A-JUM|0|+1.645742E+04{@LIM2|+9.999999E+99|+1.000000E+04}}
}
{@BLOCK|pr0846|00
{@A-JUM|0|-5.328193E+06{@LIM2|+9.999999E+99|+9.960000E+03}}
}
{@BLOCK|pr0847|00
{@A-JUM|0|+1.003513E+04{@LIM2|+9.999999E+99|+5.150000E+03}}
}
{@BLOCK|pr0853|00
{@A-JUM|0|+1.099143E+04{@LIM2|+9.999999E+99|+1.000000E+04}}
}
{@BLOCK|pr0912|00
{@A-JUM|0|+2.695854E+07{@LIM2|+9.999999E+99|+1.000000E+04}}
}
{@BLOCK|pr1113|00
{@A-JUM|0|-2.713846E+09{@LIM2|+9.999999E+99|+1.000000E+04}}
}
{@BLOCK|r85103|00
{@A-JUM|0|+2.563317E+00{@LIM2|+1.500000E+01|+0.000000E+00}}
}
{@BLOCK|r85104|00
{@A-JUM|0|+2.536422E+00{@LIM2|+1.500000E+01|+0.000000E+00}}
}
{@BLOCK|r94103|00
{@A-JUM|0|+3.194822E+00{@LIM2|+1.500000E+01|+0.000000E+00}}
}
{@BLOCK|r95001|00
{@A-JUM|0|+2.528841E+00{@LIM2|+1.500000E+01|+0.000000E+00}}
}
{@BLOCK|r95002|00
{@A-JUM|0|+2.424540E+00{@LIM2|+1.500000E+01|+0.000000E+00}}
}
{@BLOCK|r95003|00
{@A-JUM|0|+2.566650E+00{@LIM2|+1.500000E+01|+0.000000E+00}}
}
{@BLOCK|r98101|00
{@A-JUM|0|+2.532084E+00{@LIM2|+1.500000E+01|+0.000000E+00}}
}
{@BLOCK|pr2313|00
{@A-JUM|0|+6.532053E+03{@LIM2|+9.999999E+99|+1.500000E+01}}
}
{@BLOCK|pr1319|00
{@A-JUM|0|-6.088713E+07{@LIM2|+9.999999E+99|+1.000000E+04}}
}
{@BLOCK|pr1505|00
{@A-JUM|0|+9.635048E+05{@LIM2|+9.999999E+99|+9.230000E+03}}
}
{@BLOCK|pr1514|00
{@A-JUM|0|+2.092157E+07{@LIM2|+9.999999E+99|+1.000000E+04}}
}
{@BLOCK|pr1517|00
{@A-JUM|0|+5.108177E+04{@LIM2|+9.999999E+99|+7.770000E+03}}
}
{@BLOCK|pr2201|00
{@A-JUM|0|+1.945686E+03{@LIM2|+9.999999E+99|+1.500000E+01}}
}
{@BLOCK|r05219|00
{@A-JUM|0|+6.353552E+04{@LIM2|+9.999999E+99|+9.040000E+03}}
}
{@BLOCK|r08004|00
{@A-JUM|0|+4.926126E+06{@LIM2|+9.999999E+99|+1.000000E+04}}
}
{@BLOCK|r25005|00
{@A-JUM|0|-2.713846E+09{@LIM2|+9.999999E+99|+9.140000E+03}}
}
{@BLOCK|r25009|00
{@A-JUM|0|+9.982581E+03{@LIM2|+9.999999E+99|+5.160000E+03}}
}
{@BLOCK|r26001|00
{@A-JUM|0|-1.748171E+08{@LIM2|+9.999999E+99|+9.140000E+03}}
}
{@BLOCK|r27003|00
{@A-JUM|0|-2.713846E+09{@LIM2|+9.999999E+99|+1.000000E+04}}
}
{@BLOCK|r29007|00
{@A-JUM|0|+2.101147E+04{@LIM2|+9.999999E+99|+8.680000E+03}}
}
{@BLOCK|r29008|00
{@A-JUM|0|+2.113984E+04{@LIM2|+9.999999E+99|+8.680000E+03}}
}
{@BLOCK|r29015|00
{@A-JUM|0|+2.695854E+07{@LIM2|+9.999999E+99|+1.000000E+04}}
}
{@BLOCK|r29016|00
{@A-JUM|0|+3.150378E+07{@LIM2|+9.999999E+99|+1.000000E+04}}
}
{@BLOCK|r29017|00
{@A-JUM|0|-2.249382E+06{@LIM2|+9.999999E+99|+1.000000E+04}}
}
{@BLOCK|r09012|00
{@A-JUM|0|+2.358233E+07{@LIM2|+9.999999E+99|+1.000000E+04}}
}
{@BLOCK|r20022|00
{@A-JUM|0|+1.565396E+07{@LIM2|+9.999999E+99|+1.000000E+04}}
}
{@BLOCK|r42103|00
{@A-JUM|0|+2.074710E+08{@LIM2|+9.999999E+99|+1.000000E+04}}
}
{@BLOCK|r42104|00
{@A-JUM|0|+3.157946E+07{@LIM2|+9.999999E+99|+1.000000E+04}}
}
{@BLOCK|r44105|00
{@A-JUM|0|-1.310648E+06{@LIM2|+9.999999E+99|+1.000000E+04}}
}
{@BLOCK|r44107|00
{@A-JUM|0|+6.926485E+04{@LIM2|+9.999999E+99|+9.090000E+03}}
}
{@BLOCK|r59010|00
{@A-JUM|0|+9.814321E+07{@LIM2|+9.999999E+99|+1.000000E+04}}
}
{@BLOCK|r59011|00
{@A-JUM|0|+6.427383E+07{@LIM2|+9.999999E+99|+1.000000E+04}}
}
{@BLOCK|r51101|00
{@A-JUM|0|+3.909718E+05{@LIM2|+9.999999E+99|+1.160000E+02}}
}
{@BLOCK|r51218|00
{@A-JUM|0|+9.675778E+07{@LIM2|+9.999999E+99|+9.350000E+03}}
}
{@BLOCK|r54223|00
{@A-JUM|0|+5.349197E+06{@LIM2|+9.999999E+99|+9.150000E+03}}
}
{@BLOCK|r55003|00
{@A-JUM|0|+1.444988E+07{@LIM2|+9.999999E+99|+1.000000E+04}}
}
{@BLOCK|r56218|00
{@A-JUM|0|+5.200324E+06{@LIM2|+9.999999E+99|+9.150000E+03}}
}
{@BLOCK|r59001|00
{@A-JUM|0|+4.597794E+03{@LIM2|+9.999999E+99|+1.500000E+01}}
}
{@BLOCK|r63107|00
{@A-JUM|0|-7.167696E+06{@LIM2|+9.999999E+99|+1.000000E+04}}
}
{@BLOCK|r63108|00
{@A-JUM|0|+9.675778E+07{@LIM2|+9.999999E+99|+9.130000E+03}}
}
{@BLOCK|r64107|00
{@A-JUM|0|+1.908010E+06{@LIM2|+9.999999E+99|+1.000000E+04}}
}
{@BLOCK|r64108|00
{@A-JUM|0|+9.675778E+07{@LIM2|+9.999999E+99|+9.130000E+03}}
}
{@BLOCK|r73002|00
{@A-JUM|0|+2.800576E+04{@LIM2|+9.999999E+99|+1.500000E+01}}
}
{@BLOCK|r73117|00
{@A-JUM|0|+3.789251E+07{@LIM2|+9.999999E+99|+1.000000E+04}}
}
{@BLOCK|r73120|00
{@A-JUM|0|+4.753156E+07{@LIM2|+9.999999E+99|+9.270000E+03}}
}
{@BLOCK|r74109|00
{@A-JUM|0|+2.006701E+08{@LIM2|+9.999999E+99|+1.000000E+04}}
}
{@BLOCK|r74115|00
{@A-JUM|0|+9.673601E+07{@LIM2|+9.999999E+99|+4.870000E+03}}
}
{@BLOCK|r74122|00
{@A-JUM|0|+9.960229E+03{@LIM2|+9.999999E+99|+5.840000E+03}}
}
{@BLOCK|r70119|00
{@A-JUM|0|+9.814321E+07{@LIM2|+9.999999E+99|+1.000000E+04}}
}
{@BLOCK|r70120|00
{@A-JUM|0|-4.223047E+06{@LIM2|+9.999999E+99|+1.000000E+04}}
}
{@BLOCK|r70121|00
{@A-JUM|0|+6.427383E+07{@LIM2|+9.999999E+99|+1.000000E+04}}
}
{@BLOCK|r70122|00
{@A-JUM|0|+2.358233E+07{@LIM2|+9.999999E+99|+1.600000E+02}}
}
{@BLOCK|r70123|00
{@A-JUM|0|+6.427383E+07{@LIM2|+9.999999E+99|+1.000000E+04}}
}
{@BLOCK|r70124|00
{@A-JUM|0|+2.700120E+07{@LIM2|+9.999999E+99|+1.000000E+04}}
}
{@BLOCK|r73121|00
{@A-JUM|0|+2.358233E+07{@LIM2|+9.999999E+99|+9.100000E+03}}
}
{@BLOCK|r76102|00
{@A-JUM|0|+9.814321E+07{@LIM2|+9.999999E+99|+1.000000E+04}}
}
{@BLOCK|s1501%jp|00
{@A-JUM|0|+4.559926E+00{@LIM2|+1.500000E+01|+0.000000E+00}}
}
{@BLOCK|h43_sp|00
{@A-JUM|0|+2.770162E+00{@LIM2|+4.920000E+02|+0.000000E+00}}
}
{@BLOCK|h44_sp|00
{@A-JUM|0|+3.017794E+00{@LIM2|+4.920000E+02|+0.000000E+00}}
}
{@BLOCK|jbatt1_sp|00
{@A-JUM|0|+2.837492E+00{@LIM2|+4.920000E+02|+0.000000E+00}}
}
{@BLOCK|jhdmi1_sp|00
{@A-JUM|0|+2.661953E+00{@LIM2|+4.920000E+02|+0.000000E+00}}
}
{@BLOCK|jrtc1_sp|00
{@A-JUM|0|+2.723813E+00{@LIM2|+4.920000E+02|+0.000000E+00}}
}
{@BLOCK|jusb1_sp|00
{@A-JUM|0|+2.746020E+00{@LIM2|+4.920000E+02|+0.000000E+00}}
}
{@BLOCK|jusbc1_sp|00
{@A-JUM|0|+2.704955E+00{@LIM2|+4.920000E+02|+0.000000E+00}}
}
{@BLOCK|r83107|00
{@A-JUM|0|+9.814321E+07{@LIM2|+9.999999E+99|+1.000000E+04}}
}
{@BLOCK|jusbc2_sp|00
{@A-JUM|0|+2.753503E+00{@LIM2|+4.920000E+02|+0.000000E+00}}
}
{@BLOCK|st5_sp|00
{@A-JUM|0|+2.725840E+00{@LIM2|+4.920000E+02|+0.000000E+00}}
}
{@BLOCK|st6_sp|00
{@A-JUM|0|+2.812167E+00{@LIM2|+4.920000E+02|+0.000000E+00}}
}
{@BLOCK|st7_sp|00
{@A-JUM|0|+2.777251E+00{@LIM2|+4.920000E+02|+0.000000E+00}}
}
{@BLOCK|st8_sp|00
{@A-JUM|0|+2.764674E+00{@LIM2|+4.920000E+02|+0.000000E+00}}
}
{@BLOCK|uwlan1_sp|00
{@A-JUM|0|+2.763110E+00{@LIM2|+4.920000E+02|+0.000000E+00}}
}
{@TS|0|000|000|000|shorts
}
{@BLOCK|c17037|00
{@A-CAP|0|+2.361646E-06{@LIM3|+2.100000E-06|+2.730000E-06|+1.470000E-06}}
}
{@BLOCK|c19001|00
{@A-CAP|0|+9.040804E-08{@LIM3|+1.000000E-07|+1.200000E-07|+8.000000E-08}}
}
{@BLOCK|c25011|00
{@A-CAP|0|+8.912473E-08{@LIM3|+1.000000E-07|+1.200000E-07|+8.000000E-08}}
}
{@BLOCK|c25001|00
{@A-CAP|0|+1.873556E-04{@LIM3|+2.162020E-04|+2.810626E-04|+1.513116E-04}}
}
{@BLOCK|pc0317|00
{@A-CAP|0|+1.610180E-04{@LIM3|+1.788090E-04|+2.324517E-04|+1.251416E-04}}
}
{@BLOCK|c29005|00
{@A-CAP|0|+9.367300E-08{@LIM3|+1.000000E-07|+1.200000E-07|+8.000000E-08}}
}
{@BLOCK|c43401|00
{@A-CAP|0|+7.791894E-08{@LIM3|+1.000000E-07|+1.300000E-07|+7.000000E-08}}
}
{@BLOCK|c43402|00
{@A-CAP|0|+8.112984E-08{@LIM3|+1.000000E-07|+1.300000E-07|+7.000000E-08}}
}
{@BLOCK|c43403|00
{@A-CAP|0|+8.068846E-08{@LIM3|+1.000000E-07|+1.300000E-07|+7.000000E-08}}
}
{@BLOCK|c43404|00
{@A-CAP|0|+8.797720E-08{@LIM3|+1.000000E-07|+1.300000E-07|+7.000000E-08}}
}
{@BLOCK|c43405|00
{@A-CAP|0|+7.250555E-08{@LIM3|+1.000000E-07|+1.300000E-07|+7.000000E-08}}
}
{@BLOCK|c43406|00
{@A-CAP|0|+1.189655E-07{@LIM3|+1.000000E-07|+1.300000E-07|+7.000000E-08}}
}
{@BLOCK|c44108|00
{@A-CAP|0|+1.432582E-06{@LIM3|+1.540000E-06|+2.002000E-06|+1.078000E-06}}
}
{@BLOCK|pc2425|00
{@A-CAP|0|+2.184469E-05{@LIM3|+2.310000E-05|+3.003000E-05|+1.616681E-05}}
}
{@BLOCK|c48101|00
{@A-CAP|0|+1.166201E-05{@LIM3|+1.162000E-05|+1.510600E-05|+8.134000E-06}}
}
{@BLOCK|c50401|00
{@A-CAP|0|+1.005048E-07{@LIM3|+1.000000E-07|+1.200000E-07|+8.000000E-08}}
}
{@BLOCK|c51101|00
{@A-CAP|0|+9.122319E-08{@LIM3|+1.000000E-07|+1.200000E-07|+8.000000E-08}}
}
{@BLOCK|c51402|00
{@A-CAP|0|+9.289943E-08{@LIM3|+1.000000E-07|+1.200000E-07|+8.000000E-08}}
}
{@BLOCK|c53104|00
{@A-CAP|0|+5.461441E-06{@LIM3|+6.440000E-06|+8.372000E-06|+4.508000E-06}}
}
{@BLOCK|c45102|00
{@A-CAP|0|+2.978875E-05{@LIM3|+3.520000E-05|+4.576000E-05|+2.464000E-05}}
}
{@BLOCK|c53125|00
{@A-CAP|0|+4.106642E-06{@LIM3|+4.800000E-06|+6.240000E-06|+3.360000E-06}}
}
{@BLOCK|c63101|00
{@A-CAP|0|+1.009237E-06{@LIM3|+1.140000E-06|+1.368000E-06|+9.120000E-07}}
}
{@BLOCK|pc0510|00
{@A-CAP|0|+1.600479E-04{@LIM3|+1.798020E-04|+2.337426E-04|+1.258366E-04}}
}
{@BLOCK|c63403|00
{@A-CAP|0|+1.871024E-07{@LIM3|+2.000000E-07|+2.400000E-07|+1.600000E-07}}
}
{@BLOCK|c64101|00
{@A-CAP|0|+9.821072E-07{@LIM3|+1.140000E-06|+1.368000E-06|+9.120000E-07}}
}
{@BLOCK|c67002|00
{@A-CAP|0|+8.479112E-08{@LIM3|+1.000000E-07|+1.200000E-07|+8.000000E-08}}
}
{@BLOCK|c67201|00
{@A-CAP|0|+1.401597E-04{@LIM3|+1.502000E-04|+1.952600E-04|+1.049984E-04}}
}
{@BLOCK|c18009|00
{@A-CAP|0|+1.444929E-04{@LIM3|+1.429020E-04|+1.857726E-04|+1.000117E-04}}
}
{@BLOCK|pc2410|00
{@A-CAP|0|+3.207841E-05{@LIM3|+3.231200E-05|+4.200560E-05|+2.261394E-05}}
}
{@BLOCK|c72101|00
{@A-CAP|0|+3.281755E-05{@LIM3|+3.132000E-05|+4.071600E-05|+2.192400E-05}}
}
{@BLOCK|c73003|00
{@A-CAP|0|+2.171135E-06{@LIM3|+2.200000E-06|+2.860000E-06|+1.540000E-06}}
}
{@BLOCK|c74401|00
{@A-CAP|0|+9.004952E-08{@LIM3|+1.000000E-07|+1.200000E-07|+8.000000E-08}}
}
{@BLOCK|c76103|00
{@A-CAP|0|+2.540677E-05{@LIM3|+2.340000E-05|+3.042000E-05|+1.637677E-05}}
}
{@BLOCK|c76106|00
{@A-CAP|0|+2.482124E-05{@LIM3|+2.210000E-05|+2.873000E-05|+1.546695E-05}}
}
{@BLOCK|c83413|00
{@A-CAP|0|+8.719973E-08{@LIM3|+1.000000E-07|+1.200000E-07|+8.000000E-08}}
}
{@BLOCK|c93101|00
{@A-CAP|0|+2.014472E-07{@LIM3|+2.000000E-07|+2.400000E-07|+1.600000E-07}}
}
{@BLOCK|c94001|00
{@A-CAP|0|+8.611686E-08{@LIM3|+1.000000E-07|+1.200000E-07|+8.000000E-08}}
}
{@BLOCK|c94003|00
{@A-CAP|0|+8.623949E-08{@LIM3|+1.000000E-07|+1.200000E-07|+8.000000E-08}}
}
{@BLOCK|c94004|00
{@A-CAP|0|+8.588277E-08{@LIM3|+1.000000E-07|+1.200000E-07|+8.000000E-08}}
}
{@BLOCK|c94005|00
{@A-CAP|0|+8.508139E-08{@LIM3|+1.000000E-07|+1.200000E-07|+8.000000E-08}}
}
{@BLOCK|c94006|00
{@A-CAP|0|+8.847091E-08{@LIM3|+1.000000E-07|+1.200000E-07|+8.000000E-08}}
}
{@BLOCK|c94007|00
{@A-CAP|0|+8.794518E-08{@LIM3|+1.000000E-07|+1.200000E-07|+8.000000E-08}}
}
{@BLOCK|c94008|00
{@A-CAP|0|+8.410418E-08{@LIM3|+1.000000E-07|+1.200000E-07|+8.000000E-08}}
}
{@BLOCK|c94009|00
{@A-CAP|0|+8.282016E-08{@LIM3|+1.000000E-07|+1.200000E-07|+8.000000E-08}}
}
{@BLOCK|c94101|00
{@A-CAP|0|+9.907840E-07{@LIM3|+1.210000E-06|+1.573000E-06|+8.470000E-07}}
}
{@BLOCK|pc0251|00
{@A-CAP|0|+2.516724E-04{@LIM3|+2.802390E-04|+3.643107E-04|+1.961286E-04}}
}
{@BLOCK|c94108|00
{@A-CAP|0|+1.014476E-06{@LIM3|+1.200000E-06|+1.560000E-06|+8.400000E-07}}
}
{@BLOCK|c94307|00
{@A-CAP|0|+9.019676E-10{@LIM3|+1.047000E-09|+1.232319E-09|+8.376000E-10}}
}
{@BLOCK|c95301|00
{@A-CAP|0|+8.870210E-08{@LIM3|+1.000000E-07|+1.200000E-07|+8.000000E-08}}
}
{@BLOCK|c95305|00
{@A-CAP|0|+9.589886E-08{@LIM3|+1.022000E-07|+1.226400E-07|+8.176000E-08}}
}
{@BLOCK|c59012|00
{@A-CAP|0|+8.937966E-06{@LIM3|+8.800000E-06|+1.056000E-05|+7.040000E-06}}
}
{@BLOCK|c59006|00
{@A-CAP|0|+8.875119E-06{@LIM3|+8.800000E-06|+1.056000E-05|+7.040000E-06}}
}
{@BLOCK|pc0221|00
{@A-CAP|0|+1.687532E-05{@LIM3|+1.880000E-05|+2.256000E-05|+1.504000E-05}}
}
{@BLOCK|c59013|00
{@A-CAP|0|+1.748992E-04{@LIM3|+1.961020E-04|+2.549326E-04|+1.372443E-04}}
}
{@BLOCK|c17017|00
{@A-CAP|0|+2.557825E-04{@LIM3|+2.529020E-04|+3.287726E-04|+1.769965E-04}}
}
{@BLOCK|c18002|00
{@A-CAP|0|+1.929461E-04{@LIM3|+1.681020E-04|+2.185326E-04|+1.176482E-04}}
}
{@BLOCK|c27001|00
{@A-CAP|0|+2.619436E-04{@LIM3|+2.901010E-04|+3.771313E-04|+2.030307E-04}}
}
{@BLOCK|c95303|00
{@A-CAP|0|+4.017322E-10{@LIM3|+3.900000E-10|+5.070000E-10|+2.730000E-10}}
}
{@BLOCK|c45301|00
{@A-CAP|0|+8.901488E-09{@LIM3|+1.000000E-08|+1.200000E-08|+8.000000E-09}}
}
{@BLOCK|pc0013|00
{@A-CAP|0|+9.328578E-09{@LIM3|+1.000000E-08|+1.200000E-08|+8.000000E-09}}
}
{@BLOCK|pc0019|00
{@A-CAP|0|+9.451776E-09{@LIM3|+1.000000E-08|+1.200000E-08|+8.000000E-09}}
}
{@BLOCK|pc0203|00
{@A-CAP|0|+6.160960E-05{@LIM3|+6.947700E-05|+9.032010E-05|+4.862431E-05}}
}
{@BLOCK|pc0802|00
{@A-CAP|0|+1.113890E-09{@LIM3|+1.100000E-09|+1.294700E-09|+8.800000E-10}}
}
{@BLOCK|pc1001|00
{@A-CAP|0|+1.282767E-03{@LIM3|+1.378000E-03|+1.929200E-03|+8.239406E-04}}
}
{@BLOCK|pc1101|00
{@A-CAP|0|+1.354393E-03{@LIM3|+1.270000E-03|+1.778000E-03|+7.593648E-04}}
}
{@BLOCK|pc1201|00
{@A-CAP|0|+6.090231E-04{@LIM3|+6.900000E-04|+9.660000E-04|+4.125682E-04}}
}
{@BLOCK|pc1601|00
{@A-CAP|0|+5.589387E-04{@LIM3|+6.475000E-04|+9.065000E-04|+3.871564E-04}}
}
{@BLOCK|pc1338|00
{@A-CAP|0|+7.725497E-04{@LIM3|+8.947000E-04|+1.252580E-03|+5.349635E-04}}
}
{@BLOCK|c29004|00
{@A-CAP|0|+8.193168E-06{@LIM3|+1.000000E-05|+1.350000E-05|+6.500000E-06}}
}
{@BLOCK|c55111|00
{@A-CAP|0|+1.120280E-05{@LIM3|+1.220000E-05|+1.586000E-05|+8.540000E-06}}
}
{@BLOCK|c57109|00
{@A-CAP|0|+1.084399E-05{@LIM3|+1.220000E-05|+1.586000E-05|+8.540000E-06}}
}
{@BLOCK|c59004|00
{@A-CAP|0|+1.201953E-05{@LIM3|+1.000000E-05|+1.300000E-05|+7.000000E-06}}
}
{@BLOCK|c44403|00
{@A-CAP|0|+8.494318E-07{@LIM3|+1.000000E-06|+1.300000E-06|+7.000000E-07}}
}
{@BLOCK|c50103|00
{@A-CAP|0|+8.375749E-07{@LIM3|+1.000000E-06|+1.300000E-06|+7.000000E-07}}
}
{@BLOCK|c50104|00
{@A-CAP|0|+8.158449E-07{@LIM3|+1.000000E-06|+1.300000E-06|+7.000000E-07}}
}
{@BLOCK|c54101|00
{@A-CAP|0|+7.908759E-06{@LIM3|+8.600000E-06|+1.118000E-05|+6.020000E-06}}
}
{@BLOCK|c63111|00
{@A-CAP|0|+8.359473E-07{@LIM3|+1.000000E-06|+1.300000E-06|+7.000000E-07}}
}
{@BLOCK|c63112|00
{@A-CAP|0|+8.541042E-07{@LIM3|+1.000000E-06|+1.300000E-06|+7.000000E-07}}
}
{@BLOCK|c64110|00
{@A-CAP|0|+9.472773E-07{@LIM3|+1.000000E-06|+1.300000E-06|+7.000000E-07}}
}
{@BLOCK|c64111|00
{@A-CAP|0|+9.154136E-07{@LIM3|+1.000000E-06|+1.300000E-06|+7.000000E-07}}
}
{@BLOCK|c73004|00
{@A-CAP|0|+8.964811E-07{@LIM3|+1.000000E-06|+1.300000E-06|+7.000000E-07}}
}
{@BLOCK|c94109|00
{@A-CAP|0|+8.422275E-07{@LIM3|+1.000000E-06|+1.300000E-06|+7.000000E-07}}
}
{@BLOCK|pc0810|00
{@A-CAP|0|+9.182607E-07{@LIM3|+1.000000E-06|+1.300000E-06|+7.000000E-07}}
}
{@BLOCK|pc0812|00
{@A-CAP|0|+7.515294E-07{@LIM3|+1.000000E-06|+1.300000E-06|+7.000000E-07}}
}
{@BLOCK|pc0813|00
{@A-CAP|0|+9.084254E-07{@LIM3|+1.000000E-06|+1.300000E-06|+7.000000E-07}}
}
{@BLOCK|pc0815|00
{@A-CAP|0|+9.183016E-07{@LIM3|+1.000000E-06|+1.300000E-06|+7.000000E-07}}
}
{@BLOCK|c55114|00
{@A-CAP|0|+9.452532E-05{@LIM3|+9.240000E-05|+1.201200E-04|+6.466725E-05}}
}
{@BLOCK|c55121|00
{@A-CAP|0|+1.266479E-04{@LIM3|+1.386000E-04|+1.801800E-04|+9.700087E-05}}
}
{@BLOCK|c57112|00
{@A-CAP|0|+9.355468E-05{@LIM3|+9.240000E-05|+1.201200E-04|+6.466725E-05}}
}
{@BLOCK|c57119|00
{@A-CAP|0|+1.354982E-04{@LIM3|+1.386000E-04|+1.801800E-04|+9.700087E-05}}
}
{@BLOCK|pc0307|00
{@A-CAP|0|+2.071593E-07{@LIM3|+2.200000E-07|+2.640000E-07|+1.760000E-07}}
}
{@BLOCK|pc1510|00
{@A-CAP|0|+2.062680E-07{@LIM3|+2.200000E-07|+2.640000E-07|+1.760000E-07}}
}
{@BLOCK|pc1709|00
{@A-CAP|0|+1.919977E-07{@LIM3|+2.200000E-07|+2.640000E-07|+1.760000E-07}}
}
{@BLOCK|pc0306|00
{@A-CAP|0|+2.152563E-06{@LIM3|+2.200000E-06|+2.860000E-06|+1.540000E-06}}
}
{@BLOCK|c45401|00
{@A-CAP|0|+2.458285E-10{@LIM3|+2.200000E-10|+2.970000E-10|+1.430000E-10}}
}
{@BLOCK|c45402|00
{@A-CAP|0|+2.580566E-10{@LIM3|+2.200000E-10|+2.970000E-10|+1.430000E-10}}
}
{@BLOCK|pc0412|00
{@A-CAP|0|+1.725713E-10{@LIM3|+2.200000E-10|+2.970000E-10|+1.430000E-10}}
}
{@BLOCK|pc0615|00
{@A-CAP|0|+2.387759E-10{@LIM3|+2.200000E-10|+2.970000E-10|+1.430000E-10}}
}
{@BLOCK|pc1511|00
{@A-CAP|0|+1.363722E-10{@LIM3|+1.600000E-10|+2.160000E-10|+1.040000E-10}}
}
{@BLOCK|c50101|00
{@A-CAP|0|+4.112941E-06{@LIM3|+4.700000E-06|+6.110000E-06|+3.290000E-06}}
}
{@BLOCK|pc0513|00
{@A-CAP|0|+4.185668E-06{@LIM3|+4.700000E-06|+6.110000E-06|+3.290000E-06}}
}
{@BLOCK|c51103|00
{@A-CAP|0|+1.979233E-06{@LIM3|+2.200000E-06|+2.640000E-06|+1.760000E-06}}
}
{@BLOCK|c55109|00
{@A-CAP|0|+2.128464E-06{@LIM3|+2.200000E-06|+2.640000E-06|+1.760000E-06}}
}
{@BLOCK|c57107|00
{@A-CAP|0|+2.131967E-06{@LIM3|+2.200000E-06|+2.640000E-06|+1.760000E-06}}
}
{@BLOCK|c83405|00
{@A-CAP|0|+2.009601E-06{@LIM3|+2.200000E-06|+2.640000E-06|+1.760000E-06}}
}
{@BLOCK|c83412|00
{@A-CAP|0|+8.154070E-07{@LIM3|+1.000000E-06|+1.300000E-06|+7.000000E-07}}
}
{@BLOCK|c83406|00
{@A-CAP|0|+2.281008E-06{@LIM3|+2.200000E-06|+2.640000E-06|+1.760000E-06}}
}
{@BLOCK|c83407|00
{@A-CAP|0|+2.195102E-06{@LIM3|+2.200000E-06|+2.640000E-06|+1.760000E-06}}
}
{@BLOCK|pc0230|00
{@A-CAP|0|+2.280567E-06{@LIM3|+2.200000E-06|+2.640000E-06|+1.760000E-06}}
}
{@BLOCK|pc0231|00
{@A-CAP|0|+2.055523E-06{@LIM3|+2.000000E-06|+2.400000E-06|+1.600000E-06}}
}
{@BLOCK|pc0803|00
{@A-CAP|0|+9.563997E-07{@LIM3|+1.000000E-06|+1.200000E-06|+8.000000E-07}}
}
{@BLOCK|c57205|00
{@A-CAP|0|+6.392199E-10{@LIM3|+6.200000E-10|+8.370000E-10|+4.030000E-10}}
}
{@BLOCK|c59007|00
{@A-CAP|0|+4.090641E-10{@LIM3|+4.000000E-10|+5.200000E-10|+2.800000E-10}}
}
{@BLOCK|c59008|00
{@A-CAP|0|+4.118489E-10{@LIM3|+4.000000E-10|+5.200000E-10|+2.800000E-10}}
}
{@BLOCK|c59017|00
{@A-CAP|0|+4.034265E-10{@LIM3|+4.000000E-10|+5.200000E-10|+2.800000E-10}}
}
{@BLOCK|c59018|00
{@A-CAP|0|+4.056340E-10{@LIM3|+4.000000E-10|+5.200000E-10|+2.800000E-10}}
}
{@BLOCK|pc0101|00
{@A-CAP|0|+2.095299E-09{@LIM3|+2.200000E-09|+2.640000E-09|+1.760000E-09}}
}
{@BLOCK|pc0102|00
{@A-CAP|0|+2.006169E-09{@LIM3|+2.200000E-09|+2.640000E-09|+1.760000E-09}}
}
{@BLOCK|pc2201|00
{@A-CAP|0|+2.265144E-09{@LIM3|+2.200000E-09|+2.640000E-09|+1.760000E-09}}
}
{@BLOCK|c83414|00
{@A-CAP|0|+1.060841E-09{@LIM3|+1.000000E-09|+1.177000E-09|+8.000000E-10}}
}
{@BLOCK|c83415|00
{@A-CAP|0|+1.042198E-09{@LIM3|+1.000000E-09|+1.177000E-09|+8.000000E-10}}
}
{@BLOCK|c83416|00
{@A-CAP|0|+1.053101E-09{@LIM3|+1.000000E-09|+1.177000E-09|+8.000000E-10}}
}
{@BLOCK|c83417|00
{@A-CAP|0|+1.051166E-09{@LIM3|+1.000000E-09|+1.177000E-09|+8.000000E-10}}
}
{@BLOCK|c94306|00
{@A-CAP|0|+1.046824E-09{@LIM3|+1.000000E-09|+1.177000E-09|+8.000000E-10}}
}
{@BLOCK|pc2203|00
{@A-CAP|0|+1.072499E-09{@LIM3|+1.000000E-09|+1.177000E-09|+8.000000E-10}}
}
{@BLOCK|pc2304|00
{@A-CAP|0|+1.051638E-09{@LIM3|+1.000000E-09|+1.177000E-09|+8.000000E-10}}
}
{@BLOCK|pc2307|00
{@A-CAP|0|+1.074292E-09{@LIM3|+1.000000E-09|+1.177000E-09|+8.000000E-10}}
}
{@BLOCK|pc2308|00
{@A-CAP|0|+1.048381E-09{@LIM3|+1.000000E-09|+1.177000E-09|+8.000000E-10}}
}
{@BLOCK|pc2424|00
{@A-CAP|0|+1.063390E-09{@LIM3|+1.000000E-09|+1.177000E-09|+8.000000E-10}}
}
{@BLOCK|pc0201|00
{@A-CAP|0|+4.281372E-08{@LIM3|+4.700000E-08|+5.640000E-08|+3.760000E-08}}
}
{@BLOCK|pc0223|00
{@A-CAP|0|+3.133174E-09{@LIM3|+3.300000E-09|+3.960000E-09|+2.640000E-09}}
}
{@BLOCK|pc1333|00
{@A-CAP|0|+3.216443E-09{@LIM3|+3.300000E-09|+3.960000E-09|+2.640000E-09}}
}
{@BLOCK|pr0003|00
{@A-RES|0|+1.009700E+05{@LIM3|+1.000000E+05|+1.150000E+05|+8.500000E+04}}
}
{@BLOCK|pr0214|00
{@A-RES|0|+7.896802E+04{@LIM3|+8.000000E+04|+9.200000E+04|+6.800000E+04}}
}
{@BLOCK|pr0606|00
{@A-RES|0|+9.954290E+04{@LIM3|+1.000000E+05|+1.150000E+05|+8.500000E+04}}
}
{@BLOCK|pr1311|00
{@A-RES|0|+9.844160E+04{@LIM3|+1.000000E+05|+1.150000E+05|+8.500000E+04}}
}
{@BLOCK|pr1313|00
{@A-RES|0|+9.053358E+04{@LIM3|+1.000000E+05|+1.150000E+05|+8.500000E+04}}
}
{@BLOCK|pr1402|00
{@A-RES|0|+1.003232E+05{@LIM3|+1.000000E+05|+1.150000E+05|+8.500000E+04}}
}
{@BLOCK|pr1719|00
{@A-RES|0|+9.733785E+04{@LIM3|+1.000000E+05|+1.150000E+05|+8.500000E+04}}
}
{@BLOCK|r05003|00
{@A-RES|0|+9.775152E+04{@LIM3|+1.000000E+05|+1.150000E+05|+8.500000E+04}}
}
{@BLOCK|r05005|00
{@A-RES|0|+1.008819E+05{@LIM3|+1.000000E+05|+1.150000E+05|+8.500000E+04}}
}
{@BLOCK|r05007|00
{@A-RES|0|+9.916573E+04{@LIM3|+1.000000E+05|+1.150000E+05|+8.500000E+04}}
}
{@BLOCK|r05211|00
{@A-RES|0|+1.000825E+05{@LIM3|+1.000000E+05|+1.150000E+05|+8.500000E+04}}
}
{@BLOCK|r05216|00
{@A-RES|0|+9.818918E+04{@LIM3|+1.000000E+05|+1.150000E+05|+8.500000E+04}}
}
{@BLOCK|r05217|00
{@A-RES|0|+9.809431E+04{@LIM3|+1.000000E+05|+1.150000E+05|+8.500000E+04}}
}
{@BLOCK|r15022|00
{@A-RES|0|+9.037280E+04{@LIM3|+1.000000E+05|+1.300000E+05|+7.000000E+04}}
}
{@BLOCK|r42206|00
{@A-RES|0|+9.981941E+04{@LIM3|+1.000000E+05|+1.150000E+05|+8.500000E+04}}
}
{@BLOCK|r42222|00
{@A-RES|0|+9.960657E+04{@LIM3|+1.000000E+05|+1.150000E+05|+8.500000E+04}}
}
{@BLOCK|r42224|00
{@A-RES|0|+9.027988E+04{@LIM3|+1.000000E+05|+1.150000E+05|+8.500000E+04}}
}
{@BLOCK|r42225|00
{@A-RES|0|+1.006800E+05{@LIM3|+1.000000E+05|+1.150000E+05|+8.500000E+04}}
}
{@BLOCK|r43210|00
{@A-RES|0|+1.002586E+05{@LIM3|+1.000000E+05|+1.150000E+05|+8.500000E+04}}
}
{@BLOCK|r43211|00
{@A-RES|0|+9.978743E+04{@LIM3|+1.000000E+05|+1.150000E+05|+8.500000E+04}}
}
{@BLOCK|r43219|00
{@A-RES|0|+1.000760E+05{@LIM3|+1.000000E+05|+1.150000E+05|+8.500000E+04}}
}
{@BLOCK|r44108|00
{@A-RES|0|+1.848389E+04{@LIM3|+1.800000E+04|+2.070000E+04|+1.530000E+04}}
}
{@BLOCK|pc0507|00
{@A-CAP|0|+4.624441E-10{@LIM3|+4.700000E-10|+5.675001E-10|+3.760000E-10}}
}
{@BLOCK|pc0202|00
{@A-CAP|0|+4.255183E-08{@LIM3|+4.700000E-08|+5.640000E-08|+3.760000E-08}}
}
{@BLOCK|pr1705|00
{@A-RES|0|+9.727024E+04{@LIM3|+1.000000E+05|+1.150000E+05|+8.500000E+04}}
}
{@BLOCK|r13002|00
{@A-RES|0|+1.006398E+05{@LIM3|+1.000000E+05|+1.150000E+05|+8.500000E+04}}
}
{@BLOCK|r15005|00
{@A-RES|0|+9.998364E+04{@LIM3|+1.000000E+05|+1.150000E+05|+8.500000E+04}}
}
{@BLOCK|r43212|00
{@A-RES|0|+1.003497E+05{@LIM3|+1.000000E+05|+1.150000E+05|+8.500000E+04}}
}
{@BLOCK|r44203|00
{@A-RES|0|+1.006858E+05{@LIM3|+1.000000E+05|+1.150000E+05|+8.500000E+04}}
}
{@BLOCK|r44204|00
{@A-RES|0|+1.006423E+05{@LIM3|+1.000000E+05|+1.150000E+05|+8.500000E+04}}
}
{@BLOCK|r44208|00
{@A-RES|0|+3.098344E+04{@LIM3|+3.600000E+04|+4.680000E+04|+2.520000E+04}}
}
{@BLOCK|r44217|00
{@A-RES|0|+9.967054E+04{@LIM3|+1.000000E+05|+1.150000E+05|+8.500000E+04}}
}
{@BLOCK|r43207|00
{@A-RES|0|+9.519296E+03{@LIM3|+9.091000E+03|+1.000010E+04|+8.181900E+03}}
}
{@BLOCK|r44226|00
{@A-RES|0|+9.918360E+04{@LIM3|+1.000000E+05|+1.150000E+05|+8.500000E+04}}
}
{@BLOCK|r44230|00
{@A-RES|0|+1.011925E+05{@LIM3|+1.000000E+05|+1.150000E+05|+8.500000E+04}}
}
{@BLOCK|r44231|00
{@A-RES|0|+1.009410E+05{@LIM3|+1.000000E+05|+1.150000E+05|+8.500000E+04}}
}
{@BLOCK|r44233|00
{@A-RES|0|+4.968775E+04{@LIM3|+5.000000E+04|+5.750000E+04|+4.250000E+04}}
}
{@BLOCK|r44234|00
{@A-RES|0|+9.960238E+04{@LIM3|+1.000000E+05|+1.150000E+05|+8.500000E+04}}
}
{@BLOCK|r44235|00
{@A-RES|0|+1.011268E+05{@LIM3|+1.000000E+05|+1.150000E+05|+8.500000E+04}}
}
{@BLOCK|r44239|00
{@A-RES|0|+6.315760E+04{@LIM3|+6.400000E+04|+7.360000E+04|+5.440000E+04}}
}
{@BLOCK|r44254|00
{@A-RES|0|+9.964907E+04{@LIM3|+1.000000E+05|+1.150000E+05|+8.500000E+04}}
}
{@BLOCK|r44256|00
{@A-RES|0|+7.730844E+04{@LIM3|+8.000000E+04|+9.200000E+04|+6.800000E+04}}
}
{@BLOCK|r44267|00
{@A-RES|0|+1.001189E+05{@LIM3|+1.000000E+05|+1.150000E+05|+8.500000E+04}}
}
{@BLOCK|r45231|00
{@A-RES|0|+1.001082E+05{@LIM3|+1.000000E+05|+1.150000E+05|+8.500000E+04}}
}
{@BLOCK|r45232|00
{@A-RES|0|+9.943695E+04{@LIM3|+1.000000E+05|+1.150000E+05|+8.500000E+04}}
}
{@BLOCK|r45233|00
{@A-RES|0|+9.952169E+04{@LIM3|+1.000000E+05|+1.150000E+05|+8.500000E+04}}
}
{@BLOCK|r46205|00
{@A-RES|0|+1.006257E+05{@LIM3|+1.000000E+05|+1.150000E+05|+8.500000E+04}}
}
{@BLOCK|r46209|00
{@A-RES|0|+9.062134E+04{@LIM3|+1.000000E+05|+1.150000E+05|+8.500000E+04}}
}
{@BLOCK|r46210|00
{@A-RES|0|+9.452731E+04{@LIM3|+1.000000E+05|+1.150000E+05|+8.500000E+04}}
}
{@BLOCK|r46211|00
{@A-RES|0|+9.508443E+04{@LIM3|+1.000000E+05|+1.150000E+05|+8.500000E+04}}
}
{@BLOCK|r50210|00
{@A-RES|0|+9.875376E+04{@LIM3|+1.000000E+05|+1.150000E+05|+8.500000E+04}}
}
{@BLOCK|r51209|00
{@A-RES|0|+9.962782E+04{@LIM3|+1.000000E+05|+1.150000E+05|+8.500000E+04}}
}
{@BLOCK|r05008|00
{@A-RES|0|+9.981941E+04{@LIM3|+1.000000E+05|+1.110000E+05|+8.900000E+04}}
}
{@BLOCK|r54224|00
{@A-RES|0|+9.938406E+04{@LIM3|+1.000000E+05|+1.150000E+05|+8.500000E+04}}
}
{@BLOCK|r56219|00
{@A-RES|0|+9.894201E+04{@LIM3|+1.000000E+05|+1.150000E+05|+8.500000E+04}}
}
{@BLOCK|r59019|00
{@A-RES|0|+9.958274E+04{@LIM3|+1.000000E+05|+1.150000E+05|+8.500000E+04}}
}
{@BLOCK|r59021|00
{@A-RES|0|+9.965970E+04{@LIM3|+1.000000E+05|+1.150000E+05|+8.500000E+04}}
}
{@BLOCK|r59022|00
{@A-RES|0|+9.958534E+04{@LIM3|+1.000000E+05|+1.150000E+05|+8.500000E+04}}
}
{@BLOCK|r59023|00
{@A-RES|0|+1.000118E+05{@LIM3|+1.000000E+05|+1.150000E+05|+8.500000E+04}}
}
{@BLOCK|r59024|00
{@A-RES|0|+9.999034E+04{@LIM3|+1.000000E+05|+1.150000E+05|+8.500000E+04}}
}
{@BLOCK|r59025|00
{@A-RES|0|+9.990481E+04{@LIM3|+1.000000E+05|+1.150000E+05|+8.500000E+04}}
}
{@BLOCK|r59026|00
{@A-RES|0|+1.005499E+05{@LIM3|+1.000000E+05|+1.150000E+05|+8.500000E+04}}
}
{@BLOCK|r59029|00
{@A-RES|0|+1.018322E+05{@LIM3|+1.000000E+05|+1.150000E+05|+8.500000E+04}}
}
{@BLOCK|r59030|00
{@A-RES|0|+9.940521E+04{@LIM3|+1.000000E+05|+1.150000E+05|+8.500000E+04}}
}
{@BLOCK|r59031|00
{@A-RES|0|+9.974482E+04{@LIM3|+1.000000E+05|+1.150000E+05|+8.500000E+04}}
}
{@BLOCK|r63221|00
{@A-RES|0|+1.000561E+05{@LIM3|+1.000000E+05|+1.150000E+05|+8.500000E+04}}
}
{@BLOCK|r63224|00
{@A-RES|0|+9.902319E+04{@LIM3|+1.000000E+05|+1.150000E+05|+8.500000E+04}}
}
{@BLOCK|r64220|00
{@A-RES|0|+9.799238E+04{@LIM3|+1.000000E+05|+1.150000E+05|+8.500000E+04}}
}
{@BLOCK|r64221|00
{@A-RES|0|+9.861725E+04{@LIM3|+1.000000E+05|+1.150000E+05|+8.500000E+04}}
}
{@BLOCK|r73201|00
{@A-RES|0|+9.915202E+04{@LIM3|+1.000000E+05|+1.150000E+05|+8.500000E+04}}
}
{@BLOCK|r73203|00
{@A-RES|0|+1.003987E+05{@LIM3|+1.000000E+05|+1.150000E+05|+8.500000E+04}}
}
{@BLOCK|r73208|00
{@A-RES|0|+9.675939E+04{@LIM3|+1.000000E+05|+1.150000E+05|+8.500000E+04}}
}
{@BLOCK|r73209|00
{@A-RES|0|+9.704079E+04{@LIM3|+1.000000E+05|+1.150000E+05|+8.500000E+04}}
}
{@BLOCK|r73210|00
{@A-RES|0|+6.432757E+04{@LIM3|+6.400000E+04|+7.360000E+04|+5.440000E+04}}
}
{@BLOCK|r76217|00
{@A-RES|0|+9.986209E+04{@LIM3|+1.000000E+05|+1.150000E+05|+8.500000E+04}}
}
{@BLOCK|r85205|00
{@A-RES|0|+9.992618E+04{@LIM3|+1.000000E+05|+1.150000E+05|+8.500000E+04}}
}
{@BLOCK|r94215|00
{@A-RES|0|+9.847273E+04{@LIM3|+1.000000E+05|+1.150000E+05|+8.500000E+04}}
}
{@BLOCK|r95202|00
{@A-RES|0|+7.675954E+04{@LIM3|+7.500000E+04|+8.625000E+04|+6.375000E+04}}
}
{@BLOCK|r44238|00
{@A-RES|0|+9.906953E+04{@LIM3|+1.000000E+05|+1.150000E+05|+8.500000E+04}}
}
{@BLOCK|r46201|00
{@A-RES|0|+1.001018E+05{@LIM3|+1.000000E+05|+1.150000E+05|+8.500000E+04}}
}
{@BLOCK|r50204|00
{@A-RES|0|+1.083841E+05{@LIM3|+1.000000E+05|+1.150000E+05|+8.500000E+04}}
}
{@BLOCK|r50211|00
{@A-RES|0|+1.004362E+05{@LIM3|+1.000000E+05|+1.150000E+05|+8.500000E+04}}
}
{@BLOCK|pr0305|00
{@A-RES|0|+5.039407E+04{@LIM3|+5.000000E+04|+5.550000E+04|+4.450000E+04}}
}
{@BLOCK|r73206|00
{@A-RES|0|+9.710807E+04{@LIM3|+1.000000E+05|+1.150000E+05|+8.500000E+04}}
}
{@BLOCK|r74209|00
{@A-RES|0|+2.168245E+03{@LIM3|+2.153000E+03|+2.368300E+03|+1.937700E+03}}
}
{@BLOCK|r05218|00
{@A-RES|0|+9.904654E+03{@LIM3|+1.000000E+04|+1.100000E+04|+9.000000E+03}}
}
{@BLOCK|pr0006|00
{@A-RES|0|+3.291623E+04{@LIM3|+3.300000E+04|+3.630000E+04|+2.970000E+04}}
}
{@BLOCK|r50206|00
{@A-RES|0|+3.293807E+04{@LIM3|+3.300000E+04|+3.630000E+04|+2.970000E+04}}
}
{@BLOCK|pr0856|00
{@A-RES|0|+9.934853E+03{@LIM3|+1.000000E+04|+1.100000E+04|+9.000000E+03}}
}
{@BLOCK|r10008|00
{@A-RES|0|+9.695131E+03{@LIM3|+1.000000E+04|+1.100000E+04|+9.000000E+03}}
}
{@BLOCK|r14203|00
{@A-RES|0|+9.857304E+03{@LIM3|+1.000000E+04|+1.100000E+04|+9.000000E+03}}
}
{@BLOCK|r15013|00
{@A-RES|0|+9.418126E+03{@LIM3|+1.000000E+04|+1.150000E+04|+8.500000E+03}}
}
{@BLOCK|r15014|00
{@A-RES|0|+9.860307E+03{@LIM3|+1.000000E+04|+1.150000E+04|+8.500000E+03}}
}
{@BLOCK|r19001|00
{@A-RES|0|+9.800355E+03{@LIM3|+1.000000E+04|+1.100000E+04|+9.000000E+03}}
}
{@BLOCK|r09006|00
{@A-RES|0|+9.508708E+03{@LIM3|+1.000000E+04|+1.100000E+04|+9.000000E+03}}
}
{@BLOCK|r12001|00
{@A-RES|0|+9.847050E+03{@LIM3|+1.000000E+04|+1.100000E+04|+9.000000E+03}}
}
{@BLOCK|r14202|00
{@A-RES|0|+9.876668E+03{@LIM3|+1.000000E+04|+1.100000E+04|+9.000000E+03}}
}
{@BLOCK|r15006|00
{@A-RES|0|+1.004949E+04{@LIM3|+1.000000E+04|+1.100000E+04|+9.000000E+03}}
}
{@BLOCK|r15007|00
{@A-RES|0|+1.008780E+04{@LIM3|+1.000000E+04|+1.100000E+04|+9.000000E+03}}
}
{@BLOCK|r15010|00
{@A-RES|0|+9.965068E+03{@LIM3|+1.000000E+04|+1.100000E+04|+9.000000E+03}}
}
{@BLOCK|r15023|00
{@A-RES|0|+9.997698E+03{@LIM3|+1.000000E+04|+1.100000E+04|+9.000000E+03}}
}
{@BLOCK|r43213|00
{@A-RES|0|+9.922067E+03{@LIM3|+1.000000E+04|+1.100000E+04|+9.000000E+03}}
}
{@BLOCK|r29001|00
{@A-RES|0|+9.895894E+03{@LIM3|+1.000000E+04|+1.100000E+04|+9.000000E+03}}
}
{@BLOCK|r29002|00
{@A-RES|0|+9.906387E+03{@LIM3|+1.000000E+04|+1.100000E+04|+9.000000E+03}}
}
{@BLOCK|r29003|00
{@A-RES|0|+1.003460E+04{@LIM3|+1.000000E+04|+1.100000E+04|+9.000000E+03}}
}
{@BLOCK|r29004|00
{@A-RES|0|+1.002061E+04{@LIM3|+1.000000E+04|+1.100000E+04|+9.000000E+03}}
}
{@BLOCK|r42211|00
{@A-RES|0|+9.983132E+03{@LIM3|+1.000000E+04|+1.100000E+04|+9.000000E+03}}
}
{@BLOCK|r42212|00
{@A-RES|0|+9.930606E+03{@LIM3|+1.000000E+04|+1.100000E+04|+9.000000E+03}}
}
{@BLOCK|r43206|00
{@A-RES|0|+9.661045E+03{@LIM3|+1.000000E+04|+1.100000E+04|+9.000000E+03}}
}
{@BLOCK|r43218|00
{@A-RES|0|+9.935358E+03{@LIM3|+1.000000E+04|+1.100000E+04|+9.000000E+03}}
}
{@BLOCK|r44222|00
{@A-RES|0|+9.823578E+03{@LIM3|+1.000000E+04|+1.100000E+04|+9.000000E+03}}
}
{@BLOCK|r44236|00
{@A-RES|0|+9.845836E+03{@LIM3|+1.000000E+04|+1.100000E+04|+9.000000E+03}}
}
{@BLOCK|r44249|00
{@A-RES|0|+1.004215E+04{@LIM3|+1.000000E+04|+1.100000E+04|+9.000000E+03}}
}
{@BLOCK|r44250|00
{@A-RES|0|+9.454790E+03{@LIM3|+1.000000E+04|+1.150000E+04|+8.500000E+03}}
}
{@BLOCK|r44253|00
{@A-RES|0|+9.991139E+03{@LIM3|+1.000000E+04|+1.100000E+04|+9.000000E+03}}
}
{@BLOCK|r45202|00
{@A-RES|0|+9.970348E+03{@LIM3|+1.000000E+04|+1.100000E+04|+9.000000E+03}}
}
{@BLOCK|r45203|00
{@A-RES|0|+9.969284E+03{@LIM3|+1.000000E+04|+1.100000E+04|+9.000000E+03}}
}
{@BLOCK|r45204|00
{@A-RES|0|+9.876541E+03{@LIM3|+1.000000E+04|+1.100000E+04|+9.000000E+03}}
}
{@BLOCK|r45205|00
{@A-RES|0|+1.004593E+04{@LIM3|+1.000000E+04|+1.100000E+04|+9.000000E+03}}
}
{@BLOCK|r45206|00
{@A-RES|0|+1.002437E+04{@LIM3|+1.000000E+04|+1.100000E+04|+9.000000E+03}}
}
{@BLOCK|r45207|00
{@A-RES|0|+9.990605E+03{@LIM3|+1.000000E+04|+1.100000E+04|+9.000000E+03}}
}
{@BLOCK|r45208|00
{@A-RES|0|+9.941173E+03{@LIM3|+1.000000E+04|+1.100000E+04|+9.000000E+03}}
}
{@BLOCK|r45209|00
{@A-RES|0|+1.000934E+04{@LIM3|+1.000000E+04|+1.100000E+04|+9.000000E+03}}
}
{@BLOCK|r46206|00
{@A-RES|0|+1.007355E+04{@LIM3|+1.000000E+04|+1.100000E+04|+9.000000E+03}}
}
{@BLOCK|r54205|00
{@A-RES|0|+1.005187E+04{@LIM3|+1.000000E+04|+1.100000E+04|+9.000000E+03}}
}
{@BLOCK|r54206|00
{@A-RES|0|+1.002168E+04{@LIM3|+1.000000E+04|+1.100000E+04|+9.000000E+03}}
}
{@BLOCK|r44221|00
{@A-RES|0|+9.938480E+03{@LIM3|+1.000000E+04|+1.100000E+04|+9.000000E+03}}
}
{@BLOCK|r44237|00
{@A-RES|0|+9.900968E+03{@LIM3|+1.000000E+04|+1.100000E+04|+9.000000E+03}}
}
{@BLOCK|r46204|00
{@A-RES|0|+9.730294E+03{@LIM3|+1.000000E+04|+1.100000E+04|+9.000000E+03}}
}
{@BLOCK|r46212|00
{@A-RES|0|+9.878387E+03{@LIM3|+1.000000E+04|+1.100000E+04|+9.000000E+03}}
}
{@BLOCK|r46214|00
{@A-RES|0|+9.886252E+03{@LIM3|+1.000000E+04|+1.100000E+04|+9.000000E+03}}
}
{@BLOCK|r53222|00
{@A-RES|0|+9.958141E+03{@LIM3|+1.000000E+04|+1.100000E+04|+9.000000E+03}}
}
{@BLOCK|r54215|00
{@A-RES|0|+1.007013E+04{@LIM3|+1.000000E+04|+1.100000E+04|+9.000000E+03}}
}
{@BLOCK|r56211|00
{@A-RES|0|+9.985370E+03{@LIM3|+1.000000E+04|+1.100000E+04|+9.000000E+03}}
}
{@BLOCK|r54207|00
{@A-RES|0|+9.997019E+03{@LIM3|+1.000000E+04|+1.100000E+04|+9.000000E+03}}
}
{@BLOCK|r54208|00
{@A-RES|0|+9.915324E+03{@LIM3|+1.000000E+04|+1.100000E+04|+9.000000E+03}}
}
{@BLOCK|r54221|00
{@A-RES|0|+1.000826E+04{@LIM3|+1.000000E+04|+1.100000E+04|+9.000000E+03}}
}
{@BLOCK|r56205|00
{@A-RES|0|+9.899564E+03{@LIM3|+1.000000E+04|+1.100000E+04|+9.000000E+03}}
}
{@BLOCK|r56206|00
{@A-RES|0|+9.842724E+03{@LIM3|+1.000000E+04|+1.100000E+04|+9.000000E+03}}
}
{@BLOCK|r56207|00
{@A-RES|0|+9.813259E+03{@LIM3|+1.000000E+04|+1.100000E+04|+9.000000E+03}}
}
{@BLOCK|r56208|00
{@A-RES|0|+9.865069E+03{@LIM3|+1.000000E+04|+1.100000E+04|+9.000000E+03}}
}
{@BLOCK|r59004|00
{@A-RES|0|+9.992742E+03{@LIM3|+1.000000E+04|+1.100000E+04|+9.000000E+03}}
}
{@BLOCK|r73204|00
{@A-RES|0|+9.918482E+03{@LIM3|+1.000000E+04|+1.100000E+04|+9.000000E+03}}
}
{@BLOCK|r74210|00
{@A-RES|0|+9.926913E+03{@LIM3|+1.000000E+04|+1.100000E+04|+9.000000E+03}}
}
{@BLOCK|r74211|00
{@A-RES|0|+9.928495E+03{@LIM3|+1.000000E+04|+1.100000E+04|+9.000000E+03}}
}
{@BLOCK|r74213|00
{@A-RES|0|+1.001577E+04{@LIM3|+1.000000E+04|+1.100000E+04|+9.000000E+03}}
}
{@BLOCK|r76209|00
{@A-RES|0|+1.010444E+04{@LIM3|+1.000000E+04|+1.100000E+04|+9.000000E+03}}
}
{@BLOCK|r76210|00
{@A-RES|0|+9.923143E+03{@LIM3|+1.000000E+04|+1.100000E+04|+9.000000E+03}}
}
{@BLOCK|r76213|00
{@A-RES|0|+9.883663E+03{@LIM3|+1.000000E+04|+1.100000E+04|+9.000000E+03}}
}
{@BLOCK|r76214|00
{@A-RES|0|+1.019947E+04{@LIM3|+1.000000E+04|+1.100000E+04|+9.000000E+03}}
}
{@BLOCK|r83203|00
{@A-RES|0|+9.847393E+03{@LIM3|+1.000000E+04|+1.100000E+04|+9.000000E+03}}
}
{@BLOCK|r83204|00
{@A-RES|0|+9.904644E+03{@LIM3|+1.000000E+04|+1.100000E+04|+9.000000E+03}}
}
{@BLOCK|r94206|00
{@A-RES|0|+9.834402E+03{@LIM3|+1.000000E+04|+1.100000E+04|+9.000000E+03}}
}
{@BLOCK|r98201|00
{@A-RES|0|+9.920588E+03{@LIM3|+1.000000E+04|+1.100000E+04|+9.000000E+03}}
}
{@BLOCK|r98205|00
{@A-RES|0|+9.953352E+03{@LIM3|+1.000000E+04|+1.100000E+04|+9.000000E+03}}
}
{@BLOCK|pr1720|00
{@A-RES|0|+9.969426E+05{@LIM3|+1.000000E+06|+1.250000E+06|+7.500000E+05}}
}
{@BLOCK|pr2014|00
{@A-RES|0|+7.795270E+05{@LIM3|+7.500000E+05|+9.375000E+05|+5.625000E+05}}
}
{@BLOCK|r15008|00
{@A-RES|0|+8.154790E+05{@LIM3|+7.500000E+05|+9.375000E+05|+5.625000E+05}}
}
{@BLOCK|r44224|00
{@A-RES|0|+9.882148E+05{@LIM3|+1.000000E+06|+1.250000E+06|+7.500000E+05}}
}
{@BLOCK|r51203|00
{@A-RES|0|+9.922682E+05{@LIM3|+1.000000E+06|+1.250000E+06|+7.500000E+05}}
}
{@BLOCK|r51206|00
{@A-RES|0|+1.001900E+06{@LIM3|+1.000000E+06|+1.350000E+06|+6.500000E+05}}
}
{@BLOCK|r51207|00
{@A-RES|0|+9.878454E+05{@LIM3|+1.000000E+06|+1.250000E+06|+7.500000E+05}}
}
{@BLOCK|r74216|00
{@A-RES|0|+9.636170E+05{@LIM3|+1.000000E+06|+1.250000E+06|+7.500000E+05}}
}
{@BLOCK|r74217|00
{@A-RES|0|+9.891104E+05{@LIM3|+1.000000E+06|+1.250000E+06|+7.500000E+05}}
}
{@BLOCK|r74218|00
{@A-RES|0|+1.014129E+06{@LIM3|+1.000000E+06|+1.250000E+06|+7.500000E+05}}
}
{@BLOCK|r05213|00
{@A-RES|0|+9.917290E+02{@LIM3|+1.000000E+03|+1.100000E+03|+9.000000E+02}}
}
{@BLOCK|r70206|00
{@A-RES|0|+9.945379E+03{@LIM3|+1.000000E+04|+1.100000E+04|+9.000000E+03}}
}
{@BLOCK|r70207|00
{@A-RES|0|+9.952820E+03{@LIM3|+1.000000E+04|+1.100000E+04|+9.000000E+03}}
}
{@BLOCK|r70208|00
{@A-RES|0|+9.874197E+03{@LIM3|+1.000000E+04|+1.100000E+04|+9.000000E+03}}
}
{@BLOCK|r08011|00
{@A-RES|0|+1.014989E+03{@LIM3|+1.000000E+03|+1.100000E+03|+9.000000E+02}}
}
{@BLOCK|r08012|00
{@A-RES|0|+1.005087E+03{@LIM3|+1.000000E+03|+1.100000E+03|+9.000000E+02}}
}
{@BLOCK|r09004|00
{@A-RES|0|+9.890662E+02{@LIM3|+1.000000E+03|+1.100000E+03|+9.000000E+02}}
}
{@BLOCK|r09005|00
{@A-RES|0|+9.827837E+02{@LIM3|+1.000000E+03|+1.100000E+03|+9.000000E+02}}
}
{@BLOCK|r09013|00
{@A-RES|0|+1.013390E+03{@LIM3|+1.000000E+03|+1.100000E+03|+9.000000E+02}}
}
{@BLOCK|r20001|00
{@A-RES|0|+9.915344E+02{@LIM3|+1.000000E+03|+1.100000E+03|+9.000000E+02}}
}
{@BLOCK|r20003|00
{@A-RES|0|+9.953462E+02{@LIM3|+1.000000E+03|+1.100000E+03|+9.000000E+02}}
}
{@BLOCK|r20004|00
{@A-RES|0|+1.003793E+03{@LIM3|+1.000000E+03|+1.100000E+03|+9.000000E+02}}
}
{@BLOCK|r42201|00
{@A-RES|0|+9.970455E+02{@LIM3|+1.000000E+03|+1.100000E+03|+9.000000E+02}}
}
{@BLOCK|r44209|00
{@A-RES|0|+1.021683E+03{@LIM3|+1.000000E+03|+1.100000E+03|+9.000000E+02}}
}
{@BLOCK|r50207|00
{@A-RES|0|+1.001773E+03{@LIM3|+1.000000E+03|+1.100000E+03|+9.000000E+02}}
}
{@BLOCK|r53107|00
{@A-RES|0|+1.008669E+03{@LIM3|+1.000000E+03|+1.100000E+03|+9.000000E+02}}
}
{@BLOCK|r76206|00
{@A-RES|0|+9.970987E+02{@LIM3|+1.000000E+03|+1.100000E+03|+9.000000E+02}}
}
{@BLOCK|pr0020|00
{@A-RES|0|+1.981926E+06{@LIM3|+2.000000E+06|+2.420000E+06|+1.580000E+06}}
}
{@BLOCK|pr0023|00
{@A-RES|0|+1.989589E+06{@LIM3|+2.000000E+06|+2.420000E+06|+1.580000E+06}}
}
{@BLOCK|r45201|00
{@A-RES|0|+1.988244E+04{@LIM3|+2.000000E+04|+2.200000E+04|+1.800000E+04}}
}
{@BLOCK|r50202|00
{@A-RES|0|+2.025049E+04{@LIM3|+2.000000E+04|+2.200000E+04|+1.800000E+04}}
}
{@BLOCK|r50203|00
{@A-RES|0|+1.983488E+04{@LIM3|+2.000000E+04|+2.200000E+04|+1.800000E+04}}
}
{@BLOCK|r74207|00
{@A-RES|0|+1.966078E+04{@LIM3|+2.000000E+04|+2.700000E+04|+1.400000E+04}}
}
{@BLOCK|pr0021|00
{@A-RES|0|+8.690593E+04{@LIM3|+1.000000E+05|+1.250000E+05|+7.500000E+04}}
}
{@BLOCK|pr0024|00
{@A-RES|0|+8.719593E+04{@LIM3|+1.000000E+05|+1.200000E+05|+8.000000E+04}}
}
{@BLOCK|pr2310|00
{@A-RES|0|+1.013339E+05{@LIM3|+1.000000E+05|+1.110000E+05|+8.900000E+04}}
}
{@BLOCK|r05006|00
{@A-RES|0|+9.958534E+04{@LIM3|+1.000000E+05|+1.110000E+05|+8.900000E+04}}
}
{@BLOCK|r74214|00
{@A-RES|0|+1.001189E+05{@LIM3|+1.000000E+05|+1.110000E+05|+8.900000E+04}}
}
{@BLOCK|pr0022|00
{@A-RES|0|+1.033616E+02{@LIM3|+1.000000E+02|+1.110000E+02|+9.400000E+01}}
}
{@BLOCK|pr0025|00
{@A-RES|0|+1.033047E+02{@LIM3|+1.000000E+02|+1.110000E+02|+9.400000E+01}}
}
{@BLOCK|r16007|00
{@A-RES|0|+1.031910E+02{@LIM3|+1.000000E+02|+1.110000E+02|+9.400000E+01}}
}
{@BLOCK|r06002|00
{@A-RES|0|+1.025760E+02{@LIM3|+1.000000E+02|+1.110000E+02|+9.400000E+01}}
}
{@BLOCK|r16001|00
{@A-JUM|0|+3.943920E+00{@LIM2|+1.500000E+01|+0.000000E+00}}
}
{@BLOCK|r16002|00
{@A-JUM|0|+3.975867E+00{@LIM2|+1.500000E+01|+0.000000E+00}}
}
{@BLOCK|r16003|00
{@A-JUM|0|+4.961030E+00{@LIM2|+1.500000E+01|+0.000000E+00}}
}
{@BLOCK|r16004|00
{@A-JUM|0|+4.052000E+00{@LIM2|+1.500000E+01|+0.000000E+00}}
}
{@BLOCK|r17001|00
{@A-JUM|0|+3.253896E+00{@LIM2|+1.500000E+01|+0.000000E+00}}
}
{@BLOCK|r17002|00
{@A-JUM|0|+3.598171E+00{@LIM2|+1.500000E+01|+0.000000E+00}}
}
{@BLOCK|r17003|00
{@A-JUM|0|+3.866727E+00{@LIM2|+1.500000E+01|+0.000000E+00}}
}
{@BLOCK|r17004|00
{@A-JUM|0|+3.870813E+00{@LIM2|+1.500000E+01|+0.000000E+00}}
}
{@BLOCK|pr0101|00
{@A-RES|0|+6.218876E+03{@LIM3|+6.190000E+03|+6.561400E+03|+5.818600E+03}}
}
{@BLOCK|r09014|00
{@A-RES|0|+1.003033E+03{@LIM3|+1.000000E+03|+1.100000E+03|+9.000000E+02}}
}
{@BLOCK|r15004|00
{@A-RES|0|+1.032239E+03{@LIM3|+1.000000E+03|+1.100000E+03|+9.000000E+02}}
}
{@BLOCK|pr1710|00
{@A-RES|0|+9.999437E+04{@LIM3|+1.000000E+05|+1.110000E+05|+8.900000E+04}}
}
{@BLOCK|pr0102|00
{@A-RES|0|+5.043775E+05{@LIM3|+5.100000E+05|+5.865000E+05|+4.335000E+05}}
}
{@BLOCK|pr0103|00
{@A-RES|0|+1.017231E+02{@LIM3|+1.000000E+02|+1.150000E+02|+9.000000E+01}}
}
{@BLOCK|pr0105|00
{@A-RES|0|+1.029498E+02{@LIM3|+1.000000E+02|+1.150000E+02|+9.000000E+01}}
}
{@BLOCK|pr0106|00
{@A-RES|0|+1.025320E+02{@LIM3|+1.000000E+02|+1.150000E+02|+9.000000E+01}}
}
{@BLOCK|r45226|00
{@A-RES|0|+1.024365E+02{@LIM3|+1.000000E+02|+1.150000E+02|+9.000000E+01}}
}
{@BLOCK|pr1403|00
{@A-JUM|0|+4.331817E+00{@LIM2|+1.500000E+01|+0.000000E+00}}
}
{@BLOCK|r45227|00
{@A-RES|0|+1.030946E+02{@LIM3|+1.000000E+02|+1.150000E+02|+9.000000E+01}}
}
{@BLOCK|r45228|00
{@A-RES|0|+1.031967E+02{@LIM3|+1.000000E+02|+1.150000E+02|+9.000000E+01}}
}
{@BLOCK|r45229|00
{@A-RES|0|+1.041478E+02{@LIM3|+1.000000E+02|+1.150000E+02|+9.000000E+01}}
}
{@BLOCK|r45230|00
{@A-RES|0|+1.040554E+02{@LIM3|+1.000000E+02|+1.150000E+02|+9.000000E+01}}
}
{@BLOCK|pr0104|00
{@A-RES|0|+1.479269E+05{@LIM3|+1.500000E+05|+1.725000E+05|+1.275000E+05}}
}
{@BLOCK|pr0807|00
{@A-RES|0|+1.002706E+04{@LIM3|+1.000000E+04|+1.060000E+04|+9.400000E+03}}
}
{@BLOCK|r25010|00
{@A-RES|0|+9.989537E+03{@LIM3|+1.000000E+04|+1.060000E+04|+9.400000E+03}}
}
{@BLOCK|r27004|00
{@A-RES|0|+1.000403E+04{@LIM3|+1.000000E+04|+1.060000E+04|+9.400000E+03}}
}
{@BLOCK|rt4301|00
{@A-RES|0|+1.043956E+04{@LIM3|+1.000000E+04|+1.350000E+04|+6.500000E+03}}
}
{@BLOCK|rt4302|00
{@A-RES|0|+1.042856E+04{@LIM3|+1.000000E+04|+1.350000E+04|+6.500000E+03}}
}
{@BLOCK|rt4303|00
{@A-RES|0|+1.031560E+04{@LIM3|+1.000000E+04|+1.350000E+04|+6.500000E+03}}
}
{@BLOCK|rt4304|00
{@A-RES|0|+1.045685E+04{@LIM3|+1.000000E+04|+1.350000E+04|+6.500000E+03}}
}
{@BLOCK|rt4305|00
{@A-RES|0|+1.053505E+04{@LIM3|+1.000000E+04|+1.350000E+04|+6.500000E+03}}
}
{@BLOCK|rt4306|00
{@A-RES|0|+1.036077E+04{@LIM3|+1.000000E+04|+1.350000E+04|+6.500000E+03}}
}
{@BLOCK|r44219|00
{@A-RES|0|+7.873928E+01{@LIM3|+7.500000E+01|+8.750002E+01|+6.750000E+01}}
}
{@BLOCK|pr0208|00
{@A-RES|0|+1.020060E+01{@LIM3|+1.000000E+01|+1.350000E+01|+6.500000E+00}}
}
{@BLOCK|pr0231|00
{@A-RES|0|+9.934725E+00{@LIM3|+1.000000E+01|+1.350000E+01|+6.500000E+00}}
}
{@BLOCK|r42210|00
{@A-RES|0|+1.103527E+01{@LIM3|+1.000000E+01|+1.350000E+01|+6.500000E+00}}
}
{@BLOCK|pr0213|00
{@A-RES|0|+1.351901E+05{@LIM3|+1.370000E+05|+1.520700E+05|+1.219300E+05}}
}
{@BLOCK|pr1503|00
{@A-RES|0|+9.143735E+04{@LIM3|+9.090000E+04|+9.635400E+04|+8.544600E+04}}
}
{@BLOCK|r44247|00
{@A-RES|0|+5.039234E+02{@LIM3|+4.990000E+02|+5.289400E+02|+4.690600E+02}}
}
{@BLOCK|r44248|00
{@A-RES|0|+5.043587E+02{@LIM3|+4.990000E+02|+5.289400E+02|+4.690600E+02}}
}
{@BLOCK|r76211|00
{@A-RES|0|+5.023068E+02{@LIM3|+4.990000E+02|+5.289400E+02|+4.690600E+02}}
}
{@BLOCK|r76212|00
{@A-RES|0|+5.015422E+02{@LIM3|+4.990000E+02|+5.489000E+02|+4.491000E+02}}
}
{@BLOCK|r63202|00
{@A-RES|0|+1.005622E+06{@LIM3|+1.000000E+06|+1.210000E+06|+7.900000E+05}}
}
{@BLOCK|r64202|00
{@A-RES|0|+9.913666E+05{@LIM3|+1.000000E+06|+1.210000E+06|+7.900000E+05}}
}
{@BLOCK|r85204|00
{@A-RES|0|+2.003678E+05{@LIM3|+2.000000E+05|+2.220000E+05|+1.780000E+05}}
}
{@BLOCK|pr0801|00
{@A-RES|0|+1.614299E+04{@LIM3|+1.620000E+04|+1.717200E+04|+1.522800E+04}}
}
{@BLOCK|pr0804|00
{@A-RES|0|+8.685906E+02{@LIM3|+8.660000E+02|+9.179600E+02|+8.140400E+02}}
}
{@BLOCK|pr0822|00
{@A-RES|0|+4.071550E+04{@LIM3|+4.990000E+04|+6.487000E+04|+3.493000E+04}}
}
{@BLOCK|pr0834|00
{@A-RES|0|+4.079880E+04{@LIM3|+4.990000E+04|+6.487000E+04|+3.493000E+04}}
}
{@BLOCK|pr0837|00
{@A-RES|0|+4.001880E+04{@LIM3|+4.990000E+04|+6.487000E+04|+3.493000E+04}}
}
{@BLOCK|pr0841|00
{@A-RES|0|+4.838511E+04{@LIM3|+4.990000E+04|+6.487000E+04|+3.493000E+04}}
}
{@BLOCK|r63203|00
{@A-RES|0|+5.002905E+04{@LIM3|+4.990000E+04|+5.289400E+04|+4.690600E+04}}
}
{@BLOCK|r64203|00
{@A-RES|0|+5.007732E+04{@LIM3|+4.990000E+04|+5.289400E+04|+4.690600E+04}}
}
{@BLOCK|pr0824|00
{@A-RES|0|+8.495883E+01{@LIM3|+8.200000E+01|+9.192003E+01|+7.708000E+01}}
}
{@BLOCK|pr0830|00
{@A-RES|0|+8.353995E+01{@LIM3|+8.100000E+01|+8.835998E+01|+7.614000E+01}}
}
{@BLOCK|r53215|00
{@A-RES|0|+6.184937E+04{@LIM3|+6.190000E+04|+6.561400E+04|+5.818600E+04}}
}
{@BLOCK|r50201|00
{@A-RES|0|+3.939301E+02{@LIM3|+3.920000E+02|+4.155200E+02|+3.684800E+02}}
}
{@BLOCK|r05004|00
{@A-RES|0|+2.039391E+02{@LIM3|+2.000000E+02|+2.170000E+02|+1.880000E+02}}
}
{@BLOCK|r05010|00
{@A-RES|0|+2.028155E+02{@LIM3|+2.000000E+02|+2.170000E+02|+1.880000E+02}}
}
{@BLOCK|r10002|00
{@A-RES|0|+2.025869E+02{@LIM3|+2.000000E+02|+2.170000E+02|+1.880000E+02}}
}
{@BLOCK|r11003|00
{@A-RES|0|+2.039578E+02{@LIM3|+2.000000E+02|+2.170000E+02|+1.880000E+02}}
}
{@BLOCK|r11004|00
{@A-RES|0|+2.046548E+02{@LIM3|+2.000000E+02|+2.170000E+02|+1.880000E+02}}
}
{@BLOCK|r11005|00
{@A-RES|0|+2.032568E+02{@LIM3|+2.000000E+02|+2.170000E+02|+1.880000E+02}}
}
{@BLOCK|r11006|00
{@A-RES|0|+2.040024E+02{@LIM3|+2.000000E+02|+2.170000E+02|+1.880000E+02}}
}
{@BLOCK|r12002|00
{@A-RES|0|+2.032479E+02{@LIM3|+2.000000E+02|+2.170000E+02|+1.880000E+02}}
}
{@BLOCK|r12003|00
{@A-RES|0|+2.033895E+02{@LIM3|+2.000000E+02|+2.170000E+02|+1.880000E+02}}
}
{@BLOCK|r12004|00
{@A-RES|0|+2.026044E+02{@LIM3|+2.000000E+02|+2.170000E+02|+1.880000E+02}}
}
{@BLOCK|r12005|00
{@A-RES|0|+2.024113E+02{@LIM3|+2.000000E+02|+2.170000E+02|+1.880000E+02}}
}
{@BLOCK|r13001|00
{@A-RES|0|+2.039133E+02{@LIM3|+2.000000E+02|+2.170000E+02|+1.880000E+02}}
}
{@BLOCK|r13005|00
{@A-RES|0|+2.031595E+02{@LIM3|+2.000000E+02|+2.170000E+02|+1.880000E+02}}
}
{@BLOCK|r05212|00
{@A-RES|0|+4.716118E+03{@LIM3|+4.700000E+03|+5.170000E+03|+4.230000E+03}}
}
{@BLOCK|r05214|00
{@A-RES|0|+4.731138E+03{@LIM3|+4.700000E+03|+5.170000E+03|+4.230000E+03}}
}
{@BLOCK|r42204|00
{@A-RES|0|+4.718736E+03{@LIM3|+4.700000E+03|+5.170000E+03|+4.230000E+03}}
}
{@BLOCK|pr0205|00
{@A-RES|0|+1.696458E+04{@LIM3|+1.690000E+04|+1.791400E+04|+1.588600E+04}}
}
{@BLOCK|pr0207|00
{@A-RES|0|+8.084722E+01{@LIM3|+7.500000E+01|+8.750002E+01|+6.750000E+01}}
}
{@BLOCK|pr0818|00
{@A-RES|0|+8.003394E+01{@LIM3|+7.500000E+01|+8.750002E+01|+6.750000E+01}}
}
{@BLOCK|pr0230|00
{@A-RES|0|+9.934327E+00{@LIM3|+1.000000E+01|+1.350000E+01|+6.500000E+00}}
}
{@BLOCK|r14004|00
{@A-RES|0|+2.015269E+05{@LIM3|+2.000000E+05|+2.220000E+05|+1.780000E+05}}
}
{@BLOCK|r08007|00
{@A-RES|0|+4.609154E+03{@LIM3|+4.700000E+03|+5.170000E+03|+4.230000E+03}}
}
{@BLOCK|r15003|00
{@A-RES|0|+4.670652E+03{@LIM3|+4.700000E+03|+5.170000E+03|+4.230000E+03}}
}
{@BLOCK|r50208|00
{@A-RES|0|+4.586673E+03{@LIM3|+4.700000E+03|+5.170000E+03|+4.230000E+03}}
}
{@BLOCK|r42205|00
{@A-RES|0|+4.713973E+03{@LIM3|+4.700000E+03|+5.170000E+03|+4.230000E+03}}
}
{@BLOCK|r45235|00
{@A-RES|0|+4.742452E+03{@LIM3|+4.700000E+03|+5.170000E+03|+4.230000E+03}}
}
{@BLOCK|r45236|00
{@A-RES|0|+4.758395E+03{@LIM3|+4.700000E+03|+5.170000E+03|+4.230000E+03}}
}
{@BLOCK|r53204|00
{@A-RES|0|+4.768354E+03{@LIM3|+4.700000E+03|+5.170000E+03|+4.230000E+03}}
}
{@BLOCK|r76215|00
{@A-RES|0|+4.766407E+03{@LIM3|+4.700000E+03|+5.170000E+03|+4.230000E+03}}
}
{@BLOCK|r08014|00
{@A-RES|0|+2.544966E+01{@LIM3|+2.200000E+01|+2.920001E+01|+1.980000E+01}}
}
{@BLOCK|r08015|00
{@A-RES|0|+2.563191E+01{@LIM3|+2.200000E+01|+2.920001E+01|+1.980000E+01}}
}
{@BLOCK|r08016|00
{@A-RES|0|+2.616689E+01{@LIM3|+2.200000E+01|+2.920001E+01|+1.980000E+01}}
}
{@BLOCK|r08017|00
{@A-RES|0|+2.525494E+01{@LIM3|+2.600000E+01|+3.450910E+01|+2.340000E+01}}
}
{@BLOCK|r74201|00
{@A-RES|0|+2.437283E+01{@LIM3|+2.200000E+01|+2.920001E+01|+1.980000E+01}}
}
{@BLOCK|r74202|00
{@A-RES|0|+2.449763E+01{@LIM3|+2.200000E+01|+2.920001E+01|+1.980000E+01}}
}
{@BLOCK|r74203|00
{@A-RES|0|+2.455793E+01{@LIM3|+2.200000E+01|+2.920001E+01|+1.980000E+01}}
}
{@BLOCK|r09002|00
{@A-RES|0|+2.205032E+03{@LIM3|+2.200000E+03|+2.420000E+03|+1.980000E+03}}
}
{@BLOCK|r42202|00
{@A-RES|0|+2.198122E+03{@LIM3|+2.200000E+03|+2.420000E+03|+1.980000E+03}}
}
{@BLOCK|r42203|00
{@A-RES|0|+2.195849E+03{@LIM3|+2.200000E+03|+2.420000E+03|+1.980000E+03}}
}
{@BLOCK|r43214|00
{@A-RES|0|+2.185165E+03{@LIM3|+2.200000E+03|+2.420000E+03|+1.980000E+03}}
}
{@BLOCK|r08009|00
{@A-RES|0|+3.402053E+02{@LIM3|+3.300000E+02|+3.630000E+02|+2.970000E+02}}
}
{@BLOCK|r08010|00
{@A-RES|0|+3.398551E+02{@LIM3|+3.300000E+02|+3.630000E+02|+2.970000E+02}}
}
{@BLOCK|r08013|00
{@A-RES|0|+2.479291E+01{@LIM3|+2.200000E+01|+2.920001E+01|+1.980000E+01}}
}
{@BLOCK|r15002|00
{@A-RES|0|+2.195156E+03{@LIM3|+2.200000E+03|+2.420000E+03|+1.980000E+03}}
}
{@BLOCK|r15009|00
{@A-RES|0|+2.198992E+03{@LIM3|+2.200000E+03|+2.420000E+03|+1.980000E+03}}
}
{@BLOCK|r15011|00
{@A-RES|0|+2.219644E+03{@LIM3|+2.200000E+03|+2.420000E+03|+1.980000E+03}}
}
{@BLOCK|r44210|00
{@A-RES|0|+2.221233E+03{@LIM3|+2.200000E+03|+2.420000E+03|+1.980000E+03}}
}
{@BLOCK|r44211|00
{@A-RES|0|+2.208274E+03{@LIM3|+2.200000E+03|+2.420000E+03|+1.980000E+03}}
}
{@BLOCK|r43215|00
{@A-RES|0|+2.198847E+03{@LIM3|+2.200000E+03|+2.420000E+03|+1.980000E+03}}
}
{@BLOCK|r43216|00
{@A-RES|0|+2.224292E+03{@LIM3|+2.200000E+03|+2.420000E+03|+1.980000E+03}}
}
{@BLOCK|r43217|00
{@A-RES|0|+2.216692E+03{@LIM3|+2.200000E+03|+2.420000E+03|+1.980000E+03}}
}
{@BLOCK|r54210|00
{@A-RES|0|+2.198847E+03{@LIM3|+2.200000E+03|+2.420000E+03|+1.980000E+03}}
}
{@BLOCK|r54211|00
{@A-RES|0|+2.209456E+03{@LIM3|+2.200000E+03|+2.420000E+03|+1.980000E+03}}
}
{@BLOCK|r59005|00
{@A-RES|0|+2.202683E+03{@LIM3|+2.200000E+03|+2.420000E+03|+1.980000E+03}}
}
{@BLOCK|r59006|00
{@A-RES|0|+2.177524E+03{@LIM3|+2.200000E+03|+2.420000E+03|+1.980000E+03}}
}
{@BLOCK|r10005|00
{@A-RES|0|+1.050767E+01{@LIM3|+1.000000E+01|+1.350000E+01|+6.500000E+00}}
}
{@BLOCK|r46202|00
{@A-RES|0|+2.196449E+03{@LIM3|+2.200000E+03|+2.420000E+03|+1.980000E+03}}
}
{@BLOCK|r46203|00
{@A-RES|0|+2.138958E+03{@LIM3|+2.200000E+03|+2.420000E+03|+1.980000E+03}}
}
{@BLOCK|r46207|00
{@A-RES|0|+2.196606E+03{@LIM3|+2.200000E+03|+2.420000E+03|+1.980000E+03}}
}
{@BLOCK|r46208|00
{@A-RES|0|+2.189478E+03{@LIM3|+2.200000E+03|+2.420000E+03|+1.980000E+03}}
}
{@BLOCK|r46215|00
{@A-RES|0|+2.154598E+03{@LIM3|+2.200000E+03|+2.420000E+03|+1.980000E+03}}
}
{@BLOCK|r46216|00
{@A-RES|0|+2.210858E+03{@LIM3|+2.200000E+03|+2.420000E+03|+1.980000E+03}}
}
{@BLOCK|r85202|00
{@A-RES|0|+2.172089E+03{@LIM3|+2.200000E+03|+2.420000E+03|+1.980000E+03}}
}
{@BLOCK|r13006|00
{@A-RES|0|+1.012943E+01{@LIM3|+1.000000E+01|+1.050000E+01|+9.500000E+00}}
}
{@BLOCK|r10006|00
{@A-RES|0|+1.010356E+01{@LIM3|+1.000000E+01|+1.350000E+01|+6.500000E+00}}
}
{@BLOCK|r10007|00
{@A-RES|0|+1.118318E+01{@LIM3|+1.000000E+01|+1.350000E+01|+6.500000E+00}}
}
{@BLOCK|r11001|00
{@A-RES|0|+5.077977E+01{@LIM3|+4.990000E+01|+5.789398E+01|+4.690600E+01}}
}
{@BLOCK|r13004|00
{@A-RES|0|+5.897449E+04{@LIM3|+7.500000E+04|+9.750000E+04|+5.250000E+04}}
}
{@BLOCK|r14001|00
{@A-RES|0|+1.832660E+02{@LIM3|+1.800000E+02|+1.958000E+02|+1.692000E+02}}
}
{@BLOCK|r20002|00
{@A-RES|0|+2.054378E+02{@LIM3|+2.000000E+02|+2.250000E+02|+1.800000E+02}}
}
{@BLOCK|r22201|00
{@A-RES|0|+2.394054E+03{@LIM3|+2.400000E+03|+2.544000E+03|+2.256000E+03}}
}
{@BLOCK|r22202|00
{@A-RES|0|+2.394545E+03{@LIM3|+2.400000E+03|+2.544000E+03|+2.256000E+03}}
}
{@BLOCK|r22203|00
{@A-RES|0|+2.401440E+03{@LIM3|+2.400000E+03|+2.544000E+03|+2.256000E+03}}
}
{@BLOCK|r22204|00
{@A-RES|0|+2.398973E+03{@LIM3|+2.400000E+03|+2.544000E+03|+2.256000E+03}}
}
{@BLOCK|r22205|00
{@A-RES|0|+1.207276E+03{@LIM3|+1.200000E+03|+1.320000E+03|+1.080000E+03}}
}
{@BLOCK|r22206|00
{@A-RES|0|+1.209903E+03{@LIM3|+1.200000E+03|+1.320000E+03|+1.080000E+03}}
}
{@BLOCK|r53203|00
{@A-RES|0|+4.702069E+03{@LIM3|+4.700000E+03|+4.982000E+03|+4.418000E+03}}
}
{@BLOCK|r29012|00
{@A-RES|0|+5.123503E+03{@LIM3|+5.100000E+03|+5.406000E+03|+4.794000E+03}}
}
{@BLOCK|r29019|00
{@A-RES|0|+2.017474E+05{@LIM3|+2.000000E+05|+2.300000E+05|+1.700000E+05}}
}
{@BLOCK|r51210|00
{@A-RES|0|+2.435408E+01{@LIM3|+2.500000E+01|+3.375000E+01|+2.250000E+01}}
}
{@BLOCK|r43220|00
{@A-RES|0|+3.381235E+03{@LIM3|+3.320000E+03|+3.519200E+03|+3.120800E+03}}
}
{@BLOCK|r43221|00
{@A-RES|0|+3.377821E+03{@LIM3|+3.320000E+03|+3.519200E+03|+3.120800E+03}}
}
{@BLOCK|r43222|00
{@A-RES|0|+3.343485E+03{@LIM3|+3.320000E+03|+3.519200E+03|+3.120800E+03}}
}
{@BLOCK|r43223|00
{@A-RES|0|+3.317483E+03{@LIM3|+3.320000E+03|+3.519200E+03|+3.120800E+03}}
}
{@BLOCK|r43224|00
{@A-RES|0|+3.348279E+03{@LIM3|+3.320000E+03|+3.519200E+03|+3.120800E+03}}
}
{@BLOCK|r43225|00
{@A-RES|0|+3.342289E+03{@LIM3|+3.320000E+03|+3.519200E+03|+3.120800E+03}}
}
{@BLOCK|r51208|00
{@A-RES|0|+2.222303E+05{@LIM3|+2.200000E+05|+2.530000E+05|+1.870000E+05}}
}
{@BLOCK|r53207|00
{@A-RES|0|+2.748349E+03{@LIM3|+2.700000E+03|+2.970000E+03|+2.430000E+03}}
}
{@BLOCK|r53208|00
{@A-RES|0|+2.734190E+03{@LIM3|+2.700000E+03|+2.970000E+03|+2.430000E+03}}
}
{@BLOCK|r53209|00
{@A-RES|0|+2.711716E+03{@LIM3|+2.700000E+03|+2.970000E+03|+2.430000E+03}}
}
{@BLOCK|r53210|00
{@A-RES|0|+2.701466E+03{@LIM3|+2.700000E+03|+2.970000E+03|+2.430000E+03}}
}
{@BLOCK|r54212|00
{@A-RES|0|+3.444075E+03{@LIM3|+3.300000E+03|+3.630000E+03|+2.970000E+03}}
}
{@BLOCK|r54213|00
{@A-RES|0|+3.315244E+03{@LIM3|+3.300000E+03|+3.630000E+03|+2.970000E+03}}
}
{@BLOCK|r59014|00
{@A-RES|0|+3.571749E+05{@LIM3|+3.480000E+05|+3.862800E+05|+3.097200E+05}}
}
{@BLOCK|r59016|00
{@A-RES|0|+1.815630E+04{@LIM3|+1.820000E+04|+1.929200E+04|+1.710800E+04}}
}
{@BLOCK|r63227|00
{@A-RES|0|+7.813098E+05{@LIM3|+7.500000E+05|+8.625000E+05|+6.375000E+05}}
}
{@BLOCK|r13007|00
{@A-RES|0|+1.024329E+01{@LIM3|+1.000000E+01|+1.050000E+01|+9.500000E+00}}
}
{@BLOCK|r16008|00
{@A-RES|0|+9.993769E+00{@LIM3|+1.000000E+01|+1.050000E+01|+9.500000E+00}}
}
{@BLOCK|r14006|00
{@A-RES|0|+1.024524E+07{@LIM3|+1.000000E+07|+1.250000E+07|+7.500000E+06}}
}
{@BLOCK|r14201|00
{@A-RES|0|+3.516728E+01{@LIM3|+3.300000E+01|+4.129999E+01|+2.970000E+01}}
}
{@BLOCK|r15017|00
{@A-RES|0|+3.651495E+01{@LIM3|+3.300000E+01|+4.129999E+01|+2.970000E+01}}
}
{@BLOCK|r15018|00
{@A-RES|0|+3.597253E+01{@LIM3|+3.300000E+01|+4.129999E+01|+2.970000E+01}}
}
{@BLOCK|r72203|00
{@A-RES|0|+3.626702E+01{@LIM3|+3.300000E+01|+4.129999E+01|+2.970000E+01}}
}
{@BLOCK|r83202|00
{@A-RES|0|+4.969937E+01{@LIM3|+4.700000E+01|+5.670000E+01|+4.230000E+01}}
}
{@BLOCK|r64227|00
{@A-RES|0|+7.465011E+05{@LIM3|+7.500000E+05|+8.625000E+05|+6.375000E+05}}
}
{@BLOCK|r67201|00
{@A-RES|0|+2.212713E+04{@LIM3|+2.210000E+04|+2.342600E+04|+2.077400E+04}}
}
{@BLOCK|r72204|00
{@A-RES|0|+3.299216E+01{@LIM3|+3.000000E+01|+3.800001E+01|+2.700000E+01}}
}
{@BLOCK|r72205|00
{@A-RES|0|+3.322831E+01{@LIM3|+3.000000E+01|+3.800001E+01|+2.700000E+01}}
}
{@BLOCK|r76207|00
{@A-RES|0|+3.014023E+03{@LIM3|+3.010000E+03|+3.190600E+03|+2.829400E+03}}
}
{@BLOCK|pq0002|00
{@A-NFE|0|+8.676616E+01{@LIM2|+2.000000E+02|+2.000000E+01}}
}
{@BLOCK|pq0102|00
{@A-NFE|0|+9.675686E+01{@LIM2|+2.000000E+02|+2.000000E+01}}
}
{@BLOCK|pq0201%qf1|00
{@A-NFE|0|+1.090207E+02{@LIM2|+2.000000E+02|+2.000000E+01}}
}
{@BLOCK|pq0201%qf2|00
{@A-NFE|0|+6.515085E+01{@LIM2|+2.000000E+02|+2.000000E+01}}
}
{@BLOCK|pq0202%qf1|00
{@A-NFE|0|+4.121616E+01{@LIM2|+2.000000E+02|+2.000000E+01}}
}
{@BLOCK|pq0204|00
{@A-NFE|0|+1.108191E+02{@LIM2|+2.000000E+02|+2.000000E+01}}
}
{@BLOCK|pq1702|00
{@A-NFE|0|+1.184868E+02{@LIM2|+2.000000E+02|+2.000000E+01}}
}
{@BLOCK|q05001|00
{@A-NFE|0|+1.220259E+02{@LIM2|+2.000000E+02|+2.000000E+01}}
}
{@BLOCK|q05002|00
{@A-NFE|0|+1.126468E+02{@LIM2|+2.000000E+02|+2.000000E+01}}
}
{@BLOCK|q05003%qf2|00
{@A-NFE|0|+8.942081E+01{@LIM2|+2.000000E+02|+2.000000E+01}}
}
{@BLOCK|q05004%qf1|00
{@A-NFE|0|+8.490193E+01{@LIM2|+2.000000E+02|+2.000000E+01}}
}
{@BLOCK|r98202|00
{@A-RES|0|+1.979821E+01{@LIM3|+1.800000E+01|+2.480000E+01|+1.620000E+01}}
}
{@BLOCK|r98203|00
{@A-RES|0|+1.999641E+01{@LIM3|+1.800000E+01|+2.480000E+01|+1.620000E+01}}
}
{@BLOCK|r98204|00
{@A-RES|0|+2.030391E+01{@LIM3|+1.800000E+01|+2.480000E+01|+1.620000E+01}}
}
{@BLOCK|q7601%qf1|00
{@A-NFE|0|+8.183285E+01{@LIM2|+2.000000E+02|+2.000000E+01}}
}
{@BLOCK|q7602%qf1|00
{@A-NFE|0|+8.978272E+01{@LIM2|+2.000000E+02|+2.000000E+01}}
}
{@BLOCK|q7602%qf2|00
{@A-NFE|0|+9.236363E+01{@LIM2|+2.000000E+02|+2.000000E+01}}
}
{@BLOCK|q14001|00
{@A-NFE|0|+8.510682E+01{@LIM2|+2.000000E+02|+2.000000E+01}}
}
{@BLOCK|q46001|00
{@A-NFE|0|+3.361012E+01{@LIM2|+2.000000E+02|+2.000000E+01}}
}
{@BLOCK|q7601%qf2|00
{@A-NFE|0|+8.601191E+01{@LIM2|+2.000000E+02|+2.000000E+01}}
}
{@BLOCK|q15001%qf1|00
{@A-NFE|0|+7.938885E+01{@LIM2|+2.000000E+02|+2.000000E+01}}
}
{@BLOCK|q15001%qf2|00
{@A-NFE|0|+8.481858E+01{@LIM2|+2.000000E+02|+2.000000E+01}}
}
{@BLOCK|q44001|00
{@A-NFE|0|+1.113404E+02{@LIM2|+2.000000E+02|+2.000000E+01}}
}
{@BLOCK|q51003|00
{@A-NFE|0|+1.068851E+02{@LIM2|+2.000000E+02|+2.000000E+01}}
}
{@BLOCK|q53001|00
{@A-NFE|0|+8.459198E+01{@LIM2|+2.000000E+02|+2.000000E+01}}
}
{@BLOCK|q53002|00
{@A-NFE|0|+8.466731E+01{@LIM2|+2.000000E+02|+2.000000E+01}}
}
{@BLOCK|q74001|00
{@A-NFE|0|+8.642016E+01{@LIM2|+2.000000E+02|+2.000000E+01}}
}
{@BLOCK|q76003|00
{@A-NFE|0|+1.062145E+02{@LIM2|+2.000000E+02|+2.000000E+01}}
}
{@BLOCK|pq0203%qf|00
{@A-PFE|0|+1.080573E+02{@LIM2|+2.000000E+02|+2.000000E+01}}
}
{@BLOCK|q51001|00
{@A-PFE|0|+6.781134E+01{@LIM2|+2.000000E+02|+2.000000E+01}}
}
{@BLOCK|d05001|00
{@A-DIO|0|+5.600603E-01{@LIM2|+8.000000E-01|+4.000000E-01}}
}
{@BLOCK|d05002|00
{@A-DIO|0|+5.648570E-01{@LIM2|+8.000000E-01|+4.000000E-01}}
}
{@BLOCK|d05004|00
{@A-DIO|0|+5.831874E-01{@LIM2|+8.000000E-01|+4.000000E-01}}
}
{@BLOCK|d09001|00
{@A-DIO|0|+5.452847E-01{@LIM2|+8.000000E-01|+4.000000E-01}}
}
{@BLOCK|d10001|00
{@A-DIO|0|+5.620732E-01{@LIM2|+8.000000E-01|+4.000000E-01}}
}
{@BLOCK|d10002|00
{@A-DIO|0|+5.990765E-01{@LIM2|+8.000000E-01|+4.000000E-01}}
}
{@BLOCK|d50001|00
{@A-DIO|0|+5.474689E-01{@LIM2|+8.000000E-01|+4.000000E-01}}
}
{@BLOCK|d50002|00
{@A-DIO|0|+5.317939E-01{@LIM2|+8.000000E-01|+4.000000E-01}}
}
{@BLOCK|d50003|00
{@A-DIO|0|+5.242134E-01{@LIM2|+8.000000E-01|+4.000000E-01}}
}
{@BLOCK|d50008|00
{@A-DIO|0|+5.072107E-01{@LIM2|+8.000000E-01|+4.000000E-01}}
}
{@BLOCK|d51001|00
{@A-DIO|0|+4.987940E-01{@LIM2|+8.000000E-01|+4.000000E-01}}
}
{@BLOCK|d51002|00
{@A-DIO|0|+5.054474E-01{@LIM2|+8.000000E-01|+4.000000E-01}}
}
{@BLOCK|d51003|00
{@A-DIO|0|+5.319224E-01{@LIM2|+8.000000E-01|+4.000000E-01}}
}
{@BLOCK|d51005|00
{@A-DIO|0|+5.465267E-01{@LIM2|+8.000000E-01|+4.000000E-01}}
}
{@BLOCK|d51006|00
{@A-DIO|0|+4.795867E-01{@LIM2|+8.000000E-01|+4.000000E-01}}
}
{@BLOCK|d51007|00
{@A-DIO|0|+5.377470E-01{@LIM2|+8.000000E-01|+4.000000E-01}}
}
{@BLOCK|d59001|00
{@A-DIO|0|+5.579353E-01{@LIM2|+8.000000E-01|+4.000000E-01}}
}
{@BLOCK|d59002|00
{@A-DIO|0|+5.603643E-01{@LIM2|+8.000000E-01|+4.000000E-01}}
}
{@BLOCK|d63004|00
{@A-DIO|0|+7.195086E-01{@LIM2|+8.000000E-01|+4.000000E-01}}
}
{@BLOCK|d63005|00
{@A-DIO|0|+6.003614E-01{@LIM2|+8.000000E-01|+4.000000E-01}}
}
{@BLOCK|d63006|00
{@A-DIO|0|+5.613023E-01{@LIM2|+8.000000E-01|+4.000000E-01}}
}
{@BLOCK|d63011|00
{@A-DIO|0|+5.604886E-01{@LIM2|+8.000000E-01|+4.000000E-01}}
}
{@BLOCK|d63012|00
{@A-DIO|0|+5.529081E-01{@LIM2|+8.000000E-01|+4.000000E-01}}
}
{@BLOCK|d63013|00
{@A-DIO|0|+7.193801E-01{@LIM2|+8.000000E-01|+4.000000E-01}}
}
{@BLOCK|d64004|00
{@A-DIO|0|+7.187805E-01{@LIM2|+8.000000E-01|+4.000000E-01}}
}
{@BLOCK|d64005|00
{@A-DIO|0|+5.928665E-01{@LIM2|+8.000000E-01|+4.000000E-01}}
}
{@BLOCK|d64006|00
{@A-DIO|0|+6.615196E-01{@LIM2|+8.000000E-01|+4.000000E-01}}
}
{@BLOCK|d64011|00
{@A-DIO|0|+6.614768E-01{@LIM2|+8.000000E-01|+4.000000E-01}}
}
{@BLOCK|d64012|00
{@A-DIO|0|+6.009181E-01{@LIM2|+8.000000E-01|+4.000000E-01}}
}
{@BLOCK|q46002|00
{@A-NFE|0|+1.081039E+02{@LIM2|+2.000000E+02|+2.000000E+01}}
}
{@BLOCK|q46003|00
{@A-NFE|0|+9.406987E+01{@LIM2|+2.000000E+02|+2.000000E+01}}
}
{@BLOCK|q70001|00
{@A-NFE|0|+9.660539E+01{@LIM2|+2.000000E+02|+2.000000E+01}}
}
{@BLOCK|q76004|00
{@A-NFE|0|+1.111167E+02{@LIM2|+2.000000E+02|+2.000000E+01}}
}
{@BLOCK|pq0101%qf|00
{@A-PFE|0|+8.975380E+01{@LIM2|+2.000000E+02|+2.000000E+01}}
}
{@BLOCK|d44001|00
{@A-DIO|0|+5.563615E-01{@LIM2|+8.000000E-01|+4.000000E-01}}
}
{@BLOCK|d50005|00
{@A-DIO|0|+4.877561E-01{@LIM2|+8.000000E-01|+4.000000E-01}}
}
{@BLOCK|d70001|00
{@A-DIO|0|+5.699366E-01{@LIM2|+8.000000E-01|+4.000000E-01}}
}
{@BLOCK|d64013|00
{@A-DIO|0|+6.789505E-01{@LIM2|+8.000000E-01|+4.000000E-01}}
}
{@BLOCK|d67001|00
{@A-DIO|0|+6.485427E-01{@LIM2|+8.000000E-01|+4.000000E-01}}
}
{@BLOCK|d73001|00
{@A-DIO|0|+5.395029E-01{@LIM2|+8.000000E-01|+4.000000E-01}}
}
{@BLOCK|d73002|00
{@A-DIO|0|+5.135064E-01{@LIM2|+8.000000E-01|+4.000000E-01}}
}
{@BLOCK|d94001|00
{@A-DIO|0|+5.099945E-01{@LIM2|+8.000000E-01|+4.000000E-01}}
}
{@BLOCK|d94002|00
{@A-DIO|0|+5.413445E-01{@LIM2|+8.000000E-01|+4.000000E-01}}
}
{@BLOCK|pd2301|00
{@A-DIO|0|+4.871244E-01{@LIM2|+8.000000E-01|+4.000000E-01}}
}
{@BLOCK|pd2302|00
{@A-DIO|0|+4.325617E-01{@LIM2|+8.000000E-01|+4.000000E-01}}
}
{@BLOCK|d53008%cr1|00
{@A-DIO|0|+6.389921E-01{@LIM2|+8.000000E-01|+4.000000E-01}}
}
{@BLOCK|d53008%cr2|00
{@A-DIO|0|+6.209188E-01{@LIM2|+8.000000E-01|+4.000000E-01}}
}
{@BLOCK|d53008%cr4|00
{@A-DIO|0|+6.310690E-01{@LIM2|+8.000000E-01|+4.000000E-01}}
}
{@BLOCK|d59003%cr1|00
{@A-DIO|0|+5.785620E-01{@LIM2|+8.000000E-01|+4.000000E-01}}
}
{@BLOCK|d59004%cr1|00
{@A-DIO|0|+6.111625E-01{@LIM2|+8.000000E-01|+4.000000E-01}}
}
{@BLOCK|d95005%cr1|00
{@A-DIO|0|+7.134934E-01{@LIM2|+9.000000E-01|+5.000000E-01}}
}
{@BLOCK|d95005%cr2|00
{@A-DIO|0|+7.011593E-01{@LIM2|+9.000000E-01|+5.000000E-01}}
}
{@BLOCK|d95005%cr4|00
{@A-DIO|0|+7.008166E-01{@LIM2|+9.000000E-01|+5.000000E-01}}
}
{@BLOCK|d95005%cr5|00
{@A-DIO|0|+6.629578E-01{@LIM2|+8.000000E-01|+4.000000E-01}}
}
{@BLOCK|led1%org|00
{@A-DIO|0|+2.076925E+00{@LIM2|+2.500000E+00|+1.500000E+00}}
}
{@BLOCK|led1%white|00
{@A-DIO|0|+3.188707E+00{@LIM2|+3.800000E+00|+2.500000E+00}}
}
{@BLOCK|q50001|00
{@A-DIO|0|+6.939831E-01|B-E{@LIM2|+8.500000E-01|+5.500000E-01}}
{@A-DIO|0|+8.535599E-01|B-C{@LIM2|+1.000000E+00|+5.500000E-01}}
}
{@BLOCK|d53003%ds1|00
{@A-DIO|0|+6.653561E-01{@LIM2|+8.000000E-01|+4.000000E-01}}
}
{@BLOCK|d53003%ds2|00
{@A-DIO|0|+6.650135E-01{@LIM2|+8.000000E-01|+4.000000E-01}}
}
{@BLOCK|d53003%ds3|00
{@A-DIO|0|+6.667266E-01{@LIM2|+8.000000E-01|+4.000000E-01}}
}
{@BLOCK|d53003%ds4|00
{@A-DIO|0|+6.670692E-01{@LIM2|+8.000000E-01|+4.000000E-01}}
}
{@BLOCK|d53004%ds1|00
{@A-DIO|0|+6.675831E-01{@LIM2|+8.000000E-01|+4.000000E-01}}
}
{@BLOCK|d53004%ds2|00
{@A-DIO|0|+6.674118E-01{@LIM2|+8.000000E-01|+4.000000E-01}}
}
{@BLOCK|d53004%ds3|00
{@A-DIO|0|+6.670692E-01{@LIM2|+8.000000E-01|+4.000000E-01}}
}
{@BLOCK|d53004%ds4|00
{@A-DIO|0|+6.660413E-01{@LIM2|+8.000000E-01|+4.000000E-01}}
}
{@BLOCK|d67003%ds2|00
{@A-DIO|0|+6.631291E-01{@LIM2|+8.000000E-01|+4.000000E-01}}
}
{@BLOCK|d67003%ds3|00
{@A-DIO|0|+6.775189E-01{@LIM2|+8.000000E-01|+4.000000E-01}}
}
{@BLOCK|d67003%ds4|00
{@A-DIO|0|+6.771763E-01{@LIM2|+8.000000E-01|+4.000000E-01}}
}
{@BLOCK|d83002|00
{@A-DIO|0|+5.423140E-01{@LIM2|+8.000000E-01|+4.000000E-01}}
}
{@BLOCK|d95004|00
{@A-DIO|0|+9.580002E-01{@LIM2|+1.300000E+00|+8.000000E-01}}
}
{@BLOCK|testjet|00
{@TJET|00|0000|jcam1
}
{@TJET|00|0000|jcp1
}
{@TJET|00|0000|jfan1
}
{@TJET|00|0000|jiob1
}
{@TJET|00|0000|jkbl1
}
{@TJET|00|0000|jlcd1
}
{@TJET|00|0000|jnfc1
}
{@TJET|00|0000|jsc1
}
{@TJET|00|0000|jspk1
}
{@TJET|00|0000|jssd1
}
{@TJET|00|0000|jtp1
}
{@TJET|00|0000|jwwan1
}
{@TJET|00|0000|pu0801
}
{@TJET|00|0000|u5302
}
{@TJET|00|0000|u7601
}
{@TJET|00|0000|u9801
}
{@TJET|00|0000|ucpu1
}
{@TJET|00|0000|uec1
}
{@TJET|00|0000|uhbr1
}
{@TJET|00|0000|uhbr2
}
{@TJET|00|0000|upd1
}
}
{@BLOCK|power_nodes|00
{@A-MEA|0|+1.202575E+01|VINT20_IN{@LIM2|+1.400000E+01|+1.000000E+01}}
{@A-MEA|0|+1.230914E+01|VSYS18{@LIM2|+1.400000E+01|+1.000000E+01}}
{@A-MEA|0|+3.375946E+00|VCC3M{@LIM2|+4.000000E+00|+2.500000E+00}}
{@A-MEA|0|+5.183062E+00|VCC5M{@LIM2|+6.000000E+00|+4.500000E+00}}
{@A-MEA|0|+1.797429E+00|VCC1R8_PRIM{@LIM2|+2.500000E+00|+1.200000E+00}}
}
{@D-T|0|384||0|u2201
}
{@D-T|0|384||0|u2202
}
{@D-T|0|384||0|u4301
}
{@D-T|0|384||0|u5401
}
{@D-T|0|384||0|u6303
}
{@D-T|0|384||0|u6403
}
{@D-T|0|384||0|u7003
}
{@D-T|0|384||0|u73004
}
{@D-T|0|384||0|u73006
}
{@D-T|0|384||0|u73007
}
{@D-T|0|384||0|u7004
}
{@BLOCK|pq0007|00
{@A-MEA|0|+1.202438E+01|pino6{@LIM2|+1.400000E+01|+1.000000E+01}}
}
{@BLOCK|pq0008|00
{@A-MEA|0|+1.202301E+01|pino6{@LIM2|+1.400000E+01|+1.000000E+01}}
}
{@BLOCK|pu0201|00
{@A-MEA|0|+1.202164E+01|pino1{@LIM2|+1.400000E+01|+1.000000E+01}}
{@A-MEA|0|+1.202164E+01|pino3{@LIM2|+1.400000E+01|+1.000000E+01}}
{@A-MEA|0|+3.303140E+00|pino4{@LIM2|+4.000000E+00|+2.500000E+00}}
{@A-MEA|0|+1.201069E+01|pino19{@LIM2|+1.400000E+01|+1.000000E+01}}
}
{@BLOCK|pu0301|00
{@A-MEA|0|+1.231051E+01|pino1{@LIM2|+1.250000E+01|+1.150000E+01}}
{@A-MEA|0|+3.356245E+00|pino9{@LIM2|+3.800000E+00|+3.000000E+00}}
}
{@BLOCK|pu0401|00
{@A-MEA|0|+1.230778E+01|pino1{@LIM2|+1.350000E+01|+1.150000E+01}}
{@A-MEA|0|+3.375774E+00|pino3{@LIM2|+3.600000E+00|+3.000000E+00}}
}
{@BLOCK|pu0501|00
{@A-MEA|0|+1.231051E+01|pino2{@LIM2|+1.400000E+01|+1.000000E+01}}
{@A-MEA|0|+3.376460E+00|pino6{@LIM2|+4.000000E+00|+2.500000E+00}}
{@A-MEA|0|+3.375089E+00|pino14{@LIM2|+3.800000E+00|+3.000000E+00}}
}
{@BLOCK|pu0601|00
{@A-MEA|0|+1.230778E+01|pino1{@LIM2|+1.400000E+01|+1.000000E+01}}
{@A-MEA|0|+1.094167E+00|pino6{@LIM2|+1.500000E+00|+7.000000E-01}}
}
{@BLOCK|pu0701|00
{@A-MEA|0|+1.646430E+00|pino2{@LIM2|+2.500000E+00|+1.000000E+00}}
{@A-MEA|0|+5.179122E+00|pino6{@LIM2|+5.500000E+00|+4.500000E+00}}
}
{@BLOCK|pu0901|00
{@A-MEA|0|+1.231051E+01|pino1{@LIM2|+1.400000E+01|+1.000000E+01}}
}
{@BLOCK|pu0902|00
{@A-MEA|0|+1.230641E+01|pino1{@LIM2|+1.400000E+01|+1.000000E+01}}
}
{@BLOCK|pu1101|00
{@A-MEA|0|+1.230914E+01|pino1{@LIM2|+1.400000E+01|+1.000000E+01}}
}
{@BLOCK|pu1201|00
{@A-MEA|0|+1.230914E+01|pino1{@LIM2|+1.400000E+01|+1.000000E+01}}
}
{@BLOCK|pu1301|00
{@A-MEA|0|+7.789108E-01|pino16{@LIM2|+1.300000E+00|+5.000000E-01}}
}
{@BLOCK|pu1401|00
{@A-MEA|0|+1.802311E+00|pino2{@LIM2|+2.500000E+00|+1.000000E+00}}
}
{@BLOCK|pu1501|00
{@A-MEA|0|+3.375946E+00|pino3{@LIM2|+3.600000E+00|+3.000000E+00}}
}
{@BLOCK|pu1701|00
{@A-MEA|0|+5.184604E+00|pino1{@LIM2|+5.500000E+00|+4.500000E+00}}
{@A-MEA|0|+3.373547E+00|pino3{@LIM2|+3.600000E+00|+3.000000E+00}}
}
{@BLOCK|pu2001|00
{@A-MEA|0|+7.788680E-01|pino1{@LIM2|+1.300000E+00|+4.500000E-01}}
{@A-MEA|0|+5.179636E+00|pino4{@LIM2|+6.000000E+00|+4.000000E+00}}
{@A-MEA|0|+7.790822E-01|pino6{@LIM2|+1.300000E+00|+4.500000E-01}}
{@A-MEA|0|+7.785254E-01|pino9{@LIM2|+1.300000E+00|+4.500000E-01}}
{@A-MEA|0|+7.788252E-01|pino14{@LIM2|+1.300000E+00|+4.500000E-01}}
}
{@BLOCK|pu2201|00
{@A-MEA|0|+3.375432E+00|pino1{@LIM2|+4.000000E+00|+2.500000E+00}}
{@A-MEA|0|+5.181007E+00|pino4{@LIM2|+6.000000E+00|+4.000000E+00}}
{@A-MEA|0|+3.375774E+00|pino6{@LIM2|+4.000000E+00|+2.500000E+00}}
{@A-MEA|0|+3.375432E+00|pino9{@LIM2|+4.000000E+00|+2.500000E+00}}
{@A-MEA|0|+3.375946E+00|pino14{@LIM2|+4.000000E+00|+2.500000E+00}}
}
{@BLOCK|pu2301|00
{@A-MEA|0|+3.376288E+00|pino1{@LIM2|+3.500000E+00|+2.500000E+00}}
{@A-MEA|0|+5.180835E+00|pino4{@LIM2|+5.500000E+00|+4.500000E+00}}
{@A-MEA|0|+3.375089E+00|pino6{@LIM2|+3.500000E+00|+2.500000E+00}}
{@A-MEA|0|+3.375946E+00|pino9{@LIM2|+3.500000E+00|+2.500000E+00}}
{@A-MEA|0|+3.376288E+00|pino14{@LIM2|+3.500000E+00|+2.500000E+00}}
}
{@BLOCK|pu2302|00
{@A-MEA|0|+5.187002E+00|pino1{@LIM2|+6.000000E+00|+4.000000E+00}}
{@A-MEA|0|+5.182377E+00|pino4{@LIM2|+6.000000E+00|+4.000000E+00}}
{@A-MEA|0|+5.182548E+00|pino6{@LIM2|+6.000000E+00|+4.000000E+00}}
{@A-MEA|0|+5.183062E+00|pino8{@LIM2|+6.000000E+00|+4.000000E+00}}
{@A-MEA|0|+5.184947E+00|pino13{@LIM2|+6.000000E+00|+4.000000E+00}}
}
{@BLOCK|pu2401|00
{@A-MEA|0|+3.377316E+00|pino1{@LIM2|+4.000000E+00|+2.500000E+00}}
{@A-MEA|0|+5.182035E+00|pino4{@LIM2|+6.000000E+00|+4.000000E+00}}
{@A-MEA|0|+1.799228E+00|pino6{@LIM2|+2.500000E+00|+1.000000E+00}}
{@A-MEA|0|+1.798714E+00|pino8{@LIM2|+2.500000E+00|+1.000000E+00}}
{@A-MEA|0|+3.376631E+00|pino13{@LIM2|+4.000000E+00|+2.500000E+00}}
}
{@BLOCK|pu2402|00
{@A-MEA|0|+3.376117E+00|pino1{@LIM2|+4.000000E+00|+2.500000E+00}}
{@A-MEA|0|+5.182206E+00|pino4{@LIM2|+6.000000E+00|+4.000000E+00}}
{@A-MEA|0|+3.377316E+00|pino6{@LIM2|+4.000000E+00|+2.500000E+00}}
{@A-MEA|0|+3.376802E+00|pino8{@LIM2|+4.000000E+00|+2.500000E+00}}
{@A-MEA|0|+3.376631E+00|pino13{@LIM2|+4.000000E+00|+2.500000E+00}}
}
{@BLOCK|u4401|00
{@A-MEA|0|+1.807107E+00|pino1{@LIM2|+2.500000E+00|+1.000000E+00}}
{@A-MEA|0|+3.306395E+00|pino4{@LIM2|+3.500000E+00|+2.500000E+00}}
}
{@BLOCK|u5001|00
{@A-MEA|0|+1.494232E+00|pino1{@LIM2|+2.000000E+00|+1.000000E+00}}
{@A-MEA|0|+3.146223E+00|pino4{@LIM2|+4.000000E+00|+2.500000E+00}}
}
{@BLOCK|u5102|00
{@A-MEA|0|+3.305881E+00|pino1{@LIM2|+4.000000E+00|+2.500000E+00}}
{@A-MEA|0|+1.149730E+01|pino6{@LIM2|+1.400000E+01|+1.000000E+01}}
}
{@BLOCK|u5301|00
{@A-MEA|0|+1.203250E+00|pino1{@LIM2|+2.000000E+00|+8.000000E-01}}
{@A-MEA|0|+1.797343E+00|pino4{@LIM2|+2.500000E+00|+1.000000E+00}}
}
{@BLOCK|u5302|00
{@A-MEA|0|+3.376802E+00|pino1{@LIM2|+3.600000E+00|+2.500000E+00}}
{@A-MEA|0|+1.203678E+00|pino6{@LIM2|+1.500000E+00|+1.000000E+00}}
}
{@BLOCK|u5303|00
{@A-MEA|0|+5.182377E+00|pino1{@LIM2|+5.700000E+00|+4.500000E+00}}
{@A-MEA|0|+5.182377E+00|pino6{@LIM2|+5.700000E+00|+4.500000E+00}}
}
{@BLOCK|u5702|00
{@A-MEA|0|+3.377145E+00|pino1{@LIM2|+4.000000E+00|+2.500000E+00}}
{@A-MEA|0|+5.181863E+00|pino4{@LIM2|+6.000000E+00|+4.000000E+00}}
{@A-MEA|0|+3.377830E+00|pino6{@LIM2|+4.000000E+00|+2.500000E+00}}
{@A-MEA|0|+3.373376E+00|pino9{@LIM2|+4.000000E+00|+2.500000E+00}}
{@A-MEA|0|+3.374404E+00|pino14{@LIM2|+4.000000E+00|+2.500000E+00}}
}
{@BLOCK|u6701|00
{@A-MEA|0|+5.182891E+00|pino1{@LIM2|+6.000000E+00|+4.000000E+00}}
{@A-MEA|0|+5.123961E+00|pino12{@LIM2|+6.000000E+00|+4.000000E+00}}
}
{@BLOCK|u8301|00
{@A-MEA|0|+1.797001E+00|pino3{@LIM2|+2.300000E+00|+1.500000E+00}}
{@A-MEA|0|+5.181178E+00|pino33{@LIM2|+5.500000E+00|+4.500000E+00}}
{@A-MEA|0|+5.181007E+00|pino40{@LIM2|+5.500000E+00|+4.500000E+00}}
{@A-MEA|0|+5.181863E+00|pino41{@LIM2|+5.500000E+00|+4.500000E+00}}
}
{@BLOCK|u9401|00
{@A-MEA|0|+1.801540E+00|pino1{@LIM2|+2.500000E+00|+1.000000E+00}}
{@A-MEA|0|+3.377487E+00|pino4{@LIM2|+3.500000E+00|+2.500000E+00}}
}
{@BLOCK|u9801|00
{@A-MEA|0|+1.798114E+00|pino1{@LIM2|+2.500000E+00|+1.000000E+00}}
{@A-MEA|0|+1.798971E+00|pino14{@LIM2|+2.500000E+00|+1.000000E+00}}
}
{@BLOCK|u29002|00
{@A-MEA|0|+1.004014E+00|pino3{@LIM2|+1.200000E+00|+9.000000E-01}}
{@A-MEA|0|+5.180664E+00|pino10{@LIM2|+6.000000E+00|+4.000000E+00}}
{@A-MEA|0|+1.798628E+00|pino7{@LIM2|+2.500000E+00|+1.000000E+00}}
}
{@BLOCK|u59001|00
{@A-MEA|0|+1.798029E+00|pino1{@LIM2|+2.500000E+00|+1.000000E+00}}
{@A-MEA|0|+3.376460E+00|pino4{@LIM2|+3.500000E+00|+2.500000E+00}}
}
{@BLOCK|u73003|00
{@A-MEA|0|+1.802996E+00|pino1{@LIM2|+2.500000E+00|+1.000000E+00}}
{@A-MEA|0|+3.376460E+00|pino4{@LIM2|+3.500000E+00|+2.500000E+00}}
}
}}