{@BATCH|loq15_irx9||3407|1||btest|050101032607~16|ICT0264\engineer|ICT0264|C:/Agilent_ICT/boards/loq15_irx9_mem_samsung|RevA|5b21d46524||5b21d46524
{@BTEST|6383000926|00|050101035407|000022|0|all||n||050101035429||1
{@BLOCK|pc307|00
{@A-CAP|0|+1.947904E-04{@LIM3|+1.828010E-04|+2.376413E-04|+1.279355E-04}}
}
{@BLOCK|pc516|00
{@A-CAP|0|+6.670923E-06{@LIM3|+6.700000E-06|+8.710000E-06|+4.690000E-06}}
}
{@BLOCK|cv4127|00
{@A-CAP|0|+4.614891E-05{@LIM3|+3.892000E-05|+5.059600E-05|+2.724400E-05}}
}
{@BLOCK|ct62|00
{@A-CAP|0|+1.964357E-05{@LIM3|+2.110000E-05|+3.165000E-05|+1.055000E-05}}
}
{@BLOCK|ch44|00
{@A-CAP|0|+1.029240E-04{@LIM3|+1.021010E-04|+1.327313E-04|+7.144048E-05}}
}
{@BLOCK|ct50|00
{@A-CAP|0|+2.186159E-04{@LIM3|+2.010010E-04|+2.613013E-04|+1.406730E-04}}
}
{@BLOCK|cbl18|00
{@A-CAP|0|+1.350878E-06{@LIM3|+1.201000E-06|+1.561300E-06|+8.407000E-07}}
}
{@BLOCK|cbl6408|00
{@A-CAP|0|+1.200325E-06{@LIM3|+1.000000E-06|+1.300000E-06|+7.000000E-07}}
}
{@BLOCK|pc507|00
{@A-CAP|0|+2.720149E-04{@LIM3|+2.577010E-04|+3.350113E-04|+1.803551E-04}}
}
{@BLOCK|cd20|00
{@A-CAP|0|+2.444811E-04{@LIM3|+2.705000E-04|+4.733750E-04|+8.106993E-05}}
}
{@BLOCK|ch4|00
{@A-CAP|0|+1.006270E-06{@LIM3|+1.000000E-06|+1.300000E-06|+7.000000E-07}}
}
{@BLOCK|ch7|00
{@A-CAP|0|+9.964829E-07{@LIM3|+1.000000E-06|+1.300000E-06|+7.000000E-07}}
}
{@BLOCK|cl5109|00
{@A-CAP|0|+2.507098E-06{@LIM3|+2.500000E-06|+3.250000E-06|+1.750000E-06}}
}
{@BLOCK|ct61|00
{@A-CAP|0|+1.059228E-05{@LIM3|+1.110000E-05|+1.443000E-05|+7.770000E-06}}
}
{@BLOCK|cw5209|00
{@A-CAP|0|+1.056373E-06{@LIM3|+1.000000E-06|+1.300000E-06|+7.000000E-07}}
}
{@BLOCK|ca5606|00
{@A-CAP|0|+1.965618E-06{@LIM3|+2.400000E-06|+3.120000E-06|+1.680000E-06}}
}
{@BLOCK|c8740|00
{@A-CAP|0|+1.102750E-07{@LIM3|+1.210000E-07|+1.815000E-07|+6.050000E-08}}
}
{@BLOCK|c8741|00
{@A-CAP|0|+9.337884E-08{@LIM3|+1.000000E-07|+1.200000E-07|+7.000000E-08}}
}
{@BLOCK|c8742|00
{@A-CAP|0|+1.044672E-07{@LIM3|+1.000000E-07|+1.200000E-07|+8.000000E-08}}
}
{@BLOCK|cf7701|00
{@A-CAP|0|+2.653596E-05{@LIM3|+2.510000E-05|+3.263000E-05|+1.757000E-05}}
}
{@BLOCK|c8751|00
{@A-CAP|0|+8.728176E-08{@LIM3|+1.000000E-07|+1.300000E-07|+7.000000E-08}}
}
{@BLOCK|c8754|00
{@A-CAP|0|+9.532679E-08{@LIM3|+1.000000E-07|+1.300000E-07|+7.000000E-08}}
}
{@BLOCK|c8755|00
{@A-CAP|0|+9.220261E-08{@LIM3|+8.000000E-08|+1.200000E-07|+4.000000E-08}}
}
{@BLOCK|c8756|00
{@A-CAP|0|+9.935167E-08{@LIM3|+1.000000E-07|+1.300000E-07|+7.000000E-08}}
}
{@BLOCK|c8758|00
{@A-CAP|0|+9.474809E-08{@LIM3|+1.000000E-07|+1.300000E-07|+7.000000E-08}}
}
{@BLOCK|c8760|00
{@A-CAP|0|+9.338423E-08{@LIM3|+1.000000E-07|+1.300000E-07|+7.000000E-08}}
}
{@BLOCK|c8761|00
{@A-CAP|0|+1.248051E-07{@LIM3|+1.320000E-07|+1.980000E-07|+6.600000E-08}}
}
{@BLOCK|c8763|00
{@A-CAP|0|+9.222547E-08{@LIM3|+1.000000E-07|+1.300000E-07|+7.000000E-08}}
}
{@BLOCK|c8766|00
{@A-CAP|0|+9.010963E-08{@LIM3|+1.000000E-07|+1.300000E-07|+7.000000E-08}}
}
{@BLOCK|c8769|00
{@A-CAP|0|+9.858722E-08{@LIM3|+1.000000E-07|+1.300000E-07|+7.000000E-08}}
}
{@BLOCK|c8770|00
{@A-CAP|0|+9.684815E-08{@LIM3|+1.000000E-07|+1.300000E-07|+7.000000E-08}}
}
{@BLOCK|c8772|00
{@A-CAP|0|+9.578229E-08{@LIM3|+1.000000E-07|+1.300000E-07|+7.000000E-08}}
}
{@BLOCK|c8773|00
{@A-CAP|0|+9.029790E-08{@LIM3|+7.600000E-08|+1.140000E-07|+3.800000E-08}}
}
{@BLOCK|c8775|00
{@A-CAP|0|+1.046463E-07{@LIM3|+1.370000E-07|+2.055000E-07|+6.850000E-08}}
}
{@BLOCK|c8776|00
{@A-CAP|0|+9.629776E-08{@LIM3|+1.000000E-07|+1.300000E-07|+7.000000E-08}}
}
{@BLOCK|c8778|00
{@A-CAP|0|+9.604859E-08{@LIM3|+1.000000E-07|+1.300000E-07|+7.000000E-08}}
}
{@BLOCK|cbl6404|00
{@A-CAP|0|+1.074724E-07{@LIM3|+1.000000E-07|+1.200000E-07|+8.000000E-08}}
}
{@BLOCK|cbl6405|00
{@A-CAP|0|+1.003810E-07{@LIM3|+1.000000E-07|+1.200000E-07|+8.000000E-08}}
}
{@BLOCK|cbl6409|00
{@A-CAP|0|+1.039874E-07{@LIM3|+1.000000E-07|+1.200000E-07|+8.000000E-08}}
}
{@BLOCK|cbl6413|00
{@A-CAP|0|+9.899608E-08{@LIM3|+1.300000E-07|+1.950000E-07|+6.500000E-08}}
}
{@BLOCK|cbl6414|00
{@A-CAP|0|+9.881319E-08{@LIM3|+1.000000E-07|+1.200000E-07|+8.000000E-08}}
}
{@BLOCK|cbl6419|00
{@A-CAP|0|+9.946041E-08{@LIM3|+1.000000E-07|+1.200000E-07|+8.000000E-08}}
}
{@BLOCK|cf7704|00
{@A-CAP|0|+9.270943E-08{@LIM3|+1.001000E-07|+1.301300E-07|+7.007000E-08}}
}
{@BLOCK|ch5|00
{@A-CAP|0|+1.107213E-06{@LIM3|+1.300000E-06|+1.950000E-06|+6.500000E-07}}
}
{@BLOCK|ch50|00
{@A-CAP|0|+1.093055E-07{@LIM3|+1.190000E-07|+1.785000E-07|+5.950000E-08}}
}
{@BLOCK|ch4014|00
{@A-CAP|0|+1.104973E-07{@LIM3|+1.000000E-07|+1.200000E-07|+8.000000E-08}}
}
{@BLOCK|cps25|00
{@A-CAP|0|+3.109441E-05{@LIM3|+3.054000E-05|+3.970200E-05|+2.137800E-05}}
}
{@BLOCK|ct4413|00
{@A-CAP|0|+1.509293E-06{@LIM3|+1.880000E-06|+2.350000E-06|+1.316000E-06}}
}
{@BLOCK|ct7209|00
{@A-CAP|0|+1.255100E-04{@LIM3|+1.500000E-04|+1.950000E-04|+1.048585E-04}}
}
{@BLOCK|cv1|00
{@A-CAP|0|+9.613521E-08{@LIM3|+1.000000E-07|+1.200000E-07|+8.000000E-08}}
}
{@BLOCK|cv4128|00
{@A-CAP|0|+3.853230E-05{@LIM3|+4.068000E-05|+6.102000E-05|+2.034000E-05}}
}
{@BLOCK|cw5203|00
{@A-CAP|0|+2.170801E-05{@LIM3|+2.022000E-05|+2.628600E-05|+1.011000E-05}}
}
{@BLOCK|pcb14|00
{@A-CAP|0|+4.787575E-06{@LIM3|+4.500000E-06|+5.400000E-06|+3.600000E-06}}
}
{@BLOCK|pc6|00
{@A-CAP|0|+1.004828E-07{@LIM3|+1.000000E-07|+1.300000E-07|+7.000000E-08}}
}
{@BLOCK|pc207|00
{@A-CAP|0|+1.261215E-07{@LIM3|+1.226800E-07|+1.840200E-07|+6.134000E-08}}
}
{@BLOCK|pc501|00
{@A-CAP|0|+9.963791E-08{@LIM3|+1.000000E-07|+1.300000E-07|+7.000000E-08}}
}
{@BLOCK|pc1805|00
{@A-CAP|0|+9.635372E-08{@LIM3|+1.000000E-07|+1.200000E-07|+8.000000E-08}}
}
{@BLOCK|pcb1|00
{@A-CAP|0|+9.174296E-08{@LIM3|+1.000000E-07|+1.200000E-07|+8.000000E-08}}
}
{@BLOCK|pcb30|00
{@A-CAP|0|+9.888259E-08{@LIM3|+1.000000E-07|+1.200000E-07|+8.000000E-08}}
}
{@BLOCK|pcw5|00
{@A-CAP|0|+9.431731E-08{@LIM3|+1.000000E-07|+1.300000E-07|+7.000000E-08}}
}
{@BLOCK|pcz156|00
{@A-CAP|0|+8.427359E-08{@LIM3|+1.000000E-07|+1.300000E-07|+7.000000E-08}}
}
{@BLOCK|pcz158|00
{@A-CAP|0|+1.041916E-07{@LIM3|+1.000000E-07|+1.300000E-07|+7.000000E-08}}
}
{@BLOCK|pcz242|00
{@A-CAP|0|+1.031763E-07{@LIM3|+1.000000E-07|+1.300000E-07|+7.000000E-08}}
}
{@BLOCK|pc1857|00
{@A-CAP|0|+5.260465E-05{@LIM3|+5.400000E-05|+8.100000E-05|+2.699255E-05}}
}
{@BLOCK|ct60|00
{@A-CAP|0|+1.093357E-05{@LIM3|+1.000000E-05|+1.300000E-05|+7.000000E-06}}
}
{@BLOCK|c78|00
{@A-CAP|0|+6.627108E-10{@LIM3|+6.700000E-10|+9.045000E-10|+4.355000E-10}}
}
{@BLOCK|c3801|00
{@A-CAP|0|+4.578501E-06{@LIM3|+4.700000E-06|+6.110000E-06|+3.290000E-06}}
}
{@BLOCK|pc506|00
{@A-CAP|0|+5.285063E-06{@LIM3|+4.700000E-06|+6.110000E-06|+3.290000E-06}}
}
{@BLOCK|pc526|00
{@A-CAP|0|+5.898016E-06{@LIM3|+4.700000E-06|+6.110000E-06|+3.290000E-06}}
}
{@BLOCK|pc535|00
{@A-CAP|0|+5.017879E-06{@LIM3|+4.700000E-06|+6.110000E-06|+3.290000E-06}}
}
{@BLOCK|ca5602|00
{@A-CAP|0|+1.200982E-09{@LIM3|+1.000000E-09|+1.350000E-09|+6.500000E-10}}
}
{@BLOCK|ca5603|00
{@A-CAP|0|+1.274103E-09{@LIM3|+1.000000E-09|+1.350000E-09|+6.500000E-10}}
}
{@BLOCK|ca5604|00
{@A-CAP|0|+1.303604E-09{@LIM3|+1.000000E-09|+1.350000E-09|+6.500000E-10}}
}
{@BLOCK|ca5605|00
{@A-CAP|0|+1.288727E-09{@LIM3|+1.000000E-09|+1.350000E-09|+6.500000E-10}}
}
{@BLOCK|cg620|00
{@A-CAP|0|+9.486876E-10{@LIM3|+1.000000E-09|+1.177000E-09|+8.000000E-10}}
}
{@BLOCK|cg621|00
{@A-CAP|0|+9.537828E-10{@LIM3|+1.000000E-09|+1.177000E-09|+8.000000E-10}}
}
{@BLOCK|pcb20|00
{@A-CAP|0|+3.728327E-05{@LIM3|+4.001200E-05|+4.801440E-05|+3.200960E-05}}
}
{@BLOCK|pc204|00
{@A-CAP|0|+2.236150E-08{@LIM3|+2.200000E-08|+2.640000E-08|+1.760000E-08}}
}
{@BLOCK|cg3720|00
{@A-CAP|0|+9.992539E-07{@LIM3|+1.000000E-06|+1.200000E-06|+8.000000E-07}}
}
{@BLOCK|ch35|00
{@A-CAP|0|+2.599538E-04{@LIM3|+2.054000E-04|+2.978300E-04|+1.437192E-04}}
}
{@BLOCK|cv15|00
{@A-CAP|0|+9.549412E-07{@LIM3|+1.000000E-06|+1.350000E-06|+6.500000E-07}}
}
{@BLOCK|pc520|00
{@A-CAP|0|+1.033816E-06{@LIM3|+1.000000E-06|+1.350000E-06|+6.500000E-07}}
}
{@BLOCK|c8100|00
{@A-CAP|0|+8.605207E-08{@LIM3|+1.000000E-07|+1.200000E-07|+8.000000E-08}}
}
{@BLOCK|cl5110|00
{@A-CAP|0|+9.470439E-08{@LIM3|+1.000000E-07|+1.200000E-07|+8.000000E-08}}
}
{@BLOCK|cz3|00
{@A-CAP|0|+1.969559E-07{@LIM3|+2.000000E-07|+2.400000E-07|+1.600000E-07}}
}
{@BLOCK|pcz9|00
{@A-CAP|0|+1.045274E-07{@LIM3|+1.100000E-07|+1.430000E-07|+7.700000E-08}}
}
{@BLOCK|cc27|00
{@A-CAP|0|+5.910696E-05{@LIM3|+6.600000E-05|+8.580000E-05|+4.619089E-05}}
}
{@BLOCK|cc52|00
{@A-CAP|0|+1.530324E-04{@LIM3|+1.600010E-04|+2.080013E-04|+1.119786E-04}}
}
{@BLOCK|cth3|00
{@A-CAP|0|+2.163943E-09{@LIM3|+2.200000E-09|+2.640000E-09|+1.760000E-09}}
}
{@BLOCK|cth5|00
{@A-CAP|0|+2.160863E-09{@LIM3|+2.200000E-09|+2.640000E-09|+1.760000E-09}}
}
{@BLOCK|c8750|00
{@A-CAP|0|+2.366972E-09{@LIM3|+2.600000E-09|+3.900000E-09|+1.300000E-09}}
}
{@BLOCK|cd17|00
{@A-CAP|0|+2.368128E-09{@LIM3|+2.200000E-09|+2.640000E-09|+1.760000E-09}}
}
{@BLOCK|ctp6304|00
{@A-CAP|0|+2.645226E-09{@LIM3|+2.200000E-09|+2.860000E-09|+1.540000E-09}}
}
{@BLOCK|pcv15|00
{@A-CAP|0|+2.237729E-09{@LIM3|+2.200000E-09|+2.640000E-09|+1.760000E-09}}
}
{@BLOCK|cg3714|00
{@A-CAP|0|+2.956451E-10{@LIM3|+5.200000E-10|+8.840000E-10|+1.560000E-10}}
}
{@BLOCK|cg3715|00
{@A-CAP|0|+3.292620E-10{@LIM3|+5.200000E-10|+8.840000E-10|+1.300000E-10}}
}
{@BLOCK|cl5120|00
{@A-CAP|0|+9.508635E-09{@LIM3|+1.000000E-08|+1.200000E-08|+8.000000E-09}}
}
{@BLOCK|cv2|00
{@A-CAP|0|+9.329289E-09{@LIM3|+1.000000E-08|+1.200000E-08|+8.000000E-09}}
}
{@BLOCK|pcv10|00
{@A-CAP|0|+9.986851E-09{@LIM3|+1.000000E-08|+1.200000E-08|+8.000000E-09}}
}
{@BLOCK|ct242|00
{@A-CAP|0|+3.474201E-10{@LIM3|+3.200000E-10|+4.320000E-10|+2.080000E-10}}
}
{@BLOCK|ct243|00
{@A-CAP|0|+3.355237E-10{@LIM3|+3.200000E-10|+4.320000E-10|+2.080000E-10}}
}
{@BLOCK|cv4247|00
{@A-CAP|0|+3.446946E-10{@LIM3|+3.200000E-10|+4.320000E-10|+2.080000E-10}}
}
{@BLOCK|pcb15|00
{@A-CAP|0|+8.843332E-08{@LIM3|+9.400000E-08|+1.410000E-07|+4.700000E-08}}
}
{@BLOCK|pcv13|00
{@A-CAP|0|+4.614648E-08{@LIM3|+4.700000E-08|+5.640000E-08|+3.760000E-08}}
}
{@BLOCK|pcv14|00
{@A-CAP|0|+4.746741E-08{@LIM3|+4.700000E-08|+5.640000E-08|+3.760000E-08}}
}
{@BLOCK|pcv17|00
{@A-CAP|0|+4.696331E-08{@LIM3|+4.700000E-08|+5.640000E-08|+3.760000E-08}}
}
{@BLOCK|pcv7|00
{@A-CAP|0|+4.868542E-09{@LIM3|+4.700000E-09|+5.640000E-09|+3.760000E-09}}
}
{@BLOCK|pcv6|00
{@A-CAP|0|+3.557390E-10{@LIM3|+3.300000E-10|+3.899999E-10|+2.805000E-10}}
}
{@BLOCK|ph101|00
{@A-RES|0|+1.189718E+03{@LIM3|+1.000000E+03|+1.550000E+03|+4.500000E+02}}
}
{@BLOCK|prz39|00
{@A-RES|0|+2.100689E+04{@LIM3|+2.031900E+04|+2.336685E+04|+1.727115E+04}}
}
{@BLOCK|pr25|00
{@A-RES|0|+1.017875E+05{@LIM3|+1.000000E+05|+1.110000E+05|+8.900000E+04}}
}
{@BLOCK|pr33|00
{@A-RES|0|+1.010445E+05{@LIM3|+1.000000E+05|+1.110000E+05|+8.900000E+04}}
}
{@BLOCK|pr37|00
{@A-RES|0|+1.000702E+05{@LIM3|+1.000000E+05|+1.110000E+05|+8.900000E+04}}
}
{@BLOCK|pr1864|00
{@A-RES|0|+9.976864E+04{@LIM3|+1.000000E+05|+1.110000E+05|+8.900000E+04}}
}
{@BLOCK|prb22|00
{@A-RES|0|+9.966222E+04{@LIM3|+1.000000E+05|+1.110000E+05|+8.900000E+04}}
}
{@BLOCK|prb26|00
{@A-RES|0|+9.989210E+04{@LIM3|+1.000000E+05|+1.110000E+05|+8.900000E+04}}
}
{@BLOCK|prb31|00
{@A-RES|0|+9.987235E+04{@LIM3|+1.000000E+05|+1.110000E+05|+8.900000E+04}}
}
{@BLOCK|prb32|00
{@A-RES|0|+9.951161E+04{@LIM3|+1.000000E+05|+1.110000E+05|+8.900000E+04}}
}
{@BLOCK|prg8|00
{@A-RES|0|+9.985394E+04{@LIM3|+1.000000E+05|+1.110000E+05|+8.900000E+04}}
}
{@BLOCK|r376|00
{@A-RES|0|+9.899696E+04{@LIM3|+1.000000E+05|+1.110000E+05|+8.900000E+04}}
}
{@BLOCK|rg45|00
{@A-RES|0|+9.712606E+04{@LIM3|+1.000000E+05|+1.110000E+05|+8.900000E+04}}
}
{@BLOCK|rg55|00
{@A-RES|0|+9.595743E+04{@LIM3|+1.000000E+05|+1.200000E+05|+8.000000E+04}}
}
{@BLOCK|pcg12|00
{@A-CAP|0|+2.188389E-09{@LIM3|+2.200000E-09|+2.640000E-09|+1.760000E-09}}
}
{@BLOCK|pcg219|00
{@A-CAP|0|+1.038820E-03{@LIM3|+1.034000E-03|+1.344200E-03|+7.216544E-04}}
}
{@BLOCK|pcg208|00
{@A-CAP|0|+8.668370E-04{@LIM3|+8.800000E-04|+1.144000E-03|+6.141740E-04}}
}
{@BLOCK|pcb4|00
{@A-CAP|0|+4.950001E-08{@LIM3|+4.700000E-08|+6.110000E-08|+3.290000E-08}}
}
{@BLOCK|pcz19|00
{@A-CAP|0|+3.874971E-10{@LIM3|+3.900000E-10|+4.755001E-10|+3.120000E-10}}
}
{@BLOCK|ph102|00
{@A-RES|0|+1.127452E+03{@LIM3|+1.000000E+03|+1.550000E+03|+4.500000E+02}}
}
{@BLOCK|prz40|00
{@A-RES|0|+2.093651E+04{@LIM3|+2.031900E+04|+2.336685E+04|+1.727115E+04}}
}
{@BLOCK|phz3|00
{@A-RES|0|+1.159976E+04{@LIM3|+1.000000E+04|+1.500000E+04|+5.000000E+03}}
}
{@BLOCK|rg60|00
{@A-RES|0|+8.276595E+04{@LIM3|+1.960000E+05|+3.528000E+05|+3.920000E+04}}
}
{@BLOCK|rg62|00
{@A-RES|0|+9.432670E+04{@LIM3|+1.000000E+05|+1.200000E+05|+8.000000E+04}}
}
{@BLOCK|rts4|00
{@A-RES|0|+1.169544E+05{@LIM3|+1.000000E+05|+1.500000E+05|+5.000000E+04}}
}
{@BLOCK|rts5|00
{@A-RES|0|+1.183612E+05{@LIM3|+1.000000E+05|+1.500000E+05|+5.000000E+04}}
}
{@BLOCK|rts6|00
{@A-RES|0|+1.191711E+05{@LIM3|+1.000000E+05|+1.500000E+05|+5.000000E+04}}
}
{@BLOCK|prg20|00
{@A-RES|0|+1.358665E+03{@LIM3|+1.334000E+03|+1.414040E+03|+1.253960E+03}}
}
{@BLOCK|prz259|00
{@A-RES|0|+4.577662E+03{@LIM3|+4.344000E+03|+5.430000E+03|+3.258000E+03}}
}
{@BLOCK|prg22|00
{@A-RES|0|+4.980903E+03{@LIM3|+5.000000E+03|+5.300000E+03|+4.700000E+03}}
}
{@BLOCK|prv5|00
{@A-RES|0|+1.000260E+04{@LIM3|+1.000000E+04|+1.060000E+04|+9.400000E+03}}
}
{@BLOCK|prv34|00
{@A-RES|0|+1.001361E+04{@LIM3|+1.000000E+04|+1.060000E+04|+9.400000E+03}}
}
{@BLOCK|prw21|00
{@A-RES|0|+1.005564E+04{@LIM3|+1.000000E+04|+1.060000E+04|+9.400000E+03}}
}
{@BLOCK|prz41|00
{@A-RES|0|+1.003027E+04{@LIM3|+1.000000E+04|+1.060000E+04|+9.400000E+03}}
}
{@BLOCK|prz256|00
{@A-RES|0|+1.002167E+04{@LIM3|+1.000000E+04|+1.060000E+04|+9.400000E+03}}
}
{@BLOCK|rg56|00
{@A-RES|0|+9.961533E+03{@LIM3|+1.000000E+04|+1.060000E+04|+9.400000E+03}}
}
{@BLOCK|pr35|00
{@A-RES|0|+4.524396E+05{@LIM3|+4.530000E+05|+5.028300E+05|+4.031700E+05}}
}
{@BLOCK|pr201|00
{@A-RES|0|+1.029624E+02{@LIM3|+1.000000E+02|+1.110000E+02|+9.400000E+01}}
}
{@BLOCK|pr202|00
{@A-RES|0|+1.048086E+02{@LIM3|+1.000000E+02|+1.110000E+02|+9.400000E+01}}
}
{@BLOCK|prg31|00
{@A-JUM|0|+3.698267E+00{@LIM2|+1.500000E+01|+0.000000E+00}}
}
{@BLOCK|prv12|00
{@A-JUM|0|+3.756308E+00{@LIM2|+1.500000E+01|+0.000000E+00}}
}
{@BLOCK|prv15|00
{@A-JUM|0|+3.439236E+00{@LIM2|+1.500000E+01|+0.000000E+00}}
}
{@BLOCK|prw23|00
{@A-JUM|0|+3.896113E+00{@LIM2|+1.500000E+01|+0.000000E+00}}
}
{@BLOCK|pr203|00
{@A-RES|0|+2.004856E+05{@LIM3|+2.000000E+05|+2.220000E+05|+1.780000E+05}}
}
{@BLOCK|rz40|00
{@A-RES|0|+2.004337E+05{@LIM3|+2.000000E+05|+2.220000E+05|+1.780000E+05}}
}
{@BLOCK|pr204|00
{@A-RES|0|+1.027457E+04{@LIM3|+1.000000E+04|+1.100000E+04|+9.000000E+03}}
}
{@BLOCK|prz54|00
{@A-RES|0|+4.789657E+03{@LIM3|+4.500000E+03|+5.175000E+03|+3.825000E+03}}
}
{@BLOCK|prv8|00
{@A-RES|0|+1.004189E+04{@LIM3|+1.000000E+04|+1.060000E+04|+9.400000E+03}}
}
{@BLOCK|rc829|00
{@A-RES|0|+9.966240E+03{@LIM3|+1.000000E+04|+1.060000E+04|+9.400000E+03}}
}
{@BLOCK|prv31|00
{@A-RES|0|+5.879808E+04{@LIM3|+5.593200E+04|+6.711840E+04|+4.474560E+04}}
}
{@BLOCK|prg18|00
{@A-JUM|0|+3.301213E+00{@LIM2|+1.500000E+01|+0.000000E+00}}
}
{@BLOCK|prz47|00
{@A-RES|0|+9.983756E+01{@LIM3|+1.000000E+02|+1.110000E+02|+9.400000E+01}}
}
{@BLOCK|rc278|00
{@A-RES|0|+5.678549E+01{@LIM3|+5.600000E+01|+6.436002E+01|+5.264000E+01}}
}
{@BLOCK|r5802|00
{@A-RES|0|+1.024194E+04{@LIM3|+1.000000E+04|+1.100000E+04|+9.000000E+03}}
}
{@BLOCK|r3814|00
{@A-RES|0|+1.009529E+04{@LIM3|+1.000000E+04|+1.100000E+04|+9.000000E+03}}
}
{@BLOCK|r5804|00
{@A-RES|0|+1.011825E+04{@LIM3|+1.000000E+04|+1.100000E+04|+9.000000E+03}}
}
{@BLOCK|r5812|00
{@A-RES|0|+1.015343E+04{@LIM3|+1.000000E+04|+1.100000E+04|+9.000000E+03}}
}
{@BLOCK|r5838|00
{@A-RES|0|+1.003674E+04{@LIM3|+1.000000E+04|+1.100000E+04|+9.000000E+03}}
}
{@BLOCK|r10203|00
{@A-RES|0|+1.027570E+04{@LIM3|+1.000000E+04|+1.100000E+04|+9.000000E+03}}
}
{@BLOCK|ra5608|00
{@A-RES|0|+1.025990E+04{@LIM3|+1.000000E+04|+1.100000E+04|+9.000000E+03}}
}
{@BLOCK|rbl6406|00
{@A-RES|0|+1.015273E+04{@LIM3|+1.000000E+04|+1.100000E+04|+9.000000E+03}}
}
{@BLOCK|rbl6411|00
{@A-RES|0|+1.013581E+04{@LIM3|+1.000000E+04|+1.100000E+04|+9.000000E+03}}
}
{@BLOCK|r5814|00
{@A-RES|0|+1.008388E+04{@LIM3|+1.000000E+04|+1.100000E+04|+9.000000E+03}}
}
{@BLOCK|rc60|00
{@A-RES|0|+1.041604E+04{@LIM3|+1.000000E+04|+1.100000E+04|+9.000000E+03}}
}
{@BLOCK|rc62|00
{@A-RES|0|+1.036397E+04{@LIM3|+1.000000E+04|+1.100000E+04|+9.000000E+03}}
}
{@BLOCK|rc364|00
{@A-RES|0|+1.032273E+04{@LIM3|+1.000000E+04|+1.100000E+04|+9.000000E+03}}
}
{@BLOCK|rc365|00
{@A-RES|0|+1.039381E+04{@LIM3|+1.000000E+04|+1.100000E+04|+9.000000E+03}}
}
{@BLOCK|rc1168|00
{@A-RES|0|+8.629785E+04{@LIM3|+1.000000E+05|+1.350000E+05|+6.500000E+04}}
}
{@BLOCK|rc1211|00
{@A-RES|0|+9.978833E+03{@LIM3|+1.000000E+04|+1.100000E+04|+9.000000E+03}}
}
{@BLOCK|rc1212|00
{@A-RES|0|+9.963041E+03{@LIM3|+1.000000E+04|+1.100000E+04|+9.000000E+03}}
}
{@BLOCK|rbl6424|00
{@A-RES|0|+1.027570E+04{@LIM3|+1.000000E+04|+1.100000E+04|+9.000000E+03}}
}
{@BLOCK|rg1|00
{@A-RES|0|+9.905864E+03{@LIM3|+1.000000E+04|+1.100000E+04|+9.000000E+03}}
}
{@BLOCK|rg5|00
{@A-RES|0|+1.000032E+04{@LIM3|+1.000000E+04|+1.100000E+04|+9.000000E+03}}
}
{@BLOCK|rg17|00
{@A-RES|0|+4.444497E+03{@LIM3|+6.000000E+03|+8.100000E+03|+3.900000E+03}}
}
{@BLOCK|rg21|00
{@A-RES|0|+9.959568E+03{@LIM3|+1.000000E+04|+1.100000E+04|+9.000000E+03}}
}
{@BLOCK|rg29|00
{@A-RES|0|+9.935406E+03{@LIM3|+1.000000E+04|+1.100000E+04|+9.000000E+03}}
}
{@BLOCK|rg31|00
{@A-RES|0|+9.964153E+03{@LIM3|+1.000000E+04|+1.100000E+04|+9.000000E+03}}
}
{@BLOCK|rg32|00
{@A-RES|0|+9.992407E+03{@LIM3|+1.000000E+04|+1.100000E+04|+9.000000E+03}}
}
{@BLOCK|rg35|00
{@A-RES|0|+9.970053E+03{@LIM3|+1.000000E+04|+1.100000E+04|+9.000000E+03}}
}
{@BLOCK|rg70|00
{@A-RES|0|+1.013476E+04{@LIM3|+8.000000E+03|+1.360000E+04|+2.400000E+03}}
}
{@BLOCK|rg140|00
{@A-RES|0|+9.956296E+03{@LIM3|+1.000000E+04|+1.100000E+04|+9.000000E+03}}
}
{@BLOCK|rg142|00
{@A-RES|0|+9.981218E+03{@LIM3|+1.000000E+04|+1.100000E+04|+9.000000E+03}}
}
{@BLOCK|rg195|00
{@A-RES|0|+1.024716E+04{@LIM3|+1.000000E+04|+1.100000E+04|+9.000000E+03}}
}
{@BLOCK|rg196|00
{@A-RES|0|+1.016116E+04{@LIM3|+1.000000E+04|+1.100000E+04|+9.000000E+03}}
}
{@BLOCK|rg211|00
{@A-RES|0|+9.929547E+03{@LIM3|+1.000000E+04|+1.100000E+04|+9.000000E+03}}
}
{@BLOCK|rg285|00
{@A-RES|0|+9.978589E+03{@LIM3|+1.000000E+04|+1.100000E+04|+9.000000E+03}}
}
{@BLOCK|rh49|00
{@A-RES|0|+9.942828E+03{@LIM3|+1.000000E+04|+1.100000E+04|+9.000000E+03}}
}
{@BLOCK|rh50|00
{@A-RES|0|+9.990299E+03{@LIM3|+1.000000E+04|+1.100000E+04|+9.000000E+03}}
}
{@BLOCK|rh81|00
{@A-RES|0|+9.525784E+03{@LIM3|+1.000000E+04|+1.100000E+04|+9.000000E+03}}
}
{@BLOCK|rh110|00
{@A-RES|0|+9.813420E+03{@LIM3|+1.000000E+04|+1.100000E+04|+9.000000E+03}}
}
{@BLOCK|rh116|00
{@A-RES|0|+1.012280E+04{@LIM3|+1.000000E+04|+1.100000E+04|+9.000000E+03}}
}
{@BLOCK|rh168|00
{@A-RES|0|+9.991907E+03{@LIM3|+1.000000E+04|+1.100000E+04|+9.000000E+03}}
}
{@BLOCK|rh170|00
{@A-RES|0|+1.003552E+04{@LIM3|+1.000000E+04|+1.100000E+04|+9.000000E+03}}
}
{@BLOCK|rn70|00
{@A-RES|0|+1.003522E+04{@LIM3|+1.000000E+04|+1.100000E+04|+9.000000E+03}}
}
{@BLOCK|rg287|00
{@A-RES|0|+9.974648E+03{@LIM3|+1.000000E+04|+1.100000E+04|+9.000000E+03}}
}
{@BLOCK|rg1746|00
{@A-RES|0|+1.002679E+04{@LIM3|+1.000000E+04|+1.100000E+04|+9.000000E+03}}
}
{@BLOCK|rh39|00
{@A-RES|0|+1.016558E+04{@LIM3|+1.000000E+04|+1.100000E+04|+9.000000E+03}}
}
{@BLOCK|rh4005|00
{@A-RES|0|+1.022711E+04{@LIM3|+1.000000E+04|+1.100000E+04|+9.000000E+03}}
}
{@BLOCK|rh4006|00
{@A-RES|0|+1.008549E+04{@LIM3|+1.000000E+04|+1.100000E+04|+9.000000E+03}}
}
{@BLOCK|rps19|00
{@A-RES|0|+9.955642E+03{@LIM3|+1.000000E+04|+1.100000E+04|+9.000000E+03}}
}
{@BLOCK|rps29|00
{@A-RES|0|+9.910592E+03{@LIM3|+1.000000E+04|+1.100000E+04|+9.000000E+03}}
}
{@BLOCK|rt4316|00
{@A-RES|0|+1.004213E+04{@LIM3|+1.000000E+04|+1.100000E+04|+9.000000E+03}}
}
{@BLOCK|rn77|00
{@A-RES|0|+9.973179E+03{@LIM3|+1.000000E+04|+1.100000E+04|+9.000000E+03}}
}
{@BLOCK|rn1118|00
{@A-RES|0|+9.943358E+03{@LIM3|+1.000000E+04|+1.100000E+04|+9.000000E+03}}
}
{@BLOCK|rn1119|00
{@A-RES|0|+1.003228E+04{@LIM3|+1.000000E+04|+1.100000E+04|+9.000000E+03}}
}
{@BLOCK|pr210|00
{@A-RES|0|+1.006872E+03{@LIM3|+1.000000E+03|+1.100000E+03|+9.000000E+02}}
}
{@BLOCK|r5834|00
{@A-RES|0|+9.947490E+02{@LIM3|+1.000000E+03|+1.100000E+03|+9.000000E+02}}
}
{@BLOCK|r5835|00
{@A-RES|0|+1.002633E+03{@LIM3|+1.000000E+03|+1.100000E+03|+9.000000E+02}}
}
{@BLOCK|rc32|00
{@A-RES|0|+1.013439E+03{@LIM3|+1.000000E+03|+1.100000E+03|+9.000000E+02}}
}
{@BLOCK|rc92|00
{@A-RES|0|+9.815515E+02{@LIM3|+8.780000E+02|+1.317000E+03|+4.390000E+02}}
}
{@BLOCK|rt4320|00
{@A-RES|0|+9.974597E+03{@LIM3|+1.000000E+04|+1.100000E+04|+9.000000E+03}}
}
{@BLOCK|rt4323|00
{@A-RES|0|+9.922168E+03{@LIM3|+1.000000E+04|+1.100000E+04|+9.000000E+03}}
}
{@BLOCK|rv25|00
{@A-RES|0|+1.022174E+04{@LIM3|+1.000000E+04|+1.100000E+04|+9.000000E+03}}
}
{@BLOCK|rw1|00
{@A-RES|0|+1.006539E+04{@LIM3|+1.000000E+04|+1.100000E+04|+9.000000E+03}}
}
{@BLOCK|rw5217|00
{@A-RES|0|+9.975662E+03{@LIM3|+1.000000E+04|+1.100000E+04|+9.000000E+03}}
}
{@BLOCK|r10234|00
{@A-RES|0|+1.001505E+03{@LIM3|+1.000000E+03|+1.100000E+03|+9.000000E+02}}
}
{@BLOCK|pr211|00
{@A-RES|0|+7.558997E+02{@LIM3|+7.500000E+02|+7.950000E+02|+7.050000E+02}}
}
{@BLOCK|pr213|00
{@A-RES|0|+4.713493E+05{@LIM3|+4.700000E+05|+5.217000E+05|+4.183000E+05}}
}
{@BLOCK|rc878|00
{@A-RES|0|+9.825725E+02{@LIM3|+8.920000E+02|+1.248800E+03|+5.352000E+02}}
}
{@BLOCK|rc880|00
{@A-RES|0|+9.829311E+02{@LIM3|+8.930000E+02|+1.250200E+03|+5.358000E+02}}
}
{@BLOCK|rc890|00
{@A-RES|0|+9.875126E+02{@LIM3|+8.930000E+02|+1.339500E+03|+4.465000E+02}}
}
{@BLOCK|rc891|00
{@A-RES|0|+9.871466E+02{@LIM3|+8.960000E+02|+1.344000E+03|+4.480000E+02}}
}
{@BLOCK|rc892|00
{@A-RES|0|+1.016747E+03{@LIM3|+1.000000E+03|+1.100000E+03|+9.000000E+02}}
}
{@BLOCK|rl5101|00
{@A-RES|0|+9.993346E+02{@LIM3|+1.000000E+03|+1.100000E+03|+9.000000E+02}}
}
{@BLOCK|rc18|00
{@A-RES|0|+9.774173E+02{@LIM3|+1.000000E+03|+1.300000E+03|+7.000000E+02}}
}
{@BLOCK|rc20|00
{@A-RES|0|+1.010364E+03{@LIM3|+1.000000E+03|+1.060000E+03|+9.400000E+02}}
}
{@BLOCK|pr215|00
{@A-RES|0|+4.695518E+05{@LIM3|+4.700000E+05|+5.217000E+05|+4.183000E+05}}
}
{@BLOCK|prv24|00
{@A-RES|0|+1.003028E+03{@LIM3|+1.000000E+03|+1.060000E+03|+9.400000E+02}}
}
{@BLOCK|prv25|00
{@A-RES|0|+1.004763E+03{@LIM3|+1.000000E+03|+1.060000E+03|+9.400000E+02}}
}
{@BLOCK|prw1|00
{@A-RES|0|+1.005167E+03{@LIM3|+1.000000E+03|+1.060000E+03|+9.400000E+02}}
}
{@BLOCK|rtp6301|00
{@A-RES|0|+1.005708E+03{@LIM3|+1.000000E+03|+1.060000E+03|+9.400000E+02}}
}
{@BLOCK|rtp6318|00
{@A-RES|0|+1.005924E+03{@LIM3|+1.000000E+03|+1.060000E+03|+9.400000E+02}}
}
{@BLOCK|rtp6319|00
{@A-RES|0|+1.000915E+03{@LIM3|+1.000000E+03|+1.060000E+03|+9.400000E+02}}
}
{@BLOCK|rtp6340|00
{@A-RES|0|+1.004519E+03{@LIM3|+1.000000E+03|+1.060000E+03|+9.400000E+02}}
}
{@BLOCK|pr308|00
{@A-RES|0|+9.922277E+04{@LIM3|+1.000000E+05|+1.150000E+05|+8.500000E+04}}
}
{@BLOCK|pr507|00
{@A-RES|0|+1.005416E+05{@LIM3|+1.000000E+05|+1.150000E+05|+8.500000E+04}}
}
{@BLOCK|pr1011|00
{@A-RES|0|+1.020860E+05{@LIM3|+1.000000E+05|+1.150000E+05|+8.500000E+04}}
}
{@BLOCK|pr1101|00
{@A-RES|0|+9.990732E+04{@LIM3|+1.000000E+05|+1.150000E+05|+8.500000E+04}}
}
{@BLOCK|pr1805|00
{@A-RES|0|+1.016685E+05{@LIM3|+1.000000E+05|+1.150000E+05|+8.500000E+04}}
}
{@BLOCK|pr1885|00
{@A-RES|0|+1.004217E+05{@LIM3|+1.000000E+05|+1.150000E+05|+8.500000E+04}}
}
{@BLOCK|prb29|00
{@A-RES|0|+1.027227E+05{@LIM3|+1.000000E+05|+1.150000E+05|+8.500000E+04}}
}
{@BLOCK|prb30|00
{@A-RES|0|+9.879146E+04{@LIM3|+1.000000E+05|+1.150000E+05|+8.500000E+04}}
}
{@BLOCK|r3806|00
{@A-RES|0|+1.005849E+05{@LIM3|+1.000000E+05|+1.150000E+05|+8.500000E+04}}
}
{@BLOCK|r5815|00
{@A-RES|0|+4.662779E+04{@LIM3|+5.000000E+04|+6.000000E+04|+4.000000E+04}}
}
{@BLOCK|r5823|00
{@A-RES|0|+1.009544E+05{@LIM3|+1.000000E+05|+1.150000E+05|+8.500000E+04}}
}
{@BLOCK|r5824|00
{@A-RES|0|+1.001000E+05{@LIM3|+1.000000E+05|+1.150000E+05|+8.500000E+04}}
}
{@BLOCK|r5825|00
{@A-RES|0|+9.930587E+04{@LIM3|+1.000000E+05|+1.150000E+05|+8.500000E+04}}
}
{@BLOCK|r5839|00
{@A-RES|0|+9.785363E+04{@LIM3|+1.000000E+05|+1.150000E+05|+8.500000E+04}}
}
{@BLOCK|r10153|00
{@A-RES|0|+9.854378E+04{@LIM3|+1.000000E+05|+1.150000E+05|+8.500000E+04}}
}
{@BLOCK|r10202|00
{@A-RES|0|+9.907044E+04{@LIM3|+1.000000E+05|+1.150000E+05|+8.500000E+04}}
}
{@BLOCK|r10249|00
{@A-RES|0|+9.998739E+04{@LIM3|+1.000000E+05|+1.150000E+05|+8.500000E+04}}
}
{@BLOCK|r10250|00
{@A-RES|0|+9.874929E+04{@LIM3|+1.000000E+05|+1.150000E+05|+8.500000E+04}}
}
{@BLOCK|r10251|00
{@A-RES|0|+1.003473E+05{@LIM3|+1.000000E+05|+1.150000E+05|+8.500000E+04}}
}
{@BLOCK|r10252|00
{@A-RES|0|+9.982193E+04{@LIM3|+1.000000E+05|+1.150000E+05|+8.500000E+04}}
}
{@BLOCK|r10253|00
{@A-RES|0|+1.001990E+05{@LIM3|+1.000000E+05|+1.150000E+05|+8.500000E+04}}
}
{@BLOCK|r10257|00
{@A-RES|0|+1.002894E+05{@LIM3|+1.000000E+05|+1.150000E+05|+8.500000E+04}}
}
{@BLOCK|r10258|00
{@A-RES|0|+9.987684E+04{@LIM3|+1.000000E+05|+1.150000E+05|+8.500000E+04}}
}
{@BLOCK|rbl80|00
{@A-RES|0|+9.890399E+04{@LIM3|+1.000000E+05|+1.150000E+05|+8.500000E+04}}
}
{@BLOCK|pre11|00
{@A-RES|0|+1.007910E+05{@LIM3|+1.000000E+05|+1.150000E+05|+8.500000E+04}}
}
{@BLOCK|r3803|00
{@A-RES|0|+9.937232E+04{@LIM3|+1.000000E+05|+1.150000E+05|+8.500000E+04}}
}
{@BLOCK|r10178|00
{@A-RES|0|+1.010717E+05{@LIM3|+1.000000E+05|+1.150000E+05|+8.500000E+04}}
}
{@BLOCK|rc307|00
{@A-RES|0|+1.015080E+05{@LIM3|+1.000000E+05|+1.150000E+05|+7.500000E+04}}
}
{@BLOCK|rc313|00
{@A-RES|0|+1.019717E+05{@LIM3|+1.000000E+05|+1.150000E+05|+8.500000E+04}}
}
{@BLOCK|rc314|00
{@A-RES|0|+1.006003E+05{@LIM3|+1.000000E+05|+1.150000E+05|+8.500000E+04}}
}
{@BLOCK|rc894|00
{@A-RES|0|+1.021723E+05{@LIM3|+1.000000E+05|+1.150000E+05|+8.500000E+04}}
}
{@BLOCK|rc1157|00
{@A-RES|0|+8.861773E+04{@LIM3|+1.000000E+05|+1.350000E+05|+6.500000E+04}}
}
{@BLOCK|rbl6436|00
{@A-RES|0|+1.004876E+05{@LIM3|+1.000000E+05|+1.150000E+05|+8.500000E+04}}
}
{@BLOCK|rbl6438|00
{@A-RES|0|+9.977929E+04{@LIM3|+1.000000E+05|+1.150000E+05|+8.500000E+04}}
}
{@BLOCK|rc893|00
{@A-RES|0|+1.005308E+05{@LIM3|+1.000000E+05|+1.150000E+05|+8.500000E+04}}
}
{@BLOCK|rc1139|00
{@A-RES|0|+9.565456E+04{@LIM3|+1.000000E+05|+1.200000E+05|+8.000000E+04}}
}
{@BLOCK|rc1151|00
{@A-RES|0|+1.001893E+05{@LIM3|+1.000000E+05|+1.150000E+05|+8.500000E+04}}
}
{@BLOCK|rg38|00
{@A-RES|0|+9.934850E+04{@LIM3|+1.000000E+05|+1.150000E+05|+8.500000E+04}}
}
{@BLOCK|rg1731|00
{@A-RES|0|+9.837457E+04{@LIM3|+1.000000E+05|+1.150000E+05|+8.500000E+04}}
}
{@BLOCK|rg1748|00
{@A-RES|0|+9.868851E+04{@LIM3|+1.000000E+05|+1.150000E+05|+8.500000E+04}}
}
{@BLOCK|rh41|00
{@A-RES|0|+9.642438E+04{@LIM3|+1.000000E+05|+1.150000E+05|+8.500000E+04}}
}
{@BLOCK|rh42|00
{@A-RES|0|+8.918087E+04{@LIM3|+9.090900E+04|+1.045454E+05|+7.727265E+04}}
}
{@BLOCK|rh43|00
{@A-RES|0|+9.746968E+04{@LIM3|+1.000000E+05|+1.150000E+05|+8.500000E+04}}
}
{@BLOCK|rh44|00
{@A-RES|0|+9.650132E+04{@LIM3|+1.000000E+05|+1.150000E+05|+8.500000E+04}}
}
{@BLOCK|rh53|00
{@A-RES|0|+1.022225E+05{@LIM3|+1.000000E+05|+1.150000E+05|+8.500000E+04}}
}
{@BLOCK|rh92|00
{@A-RES|0|+8.442531E+04{@LIM3|+1.000000E+05|+1.350000E+05|+6.500000E+04}}
}
{@BLOCK|rh133|00
{@A-RES|0|+9.980656E+04{@LIM3|+1.000000E+05|+1.150000E+05|+8.500000E+04}}
}
{@BLOCK|rh135|00
{@A-RES|0|+1.006953E+05{@LIM3|+1.000000E+05|+1.150000E+05|+8.500000E+04}}
}
{@BLOCK|rh158|00
{@A-RES|0|+9.955738E+04{@LIM3|+1.000000E+05|+1.150000E+05|+8.500000E+04}}
}
{@BLOCK|rh167|00
{@A-RES|0|+9.938659E+04{@LIM3|+1.000000E+05|+1.150000E+05|+8.500000E+04}}
}
{@BLOCK|rh180|00
{@A-RES|0|+9.959664E+04{@LIM3|+1.000000E+05|+1.150000E+05|+8.500000E+04}}
}
{@BLOCK|rt3|00
{@A-RES|0|+1.003751E+05{@LIM3|+1.000000E+05|+1.150000E+05|+8.500000E+04}}
}
{@BLOCK|rv2|00
{@A-RES|0|+1.001107E+05{@LIM3|+1.000000E+05|+1.150000E+05|+8.500000E+04}}
}
{@BLOCK|rv750|00
{@A-RES|0|+9.721109E+04{@LIM3|+1.000000E+05|+1.150000E+05|+8.500000E+04}}
}
{@BLOCK|rv751|00
{@A-RES|0|+1.029321E+05{@LIM3|+1.000000E+05|+1.150000E+05|+8.500000E+04}}
}
{@BLOCK|rv3703|00
{@A-RES|0|+1.077012E+05{@LIM3|+1.000000E+05|+1.150000E+05|+8.500000E+04}}
}
{@BLOCK|rg26|00
{@A-RES|0|+1.013701E+05{@LIM3|+1.000000E+05|+1.150000E+05|+8.500000E+04}}
}
{@BLOCK|qg6%qf2|00
{@A-NFE|0|+5.796233E+01{@LIM2|+2.000000E+02|+2.000000E+01}}
}
{@BLOCK|rh56|00
{@A-RES|0|+1.025739E+05{@LIM3|+1.000000E+05|+1.150000E+05|+8.500000E+04}}
}
{@BLOCK|rh186|00
{@A-RES|0|+9.969107E+04{@LIM3|+1.000000E+05|+1.150000E+05|+8.500000E+04}}
}
{@BLOCK|rh187|00
{@A-RES|0|+9.884978E+04{@LIM3|+1.000000E+05|+1.150000E+05|+8.500000E+04}}
}
{@BLOCK|rv3710|00
{@A-RES|0|+6.017979E+04{@LIM3|+6.000000E+04|+6.900000E+04|+5.100000E+04}}
}
{@BLOCK|rw5202|00
{@A-RES|0|+1.011081E+05{@LIM3|+1.000000E+05|+1.150000E+05|+8.500000E+04}}
}
{@BLOCK|pr509|00
{@A-RES|0|+2.223298E+03{@LIM3|+2.200000E+03|+2.420000E+03|+1.980000E+03}}
}
{@BLOCK|rw5211|00
{@A-RES|0|+1.023142E+05{@LIM3|+1.000000E+05|+1.150000E+05|+8.500000E+04}}
}
{@BLOCK|pr505|00
{@A-RES|0|+4.741505E+05{@LIM3|+4.990000E+05|+5.538900E+05|+4.441100E+05}}
}
{@BLOCK|pr506|00
{@A-RES|0|+1.462672E+05{@LIM3|+1.500000E+05|+1.665000E+05|+1.335000E+05}}
}
{@BLOCK|r5806|00
{@A-RES|0|+2.228944E+03{@LIM3|+2.200000E+03|+2.420000E+03|+1.980000E+03}}
}
{@BLOCK|r5807|00
{@A-RES|0|+2.233740E+03{@LIM3|+2.200000E+03|+2.420000E+03|+1.980000E+03}}
}
{@BLOCK|r5819|00
{@A-RES|0|+2.220758E+03{@LIM3|+2.200000E+03|+2.420000E+03|+1.980000E+03}}
}
{@BLOCK|r5832|00
{@A-RES|0|+2.216674E+03{@LIM3|+2.200000E+03|+2.420000E+03|+1.980000E+03}}
}
{@BLOCK|r5833|00
{@A-RES|0|+2.220573E+03{@LIM3|+2.200000E+03|+2.420000E+03|+1.980000E+03}}
}
{@BLOCK|rbl6431|00
{@A-RES|0|+2.217095E+03{@LIM3|+2.200000E+03|+2.420000E+03|+1.980000E+03}}
}
{@BLOCK|rbl6432|00
{@A-RES|0|+2.214362E+03{@LIM3|+2.200000E+03|+2.420000E+03|+1.980000E+03}}
}
{@BLOCK|rg12|00
{@A-RES|0|+2.260331E+03{@LIM3|+2.200000E+03|+2.420000E+03|+1.980000E+03}}
}
{@BLOCK|rg41|00
{@A-RES|0|+2.174105E+03{@LIM3|+2.200000E+03|+2.420000E+03|+1.980000E+03}}
}
{@BLOCK|rg43|00
{@A-RES|0|+2.192859E+03{@LIM3|+2.200000E+03|+2.420000E+03|+1.980000E+03}}
}
{@BLOCK|rg1737|00
{@A-RES|0|+2.193170E+03{@LIM3|+2.200000E+03|+2.420000E+03|+1.980000E+03}}
}
{@BLOCK|rt4314|00
{@A-RES|0|+2.212369E+03{@LIM3|+2.200000E+03|+2.420000E+03|+1.980000E+03}}
}
{@BLOCK|rt4315|00
{@A-RES|0|+2.209648E+03{@LIM3|+2.200000E+03|+2.420000E+03|+1.980000E+03}}
}
{@BLOCK|pr1001|00
{@A-RES|0|+1.009667E+06{@LIM3|+1.000000E+06|+1.210000E+06|+7.900000E+05}}
}
{@BLOCK|pr1806|00
{@A-RES|0|+8.776930E+05{@LIM3|+1.000000E+06|+1.300000E+06|+7.000000E+05}}
}
{@BLOCK|prb2|00
{@A-RES|0|+1.000476E+06{@LIM3|+1.000000E+06|+1.210000E+06|+7.900000E+05}}
}
{@BLOCK|rh34|00
{@A-RES|0|+1.997803E+04{@LIM3|+2.000000E+04|+2.120000E+04|+1.880000E+04}}
}
{@BLOCK|rh65|00
{@A-RES|0|+1.998949E+04{@LIM3|+2.000000E+04|+2.120000E+04|+1.880000E+04}}
}
{@BLOCK|rt4309|00
{@A-RES|0|+1.998068E+04{@LIM3|+2.000000E+04|+2.120000E+04|+1.880000E+04}}
}
{@BLOCK|pr1861|00
{@A-RES|0|+9.891547E+05{@LIM3|+1.000000E+06|+1.250000E+06|+7.500000E+05}}
}
{@BLOCK|prdg3|00
{@A-RES|0|+1.002297E+06{@LIM3|+1.000000E+06|+1.250000E+06|+7.500000E+05}}
}
{@BLOCK|rg23|00
{@A-RES|0|+2.203907E+03{@LIM3|+2.200000E+03|+2.420000E+03|+1.980000E+03}}
}
{@BLOCK|rg39|00
{@A-RES|0|+2.243874E+03{@LIM3|+2.200000E+03|+2.420000E+03|+1.980000E+03}}
}
{@BLOCK|rg1739|00
{@A-RES|0|+2.207775E+03{@LIM3|+2.200000E+03|+2.420000E+03|+1.980000E+03}}
}
{@BLOCK|rg1740|00
{@A-RES|0|+2.250274E+03{@LIM3|+2.200000E+03|+2.420000E+03|+1.980000E+03}}
}
{@BLOCK|rh2|00
{@A-RES|0|+2.210620E+03{@LIM3|+2.200000E+03|+2.420000E+03|+1.980000E+03}}
}
{@BLOCK|rh6|00
{@A-RES|0|+2.389580E+03{@LIM3|+2.200000E+03|+2.420000E+03|+1.980000E+03}}
}
{@BLOCK|pr1802|00
{@A-RES|0|+3.299182E+03{@LIM3|+3.300000E+03|+3.498000E+03|+3.102000E+03}}
}
{@BLOCK|pr1883|00
{@A-JUM|0|+7.812939E+00{@LIM2|+1.500000E+01|+0.000000E+00}}
}
{@BLOCK|pre10|00
{@A-RES|0|+1.005204E+06{@LIM3|+1.000000E+06|+1.250000E+06|+7.500000E+05}}
}
{@BLOCK|rc864|00
{@A-RES|0|+1.012928E+06{@LIM3|+1.000000E+06|+1.250000E+06|+7.500000E+05}}
}
{@BLOCK|pr1863|00
{@A-RES|0|+7.523778E+04{@LIM3|+7.500000E+04|+7.950000E+04|+7.050000E+04}}
}
{@BLOCK|prb34|00
{@A-RES|0|+7.435532E+04{@LIM3|+7.500000E+04|+7.950000E+04|+7.050000E+04}}
}
{@BLOCK|rw5212|00
{@A-RES|0|+7.255637E+04{@LIM3|+7.500000E+04|+8.625000E+04|+6.375000E+04}}
}
{@BLOCK|rg137|00
{@A-JUM|0|+7.658058E+00{@LIM2|+1.500000E+01|+0.000000E+00}}
}
{@BLOCK|prb3|00
{@A-RES|0|+2.994646E+06{@LIM3|+3.000000E+06|+3.750000E+06|+2.250000E+06}}
}
{@BLOCK|prb6|00
{@A-RES|0|+4.029724E+03{@LIM3|+4.020000E+03|+4.261200E+03|+3.778800E+03}}
}
{@BLOCK|prv155|00
{@A-JUM|0|+5.677671E+00{@LIM2|+1.500000E+01|+0.000000E+00}}
}
{@BLOCK|prv156|00
{@A-JUM|0|+5.696685E+00{@LIM2|+1.500000E+01|+0.000000E+00}}
}
{@BLOCK|prv169|00
{@A-JUM|0|+6.201300E+00{@LIM2|+1.500000E+01|+0.000000E+00}}
}
{@BLOCK|prv170|00
{@A-JUM|0|+6.312016E+00{@LIM2|+1.500000E+01|+0.000000E+00}}
}
{@BLOCK|prw4|00
{@A-RES|0|+3.100605E+04{@LIM3|+3.160000E+04|+3.349600E+04|+2.970400E+04}}
}
{@BLOCK|rg193|00
{@A-RES|0|+3.151570E+04{@LIM3|+3.160000E+04|+3.349600E+04|+2.970400E+04}}
}
{@BLOCK|prb20|00
{@A-RES|0|+3.128971E+05{@LIM3|+3.160000E+05|+3.507600E+05|+2.812400E+05}}
}
{@BLOCK|prb27|00
{@A-RES|0|+1.209240E+05{@LIM3|+1.200000E+05|+1.332000E+05|+1.068000E+05}}
}
{@BLOCK|prb33|00
{@A-RES|0|+5.110561E+05{@LIM3|+5.110000E+05|+5.672100E+05|+4.547900E+05}}
}
{@BLOCK|prv26|00
{@A-RES|0|+6.041987E+04{@LIM3|+6.040000E+04|+6.402400E+04|+5.677600E+04}}
}
{@BLOCK|prv20|00
{@A-RES|0|+2.759927E+02{@LIM3|+2.740000E+02|+2.954400E+02|+2.575600E+02}}
}
{@BLOCK|prv21|00
{@A-RES|0|+1.376935E+04{@LIM3|+1.370000E+04|+1.452200E+04|+1.287800E+04}}
}
{@BLOCK|prv22|00
{@A-RES|0|+5.068942E+01{@LIM3|+4.990000E+01|+5.789398E+01|+4.690600E+01}}
}
{@BLOCK|rc1931|00
{@A-RES|0|+5.220717E+01{@LIM3|+4.990000E+01|+5.789398E+01|+4.690600E+01}}
}
{@BLOCK|rc1962|00
{@A-RES|0|+5.195273E+01{@LIM3|+4.990000E+01|+5.789398E+01|+4.690600E+01}}
}
{@BLOCK|rc1963|00
{@A-RES|0|+5.192685E+01{@LIM3|+4.990000E+01|+5.789398E+01|+4.690600E+01}}
}
{@BLOCK|rc895|00
{@A-JUM|0|+3.707698E+00{@LIM2|+1.500000E+01|+0.000000E+00}}
}
{@BLOCK|prg10|00
{@A-RES|0|+6.052458E+03{@LIM3|+6.040000E+03|+6.402400E+03|+5.677600E+03}}
}
{@BLOCK|prg15|00
{@A-RES|0|+6.043814E+03{@LIM3|+6.040000E+03|+6.402400E+03|+5.677600E+03}}
}
{@BLOCK|prz7|00
{@A-RES|0|+1.540620E+03{@LIM3|+1.540000E+03|+1.632400E+03|+1.447600E+03}}
}
{@BLOCK|prz53|00
{@A-RES|0|+2.813286E+03{@LIM3|+2.800000E+03|+2.968000E+03|+2.632000E+03}}
}
{@BLOCK|rc1967|00
{@A-RES|0|+5.108740E+01{@LIM3|+4.990000E+01|+5.789398E+01|+4.690600E+01}}
}
{@BLOCK|rc1968|00
{@A-RES|0|+5.063356E+01{@LIM3|+4.990000E+01|+5.789398E+01|+4.690600E+01}}
}
{@BLOCK|rg174|00
{@A-RES|0|+5.038283E+01{@LIM3|+4.990000E+01|+5.789398E+01|+4.690600E+01}}
}
{@BLOCK|rg176|00
{@A-RES|0|+5.113771E+01{@LIM3|+4.990000E+01|+5.789398E+01|+4.690600E+01}}
}
{@BLOCK|rc398|00
{@A-RES|0|+4.988702E+02{@LIM3|+4.990000E+02|+5.289400E+02|+4.690600E+02}}
}
{@BLOCK|prv95|00
{@A-RES|0|+4.713453E+03{@LIM3|+4.700000E+03|+4.982000E+03|+4.418000E+03}}
}
{@BLOCK|prv215|00
{@A-RES|0|+3.002869E+05{@LIM3|+3.010000E+05|+3.341100E+05|+2.678900E+05}}
}
{@BLOCK|prv221|00
{@A-RES|0|+7.356248E+03{@LIM3|+7.320000E+03|+8.052000E+03|+6.588000E+03}}
}
{@BLOCK|prv222|00
{@A-RES|0|+7.659337E+03{@LIM3|+7.320000E+03|+8.418000E+03|+6.222000E+03}}
}
{@BLOCK|prv224|00
{@A-RES|0|+7.691246E+03{@LIM3|+7.320000E+03|+9.223200E+03|+5.416800E+03}}
}
{@BLOCK|rh193|00
{@A-RES|0|+4.997311E+04{@LIM3|+4.990000E+04|+5.289400E+04|+4.690600E+04}}
}
{@BLOCK|prz31|00
{@A-RES|0|+5.899684E+04{@LIM3|+5.900000E+04|+6.254000E+04|+4.366000E+04}}
}
{@BLOCK|r374|00
{@A-RES|0|+4.720996E+03{@LIM3|+4.700000E+03|+4.982000E+03|+4.418000E+03}}
}
{@BLOCK|rg1763|00
{@A-RES|0|+4.706964E+03{@LIM3|+4.700000E+03|+4.982000E+03|+4.418000E+03}}
}
{@BLOCK|rg1764|00
{@A-RES|0|+4.703410E+03{@LIM3|+4.700000E+03|+4.982000E+03|+4.418000E+03}}
}
{@BLOCK|rh190|00
{@A-RES|0|+4.656155E+03{@LIM3|+4.700000E+03|+4.982000E+03|+4.418000E+03}}
}
{@BLOCK|rt4311|00
{@A-RES|0|+4.706964E+03{@LIM3|+4.700000E+03|+4.982000E+03|+4.418000E+03}}
}
{@BLOCK|prz5|00
{@A-RES|0|+3.243031E+04{@LIM3|+3.240000E+04|+3.434400E+04|+3.045600E+04}}
}
{@BLOCK|prz21|00
{@A-RES|0|+1.184534E+04{@LIM3|+1.180000E+04|+2.076800E+04|+2.832000E+03}}
}
{@BLOCK|rh194|00
{@A-RES|0|+4.995989E+04{@LIM3|+4.990000E+04|+5.289400E+04|+4.690600E+04}}
}
{@BLOCK|prz6|00
{@A-RES|0|+3.330459E+02{@LIM3|+3.300000E+02|+3.498000E+02|+3.102000E+02}}
}
{@BLOCK|prz8|00
{@A-RES|0|+1.432085E+03{@LIM3|+1.430000E+03|+1.515800E+03|+1.344200E+03}}
}
{@BLOCK|prz9|00
{@A-RES|0|+1.910140E+04{@LIM3|+1.910000E+04|+2.024600E+04|+1.795400E+04}}
}
{@BLOCK|prz15|00
{@A-RES|0|+3.406620E+03{@LIM3|+3.400000E+03|+4.284000E+03|+2.516000E+03}}
}
{@BLOCK|prz16|00
{@A-RES|0|+3.012259E+03{@LIM3|+3.010000E+03|+3.190600E+03|+2.829400E+03}}
}
{@BLOCK|prz27|00
{@A-RES|0|+8.003219E+04{@LIM3|+8.060000E+04|+1.370200E+05|+2.418000E+04}}
}
{@BLOCK|prz45|00
{@A-RES|0|+4.648398E+01{@LIM3|+4.530000E+01|+5.301799E+01|+4.258200E+01}}
}
{@BLOCK|prz55|00
{@A-RES|0|+1.690687E+03{@LIM3|+1.690000E+03|+1.791400E+03|+1.588600E+03}}
}
{@BLOCK|prz56|00
{@A-RES|0|+1.694873E+03{@LIM3|+1.690000E+03|+1.791400E+03|+1.588600E+03}}
}
{@BLOCK|prz61|00
{@A-JUM|0|+4.446942E+00{@LIM2|+1.500000E+01|+0.000000E+00}}
}
{@BLOCK|prz67|00
{@A-RES|0|+9.567467E+01{@LIM3|+8.900000E+01|+1.201500E+02|+6.230000E+01}}
}
{@BLOCK|prz65|00
{@A-RES|0|+6.473298E+04{@LIM3|+6.490000E+04|+6.879400E+04|+6.100600E+04}}
}
{@BLOCK|prz66|00
{@A-RES|0|+2.232543E+04{@LIM3|+2.210000E+04|+2.342600E+04|+2.077400E+04}}
}
{@BLOCK|prz121|00
{@A-RES|0|+9.306762E+02{@LIM3|+9.310000E+02|+9.868600E+02|+8.751400E+02}}
}
{@BLOCK|prz127|00
{@A-RES|0|+9.337528E+02{@LIM3|+9.310000E+02|+9.868600E+02|+8.751400E+02}}
}
{@BLOCK|prz29|00
{@A-RES|0|+1.916224E+03{@LIM3|+1.910000E+03|+2.483000E+03|+1.413400E+03}}
}
{@BLOCK|prz33|00
{@A-RES|0|+2.362900E+04{@LIM3|+2.370000E+04|+3.223200E+04|+1.753800E+04}}
}
{@BLOCK|prz38|00
{@A-RES|0|+3.906395E+03{@LIM3|+3.900000E+03|+5.265000E+03|+2.886000E+03}}
}
{@BLOCK|prz57|00
{@A-JUM|0|+5.089217E+00{@LIM2|+1.500000E+01|+0.000000E+00}}
}
{@BLOCK|prz63|00
{@A-JUM|0|+5.026381E+00{@LIM2|+1.500000E+01|+0.000000E+00}}
}
{@BLOCK|rps27|00
{@A-RES|0|+1.992884E+06{@LIM3|+2.000000E+06|+2.500000E+06|+1.500000E+06}}
}
{@BLOCK|rc1005|00
{@A-RES|0|+4.002910E+01{@LIM3|+3.800000E+01|+5.130000E+01|+3.420000E+01}}
}
{@BLOCK|rg67|00
{@A-RES|0|+3.582289E+01{@LIM3|+3.300000E+01|+4.129999E+01|+2.970000E+01}}
}
{@BLOCK|prz128|00
{@A-RES|0|+9.329117E+02{@LIM3|+9.310000E+02|+9.868600E+02|+8.751400E+02}}
}
{@BLOCK|prz230|00
{@A-RES|0|+9.326317E+02{@LIM3|+9.310000E+02|+9.868600E+02|+8.751400E+02}}
}
{@BLOCK|prz233|00
{@A-RES|0|+9.325384E+02{@LIM3|+9.310000E+02|+9.868600E+02|+8.751400E+02}}
}
{@BLOCK|prz221|00
{@A-RES|0|+1.500108E+03{@LIM3|+1.500000E+03|+1.590000E+03|+1.410000E+03}}
}
{@BLOCK|prz222|00
{@A-RES|0|+1.493850E+03{@LIM3|+1.500000E+03|+1.590000E+03|+1.410000E+03}}
}
{@BLOCK|prz223|00
{@A-RES|0|+2.742029E+03{@LIM3|+2.740000E+03|+2.904400E+03|+2.575600E+03}}
}
{@BLOCK|r30|00
{@A-RES|0|+6.842858E+02{@LIM3|+6.800000E+02|+7.208000E+02|+6.392000E+02}}
}
{@BLOCK|rh69|00
{@A-RES|0|+3.601552E+01{@LIM3|+3.300000E+01|+4.129999E+01|+2.970000E+01}}
}
{@BLOCK|rw5203|00
{@A-RES|0|+3.528658E+01{@LIM3|+3.300000E+01|+4.129999E+01|+2.970000E+01}}
}
{@BLOCK|rw5204|00
{@A-RES|0|+3.609166E+01{@LIM3|+3.300000E+01|+4.129999E+01|+2.970000E+01}}
}
{@BLOCK|r10201|00
{@A-RES|0|+7.231744E+04{@LIM3|+7.500000E+04|+8.250000E+04|+6.750000E+04}}
}
{@BLOCK|r10255|00
{@A-RES|0|+7.233124E+04{@LIM3|+7.500000E+04|+8.625000E+04|+6.375000E+04}}
}
{@BLOCK|rc1404|00
{@A-RES|0|+7.269561E+04{@LIM3|+7.500000E+04|+8.625000E+04|+6.375000E+04}}
}
{@BLOCK|rg135|00
{@A-RES|0|+4.971133E+01{@LIM3|+4.700000E+01|+5.670000E+01|+4.230000E+01}}
}
{@BLOCK|rg284|00
{@A-RES|0|+4.973083E+01{@LIM3|+4.700000E+01|+5.670000E+01|+4.230000E+01}}
}
{@BLOCK|rh11|00
{@A-RES|0|+4.732652E+03{@LIM3|+4.700000E+03|+5.170000E+03|+4.230000E+03}}
}
{@BLOCK|rh14|00
{@A-RES|0|+4.715860E+03{@LIM3|+4.700000E+03|+5.170000E+03|+4.230000E+03}}
}
{@BLOCK|rtp6306|00
{@A-RES|0|+4.697640E+03{@LIM3|+4.700000E+03|+5.170000E+03|+4.230000E+03}}
}
{@BLOCK|rtp6311|00
{@A-RES|0|+4.731903E+03{@LIM3|+4.700000E+03|+5.170000E+03|+4.230000E+03}}
}
{@BLOCK|rv684|00
{@A-RES|0|+4.592667E+03{@LIM3|+4.700000E+03|+5.170000E+03|+4.230000E+03}}
}
{@BLOCK|rv685|00
{@A-RES|0|+4.725567E+03{@LIM3|+4.700000E+03|+5.170000E+03|+4.230000E+03}}
}
{@BLOCK|rbl6415|00
{@A-RES|0|+1.509444E+05{@LIM3|+1.500000E+05|+1.725000E+05|+1.275000E+05}}
}
{@BLOCK|rps21|00
{@A-RES|0|+1.508374E+05{@LIM3|+1.500000E+05|+1.725000E+05|+1.275000E+05}}
}
{@BLOCK|rh87|00
{@A-RES|0|+2.032634E+01{@LIM3|+2.000000E+01|+2.620000E+01|+1.880000E+01}}
}
{@BLOCK|r10224|00
{@A-RES|0|+3.378238E+01{@LIM3|+3.300000E+01|+3.998000E+01|+3.102000E+01}}
}
{@BLOCK|rc1947|00
{@A-RES|0|+4.703430E+03{@LIM3|+4.700000E+03|+5.170000E+03|+4.230000E+03}}
}
{@BLOCK|rc4043|00
{@A-RES|0|+4.701789E+03{@LIM3|+4.700000E+03|+5.170000E+03|+4.230000E+03}}
}
{@BLOCK|rc64|00
{@A-RES|0|+4.720878E+02{@LIM3|+4.700000E+02|+4.982000E+02|+4.418000E+02}}
}
{@BLOCK|rc279|00
{@A-RES|0|+2.235423E+02{@LIM3|+2.200000E+02|+2.469999E+02|+1.980000E+02}}
}
{@BLOCK|rc450|00
{@A-RES|0|+2.235233E+01{@LIM3|+2.000000E+01|+2.700000E+01|+1.800000E+01}}
}
{@BLOCK|rc830|00
{@A-RES|0|+2.325970E+04{@LIM3|+2.320000E+04|+2.459200E+04|+2.180800E+04}}
}
{@BLOCK|rc1959|00
{@A-RES|0|+1.760528E+01{@LIM3|+1.500000E+01|+2.149999E+01|+1.350000E+01}}
}
{@BLOCK|rtp6308|00
{@A-RES|0|+4.729570E+02{@LIM3|+4.700000E+02|+4.982000E+02|+4.418000E+02}}
}
{@BLOCK|rc1957|00
{@A-RES|0|+1.796829E+01{@LIM3|+1.500000E+01|+2.149999E+01|+1.350000E+01}}
}
{@BLOCK|rc1958|00
{@A-RES|0|+1.772852E+01{@LIM3|+1.500000E+01|+2.149999E+01|+1.350000E+01}}
}
{@BLOCK|rc1960|00
{@A-RES|0|+1.774596E+01{@LIM3|+1.500000E+01|+2.149999E+01|+1.350000E+01}}
}
{@BLOCK|rc1961|00
{@A-RES|0|+1.765643E+01{@LIM3|+1.500000E+01|+2.149999E+01|+1.350000E+01}}
}
{@BLOCK|rl5112|00
{@A-RES|0|+7.777662E+01{@LIM3|+7.500000E+01|+8.750002E+01|+6.750000E+01}}
}
{@BLOCK|rl5113|00
{@A-RES|0|+7.783470E+01{@LIM3|+7.500000E+01|+8.750002E+01|+6.750000E+01}}
}
{@BLOCK|rl5114|00
{@A-RES|0|+7.824367E+01{@LIM3|+7.500000E+01|+8.750002E+01|+6.750000E+01}}
}
{@BLOCK|rl5115|00
{@A-RES|0|+7.820454E+01{@LIM3|+7.500000E+01|+8.750002E+01|+6.750000E+01}}
}
{@BLOCK|rg7|00
{@A-RES|0|+2.481651E+03{@LIM3|+2.490000E+03|+2.639400E+03|+2.340600E+03}}
}
{@BLOCK|rg27|00
{@A-RES|0|+4.558656E+03{@LIM3|+4.750000E+03|+5.462500E+03|+4.037500E+03}}
}
{@BLOCK|rg28|00
{@A-RES|0|+4.753139E+03{@LIM3|+4.750000E+03|+5.035000E+03|+4.465000E+03}}
}
{@BLOCK|rg92|00
{@A-RES|0|+4.115374E+01{@LIM3|+4.020000E+01|+4.761200E+01|+3.778800E+01}}
}
{@BLOCK|rg286|00
{@A-RES|0|+5.465104E+01{@LIM3|+5.100000E+01|+6.109999E+01|+4.590000E+01}}
}
{@BLOCK|rh125|00
{@A-RES|0|+2.030598E+02{@LIM3|+2.000000E+02|+2.170000E+02|+1.880000E+02}}
}
{@BLOCK|rh126|00
{@A-RES|0|+2.024439E+02{@LIM3|+2.000000E+02|+2.170000E+02|+1.880000E+02}}
}
{@BLOCK|rh128|00
{@A-RES|0|+2.023913E+02{@LIM3|+2.000000E+02|+2.170000E+02|+1.880000E+02}}
}
{@BLOCK|rh112|00
{@A-RES|0|+1.983770E+03{@LIM3|+2.000000E+03|+2.200000E+03|+1.800000E+03}}
}
{@BLOCK|rh160|00
{@A-RES|0|+1.989262E+03{@LIM3|+2.000000E+03|+2.200000E+03|+1.800000E+03}}
}
{@BLOCK|rh161|00
{@A-RES|0|+1.993592E+03{@LIM3|+2.000000E+03|+2.200000E+03|+1.800000E+03}}
}
{@BLOCK|rl5102|00
{@A-RES|0|+1.489991E+04{@LIM3|+1.500000E+04|+1.650000E+04|+1.350000E+04}}
}
{@BLOCK|rt2|00
{@A-RES|0|+4.712960E+04{@LIM3|+4.700000E+04|+5.170000E+04|+4.230000E+04}}
}
{@BLOCK|rtp6304|00
{@A-RES|0|+5.128223E+02{@LIM3|+5.100000E+02|+5.406000E+02|+4.794000E+02}}
}
{@BLOCK|rtp6307|00
{@A-RES|0|+5.124287E+02{@LIM3|+5.100000E+02|+5.406000E+02|+4.794000E+02}}
}
{@BLOCK|rtp6321|00
{@A-RES|0|+5.118673E+02{@LIM3|+5.100000E+02|+5.406000E+02|+4.794000E+02}}
}
{@BLOCK|rtp6322|00
{@A-RES|0|+5.122320E+02{@LIM3|+5.100000E+02|+5.406000E+02|+4.794000E+02}}
}
{@BLOCK|rtp6324|00
{@A-RES|0|+5.141484E+02{@LIM3|+5.100000E+02|+5.406000E+02|+4.794000E+02}}
}
{@BLOCK|rtp6342|00
{@A-RES|0|+5.116991E+02{@LIM3|+5.100000E+02|+5.406000E+02|+4.794000E+02}}
}
{@BLOCK|rtp6343|00
{@A-RES|0|+5.134986E+02{@LIM3|+5.100000E+02|+5.406000E+02|+4.794000E+02}}
}
{@BLOCK|rtp6345|00
{@A-RES|0|+5.133858E+02{@LIM3|+5.100000E+02|+5.406000E+02|+4.794000E+02}}
}
{@BLOCK|rtp6346|00
{@A-RES|0|+5.121198E+02{@LIM3|+5.100000E+02|+5.406000E+02|+4.794000E+02}}
}
{@BLOCK|rtp6348|00
{@A-RES|0|+5.127098E+02{@LIM3|+5.100000E+02|+5.406000E+02|+4.794000E+02}}
}
{@BLOCK|rd29|00
{@A-RES|0|+7.833129E+01{@LIM3|+7.500000E+01|+8.750002E+01|+6.750000E+01}}
}
{@BLOCK|rh38|00
{@A-RES|0|+5.439314E+01{@LIM3|+5.100000E+01|+6.109999E+01|+4.590000E+01}}
}
{@BLOCK|rh63|00
{@A-RES|0|+5.381692E+01{@LIM3|+5.100000E+01|+6.109999E+01|+4.590000E+01}}
}
{@BLOCK|rh9|00
{@A-RES|0|+1.997810E+04{@LIM3|+2.000000E+04|+2.200000E+04|+1.800000E+04}}
}
{@BLOCK|rh83|00
{@A-RES|0|+1.673104E+01{@LIM3|+1.300000E+01|+1.929999E+01|+1.170000E+01}}
}
{@BLOCK|rw5206|00
{@A-RES|0|+4.194134E+01{@LIM3|+3.900000E+01|+4.790000E+01|+3.510000E+01}}
}
{@BLOCK|rw5209|00
{@A-RES|0|+4.195075E+01{@LIM3|+3.900000E+01|+4.790000E+01|+3.510000E+01}}
}
{@BLOCK|qg1|00
{@A-PFE|0|+9.700404E+01{@LIM2|+2.000000E+02|+2.000000E+01}}
}
{@BLOCK|rtp6349|00
{@A-RES|0|+5.129912E+02{@LIM3|+5.100000E+02|+5.406000E+02|+4.794000E+02}}
}
{@BLOCK|rts1|00
{@A-RES|0|+1.666970E+04{@LIM3|+1.650000E+04|+1.749000E+04|+1.551000E+04}}
}
{@BLOCK|rts2|00
{@A-RES|0|+1.666078E+04{@LIM3|+1.650000E+04|+1.749000E+04|+1.551000E+04}}
}
{@BLOCK|pqd1|00
{@A-PFE|0|+1.132429E+02{@LIM2|+2.000000E+02|+2.000000E+01}}
}
{@BLOCK|qbl6402|00
{@A-PFE|0|+1.210249E+02{@LIM2|+2.000000E+02|+2.000000E+01}}
}
{@BLOCK|qh3|00
{@A-PFE|0|+1.254785E+02{@LIM2|+2.000000E+02|+2.000000E+01}}
}
{@BLOCK|qv46%qf|00
{@A-PFE|0|+2.056023E+02{@LIM2|+4.000000E+02|+2.000000E+01}}
}
{@BLOCK|pqb1%qf|00
{@A-NFE|0|+9.211899E+01{@LIM2|+2.000000E+02|+2.000000E+01}}
}
{@BLOCK|pqb5%qfa|00
{@A-NFE|0|+6.730231E+01{@LIM2|+2.000000E+02|+2.000000E+01}}
}
{@BLOCK|pqb9|00
{@A-NFE|0|+1.508310E+02{@LIM2|+2.000000E+02|+2.000000E+01}}
}
{@BLOCK|pqg1%qf2|00
{@A-NFE|0|+1.921705E+01{@LIM2|+4.000000E+02|+1.000000E+01}}
}
{@BLOCK|q6%qf2|00
{@A-NFE|0|+8.139532E+01{@LIM2|+2.000000E+02|+2.000000E+01}}
}
{@BLOCK|q7|00
{@A-NFE|0|+7.847550E+01{@LIM2|+2.000000E+02|+2.000000E+01}}
}
{@BLOCK|qc1102%qf1|00
{@A-NFE|0|+7.684451E+01{@LIM2|+2.000000E+02|+2.000000E+01}}
}
{@BLOCK|qc1102%qf2|00
{@A-NFE|0|+1.050946E+02{@LIM2|+2.000000E+02|+2.000000E+01}}
}
{@BLOCK|qc1104%qf2|00
{@A-NFE|0|+1.537791E+02{@LIM2|+2.000000E+02|+2.000000E+01}}
}
{@BLOCK|qc1106%qf2|00
{@A-NFE|0|+8.458393E+01{@LIM2|+2.000000E+02|+2.000000E+01}}
}
{@BLOCK|qc1120%qf1|00
{@A-NFE|0|+8.568276E+01{@LIM2|+2.000000E+02|+2.000000E+01}}
}
{@BLOCK|qc1120%qf2|00
{@A-NFE|0|+8.558721E+01{@LIM2|+2.000000E+02|+2.000000E+01}}
}
{@BLOCK|qc1121%qf1|00
{@A-NFE|0|+7.981019E+01{@LIM2|+2.000000E+02|+2.000000E+01}}
}
{@BLOCK|qc1122%qf1|00
{@A-NFE|0|+1.257527E+02{@LIM2|+2.000000E+02|+2.000000E+01}}
}
{@BLOCK|qc1122%qf2|00
{@A-NFE|0|+1.344464E+02{@LIM2|+2.000000E+02|+2.000000E+01}}
}
{@BLOCK|qg6%qf1|00
{@A-NFE|0|+9.101362E+01{@LIM2|+2.000000E+02|+2.000000E+01}}
}
{@BLOCK|qg7%qf2|00
{@A-NFE|0|+9.766807E+01{@LIM2|+2.000000E+02|+2.000000E+01}}
}
{@BLOCK|pqb2%qfa|00
{@A-NFE|0|+1.055768E+02{@LIM2|+2.000000E+02|+2.000000E+01}}
}
{@BLOCK|pqb8|00
{@A-NFE|0|+1.548420E+02{@LIM2|+4.000000E+02|+2.000000E+01}}
}
{@BLOCK|pqg1%qf1|00
{@A-NFE|0|+1.257033E+02{@LIM2|+2.000000E+02|+2.000000E+01}}
}
{@BLOCK|qc1106%qf1|00
{@A-NFE|0|+6.454571E+01{@LIM2|+2.000000E+02|+2.000000E+01}}
}
{@BLOCK|qg2%qf1|00
{@A-NFE|0|+9.195032E+01{@LIM2|+2.000000E+02|+2.000000E+01}}
}
{@BLOCK|qg2%qf2|00
{@A-NFE|0|+1.009765E+02{@LIM2|+2.000000E+02|+2.000000E+01}}
}
{@BLOCK|qg3%qf2|00
{@A-NFE|0|+9.192142E+01{@LIM2|+2.000000E+02|+2.000000E+01}}
}
{@BLOCK|qh1%qf1|00
{@A-NFE|0|+1.201264E+02{@LIM2|+2.000000E+02|+2.000000E+01}}
}
{@BLOCK|qg10%qf1|00
{@A-NFE|0|+8.382498E+01{@LIM2|+2.000000E+02|+2.000000E+01}}
}
{@BLOCK|qg10%qf2|00
{@A-NFE|0|+8.695357E+01{@LIM2|+2.000000E+02|+2.000000E+01}}
}
{@BLOCK|qg12%qf2|00
{@A-NFE|0|+8.296307E+01{@LIM2|+2.000000E+02|+2.000000E+01}}
}
{@BLOCK|qg26%qf1|00
{@A-NFE|0|+1.184032E+02{@LIM2|+2.000000E+02|+2.000000E+01}}
}
{@BLOCK|qg26%qf2|00
{@A-NFE|0|+9.454947E+01{@LIM2|+2.000000E+02|+2.000000E+01}}
}
{@BLOCK|qg27%qf1|00
{@A-NFE|0|+7.157519E+01{@LIM2|+2.000000E+02|+2.000000E+01}}
}
{@BLOCK|qg27%qf2|00
{@A-NFE|0|+7.588950E+01{@LIM2|+2.000000E+02|+2.000000E+01}}
}
{@BLOCK|qh4002|00
{@A-NFE|0|+2.457647E+01{@LIM2|+8.900000E+02|+2.000000E+01}}
}
{@BLOCK|qh4003|00
{@A-NFE|0|+1.547302E+02{@LIM2|+4.000000E+02|+2.000000E+01}}
}
{@BLOCK|qps1|00
{@A-NFE|0|+2.191358E+01{@LIM2|+9.800000E+02|+1.800000E+01}}
}
{@BLOCK|qt7|00
{@A-NFE|0|+1.021143E+02{@LIM2|+2.000000E+02|+2.000000E+01}}
}
{@BLOCK|qt8|00
{@A-NFE|0|+1.241391E+02{@LIM2|+2.000000E+02|+2.000000E+01}}
}
{@BLOCK|qv105%qf1|00
{@A-NFE|0|+8.269648E+01{@LIM2|+2.000000E+02|+2.000000E+01}}
}
{@BLOCK|qv105%qf2|00
{@A-NFE|0|+8.079550E+01{@LIM2|+2.000000E+02|+2.000000E+01}}
}
{@BLOCK|qz4%qf1|00
{@A-NFE|0|+7.248299E+01{@LIM2|+2.000000E+02|+2.000000E+01}}
}
{@BLOCK|qz4%qf2|00
{@A-NFE|0|+9.103216E+01{@LIM2|+2.000000E+02|+2.000000E+01}}
}
{@BLOCK|d1%cr1|00
{@A-DIO|0|+6.558388E-01{@LIM2|+8.000000E-01|+4.000000E-01}}
}
{@BLOCK|d7701%cr1|00
{@A-DIO|0|+6.617480E-01{@LIM2|+8.000000E-01|+4.000000E-01}}
}
{@BLOCK|d7718%cr1|00
{@A-DIO|0|+6.300180E-01{@LIM2|+8.000000E-01|+4.000000E-01}}
}
{@BLOCK|d7718%cr2|00
{@A-DIO|0|+6.361842E-01{@LIM2|+8.000000E-01|+4.000000E-01}}
}
{@BLOCK|dt31%cr3|00
{@A-DIO|0|+6.443201E-01{@LIM2|+8.000000E-01|+4.000000E-01}}
}
{@BLOCK|dt7201%cr1|00
{@A-DIO|0|+6.334865E-01{@LIM2|+8.000000E-01|+4.000000E-01}}
}
{@BLOCK|dt7201%cr2|00
{@A-DIO|0|+6.432495E-01{@LIM2|+8.000000E-01|+4.000000E-01}}
}
{@BLOCK|dt7203%cr2|00
{@A-DIO|0|+6.270634E-01{@LIM2|+8.000000E-01|+4.000000E-01}}
}
{@BLOCK|dt7218%cr1|00
{@A-DIO|0|+6.464611E-01{@LIM2|+8.000000E-01|+4.000000E-01}}
}
{@BLOCK|dt7218%cr2|00
{@A-DIO|0|+6.332724E-01{@LIM2|+8.000000E-01|+4.000000E-01}}
}
{@BLOCK|dtp65%cr1|00
{@A-DIO|0|+7.392959E-01{@LIM2|+8.000000E-01|+4.000000E-01}}
}
{@BLOCK|pdb1%cr1|00
{@A-DIO|0|+5.497296E-01{@LIM2|+8.000000E-01|+4.000000E-01}}
}
{@BLOCK|pdb1%cr2|00
{@A-DIO|0|+5.443342E-01{@LIM2|+8.000000E-01|+4.000000E-01}}
}
{@BLOCK|dt33|00
{@A-DIO|0|+4.015706E-01{@LIM2|+6.000000E-01|+2.000000E-01}}
}
{@BLOCK|dt40|00
{@A-DIO|0|+6.955334E-01{@LIM2|+8.000000E-01|+4.000000E-01}}
}
{@BLOCK|dt41|00
{@A-DIO|0|+6.383680E-01{@LIM2|+8.000000E-01|+4.000000E-01}}
}
{@BLOCK|dt42|00
{@A-DIO|0|+6.383680E-01{@LIM2|+8.000000E-01|+4.000000E-01}}
}
{@BLOCK|led6310|00
{@A-DIO|0|+3.182616E+00{@LIM2|+3.800000E+00|+2.800000E+00}}
}
{@BLOCK|led6302%blue|00
{@A-DIO|0|+2.717411E+00{@LIM2|+3.500000E+00|+2.500000E+00}}
}
{@BLOCK|led6302%red|00
{@A-DIO|0|+1.974212E+00{@LIM2|+2.500000E+00|+1.500000E+00}}
}
{@BLOCK|led6303%org|00
{@A-DIO|0|+2.051290E+00{@LIM2|+2.500000E+00|+1.500000E+00}}
}
{@BLOCK|led6303%white|00
{@A-DIO|0|+2.734539E+00{@LIM2|+3.500000E+00|+2.500000E+00}}
}
{@BLOCK|led6305%red|00
{@A-DIO|0|+1.968046E+00{@LIM2|+2.500000E+00|+1.500000E+00}}
}
{@BLOCK|led6313%blue|00
{@A-DIO|0|+2.718610E+00{@LIM2|+3.500000E+00|+2.500000E+00}}
}
{@BLOCK|led6313%red|00
{@A-DIO|0|+2.039129E+00{@LIM2|+2.500000E+00|+1.500000E+00}}
}
{@BLOCK|qps2|00
{@A-DIO|0|+6.862413E-01|B-E{@LIM2|+8.500000E-01|+4.500000E-01}}
}
{@BLOCK|d7703|00
{@A-DIO|0|+5.269406E-01{@LIM2|+8.000000E-01|+4.000000E-01}}
}
{@BLOCK|dtp6304%ds1|00
{@A-DIO|0|+2.888675E-01{@LIM2|+6.000000E-01|+2.000000E-01}}
}
{@BLOCK|dt4213%ds|00
{@A-DIO|0|+3.996537E-01{@LIM2|+6.000000E-01|+2.000000E-01}}
}
{@BLOCK|pd2|00
{@A-DIO|0|+5.885311E-01{@LIM2|+8.000000E-01|+4.000000E-01}}
}
{@BLOCK|pd3|00
{@A-DIO|0|+6.227480E-01{@LIM2|+8.000000E-01|+4.000000E-01}}
}
{@BLOCK|pd4|00
{@A-DIO|0|+5.803190E-01{@LIM2|+8.000000E-01|+4.000000E-01}}
}
{@BLOCK|pd7720|00
{@A-DIO|0|+6.706517E-01{@LIM2|+8.000000E-01|+4.000000E-01}}
}
{@BLOCK|pdd1|00
{@A-DIO|0|+7.007626E-01{@LIM2|+9.000000E-01|+5.000000E-01}}
}
{@BLOCK|pd201%cr1|00
{@A-DIO|0|+5.040610E-01{@LIM2|+8.000000E-01|+4.000000E-01}}
}
{@BLOCK|pd201%cr2|00
{@A-DIO|0|+5.010967E-01{@LIM2|+8.000000E-01|+4.000000E-01}}
}
{@BLOCK|uh4002%cr|00
{@A-DIO|0|+7.761757E-01{@LIM2|+9.000000E-01|+5.000000E-01}}
}
{@BLOCK|qps2|00
{@A-DIO|0|+6.629736E-01|B-C{@LIM2|+8.500000E-01|+4.500000E-01}}
}
}}