{@BATCH|loq15_irx9||3407|1||btest|050101034908~16|ICT0264\engineer|ICT0264|C:/Agilent_ICT/boards/loq15_irx9_mem_samsung|RevA|5b21d46524||5b21d46524
{@BTEST|6383000333|00|050101061219|000022|0|all||n||050101061241||1
{@BLOCK|pc307|00
{@A-CAP|0|+2.049756E-04{@LIM3|+1.828010E-04|+2.376413E-04|+1.279355E-04}}
}
{@BLOCK|pc516|00
{@A-CAP|0|+6.927765E-06{@LIM3|+6.700000E-06|+8.710000E-06|+4.690000E-06}}
}
{@BLOCK|cv4127|00
{@A-CAP|0|+4.744011E-05{@LIM3|+3.892000E-05|+5.059600E-05|+2.724400E-05}}
}
{@BLOCK|ct62|00
{@A-CAP|0|+2.249578E-05{@LIM3|+2.110000E-05|+3.165000E-05|+1.055000E-05}}
}
{@BLOCK|ch44|00
{@A-CAP|0|+1.203307E-04{@LIM3|+1.021010E-04|+1.327313E-04|+7.144048E-05}}
}
{@BLOCK|ct50|00
{@A-CAP|0|+2.254122E-04{@LIM3|+2.010010E-04|+2.613013E-04|+1.406730E-04}}
}
{@BLOCK|cbl18|00
{@A-CAP|0|+1.409367E-06{@LIM3|+1.201000E-06|+1.561300E-06|+8.407000E-07}}
}
{@BLOCK|cbl6408|00
{@A-CAP|0|+1.225190E-06{@LIM3|+1.000000E-06|+1.300000E-06|+7.000000E-07}}
}
{@BLOCK|pc507|00
{@A-CAP|0|+2.828236E-04{@LIM3|+2.577010E-04|+3.350113E-04|+1.803551E-04}}
}
{@BLOCK|cd20|00
{@A-CAP|0|+2.477962E-04{@LIM3|+2.705000E-04|+4.733750E-04|+8.106993E-05}}
}
{@BLOCK|ch4|00
{@A-CAP|0|+1.067845E-06{@LIM3|+1.000000E-06|+1.300000E-06|+7.000000E-07}}
}
{@BLOCK|ch7|00
{@A-CAP|0|+1.050278E-06{@LIM3|+1.000000E-06|+1.300000E-06|+7.000000E-07}}
}
{@BLOCK|cl5109|00
{@A-CAP|0|+2.707150E-06{@LIM3|+2.500000E-06|+3.250000E-06|+1.750000E-06}}
}
{@BLOCK|ct61|00
{@A-CAP|0|+1.008412E-05{@LIM3|+1.110000E-05|+1.443000E-05|+7.770000E-06}}
}
{@BLOCK|cw5209|00
{@A-CAP|0|+1.023183E-06{@LIM3|+1.000000E-06|+1.300000E-06|+7.000000E-07}}
}
{@BLOCK|ca5606|00
{@A-CAP|0|+2.079712E-06{@LIM3|+2.400000E-06|+3.120000E-06|+1.680000E-06}}
}
{@BLOCK|c8740|00
{@A-CAP|0|+1.247646E-07{@LIM3|+1.210000E-07|+1.815000E-07|+6.050000E-08}}
}
{@BLOCK|c8741|00
{@A-CAP|0|+9.378155E-08{@LIM3|+1.000000E-07|+1.200000E-07|+7.000000E-08}}
}
{@BLOCK|c8742|00
{@A-CAP|0|+1.083707E-07{@LIM3|+1.000000E-07|+1.200000E-07|+8.000000E-08}}
}
{@BLOCK|cf7701|00
{@A-CAP|0|+2.438460E-05{@LIM3|+2.510000E-05|+3.263000E-05|+1.757000E-05}}
}
{@BLOCK|c8751|00
{@A-CAP|0|+9.306130E-08{@LIM3|+1.000000E-07|+1.300000E-07|+7.000000E-08}}
}
{@BLOCK|c8754|00
{@A-CAP|0|+9.861990E-08{@LIM3|+1.000000E-07|+1.300000E-07|+7.000000E-08}}
}
{@BLOCK|c8755|00
{@A-CAP|0|+9.270390E-08{@LIM3|+8.000000E-08|+1.200000E-07|+4.000000E-08}}
}
{@BLOCK|c8756|00
{@A-CAP|0|+9.832162E-08{@LIM3|+1.000000E-07|+1.300000E-07|+7.000000E-08}}
}
{@BLOCK|c8758|00
{@A-CAP|0|+1.000908E-07{@LIM3|+1.000000E-07|+1.300000E-07|+7.000000E-08}}
}
{@BLOCK|c8760|00
{@A-CAP|0|+9.738310E-08{@LIM3|+1.000000E-07|+1.300000E-07|+7.000000E-08}}
}
{@BLOCK|c8761|00
{@A-CAP|0|+1.254855E-07{@LIM3|+1.320000E-07|+1.980000E-07|+6.600000E-08}}
}
{@BLOCK|c8763|00
{@A-CAP|0|+9.806888E-08{@LIM3|+1.000000E-07|+1.300000E-07|+7.000000E-08}}
}
{@BLOCK|c8766|00
{@A-CAP|0|+9.401634E-08{@LIM3|+1.000000E-07|+1.300000E-07|+7.000000E-08}}
}
{@BLOCK|c8769|00
{@A-CAP|0|+1.006278E-07{@LIM3|+1.000000E-07|+1.300000E-07|+7.000000E-08}}
}
{@BLOCK|c8770|00
{@A-CAP|0|+9.721010E-08{@LIM3|+1.000000E-07|+1.300000E-07|+7.000000E-08}}
}
{@BLOCK|c8772|00
{@A-CAP|0|+1.011086E-07{@LIM3|+1.000000E-07|+1.300000E-07|+7.000000E-08}}
}
{@BLOCK|c8773|00
{@A-CAP|0|+9.061199E-08{@LIM3|+7.600000E-08|+1.140000E-07|+3.800000E-08}}
}
{@BLOCK|c8775|00
{@A-CAP|0|+1.081901E-07{@LIM3|+1.370000E-07|+2.055000E-07|+6.850000E-08}}
}
{@BLOCK|c8776|00
{@A-CAP|0|+9.605586E-08{@LIM3|+1.000000E-07|+1.300000E-07|+7.000000E-08}}
}
{@BLOCK|c8778|00
{@A-CAP|0|+9.210136E-08{@LIM3|+1.000000E-07|+1.300000E-07|+7.000000E-08}}
}
{@BLOCK|cbl6404|00
{@A-CAP|0|+1.086003E-07{@LIM3|+1.000000E-07|+1.200000E-07|+8.000000E-08}}
}
{@BLOCK|cbl6405|00
{@A-CAP|0|+1.024171E-07{@LIM3|+1.000000E-07|+1.200000E-07|+8.000000E-08}}
}
{@BLOCK|cbl6409|00
{@A-CAP|0|+1.111416E-07{@LIM3|+1.000000E-07|+1.200000E-07|+8.000000E-08}}
}
{@BLOCK|cbl6413|00
{@A-CAP|0|+1.044356E-07{@LIM3|+1.300000E-07|+1.950000E-07|+6.500000E-08}}
}
{@BLOCK|cbl6414|00
{@A-CAP|0|+1.044005E-07{@LIM3|+1.000000E-07|+1.200000E-07|+8.000000E-08}}
}
{@BLOCK|cbl6419|00
{@A-CAP|0|+1.053821E-07{@LIM3|+1.000000E-07|+1.200000E-07|+8.000000E-08}}
}
{@BLOCK|cf7704|00
{@A-CAP|0|+9.630358E-08{@LIM3|+1.001000E-07|+1.301300E-07|+7.007000E-08}}
}
{@BLOCK|ch5|00
{@A-CAP|0|+1.200450E-06{@LIM3|+1.300000E-06|+1.950000E-06|+6.500000E-07}}
}
{@BLOCK|ch50|00
{@A-CAP|0|+1.134064E-07{@LIM3|+1.190000E-07|+1.785000E-07|+5.950000E-08}}
}
{@BLOCK|ch4014|00
{@A-CAP|0|+9.674316E-08{@LIM3|+1.000000E-07|+1.200000E-07|+8.000000E-08}}
}
{@BLOCK|cps25|00
{@A-CAP|0|+3.433737E-05{@LIM3|+3.054000E-05|+3.970200E-05|+2.137800E-05}}
}
{@BLOCK|ct4413|00
{@A-CAP|0|+1.623084E-06{@LIM3|+1.880000E-06|+2.350000E-06|+1.316000E-06}}
}
{@BLOCK|ct7209|00
{@A-CAP|0|+1.320636E-04{@LIM3|+1.500000E-04|+1.950000E-04|+1.048585E-04}}
}
{@BLOCK|cv1|00
{@A-CAP|0|+1.041608E-07{@LIM3|+1.000000E-07|+1.200000E-07|+8.000000E-08}}
}
{@BLOCK|cv4128|00
{@A-CAP|0|+3.948219E-05{@LIM3|+4.068000E-05|+6.102000E-05|+2.034000E-05}}
}
{@BLOCK|cw5203|00
{@A-CAP|0|+2.260899E-05{@LIM3|+2.022000E-05|+2.628600E-05|+1.011000E-05}}
}
{@BLOCK|pcb14|00
{@A-CAP|0|+4.793116E-06{@LIM3|+4.500000E-06|+5.400000E-06|+3.600000E-06}}
}
{@BLOCK|pc6|00
{@A-CAP|0|+1.127709E-07{@LIM3|+1.000000E-07|+1.300000E-07|+7.000000E-08}}
}
{@BLOCK|pc207|00
{@A-CAP|0|+1.202043E-07{@LIM3|+1.226800E-07|+1.840200E-07|+6.134000E-08}}
}
{@BLOCK|pc501|00
{@A-CAP|0|+1.038768E-07{@LIM3|+1.000000E-07|+1.300000E-07|+7.000000E-08}}
}
{@BLOCK|pc1805|00
{@A-CAP|0|+9.649635E-08{@LIM3|+1.000000E-07|+1.200000E-07|+8.000000E-08}}
}
{@BLOCK|pcb1|00
{@A-CAP|0|+9.684773E-08{@LIM3|+1.000000E-07|+1.200000E-07|+8.000000E-08}}
}
{@BLOCK|pcb30|00
{@A-CAP|0|+1.040070E-07{@LIM3|+1.000000E-07|+1.200000E-07|+8.000000E-08}}
}
{@BLOCK|pcw5|00
{@A-CAP|0|+9.627627E-08{@LIM3|+1.000000E-07|+1.300000E-07|+7.000000E-08}}
}
{@BLOCK|pcz156|00
{@A-CAP|0|+8.735223E-08{@LIM3|+1.000000E-07|+1.300000E-07|+7.000000E-08}}
}
{@BLOCK|pcz158|00
{@A-CAP|0|+1.092473E-07{@LIM3|+1.000000E-07|+1.300000E-07|+7.000000E-08}}
}
{@BLOCK|pcz242|00
{@A-CAP|0|+1.080352E-07{@LIM3|+1.000000E-07|+1.300000E-07|+7.000000E-08}}
}
{@BLOCK|pc1857|00
{@A-CAP|0|+5.200448E-05{@LIM3|+5.400000E-05|+8.100000E-05|+2.699255E-05}}
}
{@BLOCK|ct60|00
{@A-CAP|0|+1.032168E-05{@LIM3|+1.000000E-05|+1.300000E-05|+7.000000E-06}}
}
{@BLOCK|c78|00
{@A-CAP|0|+6.743952E-10{@LIM3|+6.700000E-10|+9.045000E-10|+4.355000E-10}}
}
{@BLOCK|c3801|00
{@A-CAP|0|+5.605299E-06{@LIM3|+4.700000E-06|+6.110000E-06|+3.290000E-06}}
}
{@BLOCK|pc506|00
{@A-CAP|0|+5.862639E-06{@LIM3|+4.700000E-06|+6.110000E-06|+3.290000E-06}}
}
{@BLOCK|pc526|00
{@A-CAP|0|+5.638821E-06{@LIM3|+4.700000E-06|+6.110000E-06|+3.290000E-06}}
}
{@BLOCK|pc535|00
{@A-CAP|0|+5.351930E-06{@LIM3|+4.700000E-06|+6.110000E-06|+3.290000E-06}}
}
{@BLOCK|ca5602|00
{@A-CAP|0|+1.232001E-09{@LIM3|+1.000000E-09|+1.350000E-09|+6.500000E-10}}
}
{@BLOCK|ca5603|00
{@A-CAP|0|+1.263398E-09{@LIM3|+1.000000E-09|+1.350000E-09|+6.500000E-10}}
}
{@BLOCK|ca5604|00
{@A-CAP|0|+1.288727E-09{@LIM3|+1.000000E-09|+1.350000E-09|+6.500000E-10}}
}
{@BLOCK|ca5605|00
{@A-CAP|0|+1.284470E-09{@LIM3|+1.000000E-09|+1.350000E-09|+6.500000E-10}}
}
{@BLOCK|cg620|00
{@A-CAP|0|+9.789875E-10{@LIM3|+1.000000E-09|+1.177000E-09|+8.000000E-10}}
}
{@BLOCK|cg621|00
{@A-CAP|0|+9.126465E-10{@LIM3|+1.000000E-09|+1.177000E-09|+8.000000E-10}}
}
{@BLOCK|pcb20|00
{@A-CAP|0|+3.916628E-05{@LIM3|+4.001200E-05|+4.801440E-05|+3.200960E-05}}
}
{@BLOCK|pc204|00
{@A-CAP|0|+2.218187E-08{@LIM3|+2.200000E-08|+2.640000E-08|+1.760000E-08}}
}
{@BLOCK|cg3720|00
{@A-CAP|0|+1.013917E-06{@LIM3|+1.000000E-06|+1.200000E-06|+8.000000E-07}}
}
{@BLOCK|ch35|00
{@A-CAP|0|+2.763248E-04{@LIM3|+2.054000E-04|+2.978300E-04|+1.437192E-04}}
}
{@BLOCK|cv15|00
{@A-CAP|0|+9.871157E-07{@LIM3|+1.000000E-06|+1.350000E-06|+6.500000E-07}}
}
{@BLOCK|pc520|00
{@A-CAP|0|+1.037197E-06{@LIM3|+1.000000E-06|+1.350000E-06|+6.500000E-07}}
}
{@BLOCK|c8100|00
{@A-CAP|0|+9.266727E-08{@LIM3|+1.000000E-07|+1.200000E-07|+8.000000E-08}}
}
{@BLOCK|cl5110|00
{@A-CAP|0|+9.815413E-08{@LIM3|+1.000000E-07|+1.200000E-07|+8.000000E-08}}
}
{@BLOCK|cz3|00
{@A-CAP|0|+2.030787E-07{@LIM3|+2.000000E-07|+2.400000E-07|+1.600000E-07}}
}
{@BLOCK|pcz9|00
{@A-CAP|0|+1.125307E-07{@LIM3|+1.100000E-07|+1.430000E-07|+7.700000E-08}}
}
{@BLOCK|cc27|00
{@A-CAP|0|+6.020151E-05{@LIM3|+6.600000E-05|+8.580000E-05|+4.619089E-05}}
}
{@BLOCK|cc52|00
{@A-CAP|0|+1.496364E-04{@LIM3|+1.600010E-04|+2.080013E-04|+1.119786E-04}}
}
{@BLOCK|cth3|00
{@A-CAP|0|+2.133858E-09{@LIM3|+2.200000E-09|+2.640000E-09|+1.760000E-09}}
}
{@BLOCK|cth5|00
{@A-CAP|0|+2.211675E-09{@LIM3|+2.200000E-09|+2.640000E-09|+1.760000E-09}}
}
{@BLOCK|c8750|00
{@A-CAP|0|+2.561051E-09{@LIM3|+2.600000E-09|+3.900000E-09|+1.300000E-09}}
}
{@BLOCK|cd17|00
{@A-CAP|0|+2.301740E-09{@LIM3|+2.200000E-09|+2.640000E-09|+1.760000E-09}}
}
{@BLOCK|ctp6304|00
{@A-CAP|0|+2.774078E-09{@LIM3|+2.200000E-09|+2.860000E-09|+1.540000E-09}}
}
{@BLOCK|pcv15|00
{@A-CAP|0|+2.182067E-09{@LIM3|+2.200000E-09|+2.640000E-09|+1.760000E-09}}
}
{@BLOCK|cg3714|00
{@A-CAP|0|+2.956515E-10{@LIM3|+5.200000E-10|+8.840000E-10|+1.560000E-10}}
}
{@BLOCK|cg3715|00
{@A-CAP|0|+3.205526E-10{@LIM3|+5.200000E-10|+8.840000E-10|+1.300000E-10}}
}
{@BLOCK|cl5120|00
{@A-CAP|0|+9.736121E-09{@LIM3|+1.000000E-08|+1.200000E-08|+8.000000E-09}}
}
{@BLOCK|cv2|00
{@A-CAP|0|+9.466158E-09{@LIM3|+1.000000E-08|+1.200000E-08|+8.000000E-09}}
}
{@BLOCK|pcv10|00
{@A-CAP|0|+1.006093E-08{@LIM3|+1.000000E-08|+1.200000E-08|+8.000000E-09}}
}
{@BLOCK|ct242|00
{@A-CAP|0|+3.464832E-10{@LIM3|+3.200000E-10|+4.320000E-10|+2.080000E-10}}
}
{@BLOCK|ct243|00
{@A-CAP|0|+3.439761E-10{@LIM3|+3.200000E-10|+4.320000E-10|+2.080000E-10}}
}
{@BLOCK|cv4247|00
{@A-CAP|0|+3.438626E-10{@LIM3|+3.200000E-10|+4.320000E-10|+2.080000E-10}}
}
{@BLOCK|pcb15|00
{@A-CAP|0|+9.169192E-08{@LIM3|+9.400000E-08|+1.410000E-07|+4.700000E-08}}
}
{@BLOCK|pcv13|00
{@A-CAP|0|+4.818357E-08{@LIM3|+4.700000E-08|+5.640000E-08|+3.760000E-08}}
}
{@BLOCK|pcv14|00
{@A-CAP|0|+4.679809E-08{@LIM3|+4.700000E-08|+5.640000E-08|+3.760000E-08}}
}
{@BLOCK|pcv17|00
{@A-CAP|0|+4.643477E-08{@LIM3|+4.700000E-08|+5.640000E-08|+3.760000E-08}}
}
{@BLOCK|pcv7|00
{@A-CAP|0|+4.735319E-09{@LIM3|+4.700000E-09|+5.640000E-09|+3.760000E-09}}
}
{@BLOCK|pcv6|00
{@A-CAP|0|+3.503867E-10{@LIM3|+3.300000E-10|+3.899999E-10|+2.805000E-10}}
}
{@BLOCK|ph101|00
{@A-RES|0|+1.070350E+03{@LIM3|+1.000000E+03|+1.550000E+03|+4.500000E+02}}
}
{@BLOCK|prz39|00
{@A-RES|0|+1.953763E+04{@LIM3|+2.031900E+04|+2.336685E+04|+1.727115E+04}}
}
{@BLOCK|pr25|00
{@A-RES|0|+1.022546E+05{@LIM3|+1.000000E+05|+1.110000E+05|+8.900000E+04}}
}
{@BLOCK|pr33|00
{@A-RES|0|+1.010984E+05{@LIM3|+1.000000E+05|+1.110000E+05|+8.900000E+04}}
}
{@BLOCK|pr37|00
{@A-RES|0|+1.001033E+05{@LIM3|+1.000000E+05|+1.110000E+05|+8.900000E+04}}
}
{@BLOCK|pr1864|00
{@A-RES|0|+1.005416E+05{@LIM3|+1.000000E+05|+1.110000E+05|+8.900000E+04}}
}
{@BLOCK|prb22|00
{@A-RES|0|+9.974551E+04{@LIM3|+1.000000E+05|+1.110000E+05|+8.900000E+04}}
}
{@BLOCK|prb26|00
{@A-RES|0|+1.001231E+05{@LIM3|+1.000000E+05|+1.110000E+05|+8.900000E+04}}
}
{@BLOCK|prb31|00
{@A-RES|0|+1.003685E+05{@LIM3|+1.000000E+05|+1.110000E+05|+8.900000E+04}}
}
{@BLOCK|prb32|00
{@A-RES|0|+9.912753E+04{@LIM3|+1.000000E+05|+1.110000E+05|+8.900000E+04}}
}
{@BLOCK|prg8|00
{@A-RES|0|+1.000250E+05{@LIM3|+1.000000E+05|+1.110000E+05|+8.900000E+04}}
}
{@BLOCK|r376|00
{@A-RES|0|+1.004876E+05{@LIM3|+1.000000E+05|+1.110000E+05|+8.900000E+04}}
}
{@BLOCK|rg45|00
{@A-RES|0|+9.648289E+04{@LIM3|+1.000000E+05|+1.110000E+05|+8.900000E+04}}
}
{@BLOCK|rg55|00
{@A-RES|0|+9.313813E+04{@LIM3|+1.000000E+05|+1.200000E+05|+8.000000E+04}}
}
{@BLOCK|pcg12|00
{@A-CAP|0|+2.206756E-09{@LIM3|+2.200000E-09|+2.640000E-09|+1.760000E-09}}
}
{@BLOCK|pcg219|00
{@A-CAP|0|+1.063999E-03{@LIM3|+1.034000E-03|+1.344200E-03|+7.216544E-04}}
}
{@BLOCK|pcg208|00
{@A-CAP|0|+8.811893E-04{@LIM3|+8.800000E-04|+1.144000E-03|+6.141740E-04}}
}
{@BLOCK|pcb4|00
{@A-CAP|0|+5.138752E-08{@LIM3|+4.700000E-08|+6.110000E-08|+3.290000E-08}}
}
{@BLOCK|pcz19|00
{@A-CAP|0|+4.047876E-10{@LIM3|+3.900000E-10|+4.755001E-10|+3.120000E-10}}
}
{@BLOCK|ph102|00
{@A-RES|0|+1.380413E+03{@LIM3|+1.000000E+03|+1.550000E+03|+4.500000E+02}}
}
{@BLOCK|prz40|00
{@A-RES|0|+1.953135E+04{@LIM3|+2.031900E+04|+2.336685E+04|+1.727115E+04}}
}
{@BLOCK|phz3|00
{@A-RES|0|+8.548145E+03{@LIM3|+1.000000E+04|+1.500000E+04|+5.000000E+03}}
}
{@BLOCK|rg60|00
{@A-RES|0|+8.442031E+04{@LIM3|+1.960000E+05|+3.528000E+05|+3.920000E+04}}
}
{@BLOCK|rg62|00
{@A-RES|0|+9.269939E+04{@LIM3|+1.000000E+05|+1.200000E+05|+8.000000E+04}}
}
{@BLOCK|rts4|00
{@A-RES|0|+8.311479E+04{@LIM3|+1.000000E+05|+1.500000E+05|+5.000000E+04}}
}
{@BLOCK|rts5|00
{@A-RES|0|+8.398080E+04{@LIM3|+1.000000E+05|+1.500000E+05|+5.000000E+04}}
}
{@BLOCK|rts6|00
{@A-RES|0|+8.451949E+04{@LIM3|+1.000000E+05|+1.500000E+05|+5.000000E+04}}
}
{@BLOCK|prg20|00
{@A-RES|0|+1.311495E+03{@LIM3|+1.334000E+03|+1.414040E+03|+1.253960E+03}}
}
{@BLOCK|prz259|00
{@A-RES|0|+4.070293E+03{@LIM3|+4.344000E+03|+5.430000E+03|+3.258000E+03}}
}
{@BLOCK|prg22|00
{@A-RES|0|+4.894967E+03{@LIM3|+5.000000E+03|+5.300000E+03|+4.700000E+03}}
}
{@BLOCK|prv5|00
{@A-RES|0|+9.998643E+03{@LIM3|+1.000000E+04|+1.060000E+04|+9.400000E+03}}
}
{@BLOCK|prv34|00
{@A-RES|0|+9.992197E+03{@LIM3|+1.000000E+04|+1.060000E+04|+9.400000E+03}}
}
{@BLOCK|prw21|00
{@A-RES|0|+1.000129E+04{@LIM3|+1.000000E+04|+1.060000E+04|+9.400000E+03}}
}
{@BLOCK|prz41|00
{@A-RES|0|+9.998077E+03{@LIM3|+1.000000E+04|+1.060000E+04|+9.400000E+03}}
}
{@BLOCK|prz256|00
{@A-RES|0|+1.002597E+04{@LIM3|+1.000000E+04|+1.060000E+04|+9.400000E+03}}
}
{@BLOCK|rg56|00
{@A-RES|0|+1.000759E+04{@LIM3|+1.000000E+04|+1.060000E+04|+9.400000E+03}}
}
{@BLOCK|pr35|00
{@A-RES|0|+4.520623E+05{@LIM3|+4.530000E+05|+5.028300E+05|+4.031700E+05}}
}
{@BLOCK|pr201|00
{@A-RES|0|+1.030246E+02{@LIM3|+1.000000E+02|+1.110000E+02|+9.400000E+01}}
}
{@BLOCK|pr202|00
{@A-RES|0|+1.060227E+02{@LIM3|+1.000000E+02|+1.110000E+02|+9.400000E+01}}
}
{@BLOCK|prg31|00
{@A-JUM|0|+3.728083E+00{@LIM2|+1.500000E+01|+0.000000E+00}}
}
{@BLOCK|prv12|00
{@A-JUM|0|+3.849821E+00{@LIM2|+1.500000E+01|+0.000000E+00}}
}
{@BLOCK|prv15|00
{@A-JUM|0|+3.556600E+00{@LIM2|+1.500000E+01|+0.000000E+00}}
}
{@BLOCK|prw23|00
{@A-JUM|0|+3.850755E+00{@LIM2|+1.500000E+01|+0.000000E+00}}
}
{@BLOCK|pr203|00
{@A-RES|0|+1.994770E+05{@LIM3|+2.000000E+05|+2.220000E+05|+1.780000E+05}}
}
{@BLOCK|rz40|00
{@A-RES|0|+1.992966E+05{@LIM3|+2.000000E+05|+2.220000E+05|+1.780000E+05}}
}
{@BLOCK|pr204|00
{@A-RES|0|+1.023462E+04{@LIM3|+1.000000E+04|+1.100000E+04|+9.000000E+03}}
}
{@BLOCK|prz54|00
{@A-RES|0|+4.203048E+03{@LIM3|+4.500000E+03|+5.175000E+03|+3.825000E+03}}
}
{@BLOCK|prv8|00
{@A-RES|0|+1.000264E+04{@LIM3|+1.000000E+04|+1.060000E+04|+9.400000E+03}}
}
{@BLOCK|rc829|00
{@A-RES|0|+9.983872E+03{@LIM3|+1.000000E+04|+1.060000E+04|+9.400000E+03}}
}
{@BLOCK|prv31|00
{@A-RES|0|+5.348257E+04{@LIM3|+5.593200E+04|+6.711840E+04|+4.474560E+04}}
}
{@BLOCK|prg18|00
{@A-JUM|0|+3.345723E+00{@LIM2|+1.500000E+01|+0.000000E+00}}
}
{@BLOCK|prz47|00
{@A-RES|0|+1.002868E+02{@LIM3|+1.000000E+02|+1.110000E+02|+9.400000E+01}}
}
{@BLOCK|rc278|00
{@A-RES|0|+5.704192E+01{@LIM3|+5.600000E+01|+6.436002E+01|+5.264000E+01}}
}
{@BLOCK|r5802|00
{@A-RES|0|+1.015039E+04{@LIM3|+1.000000E+04|+1.100000E+04|+9.000000E+03}}
}
{@BLOCK|r3814|00
{@A-RES|0|+9.896946E+03{@LIM3|+1.000000E+04|+1.100000E+04|+9.000000E+03}}
}
{@BLOCK|r5804|00
{@A-RES|0|+1.020444E+04{@LIM3|+1.000000E+04|+1.100000E+04|+9.000000E+03}}
}
{@BLOCK|r5812|00
{@A-RES|0|+1.026610E+04{@LIM3|+1.000000E+04|+1.100000E+04|+9.000000E+03}}
}
{@BLOCK|r5838|00
{@A-RES|0|+1.000557E+04{@LIM3|+1.000000E+04|+1.100000E+04|+9.000000E+03}}
}
{@BLOCK|r10203|00
{@A-RES|0|+1.030232E+04{@LIM3|+1.000000E+04|+1.100000E+04|+9.000000E+03}}
}
{@BLOCK|ra5608|00
{@A-RES|0|+1.010293E+04{@LIM3|+1.000000E+04|+1.100000E+04|+9.000000E+03}}
}
{@BLOCK|rbl6406|00
{@A-RES|0|+1.023088E+04{@LIM3|+1.000000E+04|+1.100000E+04|+9.000000E+03}}
}
{@BLOCK|rbl6411|00
{@A-RES|0|+1.022342E+04{@LIM3|+1.000000E+04|+1.100000E+04|+9.000000E+03}}
}
{@BLOCK|r5814|00
{@A-RES|0|+1.019038E+04{@LIM3|+1.000000E+04|+1.100000E+04|+9.000000E+03}}
}
{@BLOCK|rc60|00
{@A-RES|0|+1.031075E+04{@LIM3|+1.000000E+04|+1.100000E+04|+9.000000E+03}}
}
{@BLOCK|rc62|00
{@A-RES|0|+1.031360E+04{@LIM3|+1.000000E+04|+1.100000E+04|+9.000000E+03}}
}
{@BLOCK|rc364|00
{@A-RES|0|+1.000529E+04{@LIM3|+1.000000E+04|+1.100000E+04|+9.000000E+03}}
}
{@BLOCK|rc365|00
{@A-RES|0|+1.027776E+04{@LIM3|+1.000000E+04|+1.100000E+04|+9.000000E+03}}
}
{@BLOCK|rc1168|00
{@A-RES|0|+8.247878E+04{@LIM3|+1.000000E+05|+1.350000E+05|+6.500000E+04}}
}
{@BLOCK|rc1211|00
{@A-RES|0|+1.004724E+04{@LIM3|+1.000000E+04|+1.100000E+04|+9.000000E+03}}
}
{@BLOCK|rc1212|00
{@A-RES|0|+9.912133E+03{@LIM3|+1.000000E+04|+1.100000E+04|+9.000000E+03}}
}
{@BLOCK|rbl6424|00
{@A-RES|0|+1.019943E+04{@LIM3|+1.000000E+04|+1.100000E+04|+9.000000E+03}}
}
{@BLOCK|rg1|00
{@A-RES|0|+9.780918E+03{@LIM3|+1.000000E+04|+1.100000E+04|+9.000000E+03}}
}
{@BLOCK|rg5|00
{@A-RES|0|+9.914603E+03{@LIM3|+1.000000E+04|+1.100000E+04|+9.000000E+03}}
}
{@BLOCK|rg17|00
{@A-RES|0|+4.417544E+03{@LIM3|+6.000000E+03|+8.100000E+03|+3.900000E+03}}
}
{@BLOCK|rg21|00
{@A-RES|0|+9.932801E+03{@LIM3|+1.000000E+04|+1.100000E+04|+9.000000E+03}}
}
{@BLOCK|rg29|00
{@A-RES|0|+9.958914E+03{@LIM3|+1.000000E+04|+1.100000E+04|+9.000000E+03}}
}
{@BLOCK|rg31|00
{@A-RES|0|+9.893888E+03{@LIM3|+1.000000E+04|+1.100000E+04|+9.000000E+03}}
}
{@BLOCK|rg32|00
{@A-RES|0|+9.822059E+03{@LIM3|+1.000000E+04|+1.100000E+04|+9.000000E+03}}
}
{@BLOCK|rg35|00
{@A-RES|0|+9.973334E+03{@LIM3|+1.000000E+04|+1.100000E+04|+9.000000E+03}}
}
{@BLOCK|rg70|00
{@A-RES|0|+1.010772E+04{@LIM3|+8.000000E+03|+1.360000E+04|+2.400000E+03}}
}
{@BLOCK|rg140|00
{@A-RES|0|+9.990431E+03{@LIM3|+1.000000E+04|+1.100000E+04|+9.000000E+03}}
}
{@BLOCK|rg142|00
{@A-RES|0|+1.001552E+04{@LIM3|+1.000000E+04|+1.100000E+04|+9.000000E+03}}
}
{@BLOCK|rg195|00
{@A-RES|0|+1.015718E+04{@LIM3|+1.000000E+04|+1.100000E+04|+9.000000E+03}}
}
{@BLOCK|rg196|00
{@A-RES|0|+1.016946E+04{@LIM3|+1.000000E+04|+1.100000E+04|+9.000000E+03}}
}
{@BLOCK|rg211|00
{@A-RES|0|+9.893242E+03{@LIM3|+1.000000E+04|+1.100000E+04|+9.000000E+03}}
}
{@BLOCK|rg285|00
{@A-RES|0|+1.007747E+04{@LIM3|+1.000000E+04|+1.100000E+04|+9.000000E+03}}
}
{@BLOCK|rh49|00
{@A-RES|0|+9.741036E+03{@LIM3|+1.000000E+04|+1.100000E+04|+9.000000E+03}}
}
{@BLOCK|rh50|00
{@A-RES|0|+9.684805E+03{@LIM3|+1.000000E+04|+1.100000E+04|+9.000000E+03}}
}
{@BLOCK|rh81|00
{@A-RES|0|+9.801017E+03{@LIM3|+1.000000E+04|+1.100000E+04|+9.000000E+03}}
}
{@BLOCK|rh110|00
{@A-RES|0|+9.590236E+03{@LIM3|+1.000000E+04|+1.100000E+04|+9.000000E+03}}
}
{@BLOCK|rh116|00
{@A-RES|0|+9.774781E+03{@LIM3|+1.000000E+04|+1.100000E+04|+9.000000E+03}}
}
{@BLOCK|rh168|00
{@A-RES|0|+9.685308E+03{@LIM3|+1.000000E+04|+1.100000E+04|+9.000000E+03}}
}
{@BLOCK|rh170|00
{@A-RES|0|+9.721205E+03{@LIM3|+1.000000E+04|+1.100000E+04|+9.000000E+03}}
}
{@BLOCK|rn70|00
{@A-RES|0|+1.003388E+04{@LIM3|+1.000000E+04|+1.100000E+04|+9.000000E+03}}
}
{@BLOCK|rg287|00
{@A-RES|0|+9.963498E+03{@LIM3|+1.000000E+04|+1.100000E+04|+9.000000E+03}}
}
{@BLOCK|rg1746|00
{@A-RES|0|+9.953026E+03{@LIM3|+1.000000E+04|+1.100000E+04|+9.000000E+03}}
}
{@BLOCK|rh39|00
{@A-RES|0|+9.929549E+03{@LIM3|+1.000000E+04|+1.100000E+04|+9.000000E+03}}
}
{@BLOCK|rh4005|00
{@A-RES|0|+1.008955E+04{@LIM3|+1.000000E+04|+1.100000E+04|+9.000000E+03}}
}
{@BLOCK|rh4006|00
{@A-RES|0|+9.940640E+03{@LIM3|+1.000000E+04|+1.100000E+04|+9.000000E+03}}
}
{@BLOCK|rps19|00
{@A-RES|0|+1.000825E+04{@LIM3|+1.000000E+04|+1.100000E+04|+9.000000E+03}}
}
{@BLOCK|rps29|00
{@A-RES|0|+9.677091E+03{@LIM3|+1.000000E+04|+1.100000E+04|+9.000000E+03}}
}
{@BLOCK|rt4316|00
{@A-RES|0|+9.951227E+03{@LIM3|+1.000000E+04|+1.100000E+04|+9.000000E+03}}
}
{@BLOCK|rn77|00
{@A-RES|0|+1.002202E+04{@LIM3|+1.000000E+04|+1.100000E+04|+9.000000E+03}}
}
{@BLOCK|rn1118|00
{@A-RES|0|+1.005557E+04{@LIM3|+1.000000E+04|+1.100000E+04|+9.000000E+03}}
}
{@BLOCK|rn1119|00
{@A-RES|0|+9.861220E+03{@LIM3|+1.000000E+04|+1.100000E+04|+9.000000E+03}}
}
{@BLOCK|pr210|00
{@A-RES|0|+1.009379E+03{@LIM3|+1.000000E+03|+1.100000E+03|+9.000000E+02}}
}
{@BLOCK|r5834|00
{@A-RES|0|+9.959407E+02{@LIM3|+1.000000E+03|+1.100000E+03|+9.000000E+02}}
}
{@BLOCK|r5835|00
{@A-RES|0|+1.005752E+03{@LIM3|+1.000000E+03|+1.100000E+03|+9.000000E+02}}
}
{@BLOCK|rc32|00
{@A-RES|0|+1.012504E+03{@LIM3|+1.000000E+03|+1.100000E+03|+9.000000E+02}}
}
{@BLOCK|rc92|00
{@A-RES|0|+9.870001E+02{@LIM3|+8.780000E+02|+1.317000E+03|+4.390000E+02}}
}
{@BLOCK|rt4320|00
{@A-RES|0|+9.982589E+03{@LIM3|+1.000000E+04|+1.100000E+04|+9.000000E+03}}
}
{@BLOCK|rt4323|00
{@A-RES|0|+9.985256E+03{@LIM3|+1.000000E+04|+1.100000E+04|+9.000000E+03}}
}
{@BLOCK|rv25|00
{@A-RES|0|+1.026892E+04{@LIM3|+1.000000E+04|+1.100000E+04|+9.000000E+03}}
}
{@BLOCK|rw1|00
{@A-RES|0|+1.009202E+04{@LIM3|+1.000000E+04|+1.100000E+04|+9.000000E+03}}
}
{@BLOCK|rw5217|00
{@A-RES|0|+9.839626E+03{@LIM3|+1.000000E+04|+1.100000E+04|+9.000000E+03}}
}
{@BLOCK|r10234|00
{@A-RES|0|+9.976026E+02{@LIM3|+1.000000E+03|+1.100000E+03|+9.000000E+02}}
}
{@BLOCK|pr211|00
{@A-RES|0|+7.541916E+02{@LIM3|+7.500000E+02|+7.950000E+02|+7.050000E+02}}
}
{@BLOCK|pr213|00
{@A-RES|0|+4.693163E+05{@LIM3|+4.700000E+05|+5.217000E+05|+4.183000E+05}}
}
{@BLOCK|rc878|00
{@A-RES|0|+9.841721E+02{@LIM3|+8.920000E+02|+1.248800E+03|+5.352000E+02}}
}
{@BLOCK|rc880|00
{@A-RES|0|+9.868853E+02{@LIM3|+8.930000E+02|+1.250200E+03|+5.358000E+02}}
}
{@BLOCK|rc890|00
{@A-RES|0|+1.001625E+03{@LIM3|+8.930000E+02|+1.339500E+03|+4.465000E+02}}
}
{@BLOCK|rc891|00
{@A-RES|0|+9.860502E+02{@LIM3|+8.960000E+02|+1.344000E+03|+4.480000E+02}}
}
{@BLOCK|rc892|00
{@A-RES|0|+1.007730E+03{@LIM3|+1.000000E+03|+1.100000E+03|+9.000000E+02}}
}
{@BLOCK|rl5101|00
{@A-RES|0|+9.863559E+02{@LIM3|+1.000000E+03|+1.100000E+03|+9.000000E+02}}
}
{@BLOCK|rc18|00
{@A-RES|0|+9.746581E+02{@LIM3|+1.000000E+03|+1.300000E+03|+7.000000E+02}}
}
{@BLOCK|rc20|00
{@A-RES|0|+1.013880E+03{@LIM3|+1.000000E+03|+1.060000E+03|+9.400000E+02}}
}
{@BLOCK|pr215|00
{@A-RES|0|+4.725870E+05{@LIM3|+4.700000E+05|+5.217000E+05|+4.183000E+05}}
}
{@BLOCK|prv24|00
{@A-RES|0|+1.001416E+03{@LIM3|+1.000000E+03|+1.060000E+03|+9.400000E+02}}
}
{@BLOCK|prv25|00
{@A-RES|0|+9.986719E+02{@LIM3|+1.000000E+03|+1.060000E+03|+9.400000E+02}}
}
{@BLOCK|prw1|00
{@A-RES|0|+1.003386E+03{@LIM3|+1.000000E+03|+1.060000E+03|+9.400000E+02}}
}
{@BLOCK|rtp6301|00
{@A-RES|0|+1.002848E+03{@LIM3|+1.000000E+03|+1.060000E+03|+9.400000E+02}}
}
{@BLOCK|rtp6318|00
{@A-RES|0|+1.001183E+03{@LIM3|+1.000000E+03|+1.060000E+03|+9.400000E+02}}
}
{@BLOCK|rtp6319|00
{@A-RES|0|+1.002686E+03{@LIM3|+1.000000E+03|+1.060000E+03|+9.400000E+02}}
}
{@BLOCK|rtp6340|00
{@A-RES|0|+1.004627E+03{@LIM3|+1.000000E+03|+1.060000E+03|+9.400000E+02}}
}
{@BLOCK|pr308|00
{@A-RES|0|+9.816845E+04{@LIM3|+1.000000E+05|+1.150000E+05|+8.500000E+04}}
}
{@BLOCK|pr507|00
{@A-RES|0|+1.008293E+05{@LIM3|+1.000000E+05|+1.150000E+05|+8.500000E+04}}
}
{@BLOCK|pr1011|00
{@A-RES|0|+1.022376E+05{@LIM3|+1.000000E+05|+1.150000E+05|+8.500000E+04}}
}
{@BLOCK|pr1101|00
{@A-RES|0|+1.022582E+05{@LIM3|+1.000000E+05|+1.150000E+05|+8.500000E+04}}
}
{@BLOCK|pr1805|00
{@A-RES|0|+1.040692E+05{@LIM3|+1.000000E+05|+1.150000E+05|+8.500000E+04}}
}
{@BLOCK|pr1885|00
{@A-RES|0|+1.002423E+05{@LIM3|+1.000000E+05|+1.150000E+05|+8.500000E+04}}
}
{@BLOCK|prb29|00
{@A-RES|0|+1.006886E+05{@LIM3|+1.000000E+05|+1.150000E+05|+8.500000E+04}}
}
{@BLOCK|prb30|00
{@A-RES|0|+1.002291E+05{@LIM3|+1.000000E+05|+1.150000E+05|+8.500000E+04}}
}
{@BLOCK|r3806|00
{@A-RES|0|+1.002181E+05{@LIM3|+1.000000E+05|+1.150000E+05|+8.500000E+04}}
}
{@BLOCK|r5815|00
{@A-RES|0|+4.166806E+04{@LIM3|+5.000000E+04|+6.000000E+04|+4.000000E+04}}
}
{@BLOCK|r5823|00
{@A-RES|0|+1.005957E+05{@LIM3|+1.000000E+05|+1.150000E+05|+8.500000E+04}}
}
{@BLOCK|r5824|00
{@A-RES|0|+1.006174E+05{@LIM3|+1.000000E+05|+1.150000E+05|+8.500000E+04}}
}
{@BLOCK|r5825|00
{@A-RES|0|+9.917588E+04{@LIM3|+1.000000E+05|+1.150000E+05|+8.500000E+04}}
}
{@BLOCK|r5839|00
{@A-RES|0|+9.801821E+04{@LIM3|+1.000000E+05|+1.150000E+05|+8.500000E+04}}
}
{@BLOCK|r10153|00
{@A-RES|0|+1.001857E+05{@LIM3|+1.000000E+05|+1.150000E+05|+8.500000E+04}}
}
{@BLOCK|r10202|00
{@A-RES|0|+9.704334E+04{@LIM3|+1.000000E+05|+1.150000E+05|+8.500000E+04}}
}
{@BLOCK|r10249|00
{@A-RES|0|+9.895566E+04{@LIM3|+1.000000E+05|+1.150000E+05|+8.500000E+04}}
}
{@BLOCK|r10250|00
{@A-RES|0|+9.952765E+04{@LIM3|+1.000000E+05|+1.150000E+05|+8.500000E+04}}
}
{@BLOCK|r10251|00
{@A-RES|0|+9.955602E+04{@LIM3|+1.000000E+05|+1.150000E+05|+8.500000E+04}}
}
{@BLOCK|r10252|00
{@A-RES|0|+1.016795E+05{@LIM3|+1.000000E+05|+1.150000E+05|+8.500000E+04}}
}
{@BLOCK|r10253|00
{@A-RES|0|+9.975043E+04{@LIM3|+1.000000E+05|+1.150000E+05|+8.500000E+04}}
}
{@BLOCK|r10257|00
{@A-RES|0|+1.010992E+05{@LIM3|+1.000000E+05|+1.150000E+05|+8.500000E+04}}
}
{@BLOCK|r10258|00
{@A-RES|0|+1.002204E+05{@LIM3|+1.000000E+05|+1.150000E+05|+8.500000E+04}}
}
{@BLOCK|rbl80|00
{@A-RES|0|+9.929286E+04{@LIM3|+1.000000E+05|+1.150000E+05|+8.500000E+04}}
}
{@BLOCK|pre11|00
{@A-RES|0|+1.026789E+05{@LIM3|+1.000000E+05|+1.150000E+05|+8.500000E+04}}
}
{@BLOCK|r3803|00
{@A-RES|0|+1.023294E+05{@LIM3|+1.000000E+05|+1.150000E+05|+8.500000E+04}}
}
{@BLOCK|r10178|00
{@A-RES|0|+1.005070E+05{@LIM3|+1.000000E+05|+1.150000E+05|+8.500000E+04}}
}
{@BLOCK|rc307|00
{@A-RES|0|+9.342899E+04{@LIM3|+1.000000E+05|+1.150000E+05|+7.500000E+04}}
}
{@BLOCK|rc313|00
{@A-RES|0|+9.952035E+04{@LIM3|+1.000000E+05|+1.150000E+05|+8.500000E+04}}
}
{@BLOCK|rc314|00
{@A-RES|0|+1.005000E+05{@LIM3|+1.000000E+05|+1.150000E+05|+8.500000E+04}}
}
{@BLOCK|rc894|00
{@A-RES|0|+1.002489E+05{@LIM3|+1.000000E+05|+1.150000E+05|+8.500000E+04}}
}
{@BLOCK|rc1157|00
{@A-RES|0|+7.222533E+04{@LIM3|+1.000000E+05|+1.350000E+05|+6.500000E+04}}
}
{@BLOCK|rbl6436|00
{@A-RES|0|+1.006716E+05{@LIM3|+1.000000E+05|+1.150000E+05|+8.500000E+04}}
}
{@BLOCK|rbl6438|00
{@A-RES|0|+1.022582E+05{@LIM3|+1.000000E+05|+1.150000E+05|+8.500000E+04}}
}
{@BLOCK|rc893|00
{@A-RES|0|+1.001859E+05{@LIM3|+1.000000E+05|+1.150000E+05|+8.500000E+04}}
}
{@BLOCK|rc1139|00
{@A-RES|0|+9.693965E+04{@LIM3|+1.000000E+05|+1.200000E+05|+8.000000E+04}}
}
{@BLOCK|rc1151|00
{@A-RES|0|+1.008159E+05{@LIM3|+1.000000E+05|+1.150000E+05|+8.500000E+04}}
}
{@BLOCK|rg38|00
{@A-RES|0|+9.942673E+04{@LIM3|+1.000000E+05|+1.150000E+05|+8.500000E+04}}
}
{@BLOCK|rg1731|00
{@A-RES|0|+9.820879E+04{@LIM3|+1.000000E+05|+1.150000E+05|+8.500000E+04}}
}
{@BLOCK|rg1748|00
{@A-RES|0|+9.886881E+04{@LIM3|+1.000000E+05|+1.150000E+05|+8.500000E+04}}
}
{@BLOCK|rh41|00
{@A-RES|0|+9.590940E+04{@LIM3|+1.000000E+05|+1.150000E+05|+8.500000E+04}}
}
{@BLOCK|rh42|00
{@A-RES|0|+8.877920E+04{@LIM3|+9.090900E+04|+1.045454E+05|+7.727265E+04}}
}
{@BLOCK|rh43|00
{@A-RES|0|+9.566664E+04{@LIM3|+1.000000E+05|+1.150000E+05|+8.500000E+04}}
}
{@BLOCK|rh44|00
{@A-RES|0|+9.580576E+04{@LIM3|+1.000000E+05|+1.150000E+05|+8.500000E+04}}
}
{@BLOCK|rh53|00
{@A-RES|0|+1.021555E+05{@LIM3|+1.000000E+05|+1.150000E+05|+8.500000E+04}}
}
{@BLOCK|rh92|00
{@A-RES|0|+7.505036E+04{@LIM3|+1.000000E+05|+1.350000E+05|+6.500000E+04}}
}
{@BLOCK|rh133|00
{@A-RES|0|+9.945936E+04{@LIM3|+1.000000E+05|+1.150000E+05|+8.500000E+04}}
}
{@BLOCK|rh135|00
{@A-RES|0|+1.003220E+05{@LIM3|+1.000000E+05|+1.150000E+05|+8.500000E+04}}
}
{@BLOCK|rh158|00
{@A-RES|0|+9.825974E+04{@LIM3|+1.000000E+05|+1.150000E+05|+8.500000E+04}}
}
{@BLOCK|rh167|00
{@A-RES|0|+9.921772E+04{@LIM3|+1.000000E+05|+1.150000E+05|+8.500000E+04}}
}
{@BLOCK|rh180|00
{@A-RES|0|+9.858578E+04{@LIM3|+1.000000E+05|+1.150000E+05|+8.500000E+04}}
}
{@BLOCK|rt3|00
{@A-RES|0|+1.006840E+05{@LIM3|+1.000000E+05|+1.150000E+05|+8.500000E+04}}
}
{@BLOCK|rv2|00
{@A-RES|0|+9.982193E+04{@LIM3|+1.000000E+05|+1.150000E+05|+8.500000E+04}}
}
{@BLOCK|rv750|00
{@A-RES|0|+9.704172E+04{@LIM3|+1.000000E+05|+1.150000E+05|+8.500000E+04}}
}
{@BLOCK|rv751|00
{@A-RES|0|+1.031142E+05{@LIM3|+1.000000E+05|+1.150000E+05|+8.500000E+04}}
}
{@BLOCK|rv3703|00
{@A-RES|0|+1.098021E+05{@LIM3|+1.000000E+05|+1.150000E+05|+8.500000E+04}}
}
{@BLOCK|rg26|00
{@A-RES|0|+1.006677E+05{@LIM3|+1.000000E+05|+1.150000E+05|+8.500000E+04}}
}
{@BLOCK|qg6%qf2|00
{@A-NFE|0|+5.249048E+01{@LIM2|+2.000000E+02|+2.000000E+01}}
}
{@BLOCK|rh56|00
{@A-RES|0|+1.005535E+05{@LIM3|+1.000000E+05|+1.150000E+05|+8.500000E+04}}
}
{@BLOCK|rh186|00
{@A-RES|0|+9.868194E+04{@LIM3|+1.000000E+05|+1.150000E+05|+8.500000E+04}}
}
{@BLOCK|rh187|00
{@A-RES|0|+9.843124E+04{@LIM3|+1.000000E+05|+1.150000E+05|+8.500000E+04}}
}
{@BLOCK|rv3710|00
{@A-RES|0|+6.051239E+04{@LIM3|+6.000000E+04|+6.900000E+04|+5.100000E+04}}
}
{@BLOCK|rw5202|00
{@A-RES|0|+1.008237E+05{@LIM3|+1.000000E+05|+1.150000E+05|+8.500000E+04}}
}
{@BLOCK|pr509|00
{@A-RES|0|+2.225743E+03{@LIM3|+2.200000E+03|+2.420000E+03|+1.980000E+03}}
}
{@BLOCK|rw5211|00
{@A-RES|0|+9.955602E+04{@LIM3|+1.000000E+05|+1.150000E+05|+8.500000E+04}}
}
{@BLOCK|pr505|00
{@A-RES|0|+4.750409E+05{@LIM3|+4.990000E+05|+5.538900E+05|+4.441100E+05}}
}
{@BLOCK|pr506|00
{@A-RES|0|+1.468333E+05{@LIM3|+1.500000E+05|+1.665000E+05|+1.335000E+05}}
}
{@BLOCK|r5806|00
{@A-RES|0|+2.227668E+03{@LIM3|+2.200000E+03|+2.420000E+03|+1.980000E+03}}
}
{@BLOCK|r5807|00
{@A-RES|0|+2.216989E+03{@LIM3|+2.200000E+03|+2.420000E+03|+1.980000E+03}}
}
{@BLOCK|r5819|00
{@A-RES|0|+2.221539E+03{@LIM3|+2.200000E+03|+2.420000E+03|+1.980000E+03}}
}
{@BLOCK|r5832|00
{@A-RES|0|+2.288346E+03{@LIM3|+2.200000E+03|+2.420000E+03|+1.980000E+03}}
}
{@BLOCK|r5833|00
{@A-RES|0|+2.227456E+03{@LIM3|+2.200000E+03|+2.420000E+03|+1.980000E+03}}
}
{@BLOCK|rbl6431|00
{@A-RES|0|+2.228412E+03{@LIM3|+2.200000E+03|+2.420000E+03|+1.980000E+03}}
}
{@BLOCK|rbl6432|00
{@A-RES|0|+2.210799E+03{@LIM3|+2.200000E+03|+2.420000E+03|+1.980000E+03}}
}
{@BLOCK|rg12|00
{@A-RES|0|+2.274197E+03{@LIM3|+2.200000E+03|+2.420000E+03|+1.980000E+03}}
}
{@BLOCK|rg41|00
{@A-RES|0|+2.187035E+03{@LIM3|+2.200000E+03|+2.420000E+03|+1.980000E+03}}
}
{@BLOCK|rg43|00
{@A-RES|0|+2.136339E+03{@LIM3|+2.200000E+03|+2.420000E+03|+1.980000E+03}}
}
{@BLOCK|rg1737|00
{@A-RES|0|+2.198261E+03{@LIM3|+2.200000E+03|+2.420000E+03|+1.980000E+03}}
}
{@BLOCK|rt4314|00
{@A-RES|0|+2.190787E+03{@LIM3|+2.200000E+03|+2.420000E+03|+1.980000E+03}}
}
{@BLOCK|rt4315|00
{@A-RES|0|+2.197072E+03{@LIM3|+2.200000E+03|+2.420000E+03|+1.980000E+03}}
}
{@BLOCK|pr1001|00
{@A-RES|0|+1.016837E+06{@LIM3|+1.000000E+06|+1.210000E+06|+7.900000E+05}}
}
{@BLOCK|pr1806|00
{@A-RES|0|+8.918241E+05{@LIM3|+1.000000E+06|+1.300000E+06|+7.000000E+05}}
}
{@BLOCK|prb2|00
{@A-RES|0|+9.983415E+05{@LIM3|+1.000000E+06|+1.210000E+06|+7.900000E+05}}
}
{@BLOCK|rh34|00
{@A-RES|0|+2.006571E+04{@LIM3|+2.000000E+04|+2.120000E+04|+1.880000E+04}}
}
{@BLOCK|rh65|00
{@A-RES|0|+1.998457E+04{@LIM3|+2.000000E+04|+2.120000E+04|+1.880000E+04}}
}
{@BLOCK|rt4309|00
{@A-RES|0|+1.995678E+04{@LIM3|+2.000000E+04|+2.120000E+04|+1.880000E+04}}
}
{@BLOCK|pr1861|00
{@A-RES|0|+9.875329E+05{@LIM3|+1.000000E+06|+1.250000E+06|+7.500000E+05}}
}
{@BLOCK|prdg3|00
{@A-RES|0|+9.940998E+05{@LIM3|+1.000000E+06|+1.250000E+06|+7.500000E+05}}
}
{@BLOCK|rg23|00
{@A-RES|0|+2.212564E+03{@LIM3|+2.200000E+03|+2.420000E+03|+1.980000E+03}}
}
{@BLOCK|rg39|00
{@A-RES|0|+2.274795E+03{@LIM3|+2.200000E+03|+2.420000E+03|+1.980000E+03}}
}
{@BLOCK|rg1739|00
{@A-RES|0|+2.200053E+03{@LIM3|+2.200000E+03|+2.420000E+03|+1.980000E+03}}
}
{@BLOCK|rg1740|00
{@A-RES|0|+2.274129E+03{@LIM3|+2.200000E+03|+2.420000E+03|+1.980000E+03}}
}
{@BLOCK|rh2|00
{@A-RES|0|+2.206871E+03{@LIM3|+2.200000E+03|+2.420000E+03|+1.980000E+03}}
}
{@BLOCK|rh6|00
{@A-RES|0|+2.390562E+03{@LIM3|+2.200000E+03|+2.420000E+03|+1.980000E+03}}
}
{@BLOCK|pr1802|00
{@A-RES|0|+3.303631E+03{@LIM3|+3.300000E+03|+3.498000E+03|+3.102000E+03}}
}
{@BLOCK|pr1883|00
{@A-JUM|0|+7.621369E+00{@LIM2|+1.500000E+01|+0.000000E+00}}
}
{@BLOCK|pre10|00
{@A-RES|0|+1.003264E+06{@LIM3|+1.000000E+06|+1.250000E+06|+7.500000E+05}}
}
{@BLOCK|rc864|00
{@A-RES|0|+9.812798E+05{@LIM3|+1.000000E+06|+1.250000E+06|+7.500000E+05}}
}
{@BLOCK|pr1863|00
{@A-RES|0|+7.492108E+04{@LIM3|+7.500000E+04|+7.950000E+04|+7.050000E+04}}
}
{@BLOCK|prb34|00
{@A-RES|0|+7.449423E+04{@LIM3|+7.500000E+04|+7.950000E+04|+7.050000E+04}}
}
{@BLOCK|rw5212|00
{@A-RES|0|+7.190563E+04{@LIM3|+7.500000E+04|+8.625000E+04|+6.375000E+04}}
}
{@BLOCK|rg137|00
{@A-JUM|0|+7.285066E+00{@LIM2|+1.500000E+01|+0.000000E+00}}
}
{@BLOCK|prb3|00
{@A-RES|0|+3.002644E+06{@LIM3|+3.000000E+06|+3.750000E+06|+2.250000E+06}}
}
{@BLOCK|prb6|00
{@A-RES|0|+4.017940E+03{@LIM3|+4.020000E+03|+4.261200E+03|+3.778800E+03}}
}
{@BLOCK|prv155|00
{@A-JUM|0|+5.748248E+00{@LIM2|+1.500000E+01|+0.000000E+00}}
}
{@BLOCK|prv156|00
{@A-JUM|0|+5.767387E+00{@LIM2|+1.500000E+01|+0.000000E+00}}
}
{@BLOCK|prv169|00
{@A-JUM|0|+6.473257E+00{@LIM2|+1.500000E+01|+0.000000E+00}}
}
{@BLOCK|prv170|00
{@A-JUM|0|+6.101036E+00{@LIM2|+1.500000E+01|+0.000000E+00}}
}
{@BLOCK|prw4|00
{@A-RES|0|+3.083693E+04{@LIM3|+3.160000E+04|+3.349600E+04|+2.970400E+04}}
}
{@BLOCK|rg193|00
{@A-RES|0|+3.150507E+04{@LIM3|+3.160000E+04|+3.349600E+04|+2.970400E+04}}
}
{@BLOCK|prb20|00
{@A-RES|0|+3.122081E+05{@LIM3|+3.160000E+05|+3.507600E+05|+2.812400E+05}}
}
{@BLOCK|prb27|00
{@A-RES|0|+1.190573E+05{@LIM3|+1.200000E+05|+1.332000E+05|+1.068000E+05}}
}
{@BLOCK|prb33|00
{@A-RES|0|+5.111250E+05{@LIM3|+5.110000E+05|+5.672100E+05|+4.547900E+05}}
}
{@BLOCK|prv26|00
{@A-RES|0|+6.067885E+04{@LIM3|+6.040000E+04|+6.402400E+04|+5.677600E+04}}
}
{@BLOCK|prv20|00
{@A-RES|0|+2.761721E+02{@LIM3|+2.740000E+02|+2.954400E+02|+2.575600E+02}}
}
{@BLOCK|prv21|00
{@A-RES|0|+1.376043E+04{@LIM3|+1.370000E+04|+1.452200E+04|+1.287800E+04}}
}
{@BLOCK|prv22|00
{@A-RES|0|+5.118172E+01{@LIM3|+4.990000E+01|+5.789398E+01|+4.690600E+01}}
}
{@BLOCK|rc1931|00
{@A-RES|0|+5.246412E+01{@LIM3|+4.990000E+01|+5.789398E+01|+4.690600E+01}}
}
{@BLOCK|rc1962|00
{@A-RES|0|+5.227991E+01{@LIM3|+4.990000E+01|+5.789398E+01|+4.690600E+01}}
}
{@BLOCK|rc1963|00
{@A-RES|0|+5.230907E+01{@LIM3|+4.990000E+01|+5.789398E+01|+4.690600E+01}}
}
{@BLOCK|rc895|00
{@A-JUM|0|+3.739291E+00{@LIM2|+1.500000E+01|+0.000000E+00}}
}
{@BLOCK|prg10|00
{@A-RES|0|+6.052458E+03{@LIM3|+6.040000E+03|+6.402400E+03|+5.677600E+03}}
}
{@BLOCK|prg15|00
{@A-RES|0|+6.031676E+03{@LIM3|+6.040000E+03|+6.402400E+03|+5.677600E+03}}
}
{@BLOCK|prz7|00
{@A-RES|0|+1.545325E+03{@LIM3|+1.540000E+03|+1.632400E+03|+1.447600E+03}}
}
{@BLOCK|prz53|00
{@A-RES|0|+2.800423E+03{@LIM3|+2.800000E+03|+2.968000E+03|+2.632000E+03}}
}
{@BLOCK|rc1967|00
{@A-RES|0|+5.079314E+01{@LIM3|+4.990000E+01|+5.789398E+01|+4.690600E+01}}
}
{@BLOCK|rc1968|00
{@A-RES|0|+5.054868E+01{@LIM3|+4.990000E+01|+5.789398E+01|+4.690600E+01}}
}
{@BLOCK|rg174|00
{@A-RES|0|+5.040142E+01{@LIM3|+4.990000E+01|+5.789398E+01|+4.690600E+01}}
}
{@BLOCK|rg176|00
{@A-RES|0|+5.104277E+01{@LIM3|+4.990000E+01|+5.789398E+01|+4.690600E+01}}
}
{@BLOCK|rc398|00
{@A-RES|0|+4.974060E+02{@LIM3|+4.990000E+02|+5.289400E+02|+4.690600E+02}}
}
{@BLOCK|prv95|00
{@A-RES|0|+4.713691E+03{@LIM3|+4.700000E+03|+4.982000E+03|+4.418000E+03}}
}
{@BLOCK|prv215|00
{@A-RES|0|+2.988036E+05{@LIM3|+3.010000E+05|+3.341100E+05|+2.678900E+05}}
}
{@BLOCK|prv221|00
{@A-RES|0|+7.404750E+03{@LIM3|+7.320000E+03|+8.052000E+03|+6.588000E+03}}
}
{@BLOCK|prv222|00
{@A-RES|0|+7.672346E+03{@LIM3|+7.320000E+03|+8.418000E+03|+6.222000E+03}}
}
{@BLOCK|prv224|00
{@A-RES|0|+7.966626E+03{@LIM3|+7.320000E+03|+9.223200E+03|+5.416800E+03}}
}
{@BLOCK|rh193|00
{@A-RES|0|+4.982152E+04{@LIM3|+4.990000E+04|+5.289400E+04|+4.690600E+04}}
}
{@BLOCK|prz31|00
{@A-RES|0|+5.944350E+04{@LIM3|+5.900000E+04|+6.254000E+04|+4.366000E+04}}
}
{@BLOCK|r374|00
{@A-RES|0|+4.749313E+03{@LIM3|+4.700000E+03|+4.982000E+03|+4.418000E+03}}
}
{@BLOCK|rg1763|00
{@A-RES|0|+4.694666E+03{@LIM3|+4.700000E+03|+4.982000E+03|+4.418000E+03}}
}
{@BLOCK|rg1764|00
{@A-RES|0|+4.709811E+03{@LIM3|+4.700000E+03|+4.982000E+03|+4.418000E+03}}
}
{@BLOCK|rh190|00
{@A-RES|0|+4.569655E+03{@LIM3|+4.700000E+03|+4.982000E+03|+4.418000E+03}}
}
{@BLOCK|rt4311|00
{@A-RES|0|+4.707913E+03{@LIM3|+4.700000E+03|+4.982000E+03|+4.418000E+03}}
}
{@BLOCK|prz5|00
{@A-RES|0|+3.245059E+04{@LIM3|+3.240000E+04|+3.434400E+04|+3.045600E+04}}
}
{@BLOCK|prz21|00
{@A-RES|0|+1.179224E+04{@LIM3|+1.180000E+04|+2.076800E+04|+2.832000E+03}}
}
{@BLOCK|rh194|00
{@A-RES|0|+4.989720E+04{@LIM3|+4.990000E+04|+5.289400E+04|+4.690600E+04}}
}
{@BLOCK|prz6|00
{@A-RES|0|+3.324282E+02{@LIM3|+3.300000E+02|+3.498000E+02|+3.102000E+02}}
}
{@BLOCK|prz8|00
{@A-RES|0|+1.434557E+03{@LIM3|+1.430000E+03|+1.515800E+03|+1.344200E+03}}
}
{@BLOCK|prz9|00
{@A-RES|0|+1.913120E+04{@LIM3|+1.910000E+04|+2.024600E+04|+1.795400E+04}}
}
{@BLOCK|prz15|00
{@A-RES|0|+3.408366E+03{@LIM3|+3.400000E+03|+4.284000E+03|+2.516000E+03}}
}
{@BLOCK|prz16|00
{@A-RES|0|+3.010311E+03{@LIM3|+3.010000E+03|+3.190600E+03|+2.829400E+03}}
}
{@BLOCK|prz27|00
{@A-RES|0|+8.004067E+04{@LIM3|+8.060000E+04|+1.370200E+05|+2.418000E+04}}
}
{@BLOCK|prz45|00
{@A-RES|0|+4.656967E+01{@LIM3|+4.530000E+01|+5.301799E+01|+4.258200E+01}}
}
{@BLOCK|prz55|00
{@A-RES|0|+1.694626E+03{@LIM3|+1.690000E+03|+1.791400E+03|+1.588600E+03}}
}
{@BLOCK|prz56|00
{@A-RES|0|+1.698335E+03{@LIM3|+1.690000E+03|+1.791400E+03|+1.588600E+03}}
}
{@BLOCK|prz61|00
{@A-JUM|0|+4.458655E+00{@LIM2|+1.500000E+01|+0.000000E+00}}
}
{@BLOCK|prz67|00
{@A-RES|0|+1.001915E+02{@LIM3|+8.900000E+01|+1.201500E+02|+6.230000E+01}}
}
{@BLOCK|prz65|00
{@A-RES|0|+6.469972E+04{@LIM3|+6.490000E+04|+6.879400E+04|+6.100600E+04}}
}
{@BLOCK|prz66|00
{@A-RES|0|+2.225178E+04{@LIM3|+2.210000E+04|+2.342600E+04|+2.077400E+04}}
}
{@BLOCK|prz121|00
{@A-RES|0|+9.302118E+02{@LIM3|+9.310000E+02|+9.868600E+02|+8.751400E+02}}
}
{@BLOCK|prz127|00
{@A-RES|0|+9.364734E+02{@LIM3|+9.310000E+02|+9.868600E+02|+8.751400E+02}}
}
{@BLOCK|prz29|00
{@A-RES|0|+1.910190E+03{@LIM3|+1.910000E+03|+2.483000E+03|+1.413400E+03}}
}
{@BLOCK|prz33|00
{@A-RES|0|+2.363618E+04{@LIM3|+2.370000E+04|+3.223200E+04|+1.753800E+04}}
}
{@BLOCK|prz38|00
{@A-RES|0|+3.907539E+03{@LIM3|+3.900000E+03|+5.265000E+03|+2.886000E+03}}
}
{@BLOCK|prz57|00
{@A-JUM|0|+5.116552E+00{@LIM2|+1.500000E+01|+0.000000E+00}}
}
{@BLOCK|prz63|00
{@A-JUM|0|+5.033286E+00{@LIM2|+1.500000E+01|+0.000000E+00}}
}
{@BLOCK|rps27|00
{@A-RES|0|+1.988470E+06{@LIM3|+2.000000E+06|+2.500000E+06|+1.500000E+06}}
}
{@BLOCK|rc1005|00
{@A-RES|0|+4.191508E+01{@LIM3|+3.800000E+01|+5.130000E+01|+3.420000E+01}}
}
{@BLOCK|rg67|00
{@A-RES|0|+3.593267E+01{@LIM3|+3.300000E+01|+4.129999E+01|+2.970000E+01}}
}
{@BLOCK|prz128|00
{@A-RES|0|+9.359092E+02{@LIM3|+9.310000E+02|+9.868600E+02|+8.751400E+02}}
}
{@BLOCK|prz230|00
{@A-RES|0|+9.351580E+02{@LIM3|+9.310000E+02|+9.868600E+02|+8.751400E+02}}
}
{@BLOCK|prz233|00
{@A-RES|0|+9.365663E+02{@LIM3|+9.310000E+02|+9.868600E+02|+8.751400E+02}}
}
{@BLOCK|prz221|00
{@A-RES|0|+1.499722E+03{@LIM3|+1.500000E+03|+1.590000E+03|+1.410000E+03}}
}
{@BLOCK|prz222|00
{@A-RES|0|+1.497021E+03{@LIM3|+1.500000E+03|+1.590000E+03|+1.410000E+03}}
}
{@BLOCK|prz223|00
{@A-RES|0|+2.748830E+03{@LIM3|+2.740000E+03|+2.904400E+03|+2.575600E+03}}
}
{@BLOCK|r30|00
{@A-RES|0|+6.852476E+02{@LIM3|+6.800000E+02|+7.208000E+02|+6.392000E+02}}
}
{@BLOCK|rh69|00
{@A-RES|0|+3.600997E+01{@LIM3|+3.300000E+01|+4.129999E+01|+2.970000E+01}}
}
{@BLOCK|rw5203|00
{@A-RES|0|+3.549352E+01{@LIM3|+3.300000E+01|+4.129999E+01|+2.970000E+01}}
}
{@BLOCK|rw5204|00
{@A-RES|0|+3.643511E+01{@LIM3|+3.300000E+01|+4.129999E+01|+2.970000E+01}}
}
{@BLOCK|r10201|00
{@A-RES|0|+7.259808E+04{@LIM3|+7.500000E+04|+8.250000E+04|+6.750000E+04}}
}
{@BLOCK|r10255|00
{@A-RES|0|+7.330755E+04{@LIM3|+7.500000E+04|+8.625000E+04|+6.375000E+04}}
}
{@BLOCK|rc1404|00
{@A-RES|0|+7.167096E+04{@LIM3|+7.500000E+04|+8.625000E+04|+6.375000E+04}}
}
{@BLOCK|rg135|00
{@A-RES|0|+4.967887E+01{@LIM3|+4.700000E+01|+5.670000E+01|+4.230000E+01}}
}
{@BLOCK|rg284|00
{@A-RES|0|+4.962377E+01{@LIM3|+4.700000E+01|+5.670000E+01|+4.230000E+01}}
}
{@BLOCK|rh11|00
{@A-RES|0|+4.764798E+03{@LIM3|+4.700000E+03|+5.170000E+03|+4.230000E+03}}
}
{@BLOCK|rh14|00
{@A-RES|0|+4.698312E+03{@LIM3|+4.700000E+03|+5.170000E+03|+4.230000E+03}}
}
{@BLOCK|rtp6306|00
{@A-RES|0|+4.710431E+03{@LIM3|+4.700000E+03|+5.170000E+03|+4.230000E+03}}
}
{@BLOCK|rtp6311|00
{@A-RES|0|+4.737182E+03{@LIM3|+4.700000E+03|+5.170000E+03|+4.230000E+03}}
}
{@BLOCK|rv684|00
{@A-RES|0|+4.597866E+03{@LIM3|+4.700000E+03|+5.170000E+03|+4.230000E+03}}
}
{@BLOCK|rv685|00
{@A-RES|0|+4.719679E+03{@LIM3|+4.700000E+03|+5.170000E+03|+4.230000E+03}}
}
{@BLOCK|rbl6415|00
{@A-RES|0|+1.505752E+05{@LIM3|+1.500000E+05|+1.725000E+05|+1.275000E+05}}
}
{@BLOCK|rps21|00
{@A-RES|0|+1.491925E+05{@LIM3|+1.500000E+05|+1.725000E+05|+1.275000E+05}}
}
{@BLOCK|rh87|00
{@A-RES|0|+2.055749E+01{@LIM3|+2.000000E+01|+2.620000E+01|+1.880000E+01}}
}
{@BLOCK|r10224|00
{@A-RES|0|+3.409058E+01{@LIM3|+3.300000E+01|+3.998000E+01|+3.102000E+01}}
}
{@BLOCK|rc1947|00
{@A-RES|0|+4.742440E+03{@LIM3|+4.700000E+03|+5.170000E+03|+4.230000E+03}}
}
{@BLOCK|rc4043|00
{@A-RES|0|+4.771670E+03{@LIM3|+4.700000E+03|+5.170000E+03|+4.230000E+03}}
}
{@BLOCK|rc64|00
{@A-RES|0|+4.729981E+02{@LIM3|+4.700000E+02|+4.982000E+02|+4.418000E+02}}
}
{@BLOCK|rc279|00
{@A-RES|0|+2.237033E+02{@LIM3|+2.200000E+02|+2.469999E+02|+1.980000E+02}}
}
{@BLOCK|rc450|00
{@A-RES|0|+2.417321E+01{@LIM3|+2.000000E+01|+2.700000E+01|+1.800000E+01}}
}
{@BLOCK|rc830|00
{@A-RES|0|+2.324229E+04{@LIM3|+2.320000E+04|+2.459200E+04|+2.180800E+04}}
}
{@BLOCK|rc1959|00
{@A-RES|0|+1.767095E+01{@LIM3|+1.500000E+01|+2.149999E+01|+1.350000E+01}}
}
{@BLOCK|rtp6308|00
{@A-RES|0|+4.741568E+02{@LIM3|+4.700000E+02|+4.982000E+02|+4.418000E+02}}
}
{@BLOCK|rc1957|00
{@A-RES|0|+1.779039E+01{@LIM3|+1.500000E+01|+2.149999E+01|+1.350000E+01}}
}
{@BLOCK|rc1958|00
{@A-RES|0|+1.772249E+01{@LIM3|+1.500000E+01|+2.149999E+01|+1.350000E+01}}
}
{@BLOCK|rc1960|00
{@A-RES|0|+1.763850E+01{@LIM3|+1.500000E+01|+2.149999E+01|+1.350000E+01}}
}
{@BLOCK|rc1961|00
{@A-RES|0|+1.767840E+01{@LIM3|+1.500000E+01|+2.149999E+01|+1.350000E+01}}
}
{@BLOCK|rl5112|00
{@A-RES|0|+7.801594E+01{@LIM3|+7.500000E+01|+8.750002E+01|+6.750000E+01}}
}
{@BLOCK|rl5113|00
{@A-RES|0|+7.806787E+01{@LIM3|+7.500000E+01|+8.750002E+01|+6.750000E+01}}
}
{@BLOCK|rl5114|00
{@A-RES|0|+7.808412E+01{@LIM3|+7.500000E+01|+8.750002E+01|+6.750000E+01}}
}
{@BLOCK|rl5115|00
{@A-RES|0|+7.828285E+01{@LIM3|+7.500000E+01|+8.750002E+01|+6.750000E+01}}
}
{@BLOCK|rg7|00
{@A-RES|0|+2.467362E+03{@LIM3|+2.490000E+03|+2.639400E+03|+2.340600E+03}}
}
{@BLOCK|rg27|00
{@A-RES|0|+4.491629E+03{@LIM3|+4.750000E+03|+5.462500E+03|+4.037500E+03}}
}
{@BLOCK|rg28|00
{@A-RES|0|+4.778924E+03{@LIM3|+4.750000E+03|+5.035000E+03|+4.465000E+03}}
}
{@BLOCK|rg92|00
{@A-RES|0|+4.122790E+01{@LIM3|+4.020000E+01|+4.761200E+01|+3.778800E+01}}
}
{@BLOCK|rg286|00
{@A-RES|0|+5.348661E+01{@LIM3|+5.100000E+01|+6.109999E+01|+4.590000E+01}}
}
{@BLOCK|rh125|00
{@A-RES|0|+2.022949E+02{@LIM3|+2.000000E+02|+2.170000E+02|+1.880000E+02}}
}
{@BLOCK|rh126|00
{@A-RES|0|+2.027250E+02{@LIM3|+2.000000E+02|+2.170000E+02|+1.880000E+02}}
}
{@BLOCK|rh128|00
{@A-RES|0|+2.037950E+02{@LIM3|+2.000000E+02|+2.170000E+02|+1.880000E+02}}
}
{@BLOCK|rh112|00
{@A-RES|0|+1.998026E+03{@LIM3|+2.000000E+03|+2.200000E+03|+1.800000E+03}}
}
{@BLOCK|rh160|00
{@A-RES|0|+1.980742E+03{@LIM3|+2.000000E+03|+2.200000E+03|+1.800000E+03}}
}
{@BLOCK|rh161|00
{@A-RES|0|+1.974379E+03{@LIM3|+2.000000E+03|+2.200000E+03|+1.800000E+03}}
}
{@BLOCK|rl5102|00
{@A-RES|0|+1.492574E+04{@LIM3|+1.500000E+04|+1.650000E+04|+1.350000E+04}}
}
{@BLOCK|rt2|00
{@A-RES|0|+4.657619E+04{@LIM3|+4.700000E+04|+5.170000E+04|+4.230000E+04}}
}
{@BLOCK|rtp6304|00
{@A-RES|0|+5.134704E+02{@LIM3|+5.100000E+02|+5.406000E+02|+4.794000E+02}}
}
{@BLOCK|rtp6307|00
{@A-RES|0|+5.141767E+02{@LIM3|+5.100000E+02|+5.406000E+02|+4.794000E+02}}
}
{@BLOCK|rtp6321|00
{@A-RES|0|+5.133576E+02{@LIM3|+5.100000E+02|+5.406000E+02|+4.794000E+02}}
}
{@BLOCK|rtp6322|00
{@A-RES|0|+5.127661E+02{@LIM3|+5.100000E+02|+5.406000E+02|+4.794000E+02}}
}
{@BLOCK|rtp6324|00
{@A-RES|0|+5.149701E+02{@LIM3|+5.100000E+02|+5.406000E+02|+4.794000E+02}}
}
{@BLOCK|rtp6342|00
{@A-RES|0|+5.129912E+02{@LIM3|+5.100000E+02|+5.406000E+02|+4.794000E+02}}
}
{@BLOCK|rtp6343|00
{@A-RES|0|+5.122882E+02{@LIM3|+5.100000E+02|+5.406000E+02|+4.794000E+02}}
}
{@BLOCK|rtp6345|00
{@A-RES|0|+5.126535E+02{@LIM3|+5.100000E+02|+5.406000E+02|+4.794000E+02}}
}
{@BLOCK|rtp6346|00
{@A-RES|0|+5.127942E+02{@LIM3|+5.100000E+02|+5.406000E+02|+4.794000E+02}}
}
{@BLOCK|rtp6348|00
{@A-RES|0|+5.127942E+02{@LIM3|+5.100000E+02|+5.406000E+02|+4.794000E+02}}
}
{@BLOCK|rd29|00
{@A-RES|0|+7.814954E+01{@LIM3|+7.500000E+01|+8.750002E+01|+6.750000E+01}}
}
{@BLOCK|rh38|00
{@A-RES|0|+5.399723E+01{@LIM3|+5.100000E+01|+6.109999E+01|+4.590000E+01}}
}
{@BLOCK|rh63|00
{@A-RES|0|+5.370561E+01{@LIM3|+5.100000E+01|+6.109999E+01|+4.590000E+01}}
}
{@BLOCK|rh9|00
{@A-RES|0|+2.004489E+04{@LIM3|+2.000000E+04|+2.200000E+04|+1.800000E+04}}
}
{@BLOCK|rh83|00
{@A-RES|0|+1.718127E+01{@LIM3|+1.300000E+01|+1.929999E+01|+1.170000E+01}}
}
{@BLOCK|rw5206|00
{@A-RES|0|+4.203375E+01{@LIM3|+3.900000E+01|+4.790000E+01|+3.510000E+01}}
}
{@BLOCK|rw5209|00
{@A-RES|0|+4.234221E+01{@LIM3|+3.900000E+01|+4.790000E+01|+3.510000E+01}}
}
{@BLOCK|qg1|00
{@A-PFE|0|+7.925865E+01{@LIM2|+2.000000E+02|+2.000000E+01}}
}
{@BLOCK|rtp6349|00
{@A-RES|0|+5.123725E+02{@LIM3|+5.100000E+02|+5.406000E+02|+4.794000E+02}}
}
{@BLOCK|rts1|00
{@A-RES|0|+1.668041E+04{@LIM3|+1.650000E+04|+1.749000E+04|+1.551000E+04}}
}
{@BLOCK|rts2|00
{@A-RES|0|+1.656095E+04{@LIM3|+1.650000E+04|+1.749000E+04|+1.551000E+04}}
}
{@BLOCK|rts3|00
{@A-RES|0|+1.659036E+04{@LIM3|+1.650000E+04|+1.749000E+04|+1.551000E+04}}
}
{@BLOCK|pqd1|00
{@A-PFE|0|+9.081776E+01{@LIM2|+2.000000E+02|+2.000000E+01}}
}
{@BLOCK|qbl6402|00
{@A-PFE|0|+8.832470E+01{@LIM2|+2.000000E+02|+2.000000E+01}}
}
{@BLOCK|qh3|00
{@A-PFE|0|+8.304139E+01{@LIM2|+2.000000E+02|+2.000000E+01}}
}
{@BLOCK|qv46%qf|00
{@A-PFE|0|+1.393368E+02{@LIM2|+4.000000E+02|+2.000000E+01}}
}
{@BLOCK|pqb1%qf|00
{@A-NFE|0|+6.808249E+01{@LIM2|+2.000000E+02|+2.000000E+01}}
}
{@BLOCK|pqb5%qfa|00
{@A-NFE|0|+4.537505E+01{@LIM2|+2.000000E+02|+2.000000E+01}}
}
{@BLOCK|pqb9|00
{@A-NFE|0|+1.202938E+02{@LIM2|+2.000000E+02|+2.000000E+01}}
}
{@BLOCK|pqg1%qf2|00
{@A-NFE|0|+2.750453E+01{@LIM2|+4.000000E+02|+1.000000E+01}}
}
{@BLOCK|q6%qf2|00
{@A-NFE|0|+6.819323E+01{@LIM2|+2.000000E+02|+2.000000E+01}}
}
{@BLOCK|q7|00
{@A-NFE|0|+5.886269E+01{@LIM2|+2.000000E+02|+2.000000E+01}}
}
{@BLOCK|qc1102%qf1|00
{@A-NFE|0|+6.405481E+01{@LIM2|+2.000000E+02|+2.000000E+01}}
}
{@BLOCK|qc1102%qf2|00
{@A-NFE|0|+8.669682E+01{@LIM2|+2.000000E+02|+2.000000E+01}}
}
{@BLOCK|pqb2%qfa|00
{@A-NFE|0|+7.181720E+01{@LIM2|+2.000000E+02|+2.000000E+01}}
}
{@BLOCK|pqb8|00
{@A-NFE|0|+1.171422E+02{@LIM2|+2.000000E+02|+2.000000E+01}}
}
{@BLOCK|pqg1%qf1|00
{@A-NFE|0|+1.071692E+02{@LIM2|+2.000000E+02|+2.000000E+01}}
}
{@BLOCK|pqs1%qfa|00
{@A-NFE|0|+5.041422E+01{@LIM2|+2.000000E+02|+2.000000E+01}}
}
{@BLOCK|qc1106%qf1|00
{@A-NFE|0|+5.577203E+01{@LIM2|+2.000000E+02|+2.000000E+01}}
}
{@BLOCK|qg2%qf1|00
{@A-NFE|0|+8.312048E+01{@LIM2|+2.000000E+02|+2.000000E+01}}
}
{@BLOCK|qg2%qf2|00
{@A-NFE|0|+8.550533E+01{@LIM2|+2.000000E+02|+2.000000E+01}}
}
{@BLOCK|qg3%qf2|00
{@A-NFE|0|+9.148765E+01{@LIM2|+2.000000E+02|+2.000000E+01}}
}
{@BLOCK|qc1104%qf2|00
{@A-NFE|0|+1.278185E+02{@LIM2|+2.000000E+02|+2.000000E+01}}
}
{@BLOCK|qc1106%qf2|00
{@A-NFE|0|+7.082485E+01{@LIM2|+2.000000E+02|+2.000000E+01}}
}
{@BLOCK|qc1120%qf1|00
{@A-NFE|0|+7.164224E+01{@LIM2|+2.000000E+02|+2.000000E+01}}
}
{@BLOCK|qc1120%qf2|00
{@A-NFE|0|+7.283515E+01{@LIM2|+2.000000E+02|+2.000000E+01}}
}
{@BLOCK|qc1121%qf1|00
{@A-NFE|0|+6.501095E+01{@LIM2|+2.000000E+02|+2.000000E+01}}
}
{@BLOCK|qc1122%qf1|00
{@A-NFE|0|+9.791115E+01{@LIM2|+2.000000E+02|+2.000000E+01}}
}
{@BLOCK|qc1122%qf2|00
{@A-NFE|0|+9.294075E+01{@LIM2|+2.000000E+02|+2.000000E+01}}
}
{@BLOCK|qg6%qf1|00
{@A-NFE|0|+6.893412E+01{@LIM2|+2.000000E+02|+2.000000E+01}}
}
{@BLOCK|qg7%qf2|00
{@A-NFE|0|+8.419090E+01{@LIM2|+2.000000E+02|+2.000000E+01}}
}
{@BLOCK|qg10%qf1|00
{@A-NFE|0|+7.876015E+01{@LIM2|+2.000000E+02|+2.000000E+01}}
}
{@BLOCK|qg10%qf2|00
{@A-NFE|0|+7.159364E+01{@LIM2|+2.000000E+02|+2.000000E+01}}
}
{@BLOCK|qg12%qf2|00
{@A-NFE|0|+6.861445E+01{@LIM2|+2.000000E+02|+2.000000E+01}}
}
{@BLOCK|qg26%qf1|00
{@A-NFE|0|+1.158819E+02{@LIM2|+2.000000E+02|+2.000000E+01}}
}
{@BLOCK|qg26%qf2|00
{@A-NFE|0|+7.454589E+01{@LIM2|+2.000000E+02|+2.000000E+01}}
}
{@BLOCK|qg27%qf1|00
{@A-NFE|0|+6.991085E+01{@LIM2|+2.000000E+02|+2.000000E+01}}
}
{@BLOCK|qg27%qf2|00
{@A-NFE|0|+6.639448E+01{@LIM2|+2.000000E+02|+2.000000E+01}}
}
{@BLOCK|qh4002|00
{@A-NFE|0|+2.650358E+01{@LIM2|+8.900000E+02|+2.000000E+01}}
}
{@BLOCK|qh4003|00
{@A-NFE|0|+1.259866E+02{@LIM2|+2.000000E+02|+2.000000E+01}}
}
{@BLOCK|qps1|00
{@A-NFE|0|+2.203123E+01{@LIM2|+9.800000E+02|+1.800000E+01}}
}
{@BLOCK|qt7|00
{@A-NFE|0|+7.325352E+01{@LIM2|+2.000000E+02|+2.000000E+01}}
}
{@BLOCK|qt8|00
{@A-NFE|0|+8.149463E+01{@LIM2|+2.000000E+02|+2.000000E+01}}
}
{@BLOCK|qv105%qf1|00
{@A-NFE|0|+6.554844E+01{@LIM2|+2.000000E+02|+2.000000E+01}}
}
{@BLOCK|qv105%qf2|00
{@A-NFE|0|+6.780437E+01{@LIM2|+2.000000E+02|+2.000000E+01}}
}
{@BLOCK|qz4%qf1|00
{@A-NFE|0|+6.502646E+01{@LIM2|+2.000000E+02|+2.000000E+01}}
}
{@BLOCK|qz4%qf2|00
{@A-NFE|0|+8.205990E+01{@LIM2|+2.000000E+02|+2.000000E+01}}
}
{@BLOCK|d1%cr1|00
{@A-DIO|0|+6.503149E-01{@LIM2|+8.000000E-01|+4.000000E-01}}
}
{@BLOCK|d7701%cr1|00
{@A-DIO|0|+6.559672E-01{@LIM2|+8.000000E-01|+4.000000E-01}}
}
{@BLOCK|d7718%cr1|00
{@A-DIO|0|+6.310885E-01{@LIM2|+8.000000E-01|+4.000000E-01}}
}
{@BLOCK|d7718%cr2|00
{@A-DIO|0|+6.327157E-01{@LIM2|+8.000000E-01|+4.000000E-01}}
}
{@BLOCK|dt31%cr3|00
{@A-DIO|0|+6.142601E-01{@LIM2|+8.000000E-01|+4.000000E-01}}
}
{@BLOCK|dt7201%cr1|00
{@A-DIO|0|+6.244085E-01{@LIM2|+8.000000E-01|+4.000000E-01}}
}
{@BLOCK|dt7201%cr2|00
{@A-DIO|0|+6.351565E-01{@LIM2|+8.000000E-01|+4.000000E-01}}
}
{@BLOCK|dt7203%cr2|00
{@A-DIO|0|+6.233808E-01{@LIM2|+8.000000E-01|+4.000000E-01}}
}
{@BLOCK|dt7218%cr1|00
{@A-DIO|0|+6.306603E-01{@LIM2|+8.000000E-01|+4.000000E-01}}
}
{@BLOCK|dt7218%cr2|00
{@A-DIO|0|+6.198695E-01{@LIM2|+8.000000E-01|+4.000000E-01}}
}
{@BLOCK|dtp65%cr1|00
{@A-DIO|0|+7.087649E-01{@LIM2|+8.000000E-01|+4.000000E-01}}
}
{@BLOCK|pdb1%cr1|00
{@A-DIO|0|+5.454475E-01{@LIM2|+8.000000E-01|+4.000000E-01}}
}
{@BLOCK|pdb1%cr2|00
{@A-DIO|0|+5.401806E-01{@LIM2|+8.000000E-01|+4.000000E-01}}
}
{@BLOCK|dt33|00
{@A-DIO|0|+3.993868E-01{@LIM2|+6.000000E-01|+2.000000E-01}}
}
{@BLOCK|dt40|00
{@A-DIO|0|+6.827729E-01{@LIM2|+8.000000E-01|+4.000000E-01}}
}
{@BLOCK|dt41|00
{@A-DIO|0|+6.236806E-01{@LIM2|+8.000000E-01|+4.000000E-01}}
}
{@BLOCK|dt42|00
{@A-DIO|0|+6.234665E-01{@LIM2|+8.000000E-01|+4.000000E-01}}
}
{@BLOCK|led6310|00
{@A-DIO|0|+3.195977E+00{@LIM2|+3.800000E+00|+2.800000E+00}}
}
{@BLOCK|led6302%blue|00
{@A-DIO|0|+2.712272E+00{@LIM2|+3.500000E+00|+2.500000E+00}}
}
{@BLOCK|led6302%red|00
{@A-DIO|0|+1.979522E+00{@LIM2|+2.500000E+00|+1.500000E+00}}
}
{@BLOCK|led6303%org|00
{@A-DIO|0|+2.005557E+00{@LIM2|+2.500000E+00|+1.500000E+00}}
}
{@BLOCK|led6303%white|00
{@A-DIO|0|+2.747214E+00{@LIM2|+3.500000E+00|+2.500000E+00}}
}
{@BLOCK|led6305%red|00
{@A-DIO|0|+1.995794E+00{@LIM2|+2.500000E+00|+1.500000E+00}}
}
{@BLOCK|led6313%blue|00
{@A-DIO|0|+2.704393E+00{@LIM2|+3.500000E+00|+2.500000E+00}}
}
{@BLOCK|led6313%red|00
{@A-DIO|0|+1.997335E+00{@LIM2|+2.500000E+00|+1.500000E+00}}
}
{@BLOCK|qps2|00
{@A-DIO|0|+6.723247E-01|B-E{@LIM2|+8.500000E-01|+4.500000E-01}}
}
{@BLOCK|d7703|00
{@A-DIO|0|+5.419961E-01{@LIM2|+8.000000E-01|+4.000000E-01}}
}
{@BLOCK|dtp6304%ds1|00
{@A-DIO|0|+2.837996E-01{@LIM2|+6.000000E-01|+2.000000E-01}}
}
{@BLOCK|dt4213%ds|00
{@A-DIO|0|+3.969163E-01{@LIM2|+6.000000E-01|+2.000000E-01}}
}
{@BLOCK|pd2|00
{@A-DIO|0|+5.898998E-01{@LIM2|+8.000000E-01|+4.000000E-01}}
}
{@BLOCK|pd3|00
{@A-DIO|0|+6.282227E-01{@LIM2|+8.000000E-01|+4.000000E-01}}
}
{@BLOCK|pd4|00
{@A-DIO|0|+5.871624E-01{@LIM2|+8.000000E-01|+4.000000E-01}}
}
{@BLOCK|pd7720|00
{@A-DIO|0|+6.610710E-01{@LIM2|+8.000000E-01|+4.000000E-01}}
}
{@BLOCK|pdd1|00
{@A-DIO|0|+6.911819E-01{@LIM2|+9.000000E-01|+5.000000E-01}}
}
{@BLOCK|qh1%qf1|00
{@A-NFE|0|+9.817220E+01{@LIM2|+2.000000E+02|+2.000000E+01}}
}
{@BLOCK|pd201%cr1|00
{@A-DIO|0|+5.014404E-01{@LIM2|+8.000000E-01|+4.000000E-01}}
}
{@BLOCK|pd201%cr2|00
{@A-DIO|0|+5.014404E-01{@LIM2|+8.000000E-01|+4.000000E-01}}
}
{@BLOCK|uh4002%cr|00
{@A-DIO|0|+7.570151E-01{@LIM2|+9.000000E-01|+5.000000E-01}}
}
{@BLOCK|qps2|00
{@A-DIO|0|+6.494838E-01|B-C{@LIM2|+8.500000E-01|+4.500000E-01}}
}
}}