{@BATCH|loq15_irx9||3407|1||btest|050101072922~16|ICT0264\engineer|ICT0264|C:/Agilent_ICT/boards/loq15_irx9_mem_samsung|RevA|5b21d46524||5b21d46524
{@BTEST|6383000551|00|050101091017|000023|0|all||n||050101091040||1
{@BLOCK|pc307|00
{@A-CAP|0|+1.975527E-04{@LIM3|+1.828010E-04|+2.376413E-04|+1.279355E-04}}
}
{@BLOCK|pc516|00
{@A-CAP|0|+6.803464E-06{@LIM3|+6.700000E-06|+8.710000E-06|+4.690000E-06}}
}
{@BLOCK|cv4127|00
{@A-CAP|0|+4.727022E-05{@LIM3|+3.892000E-05|+5.059600E-05|+2.724400E-05}}
}
{@BLOCK|ct62|00
{@A-CAP|0|+2.267325E-05{@LIM3|+2.110000E-05|+3.165000E-05|+1.055000E-05}}
}
{@BLOCK|ch44|00
{@A-CAP|0|+1.068869E-04{@LIM3|+1.021010E-04|+1.327313E-04|+7.144048E-05}}
}
{@BLOCK|ct50|00
{@A-CAP|0|+2.210071E-04{@LIM3|+2.010010E-04|+2.613013E-04|+1.406730E-04}}
}
{@BLOCK|cbl18|00
{@A-CAP|0|+1.319356E-06{@LIM3|+1.201000E-06|+1.561300E-06|+8.407000E-07}}
}
{@BLOCK|cbl6408|00
{@A-CAP|0|+1.183112E-06{@LIM3|+1.000000E-06|+1.300000E-06|+7.000000E-07}}
}
{@BLOCK|pc507|00
{@A-CAP|0|+2.720529E-04{@LIM3|+2.577010E-04|+3.350113E-04|+1.803551E-04}}
}
{@BLOCK|cd20|00
{@A-CAP|0|+2.469470E-04{@LIM3|+2.705000E-04|+4.733750E-04|+8.106993E-05}}
}
{@BLOCK|ch4|00
{@A-CAP|0|+1.067197E-06{@LIM3|+1.000000E-06|+1.300000E-06|+7.000000E-07}}
}
{@BLOCK|ch7|00
{@A-CAP|0|+1.019951E-06{@LIM3|+1.000000E-06|+1.300000E-06|+7.000000E-07}}
}
{@BLOCK|cl5109|00
{@A-CAP|0|+2.736986E-06{@LIM3|+2.500000E-06|+3.250000E-06|+1.750000E-06}}
}
{@BLOCK|ct61|00
{@A-CAP|0|+1.006951E-05{@LIM3|+1.110000E-05|+1.443000E-05|+7.770000E-06}}
}
{@BLOCK|cw5209|00
{@A-CAP|0|+1.039616E-06{@LIM3|+1.000000E-06|+1.300000E-06|+7.000000E-07}}
}
{@BLOCK|ca5606|00
{@A-CAP|0|+2.058825E-06{@LIM3|+2.400000E-06|+3.120000E-06|+1.680000E-06}}
}
{@BLOCK|c8740|00
{@A-CAP|0|+1.165907E-07{@LIM3|+1.210000E-07|+1.815000E-07|+6.050000E-08}}
}
{@BLOCK|c8741|00
{@A-CAP|0|+9.594613E-08{@LIM3|+1.000000E-07|+1.200000E-07|+7.000000E-08}}
}
{@BLOCK|c8742|00
{@A-CAP|0|+1.059823E-07{@LIM3|+1.000000E-07|+1.200000E-07|+8.000000E-08}}
}
{@BLOCK|cf7701|00
{@A-CAP|0|+2.614826E-05{@LIM3|+2.510000E-05|+3.263000E-05|+1.757000E-05}}
}
{@BLOCK|c8751|00
{@A-CAP|0|+8.849780E-08{@LIM3|+1.000000E-07|+1.300000E-07|+7.000000E-08}}
}
{@BLOCK|c8754|00
{@A-CAP|0|+9.559638E-08{@LIM3|+1.000000E-07|+1.300000E-07|+7.000000E-08}}
}
{@BLOCK|c8755|00
{@A-CAP|0|+9.442130E-08{@LIM3|+8.000000E-08|+1.200000E-07|+4.000000E-08}}
}
{@BLOCK|c8756|00
{@A-CAP|0|+9.820067E-08{@LIM3|+1.000000E-07|+1.300000E-07|+7.000000E-08}}
}
{@BLOCK|c8758|00
{@A-CAP|0|+9.565058E-08{@LIM3|+1.000000E-07|+1.300000E-07|+7.000000E-08}}
}
{@BLOCK|c8760|00
{@A-CAP|0|+1.004230E-07{@LIM3|+1.000000E-07|+1.300000E-07|+7.000000E-08}}
}
{@BLOCK|c8761|00
{@A-CAP|0|+1.218013E-07{@LIM3|+1.320000E-07|+1.980000E-07|+6.600000E-08}}
}
{@BLOCK|c8763|00
{@A-CAP|0|+9.733487E-08{@LIM3|+1.000000E-07|+1.300000E-07|+7.000000E-08}}
}
{@BLOCK|c8766|00
{@A-CAP|0|+9.355839E-08{@LIM3|+1.000000E-07|+1.300000E-07|+7.000000E-08}}
}
{@BLOCK|c8769|00
{@A-CAP|0|+9.576078E-08{@LIM3|+1.000000E-07|+1.300000E-07|+7.000000E-08}}
}
{@BLOCK|c8770|00
{@A-CAP|0|+9.918878E-08{@LIM3|+1.000000E-07|+1.300000E-07|+7.000000E-08}}
}
{@BLOCK|c8772|00
{@A-CAP|0|+9.757683E-08{@LIM3|+1.000000E-07|+1.300000E-07|+7.000000E-08}}
}
{@BLOCK|c8773|00
{@A-CAP|0|+9.168467E-08{@LIM3|+7.600000E-08|+1.140000E-07|+3.800000E-08}}
}
{@BLOCK|c8775|00
{@A-CAP|0|+1.093082E-07{@LIM3|+1.370000E-07|+2.055000E-07|+6.850000E-08}}
}
{@BLOCK|c8776|00
{@A-CAP|0|+9.539630E-08{@LIM3|+1.000000E-07|+1.300000E-07|+7.000000E-08}}
}
{@BLOCK|c8778|00
{@A-CAP|0|+9.968864E-08{@LIM3|+1.000000E-07|+1.300000E-07|+7.000000E-08}}
}
{@BLOCK|cbl6404|00
{@A-CAP|0|+1.123636E-07{@LIM3|+1.000000E-07|+1.200000E-07|+8.000000E-08}}
}
{@BLOCK|cbl6405|00
{@A-CAP|0|+1.042646E-07{@LIM3|+1.000000E-07|+1.200000E-07|+8.000000E-08}}
}
{@BLOCK|cbl6409|00
{@A-CAP|0|+1.075584E-07{@LIM3|+1.000000E-07|+1.200000E-07|+8.000000E-08}}
}
{@BLOCK|cbl6413|00
{@A-CAP|0|+1.023248E-07{@LIM3|+1.300000E-07|+1.950000E-07|+6.500000E-08}}
}
{@BLOCK|cbl6414|00
{@A-CAP|0|+1.062043E-07{@LIM3|+1.000000E-07|+1.200000E-07|+8.000000E-08}}
}
{@BLOCK|cbl6419|00
{@A-CAP|0|+1.027348E-07{@LIM3|+1.000000E-07|+1.200000E-07|+8.000000E-08}}
}
{@BLOCK|cf7704|00
{@A-CAP|0|+9.869028E-08{@LIM3|+1.001000E-07|+1.301300E-07|+7.007000E-08}}
}
{@BLOCK|ch5|00
{@A-CAP|0|+1.200012E-06{@LIM3|+1.300000E-06|+1.950000E-06|+6.500000E-07}}
}
{@BLOCK|ch50|00
{@A-CAP|0|+1.130609E-07{@LIM3|+1.190000E-07|+1.785000E-07|+5.950000E-08}}
}
{@BLOCK|ch4014|00
{@A-CAP|0|+1.009936E-07{@LIM3|+1.000000E-07|+1.200000E-07|+8.000000E-08}}
}
{@BLOCK|cps25|00
{@A-CAP|0|+3.493172E-05{@LIM3|+3.054000E-05|+3.970200E-05|+2.137800E-05}}
}
{@BLOCK|ct4413|00
{@A-CAP|0|+1.636056E-06{@LIM3|+1.880000E-06|+2.350000E-06|+1.316000E-06}}
}
{@BLOCK|ct7209|00
{@A-CAP|0|+1.273792E-04{@LIM3|+1.500000E-04|+1.950000E-04|+1.048585E-04}}
}
{@BLOCK|cv1|00
{@A-CAP|0|+1.014624E-07{@LIM3|+1.000000E-07|+1.200000E-07|+8.000000E-08}}
}
{@BLOCK|cv4128|00
{@A-CAP|0|+3.887685E-05{@LIM3|+4.068000E-05|+6.102000E-05|+2.034000E-05}}
}
{@BLOCK|cw5203|00
{@A-CAP|0|+2.119292E-05{@LIM3|+2.022000E-05|+2.628600E-05|+1.011000E-05}}
}
{@BLOCK|pcb14|00
{@A-CAP|0|+4.837786E-06{@LIM3|+4.500000E-06|+5.400000E-06|+3.600000E-06}}
}
{@BLOCK|pc6|00
{@A-CAP|0|+1.127237E-07{@LIM3|+1.000000E-07|+1.300000E-07|+7.000000E-08}}
}
{@BLOCK|pc207|00
{@A-CAP|0|+1.206101E-07{@LIM3|+1.226800E-07|+1.840200E-07|+6.134000E-08}}
}
{@BLOCK|pc501|00
{@A-CAP|0|+1.123345E-07{@LIM3|+1.000000E-07|+1.300000E-07|+7.000000E-08}}
}
{@BLOCK|pc1805|00
{@A-CAP|0|+9.379746E-08{@LIM3|+1.000000E-07|+1.200000E-07|+8.000000E-08}}
}
{@BLOCK|pcb1|00
{@A-CAP|0|+9.421937E-08{@LIM3|+1.000000E-07|+1.200000E-07|+8.000000E-08}}
}
{@BLOCK|pcb30|00
{@A-CAP|0|+1.072016E-07{@LIM3|+1.000000E-07|+1.200000E-07|+8.000000E-08}}
}
{@BLOCK|pcw5|00
{@A-CAP|0|+9.478089E-08{@LIM3|+1.000000E-07|+1.300000E-07|+7.000000E-08}}
}
{@BLOCK|pcz156|00
{@A-CAP|0|+8.982191E-08{@LIM3|+1.000000E-07|+1.300000E-07|+7.000000E-08}}
}
{@BLOCK|pcz158|00
{@A-CAP|0|+1.142482E-07{@LIM3|+1.000000E-07|+1.300000E-07|+7.000000E-08}}
}
{@BLOCK|pcz242|00
{@A-CAP|0|+1.154654E-07{@LIM3|+1.000000E-07|+1.300000E-07|+7.000000E-08}}
}
{@BLOCK|pc1857|00
{@A-CAP|0|+5.345251E-05{@LIM3|+5.400000E-05|+8.100000E-05|+2.699255E-05}}
}
{@BLOCK|ct60|00
{@A-CAP|0|+1.058398E-05{@LIM3|+1.000000E-05|+1.300000E-05|+7.000000E-06}}
}
{@BLOCK|c78|00
{@A-CAP|0|+6.620546E-10{@LIM3|+6.700000E-10|+9.045000E-10|+4.355000E-10}}
}
{@BLOCK|c3801|00
{@A-CAP|0|+5.580370E-06{@LIM3|+4.700000E-06|+6.110000E-06|+3.290000E-06}}
}
{@BLOCK|pc506|00
{@A-CAP|0|+5.678441E-06{@LIM3|+4.700000E-06|+6.110000E-06|+3.290000E-06}}
}
{@BLOCK|pc526|00
{@A-CAP|0|+5.524263E-06{@LIM3|+4.700000E-06|+6.110000E-06|+3.290000E-06}}
}
{@BLOCK|pc535|00
{@A-CAP|0|+5.192844E-06{@LIM3|+4.700000E-06|+6.110000E-06|+3.290000E-06}}
}
{@BLOCK|ca5602|00
{@A-CAP|0|+1.179995E-09{@LIM3|+1.000000E-09|+1.350000E-09|+6.500000E-10}}
}
{@BLOCK|ca5603|00
{@A-CAP|0|+1.233771E-09{@LIM3|+1.000000E-09|+1.350000E-09|+6.500000E-10}}
}
{@BLOCK|ca5604|00
{@A-CAP|0|+1.159049E-09{@LIM3|+1.000000E-09|+1.350000E-09|+6.500000E-10}}
}
{@BLOCK|ca5605|00
{@A-CAP|0|+1.269172E-09{@LIM3|+1.000000E-09|+1.350000E-09|+6.500000E-10}}
}
{@BLOCK|cg620|00
{@A-CAP|0|+9.803090E-10{@LIM3|+1.000000E-09|+1.177000E-09|+8.000000E-10}}
}
{@BLOCK|cg621|00
{@A-CAP|0|+9.871909E-10{@LIM3|+1.000000E-09|+1.177000E-09|+8.000000E-10}}
}
{@BLOCK|pcb20|00
{@A-CAP|0|+3.893730E-05{@LIM3|+4.001200E-05|+4.801440E-05|+3.200960E-05}}
}
{@BLOCK|pc204|00
{@A-CAP|0|+2.218583E-08{@LIM3|+2.200000E-08|+2.640000E-08|+1.760000E-08}}
}
{@BLOCK|cg3720|00
{@A-CAP|0|+1.035240E-06{@LIM3|+1.000000E-06|+1.200000E-06|+8.000000E-07}}
}
{@BLOCK|ch35|00
{@A-CAP|0|+2.248231E-04{@LIM3|+2.054000E-04|+2.978300E-04|+1.437192E-04}}
}
{@BLOCK|cv15|00
{@A-CAP|0|+9.804575E-07{@LIM3|+1.000000E-06|+1.350000E-06|+6.500000E-07}}
}
{@BLOCK|pc520|00
{@A-CAP|0|+1.034982E-06{@LIM3|+1.000000E-06|+1.350000E-06|+6.500000E-07}}
}
{@BLOCK|c8100|00
{@A-CAP|0|+8.562396E-08{@LIM3|+1.000000E-07|+1.200000E-07|+8.000000E-08}}
}
{@BLOCK|cl5110|00
{@A-CAP|0|+9.976779E-08{@LIM3|+1.000000E-07|+1.200000E-07|+8.000000E-08}}
}
{@BLOCK|cz3|00
{@A-CAP|0|+1.924021E-07{@LIM3|+2.000000E-07|+2.400000E-07|+1.600000E-07}}
}
{@BLOCK|pcz9|00
{@A-CAP|0|+1.160042E-07{@LIM3|+1.100000E-07|+1.430000E-07|+7.700000E-08}}
}
{@BLOCK|cc27|00
{@A-CAP|0|+6.136565E-05{@LIM3|+6.600000E-05|+8.580000E-05|+4.619089E-05}}
}
{@BLOCK|cc52|00
{@A-CAP|0|+1.592650E-04{@LIM3|+1.600010E-04|+2.080013E-04|+1.119786E-04}}
}
{@BLOCK|cth3|00
{@A-CAP|0|+2.163232E-09{@LIM3|+2.200000E-09|+2.640000E-09|+1.760000E-09}}
}
{@BLOCK|cth5|00
{@A-CAP|0|+2.155415E-09{@LIM3|+2.200000E-09|+2.640000E-09|+1.760000E-09}}
}
{@BLOCK|c8750|00
{@A-CAP|0|+2.417792E-09{@LIM3|+2.600000E-09|+3.900000E-09|+1.300000E-09}}
}
{@BLOCK|cd17|00
{@A-CAP|0|+2.365957E-09{@LIM3|+2.200000E-09|+2.640000E-09|+1.760000E-09}}
}
{@BLOCK|ctp6304|00
{@A-CAP|0|+2.744673E-09{@LIM3|+2.200000E-09|+2.860000E-09|+1.540000E-09}}
}
{@BLOCK|pcv15|00
{@A-CAP|0|+2.220334E-09{@LIM3|+2.200000E-09|+2.640000E-09|+1.760000E-09}}
}
{@BLOCK|cg3714|00
{@A-CAP|0|+2.923285E-10{@LIM3|+5.200000E-10|+8.840000E-10|+1.560000E-10}}
}
{@BLOCK|cg3715|00
{@A-CAP|0|+3.229619E-10{@LIM3|+5.200000E-10|+8.840000E-10|+1.300000E-10}}
}
{@BLOCK|cl5120|00
{@A-CAP|0|+9.411410E-09{@LIM3|+1.000000E-08|+1.200000E-08|+8.000000E-09}}
}
{@BLOCK|cv2|00
{@A-CAP|0|+9.544032E-09{@LIM3|+1.000000E-08|+1.200000E-08|+8.000000E-09}}
}
{@BLOCK|pcv10|00
{@A-CAP|0|+1.014277E-08{@LIM3|+1.000000E-08|+1.200000E-08|+8.000000E-09}}
}
{@BLOCK|ct242|00
{@A-CAP|0|+3.480715E-10{@LIM3|+3.200000E-10|+4.320000E-10|+2.080000E-10}}
}
{@BLOCK|ct243|00
{@A-CAP|0|+3.403759E-10{@LIM3|+3.200000E-10|+4.320000E-10|+2.080000E-10}}
}
{@BLOCK|cv4247|00
{@A-CAP|0|+3.499396E-10{@LIM3|+3.200000E-10|+4.320000E-10|+2.080000E-10}}
}
{@BLOCK|pcb15|00
{@A-CAP|0|+9.126181E-08{@LIM3|+9.400000E-08|+1.410000E-07|+4.700000E-08}}
}
{@BLOCK|pcv13|00
{@A-CAP|0|+4.687901E-08{@LIM3|+4.700000E-08|+5.640000E-08|+3.760000E-08}}
}
{@BLOCK|pcv14|00
{@A-CAP|0|+4.727774E-08{@LIM3|+4.700000E-08|+5.640000E-08|+3.760000E-08}}
}
{@BLOCK|pcv17|00
{@A-CAP|0|+4.737384E-08{@LIM3|+4.700000E-08|+5.640000E-08|+3.760000E-08}}
}
{@BLOCK|pcv7|00
{@A-CAP|0|+4.774611E-09{@LIM3|+4.700000E-09|+5.640000E-09|+3.760000E-09}}
}
{@BLOCK|pcv6|00
{@A-CAP|0|+3.592369E-10{@LIM3|+3.300000E-10|+3.899999E-10|+2.805000E-10}}
}
{@BLOCK|ph101|00
{@A-RES|0|+9.609471E+02{@LIM3|+1.000000E+03|+1.550000E+03|+4.500000E+02}}
}
{@BLOCK|prz39|00
{@A-RES|0|+1.945435E+04{@LIM3|+2.031900E+04|+2.336685E+04|+1.727115E+04}}
}
{@BLOCK|pr25|00
{@A-RES|0|+1.017738E+05{@LIM3|+1.000000E+05|+1.110000E+05|+8.900000E+04}}
}
{@BLOCK|pr33|00
{@A-RES|0|+1.012470E+05{@LIM3|+1.000000E+05|+1.110000E+05|+8.900000E+04}}
}
{@BLOCK|pr37|00
{@A-RES|0|+9.979342E+04{@LIM3|+1.000000E+05|+1.110000E+05|+8.900000E+04}}
}
{@BLOCK|pr1864|00
{@A-RES|0|+1.001107E+05{@LIM3|+1.000000E+05|+1.110000E+05|+8.900000E+04}}
}
{@BLOCK|prb22|00
{@A-RES|0|+9.961259E+04{@LIM3|+1.000000E+05|+1.110000E+05|+8.900000E+04}}
}
{@BLOCK|prb26|00
{@A-RES|0|+9.974743E+04{@LIM3|+1.000000E+05|+1.110000E+05|+8.900000E+04}}
}
{@BLOCK|prb31|00
{@A-RES|0|+9.986576E+04{@LIM3|+1.000000E+05|+1.110000E+05|+8.900000E+04}}
}
{@BLOCK|prb32|00
{@A-RES|0|+9.941368E+04{@LIM3|+1.000000E+05|+1.110000E+05|+8.900000E+04}}
}
{@BLOCK|prg8|00
{@A-RES|0|+9.993938E+04{@LIM3|+1.000000E+05|+1.110000E+05|+8.900000E+04}}
}
{@BLOCK|r376|00
{@A-RES|0|+9.918612E+04{@LIM3|+1.000000E+05|+1.110000E+05|+8.900000E+04}}
}
{@BLOCK|rg45|00
{@A-RES|0|+9.639696E+04{@LIM3|+1.000000E+05|+1.110000E+05|+8.900000E+04}}
}
{@BLOCK|rg55|00
{@A-RES|0|+9.283570E+04{@LIM3|+1.000000E+05|+1.200000E+05|+8.000000E+04}}
}
{@BLOCK|pcg12|00
{@A-CAP|0|+2.194512E-09{@LIM3|+2.200000E-09|+2.640000E-09|+1.760000E-09}}
}
{@BLOCK|pcg219|00
{@A-CAP|0|+1.110559E-03{@LIM3|+1.034000E-03|+1.344200E-03|+7.216544E-04}}
}
{@BLOCK|pcg208|00
{@A-CAP|0|+9.331023E-04{@LIM3|+8.800000E-04|+1.144000E-03|+6.141740E-04}}
}
{@BLOCK|pcb4|00
{@A-CAP|0|+4.983032E-08{@LIM3|+4.700000E-08|+6.110000E-08|+3.290000E-08}}
}
{@BLOCK|pcz19|00
{@A-CAP|0|+4.073931E-10{@LIM3|+3.900000E-10|+4.755001E-10|+3.120000E-10}}
}
{@BLOCK|ph102|00
{@A-RES|0|+1.043282E+03{@LIM3|+1.000000E+03|+1.550000E+03|+4.500000E+02}}
}
{@BLOCK|prz40|00
{@A-RES|0|+1.959620E+04{@LIM3|+2.031900E+04|+2.336685E+04|+1.727115E+04}}
}
{@BLOCK|phz3|00
{@A-RES|0|+8.514397E+03{@LIM3|+1.000000E+04|+1.500000E+04|+5.000000E+03}}
}
{@BLOCK|rg60|00
{@A-RES|0|+8.580094E+04{@LIM3|+1.960000E+05|+3.528000E+05|+3.920000E+04}}
}
{@BLOCK|rg62|00
{@A-RES|0|+9.270506E+04{@LIM3|+1.000000E+05|+1.200000E+05|+8.000000E+04}}
}
{@BLOCK|rts4|00
{@A-RES|0|+8.201266E+04{@LIM3|+1.000000E+05|+1.500000E+05|+5.000000E+04}}
}
{@BLOCK|rts5|00
{@A-RES|0|+8.440650E+04{@LIM3|+1.000000E+05|+1.500000E+05|+5.000000E+04}}
}
{@BLOCK|rts6|00
{@A-RES|0|+8.454779E+04{@LIM3|+1.000000E+05|+1.500000E+05|+5.000000E+04}}
}
{@BLOCK|prg20|00
{@A-RES|0|+1.310225E+03{@LIM3|+1.334000E+03|+1.414040E+03|+1.253960E+03}}
}
{@BLOCK|prz259|00
{@A-RES|0|+4.061564E+03{@LIM3|+4.344000E+03|+5.430000E+03|+3.258000E+03}}
}
{@BLOCK|prg22|00
{@A-RES|0|+4.966537E+03{@LIM3|+5.000000E+03|+5.300000E+03|+4.700000E+03}}
}
{@BLOCK|prv5|00
{@A-RES|0|+9.992050E+03{@LIM3|+1.000000E+04|+1.060000E+04|+9.400000E+03}}
}
{@BLOCK|prv34|00
{@A-RES|0|+1.000236E+04{@LIM3|+1.000000E+04|+1.060000E+04|+9.400000E+03}}
}
{@BLOCK|prw21|00
{@A-RES|0|+9.992731E+03{@LIM3|+1.000000E+04|+1.060000E+04|+9.400000E+03}}
}
{@BLOCK|prz41|00
{@A-RES|0|+9.953347E+03{@LIM3|+1.000000E+04|+1.060000E+04|+9.400000E+03}}
}
{@BLOCK|prz256|00
{@A-RES|0|+9.975662E+03{@LIM3|+1.000000E+04|+1.060000E+04|+9.400000E+03}}
}
{@BLOCK|rg56|00
{@A-RES|0|+9.936709E+03{@LIM3|+1.000000E+04|+1.060000E+04|+9.400000E+03}}
}
{@BLOCK|pr35|00
{@A-RES|0|+4.499715E+05{@LIM3|+4.530000E+05|+5.028300E+05|+4.031700E+05}}
}
{@BLOCK|pr201|00
{@A-RES|0|+1.032173E+02{@LIM3|+1.000000E+02|+1.110000E+02|+9.400000E+01}}
}
{@BLOCK|pr202|00
{@A-RES|0|+1.060227E+02{@LIM3|+1.000000E+02|+1.110000E+02|+9.400000E+01}}
}
{@BLOCK|prg31|00
{@A-JUM|0|+3.937013E+00{@LIM2|+1.500000E+01|+0.000000E+00}}
}
{@BLOCK|prv12|00
{@A-JUM|0|+3.996139E+00{@LIM2|+1.500000E+01|+0.000000E+00}}
}
{@BLOCK|prv15|00
{@A-JUM|0|+3.553151E+00{@LIM2|+1.500000E+01|+0.000000E+00}}
}
{@BLOCK|prw23|00
{@A-JUM|0|+3.637265E+00{@LIM2|+1.500000E+01|+0.000000E+00}}
}
{@BLOCK|pr203|00
{@A-RES|0|+2.001425E+05{@LIM3|+2.000000E+05|+2.220000E+05|+1.780000E+05}}
}
{@BLOCK|rz40|00
{@A-RES|0|+2.000955E+05{@LIM3|+2.000000E+05|+2.220000E+05|+1.780000E+05}}
}
{@BLOCK|pr204|00
{@A-RES|0|+1.027231E+04{@LIM3|+1.000000E+04|+1.100000E+04|+9.000000E+03}}
}
{@BLOCK|prz54|00
{@A-RES|0|+4.190129E+03{@LIM3|+4.500000E+03|+5.175000E+03|+3.825000E+03}}
}
{@BLOCK|prv8|00
{@A-RES|0|+1.001657E+04{@LIM3|+1.000000E+04|+1.060000E+04|+9.400000E+03}}
}
{@BLOCK|rc829|00
{@A-RES|0|+1.003336E+04{@LIM3|+1.000000E+04|+1.060000E+04|+9.400000E+03}}
}
{@BLOCK|prv31|00
{@A-RES|0|+5.333531E+04{@LIM3|+5.593200E+04|+6.711840E+04|+4.474560E+04}}
}
{@BLOCK|prg18|00
{@A-JUM|0|+3.419343E+00{@LIM2|+1.500000E+01|+0.000000E+00}}
}
{@BLOCK|prz47|00
{@A-RES|0|+9.952286E+01{@LIM3|+1.000000E+02|+1.110000E+02|+9.400000E+01}}
}
{@BLOCK|rc278|00
{@A-RES|0|+5.683383E+01{@LIM3|+5.600000E+01|+6.436002E+01|+5.264000E+01}}
}
{@BLOCK|r5802|00
{@A-RES|0|+1.010248E+04{@LIM3|+1.000000E+04|+1.100000E+04|+9.000000E+03}}
}
{@BLOCK|r3814|00
{@A-RES|0|+1.007570E+04{@LIM3|+1.000000E+04|+1.100000E+04|+9.000000E+03}}
}
{@BLOCK|r5804|00
{@A-RES|0|+1.012428E+04{@LIM3|+1.000000E+04|+1.100000E+04|+9.000000E+03}}
}
{@BLOCK|r5812|00
{@A-RES|0|+1.010403E+04{@LIM3|+1.000000E+04|+1.100000E+04|+9.000000E+03}}
}
{@BLOCK|r5838|00
{@A-RES|0|+9.955998E+03{@LIM3|+1.000000E+04|+1.100000E+04|+9.000000E+03}}
}
{@BLOCK|r10203|00
{@A-RES|0|+1.029098E+04{@LIM3|+1.000000E+04|+1.100000E+04|+9.000000E+03}}
}
{@BLOCK|ra5608|00
{@A-RES|0|+1.021057E+04{@LIM3|+1.000000E+04|+1.100000E+04|+9.000000E+03}}
}
{@BLOCK|rbl6406|00
{@A-RES|0|+1.003573E+04{@LIM3|+1.000000E+04|+1.100000E+04|+9.000000E+03}}
}
{@BLOCK|rbl6411|00
{@A-RES|0|+1.027513E+04{@LIM3|+1.000000E+04|+1.100000E+04|+9.000000E+03}}
}
{@BLOCK|r5814|00
{@A-RES|0|+1.026226E+04{@LIM3|+1.000000E+04|+1.100000E+04|+9.000000E+03}}
}
{@BLOCK|rc60|00
{@A-RES|0|+1.016632E+04{@LIM3|+1.000000E+04|+1.100000E+04|+9.000000E+03}}
}
{@BLOCK|rc62|00
{@A-RES|0|+1.046388E+04{@LIM3|+1.000000E+04|+1.100000E+04|+9.000000E+03}}
}
{@BLOCK|rc364|00
{@A-RES|0|+1.024289E+04{@LIM3|+1.000000E+04|+1.100000E+04|+9.000000E+03}}
}
{@BLOCK|rc365|00
{@A-RES|0|+1.024080E+04{@LIM3|+1.000000E+04|+1.100000E+04|+9.000000E+03}}
}
{@BLOCK|rc1168|00
{@A-RES|0|+8.270471E+04{@LIM3|+1.000000E+05|+1.350000E+05|+6.500000E+04}}
}
{@BLOCK|rc1211|00
{@A-RES|0|+9.964342E+03{@LIM3|+1.000000E+04|+1.100000E+04|+9.000000E+03}}
}
{@BLOCK|rc1212|00
{@A-RES|0|+9.959844E+03{@LIM3|+1.000000E+04|+1.100000E+04|+9.000000E+03}}
}
{@BLOCK|rbl6424|00
{@A-RES|0|+1.023574E+04{@LIM3|+1.000000E+04|+1.100000E+04|+9.000000E+03}}
}
{@BLOCK|rg1|00
{@A-RES|0|+1.000825E+04{@LIM3|+1.000000E+04|+1.100000E+04|+9.000000E+03}}
}
{@BLOCK|rg5|00
{@A-RES|0|+9.991090E+03{@LIM3|+1.000000E+04|+1.100000E+04|+9.000000E+03}}
}
{@BLOCK|rg17|00
{@A-RES|0|+4.328694E+03{@LIM3|+6.000000E+03|+8.100000E+03|+3.900000E+03}}
}
{@BLOCK|rg21|00
{@A-RES|0|+9.929547E+03{@LIM3|+1.000000E+04|+1.100000E+04|+9.000000E+03}}
}
{@BLOCK|rg29|00
{@A-RES|0|+9.909416E+03{@LIM3|+1.000000E+04|+1.100000E+04|+9.000000E+03}}
}
{@BLOCK|rg31|00
{@A-RES|0|+9.999661E+03{@LIM3|+1.000000E+04|+1.100000E+04|+9.000000E+03}}
}
{@BLOCK|rg32|00
{@A-RES|0|+9.928896E+03{@LIM3|+1.000000E+04|+1.100000E+04|+9.000000E+03}}
}
{@BLOCK|rg35|00
{@A-RES|0|+9.872615E+03{@LIM3|+1.000000E+04|+1.100000E+04|+9.000000E+03}}
}
{@BLOCK|rg70|00
{@A-RES|0|+1.005740E+04{@LIM3|+8.000000E+03|+1.360000E+04|+2.400000E+03}}
}
{@BLOCK|rg140|00
{@A-RES|0|+9.970709E+03{@LIM3|+1.000000E+04|+1.100000E+04|+9.000000E+03}}
}
{@BLOCK|rg142|00
{@A-RES|0|+9.981218E+03{@LIM3|+1.000000E+04|+1.100000E+04|+9.000000E+03}}
}
{@BLOCK|rg195|00
{@A-RES|0|+1.026104E+04{@LIM3|+1.000000E+04|+1.100000E+04|+9.000000E+03}}
}
{@BLOCK|rg196|00
{@A-RES|0|+1.015564E+04{@LIM3|+1.000000E+04|+1.100000E+04|+9.000000E+03}}
}
{@BLOCK|rg211|00
{@A-RES|0|+9.917848E+03{@LIM3|+1.000000E+04|+1.100000E+04|+9.000000E+03}}
}
{@BLOCK|rg285|00
{@A-RES|0|+9.970053E+03{@LIM3|+1.000000E+04|+1.100000E+04|+9.000000E+03}}
}
{@BLOCK|rh49|00
{@A-RES|0|+9.981197E+03{@LIM3|+1.000000E+04|+1.100000E+04|+9.000000E+03}}
}
{@BLOCK|rh50|00
{@A-RES|0|+9.863832E+03{@LIM3|+1.000000E+04|+1.100000E+04|+9.000000E+03}}
}
{@BLOCK|rh81|00
{@A-RES|0|+9.946545E+03{@LIM3|+1.000000E+04|+1.100000E+04|+9.000000E+03}}
}
{@BLOCK|rh110|00
{@A-RES|0|+9.931566E+03{@LIM3|+1.000000E+04|+1.100000E+04|+9.000000E+03}}
}
{@BLOCK|rh116|00
{@A-RES|0|+9.912661E+03{@LIM3|+1.000000E+04|+1.100000E+04|+9.000000E+03}}
}
{@BLOCK|rh168|00
{@A-RES|0|+9.956649E+03{@LIM3|+1.000000E+04|+1.100000E+04|+9.000000E+03}}
}
{@BLOCK|rh170|00
{@A-RES|0|+9.710053E+03{@LIM3|+1.000000E+04|+1.100000E+04|+9.000000E+03}}
}
{@BLOCK|rn70|00
{@A-RES|0|+9.977514E+03{@LIM3|+1.000000E+04|+1.100000E+04|+9.000000E+03}}
}
{@BLOCK|rg287|00
{@A-RES|0|+9.954334E+03{@LIM3|+1.000000E+04|+1.100000E+04|+9.000000E+03}}
}
{@BLOCK|rg1746|00
{@A-RES|0|+1.002347E+04{@LIM3|+1.000000E+04|+1.100000E+04|+9.000000E+03}}
}
{@BLOCK|rh39|00
{@A-RES|0|+1.001039E+04{@LIM3|+1.000000E+04|+1.100000E+04|+9.000000E+03}}
}
{@BLOCK|rh4005|00
{@A-RES|0|+1.022711E+04{@LIM3|+1.000000E+04|+1.100000E+04|+9.000000E+03}}
}
{@BLOCK|rh4006|00
{@A-RES|0|+1.025427E+04{@LIM3|+1.000000E+04|+1.100000E+04|+9.000000E+03}}
}
{@BLOCK|rps19|00
{@A-RES|0|+9.962843E+03{@LIM3|+1.000000E+04|+1.100000E+04|+9.000000E+03}}
}
{@BLOCK|rps29|00
{@A-RES|0|+9.885429E+03{@LIM3|+1.000000E+04|+1.100000E+04|+9.000000E+03}}
}
{@BLOCK|rt4316|00
{@A-RES|0|+1.002382E+04{@LIM3|+1.000000E+04|+1.100000E+04|+9.000000E+03}}
}
{@BLOCK|rn77|00
{@A-RES|0|+1.001017E+04{@LIM3|+1.000000E+04|+1.100000E+04|+9.000000E+03}}
}
{@BLOCK|rn1118|00
{@A-RES|0|+9.978523E+03{@LIM3|+1.000000E+04|+1.100000E+04|+9.000000E+03}}
}
{@BLOCK|rn1119|00
{@A-RES|0|+9.946545E+03{@LIM3|+1.000000E+04|+1.100000E+04|+9.000000E+03}}
}
{@BLOCK|pr210|00
{@A-RES|0|+1.004918E+03{@LIM3|+1.000000E+03|+1.100000E+03|+9.000000E+02}}
}
{@BLOCK|r5834|00
{@A-RES|0|+9.985039E+02{@LIM3|+1.000000E+03|+1.100000E+03|+9.000000E+02}}
}
{@BLOCK|r5835|00
{@A-RES|0|+9.957703E+02{@LIM3|+1.000000E+03|+1.100000E+03|+9.000000E+02}}
}
{@BLOCK|rc32|00
{@A-RES|0|+1.012119E+03{@LIM3|+1.000000E+03|+1.100000E+03|+9.000000E+02}}
}
{@BLOCK|rc92|00
{@A-RES|0|+9.695251E+02{@LIM3|+8.780000E+02|+1.317000E+03|+4.390000E+02}}
}
{@BLOCK|rt4320|00
{@A-RES|0|+1.000236E+04{@LIM3|+1.000000E+04|+1.100000E+04|+9.000000E+03}}
}
{@BLOCK|rt4323|00
{@A-RES|0|+9.981523E+03{@LIM3|+1.000000E+04|+1.100000E+04|+9.000000E+03}}
}
{@BLOCK|rv25|00
{@A-RES|0|+1.019720E+04{@LIM3|+1.000000E+04|+1.100000E+04|+9.000000E+03}}
}
{@BLOCK|rw1|00
{@A-RES|0|+1.021001E+04{@LIM3|+1.000000E+04|+1.100000E+04|+9.000000E+03}}
}
{@BLOCK|rw5217|00
{@A-RES|0|+9.930604E+03{@LIM3|+1.000000E+04|+1.100000E+04|+9.000000E+03}}
}
{@BLOCK|r10234|00
{@A-RES|0|+9.987220E+02{@LIM3|+1.000000E+03|+1.100000E+03|+9.000000E+02}}
}
{@BLOCK|pr211|00
{@A-RES|0|+7.538874E+02{@LIM3|+7.500000E+02|+7.950000E+02|+7.050000E+02}}
}
{@BLOCK|pr213|00
{@A-RES|0|+4.711594E+05{@LIM3|+4.700000E+05|+5.217000E+05|+4.183000E+05}}
}
{@BLOCK|rc878|00
{@A-RES|0|+9.677867E+02{@LIM3|+8.920000E+02|+1.248800E+03|+5.352000E+02}}
}
{@BLOCK|rc880|00
{@A-RES|0|+9.653222E+02{@LIM3|+8.930000E+02|+1.250200E+03|+5.358000E+02}}
}
{@BLOCK|rc890|00
{@A-RES|0|+9.595590E+02{@LIM3|+8.930000E+02|+1.339500E+03|+4.465000E+02}}
}
{@BLOCK|rc891|00
{@A-RES|0|+9.636258E+02{@LIM3|+8.960000E+02|+1.344000E+03|+4.480000E+02}}
}
{@BLOCK|rc892|00
{@A-RES|0|+1.012999E+03{@LIM3|+1.000000E+03|+1.100000E+03|+9.000000E+02}}
}
{@BLOCK|rl5101|00
{@A-RES|0|+1.002184E+03{@LIM3|+1.000000E+03|+1.100000E+03|+9.000000E+02}}
}
{@BLOCK|rc18|00
{@A-RES|0|+9.394451E+02{@LIM3|+1.000000E+03|+1.300000E+03|+7.000000E+02}}
}
{@BLOCK|rc20|00
{@A-RES|0|+1.012724E+03{@LIM3|+1.000000E+03|+1.060000E+03|+9.400000E+02}}
}
{@BLOCK|pr215|00
{@A-RES|0|+4.692693E+05{@LIM3|+4.700000E+05|+5.217000E+05|+4.183000E+05}}
}
{@BLOCK|prv24|00
{@A-RES|0|+1.001846E+03{@LIM3|+1.000000E+03|+1.060000E+03|+9.400000E+02}}
}
{@BLOCK|prv25|00
{@A-RES|0|+1.004763E+03{@LIM3|+1.000000E+03|+1.060000E+03|+9.400000E+02}}
}
{@BLOCK|prw1|00
{@A-RES|0|+1.009292E+03{@LIM3|+1.000000E+03|+1.060000E+03|+9.400000E+02}}
}
{@BLOCK|rtp6301|00
{@A-RES|0|+1.007062E+03{@LIM3|+1.000000E+03|+1.060000E+03|+9.400000E+02}}
}
{@BLOCK|rtp6318|00
{@A-RES|0|+1.001236E+03{@LIM3|+1.000000E+03|+1.060000E+03|+9.400000E+02}}
}
{@BLOCK|rtp6319|00
{@A-RES|0|+1.002364E+03{@LIM3|+1.000000E+03|+1.060000E+03|+9.400000E+02}}
}
{@BLOCK|rtp6340|00
{@A-RES|0|+1.001719E+03{@LIM3|+1.000000E+03|+1.060000E+03|+9.400000E+02}}
}
{@BLOCK|pr308|00
{@A-RES|0|+9.814302E+04{@LIM3|+1.000000E+05|+1.150000E+05|+8.500000E+04}}
}
{@BLOCK|pr507|00
{@A-RES|0|+1.011052E+05{@LIM3|+1.000000E+05|+1.150000E+05|+8.500000E+04}}
}
{@BLOCK|pr1011|00
{@A-RES|0|+9.966870E+04{@LIM3|+1.000000E+05|+1.150000E+05|+8.500000E+04}}
}
{@BLOCK|pr1101|00
{@A-RES|0|+9.950301E+04{@LIM3|+1.000000E+05|+1.150000E+05|+8.500000E+04}}
}
{@BLOCK|pr1805|00
{@A-RES|0|+1.017127E+05{@LIM3|+1.000000E+05|+1.150000E+05|+8.500000E+04}}
}
{@BLOCK|pr1885|00
{@A-RES|0|+1.004151E+05{@LIM3|+1.000000E+05|+1.150000E+05|+8.500000E+04}}
}
{@BLOCK|prb29|00
{@A-RES|0|+1.013961E+05{@LIM3|+1.000000E+05|+1.150000E+05|+8.500000E+04}}
}
{@BLOCK|prb30|00
{@A-RES|0|+9.879146E+04{@LIM3|+1.000000E+05|+1.150000E+05|+8.500000E+04}}
}
{@BLOCK|r3806|00
{@A-RES|0|+1.019681E+05{@LIM3|+1.000000E+05|+1.150000E+05|+8.500000E+04}}
}
{@BLOCK|r5815|00
{@A-RES|0|+4.755859E+04{@LIM3|+5.000000E+04|+6.000000E+04|+4.000000E+04}}
}
{@BLOCK|r5823|00
{@A-RES|0|+9.950301E+04{@LIM3|+1.000000E+05|+1.150000E+05|+8.500000E+04}}
}
{@BLOCK|r5824|00
{@A-RES|0|+9.978995E+04{@LIM3|+1.000000E+05|+1.150000E+05|+8.500000E+04}}
}
{@BLOCK|r5825|00
{@A-RES|0|+9.891690E+04{@LIM3|+1.000000E+05|+1.150000E+05|+8.500000E+04}}
}
{@BLOCK|r5839|00
{@A-RES|0|+9.731944E+04{@LIM3|+1.000000E+05|+1.150000E+05|+8.500000E+04}}
}
{@BLOCK|r10153|00
{@A-RES|0|+9.904622E+04{@LIM3|+1.000000E+05|+1.150000E+05|+8.500000E+04}}
}
{@BLOCK|r10202|00
{@A-RES|0|+9.959847E+04{@LIM3|+1.000000E+05|+1.150000E+05|+8.500000E+04}}
}
{@BLOCK|r10249|00
{@A-RES|0|+9.905917E+04{@LIM3|+1.000000E+05|+1.150000E+05|+8.500000E+04}}
}
{@BLOCK|r10250|00
{@A-RES|0|+9.943621E+04{@LIM3|+1.000000E+05|+1.150000E+05|+8.500000E+04}}
}
{@BLOCK|r10251|00
{@A-RES|0|+1.001107E+05{@LIM3|+1.000000E+05|+1.150000E+05|+8.500000E+04}}
}
{@BLOCK|r10252|00
{@A-RES|0|+1.016464E+05{@LIM3|+1.000000E+05|+1.150000E+05|+8.500000E+04}}
}
{@BLOCK|r10253|00
{@A-RES|0|+9.927985E+04{@LIM3|+1.000000E+05|+1.150000E+05|+8.500000E+04}}
}
{@BLOCK|r10257|00
{@A-RES|0|+1.017783E+05{@LIM3|+1.000000E+05|+1.150000E+05|+8.500000E+04}}
}
{@BLOCK|r10258|00
{@A-RES|0|+9.953565E+04{@LIM3|+1.000000E+05|+1.150000E+05|+8.500000E+04}}
}
{@BLOCK|rbl80|00
{@A-RES|0|+9.913694E+04{@LIM3|+1.000000E+05|+1.150000E+05|+8.500000E+04}}
}
{@BLOCK|pre11|00
{@A-RES|0|+1.003244E+05{@LIM3|+1.000000E+05|+1.150000E+05|+8.500000E+04}}
}
{@BLOCK|r3803|00
{@A-RES|0|+9.985146E+04{@LIM3|+1.000000E+05|+1.150000E+05|+8.500000E+04}}
}
{@BLOCK|r10178|00
{@A-RES|0|+1.014654E+05{@LIM3|+1.000000E+05|+1.150000E+05|+8.500000E+04}}
}
{@BLOCK|rc307|00
{@A-RES|0|+1.029096E+05{@LIM3|+1.000000E+05|+1.150000E+05|+7.500000E+04}}
}
{@BLOCK|rc313|00
{@A-RES|0|+1.011797E+05{@LIM3|+1.000000E+05|+1.150000E+05|+8.500000E+04}}
}
{@BLOCK|rc314|00
{@A-RES|0|+1.007748E+05{@LIM3|+1.000000E+05|+1.150000E+05|+8.500000E+04}}
}
{@BLOCK|rc894|00
{@A-RES|0|+1.002489E+05{@LIM3|+1.000000E+05|+1.150000E+05|+8.500000E+04}}
}
{@BLOCK|rc1157|00
{@A-RES|0|+9.084472E+04{@LIM3|+1.000000E+05|+1.350000E+05|+6.500000E+04}}
}
{@BLOCK|rbl6436|00
{@A-RES|0|+1.007802E+05{@LIM3|+1.000000E+05|+1.150000E+05|+8.500000E+04}}
}
{@BLOCK|rbl6438|00
{@A-RES|0|+9.996077E+04{@LIM3|+1.000000E+05|+1.150000E+05|+8.500000E+04}}
}
{@BLOCK|rc893|00
{@A-RES|0|+1.009981E+05{@LIM3|+1.000000E+05|+1.150000E+05|+8.500000E+04}}
}
{@BLOCK|rc1139|00
{@A-RES|0|+9.497110E+04{@LIM3|+1.000000E+05|+1.200000E+05|+8.000000E+04}}
}
{@BLOCK|rc1151|00
{@A-RES|0|+1.009839E+05{@LIM3|+1.000000E+05|+1.150000E+05|+8.500000E+04}}
}
{@BLOCK|rg38|00
{@A-RES|0|+9.841290E+04{@LIM3|+1.000000E+05|+1.150000E+05|+8.500000E+04}}
}
{@BLOCK|rg1731|00
{@A-RES|0|+9.882367E+04{@LIM3|+1.000000E+05|+1.150000E+05|+8.500000E+04}}
}
{@BLOCK|rg1748|00
{@A-RES|0|+9.799919E+04{@LIM3|+1.000000E+05|+1.150000E+05|+8.500000E+04}}
}
{@BLOCK|rh41|00
{@A-RES|0|+9.730279E+04{@LIM3|+1.000000E+05|+1.150000E+05|+8.500000E+04}}
}
{@BLOCK|rh42|00
{@A-RES|0|+8.909176E+04{@LIM3|+9.090900E+04|+1.045454E+05|+7.727265E+04}}
}
{@BLOCK|rh43|00
{@A-RES|0|+9.760152E+04{@LIM3|+1.000000E+05|+1.150000E+05|+8.500000E+04}}
}
{@BLOCK|rh44|00
{@A-RES|0|+9.831074E+04{@LIM3|+1.000000E+05|+1.150000E+05|+8.500000E+04}}
}
{@BLOCK|rh53|00
{@A-RES|0|+1.030625E+05{@LIM3|+1.000000E+05|+1.150000E+05|+8.500000E+04}}
}
{@BLOCK|rh92|00
{@A-RES|0|+8.751675E+04{@LIM3|+1.000000E+05|+1.350000E+05|+6.500000E+04}}
}
{@BLOCK|rh133|00
{@A-RES|0|+1.001363E+05{@LIM3|+1.000000E+05|+1.150000E+05|+8.500000E+04}}
}
{@BLOCK|rh135|00
{@A-RES|0|+1.001562E+05{@LIM3|+1.000000E+05|+1.150000E+05|+8.500000E+04}}
}
{@BLOCK|rh158|00
{@A-RES|0|+1.008696E+05{@LIM3|+1.000000E+05|+1.150000E+05|+8.500000E+04}}
}
{@BLOCK|rh167|00
{@A-RES|0|+1.004335E+05{@LIM3|+1.000000E+05|+1.150000E+05|+8.500000E+04}}
}
{@BLOCK|rh180|00
{@A-RES|0|+9.978685E+04{@LIM3|+1.000000E+05|+1.150000E+05|+8.500000E+04}}
}
{@BLOCK|rt3|00
{@A-RES|0|+1.007054E+05{@LIM3|+1.000000E+05|+1.150000E+05|+8.500000E+04}}
}
{@BLOCK|rv2|00
{@A-RES|0|+9.954542E+04{@LIM3|+1.000000E+05|+1.150000E+05|+8.500000E+04}}
}
{@BLOCK|rv750|00
{@A-RES|0|+9.778067E+04{@LIM3|+1.000000E+05|+1.150000E+05|+8.500000E+04}}
}
{@BLOCK|rv751|00
{@A-RES|0|+1.030931E+05{@LIM3|+1.000000E+05|+1.150000E+05|+8.500000E+04}}
}
{@BLOCK|rv3703|00
{@A-RES|0|+1.015249E+05{@LIM3|+1.000000E+05|+1.150000E+05|+8.500000E+04}}
}
{@BLOCK|rg26|00
{@A-RES|0|+1.002403E+05{@LIM3|+1.000000E+05|+1.150000E+05|+8.500000E+04}}
}
{@BLOCK|qg6%qf2|00
{@A-NFE|0|+5.112369E+01{@LIM2|+2.000000E+02|+2.000000E+01}}
}
{@BLOCK|rh56|00
{@A-RES|0|+1.004799E+05{@LIM3|+1.000000E+05|+1.150000E+05|+8.500000E+04}}
}
{@BLOCK|rh186|00
{@A-RES|0|+1.003731E+05{@LIM3|+1.000000E+05|+1.150000E+05|+8.500000E+04}}
}
{@BLOCK|rh187|00
{@A-RES|0|+9.916115E+04{@LIM3|+1.000000E+05|+1.150000E+05|+8.500000E+04}}
}
{@BLOCK|rv3710|00
{@A-RES|0|+6.117883E+04{@LIM3|+6.000000E+04|+6.900000E+04|+5.100000E+04}}
}
{@BLOCK|rw5202|00
{@A-RES|0|+1.010972E+05{@LIM3|+1.000000E+05|+1.150000E+05|+8.500000E+04}}
}
{@BLOCK|pr509|00
{@A-RES|0|+2.217790E+03{@LIM3|+2.200000E+03|+2.420000E+03|+1.980000E+03}}
}
{@BLOCK|rw5211|00
{@A-RES|0|+1.018458E+05{@LIM3|+1.000000E+05|+1.150000E+05|+8.500000E+04}}
}
{@BLOCK|pr505|00
{@A-RES|0|+4.771917E+05{@LIM3|+4.990000E+05|+5.538900E+05|+4.441100E+05}}
}
{@BLOCK|pr506|00
{@A-RES|0|+1.462672E+05{@LIM3|+1.500000E+05|+1.665000E+05|+1.335000E+05}}
}
{@BLOCK|r5806|00
{@A-RES|0|+2.238879E+03{@LIM3|+2.200000E+03|+2.420000E+03|+1.980000E+03}}
}
{@BLOCK|r5807|00
{@A-RES|0|+2.210903E+03{@LIM3|+2.200000E+03|+2.420000E+03|+1.980000E+03}}
}
{@BLOCK|r5819|00
{@A-RES|0|+2.223887E+03{@LIM3|+2.200000E+03|+2.420000E+03|+1.980000E+03}}
}
{@BLOCK|r5832|00
{@A-RES|0|+2.208186E+03{@LIM3|+2.200000E+03|+2.420000E+03|+1.980000E+03}}
}
{@BLOCK|r5833|00
{@A-RES|0|+2.224591E+03{@LIM3|+2.200000E+03|+2.420000E+03|+1.980000E+03}}
}
{@BLOCK|rbl6431|00
{@A-RES|0|+2.211008E+03{@LIM3|+2.200000E+03|+2.420000E+03|+1.980000E+03}}
}
{@BLOCK|rbl6432|00
{@A-RES|0|+2.217200E+03{@LIM3|+2.200000E+03|+2.420000E+03|+1.980000E+03}}
}
{@BLOCK|rg12|00
{@A-RES|0|+2.265373E+03{@LIM3|+2.200000E+03|+2.420000E+03|+1.980000E+03}}
}
{@BLOCK|rg41|00
{@A-RES|0|+2.176104E+03{@LIM3|+2.200000E+03|+2.420000E+03|+1.980000E+03}}
}
{@BLOCK|rg43|00
{@A-RES|0|+2.182373E+03{@LIM3|+2.200000E+03|+2.420000E+03|+1.980000E+03}}
}
{@BLOCK|rg1737|00
{@A-RES|0|+2.196731E+03{@LIM3|+2.200000E+03|+2.420000E+03|+1.980000E+03}}
}
{@BLOCK|rt4314|00
{@A-RES|0|+2.213418E+03{@LIM3|+2.200000E+03|+2.420000E+03|+1.980000E+03}}
}
{@BLOCK|rt4315|00
{@A-RES|0|+2.220995E+03{@LIM3|+2.200000E+03|+2.420000E+03|+1.980000E+03}}
}
{@BLOCK|pr1001|00
{@A-RES|0|+1.013104E+06{@LIM3|+1.000000E+06|+1.210000E+06|+7.900000E+05}}
}
{@BLOCK|pr1806|00
{@A-RES|0|+8.669144E+05{@LIM3|+1.000000E+06|+1.300000E+06|+7.000000E+05}}
}
{@BLOCK|prb2|00
{@A-RES|0|+1.002834E+06{@LIM3|+1.000000E+06|+1.210000E+06|+7.900000E+05}}
}
{@BLOCK|rh34|00
{@A-RES|0|+1.995647E+04{@LIM3|+2.000000E+04|+2.120000E+04|+1.880000E+04}}
}
{@BLOCK|rh65|00
{@A-RES|0|+1.994599E+04{@LIM3|+2.000000E+04|+2.120000E+04|+1.880000E+04}}
}
{@BLOCK|rt4309|00
{@A-RES|0|+1.998410E+04{@LIM3|+2.000000E+04|+2.120000E+04|+1.880000E+04}}
}
{@BLOCK|pr1861|00
{@A-RES|0|+9.867880E+05{@LIM3|+1.000000E+06|+1.250000E+06|+7.500000E+05}}
}
{@BLOCK|prdg3|00
{@A-RES|0|+1.000262E+06{@LIM3|+1.000000E+06|+1.250000E+06|+7.500000E+05}}
}
{@BLOCK|rg23|00
{@A-RES|0|+2.204422E+03{@LIM3|+2.200000E+03|+2.420000E+03|+1.980000E+03}}
}
{@BLOCK|rg39|00
{@A-RES|0|+2.259119E+03{@LIM3|+2.200000E+03|+2.420000E+03|+1.980000E+03}}
}
{@BLOCK|rg1739|00
{@A-RES|0|+2.198131E+03{@LIM3|+2.200000E+03|+2.420000E+03|+1.980000E+03}}
}
{@BLOCK|rg1740|00
{@A-RES|0|+2.271465E+03{@LIM3|+2.200000E+03|+2.420000E+03|+1.980000E+03}}
}
{@BLOCK|rh2|00
{@A-RES|0|+2.221813E+03{@LIM3|+2.200000E+03|+2.420000E+03|+1.980000E+03}}
}
{@BLOCK|rh6|00
{@A-RES|0|+2.393020E+03{@LIM3|+2.200000E+03|+2.420000E+03|+1.980000E+03}}
}
{@BLOCK|pr1802|00
{@A-RES|0|+3.290321E+03{@LIM3|+3.300000E+03|+3.498000E+03|+3.102000E+03}}
}
{@BLOCK|pr1883|00
{@A-JUM|0|+8.527295E+00{@LIM2|+1.500000E+01|+0.000000E+00}}
}
{@BLOCK|pre10|00
{@A-RES|0|+1.000797E+06{@LIM3|+1.000000E+06|+1.250000E+06|+7.500000E+05}}
}
{@BLOCK|rc864|00
{@A-RES|0|+9.916772E+05{@LIM3|+1.000000E+06|+1.250000E+06|+7.500000E+05}}
}
{@BLOCK|pr1863|00
{@A-RES|0|+7.511078E+04{@LIM3|+7.500000E+04|+7.950000E+04|+7.050000E+04}}
}
{@BLOCK|prb34|00
{@A-RES|0|+7.453087E+04{@LIM3|+7.500000E+04|+7.950000E+04|+7.050000E+04}}
}
{@BLOCK|rw5212|00
{@A-RES|0|+7.347462E+04{@LIM3|+7.500000E+04|+8.625000E+04|+6.375000E+04}}
}
{@BLOCK|rg137|00
{@A-JUM|0|+6.889725E+00{@LIM2|+1.500000E+01|+0.000000E+00}}
}
{@BLOCK|prb3|00
{@A-RES|0|+3.006212E+06{@LIM3|+3.000000E+06|+3.750000E+06|+2.250000E+06}}
}
{@BLOCK|prb6|00
{@A-RES|0|+4.035293E+03{@LIM3|+4.020000E+03|+4.261200E+03|+3.778800E+03}}
}
{@BLOCK|prv155|00
{@A-JUM|0|+5.792987E+00{@LIM2|+1.500000E+01|+0.000000E+00}}
}
{@BLOCK|prv156|00
{@A-JUM|0|+5.779282E+00{@LIM2|+1.500000E+01|+0.000000E+00}}
}
{@BLOCK|prv169|00
{@A-JUM|0|+6.140552E+00{@LIM2|+1.500000E+01|+0.000000E+00}}
}
{@BLOCK|prv170|00
{@A-JUM|0|+5.966926E+00{@LIM2|+1.500000E+01|+0.000000E+00}}
}
{@BLOCK|prw4|00
{@A-RES|0|+3.092000E+04{@LIM3|+3.160000E+04|+3.349600E+04|+2.970400E+04}}
}
{@BLOCK|rg193|00
{@A-RES|0|+3.155402E+04{@LIM3|+3.160000E+04|+3.349600E+04|+2.970400E+04}}
}
{@BLOCK|prb20|00
{@A-RES|0|+3.104886E+05{@LIM3|+3.160000E+05|+3.507600E+05|+2.812400E+05}}
}
{@BLOCK|prb27|00
{@A-RES|0|+1.190274E+05{@LIM3|+1.200000E+05|+1.332000E+05|+1.068000E+05}}
}
{@BLOCK|prb33|00
{@A-RES|0|+5.087947E+05{@LIM3|+5.110000E+05|+5.672100E+05|+4.547900E+05}}
}
{@BLOCK|prv26|00
{@A-RES|0|+6.036522E+04{@LIM3|+6.040000E+04|+6.402400E+04|+5.677600E+04}}
}
{@BLOCK|prv20|00
{@A-RES|0|+2.757646E+02{@LIM3|+2.740000E+02|+2.954400E+02|+2.575600E+02}}
}
{@BLOCK|prv21|00
{@A-RES|0|+1.377829E+04{@LIM3|+1.370000E+04|+1.452200E+04|+1.287800E+04}}
}
{@BLOCK|prv22|00
{@A-RES|0|+5.072231E+01{@LIM3|+4.990000E+01|+5.789398E+01|+4.690600E+01}}
}
{@BLOCK|rc1931|00
{@A-RES|0|+5.221008E+01{@LIM3|+4.990000E+01|+5.789398E+01|+4.690600E+01}}
}
{@BLOCK|rc1962|00
{@A-RES|0|+5.240258E+01{@LIM3|+4.990000E+01|+5.789398E+01|+4.690600E+01}}
}
{@BLOCK|rc1963|00
{@A-RES|0|+5.217523E+01{@LIM3|+4.990000E+01|+5.789398E+01|+4.690600E+01}}
}
{@BLOCK|rc895|00
{@A-JUM|0|+3.816371E+00{@LIM2|+1.500000E+01|+0.000000E+00}}
}
{@BLOCK|prg10|00
{@A-RES|0|+6.043814E+03{@LIM3|+6.040000E+03|+6.402400E+03|+5.677600E+03}}
}
{@BLOCK|prg15|00
{@A-RES|0|+6.058760E+03{@LIM3|+6.040000E+03|+6.402400E+03|+5.677600E+03}}
}
{@BLOCK|prz7|00
{@A-RES|0|+1.541334E+03{@LIM3|+1.540000E+03|+1.632400E+03|+1.447600E+03}}
}
{@BLOCK|prz53|00
{@A-RES|0|+2.801434E+03{@LIM3|+2.800000E+03|+2.968000E+03|+2.632000E+03}}
}
{@BLOCK|rc1967|00
{@A-RES|0|+5.085947E+01{@LIM3|+4.990000E+01|+5.789398E+01|+4.690600E+01}}
}
{@BLOCK|rc1968|00
{@A-RES|0|+5.100656E+01{@LIM3|+4.990000E+01|+5.789398E+01|+4.690600E+01}}
}
{@BLOCK|rg174|00
{@A-RES|0|+5.019312E+01{@LIM3|+4.990000E+01|+5.789398E+01|+4.690600E+01}}
}
{@BLOCK|rg176|00
{@A-RES|0|+5.105392E+01{@LIM3|+4.990000E+01|+5.789398E+01|+4.690600E+01}}
}
{@BLOCK|rc398|00
{@A-RES|0|+4.942935E+02{@LIM3|+4.990000E+02|+5.289400E+02|+4.690600E+02}}
}
{@BLOCK|prv95|00
{@A-RES|0|+4.717274E+03{@LIM3|+4.700000E+03|+4.982000E+03|+4.418000E+03}}
}
{@BLOCK|prv215|00
{@A-RES|0|+2.998423E+05{@LIM3|+3.010000E+05|+3.341100E+05|+2.678900E+05}}
}
{@BLOCK|prv221|00
{@A-RES|0|+7.338758E+03{@LIM3|+7.320000E+03|+8.052000E+03|+6.588000E+03}}
}
{@BLOCK|prv222|00
{@A-RES|0|+7.655202E+03{@LIM3|+7.320000E+03|+8.418000E+03|+6.222000E+03}}
}
{@BLOCK|prv224|00
{@A-RES|0|+7.363367E+03{@LIM3|+7.320000E+03|+9.223200E+03|+5.416800E+03}}
}
{@BLOCK|rh193|00
{@A-RES|0|+5.038640E+04{@LIM3|+4.990000E+04|+5.289400E+04|+4.690600E+04}}
}
{@BLOCK|prz31|00
{@A-RES|0|+5.886303E+04{@LIM3|+5.900000E+04|+6.254000E+04|+4.366000E+04}}
}
{@BLOCK|r374|00
{@A-RES|0|+4.711236E+03{@LIM3|+4.700000E+03|+4.982000E+03|+4.418000E+03}}
}
{@BLOCK|rg1763|00
{@A-RES|0|+4.720281E+03{@LIM3|+4.700000E+03|+4.982000E+03|+4.418000E+03}}
}
{@BLOCK|rg1764|00
{@A-RES|0|+4.722428E+03{@LIM3|+4.700000E+03|+4.982000E+03|+4.418000E+03}}
}
{@BLOCK|rh190|00
{@A-RES|0|+4.644736E+03{@LIM3|+4.700000E+03|+4.982000E+03|+4.418000E+03}}
}
{@BLOCK|rt4311|00
{@A-RES|0|+4.696082E+03{@LIM3|+4.700000E+03|+4.982000E+03|+4.418000E+03}}
}
{@BLOCK|prz5|00
{@A-RES|0|+3.239208E+04{@LIM3|+3.240000E+04|+3.434400E+04|+3.045600E+04}}
}
{@BLOCK|prz21|00
{@A-RES|0|+1.176002E+04{@LIM3|+1.180000E+04|+2.076800E+04|+2.832000E+03}}
}
{@BLOCK|rh194|00
{@A-RES|0|+4.990379E+04{@LIM3|+4.990000E+04|+5.289400E+04|+4.690600E+04}}
}
{@BLOCK|prz6|00
{@A-RES|0|+3.323690E+02{@LIM3|+3.300000E+02|+3.498000E+02|+3.102000E+02}}
}
{@BLOCK|prz8|00
{@A-RES|0|+1.438013E+03{@LIM3|+1.430000E+03|+1.515800E+03|+1.344200E+03}}
}
{@BLOCK|prz9|00
{@A-RES|0|+1.911080E+04{@LIM3|+1.910000E+04|+2.024600E+04|+1.795400E+04}}
}
{@BLOCK|prz15|00
{@A-RES|0|+3.401890E+03{@LIM3|+3.400000E+03|+4.284000E+03|+2.516000E+03}}
}
{@BLOCK|prz16|00
{@A-RES|0|+3.005258E+03{@LIM3|+3.010000E+03|+3.190600E+03|+2.829400E+03}}
}
{@BLOCK|prz27|00
{@A-RES|0|+7.985454E+04{@LIM3|+8.060000E+04|+1.370200E+05|+2.418000E+04}}
}
{@BLOCK|prz45|00
{@A-RES|0|+4.633421E+01{@LIM3|+4.530000E+01|+5.301799E+01|+4.258200E+01}}
}
{@BLOCK|prz55|00
{@A-RES|0|+1.692531E+03{@LIM3|+1.690000E+03|+1.791400E+03|+1.588600E+03}}
}
{@BLOCK|prz56|00
{@A-RES|0|+1.688847E+03{@LIM3|+1.690000E+03|+1.791400E+03|+1.588600E+03}}
}
{@BLOCK|prz61|00
{@A-JUM|0|+4.605530E+00{@LIM2|+1.500000E+01|+0.000000E+00}}
}
{@BLOCK|prz67|00
{@A-RES|0|+1.005796E+02{@LIM3|+8.900000E+01|+1.201500E+02|+6.230000E+01}}
}
{@BLOCK|prz65|00
{@A-RES|0|+6.489423E+04{@LIM3|+6.490000E+04|+6.879400E+04|+6.100600E+04}}
}
{@BLOCK|prz66|00
{@A-RES|0|+2.228986E+04{@LIM3|+2.210000E+04|+2.342600E+04|+2.077400E+04}}
}
{@BLOCK|prz121|00
{@A-RES|0|+9.325384E+02{@LIM3|+9.310000E+02|+9.868600E+02|+8.751400E+02}}
}
{@BLOCK|prz127|00
{@A-RES|0|+9.341271E+02{@LIM3|+9.310000E+02|+9.868600E+02|+8.751400E+02}}
}
{@BLOCK|prz29|00
{@A-RES|0|+1.914967E+03{@LIM3|+1.910000E+03|+2.483000E+03|+1.413400E+03}}
}
{@BLOCK|prz33|00
{@A-RES|0|+2.365293E+04{@LIM3|+2.370000E+04|+3.223200E+04|+1.753800E+04}}
}
{@BLOCK|prz38|00
{@A-RES|0|+3.892237E+03{@LIM3|+3.900000E+03|+5.265000E+03|+2.886000E+03}}
}
{@BLOCK|prz57|00
{@A-JUM|0|+5.391057E+00{@LIM2|+1.500000E+01|+0.000000E+00}}
}
{@BLOCK|prz63|00
{@A-JUM|0|+5.426063E+00{@LIM2|+1.500000E+01|+0.000000E+00}}
}
{@BLOCK|rps27|00
{@A-RES|0|+1.974596E+06{@LIM3|+2.000000E+06|+2.500000E+06|+1.500000E+06}}
}
{@BLOCK|rc1005|00
{@A-RES|0|+4.107090E+01{@LIM3|+3.800000E+01|+5.130000E+01|+3.420000E+01}}
}
{@BLOCK|rg67|00
{@A-RES|0|+3.610555E+01{@LIM3|+3.300000E+01|+4.129999E+01|+2.970000E+01}}
}
{@BLOCK|prz128|00
{@A-RES|0|+9.332854E+02{@LIM3|+9.310000E+02|+9.868600E+02|+8.751400E+02}}
}
{@BLOCK|prz230|00
{@A-RES|0|+9.339400E+02{@LIM3|+9.310000E+02|+9.868600E+02|+8.751400E+02}}
}
{@BLOCK|prz233|00
{@A-RES|0|+9.325384E+02{@LIM3|+9.310000E+02|+9.868600E+02|+8.751400E+02}}
}
{@BLOCK|prz221|00
{@A-RES|0|+1.498949E+03{@LIM3|+1.500000E+03|+1.590000E+03|+1.410000E+03}}
}
{@BLOCK|prz222|00
{@A-RES|0|+1.496828E+03{@LIM3|+1.500000E+03|+1.590000E+03|+1.410000E+03}}
}
{@BLOCK|prz223|00
{@A-RES|0|+2.739448E+03{@LIM3|+2.740000E+03|+2.904400E+03|+2.575600E+03}}
}
{@BLOCK|r30|00
{@A-RES|0|+6.849060E+02{@LIM3|+6.800000E+02|+7.208000E+02|+6.392000E+02}}
}
{@BLOCK|rh69|00
{@A-RES|0|+3.596148E+01{@LIM3|+3.300000E+01|+4.129999E+01|+2.970000E+01}}
}
{@BLOCK|rw5203|00
{@A-RES|0|+3.548278E+01{@LIM3|+3.300000E+01|+4.129999E+01|+2.970000E+01}}
}
{@BLOCK|rw5204|00
{@A-RES|0|+3.626748E+01{@LIM3|+3.300000E+01|+4.129999E+01|+2.970000E+01}}
}
{@BLOCK|r10201|00
{@A-RES|0|+7.149174E+04{@LIM3|+7.500000E+04|+8.250000E+04|+6.750000E+04}}
}
{@BLOCK|r10255|00
{@A-RES|0|+7.157954E+04{@LIM3|+7.500000E+04|+8.625000E+04|+6.375000E+04}}
}
{@BLOCK|rc1404|00
{@A-RES|0|+7.307775E+04{@LIM3|+7.500000E+04|+8.625000E+04|+6.375000E+04}}
}
{@BLOCK|rg135|00
{@A-RES|0|+4.983510E+01{@LIM3|+4.700000E+01|+5.670000E+01|+4.230000E+01}}
}
{@BLOCK|rg284|00
{@A-RES|0|+4.961729E+01{@LIM3|+4.700000E+01|+5.670000E+01|+4.230000E+01}}
}
{@BLOCK|rh11|00
{@A-RES|0|+4.754929E+03{@LIM3|+4.700000E+03|+5.170000E+03|+4.230000E+03}}
}
{@BLOCK|rh14|00
{@A-RES|0|+4.709118E+03{@LIM3|+4.700000E+03|+5.170000E+03|+4.230000E+03}}
}
{@BLOCK|rtp6306|00
{@A-RES|0|+4.687740E+03{@LIM3|+4.700000E+03|+5.170000E+03|+4.230000E+03}}
}
{@BLOCK|rtp6311|00
{@A-RES|0|+4.703790E+03{@LIM3|+4.700000E+03|+5.170000E+03|+4.230000E+03}}
}
{@BLOCK|rv684|00
{@A-RES|0|+4.592667E+03{@LIM3|+4.700000E+03|+5.170000E+03|+4.230000E+03}}
}
{@BLOCK|rv685|00
{@A-RES|0|+4.716741E+03{@LIM3|+4.700000E+03|+5.170000E+03|+4.230000E+03}}
}
{@BLOCK|rbl6415|00
{@A-RES|0|+1.504978E+05{@LIM3|+1.500000E+05|+1.725000E+05|+1.275000E+05}}
}
{@BLOCK|rps21|00
{@A-RES|0|+1.504397E+05{@LIM3|+1.500000E+05|+1.725000E+05|+1.275000E+05}}
}
{@BLOCK|rh87|00
{@A-RES|0|+2.050904E+01{@LIM3|+2.000000E+01|+2.620000E+01|+1.880000E+01}}
}
{@BLOCK|r10224|00
{@A-RES|0|+3.418212E+01{@LIM3|+3.300000E+01|+3.998000E+01|+3.102000E+01}}
}
{@BLOCK|rc1947|00
{@A-RES|0|+4.719016E+03{@LIM3|+4.700000E+03|+5.170000E+03|+4.230000E+03}}
}
{@BLOCK|rc4043|00
{@A-RES|0|+4.812614E+03{@LIM3|+4.700000E+03|+5.170000E+03|+4.230000E+03}}
}
{@BLOCK|rc64|00
{@A-RES|0|+4.734305E+02{@LIM3|+4.700000E+02|+4.982000E+02|+4.418000E+02}}
}
{@BLOCK|rc279|00
{@A-RES|0|+2.246522E+02{@LIM3|+2.200000E+02|+2.469999E+02|+1.980000E+02}}
}
{@BLOCK|rc450|00
{@A-RES|0|+2.247811E+01{@LIM3|+2.000000E+01|+2.700000E+01|+1.800000E+01}}
}
{@BLOCK|rc830|00
{@A-RES|0|+2.313957E+04{@LIM3|+2.320000E+04|+2.459200E+04|+2.180800E+04}}
}
{@BLOCK|rc1959|00
{@A-RES|0|+1.780651E+01{@LIM3|+1.500000E+01|+2.149999E+01|+1.350000E+01}}
}
{@BLOCK|rtp6308|00
{@A-RES|0|+4.740125E+02{@LIM3|+4.700000E+02|+4.982000E+02|+4.418000E+02}}
}
{@BLOCK|rc1957|00
{@A-RES|0|+1.773992E+01{@LIM3|+1.500000E+01|+2.149999E+01|+1.350000E+01}}
}
{@BLOCK|rc1958|00
{@A-RES|0|+1.817793E+01{@LIM3|+1.500000E+01|+2.149999E+01|+1.350000E+01}}
}
{@BLOCK|rc1960|00
{@A-RES|0|+1.774596E+01{@LIM3|+1.500000E+01|+2.149999E+01|+1.350000E+01}}
}
{@BLOCK|rc1961|00
{@A-RES|0|+1.821252E+01{@LIM3|+1.500000E+01|+2.149999E+01|+1.350000E+01}}
}
{@BLOCK|rl5112|00
{@A-RES|0|+7.790580E+01{@LIM3|+7.500000E+01|+8.750002E+01|+6.750000E+01}}
}
{@BLOCK|rl5113|00
{@A-RES|0|+7.773473E+01{@LIM3|+7.500000E+01|+8.750002E+01|+6.750000E+01}}
}
{@BLOCK|rl5114|00
{@A-RES|0|+7.824694E+01{@LIM3|+7.500000E+01|+8.750002E+01|+6.750000E+01}}
}
{@BLOCK|rl5115|00
{@A-RES|0|+7.799972E+01{@LIM3|+7.500000E+01|+8.750002E+01|+6.750000E+01}}
}
{@BLOCK|rg7|00
{@A-RES|0|+2.474420E+03{@LIM3|+2.490000E+03|+2.639400E+03|+2.340600E+03}}
}
{@BLOCK|rg27|00
{@A-RES|0|+4.491629E+03{@LIM3|+4.750000E+03|+5.462500E+03|+4.037500E+03}}
}
{@BLOCK|rg28|00
{@A-RES|0|+4.759111E+03{@LIM3|+4.750000E+03|+5.035000E+03|+4.465000E+03}}
}
{@BLOCK|rg92|00
{@A-RES|0|+4.136789E+01{@LIM3|+4.020000E+01|+4.761200E+01|+3.778800E+01}}
}
{@BLOCK|rg286|00
{@A-RES|0|+5.386539E+01{@LIM3|+5.100000E+01|+6.109999E+01|+4.590000E+01}}
}
{@BLOCK|rh125|00
{@A-RES|0|+2.032188E+02{@LIM3|+2.000000E+02|+2.170000E+02|+1.880000E+02}}
}
{@BLOCK|rh126|00
{@A-RES|0|+2.024965E+02{@LIM3|+2.000000E+02|+2.170000E+02|+1.880000E+02}}
}
{@BLOCK|rh128|00
{@A-RES|0|+2.028130E+02{@LIM3|+2.000000E+02|+2.170000E+02|+1.880000E+02}}
}
{@BLOCK|rh112|00
{@A-RES|0|+1.977639E+03{@LIM3|+2.000000E+03|+2.200000E+03|+1.800000E+03}}
}
{@BLOCK|rh160|00
{@A-RES|0|+2.010236E+03{@LIM3|+2.000000E+03|+2.200000E+03|+1.800000E+03}}
}
{@BLOCK|rh161|00
{@A-RES|0|+1.983518E+03{@LIM3|+2.000000E+03|+2.200000E+03|+1.800000E+03}}
}
{@BLOCK|rl5102|00
{@A-RES|0|+1.480209E+04{@LIM3|+1.500000E+04|+1.650000E+04|+1.350000E+04}}
}
{@BLOCK|rt2|00
{@A-RES|0|+4.701553E+04{@LIM3|+4.700000E+04|+5.170000E+04|+4.230000E+04}}
}
{@BLOCK|rtp6304|00
{@A-RES|0|+5.130476E+02{@LIM3|+5.100000E+02|+5.406000E+02|+4.794000E+02}}
}
{@BLOCK|rtp6307|00
{@A-RES|0|+5.122882E+02{@LIM3|+5.100000E+02|+5.406000E+02|+4.794000E+02}}
}
{@BLOCK|rtp6321|00
{@A-RES|0|+5.125692E+02{@LIM3|+5.100000E+02|+5.406000E+02|+4.794000E+02}}
}
{@BLOCK|rtp6322|00
{@A-RES|0|+5.129631E+02{@LIM3|+5.100000E+02|+5.406000E+02|+4.794000E+02}}
}
{@BLOCK|rtp6324|00
{@A-RES|0|+5.128786E+02{@LIM3|+5.100000E+02|+5.406000E+02|+4.794000E+02}}
}
{@BLOCK|rtp6342|00
{@A-RES|0|+5.113911E+02{@LIM3|+5.100000E+02|+5.406000E+02|+4.794000E+02}}
}
{@BLOCK|rtp6343|00
{@A-RES|0|+5.123163E+02{@LIM3|+5.100000E+02|+5.406000E+02|+4.794000E+02}}
}
{@BLOCK|rtp6345|00
{@A-RES|0|+5.138940E+02{@LIM3|+5.100000E+02|+5.406000E+02|+4.794000E+02}}
}
{@BLOCK|rtp6346|00
{@A-RES|0|+5.125130E+02{@LIM3|+5.100000E+02|+5.406000E+02|+4.794000E+02}}
}
{@BLOCK|rtp6348|00
{@A-RES|0|+5.129912E+02{@LIM3|+5.100000E+02|+5.406000E+02|+4.794000E+02}}
}
{@BLOCK|rd29|00
{@A-RES|0|+7.864018E+01{@LIM3|+7.500000E+01|+8.750002E+01|+6.750000E+01}}
}
{@BLOCK|rh38|00
{@A-RES|0|+5.380143E+01{@LIM3|+5.100000E+01|+6.109999E+01|+4.590000E+01}}
}
{@BLOCK|rh63|00
{@A-RES|0|+5.391003E+01{@LIM3|+5.100000E+01|+6.109999E+01|+4.590000E+01}}
}
{@BLOCK|rh9|00
{@A-RES|0|+2.018844E+04{@LIM3|+2.000000E+04|+2.200000E+04|+1.800000E+04}}
}
{@BLOCK|rh83|00
{@A-RES|0|+1.689189E+01{@LIM3|+1.300000E+01|+1.929999E+01|+1.170000E+01}}
}
{@BLOCK|rw5206|00
{@A-RES|0|+4.186620E+01{@LIM3|+3.900000E+01|+4.790000E+01|+3.510000E+01}}
}
{@BLOCK|rw5209|00
{@A-RES|0|+4.202241E+01{@LIM3|+3.900000E+01|+4.790000E+01|+3.510000E+01}}
}
{@BLOCK|qg1|00
{@A-PFE|0|+8.145005E+01{@LIM2|+2.000000E+02|+2.000000E+01}}
}
{@BLOCK|rtp6349|00
{@A-RES|0|+5.132166E+02{@LIM3|+5.100000E+02|+5.406000E+02|+4.794000E+02}}
}
{@BLOCK|rts1|00
{@A-RES|0|+1.667327E+04{@LIM3|+1.650000E+04|+1.749000E+04|+1.551000E+04}}
}
{@BLOCK|rts2|00
{@A-RES|0|+1.673539E+04{@LIM3|+1.650000E+04|+1.749000E+04|+1.551000E+04}}
}
{@BLOCK|rts3|00
{@A-RES|0|+1.664653E+04{@LIM3|+1.650000E+04|+1.749000E+04|+1.551000E+04}}
}
{@BLOCK|pqd1|00
{@A-PFE|0|+9.217719E+01{@LIM2|+2.000000E+02|+2.000000E+01}}
}
{@BLOCK|qbl6402|00
{@A-PFE|0|+9.340121E+01{@LIM2|+2.000000E+02|+2.000000E+01}}
}
{@BLOCK|qh3|00
{@A-PFE|0|+8.456162E+01{@LIM2|+2.000000E+02|+2.000000E+01}}
}
{@BLOCK|qv46%qf|00
{@A-PFE|0|+1.380665E+02{@LIM2|+4.000000E+02|+2.000000E+01}}
}
{@BLOCK|pqb1%qf|00
{@A-NFE|0|+6.829443E+01{@LIM2|+2.000000E+02|+2.000000E+01}}
}
{@BLOCK|pqb5%qfa|00
{@A-NFE|0|+4.964388E+01{@LIM2|+2.000000E+02|+2.000000E+01}}
}
{@BLOCK|pqb9|00
{@A-NFE|0|+1.207946E+02{@LIM2|+2.000000E+02|+2.000000E+01}}
}
{@BLOCK|pqg1%qf2|00
{@A-NFE|0|+8.148678E+01{@LIM2|+4.000000E+02|+1.000000E+01}}
}
{@BLOCK|q6%qf2|00
{@A-NFE|0|+7.424432E+01{@LIM2|+2.000000E+02|+2.000000E+01}}
}
{@BLOCK|q7|00
{@A-NFE|0|+6.432223E+01{@LIM2|+2.000000E+02|+2.000000E+01}}
}
{@BLOCK|qc1102%qf1|00
{@A-NFE|0|+6.997204E+01{@LIM2|+2.000000E+02|+2.000000E+01}}
}
{@BLOCK|qc1102%qf2|00
{@A-NFE|0|+9.216730E+01{@LIM2|+2.000000E+02|+2.000000E+01}}
}
{@BLOCK|qc1104%qf2|00
{@A-NFE|0|+1.353366E+02{@LIM2|+2.000000E+02|+2.000000E+01}}
}
{@BLOCK|qc1106%qf2|00
{@A-NFE|0|+7.450642E+01{@LIM2|+2.000000E+02|+2.000000E+01}}
}
{@BLOCK|qc1120%qf1|00
{@A-NFE|0|+7.086052E+01{@LIM2|+2.000000E+02|+2.000000E+01}}
}
{@BLOCK|qc1120%qf2|00
{@A-NFE|0|+7.323954E+01{@LIM2|+2.000000E+02|+2.000000E+01}}
}
{@BLOCK|qc1121%qf1|00
{@A-NFE|0|+6.985208E+01{@LIM2|+2.000000E+02|+2.000000E+01}}
}
{@BLOCK|qc1122%qf1|00
{@A-NFE|0|+1.002807E+02{@LIM2|+2.000000E+02|+2.000000E+01}}
}
{@BLOCK|qc1122%qf2|00
{@A-NFE|0|+9.899042E+01{@LIM2|+2.000000E+02|+2.000000E+01}}
}
{@BLOCK|qg6%qf1|00
{@A-NFE|0|+7.980725E+01{@LIM2|+2.000000E+02|+2.000000E+01}}
}
{@BLOCK|qg7%qf2|00
{@A-NFE|0|+9.113511E+01{@LIM2|+2.000000E+02|+2.000000E+01}}
}
{@BLOCK|qg10%qf1|00
{@A-NFE|0|+8.019624E+01{@LIM2|+2.000000E+02|+2.000000E+01}}
}
{@BLOCK|qg10%qf2|00
{@A-NFE|0|+7.422474E+01{@LIM2|+2.000000E+02|+2.000000E+01}}
}
{@BLOCK|qg12%qf2|00
{@A-NFE|0|+6.988099E+01{@LIM2|+2.000000E+02|+2.000000E+01}}
}
{@BLOCK|qg26%qf1|00
{@A-NFE|0|+1.196380E+02{@LIM2|+2.000000E+02|+2.000000E+01}}
}
{@BLOCK|qg26%qf2|00
{@A-NFE|0|+7.912946E+01{@LIM2|+2.000000E+02|+2.000000E+01}}
}
{@BLOCK|qg27%qf1|00
{@A-NFE|0|+6.783990E+01{@LIM2|+2.000000E+02|+2.000000E+01}}
}
{@BLOCK|qg27%qf2|00
{@A-NFE|0|+6.636359E+01{@LIM2|+2.000000E+02|+2.000000E+01}}
}
{@BLOCK|pqb2%qfa|00
{@A-NFE|0|+7.473612E+01{@LIM2|+2.000000E+02|+2.000000E+01}}
}
{@BLOCK|pqb8|00
{@A-NFE|0|+1.151145E+02{@LIM2|+2.000000E+02|+2.000000E+01}}
}
{@BLOCK|pqg1%qf1|00
{@A-NFE|0|+9.795952E+01{@LIM2|+2.000000E+02|+2.000000E+01}}
}
{@BLOCK|qc1106%qf1|00
{@A-NFE|0|+5.802832E+01{@LIM2|+2.000000E+02|+2.000000E+01}}
}
{@BLOCK|qg2%qf1|00
{@A-NFE|0|+8.211453E+01{@LIM2|+2.000000E+02|+2.000000E+01}}
}
{@BLOCK|qg2%qf2|00
{@A-NFE|0|+8.006300E+01{@LIM2|+2.000000E+02|+2.000000E+01}}
}
{@BLOCK|qg3%qf2|00
{@A-NFE|0|+8.537138E+01{@LIM2|+2.000000E+02|+2.000000E+01}}
}
{@BLOCK|qh1%qf1|00
{@A-NFE|0|+9.036422E+01{@LIM2|+2.000000E+02|+2.000000E+01}}
}
{@BLOCK|qh4002|00
{@A-NFE|0|+3.091736E+01{@LIM2|+8.900000E+02|+2.000000E+01}}
}
{@BLOCK|qh4003|00
{@A-NFE|0|+1.285410E+02{@LIM2|+2.000000E+02|+2.000000E+01}}
}
{@BLOCK|qps1|00
{@A-NFE|0|+2.427554E+01{@LIM2|+9.800000E+02|+1.800000E+01}}
}
{@BLOCK|qt7|00
{@A-NFE|0|+7.683108E+01{@LIM2|+2.000000E+02|+2.000000E+01}}
}
{@BLOCK|qt8|00
{@A-NFE|0|+9.180588E+01{@LIM2|+2.000000E+02|+2.000000E+01}}
}
{@BLOCK|qv105%qf1|00
{@A-NFE|0|+6.819336E+01{@LIM2|+2.000000E+02|+2.000000E+01}}
}
{@BLOCK|qv105%qf2|00
{@A-NFE|0|+7.018307E+01{@LIM2|+2.000000E+02|+2.000000E+01}}
}
{@BLOCK|qz4%qf1|00
{@A-NFE|0|+7.066203E+01{@LIM2|+2.000000E+02|+2.000000E+01}}
}
{@BLOCK|qz4%qf2|00
{@A-NFE|0|+8.164722E+01{@LIM2|+2.000000E+02|+2.000000E+01}}
}
{@BLOCK|d1%cr1|00
{@A-DIO|0|+6.501865E-01{@LIM2|+8.000000E-01|+4.000000E-01}}
}
{@BLOCK|d7701%cr1|00
{@A-DIO|0|+6.480454E-01{@LIM2|+8.000000E-01|+4.000000E-01}}
}
{@BLOCK|d7718%cr1|00
{@A-DIO|0|+6.295042E-01{@LIM2|+8.000000E-01|+4.000000E-01}}
}
{@BLOCK|d7718%cr2|00
{@A-DIO|0|+6.287762E-01{@LIM2|+8.000000E-01|+4.000000E-01}}
}
{@BLOCK|dt31%cr3|00
{@A-DIO|0|+6.423503E-01{@LIM2|+8.000000E-01|+4.000000E-01}}
}
{@BLOCK|dt7201%cr1|00
{@A-DIO|0|+6.370406E-01{@LIM2|+8.000000E-01|+4.000000E-01}}
}
{@BLOCK|dt7201%cr2|00
{@A-DIO|0|+6.459901E-01{@LIM2|+8.000000E-01|+4.000000E-01}}
}
{@BLOCK|dt7203%cr2|00
{@A-DIO|0|+6.331867E-01{@LIM2|+8.000000E-01|+4.000000E-01}}
}
{@BLOCK|dt7218%cr1|00
{@A-DIO|0|+6.420077E-01{@LIM2|+8.000000E-01|+4.000000E-01}}
}
{@BLOCK|dt7218%cr2|00
{@A-DIO|0|+6.297183E-01{@LIM2|+8.000000E-01|+4.000000E-01}}
}
{@BLOCK|dtp65%cr1|00
{@A-DIO|0|+7.223390E-01{@LIM2|+8.000000E-01|+4.000000E-01}}
}
{@BLOCK|pdb1%cr1|00
{@A-DIO|0|+5.439488E-01{@LIM2|+8.000000E-01|+4.000000E-01}}
}
{@BLOCK|pdb1%cr2|00
{@A-DIO|0|+5.374401E-01{@LIM2|+8.000000E-01|+4.000000E-01}}
}
{@BLOCK|dt33|00
{@A-DIO|0|+4.111196E-01{@LIM2|+6.000000E-01|+2.000000E-01}}
}
{@BLOCK|dt40|00
{@A-DIO|0|+6.817452E-01{@LIM2|+8.000000E-01|+4.000000E-01}}
}
{@BLOCK|dt41|00
{@A-DIO|0|+6.231667E-01{@LIM2|+8.000000E-01|+4.000000E-01}}
}
{@BLOCK|dt42|00
{@A-DIO|0|+6.230811E-01{@LIM2|+8.000000E-01|+4.000000E-01}}
}
{@BLOCK|led6310|00
{@A-DIO|0|+3.161035E+00{@LIM2|+3.800000E+00|+2.800000E+00}}
}
{@BLOCK|led6302%blue|00
{@A-DIO|0|+2.701653E+00{@LIM2|+3.500000E+00|+2.500000E+00}}
}
{@BLOCK|led6302%red|00
{@A-DIO|0|+1.992711E+00{@LIM2|+2.500000E+00|+1.500000E+00}}
}
{@BLOCK|led6303%org|00
{@A-DIO|0|+1.997335E+00{@LIM2|+2.500000E+00|+1.500000E+00}}
}
{@BLOCK|led6303%white|00
{@A-DIO|0|+2.725975E+00{@LIM2|+3.500000E+00|+2.500000E+00}}
}
{@BLOCK|led6305%red|00
{@A-DIO|0|+2.033990E+00{@LIM2|+2.500000E+00|+1.500000E+00}}
}
{@BLOCK|led6313%blue|00
{@A-DIO|0|+2.724262E+00{@LIM2|+3.500000E+00|+2.500000E+00}}
}
{@BLOCK|led6313%red|00
{@A-DIO|0|+2.057113E+00{@LIM2|+2.500000E+00|+1.500000E+00}}
}
{@BLOCK|qps2|00
{@A-DIO|0|+6.727100E-01|B-E{@LIM2|+8.500000E-01|+4.500000E-01}}
}
{@BLOCK|d7703|00
{@A-DIO|0|+5.255719E-01{@LIM2|+8.000000E-01|+4.000000E-01}}
}
{@BLOCK|dtp6304%ds1|00
{@A-DIO|0|+2.956246E-01{@LIM2|+6.000000E-01|+2.000000E-01}}
}
{@BLOCK|dt4213%ds|00
{@A-DIO|0|+4.092344E-01{@LIM2|+6.000000E-01|+2.000000E-01}}
}
{@BLOCK|pd2|00
{@A-DIO|0|+5.994805E-01{@LIM2|+8.000000E-01|+4.000000E-01}}
}
{@BLOCK|pd3|00
{@A-DIO|0|+6.117986E-01{@LIM2|+8.000000E-01|+4.000000E-01}}
}
{@BLOCK|pd4|00
{@A-DIO|0|+5.857937E-01{@LIM2|+8.000000E-01|+4.000000E-01}}
}
{@BLOCK|pd7720|00
{@A-DIO|0|+6.610710E-01{@LIM2|+8.000000E-01|+4.000000E-01}}
}
{@BLOCK|pdd1|00
{@A-DIO|0|+6.925505E-01{@LIM2|+9.000000E-01|+5.000000E-01}}
}
{@BLOCK|pd201%cr1|00
{@A-DIO|0|+5.015263E-01{@LIM2|+8.000000E-01|+4.000000E-01}}
}
{@BLOCK|pd201%cr2|00
{@A-DIO|0|+5.007530E-01{@LIM2|+8.000000E-01|+4.000000E-01}}
}
{@BLOCK|uh4002%cr|00
{@A-DIO|0|+7.505280E-01{@LIM2|+9.000000E-01|+5.000000E-01}}
}
{@BLOCK|qps2|00
{@A-DIO|0|+6.503860E-01|B-C{@LIM2|+8.500000E-01|+4.500000E-01}}
}
}}