{@BATCH|e14_gen7||4094|1||btest|050430070108~16|ICT0265\engineer|ICT0265|C:/Agilent_ICT/boards/e14_gen7|RevA|sb21t16730_sc88||sb21t16730_sc88
{@BTEST|6483002217|00|050430103037|000018|0|all||n||050430103055||1
{@BLOCK|ca2|00
{@A-CAP|0|+5.867454E-06{@LIM3|+7.802000E-06|+1.326340E-05|+2.340600E-06}}
}
{@BLOCK|cc5|00
{@A-CAP|0|+8.994475E-08{@LIM3|+1.000000E-07|+1.300000E-07|+7.000000E-08}}
}
{@BLOCK|ci209|00
{@A-CAP|0|+7.383702E-05{@LIM3|+7.760000E-05|+1.319200E-04|+2.326929E-05}}
}
{@BLOCK|cc1|00
{@A-CAP|0|+9.030879E-08{@LIM3|+7.000000E-08|+1.050000E-07|+3.500000E-08}}
}
{@BLOCK|cc12|00
{@A-CAP|0|+2.077355E-06{@LIM3|+2.100000E-06|+3.360000E-06|+8.400000E-07}}
}
{@BLOCK|cc31|00
{@A-CAP|0|+1.105954E-07{@LIM3|+1.000000E-07|+1.300000E-07|+8.000000E-08}}
}
{@BLOCK|cd4|00
{@A-CAP|0|+8.802588E-05{@LIM3|+9.120000E-05|+1.185600E-04|+6.384000E-05}}
}
{@BLOCK|ce2|00
{@A-CAP|0|+9.380208E-08{@LIM3|+8.000000E-08|+1.120000E-07|+4.800000E-08}}
}
{@BLOCK|pc6204|00
{@A-CAP|0|+5.591223E-06{@LIM3|+5.401000E-06|+7.021300E-06|+3.780700E-06}}
}
{@BLOCK|ce23|00
{@A-CAP|0|+9.227057E-08{@LIM3|+1.000000E-07|+1.300000E-07|+7.000000E-08}}
}
{@BLOCK|ce24|00
{@A-CAP|0|+1.040174E-07{@LIM3|+1.000000E-07|+1.250000E-07|+8.000000E-08}}
}
{@BLOCK|ci105|00
{@A-CAP|0|+1.049696E-05{@LIM3|+1.020000E-05|+1.326000E-05|+7.140000E-06}}
}
{@BLOCK|ci208|00
{@A-CAP|0|+8.390273E-05{@LIM3|+8.721000E-05|+1.133730E-04|+6.103497E-05}}
}
{@BLOCK|pc6237|00
{@A-CAP|0|+2.736270E-04{@LIM3|+2.927000E-04|+3.805100E-04|+2.044849E-04}}
}
{@BLOCK|ce20|00
{@A-CAP|0|+1.100376E-09{@LIM3|+1.000000E-09|+1.200000E-09|+8.000000E-10}}
}
{@BLOCK|cn5|00
{@A-CAP|0|+2.257118E-05{@LIM3|+2.230000E-05|+2.899000E-05|+1.561000E-05}}
}
{@BLOCK|cu693|00
{@A-CAP|0|+1.117743E-05{@LIM3|+9.720000E-06|+1.263600E-05|+6.804000E-06}}
}
{@BLOCK|cr10|00
{@A-CAP|0|+5.838050E-06{@LIM3|+5.800000E-06|+7.540000E-06|+4.060000E-06}}
}
{@BLOCK|cu25|00
{@A-CAP|0|+8.856212E-06{@LIM3|+1.040100E-05|+1.248120E-05|+8.320800E-06}}
}
{@BLOCK|cu620|00
{@A-CAP|0|+8.680097E-05{@LIM3|+8.450000E-05|+1.098500E-04|+5.915000E-05}}
}
{@BLOCK|cu648|00
{@A-CAP|0|+3.117821E-05{@LIM3|+2.886000E-05|+3.896100E-05|+1.875900E-05}}
}
{@BLOCK|pc1921|00
{@A-CAP|0|+1.592919E-04{@LIM3|+1.537000E-04|+1.998100E-04|+1.075688E-04}}
}
{@BLOCK|cu1003|00
{@A-CAP|0|+1.489898E-04{@LIM3|+1.501000E-04|+1.951300E-04|+1.049285E-04}}
}
{@BLOCK|cv175|00
{@A-CAP|0|+1.006585E-06{@LIM3|+1.100000E-06|+1.430000E-06|+7.700000E-07}}
}
{@BLOCK|cv180|00
{@A-CAP|0|+7.641175E-08{@LIM3|+9.000000E-08|+1.530000E-07|+2.700000E-08}}
}
{@BLOCK|cv183|00
{@A-CAP|0|+8.912555E-08{@LIM3|+1.000000E-07|+1.300000E-07|+7.000000E-08}}
}
{@BLOCK|cv529|00
{@A-CAP|0|+4.129102E-05{@LIM3|+3.513000E-05|+4.566900E-05|+2.459100E-05}}
}
{@BLOCK|cv534|00
{@A-CAP|0|+1.018653E-07{@LIM3|+1.010000E-07|+1.313000E-07|+7.070000E-08}}
}
{@BLOCK|pc1401|00
{@A-CAP|0|+1.604993E-03{@LIM3|+1.620000E-03|+2.106000E-03|+1.130638E-03}}
}
{@BLOCK|pc1014|00
{@A-CAP|0|+1.114868E-07{@LIM3|+1.000000E-07|+1.350000E-07|+6.500000E-08}}
}
{@BLOCK|pc5398|00
{@A-CAP|0|+1.862778E-04{@LIM3|+1.968700E-04|+2.559310E-04|+1.377681E-04}}
}
{@BLOCK|pc5310|00
{@A-CAP|0|+9.105762E-05{@LIM3|+1.001420E-04|+1.301846E-04|+7.009940E-05}}
}
{@BLOCK|pc5360|00
{@A-CAP|0|+1.103482E-05{@LIM3|+1.001100E-05|+1.301430E-05|+7.007700E-06}}
}
{@BLOCK|pc6212|00
{@A-CAP|0|+9.540924E-08{@LIM3|+1.000000E-07|+1.300000E-07|+7.000000E-08}}
}
{@BLOCK|pc6511|00
{@A-CAP|0|+1.171196E-07{@LIM3|+1.000000E-07|+1.700000E-07|+3.000000E-08}}
}
{@BLOCK|ca12|00
{@A-CAP|0|+2.181399E-06{@LIM3|+2.200000E-06|+2.860000E-06|+1.540000E-06}}
}
{@BLOCK|ca13|00
{@A-CAP|0|+2.166722E-06{@LIM3|+2.200000E-06|+2.860000E-06|+1.540000E-06}}
}
{@BLOCK|ca30|00
{@A-CAP|0|+2.587564E-06{@LIM3|+2.900000E-06|+4.930000E-06|+8.700000E-07}}
}
{@BLOCK|ca414|00
{@A-CAP|0|+2.205348E-06{@LIM3|+2.200000E-06|+2.860000E-06|+1.540000E-06}}
}
{@BLOCK|cu600|00
{@A-CAP|0|+2.333289E-06{@LIM3|+2.200000E-06|+3.740000E-06|+6.600000E-07}}
}
{@BLOCK|cu602|00
{@A-CAP|0|+2.358150E-06{@LIM3|+2.200000E-06|+2.860000E-06|+1.540000E-06}}
}
{@BLOCK|cu632|00
{@A-CAP|0|+9.055041E-05{@LIM3|+8.660000E-05|+1.125800E-04|+6.062000E-05}}
}
{@BLOCK|cu640|00
{@A-CAP|0|+2.067106E-06{@LIM3|+2.200000E-06|+2.860000E-06|+1.540000E-06}}
}
{@BLOCK|cu641|00
{@A-CAP|0|+1.338681E-05{@LIM3|+1.220000E-05|+1.586000E-05|+8.540000E-06}}
}
{@BLOCK|ce13|00
{@A-CAP|0|+1.134058E-06{@LIM3|+1.000000E-06|+1.300000E-06|+7.000000E-07}}
}
{@BLOCK|cu5|00
{@A-CAP|0|+1.117111E-05{@LIM3|+1.100000E-05|+1.650000E-05|+5.500000E-06}}
}
{@BLOCK|pc105|00
{@A-CAP|0|+1.130569E-06{@LIM3|+1.000000E-06|+1.350000E-06|+7.000000E-07}}
}
{@BLOCK|pc1708|00
{@A-CAP|0|+9.873281E-04{@LIM3|+1.124000E-03|+1.461200E-03|+7.844677E-04}}
}
{@BLOCK|cr37|00
{@A-CAP|0|+1.028657E-05{@LIM3|+1.100000E-05|+1.870000E-05|+3.300000E-06}}
}
{@BLOCK|cu1|00
{@A-CAP|0|+1.090466E-05{@LIM3|+1.000000E-05|+1.300000E-05|+7.000000E-06}}
}
{@BLOCK|ca417|00
{@A-CAP|0|+8.532048E-10{@LIM3|+7.800000E-10|+1.053000E-09|+5.070000E-10}}
}
{@BLOCK|ca412|00
{@A-CAP|0|+9.300765E-10{@LIM3|+7.800000E-10|+1.053000E-09|+5.070000E-10}}
}
{@BLOCK|ca407|00
{@A-CAP|0|+1.688821E-09{@LIM3|+1.500000E-09|+2.025000E-09|+9.750000E-10}}
}
{@BLOCK|ca408|00
{@A-CAP|0|+1.749769E-09{@LIM3|+1.500000E-09|+2.025000E-09|+9.750000E-10}}
}
{@BLOCK|ca410|00
{@A-CAP|0|+1.745869E-09{@LIM3|+1.500000E-09|+2.025000E-09|+9.750000E-10}}
}
{@BLOCK|ca409|00
{@A-CAP|0|+1.741207E-09{@LIM3|+1.500000E-09|+2.025000E-09|+9.750000E-10}}
}
{@BLOCK|ce19|00
{@A-CAP|0|+1.087449E-09{@LIM3|+1.000000E-09|+1.177000E-09|+8.000000E-10}}
}
{@BLOCK|cr5|00
{@A-CAP|0|+1.354883E-09{@LIM3|+1.300000E-09|+1.755000E-09|+8.450000E-10}}
}
{@BLOCK|cr24|00
{@A-CAP|0|+1.379343E-09{@LIM3|+1.300000E-09|+1.755000E-09|+8.450000E-10}}
}
{@BLOCK|cr27|00
{@A-CAP|0|+1.351966E-09{@LIM3|+1.300000E-09|+1.755000E-09|+8.450000E-10}}
}
{@BLOCK|cr43|00
{@A-CAP|0|+1.370997E-09{@LIM3|+1.300000E-09|+1.755000E-09|+8.450000E-10}}
}
{@BLOCK|cr49|00
{@A-CAP|0|+1.382803E-09{@LIM3|+1.300000E-09|+1.755000E-09|+8.450000E-10}}
}
{@BLOCK|cu619|00
{@A-CAP|0|+1.351898E-09{@LIM3|+1.300000E-09|+1.755000E-09|+8.450000E-10}}
}
{@BLOCK|cu2|00
{@A-CAP|0|+3.882666E-10{@LIM3|+4.300000E-10|+5.805000E-10|+2.795000E-10}}
}
{@BLOCK|cu3|00
{@A-CAP|0|+4.550594E-10{@LIM3|+4.300000E-10|+5.805000E-10|+2.795000E-10}}
}
{@BLOCK|cu18|00
{@A-CAP|0|+4.407281E-10{@LIM3|+4.300000E-10|+5.805000E-10|+2.795000E-10}}
}
{@BLOCK|cu19|00
{@A-CAP|0|+4.462833E-10{@LIM3|+4.300000E-10|+5.805000E-10|+2.795000E-10}}
}
{@BLOCK|pr1011|00
{@A-RES|0|+3.350211E+04{@LIM3|+3.220300E+04|+4.347405E+04|+2.093195E+04}}
}
{@BLOCK|pr1003|00
{@A-RES|0|+3.348435E+04{@LIM3|+3.220300E+04|+4.025375E+04|+2.415225E+04}}
}
{@BLOCK|pr1004|00
{@A-RES|0|+3.333414E+04{@LIM3|+3.020300E+04|+3.775375E+04|+2.265225E+04}}
}
{@BLOCK|pr6218|00
{@A-RES|0|+1.001663E+05{@LIM3|+1.000000E+05|+1.110000E+05|+8.900000E+04}}
}
{@BLOCK|pr6220|00
{@A-RES|0|+9.987983E+04{@LIM3|+1.000000E+05|+1.110000E+05|+8.900000E+04}}
}
{@BLOCK|pt121|00
{@A-RES|0|+1.128070E+05{@LIM3|+1.000000E+05|+1.500000E+05|+5.000000E+04}}
}
{@BLOCK|ru30|00
{@A-RES|0|+9.481844E+04{@LIM3|+1.000000E+05|+1.110000E+05|+8.900000E+04}}
}
{@BLOCK|cr52|00
{@A-CAP|0|+9.120241E-08{@LIM3|+1.000000E-07|+1.200000E-07|+8.000000E-08}}
}
{@BLOCK|cv177|00
{@A-CAP|0|+9.594328E-08{@LIM3|+1.000000E-07|+1.200000E-07|+8.000000E-08}}
}
{@BLOCK|cs205|00
{@A-CAP|0|+2.251083E-09{@LIM3|+2.200000E-09|+2.860000E-09|+1.540000E-09}}
}
{@BLOCK|pc6247|00
{@A-CAP|0|+3.849572E-10{@LIM3|+3.300000E-10|+4.455000E-10|+2.145000E-10}}
}
{@BLOCK|ph1004|00
{@A-RES|0|+1.071517E+04{@LIM3|+1.000000E+04|+1.500000E+04|+5.000000E+03}}
}
{@BLOCK|ph1005|00
{@A-RES|0|+1.040089E+04{@LIM3|+1.000000E+04|+1.500000E+04|+5.000000E+03}}
}
{@BLOCK|pr1034|00
{@A-RES|0|+9.981657E+03{@LIM3|+1.000000E+04|+1.060000E+04|+9.400000E+03}}
}
{@BLOCK|pr1046|00
{@A-RES|0|+1.003413E+04{@LIM3|+1.000000E+04|+1.060000E+04|+9.400000E+03}}
}
{@BLOCK|ru32|00
{@A-RES|0|+9.539832E+04{@LIM3|+1.000000E+05|+1.110000E+05|+8.900000E+04}}
}
{@BLOCK|pr1053|00
{@A-RES|0|+4.046110E+03{@LIM3|+4.110000E+03|+5.754000E+03|+2.466000E+03}}
}
{@BLOCK|pr104|00
{@A-RES|0|+9.968277E+03{@LIM3|+1.000000E+04|+1.060000E+04|+9.400000E+03}}
}
{@BLOCK|pr122|00
{@A-RES|0|+9.975707E+03{@LIM3|+1.000000E+04|+1.060000E+04|+9.400000E+03}}
}
{@BLOCK|re5|00
{@A-RES|0|+1.003935E+04{@LIM3|+1.000000E+04|+1.060000E+04|+9.400000E+03}}
}
{@BLOCK|pr101|00
{@A-RES|0|+2.011535E+04{@LIM3|+2.000000E+04|+2.200000E+04|+1.800000E+04}}
}
{@BLOCK|pr1908|00
{@A-RES|0|+9.748359E+05{@LIM3|+1.000000E+06|+1.250000E+06|+7.500000E+05}}
}
{@BLOCK|pq6205%qf1|00
{@A-NFE|0|+8.604089E+01{@LIM2|+2.000000E+02|+2.000000E+01}}
}
{@BLOCK|rc190|00
{@A-RES|0|+9.896046E+05{@LIM3|+1.000000E+06|+1.250000E+06|+7.500000E+05}}
}
{@BLOCK|pr106|00
{@A-RES|0|+1.007502E+04{@LIM3|+1.000000E+04|+1.100000E+04|+9.000000E+03}}
}
{@BLOCK|qa2|00
{@A-NFE|0|+8.395051E+01{@LIM2|+2.000000E+02|+2.000000E+01}}
}
{@BLOCK|rc8|00
{@A-RES|0|+9.811114E+03{@LIM3|+1.000000E+04|+1.100000E+04|+9.000000E+03}}
}
{@BLOCK|rc9|00
{@A-RES|0|+9.895631E+03{@LIM3|+1.000000E+04|+1.100000E+04|+9.000000E+03}}
}
{@BLOCK|rc12|00
{@A-RES|0|+9.890468E+03{@LIM3|+1.000000E+04|+1.100000E+04|+9.000000E+03}}
}
{@BLOCK|rc14|00
{@A-RES|0|+1.007982E+04{@LIM3|+1.000000E+04|+1.100000E+04|+9.000000E+03}}
}
{@BLOCK|rc15|00
{@A-RES|0|+1.014978E+04{@LIM3|+1.000000E+04|+1.100000E+04|+9.000000E+03}}
}
{@BLOCK|pr1059|00
{@A-RES|0|+9.966856E+03{@LIM3|+1.000000E+04|+1.060000E+04|+9.400000E+03}}
}
{@BLOCK|rc109|00
{@A-RES|0|+1.976920E+04{@LIM3|+2.000000E+04|+2.200000E+04|+1.800000E+04}}
}
{@BLOCK|rc110|00
{@A-RES|0|+1.978257E+04{@LIM3|+2.000000E+04|+2.200000E+04|+1.800000E+04}}
}
{@BLOCK|ra20|00
{@A-RES|0|+9.674943E+03{@LIM3|+1.000000E+04|+1.400000E+04|+5.000000E+03}}
}
{@BLOCK|rc36|00
{@A-RES|0|+1.064611E+04{@LIM3|+1.000000E+04|+1.100000E+04|+9.000000E+03}}
}
{@BLOCK|rc72|00
{@A-RES|0|+9.933027E+03{@LIM3|+1.000000E+04|+1.100000E+04|+9.000000E+03}}
}
{@BLOCK|rc76|00
{@A-RES|0|+9.775938E+03{@LIM3|+1.000000E+04|+1.100000E+04|+9.000000E+03}}
}
{@BLOCK|rc121|00
{@A-RES|0|+9.990765E+03{@LIM3|+1.000000E+04|+1.100000E+04|+9.000000E+03}}
}
{@BLOCK|rc34|00
{@A-RES|0|+1.002235E+04{@LIM3|+1.000000E+04|+1.100000E+04|+9.000000E+03}}
}
{@BLOCK|rc35|00
{@A-RES|0|+9.805918E+03{@LIM3|+1.000000E+04|+1.100000E+04|+9.000000E+03}}
}
{@BLOCK|rc37|00
{@A-RES|0|+9.956615E+03{@LIM3|+1.000000E+04|+1.100000E+04|+9.000000E+03}}
}
{@BLOCK|rc38|00
{@A-RES|0|+9.902902E+03{@LIM3|+1.000000E+04|+1.100000E+04|+9.000000E+03}}
}
{@BLOCK|rc42|00
{@A-RES|0|+9.853730E+03{@LIM3|+1.000000E+04|+1.100000E+04|+9.000000E+03}}
}
{@BLOCK|rc44|00
{@A-RES|0|+9.993458E+03{@LIM3|+1.000000E+04|+1.100000E+04|+9.000000E+03}}
}
{@BLOCK|rc127|00
{@A-RES|0|+9.951323E+03{@LIM3|+1.000000E+04|+1.100000E+04|+9.000000E+03}}
}
{@BLOCK|rc142|00
{@A-RES|0|+1.009437E+04{@LIM3|+1.000000E+04|+1.100000E+04|+9.000000E+03}}
}
{@BLOCK|rc149|00
{@A-RES|0|+9.734038E+03{@LIM3|+1.000000E+04|+1.100000E+04|+9.000000E+03}}
}
{@BLOCK|rc225|00
{@A-RES|0|+9.680827E+03{@LIM3|+1.000000E+04|+1.100000E+04|+9.000000E+03}}
}
{@BLOCK|rc246|00
{@A-RES|0|+1.014367E+04{@LIM3|+1.000000E+04|+1.100000E+04|+9.000000E+03}}
}
{@BLOCK|rc247|00
{@A-RES|0|+9.931266E+03{@LIM3|+1.000000E+04|+1.100000E+04|+9.000000E+03}}
}
{@BLOCK|rc251|00
{@A-RES|0|+8.498541E+03{@LIM3|+1.000000E+04|+1.100000E+04|+7.800000E+03}}
}
{@BLOCK|rc257|00
{@A-RES|0|+8.521973E+03{@LIM3|+1.000000E+04|+1.100000E+04|+8.000000E+03}}
}
{@BLOCK|rc314|00
{@A-RES|0|+9.725533E+03{@LIM3|+1.000000E+04|+1.100000E+04|+9.000000E+03}}
}
{@BLOCK|rd2|00
{@A-RES|0|+1.016803E+04{@LIM3|+1.000000E+04|+1.100000E+04|+9.000000E+03}}
}
{@BLOCK|rc180|00
{@A-RES|0|+9.934434E+03{@LIM3|+1.000000E+04|+1.100000E+04|+9.000000E+03}}
}
{@BLOCK|rc239|00
{@A-RES|0|+9.897231E+03{@LIM3|+1.000000E+04|+1.100000E+04|+9.000000E+03}}
}
{@BLOCK|rc260|00
{@A-RES|0|+9.279954E+03{@LIM3|+1.000000E+04|+1.100000E+04|+9.000000E+03}}
}
{@BLOCK|rc266|00
{@A-RES|0|+9.438960E+03{@LIM3|+1.000000E+04|+1.100000E+04|+9.000000E+03}}
}
{@BLOCK|rc283|00
{@A-RES|0|+9.364865E+03{@LIM3|+1.000000E+04|+1.100000E+04|+9.000000E+03}}
}
{@BLOCK|rd4|00
{@A-RES|0|+9.918825E+03{@LIM3|+1.000000E+04|+1.100000E+04|+9.000000E+03}}
}
{@BLOCK|re41|00
{@A-RES|0|+9.872815E+03{@LIM3|+1.000000E+04|+1.100000E+04|+9.000000E+03}}
}
{@BLOCK|re63|00
{@A-RES|0|+1.011269E+04{@LIM3|+1.000000E+04|+1.100000E+04|+9.000000E+03}}
}
{@BLOCK|re19|00
{@A-RES|0|+9.899624E+03{@LIM3|+1.000000E+04|+1.100000E+04|+9.000000E+03}}
}
{@BLOCK|re30|00
{@A-RES|0|+9.433886E+03{@LIM3|+1.000000E+04|+1.100000E+04|+8.500000E+03}}
}
{@BLOCK|re51|00
{@A-RES|0|+9.921793E+03{@LIM3|+1.000000E+04|+1.100000E+04|+9.000000E+03}}
}
{@BLOCK|re64|00
{@A-RES|0|+9.946566E+03{@LIM3|+1.000000E+04|+1.100000E+04|+9.000000E+03}}
}
{@BLOCK|re283|00
{@A-RES|0|+9.961913E+03{@LIM3|+1.000000E+04|+1.100000E+04|+9.000000E+03}}
}
{@BLOCK|ri102|00
{@A-RES|0|+1.010492E+04{@LIM3|+1.000000E+04|+1.100000E+04|+9.000000E+03}}
}
{@BLOCK|ri812|00
{@A-RES|0|+9.922707E+03{@LIM3|+1.000000E+04|+1.100000E+04|+9.000000E+03}}
}
{@BLOCK|rn2|00
{@A-RES|0|+1.022076E+04{@LIM3|+1.000000E+04|+1.100000E+04|+9.000000E+03}}
}
{@BLOCK|rn6|00
{@A-RES|0|+9.872617E+03{@LIM3|+1.000000E+04|+1.100000E+04|+9.000000E+03}}
}
{@BLOCK|rn10|00
{@A-RES|0|+9.975181E+03{@LIM3|+1.000000E+04|+1.100000E+04|+9.000000E+03}}
}
{@BLOCK|rn11|00
{@A-RES|0|+1.001681E+04{@LIM3|+1.000000E+04|+1.100000E+04|+9.000000E+03}}
}
{@BLOCK|ru4|00
{@A-RES|0|+9.932320E+03{@LIM3|+1.000000E+04|+1.100000E+04|+9.000000E+03}}
}
{@BLOCK|ru5|00
{@A-RES|0|+1.008261E+04{@LIM3|+1.000000E+04|+1.100000E+04|+9.000000E+03}}
}
{@BLOCK|ru9|00
{@A-RES|0|+9.828182E+03{@LIM3|+1.000000E+04|+1.100000E+04|+9.000000E+03}}
}
{@BLOCK|ru10|00
{@A-RES|0|+9.983049E+03{@LIM3|+1.000000E+04|+1.100000E+04|+9.000000E+03}}
}
{@BLOCK|ru613|00
{@A-RES|0|+9.903503E+03{@LIM3|+1.000000E+04|+1.200000E+04|+9.000000E+03}}
}
{@BLOCK|ri111|00
{@A-RES|0|+1.005622E+04{@LIM3|+1.000000E+04|+1.100000E+04|+9.000000E+03}}
}
{@BLOCK|ri814|00
{@A-RES|0|+1.016770E+04{@LIM3|+1.000000E+04|+1.100000E+04|+9.000000E+03}}
}
{@BLOCK|ri815|00
{@A-RES|0|+9.915674E+03{@LIM3|+1.000000E+04|+1.100000E+04|+9.000000E+03}}
}
{@BLOCK|rk9|00
{@A-RES|0|+1.018196E+04{@LIM3|+1.000000E+04|+1.100000E+04|+9.000000E+03}}
}
{@BLOCK|rk10|00
{@A-RES|0|+9.868654E+03{@LIM3|+1.000000E+04|+1.100000E+04|+9.000000E+03}}
}
{@BLOCK|rr29|00
{@A-RES|0|+9.873336E+03{@LIM3|+1.000000E+04|+1.100000E+04|+9.000000E+03}}
}
{@BLOCK|rr30|00
{@A-RES|0|+9.929421E+03{@LIM3|+1.000000E+04|+1.100000E+04|+9.000000E+03}}
}
{@BLOCK|pu121%ra|00
{@A-RES|0|+9.660837E+04{@LIM3|+1.000000E+05|+1.500000E+05|+5.000000E+04}}
}
{@BLOCK|ru624|00
{@A-RES|0|+9.966685E+03{@LIM3|+1.000000E+04|+1.100000E+04|+9.000000E+03}}
}
{@BLOCK|ru655|00
{@A-RES|0|+9.835278E+03{@LIM3|+1.000000E+04|+1.100000E+04|+9.000000E+03}}
}
{@BLOCK|ru656|00
{@A-RES|0|+9.869495E+03{@LIM3|+1.000000E+04|+1.100000E+04|+9.000000E+03}}
}
{@BLOCK|rv175|00
{@A-RES|0|+9.797801E+03{@LIM3|+1.000000E+04|+1.100000E+04|+9.000000E+03}}
}
{@BLOCK|pr121|00
{@A-RES|0|+1.646995E+04{@LIM3|+1.650000E+04|+1.749000E+04|+1.551000E+04}}
}
{@BLOCK|pr1809|00
{@A-RES|0|+9.805694E+04{@LIM3|+1.000000E+05|+1.150000E+05|+8.500000E+04}}
}
{@BLOCK|pr6215|00
{@A-RES|0|+9.707189E+04{@LIM3|+1.000000E+05|+1.150000E+05|+8.500000E+04}}
}
{@BLOCK|ra1|00
{@A-RES|0|+9.782478E+04{@LIM3|+1.000000E+05|+1.150000E+05|+8.500000E+04}}
}
{@BLOCK|ra5|00
{@A-RES|0|+5.111865E+03{@LIM3|+5.110000E+03|+5.416600E+03|+4.803400E+03}}
}
{@BLOCK|rc75|00
{@A-RES|0|+9.922068E+04{@LIM3|+1.000000E+05|+1.150000E+05|+8.500000E+04}}
}
{@BLOCK|rc86|00
{@A-RES|0|+9.313886E+04{@LIM3|+1.000000E+05|+1.150000E+05|+8.500000E+04}}
}
{@BLOCK|rc96|00
{@A-RES|0|+9.215587E+04{@LIM3|+1.000000E+05|+1.150000E+05|+8.500000E+04}}
}
{@BLOCK|rc97|00
{@A-RES|0|+9.046196E+04{@LIM3|+1.000000E+05|+1.150000E+05|+8.500000E+04}}
}
{@BLOCK|rc186|00
{@A-RES|0|+9.276958E+04{@LIM3|+1.000000E+05|+1.150000E+05|+8.500000E+04}}
}
{@BLOCK|rc187|00
{@A-RES|0|+9.609374E+04{@LIM3|+1.000000E+05|+1.150000E+05|+8.500000E+04}}
}
{@BLOCK|rc188|00
{@A-RES|0|+9.396171E+04{@LIM3|+1.000000E+05|+1.150000E+05|+8.500000E+04}}
}
{@BLOCK|rb22|00
{@A-RES|0|+9.748570E+04{@LIM3|+1.000000E+05|+1.150000E+05|+8.500000E+04}}
}
{@BLOCK|rc64|00
{@A-RES|0|+9.658074E+04{@LIM3|+1.000000E+05|+1.150000E+05|+8.500000E+04}}
}
{@BLOCK|rc73|00
{@A-RES|0|+9.599656E+04{@LIM3|+1.000000E+05|+1.150000E+05|+8.500000E+04}}
}
{@BLOCK|rc74|00
{@A-RES|0|+9.589824E+04{@LIM3|+1.000000E+05|+1.150000E+05|+8.500000E+04}}
}
{@BLOCK|rc184|00
{@A-RES|0|+9.919410E+04{@LIM3|+1.000000E+05|+1.150000E+05|+8.500000E+04}}
}
{@BLOCK|rc267|00
{@A-RES|0|+9.239883E+04{@LIM3|+1.000000E+05|+1.550000E+05|+4.500000E+04}}
}
{@BLOCK|re11|00
{@A-RES|0|+1.010740E+05{@LIM3|+1.000000E+05|+1.150000E+05|+8.500000E+04}}
}
{@BLOCK|re21|00
{@A-RES|0|+9.954734E+04{@LIM3|+1.000000E+05|+1.150000E+05|+8.500000E+04}}
}
{@BLOCK|qc18%qf2|00
{@A-NFE|0|+6.780752E+01{@LIM2|+2.000000E+02|+2.000000E+01}}
}
{@BLOCK|rc274|00
{@A-RES|0|+9.539832E+04{@LIM3|+1.000000E+05|+1.150000E+05|+8.500000E+04}}
}
{@BLOCK|re12|00
{@A-RES|0|+9.980315E+04{@LIM3|+1.000000E+05|+1.150000E+05|+8.500000E+04}}
}
{@BLOCK|re18|00
{@A-RES|0|+1.029993E+05{@LIM3|+1.000000E+05|+1.150000E+05|+8.500000E+04}}
}
{@BLOCK|re31|00
{@A-RES|0|+1.019780E+05{@LIM3|+1.000000E+05|+1.150000E+05|+8.500000E+04}}
}
{@BLOCK|re36|00
{@A-RES|0|+1.014145E+05{@LIM3|+1.000000E+05|+1.150000E+05|+8.500000E+04}}
}
{@BLOCK|re40|00
{@A-RES|0|+9.959075E+04{@LIM3|+1.000000E+05|+1.150000E+05|+8.500000E+04}}
}
{@BLOCK|re44|00
{@A-RES|0|+9.819068E+04{@LIM3|+1.000000E+05|+1.150000E+05|+8.500000E+04}}
}
{@BLOCK|re46|00
{@A-RES|0|+9.986704E+04{@LIM3|+1.000000E+05|+1.150000E+05|+8.500000E+04}}
}
{@BLOCK|re107|00
{@A-RES|0|+1.007160E+05{@LIM3|+1.000000E+05|+1.150000E+05|+8.500000E+04}}
}
{@BLOCK|ri109|00
{@A-RES|0|+9.925279E+04{@LIM3|+1.000000E+05|+1.150000E+05|+8.500000E+04}}
}
{@BLOCK|ri304|00
{@A-RES|0|+1.003972E+05{@LIM3|+1.000000E+05|+1.150000E+05|+8.500000E+04}}
}
{@BLOCK|rn15|00
{@A-RES|0|+9.743378E+04{@LIM3|+1.000000E+05|+1.150000E+05|+8.500000E+04}}
}
{@BLOCK|rr4|00
{@A-RES|0|+9.910565E+04{@LIM3|+1.000000E+05|+1.150000E+05|+8.500000E+04}}
}
{@BLOCK|ru39|00
{@A-RES|0|+9.889621E+04{@LIM3|+1.000000E+05|+1.150000E+05|+8.500000E+04}}
}
{@BLOCK|ru40|00
{@A-RES|0|+1.005537E+05{@LIM3|+1.000000E+05|+1.150000E+05|+8.500000E+04}}
}
{@BLOCK|ru636|00
{@A-RES|0|+1.011514E+05{@LIM3|+1.000000E+05|+1.150000E+05|+8.500000E+04}}
}
{@BLOCK|ru666|00
{@A-RES|0|+1.001372E+05{@LIM3|+1.000000E+05|+1.150000E+05|+8.500000E+04}}
}
{@BLOCK|ru675|00
{@A-RES|0|+1.005968E+05{@LIM3|+1.000000E+05|+1.150000E+05|+8.500000E+04}}
}
{@BLOCK|ru679|00
{@A-RES|0|+1.000858E+05{@LIM3|+1.000000E+05|+1.150000E+05|+8.500000E+04}}
}
{@BLOCK|rv155|00
{@A-RES|0|+9.914746E+04{@LIM3|+1.000000E+05|+1.150000E+05|+8.500000E+04}}
}
{@BLOCK|rv162|00
{@A-RES|0|+9.936870E+04{@LIM3|+1.000000E+05|+1.150000E+05|+8.500000E+04}}
}
{@BLOCK|rv163|00
{@A-RES|0|+1.002736E+05{@LIM3|+1.000000E+05|+1.150000E+05|+8.500000E+04}}
}
{@BLOCK|rv173|00
{@A-RES|0|+9.611348E+04{@LIM3|+1.000000E+05|+1.150000E+05|+8.500000E+04}}
}
{@BLOCK|re25|00
{@A-RES|0|+9.990535E+04{@LIM3|+1.000000E+05|+1.150000E+05|+8.500000E+04}}
}
{@BLOCK|re26|00
{@A-RES|0|+9.898909E+04{@LIM3|+1.000000E+05|+1.150000E+05|+8.500000E+04}}
}
{@BLOCK|re34|00
{@A-RES|0|+1.005638E+05{@LIM3|+1.000000E+05|+1.150000E+05|+8.500000E+04}}
}
{@BLOCK|re43|00
{@A-RES|0|+9.997328E+04{@LIM3|+1.000000E+05|+1.150000E+05|+8.500000E+04}}
}
{@BLOCK|re47|00
{@A-RES|0|+1.014683E+05{@LIM3|+1.000000E+05|+1.150000E+05|+8.500000E+04}}
}
{@BLOCK|ri238|00
{@A-RES|0|+9.749585E+04{@LIM3|+1.000000E+05|+1.150000E+05|+8.500000E+04}}
}
{@BLOCK|ri302|00
{@A-RES|0|+9.859429E+04{@LIM3|+1.000000E+05|+1.150000E+05|+8.500000E+04}}
}
{@BLOCK|pr1021|00
{@A-RES|0|+7.904303E+02{@LIM3|+7.870000E+02|+8.342200E+02|+7.397800E+02}}
}
{@BLOCK|rv516|00
{@A-RES|0|+9.913714E+04{@LIM3|+1.000000E+05|+1.150000E+05|+8.500000E+04}}
}
{@BLOCK|pr1007|00
{@A-RES|0|+9.536228E+03{@LIM3|+9.530000E+03|+1.010180E+04|+8.958200E+03}}
}
{@BLOCK|pr1009|00
{@A-RES|0|+9.563993E+03{@LIM3|+9.530000E+03|+1.010180E+04|+8.958200E+03}}
}
{@BLOCK|pr1010|00
{@A-RES|0|+9.523132E+03{@LIM3|+9.530000E+03|+1.010180E+04|+8.958200E+03}}
}
{@BLOCK|pr1008|00
{@A-RES|0|+3.409716E+03{@LIM3|+3.400000E+03|+3.604000E+03|+3.196000E+03}}
}
{@BLOCK|pr1013|00
{@A-RES|0|+1.602202E+04{@LIM3|+1.600000E+04|+1.696000E+04|+1.504000E+04}}
}
{@BLOCK|pr1018|00
{@A-RES|0|+8.503618E+01{@LIM3|+8.200000E+01|+9.192003E+01|+7.708000E+01}}
}
{@BLOCK|pr1019|00
{@A-RES|0|+8.299730E+01{@LIM3|+8.000000E+01|+8.730000E+01|+7.520000E+01}}
}
{@BLOCK|rc129|00
{@A-RES|0|+1.023155E+02{@LIM3|+1.000000E+02|+1.150000E+02|+9.000000E+01}}
}
{@BLOCK|rc296|00
{@A-RES|0|+1.865593E+01{@LIM3|+1.500000E+01|+2.149999E+01|+1.350000E+01}}
}
{@BLOCK|pr5309|00
{@A-RES|0|+9.971885E+00{@LIM3|+1.000000E+01|+1.350000E+01|+6.500000E+00}}
}
{@BLOCK|rc51|00
{@A-RES|0|+1.007367E+01{@LIM3|+1.000000E+01|+1.100000E+01|+9.500000E+00}}
}
{@BLOCK|rc79|00
{@A-RES|0|+1.024818E+01{@LIM3|+1.000000E+01|+1.150000E+01|+8.500000E+00}}
}
{@BLOCK|rc143|00
{@A-RES|0|+1.045266E+01{@LIM3|+1.000000E+01|+1.350000E+01|+6.500000E+00}}
}
{@BLOCK|rc145|00
{@A-RES|0|+1.141654E+01{@LIM3|+1.000000E+01|+1.350000E+01|+6.500000E+00}}
}
{@BLOCK|pr1028|00
{@A-RES|0|+1.006787E+03{@LIM3|+1.000000E+03|+1.100000E+03|+9.000000E+02}}
}
{@BLOCK|pr1707|00
{@A-RES|0|+1.010491E+03{@LIM3|+1.000000E+03|+1.100000E+03|+9.000000E+02}}
}
{@BLOCK|pr1902|00
{@A-RES|0|+1.005704E+03{@LIM3|+1.000000E+03|+1.100000E+03|+9.000000E+02}}
}
{@BLOCK|rc93|00
{@A-RES|0|+9.920192E+02{@LIM3|+1.000000E+03|+1.100000E+03|+9.000000E+02}}
}
{@BLOCK|rc111|00
{@A-RES|0|+1.002583E+03{@LIM3|+1.000000E+03|+1.100000E+03|+9.000000E+02}}
}
{@BLOCK|rv544|00
{@A-RES|0|+1.025794E+03{@LIM3|+1.000000E+03|+1.100000E+03|+9.000000E+02}}
}
{@BLOCK|pr1029|00
{@A-RES|0|+1.398952E+02{@LIM3|+1.370000E+02|+1.502200E+02|+1.287800E+02}}
}
{@BLOCK|pr1031|00
{@A-RES|0|+4.794535E+01{@LIM3|+4.700000E+01|+5.482000E+01|+4.418000E+01}}
}
{@BLOCK|pr1032|00
{@A-RES|0|+5.626938E+02{@LIM3|+5.600000E+02|+5.936000E+02|+5.264000E+02}}
}
{@BLOCK|rc21|00
{@A-RES|0|+1.017892E+02{@LIM3|+1.000000E+02|+1.110000E+02|+9.400000E+01}}
}
{@BLOCK|rc131|00
{@A-JUM|0|+4.425609E+00{@LIM2|+1.500000E+01|+0.000000E+00}}
}
{@BLOCK|rc132|00
{@A-JUM|0|+4.222358E+00{@LIM2|+1.500000E+01|+0.000000E+00}}
}
{@BLOCK|rc133|00
{@A-JUM|0|+4.993078E+00{@LIM2|+1.500000E+01|+0.000000E+00}}
}
{@BLOCK|rc134|00
{@A-JUM|0|+4.631782E+00{@LIM2|+1.500000E+01|+0.000000E+00}}
}
{@BLOCK|rc136|00
{@A-JUM|0|+3.146197E+00{@LIM2|+1.500000E+01|+0.000000E+00}}
}
{@BLOCK|rc137|00
{@A-JUM|0|+2.802386E+00{@LIM2|+1.500000E+01|+0.000000E+00}}
}
{@BLOCK|pr1033|00
{@A-RES|0|+6.664365E+03{@LIM3|+6.650000E+03|+7.049000E+03|+6.251000E+03}}
}
{@BLOCK|ra36|00
{@A-RES|0|+1.318615E+04{@LIM3|+1.324300E+04|+1.403758E+04|+1.244842E+04}}
}
{@BLOCK|ru1000|00
{@A-RES|0|+1.994764E+04{@LIM3|+2.000000E+04|+2.120000E+04|+1.880000E+04}}
}
{@BLOCK|pr1062|00
{@A-RES|0|+3.692646E+03{@LIM3|+3.650000E+03|+3.869000E+03|+3.431000E+03}}
}
{@BLOCK|pr1064|00
{@A-RES|0|+4.021446E+03{@LIM3|+3.920000E+03|+4.155200E+03|+3.684800E+03}}
}
{@BLOCK|pr1702|00
{@A-RES|0|+9.065787E+04{@LIM3|+9.090000E+04|+9.635400E+04|+8.544600E+04}}
}
{@BLOCK|pr1706|00
{@A-JUM|0|+3.981938E+00{@LIM2|+1.500000E+01|+0.000000E+00}}
}
{@BLOCK|pr1806|00
{@A-JUM|0|+3.517021E+00{@LIM2|+1.500000E+01|+0.000000E+00}}
}
{@BLOCK|pr5310|00
{@A-RES|0|+9.987739E+00{@LIM3|+1.000000E+01|+1.350000E+01|+6.500000E+00}}
}
{@BLOCK|pr5312|00
{@A-RES|0|+1.073806E+01{@LIM3|+1.000000E+01|+1.350000E+01|+6.500000E+00}}
}
{@BLOCK|ra407|00
{@A-RES|0|+1.000772E+01{@LIM3|+1.200000E+01|+2.100000E+01|+3.000000E+00}}
}
{@BLOCK|pr5311|00
{@A-RES|0|+1.740690E+05{@LIM3|+1.370000E+05|+1.918000E+05|+1.219300E+05}}
}
{@BLOCK|pr6201|00
{@A-RES|0|+2.149332E+04{@LIM3|+2.150000E+04|+2.279000E+04|+2.021000E+04}}
}
{@BLOCK|pq6205%qf2|00
{@A-NFE|0|+6.511845E+01{@LIM2|+2.000000E+02|+2.000000E+01}}
}
{@BLOCK|pr6221|00
{@A-RES|0|+6.789734E+05{@LIM3|+6.800000E+05|+7.548000E+05|+6.052000E+05}}
}
{@BLOCK|pt124|00
{@A-RES|0|+6.542995E+02{@LIM3|+5.400000E+02|+7.290000E+02|+3.510000E+02}}
}
{@BLOCK|pt125|00
{@A-RES|0|+6.664952E+02{@LIM3|+5.400000E+02|+7.290000E+02|+3.510000E+02}}
}
{@BLOCK|pr1022|00
{@A-RES|0|+7.898034E+02{@LIM3|+7.870000E+02|+8.342200E+02|+7.397800E+02}}
}
{@BLOCK|pr1711|00
{@A-RES|0|+1.001861E+03{@LIM3|+1.000000E+03|+1.100000E+03|+9.000000E+02}}
}
{@BLOCK|rb23|00
{@A-RES|0|+1.002881E+03{@LIM3|+1.000000E+03|+1.100000E+03|+9.000000E+02}}
}
{@BLOCK|rc94|00
{@A-RES|0|+1.014261E+03{@LIM3|+1.000000E+03|+1.100000E+03|+9.000000E+02}}
}
{@BLOCK|rc105|00
{@A-RES|0|+9.987630E+02{@LIM3|+1.000000E+03|+1.100000E+03|+9.000000E+02}}
}
{@BLOCK|rc141|00
{@A-RES|0|+1.003768E+03{@LIM3|+1.000000E+03|+1.100000E+03|+9.000000E+02}}
}
{@BLOCK|pr1044|00
{@A-RES|0|+5.591487E+04{@LIM3|+5.620000E+04|+5.957200E+04|+5.282800E+04}}
}
{@BLOCK|pt126|00
{@A-RES|0|+6.657305E+02{@LIM3|+5.400000E+02|+7.290000E+02|+3.510000E+02}}
}
{@BLOCK|ra19|00
{@A-RES|0|+3.652265E+01{@LIM3|+3.800000E+01|+4.180000E+01|+3.420000E+01}}
}
{@BLOCK|ra302|00
{@A-RES|0|+3.609219E+01{@LIM3|+3.300000E+01|+4.129999E+01|+2.970000E+01}}
}
{@BLOCK|rb7|00
{@A-RES|0|+3.548030E+01{@LIM3|+3.300000E+01|+4.129999E+01|+2.970000E+01}}
}
{@BLOCK|rc125|00
{@A-RES|0|+3.615175E+01{@LIM3|+3.300000E+01|+4.129999E+01|+2.970000E+01}}
}
{@BLOCK|rc308|00
{@A-RES|0|+3.594711E+01{@LIM3|+3.300000E+01|+4.129999E+01|+2.970000E+01}}
}
{@BLOCK|rc309|00
{@A-RES|0|+3.546820E+01{@LIM3|+4.200000E+01|+6.306363E+01|+2.100000E+01}}
}
{@BLOCK|rc311|00
{@A-RES|0|+3.536931E+01{@LIM3|+3.300000E+01|+4.460000E+01|+2.970000E+01}}
}
{@BLOCK|rc312|00
{@A-RES|0|+3.532499E+01{@LIM3|+3.300000E+01|+4.460000E+01|+2.970000E+01}}
}
{@BLOCK|re23|00
{@A-RES|0|+3.631593E+01{@LIM3|+3.300000E+01|+4.129999E+01|+2.970000E+01}}
}
{@BLOCK|re24|00
{@A-RES|0|+3.580959E+01{@LIM3|+3.300000E+01|+4.129999E+01|+2.970000E+01}}
}
{@BLOCK|re120|00
{@A-RES|0|+3.596387E+01{@LIM3|+3.800000E+01|+5.130000E+01|+3.420000E+01}}
}
{@BLOCK|re121|00
{@A-RES|0|+3.533180E+01{@LIM3|+3.300000E+01|+4.460000E+01|+2.970000E+01}}
}
{@BLOCK|rn8|00
{@A-RES|0|+3.520340E+01{@LIM3|+3.300000E+01|+4.129999E+01|+2.970000E+01}}
}
{@BLOCK|rc229|00
{@A-RES|0|+4.714438E+03{@LIM3|+4.700000E+03|+5.170000E+03|+4.230000E+03}}
}
{@BLOCK|ri234%r1|00
{@A-RES|0|+4.700713E+03{@LIM3|+4.700000E+03|+5.170000E+03|+4.230000E+03}}
}
{@BLOCK|ri234%r2|00
{@A-RES|0|+4.695250E+03{@LIM3|+4.700000E+03|+5.170000E+03|+4.230000E+03}}
}
{@BLOCK|re13|00
{@A-RES|0|+3.683466E+01{@LIM3|+3.300000E+01|+4.129999E+01|+2.970000E+01}}
}
{@BLOCK|rt2|00
{@A-RES|0|+3.545487E+01{@LIM3|+3.300000E+01|+4.129999E+01|+2.970000E+01}}
}
{@BLOCK|rt3|00
{@A-RES|0|+3.547762E+01{@LIM3|+3.300000E+01|+4.129999E+01|+2.970000E+01}}
}
{@BLOCK|ra21|00
{@A-RES|0|+4.650004E+03{@LIM3|+4.700000E+03|+5.170000E+03|+4.230000E+03}}
}
{@BLOCK|rc221|00
{@A-RES|0|+4.699331E+03{@LIM3|+4.700000E+03|+5.170000E+03|+4.230000E+03}}
}
{@BLOCK|rpe6%r1|00
{@A-RES|0|+4.972283E+03{@LIM3|+4.700000E+03|+5.170000E+03|+4.230000E+03}}
}
{@BLOCK|rpe6%r2|00
{@A-RES|0|+4.735729E+03{@LIM3|+4.700000E+03|+5.170000E+03|+4.230000E+03}}
}
{@BLOCK|rpe7%r1|00
{@A-RES|0|+4.691715E+03{@LIM3|+4.700000E+03|+5.170000E+03|+4.230000E+03}}
}
{@BLOCK|rc106|00
{@A-RES|0|+2.234292E+03{@LIM3|+2.200000E+03|+2.420000E+03|+1.980000E+03}}
}
{@BLOCK|rc107|00
{@A-RES|0|+2.188122E+03{@LIM3|+2.200000E+03|+2.420000E+03|+1.980000E+03}}
}
{@BLOCK|rc108|00
{@A-RES|0|+2.213485E+03{@LIM3|+2.200000E+03|+2.420000E+03|+1.980000E+03}}
}
{@BLOCK|rc264|00
{@A-RES|0|+2.236746E+03{@LIM3|+2.200000E+03|+2.420000E+03|+1.980000E+03}}
}
{@BLOCK|rc265|00
{@A-RES|0|+2.231949E+03{@LIM3|+2.200000E+03|+2.420000E+03|+1.980000E+03}}
}
{@BLOCK|rc317|00
{@A-RES|0|+2.218414E+03{@LIM3|+2.200000E+03|+2.420000E+03|+1.980000E+03}}
}
{@BLOCK|rc318|00
{@A-RES|0|+2.264657E+03{@LIM3|+2.200000E+03|+2.420000E+03|+1.980000E+03}}
}
{@BLOCK|rpc2%r1|00
{@A-RES|0|+2.209412E+03{@LIM3|+2.200000E+03|+2.420000E+03|+1.980000E+03}}
}
{@BLOCK|rpe7%r2|00
{@A-RES|0|+4.708704E+03{@LIM3|+4.700000E+03|+5.170000E+03|+4.230000E+03}}
}
{@BLOCK|rc182|00
{@A-RES|0|+2.183160E+03{@LIM3|+2.200000E+03|+2.420000E+03|+1.980000E+03}}
}
{@BLOCK|rc183|00
{@A-RES|0|+2.255530E+03{@LIM3|+2.200000E+03|+2.420000E+03|+1.980000E+03}}
}
{@BLOCK|rc281|00
{@A-RES|0|+2.252383E+03{@LIM3|+2.200000E+03|+2.420000E+03|+1.980000E+03}}
}
{@BLOCK|rc282|00
{@A-RES|0|+2.214033E+03{@LIM3|+2.200000E+03|+2.420000E+03|+1.980000E+03}}
}
{@BLOCK|rpc3%r1|00
{@A-RES|0|+2.189798E+03{@LIM3|+2.200000E+03|+2.420000E+03|+1.980000E+03}}
}
{@BLOCK|rpc3%r2|00
{@A-RES|0|+2.201124E+03{@LIM3|+2.200000E+03|+2.420000E+03|+1.980000E+03}}
}
{@BLOCK|rpc4%r1|00
{@A-RES|0|+2.235069E+03{@LIM3|+2.200000E+03|+2.420000E+03|+1.980000E+03}}
}
{@BLOCK|rpc4%r2|00
{@A-RES|0|+2.212673E+03{@LIM3|+2.200000E+03|+2.420000E+03|+1.980000E+03}}
}
{@BLOCK|rpu1%r2|00
{@A-RES|0|+2.201124E+03{@LIM3|+2.200000E+03|+2.420000E+03|+1.980000E+03}}
}
{@BLOCK|rpu2%r1|00
{@A-RES|0|+2.216024E+03{@LIM3|+2.200000E+03|+2.420000E+03|+1.980000E+03}}
}
{@BLOCK|rpu2%r2|00
{@A-RES|0|+2.204233E+03{@LIM3|+2.200000E+03|+2.420000E+03|+1.980000E+03}}
}
{@BLOCK|rpv150%r1|00
{@A-RES|0|+2.188570E+03{@LIM3|+2.200000E+03|+2.420000E+03|+1.980000E+03}}
}
{@BLOCK|rpv150%r2|00
{@A-RES|0|+2.206623E+03{@LIM3|+2.200000E+03|+2.420000E+03|+1.980000E+03}}
}
{@BLOCK|ru7|00
{@A-RES|0|+2.225612E+03{@LIM3|+2.200000E+03|+2.420000E+03|+1.980000E+03}}
}
{@BLOCK|ru8|00
{@A-RES|0|+2.222653E+03{@LIM3|+2.200000E+03|+2.420000E+03|+1.980000E+03}}
}
{@BLOCK|rpc2%r2|00
{@A-RES|0|+2.194089E+03{@LIM3|+2.200000E+03|+2.420000E+03|+1.980000E+03}}
}
{@BLOCK|rpe2%r1|00
{@A-RES|0|+2.224209E+03{@LIM3|+2.200000E+03|+2.420000E+03|+1.980000E+03}}
}
{@BLOCK|rpe2%r2|00
{@A-RES|0|+2.197694E+03{@LIM3|+2.200000E+03|+2.420000E+03|+1.980000E+03}}
}
{@BLOCK|rpe4%r1|00
{@A-RES|0|+2.191727E+03{@LIM3|+2.200000E+03|+2.420000E+03|+1.980000E+03}}
}
{@BLOCK|rpe4%r2|00
{@A-RES|0|+2.196972E+03{@LIM3|+2.200000E+03|+2.420000E+03|+1.980000E+03}}
}
{@BLOCK|rpe5%r1|00
{@A-RES|0|+2.189576E+03{@LIM3|+2.200000E+03|+2.420000E+03|+1.980000E+03}}
}
{@BLOCK|rpe5%r2|00
{@A-RES|0|+2.191594E+03{@LIM3|+2.200000E+03|+2.420000E+03|+1.980000E+03}}
}
{@BLOCK|rc301|00
{@A-RES|0|+1.019435E+02{@LIM3|+1.000000E+02|+1.150000E+02|+9.000000E+01}}
}
{@BLOCK|ru616|00
{@A-RES|0|+2.216253E+03{@LIM3|+2.200000E+03|+2.420000E+03|+1.980000E+03}}
}
{@BLOCK|ru617|00
{@A-RES|0|+2.245899E+03{@LIM3|+2.200000E+03|+2.420000E+03|+1.980000E+03}}
}
{@BLOCK|ru639|00
{@A-RES|0|+2.207768E+03{@LIM3|+2.200000E+03|+2.420000E+03|+1.980000E+03}}
}
{@BLOCK|ru640|00
{@A-RES|0|+2.200607E+03{@LIM3|+2.200000E+03|+2.420000E+03|+1.980000E+03}}
}
{@BLOCK|ru641|00
{@A-RES|0|+2.204026E+03{@LIM3|+2.200000E+03|+2.420000E+03|+1.980000E+03}}
}
{@BLOCK|ri204|00
{@A-RES|0|+1.035956E+02{@LIM3|+1.000000E+02|+1.150000E+02|+9.000000E+01}}
}
{@BLOCK|ri207|00
{@A-RES|0|+1.029600E+02{@LIM3|+1.000000E+02|+1.150000E+02|+9.000000E+01}}
}
{@BLOCK|ri210|00
{@A-RES|0|+1.032323E+02{@LIM3|+1.000000E+02|+1.150000E+02|+9.000000E+01}}
}
{@BLOCK|ri213|00
{@A-RES|0|+1.029037E+02{@LIM3|+1.000000E+02|+1.150000E+02|+9.000000E+01}}
}
{@BLOCK|ri218|00
{@A-RES|0|+1.031408E+02{@LIM3|+1.000000E+02|+1.150000E+02|+9.000000E+01}}
}
{@BLOCK|rb12|00
{@A-RES|0|+2.470095E+01{@LIM3|+2.200000E+01|+3.206001E+01|+1.980000E+01}}
}
{@BLOCK|rv519|00
{@A-RES|0|+4.734161E+02{@LIM3|+4.700000E+02|+5.170000E+02|+4.230000E+02}}
}
{@BLOCK|rc126|00
{@A-RES|0|+2.036282E+02{@LIM3|+2.000000E+02|+2.170000E+02|+1.880000E+02}}
}
{@BLOCK|rc228|00
{@A-RES|0|+2.025627E+02{@LIM3|+2.000000E+02|+2.170000E+02|+1.880000E+02}}
}
{@BLOCK|rt4|00
{@A-RES|0|+5.588824E+01{@LIM3|+5.100000E+01|+6.109999E+01|+4.590000E+01}}
}
{@BLOCK|rc222|00
{@A-RES|0|+7.033495E+04{@LIM3|+7.500000E+04|+8.250000E+04|+6.750000E+04}}
}
{@BLOCK|rc302|00
{@A-RES|0|+1.030802E+02{@LIM3|+1.000000E+02|+1.150000E+02|+9.000000E+01}}
}
{@BLOCK|rc303|00
{@A-RES|0|+1.025718E+02{@LIM3|+1.000000E+02|+1.150000E+02|+9.000000E+01}}
}
{@BLOCK|rb4|00
{@A-RES|0|+2.426900E+01{@LIM3|+2.200000E+01|+2.920001E+01|+1.980000E+01}}
}
{@BLOCK|rb6|00
{@A-RES|0|+2.430133E+01{@LIM3|+2.700000E+01|+3.915000E+01|+2.025000E+01}}
}
{@BLOCK|rb8|00
{@A-RES|0|+2.436341E+01{@LIM3|+2.200000E+01|+2.920001E+01|+1.980000E+01}}
}
{@BLOCK|re79|00
{@A-RES|0|+2.462309E+01{@LIM3|+2.200000E+01|+2.920001E+01|+1.980000E+01}}
}
{@BLOCK|rc231|00
{@A-RES|0|+9.202919E+06{@LIM3|+1.000000E+07|+1.350000E+07|+6.500000E+06}}
}
{@BLOCK|re6|00
{@A-RES|0|+1.499710E+04{@LIM3|+1.500000E+04|+1.590000E+04|+1.410000E+04}}
}
{@BLOCK|rc233|00
{@A-RES|0|+7.144092E+04{@LIM3|+7.500000E+04|+8.250000E+04|+6.750000E+04}}
}
{@BLOCK|rc288|00
{@A-RES|0|+1.831007E+02{@LIM3|+1.800000E+02|+1.958000E+02|+1.692000E+02}}
}
{@BLOCK|rd400|00
{@A-RES|0|+2.338585E+04{@LIM3|+2.320000E+04|+2.459200E+04|+2.180800E+04}}
}
{@BLOCK|ri405|00
{@A-RES|0|+3.683134E+02{@LIM3|+3.650000E+02|+4.927500E+02|+2.372500E+02}}
}
{@BLOCK|ri813|00
{@A-RES|0|+4.728946E+04{@LIM3|+4.700000E+04|+5.170000E+04|+4.230000E+04}}
}
{@BLOCK|ru612|00
{@A-RES|0|+4.743603E+04{@LIM3|+4.700000E+04|+5.170000E+04|+4.230000E+04}}
}
{@BLOCK|ru19|00
{@A-RES|0|+6.242966E+04{@LIM3|+6.190000E+04|+6.561400E+04|+5.818600E+04}}
}
{@BLOCK|ru20|00
{@A-RES|0|+3.378984E+05{@LIM3|+3.400000E+05|+3.774000E+05|+3.026000E+05}}
}
{@BLOCK|rv156|00
{@A-RES|0|+2.697264E+03{@LIM3|+2.700000E+03|+2.862000E+03|+2.538000E+03}}
}
{@BLOCK|rv500|00
{@A-RES|0|+1.493428E+03{@LIM3|+1.500000E+03|+1.650000E+03|+1.350000E+03}}
}
{@BLOCK|rv501|00
{@A-RES|0|+1.498879E+03{@LIM3|+1.500000E+03|+1.650000E+03|+1.350000E+03}}
}
{@BLOCK|pq6201%qf|00
{@A-NFE|0|+1.055706E+02{@LIM2|+2.000000E+02|+2.000000E+01}}
}
{@BLOCK|pq6208%qf|00
{@A-NFE|0|+8.365506E+01{@LIM2|+2.000000E+02|+2.000000E+01}}
}
{@BLOCK|qa1|00
{@A-NFE|0|+9.262851E+01{@LIM2|+2.000000E+02|+2.000000E+01}}
}
{@BLOCK|qc3%qf1|00
{@A-NFE|0|+7.482519E+01{@LIM2|+2.000000E+02|+2.000000E+01}}
}
{@BLOCK|qc3%qf2|00
{@A-NFE|0|+6.616940E+01{@LIM2|+2.000000E+02|+2.000000E+01}}
}
{@BLOCK|re7|00
{@A-RES|0|+5.100267E+04{@LIM3|+5.100000E+04|+5.406000E+04|+4.794000E+04}}
}
{@BLOCK|re8|00
{@A-RES|0|+3.301660E+04{@LIM3|+3.300000E+04|+3.498000E+04|+3.102000E+04}}
}
{@BLOCK|qc1%qf1|00
{@A-NFE|0|+9.500513E+01{@LIM2|+2.000000E+02|+2.000000E+01}}
}
{@BLOCK|qc1%qf2|00
{@A-NFE|0|+7.740536E+01{@LIM2|+2.000000E+02|+2.000000E+01}}
}
{@BLOCK|qc9|00
{@A-NFE|0|+4.108352E+01{@LIM2|+2.000000E+02|+2.000000E+01}}
}
{@BLOCK|qc10|00
{@A-NFE|0|+8.116172E+01{@LIM2|+3.500000E+02|+2.000000E+01}}
}
{@BLOCK|qc13|00
{@A-PFE|0|+2.648091E+01{@LIM2|+3.500000E+02|+2.000000E+01}}
}
{@BLOCK|qc17|00
{@A-NFE|0|+3.906208E+01{@LIM2|+2.000000E+02|+2.000000E+01}}
}
{@BLOCK|qc5|00
{@A-NFE|0|+4.955552E+01{@LIM2|+2.000000E+02|+2.000000E+01}}
}
{@BLOCK|qc6|00
{@A-NFE|0|+7.011624E+01{@LIM2|+2.000000E+02|+2.000000E+01}}
}
{@BLOCK|qc7|00
{@A-NFE|0|+8.690777E+01{@LIM2|+2.000000E+02|+2.000000E+01}}
}
{@BLOCK|qc11%qf1|00
{@A-NFE|0|+7.562166E+01{@LIM2|+2.000000E+02|+2.000000E+01}}
}
{@BLOCK|qc11%qf2|00
{@A-PFE|0|+8.181089E+01{@LIM2|+3.500000E+02|+2.000000E+01}}
}
{@BLOCK|qc18%qf1|00
{@A-NFE|0|+1.107530E+02{@LIM2|+2.000000E+02|+2.000000E+01}}
}
{@BLOCK|qc19|00
{@A-NFE|0|+3.852910E+01{@LIM2|+2.000000E+02|+2.000000E+01}}
}
{@BLOCK|qc20%qf1|00
{@A-NFE|0|+6.872198E+01{@LIM2|+2.000000E+02|+2.000000E+01}}
}
{@BLOCK|qc20%qf2|00
{@A-NFE|0|+6.235985E+01{@LIM2|+2.000000E+02|+2.000000E+01}}
}
{@BLOCK|qc24|00
{@A-NFE|0|+4.329855E+01{@LIM2|+2.000000E+02|+2.000000E+01}}
}
{@BLOCK|qc25%qf1|00
{@A-NFE|0|+3.921608E+01{@LIM2|+2.000000E+02|+2.000000E+01}}
}
{@BLOCK|qc25%qf2|00
{@A-NFE|0|+3.686348E+01{@LIM2|+3.500000E+02|+2.000000E+01}}
}
{@BLOCK|qc27|00
{@A-NFE|0|+4.550391E+01{@LIM2|+2.000000E+02|+2.000000E+01}}
}
{@BLOCK|qc28%qf2|00
{@A-NFE|0|+7.557435E+01{@LIM2|+2.000000E+02|+2.000000E+01}}
}
{@BLOCK|qc39%qf1|00
{@A-NFE|0|+7.747285E+01{@LIM2|+2.000000E+02|+2.000000E+01}}
}
{@BLOCK|qe3%qf1|00
{@A-NFE|0|+7.594815E+01{@LIM2|+2.000000E+02|+2.000000E+01}}
}
{@BLOCK|qe3%qf2|00
{@A-NFE|0|+9.050769E+01{@LIM2|+2.000000E+02|+2.000000E+01}}
}
{@BLOCK|qi801%qf1|00
{@A-NFE|0|+8.598210E+01{@LIM2|+2.000000E+02|+2.000000E+01}}
}
{@BLOCK|qi801%qf2|00
{@A-NFE|0|+8.129794E+01{@LIM2|+2.000000E+02|+2.000000E+01}}
}
{@BLOCK|qu1|00
{@A-NFE|0|+3.475481E+01{@LIM2|+2.000000E+02|+2.000000E+01}}
}
{@BLOCK|qu2|00
{@A-NFE|0|+3.786198E+01{@LIM2|+2.000000E+02|+2.000000E+01}}
}
{@BLOCK|qu601|00
{@A-NFE|0|+4.073996E+01{@LIM2|+2.000000E+02|+2.000000E+01}}
}
{@BLOCK|qu602|00
{@A-NFE|0|+3.795617E+01{@LIM2|+2.000000E+02|+2.000000E+01}}
}
{@BLOCK|qv150%qf1|00
{@A-NFE|0|+6.702566E+01{@LIM2|+2.000000E+02|+2.000000E+01}}
}
{@BLOCK|qv150%qf2|00
{@A-NFE|0|+6.715745E+01{@LIM2|+2.000000E+02|+2.000000E+01}}
}
{@BLOCK|qv500|00
{@A-NFE|0|+4.252530E+01{@LIM2|+2.000000E+02|+2.000000E+01}}
}
{@BLOCK|qv501|00
{@A-NFE|0|+2.951075E+01{@LIM2|+2.000000E+02|+2.000000E+01}}
}
{@BLOCK|qv502|00
{@A-NFE|0|+1.485141E+01{@LIM2|+2.000000E+02|+1.000000E+01}}
}
{@BLOCK|pq5303%qf|00
{@A-PFE|0|+8.900401E+01{@LIM2|+2.000000E+02|+2.000000E+01}}
}
{@BLOCK|da3|00
{@A-DIO|0|+4.734108E-01{@LIM2|+8.000000E-01|+4.000000E-01}}
}
{@BLOCK|da400|00
{@A-DIO|0|+5.946917E-01{@LIM2|+8.000000E-01|+4.000000E-01}}
}
{@BLOCK|da401|00
{@A-DIO|0|+5.742652E-01{@LIM2|+8.000000E-01|+4.000000E-01}}
}
{@BLOCK|da403|00
{@A-DIO|0|+6.895768E-01{@LIM2|+8.000000E-01|+4.000000E-01}}
}
{@BLOCK|da405|00
{@A-DIO|0|+5.454464E-01{@LIM2|+8.000000E-01|+4.000000E-01}}
}
{@BLOCK|da406|00
{@A-DIO|0|+5.948501E-01{@LIM2|+8.000000E-01|+4.000000E-01}}
}
{@BLOCK|de2|00
{@A-DIO|0|+5.261593E-01{@LIM2|+8.000000E-01|+4.000000E-01}}
}
{@BLOCK|de3|00
{@A-DIO|0|+4.704613E-01{@LIM2|+9.000000E-01|+4.000000E-01}}
}
{@BLOCK|dr1|00
{@A-DIO|0|+4.686233E-01{@LIM2|+8.000000E-01|+4.000000E-01}}
}
{@BLOCK|dr2|00
{@A-DIO|0|+4.875170E-01{@LIM2|+8.000000E-01|+4.000000E-01}}
}
{@BLOCK|du1|00
{@A-DIO|0|+4.565058E-01{@LIM2|+8.000000E-01|+4.000000E-01}}
}
{@BLOCK|du2|00
{@A-DIO|0|+5.173662E-01{@LIM2|+8.000000E-01|+4.000000E-01}}
}
{@BLOCK|du908|00
{@A-DIO|0|+5.843792E-01{@LIM2|+8.000000E-01|+4.000000E-01}}
}
{@BLOCK|du909|00
{@A-DIO|0|+5.839090E-01{@LIM2|+8.000000E-01|+4.000000E-01}}
}
{@BLOCK|du910%cr1|00
{@A-DIO|0|+6.868838E-01{@LIM2|+8.000000E-01|+4.000000E-01}}
}
{@BLOCK|du911%cr1|00
{@A-DIO|0|+6.864136E-01{@LIM2|+8.000000E-01|+4.000000E-01}}
}
{@BLOCK|du912%cr1|00
{@A-DIO|0|+6.574319E-01{@LIM2|+8.000000E-01|+4.000000E-01}}
}
{@BLOCK|du913%cr1|00
{@A-DIO|0|+7.258681E-01{@LIM2|+8.000000E-01|+4.000000E-01}}
}
{@BLOCK|du915|00
{@A-DIO|0|+5.838662E-01{@LIM2|+8.000000E-01|+4.000000E-01}}
}
{@BLOCK|du916%cr1|00
{@A-DIO|0|+6.392222E-01{@LIM2|+8.000000E-01|+4.000000E-01}}
}
{@BLOCK|du918%cr1|00
{@A-DIO|0|+7.040677E-01{@LIM2|+8.000000E-01|+4.000000E-01}}
}
{@BLOCK|du920%cr1|00
{@A-DIO|0|+6.380680E-01{@LIM2|+8.000000E-01|+4.000000E-01}}
}
{@BLOCK|du921|00
{@A-DIO|0|+5.589454E-01{@LIM2|+8.000000E-01|+4.000000E-01}}
}
{@BLOCK|dv152|00
{@A-DIO|0|+4.433604E-01{@LIM2|+8.000000E-01|+4.000000E-01}}
}
{@BLOCK|dv153|00
{@A-DIO|0|+4.485327E-01{@LIM2|+8.000000E-01|+4.000000E-01}}
}
{@BLOCK|pd121|00
{@A-DIO|0|+6.924408E-01{@LIM2|+8.000000E-01|+4.000000E-01}}
}
{@BLOCK|pd123|00
{@A-DIO|0|+6.882517E-01{@LIM2|+8.000000E-01|+4.000000E-01}}
}
{@BLOCK|du1000%cr1|00
{@A-DIO|0|+5.346657E-01{@LIM2|+8.000000E-01|+4.000000E-01}}
}
{@BLOCK|du1000%cr2|00
{@A-DIO|0|+5.305621E-01{@LIM2|+8.000000E-01|+4.000000E-01}}
}
{@BLOCK|du1001%cr1|00
{@A-DIO|0|+6.370849E-01{@LIM2|+8.000000E-01|+4.000000E-01}}
}
{@BLOCK|du1001%cr2|00
{@A-DIO|0|+6.377688E-01{@LIM2|+8.000000E-01|+4.000000E-01}}
}
{@BLOCK|dv501%cr1|00
{@A-DIO|0|+6.800398E-01{@LIM2|+8.000000E-01|+4.000000E-01}}
}
{@BLOCK|dv501%cr2|00
{@A-DIO|0|+6.671352E-01{@LIM2|+8.000000E-01|+4.000000E-01}}
}
{@BLOCK|dv501%cr4|00
{@A-DIO|0|+1.642458E+00{@LIM2|+2.200000E+00|+1.200000E+00}}
}
{@BLOCK|dv501%cr5|00
{@A-DIO|0|+1.576715E+00{@LIM2|+2.200000E+00|+1.200000E+00}}
}
{@BLOCK|ue2%cr|00
{@A-DIO|0|+5.679220E-01{@LIM2|+8.000000E-01|+4.000000E-01}}
}
{@BLOCK|led1%cr_org|00
{@A-DIO|0|+3.302241E+00{@LIM2|+4.000000E+00|+3.000000E+00}}
}
{@BLOCK|led1%cr_whi|00
{@A-DIO|0|+2.051766E+00{@LIM2|+2.350000E+00|+1.350000E+00}}
}
{@BLOCK|du3|00
{@A-DIO|0|+6.114500E-01{@LIM2|+8.000000E-01|+4.000000E-01}}
}
{@BLOCK|du914%ds|00
{@A-DIO|0|+4.564794E-01{@LIM2|+8.000000E-01|+4.000000E-01}}
}
{@BLOCK|du917%ds|00
{@A-DIO|0|+5.029055E-01{@LIM2|+8.000000E-01|+4.000000E-01}}
}
{@BLOCK|du1002|00
{@A-DIO|0|+5.470298E-01{@LIM2|+8.000000E-01|+4.000000E-01}}
}
{@BLOCK|qc32%qf1|00
{@A-NFE|0|+6.778824E+01{@LIM2|+2.000000E+02|+2.000000E+01}}
}
{@BLOCK|qc32%qf2|00
{@A-PFE|0|+4.630618E+01{@LIM2|+2.000000E+02|+2.000000E+01}}
}
{@BLOCK|qc35|00
{@A-NFE|0|+4.485539E+01{@LIM2|+2.000000E+02|+2.000000E+01}}
}
{@BLOCK|qi100|00
{@A-NFE|0|+4.430757E+01{@LIM2|+2.000000E+02|+2.000000E+01}}
}
{@BLOCK|da1|00
{@A-DIO|0|+4.748946E-01{@LIM2|+8.000000E-01|+4.000000E-01}}
}
{@BLOCK|da2|00
{@A-DIO|0|+4.588269E-01{@LIM2|+8.000000E-01|+4.000000E-01}}
}
{@BLOCK|dc1|00
{@A-DIO|0|+4.597588E-01{@LIM2|+8.000000E-01|+4.000000E-01}}
}
}}