{@BATCH|e14_gen7||4094|1||btest|050429155808~16|ICT0265\engineer|ICT0265|C:/Agilent_ICT/boards/e14_gen7|RevA|sb21t16730_sc88||sb21t16730_sc88
{@BTEST|6483002279|00|050429160202|000018|0|all||n||050429160220||1
{@BLOCK|ca2|00
{@A-CAP|0|+5.874052E-06{@LIM3|+7.802000E-06|+1.326340E-05|+2.340600E-06}}
}
{@BLOCK|cc5|00
{@A-CAP|0|+9.048545E-08{@LIM3|+1.000000E-07|+1.300000E-07|+7.000000E-08}}
}
{@BLOCK|ci209|00
{@A-CAP|0|+7.437272E-05{@LIM3|+7.760000E-05|+1.319200E-04|+2.326929E-05}}
}
{@BLOCK|cc1|00
{@A-CAP|0|+8.822982E-08{@LIM3|+7.000000E-08|+1.050000E-07|+3.500000E-08}}
}
{@BLOCK|cc12|00
{@A-CAP|0|+2.125737E-06{@LIM3|+2.100000E-06|+3.360000E-06|+8.400000E-07}}
}
{@BLOCK|cc31|00
{@A-CAP|0|+1.101998E-07{@LIM3|+1.000000E-07|+1.300000E-07|+8.000000E-08}}
}
{@BLOCK|cd4|00
{@A-CAP|0|+8.455724E-05{@LIM3|+9.120000E-05|+1.185600E-04|+6.384000E-05}}
}
{@BLOCK|ce2|00
{@A-CAP|0|+9.104807E-08{@LIM3|+8.000000E-08|+1.120000E-07|+4.800000E-08}}
}
{@BLOCK|pc6204|00
{@A-CAP|0|+5.573135E-06{@LIM3|+5.401000E-06|+7.021300E-06|+3.780700E-06}}
}
{@BLOCK|ce23|00
{@A-CAP|0|+9.096344E-08{@LIM3|+1.000000E-07|+1.300000E-07|+7.000000E-08}}
}
{@BLOCK|ce24|00
{@A-CAP|0|+1.118980E-07{@LIM3|+1.000000E-07|+1.250000E-07|+8.000000E-08}}
}
{@BLOCK|ci105|00
{@A-CAP|0|+1.065367E-05{@LIM3|+1.020000E-05|+1.326000E-05|+7.140000E-06}}
}
{@BLOCK|ci208|00
{@A-CAP|0|+8.269393E-05{@LIM3|+8.721000E-05|+1.133730E-04|+6.103497E-05}}
}
{@BLOCK|pc6237|00
{@A-CAP|0|+2.656665E-04{@LIM3|+2.927000E-04|+3.805100E-04|+2.044849E-04}}
}
{@BLOCK|ce20|00
{@A-CAP|0|+1.129709E-09{@LIM3|+1.000000E-09|+1.200000E-09|+8.000000E-10}}
}
{@BLOCK|cn5|00
{@A-CAP|0|+2.167455E-05{@LIM3|+2.230000E-05|+2.899000E-05|+1.561000E-05}}
}
{@BLOCK|cu693|00
{@A-CAP|0|+1.039075E-05{@LIM3|+9.720000E-06|+1.263600E-05|+6.804000E-06}}
}
{@BLOCK|cr10|00
{@A-CAP|0|+5.849416E-06{@LIM3|+5.800000E-06|+7.540000E-06|+4.060000E-06}}
}
{@BLOCK|cu25|00
{@A-CAP|0|+8.893955E-06{@LIM3|+1.040100E-05|+1.248120E-05|+8.320800E-06}}
}
{@BLOCK|cu620|00
{@A-CAP|0|+8.601059E-05{@LIM3|+8.450000E-05|+1.098500E-04|+5.915000E-05}}
}
{@BLOCK|cu648|00
{@A-CAP|0|+3.075653E-05{@LIM3|+2.886000E-05|+3.896100E-05|+1.875900E-05}}
}
{@BLOCK|pc1921|00
{@A-CAP|0|+1.626508E-04{@LIM3|+1.537000E-04|+1.998100E-04|+1.075688E-04}}
}
{@BLOCK|cu1003|00
{@A-CAP|0|+1.481190E-04{@LIM3|+1.501000E-04|+1.951300E-04|+1.049285E-04}}
}
{@BLOCK|cv175|00
{@A-CAP|0|+9.233636E-07{@LIM3|+1.100000E-06|+1.430000E-06|+7.700000E-07}}
}
{@BLOCK|cv180|00
{@A-CAP|0|+7.921654E-08{@LIM3|+9.000000E-08|+1.530000E-07|+2.700000E-08}}
}
{@BLOCK|cv183|00
{@A-CAP|0|+9.822613E-08{@LIM3|+1.000000E-07|+1.300000E-07|+7.000000E-08}}
}
{@BLOCK|cv529|00
{@A-CAP|0|+4.052038E-05{@LIM3|+3.513000E-05|+4.566900E-05|+2.459100E-05}}
}
{@BLOCK|cv534|00
{@A-CAP|0|+1.044212E-07{@LIM3|+1.010000E-07|+1.313000E-07|+7.070000E-08}}
}
{@BLOCK|pc1401|00
{@A-CAP|0|+1.610480E-03{@LIM3|+1.620000E-03|+2.106000E-03|+1.130638E-03}}
}
{@BLOCK|pc1014|00
{@A-CAP|0|+1.171603E-07{@LIM3|+1.000000E-07|+1.350000E-07|+6.500000E-08}}
}
{@BLOCK|pc5398|00
{@A-CAP|0|+1.898775E-04{@LIM3|+1.968700E-04|+2.559310E-04|+1.377681E-04}}
}
{@BLOCK|pc5310|00
{@A-CAP|0|+9.045262E-05{@LIM3|+1.001420E-04|+1.301846E-04|+7.009940E-05}}
}
{@BLOCK|pc5360|00
{@A-CAP|0|+1.110582E-05{@LIM3|+1.001100E-05|+1.301430E-05|+7.007700E-06}}
}
{@BLOCK|pc6212|00
{@A-CAP|0|+9.649632E-08{@LIM3|+1.000000E-07|+1.300000E-07|+7.000000E-08}}
}
{@BLOCK|pc6511|00
{@A-CAP|0|+1.178010E-07{@LIM3|+1.000000E-07|+1.700000E-07|+3.000000E-08}}
}
{@BLOCK|ca12|00
{@A-CAP|0|+2.225817E-06{@LIM3|+2.200000E-06|+2.860000E-06|+1.540000E-06}}
}
{@BLOCK|ca13|00
{@A-CAP|0|+2.236448E-06{@LIM3|+2.200000E-06|+2.860000E-06|+1.540000E-06}}
}
{@BLOCK|ca30|00
{@A-CAP|0|+2.740474E-06{@LIM3|+2.900000E-06|+4.930000E-06|+8.700000E-07}}
}
{@BLOCK|ca414|00
{@A-CAP|0|+2.253118E-06{@LIM3|+2.200000E-06|+2.860000E-06|+1.540000E-06}}
}
{@BLOCK|cu600|00
{@A-CAP|0|+2.082905E-06{@LIM3|+2.200000E-06|+3.740000E-06|+6.600000E-07}}
}
{@BLOCK|cu602|00
{@A-CAP|0|+2.600205E-06{@LIM3|+2.200000E-06|+2.860000E-06|+1.540000E-06}}
}
{@BLOCK|cu632|00
{@A-CAP|0|+8.990726E-05{@LIM3|+8.660000E-05|+1.125800E-04|+6.062000E-05}}
}
{@BLOCK|cu640|00
{@A-CAP|0|+2.258194E-06{@LIM3|+2.200000E-06|+2.860000E-06|+1.540000E-06}}
}
{@BLOCK|cu641|00
{@A-CAP|0|+1.365050E-05{@LIM3|+1.220000E-05|+1.586000E-05|+8.540000E-06}}
}
{@BLOCK|ce13|00
{@A-CAP|0|+1.140139E-06{@LIM3|+1.000000E-06|+1.300000E-06|+7.000000E-07}}
}
{@BLOCK|cu5|00
{@A-CAP|0|+1.109463E-05{@LIM3|+1.100000E-05|+1.650000E-05|+5.500000E-06}}
}
{@BLOCK|pc105|00
{@A-CAP|0|+1.166709E-06{@LIM3|+1.000000E-06|+1.350000E-06|+7.000000E-07}}
}
{@BLOCK|pc1708|00
{@A-CAP|0|+9.892882E-04{@LIM3|+1.124000E-03|+1.461200E-03|+7.844677E-04}}
}
{@BLOCK|cr37|00
{@A-CAP|0|+1.052871E-05{@LIM3|+1.100000E-05|+1.870000E-05|+3.300000E-06}}
}
{@BLOCK|cu1|00
{@A-CAP|0|+1.125840E-05{@LIM3|+1.000000E-05|+1.300000E-05|+7.000000E-06}}
}
{@BLOCK|ca417|00
{@A-CAP|0|+8.590112E-10{@LIM3|+7.800000E-10|+1.053000E-09|+5.070000E-10}}
}
{@BLOCK|ca412|00
{@A-CAP|0|+9.452657E-10{@LIM3|+7.800000E-10|+1.053000E-09|+5.070000E-10}}
}
{@BLOCK|ca407|00
{@A-CAP|0|+1.733578E-09{@LIM3|+1.500000E-09|+2.025000E-09|+9.750000E-10}}
}
{@BLOCK|ca408|00
{@A-CAP|0|+1.740359E-09{@LIM3|+1.500000E-09|+2.025000E-09|+9.750000E-10}}
}
{@BLOCK|ca410|00
{@A-CAP|0|+1.692381E-09{@LIM3|+1.500000E-09|+2.025000E-09|+9.750000E-10}}
}
{@BLOCK|ca409|00
{@A-CAP|0|+1.735019E-09{@LIM3|+1.500000E-09|+2.025000E-09|+9.750000E-10}}
}
{@BLOCK|ce19|00
{@A-CAP|0|+1.114959E-09{@LIM3|+1.000000E-09|+1.177000E-09|+8.000000E-10}}
}
{@BLOCK|cr5|00
{@A-CAP|0|+1.379682E-09{@LIM3|+1.300000E-09|+1.755000E-09|+8.450000E-10}}
}
{@BLOCK|cr24|00
{@A-CAP|0|+1.363839E-09{@LIM3|+1.300000E-09|+1.755000E-09|+8.450000E-10}}
}
{@BLOCK|cr27|00
{@A-CAP|0|+1.402988E-09{@LIM3|+1.300000E-09|+1.755000E-09|+8.450000E-10}}
}
{@BLOCK|cr43|00
{@A-CAP|0|+1.415710E-09{@LIM3|+1.300000E-09|+1.755000E-09|+8.450000E-10}}
}
{@BLOCK|cr49|00
{@A-CAP|0|+1.387892E-09{@LIM3|+1.300000E-09|+1.755000E-09|+8.450000E-10}}
}
{@BLOCK|cu619|00
{@A-CAP|0|+1.358004E-09{@LIM3|+1.300000E-09|+1.755000E-09|+8.450000E-10}}
}
{@BLOCK|cu2|00
{@A-CAP|0|+3.965068E-10{@LIM3|+4.300000E-10|+5.805000E-10|+2.795000E-10}}
}
{@BLOCK|cu3|00
{@A-CAP|0|+4.505615E-10{@LIM3|+4.300000E-10|+5.805000E-10|+2.795000E-10}}
}
{@BLOCK|cu18|00
{@A-CAP|0|+4.299411E-10{@LIM3|+4.300000E-10|+5.805000E-10|+2.795000E-10}}
}
{@BLOCK|cu19|00
{@A-CAP|0|+4.397564E-10{@LIM3|+4.300000E-10|+5.805000E-10|+2.795000E-10}}
}
{@BLOCK|pr1011|00
{@A-RES|0|+3.222035E+04{@LIM3|+3.220300E+04|+4.347405E+04|+2.093195E+04}}
}
{@BLOCK|pr1003|00
{@A-RES|0|+3.233581E+04{@LIM3|+3.220300E+04|+4.025375E+04|+2.415225E+04}}
}
{@BLOCK|pr1004|00
{@A-RES|0|+3.210842E+04{@LIM3|+3.020300E+04|+3.775375E+04|+2.265225E+04}}
}
{@BLOCK|pr6218|00
{@A-RES|0|+1.003381E+05{@LIM3|+1.000000E+05|+1.110000E+05|+8.900000E+04}}
}
{@BLOCK|pr6220|00
{@A-RES|0|+9.992592E+04{@LIM3|+1.000000E+05|+1.110000E+05|+8.900000E+04}}
}
{@BLOCK|pt121|00
{@A-RES|0|+1.002310E+05{@LIM3|+1.000000E+05|+1.500000E+05|+5.000000E+04}}
}
{@BLOCK|ru30|00
{@A-RES|0|+9.490497E+04{@LIM3|+1.000000E+05|+1.110000E+05|+8.900000E+04}}
}
{@BLOCK|cr52|00
{@A-CAP|0|+9.591133E-08{@LIM3|+1.000000E-07|+1.200000E-07|+8.000000E-08}}
}
{@BLOCK|cv177|00
{@A-CAP|0|+9.672745E-08{@LIM3|+1.000000E-07|+1.200000E-07|+8.000000E-08}}
}
{@BLOCK|cs205|00
{@A-CAP|0|+2.239498E-09{@LIM3|+2.200000E-09|+2.860000E-09|+1.540000E-09}}
}
{@BLOCK|pc6247|00
{@A-CAP|0|+3.815765E-10{@LIM3|+3.300000E-10|+4.455000E-10|+2.145000E-10}}
}
{@BLOCK|ph1004|00
{@A-RES|0|+9.836719E+03{@LIM3|+1.000000E+04|+1.500000E+04|+5.000000E+03}}
}
{@BLOCK|ph1005|00
{@A-RES|0|+9.570949E+03{@LIM3|+1.000000E+04|+1.500000E+04|+5.000000E+03}}
}
{@BLOCK|pr1034|00
{@A-RES|0|+9.982308E+03{@LIM3|+1.000000E+04|+1.060000E+04|+9.400000E+03}}
}
{@BLOCK|pr1046|00
{@A-RES|0|+9.999314E+03{@LIM3|+1.000000E+04|+1.060000E+04|+9.400000E+03}}
}
{@BLOCK|ru32|00
{@A-RES|0|+9.517519E+04{@LIM3|+1.000000E+05|+1.110000E+05|+8.900000E+04}}
}
{@BLOCK|pr1053|00
{@A-RES|0|+3.908400E+03{@LIM3|+4.110000E+03|+5.754000E+03|+2.466000E+03}}
}
{@BLOCK|pr104|00
{@A-RES|0|+9.977307E+03{@LIM3|+1.000000E+04|+1.060000E+04|+9.400000E+03}}
}
{@BLOCK|pr122|00
{@A-RES|0|+9.987534E+03{@LIM3|+1.000000E+04|+1.060000E+04|+9.400000E+03}}
}
{@BLOCK|re5|00
{@A-RES|0|+1.004819E+04{@LIM3|+1.000000E+04|+1.060000E+04|+9.400000E+03}}
}
{@BLOCK|pr101|00
{@A-RES|0|+2.016621E+04{@LIM3|+2.000000E+04|+2.200000E+04|+1.800000E+04}}
}
{@BLOCK|pr1908|00
{@A-RES|0|+9.859098E+05{@LIM3|+1.000000E+06|+1.250000E+06|+7.500000E+05}}
}
{@BLOCK|pq6205%qf1|00
{@A-NFE|0|+8.472868E+01{@LIM2|+2.000000E+02|+2.000000E+01}}
}
{@BLOCK|rc190|00
{@A-RES|0|+9.903365E+05{@LIM3|+1.000000E+06|+1.250000E+06|+7.500000E+05}}
}
{@BLOCK|pr106|00
{@A-RES|0|+1.002807E+04{@LIM3|+1.000000E+04|+1.100000E+04|+9.000000E+03}}
}
{@BLOCK|qa2|00
{@A-NFE|0|+7.904060E+01{@LIM2|+2.000000E+02|+2.000000E+01}}
}
{@BLOCK|rc8|00
{@A-RES|0|+9.904681E+03{@LIM3|+1.000000E+04|+1.100000E+04|+9.000000E+03}}
}
{@BLOCK|rc9|00
{@A-RES|0|+9.894985E+03{@LIM3|+1.000000E+04|+1.100000E+04|+9.000000E+03}}
}
{@BLOCK|rc12|00
{@A-RES|0|+9.903387E+03{@LIM3|+1.000000E+04|+1.100000E+04|+9.000000E+03}}
}
{@BLOCK|rc14|00
{@A-RES|0|+9.916989E+03{@LIM3|+1.000000E+04|+1.100000E+04|+9.000000E+03}}
}
{@BLOCK|rc15|00
{@A-RES|0|+9.914901E+03{@LIM3|+1.000000E+04|+1.100000E+04|+9.000000E+03}}
}
{@BLOCK|pr1059|00
{@A-RES|0|+1.000145E+04{@LIM3|+1.000000E+04|+1.060000E+04|+9.400000E+03}}
}
{@BLOCK|rc109|00
{@A-RES|0|+1.999547E+04{@LIM3|+2.000000E+04|+2.200000E+04|+1.800000E+04}}
}
{@BLOCK|rc110|00
{@A-RES|0|+1.954147E+04{@LIM3|+2.000000E+04|+2.200000E+04|+1.800000E+04}}
}
{@BLOCK|ra20|00
{@A-RES|0|+9.739338E+03{@LIM3|+1.000000E+04|+1.400000E+04|+5.000000E+03}}
}
{@BLOCK|rc36|00
{@A-RES|0|+1.035305E+04{@LIM3|+1.000000E+04|+1.100000E+04|+9.000000E+03}}
}
{@BLOCK|rc72|00
{@A-RES|0|+9.948328E+03{@LIM3|+1.000000E+04|+1.100000E+04|+9.000000E+03}}
}
{@BLOCK|rc76|00
{@A-RES|0|+1.003091E+04{@LIM3|+1.000000E+04|+1.100000E+04|+9.000000E+03}}
}
{@BLOCK|rc121|00
{@A-RES|0|+9.879371E+03{@LIM3|+1.000000E+04|+1.100000E+04|+9.000000E+03}}
}
{@BLOCK|rc34|00
{@A-RES|0|+1.009036E+04{@LIM3|+1.000000E+04|+1.100000E+04|+9.000000E+03}}
}
{@BLOCK|rc35|00
{@A-RES|0|+9.927054E+03{@LIM3|+1.000000E+04|+1.100000E+04|+9.000000E+03}}
}
{@BLOCK|rc37|00
{@A-RES|0|+9.819804E+03{@LIM3|+1.000000E+04|+1.100000E+04|+9.000000E+03}}
}
{@BLOCK|rc38|00
{@A-RES|0|+9.940229E+03{@LIM3|+1.000000E+04|+1.100000E+04|+9.000000E+03}}
}
{@BLOCK|rc42|00
{@A-RES|0|+1.009775E+04{@LIM3|+1.000000E+04|+1.100000E+04|+9.000000E+03}}
}
{@BLOCK|rc44|00
{@A-RES|0|+9.865372E+03{@LIM3|+1.000000E+04|+1.100000E+04|+9.000000E+03}}
}
{@BLOCK|rc127|00
{@A-RES|0|+9.831663E+03{@LIM3|+1.000000E+04|+1.100000E+04|+9.000000E+03}}
}
{@BLOCK|rc142|00
{@A-RES|0|+1.028960E+04{@LIM3|+1.000000E+04|+1.100000E+04|+9.000000E+03}}
}
{@BLOCK|rc149|00
{@A-RES|0|+9.883039E+03{@LIM3|+1.000000E+04|+1.100000E+04|+9.000000E+03}}
}
{@BLOCK|rc225|00
{@A-RES|0|+1.014456E+04{@LIM3|+1.000000E+04|+1.100000E+04|+9.000000E+03}}
}
{@BLOCK|rc246|00
{@A-RES|0|+9.918125E+03{@LIM3|+1.000000E+04|+1.100000E+04|+9.000000E+03}}
}
{@BLOCK|rc247|00
{@A-RES|0|+1.000450E+04{@LIM3|+1.000000E+04|+1.100000E+04|+9.000000E+03}}
}
{@BLOCK|rc251|00
{@A-RES|0|+9.198669E+03{@LIM3|+1.000000E+04|+1.100000E+04|+7.800000E+03}}
}
{@BLOCK|rc257|00
{@A-RES|0|+9.172989E+03{@LIM3|+1.000000E+04|+1.100000E+04|+8.000000E+03}}
}
{@BLOCK|rc314|00
{@A-RES|0|+9.913747E+03{@LIM3|+1.000000E+04|+1.100000E+04|+9.000000E+03}}
}
{@BLOCK|rd2|00
{@A-RES|0|+9.919691E+03{@LIM3|+1.000000E+04|+1.100000E+04|+9.000000E+03}}
}
{@BLOCK|rc180|00
{@A-RES|0|+1.015894E+04{@LIM3|+1.000000E+04|+1.100000E+04|+9.000000E+03}}
}
{@BLOCK|rc239|00
{@A-RES|0|+1.017851E+04{@LIM3|+1.000000E+04|+1.100000E+04|+9.000000E+03}}
}
{@BLOCK|rc260|00
{@A-RES|0|+9.456593E+03{@LIM3|+1.000000E+04|+1.100000E+04|+9.000000E+03}}
}
{@BLOCK|rc266|00
{@A-RES|0|+9.626708E+03{@LIM3|+1.000000E+04|+1.100000E+04|+9.000000E+03}}
}
{@BLOCK|rc283|00
{@A-RES|0|+9.596129E+03{@LIM3|+1.000000E+04|+1.100000E+04|+9.000000E+03}}
}
{@BLOCK|rd4|00
{@A-RES|0|+9.987051E+03{@LIM3|+1.000000E+04|+1.100000E+04|+9.000000E+03}}
}
{@BLOCK|re41|00
{@A-RES|0|+1.015105E+04{@LIM3|+1.000000E+04|+1.100000E+04|+9.000000E+03}}
}
{@BLOCK|re63|00
{@A-RES|0|+9.965795E+03{@LIM3|+1.000000E+04|+1.100000E+04|+9.000000E+03}}
}
{@BLOCK|re19|00
{@A-RES|0|+9.932045E+03{@LIM3|+1.000000E+04|+1.100000E+04|+9.000000E+03}}
}
{@BLOCK|re30|00
{@A-RES|0|+9.284196E+03{@LIM3|+1.000000E+04|+1.100000E+04|+8.500000E+03}}
}
{@BLOCK|re51|00
{@A-RES|0|+9.859620E+03{@LIM3|+1.000000E+04|+1.100000E+04|+9.000000E+03}}
}
{@BLOCK|re64|00
{@A-RES|0|+1.001895E+04{@LIM3|+1.000000E+04|+1.100000E+04|+9.000000E+03}}
}
{@BLOCK|re283|00
{@A-RES|0|+9.947623E+03{@LIM3|+1.000000E+04|+1.100000E+04|+9.000000E+03}}
}
{@BLOCK|ri102|00
{@A-RES|0|+1.004152E+04{@LIM3|+1.000000E+04|+1.100000E+04|+9.000000E+03}}
}
{@BLOCK|ri812|00
{@A-RES|0|+9.851150E+03{@LIM3|+1.000000E+04|+1.100000E+04|+9.000000E+03}}
}
{@BLOCK|rn2|00
{@A-RES|0|+1.001038E+04{@LIM3|+1.000000E+04|+1.100000E+04|+9.000000E+03}}
}
{@BLOCK|rn6|00
{@A-RES|0|+9.789512E+03{@LIM3|+1.000000E+04|+1.100000E+04|+9.000000E+03}}
}
{@BLOCK|rn10|00
{@A-RES|0|+9.939174E+03{@LIM3|+1.000000E+04|+1.100000E+04|+9.000000E+03}}
}
{@BLOCK|rn11|00
{@A-RES|0|+9.974649E+03{@LIM3|+1.000000E+04|+1.100000E+04|+9.000000E+03}}
}
{@BLOCK|ru4|00
{@A-RES|0|+9.846140E+03{@LIM3|+1.000000E+04|+1.100000E+04|+9.000000E+03}}
}
{@BLOCK|ru5|00
{@A-RES|0|+1.033072E+04{@LIM3|+1.000000E+04|+1.100000E+04|+9.000000E+03}}
}
{@BLOCK|ru9|00
{@A-RES|0|+1.010649E+04{@LIM3|+1.000000E+04|+1.100000E+04|+9.000000E+03}}
}
{@BLOCK|ru10|00
{@A-RES|0|+9.743145E+03{@LIM3|+1.000000E+04|+1.100000E+04|+9.000000E+03}}
}
{@BLOCK|ru613|00
{@A-RES|0|+1.001470E+04{@LIM3|+1.000000E+04|+1.200000E+04|+9.000000E+03}}
}
{@BLOCK|ri111|00
{@A-RES|0|+1.002500E+04{@LIM3|+1.000000E+04|+1.100000E+04|+9.000000E+03}}
}
{@BLOCK|ri814|00
{@A-RES|0|+9.915798E+03{@LIM3|+1.000000E+04|+1.100000E+04|+9.000000E+03}}
}
{@BLOCK|ri815|00
{@A-RES|0|+1.010342E+04{@LIM3|+1.000000E+04|+1.100000E+04|+9.000000E+03}}
}
{@BLOCK|rk9|00
{@A-RES|0|+9.842724E+03{@LIM3|+1.000000E+04|+1.100000E+04|+9.000000E+03}}
}
{@BLOCK|rk10|00
{@A-RES|0|+9.901521E+03{@LIM3|+1.000000E+04|+1.100000E+04|+9.000000E+03}}
}
{@BLOCK|rr29|00
{@A-RES|0|+1.000198E+04{@LIM3|+1.000000E+04|+1.100000E+04|+9.000000E+03}}
}
{@BLOCK|rr30|00
{@A-RES|0|+1.028944E+04{@LIM3|+1.000000E+04|+1.100000E+04|+9.000000E+03}}
}
{@BLOCK|pu121%ra|00
{@A-RES|0|+9.484676E+04{@LIM3|+1.000000E+05|+1.500000E+05|+5.000000E+04}}
}
{@BLOCK|ru624|00
{@A-RES|0|+9.860659E+03{@LIM3|+1.000000E+04|+1.100000E+04|+9.000000E+03}}
}
{@BLOCK|ru655|00
{@A-RES|0|+9.914438E+03{@LIM3|+1.000000E+04|+1.100000E+04|+9.000000E+03}}
}
{@BLOCK|ru656|00
{@A-RES|0|+9.922319E+03{@LIM3|+1.000000E+04|+1.100000E+04|+9.000000E+03}}
}
{@BLOCK|rv175|00
{@A-RES|0|+9.948219E+03{@LIM3|+1.000000E+04|+1.100000E+04|+9.000000E+03}}
}
{@BLOCK|pr121|00
{@A-RES|0|+1.645994E+04{@LIM3|+1.650000E+04|+1.749000E+04|+1.551000E+04}}
}
{@BLOCK|pr1809|00
{@A-RES|0|+9.811862E+04{@LIM3|+1.000000E+05|+1.150000E+05|+8.500000E+04}}
}
{@BLOCK|pr6215|00
{@A-RES|0|+9.889585E+04{@LIM3|+1.000000E+05|+1.150000E+05|+8.500000E+04}}
}
{@BLOCK|ra1|00
{@A-RES|0|+9.862676E+04{@LIM3|+1.000000E+05|+1.150000E+05|+8.500000E+04}}
}
{@BLOCK|ra5|00
{@A-RES|0|+5.082736E+03{@LIM3|+5.110000E+03|+5.416600E+03|+4.803400E+03}}
}
{@BLOCK|rc75|00
{@A-RES|0|+9.982180E+04{@LIM3|+1.000000E+05|+1.150000E+05|+8.500000E+04}}
}
{@BLOCK|rc86|00
{@A-RES|0|+9.652982E+04{@LIM3|+1.000000E+05|+1.150000E+05|+8.500000E+04}}
}
{@BLOCK|rc96|00
{@A-RES|0|+9.128457E+04{@LIM3|+1.000000E+05|+1.150000E+05|+8.500000E+04}}
}
{@BLOCK|rc97|00
{@A-RES|0|+9.330169E+04{@LIM3|+1.000000E+05|+1.150000E+05|+8.500000E+04}}
}
{@BLOCK|rc186|00
{@A-RES|0|+9.562249E+04{@LIM3|+1.000000E+05|+1.150000E+05|+8.500000E+04}}
}
{@BLOCK|rc187|00
{@A-RES|0|+9.506885E+04{@LIM3|+1.000000E+05|+1.150000E+05|+8.500000E+04}}
}
{@BLOCK|rc188|00
{@A-RES|0|+9.575946E+04{@LIM3|+1.000000E+05|+1.150000E+05|+8.500000E+04}}
}
{@BLOCK|rb22|00
{@A-RES|0|+9.731347E+04{@LIM3|+1.000000E+05|+1.150000E+05|+8.500000E+04}}
}
{@BLOCK|rc64|00
{@A-RES|0|+9.835609E+04{@LIM3|+1.000000E+05|+1.150000E+05|+8.500000E+04}}
}
{@BLOCK|rc73|00
{@A-RES|0|+9.787291E+04{@LIM3|+1.000000E+05|+1.150000E+05|+8.500000E+04}}
}
{@BLOCK|rc74|00
{@A-RES|0|+9.709148E+04{@LIM3|+1.000000E+05|+1.150000E+05|+8.500000E+04}}
}
{@BLOCK|rc184|00
{@A-RES|0|+1.011448E+05{@LIM3|+1.000000E+05|+1.150000E+05|+8.500000E+04}}
}
{@BLOCK|rc267|00
{@A-RES|0|+9.443899E+04{@LIM3|+1.000000E+05|+1.550000E+05|+4.500000E+04}}
}
{@BLOCK|re11|00
{@A-RES|0|+1.016004E+05{@LIM3|+1.000000E+05|+1.150000E+05|+8.500000E+04}}
}
{@BLOCK|re21|00
{@A-RES|0|+1.002347E+05{@LIM3|+1.000000E+05|+1.150000E+05|+8.500000E+04}}
}
{@BLOCK|qc18%qf2|00
{@A-NFE|0|+6.209799E+01{@LIM2|+2.000000E+02|+2.000000E+01}}
}
{@BLOCK|rc274|00
{@A-RES|0|+9.653978E+04{@LIM3|+1.000000E+05|+1.150000E+05|+8.500000E+04}}
}
{@BLOCK|re12|00
{@A-RES|0|+1.000271E+05{@LIM3|+1.000000E+05|+1.150000E+05|+8.500000E+04}}
}
{@BLOCK|re18|00
{@A-RES|0|+9.890666E+04{@LIM3|+1.000000E+05|+1.150000E+05|+8.500000E+04}}
}
{@BLOCK|re31|00
{@A-RES|0|+9.934761E+04{@LIM3|+1.000000E+05|+1.150000E+05|+8.500000E+04}}
}
{@BLOCK|re36|00
{@A-RES|0|+9.838680E+04{@LIM3|+1.000000E+05|+1.150000E+05|+8.500000E+04}}
}
{@BLOCK|re40|00
{@A-RES|0|+1.001020E+05{@LIM3|+1.000000E+05|+1.150000E+05|+8.500000E+04}}
}
{@BLOCK|re44|00
{@A-RES|0|+9.963316E+04{@LIM3|+1.000000E+05|+1.150000E+05|+8.500000E+04}}
}
{@BLOCK|re46|00
{@A-RES|0|+9.932652E+04{@LIM3|+1.000000E+05|+1.150000E+05|+8.500000E+04}}
}
{@BLOCK|re107|00
{@A-RES|0|+1.000378E+05{@LIM3|+1.000000E+05|+1.150000E+05|+8.500000E+04}}
}
{@BLOCK|ri109|00
{@A-RES|0|+9.887531E+04{@LIM3|+1.000000E+05|+1.150000E+05|+8.500000E+04}}
}
{@BLOCK|ri304|00
{@A-RES|0|+1.145189E+05{@LIM3|+1.000000E+05|+1.150000E+05|+8.500000E+04}}
}
{@BLOCK|rn15|00
{@A-RES|0|+9.862560E+04{@LIM3|+1.000000E+05|+1.150000E+05|+8.500000E+04}}
}
{@BLOCK|rr4|00
{@A-RES|0|+1.018227E+05{@LIM3|+1.000000E+05|+1.150000E+05|+8.500000E+04}}
}
{@BLOCK|ru39|00
{@A-RES|0|+1.012390E+05{@LIM3|+1.000000E+05|+1.150000E+05|+8.500000E+04}}
}
{@BLOCK|ru40|00
{@A-RES|0|+9.932652E+04{@LIM3|+1.000000E+05|+1.150000E+05|+8.500000E+04}}
}
{@BLOCK|ru636|00
{@A-RES|0|+9.948489E+04{@LIM3|+1.000000E+05|+1.150000E+05|+8.500000E+04}}
}
{@BLOCK|ru666|00
{@A-RES|0|+9.942126E+04{@LIM3|+1.000000E+05|+1.150000E+05|+8.500000E+04}}
}
{@BLOCK|ru675|00
{@A-RES|0|+1.006780E+05{@LIM3|+1.000000E+05|+1.150000E+05|+8.500000E+04}}
}
{@BLOCK|ru679|00
{@A-RES|0|+1.004834E+05{@LIM3|+1.000000E+05|+1.150000E+05|+8.500000E+04}}
}
{@BLOCK|rv155|00
{@A-RES|0|+1.000110E+05{@LIM3|+1.000000E+05|+1.150000E+05|+8.500000E+04}}
}
{@BLOCK|rv162|00
{@A-RES|0|+9.878139E+04{@LIM3|+1.000000E+05|+1.150000E+05|+8.500000E+04}}
}
{@BLOCK|rv163|00
{@A-RES|0|+1.013376E+05{@LIM3|+1.000000E+05|+1.150000E+05|+8.500000E+04}}
}
{@BLOCK|rv173|00
{@A-RES|0|+9.857332E+04{@LIM3|+1.000000E+05|+1.150000E+05|+8.500000E+04}}
}
{@BLOCK|re25|00
{@A-RES|0|+9.996400E+04{@LIM3|+1.000000E+05|+1.150000E+05|+8.500000E+04}}
}
{@BLOCK|re26|00
{@A-RES|0|+1.010915E+05{@LIM3|+1.000000E+05|+1.150000E+05|+8.500000E+04}}
}
{@BLOCK|re34|00
{@A-RES|0|+9.905320E+04{@LIM3|+1.000000E+05|+1.150000E+05|+8.500000E+04}}
}
{@BLOCK|re43|00
{@A-RES|0|+9.930532E+04{@LIM3|+1.000000E+05|+1.150000E+05|+8.500000E+04}}
}
{@BLOCK|re47|00
{@A-RES|0|+1.006395E+05{@LIM3|+1.000000E+05|+1.150000E+05|+8.500000E+04}}
}
{@BLOCK|ri238|00
{@A-RES|0|+9.814990E+04{@LIM3|+1.000000E+05|+1.150000E+05|+8.500000E+04}}
}
{@BLOCK|ri302|00
{@A-RES|0|+9.808821E+04{@LIM3|+1.000000E+05|+1.150000E+05|+8.500000E+04}}
}
{@BLOCK|pr1021|00
{@A-RES|0|+7.853267E+02{@LIM3|+7.870000E+02|+8.342200E+02|+7.397800E+02}}
}
{@BLOCK|rv516|00
{@A-RES|0|+1.036495E+05{@LIM3|+1.000000E+05|+1.150000E+05|+8.500000E+04}}
}
{@BLOCK|pr1007|00
{@A-RES|0|+9.545952E+03{@LIM3|+9.530000E+03|+1.010180E+04|+8.958200E+03}}
}
{@BLOCK|pr1009|00
{@A-RES|0|+9.577691E+03{@LIM3|+9.530000E+03|+1.010180E+04|+8.958200E+03}}
}
{@BLOCK|pr1010|00
{@A-RES|0|+9.532344E+03{@LIM3|+9.530000E+03|+1.010180E+04|+8.958200E+03}}
}
{@BLOCK|pr1008|00
{@A-RES|0|+3.409103E+03{@LIM3|+3.400000E+03|+3.604000E+03|+3.196000E+03}}
}
{@BLOCK|pr1013|00
{@A-RES|0|+1.600011E+04{@LIM3|+1.600000E+04|+1.696000E+04|+1.504000E+04}}
}
{@BLOCK|pr1018|00
{@A-RES|0|+8.490558E+01{@LIM3|+8.200000E+01|+9.192003E+01|+7.708000E+01}}
}
{@BLOCK|pr1019|00
{@A-RES|0|+8.296433E+01{@LIM3|+8.000000E+01|+8.730000E+01|+7.520000E+01}}
}
{@BLOCK|rc129|00
{@A-RES|0|+1.038245E+02{@LIM3|+1.000000E+02|+1.150000E+02|+9.000000E+01}}
}
{@BLOCK|rc296|00
{@A-RES|0|+1.839019E+01{@LIM3|+1.500000E+01|+2.149999E+01|+1.350000E+01}}
}
{@BLOCK|pr5309|00
{@A-RES|0|+1.010412E+01{@LIM3|+1.000000E+01|+1.350000E+01|+6.500000E+00}}
}
{@BLOCK|rc51|00
{@A-RES|0|+1.018244E+01{@LIM3|+1.000000E+01|+1.100000E+01|+9.500000E+00}}
}
{@BLOCK|rc79|00
{@A-RES|0|+1.025259E+01{@LIM3|+1.000000E+01|+1.150000E+01|+8.500000E+00}}
}
{@BLOCK|rc143|00
{@A-RES|0|+1.043922E+01{@LIM3|+1.000000E+01|+1.350000E+01|+6.500000E+00}}
}
{@BLOCK|rc145|00
{@A-RES|0|+1.137529E+01{@LIM3|+1.000000E+01|+1.350000E+01|+6.500000E+00}}
}
{@BLOCK|pr1028|00
{@A-RES|0|+1.005706E+03{@LIM3|+1.000000E+03|+1.100000E+03|+9.000000E+02}}
}
{@BLOCK|pr1707|00
{@A-RES|0|+1.004670E+03{@LIM3|+1.000000E+03|+1.100000E+03|+9.000000E+02}}
}
{@BLOCK|pr1902|00
{@A-RES|0|+1.010205E+03{@LIM3|+1.000000E+03|+1.100000E+03|+9.000000E+02}}
}
{@BLOCK|rc93|00
{@A-RES|0|+1.004464E+03{@LIM3|+1.000000E+03|+1.100000E+03|+9.000000E+02}}
}
{@BLOCK|rc111|00
{@A-RES|0|+1.002047E+03{@LIM3|+1.000000E+03|+1.100000E+03|+9.000000E+02}}
}
{@BLOCK|rv544|00
{@A-RES|0|+1.023028E+03{@LIM3|+1.000000E+03|+1.100000E+03|+9.000000E+02}}
}
{@BLOCK|pr1029|00
{@A-RES|0|+1.394537E+02{@LIM3|+1.370000E+02|+1.502200E+02|+1.287800E+02}}
}
{@BLOCK|pr1031|00
{@A-RES|0|+4.794291E+01{@LIM3|+4.700000E+01|+5.482000E+01|+4.418000E+01}}
}
{@BLOCK|pr1032|00
{@A-RES|0|+5.645928E+02{@LIM3|+5.600000E+02|+5.936000E+02|+5.264000E+02}}
}
{@BLOCK|rc21|00
{@A-RES|0|+1.019714E+02{@LIM3|+1.000000E+02|+1.110000E+02|+9.400000E+01}}
}
{@BLOCK|rc131|00
{@A-JUM|0|+4.449176E+00{@LIM2|+1.500000E+01|+0.000000E+00}}
}
{@BLOCK|rc132|00
{@A-JUM|0|+4.291995E+00{@LIM2|+1.500000E+01|+0.000000E+00}}
}
{@BLOCK|rc133|00
{@A-JUM|0|+5.010413E+00{@LIM2|+1.500000E+01|+0.000000E+00}}
}
{@BLOCK|rc134|00
{@A-JUM|0|+4.633134E+00{@LIM2|+1.500000E+01|+0.000000E+00}}
}
{@BLOCK|rc136|00
{@A-JUM|0|+3.155996E+00{@LIM2|+1.500000E+01|+0.000000E+00}}
}
{@BLOCK|rc137|00
{@A-JUM|0|+2.809330E+00{@LIM2|+1.500000E+01|+0.000000E+00}}
}
{@BLOCK|pr1033|00
{@A-RES|0|+6.682918E+03{@LIM3|+6.650000E+03|+7.049000E+03|+6.251000E+03}}
}
{@BLOCK|ra36|00
{@A-RES|0|+1.326649E+04{@LIM3|+1.324300E+04|+1.403758E+04|+1.244842E+04}}
}
{@BLOCK|ru1000|00
{@A-RES|0|+1.999196E+04{@LIM3|+2.000000E+04|+2.120000E+04|+1.880000E+04}}
}
{@BLOCK|pr1062|00
{@A-RES|0|+3.677416E+03{@LIM3|+3.650000E+03|+3.869000E+03|+3.431000E+03}}
}
{@BLOCK|pr1064|00
{@A-RES|0|+4.010937E+03{@LIM3|+3.920000E+03|+4.155200E+03|+3.684800E+03}}
}
{@BLOCK|pr1702|00
{@A-RES|0|+9.069301E+04{@LIM3|+9.090000E+04|+9.635400E+04|+8.544600E+04}}
}
{@BLOCK|pr1706|00
{@A-JUM|0|+4.041068E+00{@LIM2|+1.500000E+01|+0.000000E+00}}
}
{@BLOCK|pr1806|00
{@A-JUM|0|+3.509246E+00{@LIM2|+1.500000E+01|+0.000000E+00}}
}
{@BLOCK|pr5310|00
{@A-RES|0|+9.971431E+00{@LIM3|+1.000000E+01|+1.350000E+01|+6.500000E+00}}
}
{@BLOCK|pr5312|00
{@A-RES|0|+1.070179E+01{@LIM3|+1.000000E+01|+1.350000E+01|+6.500000E+00}}
}
{@BLOCK|ra407|00
{@A-RES|0|+9.971340E+00{@LIM3|+1.200000E+01|+2.100000E+01|+3.000000E+00}}
}
{@BLOCK|pr5311|00
{@A-RES|0|+1.741809E+05{@LIM3|+1.370000E+05|+1.918000E+05|+1.219300E+05}}
}
{@BLOCK|pr6201|00
{@A-RES|0|+2.153585E+04{@LIM3|+2.150000E+04|+2.279000E+04|+2.021000E+04}}
}
{@BLOCK|pq6205%qf2|00
{@A-NFE|0|+6.121338E+01{@LIM2|+2.000000E+02|+2.000000E+01}}
}
{@BLOCK|pr6221|00
{@A-RES|0|+6.780030E+05{@LIM3|+6.800000E+05|+7.548000E+05|+6.052000E+05}}
}
{@BLOCK|pt124|00
{@A-RES|0|+6.448863E+02{@LIM3|+5.400000E+02|+7.290000E+02|+3.510000E+02}}
}
{@BLOCK|pt125|00
{@A-RES|0|+6.541625E+02{@LIM3|+5.400000E+02|+7.290000E+02|+3.510000E+02}}
}
{@BLOCK|pr1022|00
{@A-RES|0|+7.884072E+02{@LIM3|+7.870000E+02|+8.342200E+02|+7.397800E+02}}
}
{@BLOCK|pr1711|00
{@A-RES|0|+1.006329E+03{@LIM3|+1.000000E+03|+1.100000E+03|+9.000000E+02}}
}
{@BLOCK|rb23|00
{@A-RES|0|+9.960544E+02{@LIM3|+1.000000E+03|+1.100000E+03|+9.000000E+02}}
}
{@BLOCK|rc94|00
{@A-RES|0|+9.999699E+02{@LIM3|+1.000000E+03|+1.100000E+03|+9.000000E+02}}
}
{@BLOCK|rc105|00
{@A-RES|0|+9.947319E+02{@LIM3|+1.000000E+03|+1.100000E+03|+9.000000E+02}}
}
{@BLOCK|rc141|00
{@A-RES|0|+9.914332E+02{@LIM3|+1.000000E+03|+1.100000E+03|+9.000000E+02}}
}
{@BLOCK|pr1044|00
{@A-RES|0|+5.608676E+04{@LIM3|+5.620000E+04|+5.957200E+04|+5.282800E+04}}
}
{@BLOCK|pt126|00
{@A-RES|0|+6.549757E+02{@LIM3|+5.400000E+02|+7.290000E+02|+3.510000E+02}}
}
{@BLOCK|ra19|00
{@A-RES|0|+3.635933E+01{@LIM3|+3.800000E+01|+4.180000E+01|+3.420000E+01}}
}
{@BLOCK|ra302|00
{@A-RES|0|+3.564260E+01{@LIM3|+3.300000E+01|+4.129999E+01|+2.970000E+01}}
}
{@BLOCK|rb7|00
{@A-RES|0|+3.559586E+01{@LIM3|+3.300000E+01|+4.129999E+01|+2.970000E+01}}
}
{@BLOCK|rc125|00
{@A-RES|0|+3.657236E+01{@LIM3|+3.300000E+01|+4.129999E+01|+2.970000E+01}}
}
{@BLOCK|rc308|00
{@A-RES|0|+3.536815E+01{@LIM3|+3.300000E+01|+4.129999E+01|+2.970000E+01}}
}
{@BLOCK|rc309|00
{@A-RES|0|+3.536602E+01{@LIM3|+4.200000E+01|+6.306363E+01|+2.100000E+01}}
}
{@BLOCK|rc311|00
{@A-RES|0|+3.541374E+01{@LIM3|+3.300000E+01|+4.460000E+01|+2.970000E+01}}
}
{@BLOCK|rc312|00
{@A-RES|0|+3.512447E+01{@LIM3|+3.300000E+01|+4.460000E+01|+2.970000E+01}}
}
{@BLOCK|re23|00
{@A-RES|0|+3.585975E+01{@LIM3|+3.300000E+01|+4.129999E+01|+2.970000E+01}}
}
{@BLOCK|re24|00
{@A-RES|0|+3.569972E+01{@LIM3|+3.300000E+01|+4.129999E+01|+2.970000E+01}}
}
{@BLOCK|re120|00
{@A-RES|0|+3.605675E+01{@LIM3|+3.800000E+01|+5.130000E+01|+3.420000E+01}}
}
{@BLOCK|re121|00
{@A-RES|0|+3.503041E+01{@LIM3|+3.300000E+01|+4.460000E+01|+2.970000E+01}}
}
{@BLOCK|rn8|00
{@A-RES|0|+3.518097E+01{@LIM3|+3.300000E+01|+4.129999E+01|+2.970000E+01}}
}
{@BLOCK|rc229|00
{@A-RES|0|+4.703309E+03{@LIM3|+4.700000E+03|+5.170000E+03|+4.230000E+03}}
}
{@BLOCK|ri234%r1|00
{@A-RES|0|+4.695527E+03{@LIM3|+4.700000E+03|+5.170000E+03|+4.230000E+03}}
}
{@BLOCK|ri234%r2|00
{@A-RES|0|+4.721862E+03{@LIM3|+4.700000E+03|+5.170000E+03|+4.230000E+03}}
}
{@BLOCK|re13|00
{@A-RES|0|+3.618515E+01{@LIM3|+3.300000E+01|+4.129999E+01|+2.970000E+01}}
}
{@BLOCK|rt2|00
{@A-RES|0|+3.551516E+01{@LIM3|+3.300000E+01|+4.129999E+01|+2.970000E+01}}
}
{@BLOCK|rt3|00
{@A-RES|0|+3.512625E+01{@LIM3|+3.300000E+01|+4.129999E+01|+2.970000E+01}}
}
{@BLOCK|ra21|00
{@A-RES|0|+4.695244E+03{@LIM3|+4.700000E+03|+5.170000E+03|+4.230000E+03}}
}
{@BLOCK|rc221|00
{@A-RES|0|+4.716286E+03{@LIM3|+4.700000E+03|+5.170000E+03|+4.230000E+03}}
}
{@BLOCK|rpe6%r1|00
{@A-RES|0|+4.958326E+03{@LIM3|+4.700000E+03|+5.170000E+03|+4.230000E+03}}
}
{@BLOCK|rpe6%r2|00
{@A-RES|0|+4.708086E+03{@LIM3|+4.700000E+03|+5.170000E+03|+4.230000E+03}}
}
{@BLOCK|rpe7%r1|00
{@A-RES|0|+4.699958E+03{@LIM3|+4.700000E+03|+5.170000E+03|+4.230000E+03}}
}
{@BLOCK|rc106|00
{@A-RES|0|+2.221993E+03{@LIM3|+2.200000E+03|+2.420000E+03|+1.980000E+03}}
}
{@BLOCK|rc107|00
{@A-RES|0|+2.193657E+03{@LIM3|+2.200000E+03|+2.420000E+03|+1.980000E+03}}
}
{@BLOCK|rc108|00
{@A-RES|0|+2.198932E+03{@LIM3|+2.200000E+03|+2.420000E+03|+1.980000E+03}}
}
{@BLOCK|rc264|00
{@A-RES|0|+2.259193E+03{@LIM3|+2.200000E+03|+2.420000E+03|+1.980000E+03}}
}
{@BLOCK|rc265|00
{@A-RES|0|+2.226430E+03{@LIM3|+2.200000E+03|+2.420000E+03|+1.980000E+03}}
}
{@BLOCK|rc317|00
{@A-RES|0|+2.206081E+03{@LIM3|+2.200000E+03|+2.420000E+03|+1.980000E+03}}
}
{@BLOCK|rc318|00
{@A-RES|0|+2.236106E+03{@LIM3|+2.200000E+03|+2.420000E+03|+1.980000E+03}}
}
{@BLOCK|rpc2%r1|00
{@A-RES|0|+2.203796E+03{@LIM3|+2.200000E+03|+2.420000E+03|+1.980000E+03}}
}
{@BLOCK|rpe7%r2|00
{@A-RES|0|+4.697836E+03{@LIM3|+4.700000E+03|+5.170000E+03|+4.230000E+03}}
}
{@BLOCK|rc182|00
{@A-RES|0|+2.241168E+03{@LIM3|+2.200000E+03|+2.420000E+03|+1.980000E+03}}
}
{@BLOCK|rc183|00
{@A-RES|0|+2.241705E+03{@LIM3|+2.200000E+03|+2.420000E+03|+1.980000E+03}}
}
{@BLOCK|rc281|00
{@A-RES|0|+2.210478E+03{@LIM3|+2.200000E+03|+2.420000E+03|+1.980000E+03}}
}
{@BLOCK|rc282|00
{@A-RES|0|+2.186219E+03{@LIM3|+2.200000E+03|+2.420000E+03|+1.980000E+03}}
}
{@BLOCK|rpc3%r1|00
{@A-RES|0|+2.204026E+03{@LIM3|+2.200000E+03|+2.420000E+03|+1.980000E+03}}
}
{@BLOCK|rpc3%r2|00
{@A-RES|0|+2.212568E+03{@LIM3|+2.200000E+03|+2.420000E+03|+1.980000E+03}}
}
{@BLOCK|rpc4%r1|00
{@A-RES|0|+2.216339E+03{@LIM3|+2.200000E+03|+2.420000E+03|+1.980000E+03}}
}
{@BLOCK|rpc4%r2|00
{@A-RES|0|+2.195858E+03{@LIM3|+2.200000E+03|+2.420000E+03|+1.980000E+03}}
}
{@BLOCK|rpu1%r2|00
{@A-RES|0|+2.202470E+03{@LIM3|+2.200000E+03|+2.420000E+03|+1.980000E+03}}
}
{@BLOCK|rpu2%r1|00
{@A-RES|0|+2.200607E+03{@LIM3|+2.200000E+03|+2.420000E+03|+1.980000E+03}}
}
{@BLOCK|rpu2%r2|00
{@A-RES|0|+2.217284E+03{@LIM3|+2.200000E+03|+2.420000E+03|+1.980000E+03}}
}
{@BLOCK|rpv150%r1|00
{@A-RES|0|+2.216444E+03{@LIM3|+2.200000E+03|+2.420000E+03|+1.980000E+03}}
}
{@BLOCK|rpv150%r2|00
{@A-RES|0|+2.205168E+03{@LIM3|+2.200000E+03|+2.420000E+03|+1.980000E+03}}
}
{@BLOCK|ru7|00
{@A-RES|0|+2.218966E+03{@LIM3|+2.200000E+03|+2.420000E+03|+1.980000E+03}}
}
{@BLOCK|ru8|00
{@A-RES|0|+2.258250E+03{@LIM3|+2.200000E+03|+2.420000E+03|+1.980000E+03}}
}
{@BLOCK|rpc2%r2|00
{@A-RES|0|+2.202242E+03{@LIM3|+2.200000E+03|+2.420000E+03|+1.980000E+03}}
}
{@BLOCK|rpe2%r1|00
{@A-RES|0|+2.217678E+03{@LIM3|+2.200000E+03|+2.420000E+03|+1.980000E+03}}
}
{@BLOCK|rpe2%r2|00
{@A-RES|0|+2.203278E+03{@LIM3|+2.200000E+03|+2.420000E+03|+1.980000E+03}}
}
{@BLOCK|rpe4%r1|00
{@A-RES|0|+2.203278E+03{@LIM3|+2.200000E+03|+2.420000E+03|+1.980000E+03}}
}
{@BLOCK|rpe4%r2|00
{@A-RES|0|+2.205665E+03{@LIM3|+2.200000E+03|+2.420000E+03|+1.980000E+03}}
}
{@BLOCK|rpe5%r1|00
{@A-RES|0|+2.199756E+03{@LIM3|+2.200000E+03|+2.420000E+03|+1.980000E+03}}
}
{@BLOCK|rpe5%r2|00
{@A-RES|0|+2.214645E+03{@LIM3|+2.200000E+03|+2.420000E+03|+1.980000E+03}}
}
{@BLOCK|rc301|00
{@A-RES|0|+1.032106E+02{@LIM3|+1.000000E+02|+1.150000E+02|+9.000000E+01}}
}
{@BLOCK|ru616|00
{@A-RES|0|+2.235991E+03{@LIM3|+2.200000E+03|+2.420000E+03|+1.980000E+03}}
}
{@BLOCK|ru617|00
{@A-RES|0|+2.265792E+03{@LIM3|+2.200000E+03|+2.420000E+03|+1.980000E+03}}
}
{@BLOCK|ru639|00
{@A-RES|0|+2.215605E+03{@LIM3|+2.200000E+03|+2.420000E+03|+1.980000E+03}}
}
{@BLOCK|ru640|00
{@A-RES|0|+2.203300E+03{@LIM3|+2.200000E+03|+2.420000E+03|+1.980000E+03}}
}
{@BLOCK|ru641|00
{@A-RES|0|+2.239882E+03{@LIM3|+2.200000E+03|+2.420000E+03|+1.980000E+03}}
}
{@BLOCK|ri204|00
{@A-RES|0|+1.019327E+02{@LIM3|+1.000000E+02|+1.150000E+02|+9.000000E+01}}
}
{@BLOCK|ri207|00
{@A-RES|0|+1.044186E+02{@LIM3|+1.000000E+02|+1.150000E+02|+9.000000E+01}}
}
{@BLOCK|ri210|00
{@A-RES|0|+1.028205E+02{@LIM3|+1.000000E+02|+1.150000E+02|+9.000000E+01}}
}
{@BLOCK|ri213|00
{@A-RES|0|+1.044302E+02{@LIM3|+1.000000E+02|+1.150000E+02|+9.000000E+01}}
}
{@BLOCK|ri218|00
{@A-RES|0|+1.024047E+02{@LIM3|+1.000000E+02|+1.150000E+02|+9.000000E+01}}
}
{@BLOCK|rb12|00
{@A-RES|0|+2.470095E+01{@LIM3|+2.200000E+01|+3.206001E+01|+1.980000E+01}}
}
{@BLOCK|rv519|00
{@A-RES|0|+4.710352E+02{@LIM3|+4.700000E+02|+5.170000E+02|+4.230000E+02}}
}
{@BLOCK|rc126|00
{@A-RES|0|+2.028873E+02{@LIM3|+2.000000E+02|+2.170000E+02|+1.880000E+02}}
}
{@BLOCK|rc228|00
{@A-RES|0|+2.032394E+02{@LIM3|+2.000000E+02|+2.170000E+02|+1.880000E+02}}
}
{@BLOCK|rt4|00
{@A-RES|0|+5.276922E+01{@LIM3|+5.100000E+01|+6.109999E+01|+4.590000E+01}}
}
{@BLOCK|rc222|00
{@A-RES|0|+7.277977E+04{@LIM3|+7.500000E+04|+8.250000E+04|+6.750000E+04}}
}
{@BLOCK|rc302|00
{@A-RES|0|+1.030632E+02{@LIM3|+1.000000E+02|+1.150000E+02|+9.000000E+01}}
}
{@BLOCK|rc303|00
{@A-RES|0|+1.034150E+02{@LIM3|+1.000000E+02|+1.150000E+02|+9.000000E+01}}
}
{@BLOCK|rb4|00
{@A-RES|0|+2.425520E+01{@LIM3|+2.200000E+01|+2.920001E+01|+1.980000E+01}}
}
{@BLOCK|rb6|00
{@A-RES|0|+2.450273E+01{@LIM3|+2.700000E+01|+3.915000E+01|+2.025000E+01}}
}
{@BLOCK|rb8|00
{@A-RES|0|+2.492380E+01{@LIM3|+2.200000E+01|+2.920001E+01|+1.980000E+01}}
}
{@BLOCK|re79|00
{@A-RES|0|+2.494117E+01{@LIM3|+2.200000E+01|+2.920001E+01|+1.980000E+01}}
}
{@BLOCK|rc231|00
{@A-RES|0|+9.251509E+06{@LIM3|+1.000000E+07|+1.350000E+07|+6.500000E+06}}
}
{@BLOCK|re6|00
{@A-RES|0|+1.508990E+04{@LIM3|+1.500000E+04|+1.590000E+04|+1.410000E+04}}
}
{@BLOCK|rc233|00
{@A-RES|0|+7.192405E+04{@LIM3|+7.500000E+04|+8.250000E+04|+6.750000E+04}}
}
{@BLOCK|rc288|00
{@A-RES|0|+1.835240E+02{@LIM3|+1.800000E+02|+1.958000E+02|+1.692000E+02}}
}
{@BLOCK|rd400|00
{@A-RES|0|+2.323837E+04{@LIM3|+2.320000E+04|+2.459200E+04|+2.180800E+04}}
}
{@BLOCK|ri405|00
{@A-RES|0|+3.677243E+02{@LIM3|+3.650000E+02|+4.927500E+02|+2.372500E+02}}
}
{@BLOCK|ri813|00
{@A-RES|0|+4.733080E+04{@LIM3|+4.700000E+04|+5.170000E+04|+4.230000E+04}}
}
{@BLOCK|ru612|00
{@A-RES|0|+4.717326E+04{@LIM3|+4.700000E+04|+5.170000E+04|+4.230000E+04}}
}
{@BLOCK|ru19|00
{@A-RES|0|+6.224697E+04{@LIM3|+6.190000E+04|+6.561400E+04|+5.818600E+04}}
}
{@BLOCK|ru20|00
{@A-RES|0|+3.384107E+05{@LIM3|+3.400000E+05|+3.774000E+05|+3.026000E+05}}
}
{@BLOCK|rv156|00
{@A-RES|0|+2.695711E+03{@LIM3|+2.700000E+03|+2.862000E+03|+2.538000E+03}}
}
{@BLOCK|rv500|00
{@A-RES|0|+1.502246E+03{@LIM3|+1.500000E+03|+1.650000E+03|+1.350000E+03}}
}
{@BLOCK|rv501|00
{@A-RES|0|+1.516161E+03{@LIM3|+1.500000E+03|+1.650000E+03|+1.350000E+03}}
}
{@BLOCK|pq6201%qf|00
{@A-NFE|0|+9.408487E+01{@LIM2|+2.000000E+02|+2.000000E+01}}
}
{@BLOCK|pq6208%qf|00
{@A-NFE|0|+8.519591E+01{@LIM2|+2.000000E+02|+2.000000E+01}}
}
{@BLOCK|qa1|00
{@A-NFE|0|+8.597969E+01{@LIM2|+2.000000E+02|+2.000000E+01}}
}
{@BLOCK|qc3%qf1|00
{@A-NFE|0|+7.170457E+01{@LIM2|+2.000000E+02|+2.000000E+01}}
}
{@BLOCK|qc3%qf2|00
{@A-NFE|0|+6.076229E+01{@LIM2|+2.000000E+02|+2.000000E+01}}
}
{@BLOCK|re7|00
{@A-RES|0|+5.080619E+04{@LIM3|+5.100000E+04|+5.406000E+04|+4.794000E+04}}
}
{@BLOCK|re8|00
{@A-RES|0|+3.298636E+04{@LIM3|+3.300000E+04|+3.498000E+04|+3.102000E+04}}
}
{@BLOCK|qc1%qf1|00
{@A-NFE|0|+8.861677E+01{@LIM2|+2.000000E+02|+2.000000E+01}}
}
{@BLOCK|qc1%qf2|00
{@A-NFE|0|+7.205567E+01{@LIM2|+2.000000E+02|+2.000000E+01}}
}
{@BLOCK|qc9|00
{@A-NFE|0|+7.603424E+01{@LIM2|+2.000000E+02|+2.000000E+01}}
}
{@BLOCK|qc10|00
{@A-NFE|0|+2.123640E+02{@LIM2|+3.500000E+02|+2.000000E+01}}
}
{@BLOCK|qc13|00
{@A-PFE|0|+4.175527E+01{@LIM2|+3.500000E+02|+2.000000E+01}}
}
{@BLOCK|qc17|00
{@A-NFE|0|+7.512033E+01{@LIM2|+2.000000E+02|+2.000000E+01}}
}
{@BLOCK|qc5|00
{@A-NFE|0|+9.702664E+01{@LIM2|+2.000000E+02|+2.000000E+01}}
}
{@BLOCK|qc6|00
{@A-NFE|0|+1.166958E+02{@LIM2|+2.000000E+02|+2.000000E+01}}
}
{@BLOCK|qc7|00
{@A-NFE|0|+1.417323E+02{@LIM2|+2.000000E+02|+2.000000E+01}}
}
{@BLOCK|qc11%qf1|00
{@A-NFE|0|+7.079591E+01{@LIM2|+2.000000E+02|+2.000000E+01}}
}
{@BLOCK|qc11%qf2|00
{@A-PFE|0|+7.192887E+01{@LIM2|+3.500000E+02|+2.000000E+01}}
}
{@BLOCK|qc18%qf1|00
{@A-NFE|0|+1.003412E+02{@LIM2|+2.000000E+02|+2.000000E+01}}
}
{@BLOCK|qc19|00
{@A-NFE|0|+7.269431E+01{@LIM2|+2.000000E+02|+2.000000E+01}}
}
{@BLOCK|qc20%qf1|00
{@A-NFE|0|+6.421947E+01{@LIM2|+2.000000E+02|+2.000000E+01}}
}
{@BLOCK|qc20%qf2|00
{@A-NFE|0|+6.070998E+01{@LIM2|+2.000000E+02|+2.000000E+01}}
}
{@BLOCK|qc24|00
{@A-NFE|0|+7.943386E+01{@LIM2|+2.000000E+02|+2.000000E+01}}
}
{@BLOCK|qc25%qf1|00
{@A-NFE|0|+3.774545E+01{@LIM2|+2.000000E+02|+2.000000E+01}}
}
{@BLOCK|qc25%qf2|00
{@A-NFE|0|+3.702105E+01{@LIM2|+3.500000E+02|+2.000000E+01}}
}
{@BLOCK|qc27|00
{@A-NFE|0|+8.339628E+01{@LIM2|+2.000000E+02|+2.000000E+01}}
}
{@BLOCK|qc28%qf2|00
{@A-NFE|0|+7.059734E+01{@LIM2|+2.000000E+02|+2.000000E+01}}
}
{@BLOCK|qc39%qf1|00
{@A-NFE|0|+7.502025E+01{@LIM2|+2.000000E+02|+2.000000E+01}}
}
{@BLOCK|qe3%qf1|00
{@A-NFE|0|+7.180055E+01{@LIM2|+2.000000E+02|+2.000000E+01}}
}
{@BLOCK|qe3%qf2|00
{@A-NFE|0|+8.813988E+01{@LIM2|+2.000000E+02|+2.000000E+01}}
}
{@BLOCK|qi801%qf1|00
{@A-NFE|0|+7.916843E+01{@LIM2|+2.000000E+02|+2.000000E+01}}
}
{@BLOCK|qi801%qf2|00
{@A-NFE|0|+7.727383E+01{@LIM2|+2.000000E+02|+2.000000E+01}}
}
{@BLOCK|qu1|00
{@A-NFE|0|+6.666538E+01{@LIM2|+2.000000E+02|+2.000000E+01}}
}
{@BLOCK|qu2|00
{@A-NFE|0|+6.694813E+01{@LIM2|+2.000000E+02|+2.000000E+01}}
}
{@BLOCK|qu601|00
{@A-NFE|0|+7.353575E+01{@LIM2|+2.000000E+02|+2.000000E+01}}
}
{@BLOCK|qu602|00
{@A-NFE|0|+7.399253E+01{@LIM2|+2.000000E+02|+2.000000E+01}}
}
{@BLOCK|qv150%qf1|00
{@A-NFE|0|+6.502387E+01{@LIM2|+2.000000E+02|+2.000000E+01}}
}
{@BLOCK|qv150%qf2|00
{@A-NFE|0|+6.526353E+01{@LIM2|+2.000000E+02|+2.000000E+01}}
}
{@BLOCK|qv500|00
{@A-NFE|0|+4.326500E+01{@LIM2|+2.000000E+02|+2.000000E+01}}
}
{@BLOCK|qv501|00
{@A-NFE|0|+2.894042E+01{@LIM2|+2.000000E+02|+2.000000E+01}}
}
{@BLOCK|qv502|00
{@A-NFE|0|+1.779594E+01{@LIM2|+2.000000E+02|+1.000000E+01}}
}
{@BLOCK|pq5303%qf|00
{@A-PFE|0|+8.000022E+01{@LIM2|+2.000000E+02|+2.000000E+01}}
}
{@BLOCK|da3|00
{@A-DIO|0|+4.690080E-01{@LIM2|+8.000000E-01|+4.000000E-01}}
}
{@BLOCK|da400|00
{@A-DIO|0|+5.738429E-01{@LIM2|+8.000000E-01|+4.000000E-01}}
}
{@BLOCK|da401|00
{@A-DIO|0|+5.735790E-01{@LIM2|+8.000000E-01|+4.000000E-01}}
}
{@BLOCK|da403|00
{@A-DIO|0|+6.992374E-01{@LIM2|+8.000000E-01|+4.000000E-01}}
}
{@BLOCK|da405|00
{@A-DIO|0|+5.475576E-01{@LIM2|+8.000000E-01|+4.000000E-01}}
}
{@BLOCK|da406|00
{@A-DIO|0|+5.953779E-01{@LIM2|+8.000000E-01|+4.000000E-01}}
}
{@BLOCK|de2|00
{@A-DIO|0|+5.217137E-01{@LIM2|+8.000000E-01|+4.000000E-01}}
}
{@BLOCK|de3|00
{@A-DIO|0|+4.649044E-01{@LIM2|+9.000000E-01|+4.000000E-01}}
}
{@BLOCK|dr1|00
{@A-DIO|0|+4.625961E-01{@LIM2|+8.000000E-01|+4.000000E-01}}
}
{@BLOCK|dr2|00
{@A-DIO|0|+4.771725E-01{@LIM2|+8.000000E-01|+4.000000E-01}}
}
{@BLOCK|du1|00
{@A-DIO|0|+4.540513E-01{@LIM2|+8.000000E-01|+4.000000E-01}}
}
{@BLOCK|du2|00
{@A-DIO|0|+5.143047E-01{@LIM2|+8.000000E-01|+4.000000E-01}}
}
{@BLOCK|du908|00
{@A-DIO|0|+6.252870E-01{@LIM2|+8.000000E-01|+4.000000E-01}}
}
{@BLOCK|du909|00
{@A-DIO|0|+6.260137E-01{@LIM2|+8.000000E-01|+4.000000E-01}}
}
{@BLOCK|du910%cr1|00
{@A-DIO|0|+6.831222E-01{@LIM2|+8.000000E-01|+4.000000E-01}}
}
{@BLOCK|du911%cr1|00
{@A-DIO|0|+6.827802E-01{@LIM2|+8.000000E-01|+4.000000E-01}}
}
{@BLOCK|du912%cr1|00
{@A-DIO|0|+6.540550E-01{@LIM2|+8.000000E-01|+4.000000E-01}}
}
{@BLOCK|du913%cr1|00
{@A-DIO|0|+7.193707E-01{@LIM2|+8.000000E-01|+4.000000E-01}}
}
{@BLOCK|du915|00
{@A-DIO|0|+6.283219E-01{@LIM2|+8.000000E-01|+4.000000E-01}}
}
{@BLOCK|du916%cr1|00
{@A-DIO|0|+6.363154E-01{@LIM2|+8.000000E-01|+4.000000E-01}}
}
{@BLOCK|du918%cr1|00
{@A-DIO|0|+7.005198E-01{@LIM2|+8.000000E-01|+4.000000E-01}}
}
{@BLOCK|du920%cr1|00
{@A-DIO|0|+6.350331E-01{@LIM2|+8.000000E-01|+4.000000E-01}}
}
{@BLOCK|du921|00
{@A-DIO|0|+5.825838E-01{@LIM2|+8.000000E-01|+4.000000E-01}}
}
{@BLOCK|dv152|00
{@A-DIO|0|+4.380172E-01{@LIM2|+8.000000E-01|+4.000000E-01}}
}
{@BLOCK|dv153|00
{@A-DIO|0|+4.396843E-01{@LIM2|+8.000000E-01|+4.000000E-01}}
}
{@BLOCK|pd121|00
{@A-DIO|0|+6.856015E-01{@LIM2|+8.000000E-01|+4.000000E-01}}
}
{@BLOCK|pd123|00
{@A-DIO|0|+6.829512E-01{@LIM2|+8.000000E-01|+4.000000E-01}}
}
{@BLOCK|du1000%cr1|00
{@A-DIO|0|+5.312888E-01{@LIM2|+8.000000E-01|+4.000000E-01}}
}
{@BLOCK|du1000%cr2|00
{@A-DIO|0|+5.282111E-01{@LIM2|+8.000000E-01|+4.000000E-01}}
}
{@BLOCK|du1001%cr1|00
{@A-DIO|0|+6.284074E-01{@LIM2|+8.000000E-01|+4.000000E-01}}
}
{@BLOCK|du1001%cr2|00
{@A-DIO|0|+6.275098E-01{@LIM2|+8.000000E-01|+4.000000E-01}}
}
{@BLOCK|dv501%cr1|00
{@A-DIO|0|+6.748671E-01{@LIM2|+8.000000E-01|+4.000000E-01}}
}
{@BLOCK|dv501%cr2|00
{@A-DIO|0|+6.646132E-01{@LIM2|+8.000000E-01|+4.000000E-01}}
}
{@BLOCK|dv501%cr4|00
{@A-DIO|0|+1.694588E+00{@LIM2|+2.200000E+00|+1.200000E+00}}
}
{@BLOCK|dv501%cr5|00
{@A-DIO|0|+1.489514E+00{@LIM2|+2.200000E+00|+1.200000E+00}}
}
{@BLOCK|ue2%cr|00
{@A-DIO|0|+5.582187E-01{@LIM2|+8.000000E-01|+4.000000E-01}}
}
{@BLOCK|led1%cr_org|00
{@A-DIO|0|+3.193500E+00{@LIM2|+4.000000E+00|+3.000000E+00}}
}
{@BLOCK|led1%cr_whi|00
{@A-DIO|0|+2.055014E+00{@LIM2|+2.350000E+00|+1.350000E+00}}
}
{@BLOCK|du3|00
{@A-DIO|0|+6.148282E-01{@LIM2|+8.000000E-01|+4.000000E-01}}
}
{@BLOCK|du914%ds|00
{@A-DIO|0|+4.540513E-01{@LIM2|+8.000000E-01|+4.000000E-01}}
}
{@BLOCK|du917%ds|00
{@A-DIO|0|+5.000415E-01{@LIM2|+8.000000E-01|+4.000000E-01}}
}
{@BLOCK|du1002|00
{@A-DIO|0|+5.398515E-01{@LIM2|+8.000000E-01|+4.000000E-01}}
}
{@BLOCK|qc32%qf1|00
{@A-NFE|0|+6.445067E+01{@LIM2|+2.000000E+02|+2.000000E+01}}
}
{@BLOCK|qc32%qf2|00
{@A-PFE|0|+4.258538E+01{@LIM2|+2.000000E+02|+2.000000E+01}}
}
{@BLOCK|qc35|00
{@A-NFE|0|+8.570047E+01{@LIM2|+2.000000E+02|+2.000000E+01}}
}
{@BLOCK|qi100|00
{@A-NFE|0|+7.938021E+01{@LIM2|+2.000000E+02|+2.000000E+01}}
}
{@BLOCK|da1|00
{@A-DIO|0|+4.746382E-01{@LIM2|+8.000000E-01|+4.000000E-01}}
}
{@BLOCK|da2|00
{@A-DIO|0|+4.563911E-01{@LIM2|+8.000000E-01|+4.000000E-01}}
}
{@BLOCK|dc1|00
{@A-DIO|0|+4.678522E-01{@LIM2|+8.000000E-01|+4.000000E-01}}
}
}}