{@BATCH|e14_gen7||4094|1||btest|050429134857~16|ICT0265\engineer|ICT0265|C:/Agilent_ICT/boards/e14_gen7|RevA|sb21t16730_sc88||sb21t16730_sc88
{@BTEST|6483002208|00|050429154255|000017|0|all||n||050429154312||1
{@BLOCK|ca2|00
{@A-CAP|0|+5.893263E-06{@LIM3|+7.802000E-06|+1.326340E-05|+2.340600E-06}}
}
{@BLOCK|cc5|00
{@A-CAP|0|+9.044065E-08{@LIM3|+1.000000E-07|+1.300000E-07|+7.000000E-08}}
}
{@BLOCK|ci209|00
{@A-CAP|0|+7.492964E-05{@LIM3|+7.760000E-05|+1.319200E-04|+2.326929E-05}}
}
{@BLOCK|cc1|00
{@A-CAP|0|+8.354294E-08{@LIM3|+7.000000E-08|+1.050000E-07|+3.500000E-08}}
}
{@BLOCK|cc12|00
{@A-CAP|0|+2.155888E-06{@LIM3|+2.100000E-06|+3.360000E-06|+8.400000E-07}}
}
{@BLOCK|cc46|00
{@A-CAP|0|+8.319792E-05{@LIM3|+7.010000E-05|+9.113000E-05|+4.907000E-05}}
}
{@BLOCK|cc31|00
{@A-CAP|0|+1.118927E-07{@LIM3|+1.000000E-07|+1.300000E-07|+8.000000E-08}}
}
{@BLOCK|cd4|00
{@A-CAP|0|+8.697987E-05{@LIM3|+9.120000E-05|+1.185600E-04|+6.384000E-05}}
}
{@BLOCK|ce2|00
{@A-CAP|0|+9.262286E-08{@LIM3|+8.000000E-08|+1.120000E-07|+4.800000E-08}}
}
{@BLOCK|pc6204|00
{@A-CAP|0|+5.732882E-06{@LIM3|+5.401000E-06|+7.021300E-06|+3.780700E-06}}
}
{@BLOCK|ce23|00
{@A-CAP|0|+8.883288E-08{@LIM3|+1.000000E-07|+1.300000E-07|+7.000000E-08}}
}
{@BLOCK|ce24|00
{@A-CAP|0|+1.102068E-07{@LIM3|+1.000000E-07|+1.250000E-07|+8.000000E-08}}
}
{@BLOCK|ci105|00
{@A-CAP|0|+1.014029E-05{@LIM3|+1.020000E-05|+1.326000E-05|+7.140000E-06}}
}
{@BLOCK|ci208|00
{@A-CAP|0|+8.288630E-05{@LIM3|+8.721000E-05|+1.133730E-04|+6.103497E-05}}
}
{@BLOCK|pc6237|00
{@A-CAP|0|+2.775204E-04{@LIM3|+2.927000E-04|+3.805100E-04|+2.044849E-04}}
}
{@BLOCK|ce20|00
{@A-CAP|0|+1.144986E-09{@LIM3|+1.000000E-09|+1.200000E-09|+8.000000E-10}}
}
{@BLOCK|cn5|00
{@A-CAP|0|+2.176937E-05{@LIM3|+2.230000E-05|+2.899000E-05|+1.561000E-05}}
}
{@BLOCK|cu693|00
{@A-CAP|0|+1.048570E-05{@LIM3|+9.720000E-06|+1.263600E-05|+6.804000E-06}}
}
{@BLOCK|cr10|00
{@A-CAP|0|+5.826793E-06{@LIM3|+5.800000E-06|+7.540000E-06|+4.060000E-06}}
}
{@BLOCK|cu25|00
{@A-CAP|0|+9.047748E-06{@LIM3|+1.040100E-05|+1.248120E-05|+8.320800E-06}}
}
{@BLOCK|cu620|00
{@A-CAP|0|+8.491572E-05{@LIM3|+8.450000E-05|+1.098500E-04|+5.915000E-05}}
}
{@BLOCK|cu648|00
{@A-CAP|0|+3.128542E-05{@LIM3|+2.886000E-05|+3.896100E-05|+1.875900E-05}}
}
{@BLOCK|pc1921|00
{@A-CAP|0|+1.620477E-04{@LIM3|+1.537000E-04|+1.998100E-04|+1.075688E-04}}
}
{@BLOCK|cu1003|00
{@A-CAP|0|+1.477379E-04{@LIM3|+1.501000E-04|+1.951300E-04|+1.049285E-04}}
}
{@BLOCK|cv175|00
{@A-CAP|0|+9.154598E-07{@LIM3|+1.100000E-06|+1.430000E-06|+7.700000E-07}}
}
{@BLOCK|cv180|00
{@A-CAP|0|+7.836945E-08{@LIM3|+9.000000E-08|+1.530000E-07|+2.700000E-08}}
}
{@BLOCK|cv183|00
{@A-CAP|0|+9.654828E-08{@LIM3|+1.000000E-07|+1.300000E-07|+7.000000E-08}}
}
{@BLOCK|cv529|00
{@A-CAP|0|+4.229298E-05{@LIM3|+3.513000E-05|+4.566900E-05|+2.459100E-05}}
}
{@BLOCK|cv534|00
{@A-CAP|0|+1.103137E-07{@LIM3|+1.010000E-07|+1.313000E-07|+7.070000E-08}}
}
{@BLOCK|pc1401|00
{@A-CAP|0|+1.625094E-03{@LIM3|+1.620000E-03|+2.106000E-03|+1.130638E-03}}
}
{@BLOCK|pc1014|00
{@A-CAP|0|+1.184707E-07{@LIM3|+1.000000E-07|+1.350000E-07|+6.500000E-08}}
}
{@BLOCK|pc5398|00
{@A-CAP|0|+1.898939E-04{@LIM3|+1.968700E-04|+2.559310E-04|+1.377681E-04}}
}
{@BLOCK|pc5310|00
{@A-CAP|0|+9.124891E-05{@LIM3|+1.001420E-04|+1.301846E-04|+7.009940E-05}}
}
{@BLOCK|pc5360|00
{@A-CAP|0|+1.116850E-05{@LIM3|+1.001100E-05|+1.301430E-05|+7.007700E-06}}
}
{@BLOCK|pc6212|00
{@A-CAP|0|+9.905908E-08{@LIM3|+1.000000E-07|+1.300000E-07|+7.000000E-08}}
}
{@BLOCK|pc6511|00
{@A-CAP|0|+1.205461E-07{@LIM3|+1.000000E-07|+1.700000E-07|+3.000000E-08}}
}
{@BLOCK|ca12|00
{@A-CAP|0|+2.200881E-06{@LIM3|+2.200000E-06|+2.860000E-06|+1.540000E-06}}
}
{@BLOCK|ca13|00
{@A-CAP|0|+2.246686E-06{@LIM3|+2.200000E-06|+2.860000E-06|+1.540000E-06}}
}
{@BLOCK|ca30|00
{@A-CAP|0|+2.659066E-06{@LIM3|+2.900000E-06|+4.930000E-06|+8.700000E-07}}
}
{@BLOCK|ca414|00
{@A-CAP|0|+2.384977E-06{@LIM3|+2.200000E-06|+2.860000E-06|+1.540000E-06}}
}
{@BLOCK|cu600|00
{@A-CAP|0|+2.108796E-06{@LIM3|+2.200000E-06|+3.740000E-06|+6.600000E-07}}
}
{@BLOCK|cu602|00
{@A-CAP|0|+2.401555E-06{@LIM3|+2.200000E-06|+2.860000E-06|+1.540000E-06}}
}
{@BLOCK|cu632|00
{@A-CAP|0|+8.983397E-05{@LIM3|+8.660000E-05|+1.125800E-04|+6.062000E-05}}
}
{@BLOCK|cu640|00
{@A-CAP|0|+2.113576E-06{@LIM3|+2.200000E-06|+2.860000E-06|+1.540000E-06}}
}
{@BLOCK|cu641|00
{@A-CAP|0|+1.389079E-05{@LIM3|+1.220000E-05|+1.586000E-05|+8.540000E-06}}
}
{@BLOCK|ce13|00
{@A-CAP|0|+1.089946E-06{@LIM3|+1.000000E-06|+1.300000E-06|+7.000000E-07}}
}
{@BLOCK|cu5|00
{@A-CAP|0|+1.111686E-05{@LIM3|+1.100000E-05|+1.650000E-05|+5.500000E-06}}
}
{@BLOCK|pc105|00
{@A-CAP|0|+1.141148E-06{@LIM3|+1.000000E-06|+1.350000E-06|+7.000000E-07}}
}
{@BLOCK|pc1708|00
{@A-CAP|0|+1.004686E-03{@LIM3|+1.124000E-03|+1.461200E-03|+7.844677E-04}}
}
{@BLOCK|cr37|00
{@A-CAP|0|+1.035429E-05{@LIM3|+1.100000E-05|+1.870000E-05|+3.300000E-06}}
}
{@BLOCK|cu1|00
{@A-CAP|0|+1.126304E-05{@LIM3|+1.000000E-05|+1.300000E-05|+7.000000E-06}}
}
{@BLOCK|ca417|00
{@A-CAP|0|+8.571599E-10{@LIM3|+7.800000E-10|+1.053000E-09|+5.070000E-10}}
}
{@BLOCK|ca412|00
{@A-CAP|0|+9.321382E-10{@LIM3|+7.800000E-10|+1.053000E-09|+5.070000E-10}}
}
{@BLOCK|ca407|00
{@A-CAP|0|+1.730526E-09{@LIM3|+1.500000E-09|+2.025000E-09|+9.750000E-10}}
}
{@BLOCK|ca408|00
{@A-CAP|0|+1.782234E-09{@LIM3|+1.500000E-09|+2.025000E-09|+9.750000E-10}}
}
{@BLOCK|ca410|00
{@A-CAP|0|+1.769011E-09{@LIM3|+1.500000E-09|+2.025000E-09|+9.750000E-10}}
}
{@BLOCK|ca409|00
{@A-CAP|0|+1.710521E-09{@LIM3|+1.500000E-09|+2.025000E-09|+9.750000E-10}}
}
{@BLOCK|ce19|00
{@A-CAP|0|+1.100686E-09{@LIM3|+1.000000E-09|+1.177000E-09|+8.000000E-10}}
}
{@BLOCK|cr5|00
{@A-CAP|0|+1.388401E-09{@LIM3|+1.300000E-09|+1.755000E-09|+8.450000E-10}}
}
{@BLOCK|cr24|00
{@A-CAP|0|+1.395457E-09{@LIM3|+1.300000E-09|+1.755000E-09|+8.450000E-10}}
}
{@BLOCK|cr27|00
{@A-CAP|0|+1.408484E-09{@LIM3|+1.300000E-09|+1.755000E-09|+8.450000E-10}}
}
{@BLOCK|cr43|00
{@A-CAP|0|+1.367368E-09{@LIM3|+1.300000E-09|+1.755000E-09|+8.450000E-10}}
}
{@BLOCK|cr49|00
{@A-CAP|0|+1.411266E-09{@LIM3|+1.300000E-09|+1.755000E-09|+8.450000E-10}}
}
{@BLOCK|cu619|00
{@A-CAP|0|+1.401699E-09{@LIM3|+1.300000E-09|+1.755000E-09|+8.450000E-10}}
}
{@BLOCK|cu2|00
{@A-CAP|0|+3.999018E-10{@LIM3|+4.300000E-10|+5.805000E-10|+2.795000E-10}}
}
{@BLOCK|cu3|00
{@A-CAP|0|+4.578525E-10{@LIM3|+4.300000E-10|+5.805000E-10|+2.795000E-10}}
}
{@BLOCK|cu18|00
{@A-CAP|0|+4.396441E-10{@LIM3|+4.300000E-10|+5.805000E-10|+2.795000E-10}}
}
{@BLOCK|cu19|00
{@A-CAP|0|+4.326886E-10{@LIM3|+4.300000E-10|+5.805000E-10|+2.795000E-10}}
}
{@BLOCK|pr1011|00
{@A-RES|0|+3.214928E+04{@LIM3|+3.220300E+04|+4.347405E+04|+2.093195E+04}}
}
{@BLOCK|pr1003|00
{@A-RES|0|+3.231100E+04{@LIM3|+3.220300E+04|+4.025375E+04|+2.415225E+04}}
}
{@BLOCK|pr1004|00
{@A-RES|0|+3.213020E+04{@LIM3|+3.020300E+04|+3.775375E+04|+2.265225E+04}}
}
{@BLOCK|pr6218|00
{@A-RES|0|+1.003812E+05{@LIM3|+1.000000E+05|+1.110000E+05|+8.900000E+04}}
}
{@BLOCK|pr6220|00
{@A-RES|0|+1.006224E+05{@LIM3|+1.000000E+05|+1.110000E+05|+8.900000E+04}}
}
{@BLOCK|pt121|00
{@A-RES|0|+1.004436E+05{@LIM3|+1.000000E+05|+1.500000E+05|+5.000000E+04}}
}
{@BLOCK|cr52|00
{@A-CAP|0|+9.604054E-08{@LIM3|+1.000000E-07|+1.200000E-07|+8.000000E-08}}
}
{@BLOCK|cv177|00
{@A-CAP|0|+9.713582E-08{@LIM3|+1.000000E-07|+1.200000E-07|+8.000000E-08}}
}
{@BLOCK|cs205|00
{@A-CAP|0|+2.301066E-09{@LIM3|+2.200000E-09|+2.860000E-09|+1.540000E-09}}
}
{@BLOCK|pc6247|00
{@A-CAP|0|+3.770690E-10{@LIM3|+3.300000E-10|+4.455000E-10|+2.145000E-10}}
}
{@BLOCK|ph1004|00
{@A-RES|0|+9.862107E+03{@LIM3|+1.000000E+04|+1.500000E+04|+5.000000E+03}}
}
{@BLOCK|ph1005|00
{@A-RES|0|+9.465163E+03{@LIM3|+1.000000E+04|+1.500000E+04|+5.000000E+03}}
}
{@BLOCK|pr1034|00
{@A-RES|0|+1.001295E+04{@LIM3|+1.000000E+04|+1.060000E+04|+9.400000E+03}}
}
{@BLOCK|pr1046|00
{@A-RES|0|+1.003790E+04{@LIM3|+1.000000E+04|+1.060000E+04|+9.400000E+03}}
}
{@BLOCK|ru30|00
{@A-RES|0|+9.525268E+04{@LIM3|+1.000000E+05|+1.110000E+05|+8.900000E+04}}
}
{@BLOCK|ru32|00
{@A-RES|0|+9.488573E+04{@LIM3|+1.000000E+05|+1.110000E+05|+8.900000E+04}}
}
{@BLOCK|pr1053|00
{@A-RES|0|+3.914310E+03{@LIM3|+4.110000E+03|+5.754000E+03|+2.466000E+03}}
}
{@BLOCK|pr104|00
{@A-RES|0|+9.982094E+03{@LIM3|+1.000000E+04|+1.060000E+04|+9.400000E+03}}
}
{@BLOCK|pr122|00
{@A-RES|0|+1.000005E+04{@LIM3|+1.000000E+04|+1.060000E+04|+9.400000E+03}}
}
{@BLOCK|re5|00
{@A-RES|0|+1.003032E+04{@LIM3|+1.000000E+04|+1.060000E+04|+9.400000E+03}}
}
{@BLOCK|pr101|00
{@A-RES|0|+1.987810E+04{@LIM3|+2.000000E+04|+2.200000E+04|+1.800000E+04}}
}
{@BLOCK|pr1908|00
{@A-RES|0|+9.650004E+05{@LIM3|+1.000000E+06|+1.250000E+06|+7.500000E+05}}
}
{@BLOCK|pq6205%qf1|00
{@A-NFE|0|+8.642190E+01{@LIM2|+2.000000E+02|+2.000000E+01}}
}
{@BLOCK|rc190|00
{@A-RES|0|+9.821898E+05{@LIM3|+1.000000E+06|+1.250000E+06|+7.500000E+05}}
}
{@BLOCK|pr106|00
{@A-RES|0|+9.971993E+03{@LIM3|+1.000000E+04|+1.100000E+04|+9.000000E+03}}
}
{@BLOCK|qa2|00
{@A-NFE|0|+7.920401E+01{@LIM2|+2.000000E+02|+2.000000E+01}}
}
{@BLOCK|rc8|00
{@A-RES|0|+9.855113E+03{@LIM3|+1.000000E+04|+1.100000E+04|+9.000000E+03}}
}
{@BLOCK|rc9|00
{@A-RES|0|+9.958019E+03{@LIM3|+1.000000E+04|+1.100000E+04|+9.000000E+03}}
}
{@BLOCK|rc12|00
{@A-RES|0|+1.006644E+04{@LIM3|+1.000000E+04|+1.100000E+04|+9.000000E+03}}
}
{@BLOCK|rc14|00
{@A-RES|0|+1.014863E+04{@LIM3|+1.000000E+04|+1.100000E+04|+9.000000E+03}}
}
{@BLOCK|pr1059|00
{@A-RES|0|+1.002876E+04{@LIM3|+1.000000E+04|+1.060000E+04|+9.400000E+03}}
}
{@BLOCK|rc109|00
{@A-RES|0|+1.979595E+04{@LIM3|+2.000000E+04|+2.200000E+04|+1.800000E+04}}
}
{@BLOCK|rc110|00
{@A-RES|0|+1.998182E+04{@LIM3|+2.000000E+04|+2.200000E+04|+1.800000E+04}}
}
{@BLOCK|ra20|00
{@A-RES|0|+9.731748E+03{@LIM3|+1.000000E+04|+1.400000E+04|+5.000000E+03}}
}
{@BLOCK|rc36|00
{@A-RES|0|+1.066126E+04{@LIM3|+1.000000E+04|+1.100000E+04|+9.000000E+03}}
}
{@BLOCK|rc72|00
{@A-RES|0|+9.860860E+03{@LIM3|+1.000000E+04|+1.100000E+04|+9.000000E+03}}
}
{@BLOCK|rc76|00
{@A-RES|0|+9.806136E+03{@LIM3|+1.000000E+04|+1.100000E+04|+9.000000E+03}}
}
{@BLOCK|rc121|00
{@A-RES|0|+9.783528E+03{@LIM3|+1.000000E+04|+1.100000E+04|+9.000000E+03}}
}
{@BLOCK|rc15|00
{@A-RES|0|+9.893559E+03{@LIM3|+1.000000E+04|+1.100000E+04|+9.000000E+03}}
}
{@BLOCK|rc34|00
{@A-RES|0|+9.933732E+03{@LIM3|+1.000000E+04|+1.100000E+04|+9.000000E+03}}
}
{@BLOCK|rc35|00
{@A-RES|0|+1.010983E+04{@LIM3|+1.000000E+04|+1.100000E+04|+9.000000E+03}}
}
{@BLOCK|rc37|00
{@A-RES|0|+9.889825E+03{@LIM3|+1.000000E+04|+1.100000E+04|+9.000000E+03}}
}
{@BLOCK|rc38|00
{@A-RES|0|+1.004798E+04{@LIM3|+1.000000E+04|+1.100000E+04|+9.000000E+03}}
}
{@BLOCK|rc42|00
{@A-RES|0|+1.020442E+04{@LIM3|+1.000000E+04|+1.100000E+04|+9.000000E+03}}
}
{@BLOCK|rc44|00
{@A-RES|0|+1.001656E+04{@LIM3|+1.000000E+04|+1.100000E+04|+9.000000E+03}}
}
{@BLOCK|rc127|00
{@A-RES|0|+9.863775E+03{@LIM3|+1.000000E+04|+1.100000E+04|+9.000000E+03}}
}
{@BLOCK|rc142|00
{@A-RES|0|+1.004492E+04{@LIM3|+1.000000E+04|+1.100000E+04|+9.000000E+03}}
}
{@BLOCK|rc149|00
{@A-RES|0|+9.985821E+03{@LIM3|+1.000000E+04|+1.100000E+04|+9.000000E+03}}
}
{@BLOCK|rc225|00
{@A-RES|0|+1.013913E+04{@LIM3|+1.000000E+04|+1.100000E+04|+9.000000E+03}}
}
{@BLOCK|rc246|00
{@A-RES|0|+1.020234E+04{@LIM3|+1.000000E+04|+1.100000E+04|+9.000000E+03}}
}
{@BLOCK|rc247|00
{@A-RES|0|+9.880431E+03{@LIM3|+1.000000E+04|+1.100000E+04|+9.000000E+03}}
}
{@BLOCK|rc251|00
{@A-RES|0|+9.024574E+03{@LIM3|+1.000000E+04|+1.100000E+04|+7.800000E+03}}
}
{@BLOCK|rc257|00
{@A-RES|0|+9.132316E+03{@LIM3|+1.000000E+04|+1.100000E+04|+8.000000E+03}}
}
{@BLOCK|rc314|00
{@A-RES|0|+1.003978E+04{@LIM3|+1.000000E+04|+1.100000E+04|+9.000000E+03}}
}
{@BLOCK|rc180|00
{@A-RES|0|+9.959607E+03{@LIM3|+1.000000E+04|+1.100000E+04|+9.000000E+03}}
}
{@BLOCK|rc239|00
{@A-RES|0|+9.926714E+03{@LIM3|+1.000000E+04|+1.100000E+04|+9.000000E+03}}
}
{@BLOCK|rc260|00
{@A-RES|0|+9.581402E+03{@LIM3|+1.000000E+04|+1.100000E+04|+9.000000E+03}}
}
{@BLOCK|rc266|00
{@A-RES|0|+9.856190E+03{@LIM3|+1.000000E+04|+1.100000E+04|+9.000000E+03}}
}
{@BLOCK|rc283|00
{@A-RES|0|+9.625224E+03{@LIM3|+1.000000E+04|+1.100000E+04|+9.000000E+03}}
}
{@BLOCK|rd4|00
{@A-RES|0|+9.885321E+03{@LIM3|+1.000000E+04|+1.100000E+04|+9.000000E+03}}
}
{@BLOCK|re41|00
{@A-RES|0|+1.003897E+04{@LIM3|+1.000000E+04|+1.100000E+04|+9.000000E+03}}
}
{@BLOCK|re63|00
{@A-RES|0|+1.001535E+04{@LIM3|+1.000000E+04|+1.100000E+04|+9.000000E+03}}
}
{@BLOCK|rd2|00
{@A-RES|0|+9.998619E+03{@LIM3|+1.000000E+04|+1.100000E+04|+9.000000E+03}}
}
{@BLOCK|re19|00
{@A-RES|0|+1.020613E+04{@LIM3|+1.000000E+04|+1.100000E+04|+9.000000E+03}}
}
{@BLOCK|re30|00
{@A-RES|0|+9.690712E+03{@LIM3|+1.000000E+04|+1.100000E+04|+8.500000E+03}}
}
{@BLOCK|re51|00
{@A-RES|0|+9.937591E+03{@LIM3|+1.000000E+04|+1.100000E+04|+9.000000E+03}}
}
{@BLOCK|re64|00
{@A-RES|0|+9.867934E+03{@LIM3|+1.000000E+04|+1.100000E+04|+9.000000E+03}}
}
{@BLOCK|re283|00
{@A-RES|0|+1.030400E+04{@LIM3|+1.000000E+04|+1.100000E+04|+9.000000E+03}}
}
{@BLOCK|ri102|00
{@A-RES|0|+9.866894E+03{@LIM3|+1.000000E+04|+1.100000E+04|+9.000000E+03}}
}
{@BLOCK|ri812|00
{@A-RES|0|+9.867153E+03{@LIM3|+1.000000E+04|+1.100000E+04|+9.000000E+03}}
}
{@BLOCK|rn2|00
{@A-RES|0|+1.007664E+04{@LIM3|+1.000000E+04|+1.100000E+04|+9.000000E+03}}
}
{@BLOCK|rn6|00
{@A-RES|0|+1.021853E+04{@LIM3|+1.000000E+04|+1.100000E+04|+9.000000E+03}}
}
{@BLOCK|rn10|00
{@A-RES|0|+1.009185E+04{@LIM3|+1.000000E+04|+1.100000E+04|+9.000000E+03}}
}
{@BLOCK|rn11|00
{@A-RES|0|+9.966155E+03{@LIM3|+1.000000E+04|+1.100000E+04|+9.000000E+03}}
}
{@BLOCK|ru4|00
{@A-RES|0|+1.006635E+04{@LIM3|+1.000000E+04|+1.100000E+04|+9.000000E+03}}
}
{@BLOCK|ru5|00
{@A-RES|0|+1.045591E+04{@LIM3|+1.000000E+04|+1.100000E+04|+9.000000E+03}}
}
{@BLOCK|ru9|00
{@A-RES|0|+9.859474E+03{@LIM3|+1.000000E+04|+1.100000E+04|+9.000000E+03}}
}
{@BLOCK|ru10|00
{@A-RES|0|+9.975168E+03{@LIM3|+1.000000E+04|+1.100000E+04|+9.000000E+03}}
}
{@BLOCK|ru613|00
{@A-RES|0|+1.037358E+04{@LIM3|+1.000000E+04|+1.200000E+04|+9.000000E+03}}
}
{@BLOCK|ru624|00
{@A-RES|0|+1.009076E+04{@LIM3|+1.000000E+04|+1.100000E+04|+9.000000E+03}}
}
{@BLOCK|ru655|00
{@A-RES|0|+1.004690E+04{@LIM3|+1.000000E+04|+1.100000E+04|+9.000000E+03}}
}
{@BLOCK|ru656|00
{@A-RES|0|+9.895575E+03{@LIM3|+1.000000E+04|+1.100000E+04|+9.000000E+03}}
}
{@BLOCK|rv175|00
{@A-RES|0|+9.832108E+03{@LIM3|+1.000000E+04|+1.100000E+04|+9.000000E+03}}
}
{@BLOCK|pr121|00
{@A-RES|0|+1.651805E+04{@LIM3|+1.650000E+04|+1.749000E+04|+1.551000E+04}}
}
{@BLOCK|pr1809|00
{@A-RES|0|+9.828348E+04{@LIM3|+1.000000E+05|+1.150000E+05|+8.500000E+04}}
}
{@BLOCK|pr6215|00
{@A-RES|0|+9.828029E+04{@LIM3|+1.000000E+05|+1.150000E+05|+8.500000E+04}}
}
{@BLOCK|ri111|00
{@A-RES|0|+1.006866E+04{@LIM3|+1.000000E+04|+1.100000E+04|+9.000000E+03}}
}
{@BLOCK|ri814|00
{@A-RES|0|+1.012606E+04{@LIM3|+1.000000E+04|+1.100000E+04|+9.000000E+03}}
}
{@BLOCK|ri815|00
{@A-RES|0|+1.002018E+04{@LIM3|+1.000000E+04|+1.100000E+04|+9.000000E+03}}
}
{@BLOCK|rk9|00
{@A-RES|0|+9.912001E+03{@LIM3|+1.000000E+04|+1.100000E+04|+9.000000E+03}}
}
{@BLOCK|rk10|00
{@A-RES|0|+9.998780E+03{@LIM3|+1.000000E+04|+1.100000E+04|+9.000000E+03}}
}
{@BLOCK|rr29|00
{@A-RES|0|+1.025611E+04{@LIM3|+1.000000E+04|+1.100000E+04|+9.000000E+03}}
}
{@BLOCK|rr30|00
{@A-RES|0|+9.767860E+03{@LIM3|+1.000000E+04|+1.100000E+04|+9.000000E+03}}
}
{@BLOCK|pu121%ra|00
{@A-RES|0|+9.575451E+04{@LIM3|+1.000000E+05|+1.500000E+05|+5.000000E+04}}
}
{@BLOCK|ra1|00
{@A-RES|0|+9.842184E+04{@LIM3|+1.000000E+05|+1.150000E+05|+8.500000E+04}}
}
{@BLOCK|ra5|00
{@A-RES|0|+5.111865E+03{@LIM3|+5.110000E+03|+5.416600E+03|+4.803400E+03}}
}
{@BLOCK|rc75|00
{@A-RES|0|+1.017789E+05{@LIM3|+1.000000E+05|+1.150000E+05|+8.500000E+04}}
}
{@BLOCK|rc86|00
{@A-RES|0|+9.518487E+04{@LIM3|+1.000000E+05|+1.150000E+05|+8.500000E+04}}
}
{@BLOCK|rc96|00
{@A-RES|0|+9.278768E+04{@LIM3|+1.000000E+05|+1.150000E+05|+8.500000E+04}}
}
{@BLOCK|rc97|00
{@A-RES|0|+9.274794E+04{@LIM3|+1.000000E+05|+1.150000E+05|+8.500000E+04}}
}
{@BLOCK|rc186|00
{@A-RES|0|+9.760699E+04{@LIM3|+1.000000E+05|+1.150000E+05|+8.500000E+04}}
}
{@BLOCK|rc187|00
{@A-RES|0|+9.682943E+04{@LIM3|+1.000000E+05|+1.150000E+05|+8.500000E+04}}
}
{@BLOCK|rb22|00
{@A-RES|0|+9.578053E+04{@LIM3|+1.000000E+05|+1.150000E+05|+8.500000E+04}}
}
{@BLOCK|rc64|00
{@A-RES|0|+9.795482E+04{@LIM3|+1.000000E+05|+1.150000E+05|+8.500000E+04}}
}
{@BLOCK|rc73|00
{@A-RES|0|+9.728314E+04{@LIM3|+1.000000E+05|+1.150000E+05|+8.500000E+04}}
}
{@BLOCK|rc74|00
{@A-RES|0|+9.859429E+04{@LIM3|+1.000000E+05|+1.150000E+05|+8.500000E+04}}
}
{@BLOCK|rc184|00
{@A-RES|0|+9.918126E+04{@LIM3|+1.000000E+05|+1.150000E+05|+8.500000E+04}}
}
{@BLOCK|rc267|00
{@A-RES|0|+9.606222E+04{@LIM3|+1.000000E+05|+1.550000E+05|+4.500000E+04}}
}
{@BLOCK|re11|00
{@A-RES|0|+1.004775E+05{@LIM3|+1.000000E+05|+1.150000E+05|+8.500000E+04}}
}
{@BLOCK|re21|00
{@A-RES|0|+1.011660E+05{@LIM3|+1.000000E+05|+1.150000E+05|+8.500000E+04}}
}
{@BLOCK|rc188|00
{@A-RES|0|+9.527208E+04{@LIM3|+1.000000E+05|+1.150000E+05|+8.500000E+04}}
}
{@BLOCK|qc18%qf2|00
{@A-NFE|0|+6.325896E+01{@LIM2|+2.000000E+02|+2.000000E+01}}
}
{@BLOCK|rc274|00
{@A-RES|0|+9.656966E+04{@LIM3|+1.000000E+05|+1.150000E+05|+8.500000E+04}}
}
{@BLOCK|re12|00
{@A-RES|0|+9.925279E+04{@LIM3|+1.000000E+05|+1.150000E+05|+8.500000E+04}}
}
{@BLOCK|re18|00
{@A-RES|0|+1.007052E+05{@LIM3|+1.000000E+05|+1.150000E+05|+8.500000E+04}}
}
{@BLOCK|re31|00
{@A-RES|0|+1.004243E+05{@LIM3|+1.000000E+05|+1.150000E+05|+8.500000E+04}}
}
{@BLOCK|re36|00
{@A-RES|0|+1.017674E+05{@LIM3|+1.000000E+05|+1.150000E+05|+8.500000E+04}}
}
{@BLOCK|re40|00
{@A-RES|0|+9.982444E+04{@LIM3|+1.000000E+05|+1.150000E+05|+8.500000E+04}}
}
{@BLOCK|re44|00
{@A-RES|0|+9.971808E+04{@LIM3|+1.000000E+05|+1.150000E+05|+8.500000E+04}}
}
{@BLOCK|re46|00
{@A-RES|0|+9.885442E+04{@LIM3|+1.000000E+05|+1.150000E+05|+8.500000E+04}}
}
{@BLOCK|re107|00
{@A-RES|0|+9.987770E+04{@LIM3|+1.000000E+05|+1.150000E+05|+8.500000E+04}}
}
{@BLOCK|ri109|00
{@A-RES|0|+9.977123E+04{@LIM3|+1.000000E+05|+1.150000E+05|+8.500000E+04}}
}
{@BLOCK|ri304|00
{@A-RES|0|+1.129570E+05{@LIM3|+1.000000E+05|+1.150000E+05|+8.500000E+04}}
}
{@BLOCK|rn15|00
{@A-RES|0|+9.709676E+04{@LIM3|+1.000000E+05|+1.150000E+05|+8.500000E+04}}
}
{@BLOCK|rr4|00
{@A-RES|0|+1.001020E+05{@LIM3|+1.000000E+05|+1.150000E+05|+8.500000E+04}}
}
{@BLOCK|ru39|00
{@A-RES|0|+9.937925E+04{@LIM3|+1.000000E+05|+1.150000E+05|+8.500000E+04}}
}
{@BLOCK|ru40|00
{@A-RES|0|+9.931598E+04{@LIM3|+1.000000E+05|+1.150000E+05|+8.500000E+04}}
}
{@BLOCK|ru636|00
{@A-RES|0|+9.956956E+04{@LIM3|+1.000000E+05|+1.150000E+05|+8.500000E+04}}
}
{@BLOCK|ru666|00
{@A-RES|0|+1.020793E+05{@LIM3|+1.000000E+05|+1.150000E+05|+8.500000E+04}}
}
{@BLOCK|ru675|00
{@A-RES|0|+1.003864E+05{@LIM3|+1.000000E+05|+1.150000E+05|+8.500000E+04}}
}
{@BLOCK|ru679|00
{@A-RES|0|+1.004888E+05{@LIM3|+1.000000E+05|+1.150000E+05|+8.500000E+04}}
}
{@BLOCK|rv155|00
{@A-RES|0|+1.006131E+05{@LIM3|+1.000000E+05|+1.150000E+05|+8.500000E+04}}
}
{@BLOCK|rv162|00
{@A-RES|0|+1.010641E+05{@LIM3|+1.000000E+05|+1.150000E+05|+8.500000E+04}}
}
{@BLOCK|rv163|00
{@A-RES|0|+1.007703E+05{@LIM3|+1.000000E+05|+1.150000E+05|+8.500000E+04}}
}
{@BLOCK|re25|00
{@A-RES|0|+1.003107E+05{@LIM3|+1.000000E+05|+1.150000E+05|+8.500000E+04}}
}
{@BLOCK|re26|00
{@A-RES|0|+9.939352E+04{@LIM3|+1.000000E+05|+1.150000E+05|+8.500000E+04}}
}
{@BLOCK|re34|00
{@A-RES|0|+9.953756E+04{@LIM3|+1.000000E+05|+1.150000E+05|+8.500000E+04}}
}
{@BLOCK|re43|00
{@A-RES|0|+9.904272E+04{@LIM3|+1.000000E+05|+1.150000E+05|+8.500000E+04}}
}
{@BLOCK|re47|00
{@A-RES|0|+1.012379E+05{@LIM3|+1.000000E+05|+1.150000E+05|+8.500000E+04}}
}
{@BLOCK|ri238|00
{@A-RES|0|+9.900084E+04{@LIM3|+1.000000E+05|+1.150000E+05|+8.500000E+04}}
}
{@BLOCK|ri302|00
{@A-RES|0|+9.895899E+04{@LIM3|+1.000000E+05|+1.150000E+05|+8.500000E+04}}
}
{@BLOCK|pr1021|00
{@A-RES|0|+7.871419E+02{@LIM3|+7.870000E+02|+8.342200E+02|+7.397800E+02}}
}
{@BLOCK|rv173|00
{@A-RES|0|+9.739369E+04{@LIM3|+1.000000E+05|+1.150000E+05|+8.500000E+04}}
}
{@BLOCK|rv516|00
{@A-RES|0|+9.925279E+04{@LIM3|+1.000000E+05|+1.150000E+05|+8.500000E+04}}
}
{@BLOCK|pr1007|00
{@A-RES|0|+9.541087E+03{@LIM3|+9.530000E+03|+1.010180E+04|+8.958200E+03}}
}
{@BLOCK|pr1009|00
{@A-RES|0|+9.526039E+03{@LIM3|+9.530000E+03|+1.010180E+04|+8.958200E+03}}
}
{@BLOCK|pr1010|00
{@A-RES|0|+9.527494E+03{@LIM3|+9.530000E+03|+1.010180E+04|+8.958200E+03}}
}
{@BLOCK|pr1008|00
{@A-RES|0|+3.431631E+03{@LIM3|+3.400000E+03|+3.604000E+03|+3.196000E+03}}
}
{@BLOCK|pr1013|00
{@A-RES|0|+1.599027E+04{@LIM3|+1.600000E+04|+1.696000E+04|+1.504000E+04}}
}
{@BLOCK|pr1018|00
{@A-RES|0|+8.515946E+01{@LIM3|+8.200000E+01|+9.192003E+01|+7.708000E+01}}
}
{@BLOCK|pr1019|00
{@A-RES|0|+8.349501E+01{@LIM3|+8.000000E+01|+8.730000E+01|+7.520000E+01}}
}
{@BLOCK|rc129|00
{@A-RES|0|+1.028530E+02{@LIM3|+1.000000E+02|+1.150000E+02|+9.000000E+01}}
}
{@BLOCK|rc296|00
{@A-RES|0|+1.867075E+01{@LIM3|+1.500000E+01|+2.149999E+01|+1.350000E+01}}
}
{@BLOCK|pr5309|00
{@A-RES|0|+1.005771E+01{@LIM3|+1.000000E+01|+1.350000E+01|+6.500000E+00}}
}
{@BLOCK|rc51|00
{@A-RES|0|+1.063913E+01{@LIM3|+1.000000E+01|+1.100000E+01|+9.500000E+00}}
}
{@BLOCK|rc79|00
{@A-RES|0|+1.026088E+01{@LIM3|+1.000000E+01|+1.150000E+01|+8.500000E+00}}
}
{@BLOCK|rc143|00
{@A-RES|0|+1.044275E+01{@LIM3|+1.000000E+01|+1.350000E+01|+6.500000E+00}}
}
{@BLOCK|rc145|00
{@A-RES|0|+1.142754E+01{@LIM3|+1.000000E+01|+1.350000E+01|+6.500000E+00}}
}
{@BLOCK|pr1028|00
{@A-RES|0|+1.003551E+03{@LIM3|+1.000000E+03|+1.100000E+03|+9.000000E+02}}
}
{@BLOCK|pr1707|00
{@A-RES|0|+1.006069E+03{@LIM3|+1.000000E+03|+1.100000E+03|+9.000000E+02}}
}
{@BLOCK|pr1902|00
{@A-RES|0|+1.001779E+03{@LIM3|+1.000000E+03|+1.100000E+03|+9.000000E+02}}
}
{@BLOCK|rc93|00
{@A-RES|0|+1.029240E+03{@LIM3|+1.000000E+03|+1.100000E+03|+9.000000E+02}}
}
{@BLOCK|rc111|00
{@A-RES|0|+1.028675E+03{@LIM3|+1.000000E+03|+1.100000E+03|+9.000000E+02}}
}
{@BLOCK|rv544|00
{@A-RES|0|+1.028855E+03{@LIM3|+1.000000E+03|+1.100000E+03|+9.000000E+02}}
}
{@BLOCK|pr1029|00
{@A-RES|0|+1.400123E+02{@LIM3|+1.370000E+02|+1.502200E+02|+1.287800E+02}}
}
{@BLOCK|pr1031|00
{@A-RES|0|+4.803111E+01{@LIM3|+4.700000E+01|+5.482000E+01|+4.418000E+01}}
}
{@BLOCK|pr1032|00
{@A-RES|0|+5.638792E+02{@LIM3|+5.600000E+02|+5.936000E+02|+5.264000E+02}}
}
{@BLOCK|rc21|00
{@A-RES|0|+1.029544E+02{@LIM3|+1.000000E+02|+1.110000E+02|+9.400000E+01}}
}
{@BLOCK|rc131|00
{@A-JUM|0|+4.254040E+00{@LIM2|+1.500000E+01|+0.000000E+00}}
}
{@BLOCK|rc132|00
{@A-JUM|0|+4.091759E+00{@LIM2|+1.500000E+01|+0.000000E+00}}
}
{@BLOCK|rc133|00
{@A-JUM|0|+4.915263E+00{@LIM2|+1.500000E+01|+0.000000E+00}}
}
{@BLOCK|rc134|00
{@A-JUM|0|+4.468379E+00{@LIM2|+1.500000E+01|+0.000000E+00}}
}
{@BLOCK|rc136|00
{@A-JUM|0|+3.158089E+00{@LIM2|+1.500000E+01|+0.000000E+00}}
}
{@BLOCK|rc137|00
{@A-JUM|0|+2.807011E+00{@LIM2|+1.500000E+01|+0.000000E+00}}
}
{@BLOCK|pr1033|00
{@A-RES|0|+6.677675E+03{@LIM3|+6.650000E+03|+7.049000E+03|+6.251000E+03}}
}
{@BLOCK|ra36|00
{@A-RES|0|+1.325710E+04{@LIM3|+1.324300E+04|+1.403758E+04|+1.244842E+04}}
}
{@BLOCK|ru1000|00
{@A-RES|0|+2.002789E+04{@LIM3|+2.000000E+04|+2.120000E+04|+1.880000E+04}}
}
{@BLOCK|pr1062|00
{@A-RES|0|+3.677128E+03{@LIM3|+3.650000E+03|+3.869000E+03|+3.431000E+03}}
}
{@BLOCK|pr1064|00
{@A-RES|0|+4.020928E+03{@LIM3|+3.920000E+03|+4.155200E+03|+3.684800E+03}}
}
{@BLOCK|pr1702|00
{@A-RES|0|+9.057890E+04{@LIM3|+9.090000E+04|+9.635400E+04|+8.544600E+04}}
}
{@BLOCK|pr1706|00
{@A-JUM|0|+3.869666E+00{@LIM2|+1.500000E+01|+0.000000E+00}}
}
{@BLOCK|pr1806|00
{@A-JUM|0|+3.463059E+00{@LIM2|+1.500000E+01|+0.000000E+00}}
}
{@BLOCK|pr5310|00
{@A-RES|0|+9.985998E+00{@LIM3|+1.000000E+01|+1.350000E+01|+6.500000E+00}}
}
{@BLOCK|pr5312|00
{@A-RES|0|+1.078504E+01{@LIM3|+1.000000E+01|+1.350000E+01|+6.500000E+00}}
}
{@BLOCK|ra407|00
{@A-RES|0|+1.000320E+01{@LIM3|+1.200000E+01|+2.100000E+01|+3.000000E+00}}
}
{@BLOCK|pr5311|00
{@A-RES|0|+1.750000E+05{@LIM3|+1.370000E+05|+1.918000E+05|+1.219300E+05}}
}
{@BLOCK|pr6201|00
{@A-RES|0|+2.147261E+04{@LIM3|+2.150000E+04|+2.279000E+04|+2.021000E+04}}
}
{@BLOCK|pq6205%qf2|00
{@A-NFE|0|+6.103214E+01{@LIM2|+2.000000E+02|+2.000000E+01}}
}
{@BLOCK|pr6221|00
{@A-RES|0|+6.792164E+05{@LIM3|+6.800000E+05|+7.548000E+05|+6.052000E+05}}
}
{@BLOCK|pt124|00
{@A-RES|0|+6.356970E+02{@LIM3|+5.400000E+02|+7.290000E+02|+3.510000E+02}}
}
{@BLOCK|pr1022|00
{@A-RES|0|+7.899367E+02{@LIM3|+7.870000E+02|+8.342200E+02|+7.397800E+02}}
}
{@BLOCK|pr1711|00
{@A-RES|0|+1.004225E+03{@LIM3|+1.000000E+03|+1.100000E+03|+9.000000E+02}}
}
{@BLOCK|rb23|00
{@A-RES|0|+9.924130E+02{@LIM3|+1.000000E+03|+1.100000E+03|+9.000000E+02}}
}
{@BLOCK|rc94|00
{@A-RES|0|+9.939402E+02{@LIM3|+1.000000E+03|+1.100000E+03|+9.000000E+02}}
}
{@BLOCK|rc105|00
{@A-RES|0|+1.001272E+03{@LIM3|+1.000000E+03|+1.100000E+03|+9.000000E+02}}
}
{@BLOCK|rc141|00
{@A-RES|0|+9.938758E+02{@LIM3|+1.000000E+03|+1.100000E+03|+9.000000E+02}}
}
{@BLOCK|pr1044|00
{@A-RES|0|+5.622255E+04{@LIM3|+5.620000E+04|+5.957200E+04|+5.282800E+04}}
}
{@BLOCK|pt126|00
{@A-RES|0|+6.389343E+02{@LIM3|+5.400000E+02|+7.290000E+02|+3.510000E+02}}
}
{@BLOCK|pt125|00
{@A-RES|0|+6.450195E+02{@LIM3|+5.400000E+02|+7.290000E+02|+3.510000E+02}}
}
{@BLOCK|ra19|00
{@A-RES|0|+3.657773E+01{@LIM3|+3.800000E+01|+4.180000E+01|+3.420000E+01}}
}
{@BLOCK|ra302|00
{@A-RES|0|+3.583559E+01{@LIM3|+3.300000E+01|+4.129999E+01|+2.970000E+01}}
}
{@BLOCK|rb7|00
{@A-RES|0|+3.566881E+01{@LIM3|+3.300000E+01|+4.129999E+01|+2.970000E+01}}
}
{@BLOCK|rc125|00
{@A-RES|0|+3.625914E+01{@LIM3|+3.300000E+01|+4.129999E+01|+2.970000E+01}}
}
{@BLOCK|rc308|00
{@A-RES|0|+3.551382E+01{@LIM3|+3.300000E+01|+4.129999E+01|+2.970000E+01}}
}
{@BLOCK|rc309|00
{@A-RES|0|+3.586430E+01{@LIM3|+4.200000E+01|+6.306363E+01|+2.100000E+01}}
}
{@BLOCK|rc311|00
{@A-RES|0|+3.515854E+01{@LIM3|+3.300000E+01|+4.460000E+01|+2.970000E+01}}
}
{@BLOCK|re23|00
{@A-RES|0|+3.588489E+01{@LIM3|+3.300000E+01|+4.129999E+01|+2.970000E+01}}
}
{@BLOCK|re24|00
{@A-RES|0|+3.579457E+01{@LIM3|+3.300000E+01|+4.129999E+01|+2.970000E+01}}
}
{@BLOCK|re120|00
{@A-RES|0|+3.577789E+01{@LIM3|+3.800000E+01|+5.130000E+01|+3.420000E+01}}
}
{@BLOCK|re121|00
{@A-RES|0|+3.515710E+01{@LIM3|+3.300000E+01|+4.460000E+01|+2.970000E+01}}
}
{@BLOCK|rn8|00
{@A-RES|0|+3.515592E+01{@LIM3|+3.300000E+01|+4.129999E+01|+2.970000E+01}}
}
{@BLOCK|rc229|00
{@A-RES|0|+4.689649E+03{@LIM3|+4.700000E+03|+5.170000E+03|+4.230000E+03}}
}
{@BLOCK|ri234%r1|00
{@A-RES|0|+4.712303E+03{@LIM3|+4.700000E+03|+5.170000E+03|+4.230000E+03}}
}
{@BLOCK|ri234%r2|00
{@A-RES|0|+4.684345E+03{@LIM3|+4.700000E+03|+5.170000E+03|+4.230000E+03}}
}
{@BLOCK|rc312|00
{@A-RES|0|+3.552780E+01{@LIM3|+3.300000E+01|+4.460000E+01|+2.970000E+01}}
}
{@BLOCK|re13|00
{@A-RES|0|+3.614897E+01{@LIM3|+3.300000E+01|+4.129999E+01|+2.970000E+01}}
}
{@BLOCK|rt2|00
{@A-RES|0|+3.529510E+01{@LIM3|+3.300000E+01|+4.129999E+01|+2.970000E+01}}
}
{@BLOCK|rt3|00
{@A-RES|0|+3.533623E+01{@LIM3|+3.300000E+01|+4.129999E+01|+2.970000E+01}}
}
{@BLOCK|ra21|00
{@A-RES|0|+4.699958E+03{@LIM3|+4.700000E+03|+5.170000E+03|+4.230000E+03}}
}
{@BLOCK|rc221|00
{@A-RES|0|+4.692351E+03{@LIM3|+4.700000E+03|+5.170000E+03|+4.230000E+03}}
}
{@BLOCK|rpe6%r1|00
{@A-RES|0|+4.958064E+03{@LIM3|+4.700000E+03|+5.170000E+03|+4.230000E+03}}
}
{@BLOCK|rpe6%r2|00
{@A-RES|0|+4.727756E+03{@LIM3|+4.700000E+03|+5.170000E+03|+4.230000E+03}}
}
{@BLOCK|rc106|00
{@A-RES|0|+2.221044E+03{@LIM3|+2.200000E+03|+2.420000E+03|+1.980000E+03}}
}
{@BLOCK|rc107|00
{@A-RES|0|+2.175719E+03{@LIM3|+2.200000E+03|+2.420000E+03|+1.980000E+03}}
}
{@BLOCK|rc108|00
{@A-RES|0|+2.210246E+03{@LIM3|+2.200000E+03|+2.420000E+03|+1.980000E+03}}
}
{@BLOCK|rc264|00
{@A-RES|0|+2.228762E+03{@LIM3|+2.200000E+03|+2.420000E+03|+1.980000E+03}}
}
{@BLOCK|rc265|00
{@A-RES|0|+2.225584E+03{@LIM3|+2.200000E+03|+2.420000E+03|+1.980000E+03}}
}
{@BLOCK|rc317|00
{@A-RES|0|+2.222731E+03{@LIM3|+2.200000E+03|+2.420000E+03|+1.980000E+03}}
}
{@BLOCK|rc318|00
{@A-RES|0|+2.234825E+03{@LIM3|+2.200000E+03|+2.420000E+03|+1.980000E+03}}
}
{@BLOCK|rpc2%r1|00
{@A-RES|0|+2.202552E+03{@LIM3|+2.200000E+03|+2.420000E+03|+1.980000E+03}}
}
{@BLOCK|rpe7%r1|00
{@A-RES|0|+4.724386E+03{@LIM3|+4.700000E+03|+5.170000E+03|+4.230000E+03}}
}
{@BLOCK|rpe7%r2|00
{@A-RES|0|+4.725578E+03{@LIM3|+4.700000E+03|+5.170000E+03|+4.230000E+03}}
}
{@BLOCK|rc182|00
{@A-RES|0|+2.241705E+03{@LIM3|+2.200000E+03|+2.420000E+03|+1.980000E+03}}
}
{@BLOCK|rc183|00
{@A-RES|0|+2.193903E+03{@LIM3|+2.200000E+03|+2.420000E+03|+1.980000E+03}}
}
{@BLOCK|rc281|00
{@A-RES|0|+2.242886E+03{@LIM3|+2.200000E+03|+2.420000E+03|+1.980000E+03}}
}
{@BLOCK|rc282|00
{@A-RES|0|+2.232085E+03{@LIM3|+2.200000E+03|+2.420000E+03|+1.980000E+03}}
}
{@BLOCK|rpc3%r1|00
{@A-RES|0|+2.216549E+03{@LIM3|+2.200000E+03|+2.420000E+03|+1.980000E+03}}
}
{@BLOCK|rpc3%r2|00
{@A-RES|0|+2.196167E+03{@LIM3|+2.200000E+03|+2.420000E+03|+1.980000E+03}}
}
{@BLOCK|rpc4%r1|00
{@A-RES|0|+2.208810E+03{@LIM3|+2.200000E+03|+2.420000E+03|+1.980000E+03}}
}
{@BLOCK|rpc4%r2|00
{@A-RES|0|+2.216864E+03{@LIM3|+2.200000E+03|+2.420000E+03|+1.980000E+03}}
}
{@BLOCK|rpu1%r2|00
{@A-RES|0|+2.201435E+03{@LIM3|+2.200000E+03|+2.420000E+03|+1.980000E+03}}
}
{@BLOCK|rpu2%r1|00
{@A-RES|0|+2.220860E+03{@LIM3|+2.200000E+03|+2.420000E+03|+1.980000E+03}}
}
{@BLOCK|rpu2%r2|00
{@A-RES|0|+2.204441E+03{@LIM3|+2.200000E+03|+2.420000E+03|+1.980000E+03}}
}
{@BLOCK|rpv150%r1|00
{@A-RES|0|+2.212986E+03{@LIM3|+2.200000E+03|+2.420000E+03|+1.980000E+03}}
}
{@BLOCK|rpv150%r2|00
{@A-RES|0|+2.218860E+03{@LIM3|+2.200000E+03|+2.420000E+03|+1.980000E+03}}
}
{@BLOCK|ru7|00
{@A-RES|0|+2.199676E+03{@LIM3|+2.200000E+03|+2.420000E+03|+1.980000E+03}}
}
{@BLOCK|rpc2%r2|00
{@A-RES|0|+2.194809E+03{@LIM3|+2.200000E+03|+2.420000E+03|+1.980000E+03}}
}
{@BLOCK|rpe2%r1|00
{@A-RES|0|+2.204523E+03{@LIM3|+2.200000E+03|+2.420000E+03|+1.980000E+03}}
}
{@BLOCK|rpe2%r2|00
{@A-RES|0|+2.206184E+03{@LIM3|+2.200000E+03|+2.420000E+03|+1.980000E+03}}
}
{@BLOCK|rpe4%r1|00
{@A-RES|0|+2.214008E+03{@LIM3|+2.200000E+03|+2.420000E+03|+1.980000E+03}}
}
{@BLOCK|rpe4%r2|00
{@A-RES|0|+2.227595E+03{@LIM3|+2.200000E+03|+2.420000E+03|+1.980000E+03}}
}
{@BLOCK|rpe5%r1|00
{@A-RES|0|+2.195597E+03{@LIM3|+2.200000E+03|+2.420000E+03|+1.980000E+03}}
}
{@BLOCK|rpe5%r2|00
{@A-RES|0|+2.190592E+03{@LIM3|+2.200000E+03|+2.420000E+03|+1.980000E+03}}
}
{@BLOCK|rc301|00
{@A-RES|0|+1.028767E+02{@LIM3|+1.000000E+02|+1.150000E+02|+9.000000E+01}}
}
{@BLOCK|ru8|00
{@A-RES|0|+2.264368E+03{@LIM3|+2.200000E+03|+2.420000E+03|+1.980000E+03}}
}
{@BLOCK|ru616|00
{@A-RES|0|+2.240220E+03{@LIM3|+2.200000E+03|+2.420000E+03|+1.980000E+03}}
}
{@BLOCK|ru617|00
{@A-RES|0|+2.230702E+03{@LIM3|+2.200000E+03|+2.420000E+03|+1.980000E+03}}
}
{@BLOCK|ru639|00
{@A-RES|0|+2.212673E+03{@LIM3|+2.200000E+03|+2.420000E+03|+1.980000E+03}}
}
{@BLOCK|ru640|00
{@A-RES|0|+2.211314E+03{@LIM3|+2.200000E+03|+2.420000E+03|+1.980000E+03}}
}
{@BLOCK|ru641|00
{@A-RES|0|+2.218229E+03{@LIM3|+2.200000E+03|+2.420000E+03|+1.980000E+03}}
}
{@BLOCK|ri204|00
{@A-RES|0|+1.032995E+02{@LIM3|+1.000000E+02|+1.150000E+02|+9.000000E+01}}
}
{@BLOCK|ri207|00
{@A-RES|0|+1.022543E+02{@LIM3|+1.000000E+02|+1.150000E+02|+9.000000E+01}}
}
{@BLOCK|ri210|00
{@A-RES|0|+1.031834E+02{@LIM3|+1.000000E+02|+1.150000E+02|+9.000000E+01}}
}
{@BLOCK|ri213|00
{@A-RES|0|+1.034644E+02{@LIM3|+1.000000E+02|+1.150000E+02|+9.000000E+01}}
}
{@BLOCK|ri218|00
{@A-RES|0|+1.025220E+02{@LIM3|+1.000000E+02|+1.150000E+02|+9.000000E+01}}
}
{@BLOCK|rb12|00
{@A-RES|0|+2.486395E+01{@LIM3|+2.200000E+01|+3.206001E+01|+1.980000E+01}}
}
{@BLOCK|rv519|00
{@A-RES|0|+4.738300E+02{@LIM3|+4.700000E+02|+5.170000E+02|+4.230000E+02}}
}
{@BLOCK|rc126|00
{@A-RES|0|+2.027205E+02{@LIM3|+2.000000E+02|+2.170000E+02|+1.880000E+02}}
}
{@BLOCK|rc228|00
{@A-RES|0|+2.027293E+02{@LIM3|+2.000000E+02|+2.170000E+02|+1.880000E+02}}
}
{@BLOCK|rt4|00
{@A-RES|0|+5.238102E+01{@LIM3|+5.100000E+01|+6.109999E+01|+4.590000E+01}}
}
{@BLOCK|rc302|00
{@A-RES|0|+1.030575E+02{@LIM3|+1.000000E+02|+1.150000E+02|+9.000000E+01}}
}
{@BLOCK|rc303|00
{@A-RES|0|+1.031433E+02{@LIM3|+1.000000E+02|+1.150000E+02|+9.000000E+01}}
}
{@BLOCK|rb4|00
{@A-RES|0|+2.434961E+01{@LIM3|+2.200000E+01|+2.920001E+01|+1.980000E+01}}
}
{@BLOCK|rb6|00
{@A-RES|0|+2.438084E+01{@LIM3|+2.700000E+01|+3.915000E+01|+2.025000E+01}}
}
{@BLOCK|rb8|00
{@A-RES|0|+2.420758E+01{@LIM3|+2.200000E+01|+2.920001E+01|+1.980000E+01}}
}
{@BLOCK|re79|00
{@A-RES|0|+2.453809E+01{@LIM3|+2.200000E+01|+2.920001E+01|+1.980000E+01}}
}
{@BLOCK|rc231|00
{@A-RES|0|+9.314741E+06{@LIM3|+1.000000E+07|+1.350000E+07|+6.500000E+06}}
}
{@BLOCK|re6|00
{@A-RES|0|+1.504432E+04{@LIM3|+1.500000E+04|+1.590000E+04|+1.410000E+04}}
}
{@BLOCK|rc222|00
{@A-RES|0|+7.119637E+04{@LIM3|+7.500000E+04|+8.250000E+04|+6.750000E+04}}
}
{@BLOCK|rc233|00
{@A-RES|0|+7.326976E+04{@LIM3|+7.500000E+04|+8.250000E+04|+6.750000E+04}}
}
{@BLOCK|rc288|00
{@A-RES|0|+1.838409E+02{@LIM3|+1.800000E+02|+1.958000E+02|+1.692000E+02}}
}
{@BLOCK|rd400|00
{@A-RES|0|+2.333106E+04{@LIM3|+2.320000E+04|+2.459200E+04|+2.180800E+04}}
}
{@BLOCK|ri405|00
{@A-RES|0|+3.679205E+02{@LIM3|+3.650000E+02|+4.927500E+02|+2.372500E+02}}
}
{@BLOCK|ri813|00
{@A-RES|0|+4.754457E+04{@LIM3|+4.700000E+04|+5.170000E+04|+4.230000E+04}}
}
{@BLOCK|ru612|00
{@A-RES|0|+4.748953E+04{@LIM3|+4.700000E+04|+5.170000E+04|+4.230000E+04}}
}
{@BLOCK|ru19|00
{@A-RES|0|+6.193392E+04{@LIM3|+6.190000E+04|+6.561400E+04|+5.818600E+04}}
}
{@BLOCK|ru20|00
{@A-RES|0|+3.392681E+05{@LIM3|+3.400000E+05|+3.774000E+05|+3.026000E+05}}
}
{@BLOCK|rv156|00
{@A-RES|0|+2.702714E+03{@LIM3|+2.700000E+03|+2.862000E+03|+2.538000E+03}}
}
{@BLOCK|rv500|00
{@A-RES|0|+1.490765E+03{@LIM3|+1.500000E+03|+1.650000E+03|+1.350000E+03}}
}
{@BLOCK|rv501|00
{@A-RES|0|+1.515474E+03{@LIM3|+1.500000E+03|+1.650000E+03|+1.350000E+03}}
}
{@BLOCK|pq6201%qf|00
{@A-NFE|0|+9.534404E+01{@LIM2|+2.000000E+02|+2.000000E+01}}
}
{@BLOCK|pq6208%qf|00
{@A-NFE|0|+8.389401E+01{@LIM2|+2.000000E+02|+2.000000E+01}}
}
{@BLOCK|qa1|00
{@A-NFE|0|+8.662230E+01{@LIM2|+2.000000E+02|+2.000000E+01}}
}
{@BLOCK|qc3%qf1|00
{@A-NFE|0|+6.972460E+01{@LIM2|+2.000000E+02|+2.000000E+01}}
}
{@BLOCK|re7|00
{@A-RES|0|+5.089179E+04{@LIM3|+5.100000E+04|+5.406000E+04|+4.794000E+04}}
}
{@BLOCK|re8|00
{@A-RES|0|+3.300729E+04{@LIM3|+3.300000E+04|+3.498000E+04|+3.102000E+04}}
}
{@BLOCK|qc1%qf1|00
{@A-NFE|0|+8.967173E+01{@LIM2|+2.000000E+02|+2.000000E+01}}
}
{@BLOCK|qc1%qf2|00
{@A-NFE|0|+7.308459E+01{@LIM2|+2.000000E+02|+2.000000E+01}}
}
{@BLOCK|qc9|00
{@A-NFE|0|+7.515990E+01{@LIM2|+2.000000E+02|+2.000000E+01}}
}
{@BLOCK|qc10|00
{@A-NFE|0|+2.049428E+02{@LIM2|+3.500000E+02|+2.000000E+01}}
}
{@BLOCK|qc13|00
{@A-PFE|0|+4.056039E+01{@LIM2|+3.500000E+02|+2.000000E+01}}
}
{@BLOCK|qc17|00
{@A-NFE|0|+7.793042E+01{@LIM2|+2.000000E+02|+2.000000E+01}}
}
{@BLOCK|qc3%qf2|00
{@A-NFE|0|+6.170712E+01{@LIM2|+2.000000E+02|+2.000000E+01}}
}
{@BLOCK|qc5|00
{@A-NFE|0|+9.964459E+01{@LIM2|+2.000000E+02|+2.000000E+01}}
}
{@BLOCK|qc6|00
{@A-NFE|0|+1.141366E+02{@LIM2|+2.000000E+02|+2.000000E+01}}
}
{@BLOCK|qc7|00
{@A-NFE|0|+1.387200E+02{@LIM2|+2.000000E+02|+2.000000E+01}}
}
{@BLOCK|qc11%qf1|00
{@A-NFE|0|+7.267734E+01{@LIM2|+2.000000E+02|+2.000000E+01}}
}
{@BLOCK|qc11%qf2|00
{@A-PFE|0|+6.584417E+01{@LIM2|+3.500000E+02|+2.000000E+01}}
}
{@BLOCK|qc18%qf1|00
{@A-NFE|0|+1.012803E+02{@LIM2|+2.000000E+02|+2.000000E+01}}
}
{@BLOCK|qc19|00
{@A-NFE|0|+7.174564E+01{@LIM2|+2.000000E+02|+2.000000E+01}}
}
{@BLOCK|qc20%qf1|00
{@A-NFE|0|+6.491933E+01{@LIM2|+2.000000E+02|+2.000000E+01}}
}
{@BLOCK|qc20%qf2|00
{@A-NFE|0|+5.987664E+01{@LIM2|+2.000000E+02|+2.000000E+01}}
}
{@BLOCK|qc24|00
{@A-NFE|0|+8.209509E+01{@LIM2|+2.000000E+02|+2.000000E+01}}
}
{@BLOCK|qc25%qf1|00
{@A-NFE|0|+3.492704E+01{@LIM2|+2.000000E+02|+2.000000E+01}}
}
{@BLOCK|qc25%qf2|00
{@A-NFE|0|+3.691627E+01{@LIM2|+3.500000E+02|+2.000000E+01}}
}
{@BLOCK|qc27|00
{@A-NFE|0|+8.314565E+01{@LIM2|+2.000000E+02|+2.000000E+01}}
}
{@BLOCK|qc28%qf2|00
{@A-NFE|0|+6.980597E+01{@LIM2|+2.000000E+02|+2.000000E+01}}
}
{@BLOCK|qc39%qf1|00
{@A-NFE|0|+7.124618E+01{@LIM2|+2.000000E+02|+2.000000E+01}}
}
{@BLOCK|qe3%qf1|00
{@A-NFE|0|+6.666597E+01{@LIM2|+2.000000E+02|+2.000000E+01}}
}
{@BLOCK|qe3%qf2|00
{@A-NFE|0|+9.253664E+01{@LIM2|+2.000000E+02|+2.000000E+01}}
}
{@BLOCK|qi801%qf1|00
{@A-NFE|0|+7.938955E+01{@LIM2|+2.000000E+02|+2.000000E+01}}
}
{@BLOCK|qi801%qf2|00
{@A-NFE|0|+7.580993E+01{@LIM2|+2.000000E+02|+2.000000E+01}}
}
{@BLOCK|qu1|00
{@A-NFE|0|+6.273326E+01{@LIM2|+2.000000E+02|+2.000000E+01}}
}
{@BLOCK|qu2|00
{@A-NFE|0|+6.572537E+01{@LIM2|+2.000000E+02|+2.000000E+01}}
}
{@BLOCK|qu601|00
{@A-NFE|0|+7.182977E+01{@LIM2|+2.000000E+02|+2.000000E+01}}
}
{@BLOCK|qu602|00
{@A-NFE|0|+7.054182E+01{@LIM2|+2.000000E+02|+2.000000E+01}}
}
{@BLOCK|qv150%qf1|00
{@A-NFE|0|+6.412927E+01{@LIM2|+2.000000E+02|+2.000000E+01}}
}
{@BLOCK|qv150%qf2|00
{@A-NFE|0|+6.799741E+01{@LIM2|+2.000000E+02|+2.000000E+01}}
}
{@BLOCK|qv500|00
{@A-NFE|0|+4.125971E+01{@LIM2|+2.000000E+02|+2.000000E+01}}
}
{@BLOCK|qv501|00
{@A-NFE|0|+2.741027E+01{@LIM2|+2.000000E+02|+2.000000E+01}}
}
{@BLOCK|qv502|00
{@A-NFE|0|+1.431722E+01{@LIM2|+2.000000E+02|+1.000000E+01}}
}
{@BLOCK|pq5303%qf|00
{@A-PFE|0|+7.272890E+01{@LIM2|+2.000000E+02|+2.000000E+01}}
}
{@BLOCK|da3|00
{@A-DIO|0|+4.723849E-01{@LIM2|+8.000000E-01|+4.000000E-01}}
}
{@BLOCK|da400|00
{@A-DIO|0|+5.654506E-01{@LIM2|+8.000000E-01|+4.000000E-01}}
}
{@BLOCK|da401|00
{@A-DIO|0|+5.669813E-01{@LIM2|+8.000000E-01|+4.000000E-01}}
}
{@BLOCK|da403|00
{@A-DIO|0|+7.047089E-01{@LIM2|+8.000000E-01|+4.000000E-01}}
}
{@BLOCK|da405|00
{@A-DIO|0|+5.492466E-01{@LIM2|+8.000000E-01|+4.000000E-01}}
}
{@BLOCK|da406|00
{@A-DIO|0|+5.975947E-01{@LIM2|+8.000000E-01|+4.000000E-01}}
}
{@BLOCK|de2|00
{@A-DIO|0|+5.229106E-01{@LIM2|+8.000000E-01|+4.000000E-01}}
}
{@BLOCK|de3|00
{@A-DIO|0|+4.685378E-01{@LIM2|+9.000000E-01|+4.000000E-01}}
}
{@BLOCK|dr1|00
{@A-DIO|0|+4.628526E-01{@LIM2|+8.000000E-01|+4.000000E-01}}
}
{@BLOCK|dr2|00
{@A-DIO|0|+5.043161E-01{@LIM2|+8.000000E-01|+4.000000E-01}}
}
{@BLOCK|du1|00
{@A-DIO|0|+4.541305E-01{@LIM2|+8.000000E-01|+4.000000E-01}}
}
{@BLOCK|du2|00
{@A-DIO|0|+5.239643E-01{@LIM2|+8.000000E-01|+4.000000E-01}}
}
{@BLOCK|du908|00
{@A-DIO|0|+6.220810E-01{@LIM2|+8.000000E-01|+4.000000E-01}}
}
{@BLOCK|du909|00
{@A-DIO|0|+6.226367E-01{@LIM2|+8.000000E-01|+4.000000E-01}}
}
{@BLOCK|du910%cr1|00
{@A-DIO|0|+6.832077E-01{@LIM2|+8.000000E-01|+4.000000E-01}}
}
{@BLOCK|du911%cr1|00
{@A-DIO|0|+6.829512E-01{@LIM2|+8.000000E-01|+4.000000E-01}}
}
{@BLOCK|du912%cr1|00
{@A-DIO|0|+6.540977E-01{@LIM2|+8.000000E-01|+4.000000E-01}}
}
{@BLOCK|du913%cr1|00
{@A-DIO|0|+7.206103E-01{@LIM2|+8.000000E-01|+4.000000E-01}}
}
{@BLOCK|du915|00
{@A-DIO|0|+6.209269E-01{@LIM2|+8.000000E-01|+4.000000E-01}}
}
{@BLOCK|du916%cr1|00
{@A-DIO|0|+6.363154E-01{@LIM2|+8.000000E-01|+4.000000E-01}}
}
{@BLOCK|du918%cr1|00
{@A-DIO|0|+7.006908E-01{@LIM2|+8.000000E-01|+4.000000E-01}}
}
{@BLOCK|du920%cr1|00
{@A-DIO|0|+6.355033E-01{@LIM2|+8.000000E-01|+4.000000E-01}}
}
{@BLOCK|du921|00
{@A-DIO|0|+5.966045E-01{@LIM2|+8.000000E-01|+4.000000E-01}}
}
{@BLOCK|dv152|00
{@A-DIO|0|+4.372050E-01{@LIM2|+8.000000E-01|+4.000000E-01}}
}
{@BLOCK|dv153|00
{@A-DIO|0|+4.591764E-01{@LIM2|+8.000000E-01|+4.000000E-01}}
}
{@BLOCK|pd121|00
{@A-DIO|0|+6.883372E-01{@LIM2|+8.000000E-01|+4.000000E-01}}
}
{@BLOCK|pd123|00
{@A-DIO|0|+6.837634E-01{@LIM2|+8.000000E-01|+4.000000E-01}}
}
{@BLOCK|du1000%cr1|00
{@A-DIO|0|+5.308186E-01{@LIM2|+8.000000E-01|+4.000000E-01}}
}
{@BLOCK|du1000%cr2|00
{@A-DIO|0|+5.341955E-01{@LIM2|+8.000000E-01|+4.000000E-01}}
}
{@BLOCK|du1001%cr1|00
{@A-DIO|0|+6.273388E-01{@LIM2|+8.000000E-01|+4.000000E-01}}
}
{@BLOCK|du1001%cr2|00
{@A-DIO|0|+6.259282E-01{@LIM2|+8.000000E-01|+4.000000E-01}}
}
{@BLOCK|dv501%cr1|00
{@A-DIO|0|+6.704863E-01{@LIM2|+8.000000E-01|+4.000000E-01}}
}
{@BLOCK|dv501%cr2|00
{@A-DIO|0|+6.604241E-01{@LIM2|+8.000000E-01|+4.000000E-01}}
}
{@BLOCK|dv501%cr4|00
{@A-DIO|0|+1.644148E+00{@LIM2|+2.200000E+00|+1.200000E+00}}
}
{@BLOCK|dv501%cr5|00
{@A-DIO|0|+1.531405E+00{@LIM2|+2.200000E+00|+1.200000E+00}}
}
{@BLOCK|ue2%cr|00
{@A-DIO|0|+5.615956E-01{@LIM2|+8.000000E-01|+4.000000E-01}}
}
{@BLOCK|led1%cr_org|00
{@A-DIO|0|+3.157937E+00{@LIM2|+4.000000E+00|+3.000000E+00}}
}
{@BLOCK|led1%cr_whi|00
{@A-DIO|0|+2.048175E+00{@LIM2|+2.350000E+00|+1.350000E+00}}
}
{@BLOCK|du3|00
{@A-DIO|0|+6.106055E-01{@LIM2|+8.000000E-01|+4.000000E-01}}
}
{@BLOCK|du914%ds|00
{@A-DIO|0|+4.541305E-01{@LIM2|+8.000000E-01|+4.000000E-01}}
}
{@BLOCK|du917%ds|00
{@A-DIO|0|+5.093174E-01{@LIM2|+8.000000E-01|+4.000000E-01}}
}
{@BLOCK|du1002|00
{@A-DIO|0|+5.408543E-01{@LIM2|+8.000000E-01|+4.000000E-01}}
}
{@BLOCK|qc32%qf1|00
{@A-NFE|0|+6.387883E+01{@LIM2|+2.000000E+02|+2.000000E+01}}
}
{@BLOCK|qc32%qf2|00
{@A-PFE|0|+4.246688E+01{@LIM2|+2.000000E+02|+2.000000E+01}}
}
{@BLOCK|qc35|00
{@A-NFE|0|+8.339843E+01{@LIM2|+2.000000E+02|+2.000000E+01}}
}
{@BLOCK|qi100|00
{@A-NFE|0|+8.391432E+01{@LIM2|+2.000000E+02|+2.000000E+01}}
}
{@BLOCK|da1|00
{@A-DIO|0|+4.733562E-01{@LIM2|+8.000000E-01|+4.000000E-01}}
}
{@BLOCK|da2|00
{@A-DIO|0|+4.557074E-01{@LIM2|+8.000000E-01|+4.000000E-01}}
}
{@BLOCK|dc1|00
{@A-DIO|0|+4.682699E-01{@LIM2|+8.000000E-01|+4.000000E-01}}
}
}}