{@BATCH|e14_gen7||4094|1||btest|050427162446~16|ICT0265\engineer|ICT0265|C:/Agilent_ICT/boards/e14_gen7|RevA|sb21t16730_sc88||sb21t16730_sc88
{@BTEST|6483002005|00|050427165403|000018|0|all||n||050427165421||1
{@BLOCK|ca2|00
{@A-CAP|0|+6.088170E-06{@LIM3|+7.802000E-06|+1.326340E-05|+2.340600E-06}}
}
{@BLOCK|cc5|00
{@A-CAP|0|+9.845727E-08{@LIM3|+1.000000E-07|+1.300000E-07|+7.000000E-08}}
}
{@BLOCK|cc3|00
{@A-CAP|0|+1.176316E-04{@LIM3|+9.870000E-05|+1.283100E-04|+6.907638E-05}}
}
{@BLOCK|ci209|00
{@A-CAP|0|+7.564485E-05{@LIM3|+7.760000E-05|+1.319200E-04|+2.326929E-05}}
}
{@BLOCK|cc1|00
{@A-CAP|0|+9.122303E-08{@LIM3|+7.000000E-08|+1.050000E-07|+3.500000E-08}}
}
{@BLOCK|cc12|00
{@A-CAP|0|+2.114526E-06{@LIM3|+2.100000E-06|+3.360000E-06|+8.400000E-07}}
}
{@BLOCK|cc46|00
{@A-CAP|0|+7.751984E-05{@LIM3|+7.010000E-05|+9.113000E-05|+4.907000E-05}}
}
{@BLOCK|cc31|00
{@A-CAP|0|+1.204965E-07{@LIM3|+1.000000E-07|+1.300000E-07|+8.000000E-08}}
}
{@BLOCK|cd4|00
{@A-CAP|0|+8.794140E-05{@LIM3|+9.120000E-05|+1.185600E-04|+6.384000E-05}}
}
{@BLOCK|ce2|00
{@A-CAP|0|+9.687818E-08{@LIM3|+8.000000E-08|+1.120000E-07|+4.800000E-08}}
}
{@BLOCK|pc6204|00
{@A-CAP|0|+5.710971E-06{@LIM3|+5.401000E-06|+7.021300E-06|+3.780700E-06}}
}
{@BLOCK|ce23|00
{@A-CAP|0|+9.508475E-08{@LIM3|+1.000000E-07|+1.300000E-07|+7.000000E-08}}
}
{@BLOCK|ce24|00
{@A-CAP|0|+1.104503E-07{@LIM3|+1.000000E-07|+1.250000E-07|+8.000000E-08}}
}
{@BLOCK|ci105|00
{@A-CAP|0|+1.054956E-05{@LIM3|+1.020000E-05|+1.326000E-05|+7.140000E-06}}
}
{@BLOCK|ci208|00
{@A-CAP|0|+8.283293E-05{@LIM3|+8.721000E-05|+1.133730E-04|+6.103497E-05}}
}
{@BLOCK|pc6237|00
{@A-CAP|0|+2.671977E-04{@LIM3|+2.927000E-04|+3.805100E-04|+2.044849E-04}}
}
{@BLOCK|ce20|00
{@A-CAP|0|+1.139631E-09{@LIM3|+1.000000E-09|+1.200000E-09|+8.000000E-10}}
}
{@BLOCK|cn5|00
{@A-CAP|0|+2.216598E-05{@LIM3|+2.230000E-05|+2.899000E-05|+1.561000E-05}}
}
{@BLOCK|cu693|00
{@A-CAP|0|+1.049783E-05{@LIM3|+9.720000E-06|+1.263600E-05|+6.804000E-06}}
}
{@BLOCK|cr10|00
{@A-CAP|0|+5.900572E-06{@LIM3|+5.800000E-06|+7.540000E-06|+4.060000E-06}}
}
{@BLOCK|cu25|00
{@A-CAP|0|+1.030998E-05{@LIM3|+1.040100E-05|+1.248120E-05|+8.320800E-06}}
}
{@BLOCK|cu620|00
{@A-CAP|0|+8.514211E-05{@LIM3|+8.450000E-05|+1.098500E-04|+5.915000E-05}}
}
{@BLOCK|cu648|00
{@A-CAP|0|+3.107609E-05{@LIM3|+2.886000E-05|+3.896100E-05|+1.875900E-05}}
}
{@BLOCK|pc1921|00
{@A-CAP|0|+1.737246E-04{@LIM3|+1.537000E-04|+1.998100E-04|+1.075688E-04}}
}
{@BLOCK|cu1003|00
{@A-CAP|0|+1.497285E-04{@LIM3|+1.501000E-04|+1.951300E-04|+1.049285E-04}}
}
{@BLOCK|cv175|00
{@A-CAP|0|+1.003645E-06{@LIM3|+1.100000E-06|+1.430000E-06|+7.700000E-07}}
}
{@BLOCK|cv180|00
{@A-CAP|0|+8.744267E-08{@LIM3|+9.000000E-08|+1.530000E-07|+2.700000E-08}}
}
{@BLOCK|cv183|00
{@A-CAP|0|+9.232075E-08{@LIM3|+1.000000E-07|+1.300000E-07|+7.000000E-08}}
}
{@BLOCK|cv529|00
{@A-CAP|0|+4.038463E-05{@LIM3|+3.513000E-05|+4.566900E-05|+2.459100E-05}}
}
{@BLOCK|cv534|00
{@A-CAP|0|+1.064134E-07{@LIM3|+1.010000E-07|+1.313000E-07|+7.070000E-08}}
}
{@BLOCK|pc1401|00
{@A-CAP|0|+1.625538E-03{@LIM3|+1.620000E-03|+2.106000E-03|+1.130638E-03}}
}
{@BLOCK|pc1014|00
{@A-CAP|0|+1.262204E-07{@LIM3|+1.000000E-07|+1.350000E-07|+6.500000E-08}}
}
{@BLOCK|pc5398|00
{@A-CAP|0|+1.970067E-04{@LIM3|+1.968700E-04|+2.559310E-04|+1.377681E-04}}
}
{@BLOCK|pc5310|00
{@A-CAP|0|+9.181980E-05{@LIM3|+1.001420E-04|+1.301846E-04|+7.009940E-05}}
}
{@BLOCK|pc5360|00
{@A-CAP|0|+1.114368E-05{@LIM3|+1.001100E-05|+1.301430E-05|+7.007700E-06}}
}
{@BLOCK|pc6212|00
{@A-CAP|0|+9.727825E-08{@LIM3|+1.000000E-07|+1.300000E-07|+7.000000E-08}}
}
{@BLOCK|pc6511|00
{@A-CAP|0|+1.236440E-07{@LIM3|+1.000000E-07|+1.700000E-07|+3.000000E-08}}
}
{@BLOCK|ca12|00
{@A-CAP|0|+2.174563E-06{@LIM3|+2.200000E-06|+2.860000E-06|+1.540000E-06}}
}
{@BLOCK|ca13|00
{@A-CAP|0|+2.245600E-06{@LIM3|+2.200000E-06|+2.860000E-06|+1.540000E-06}}
}
{@BLOCK|ca30|00
{@A-CAP|0|+2.831339E-06{@LIM3|+2.900000E-06|+4.930000E-06|+8.700000E-07}}
}
{@BLOCK|ca414|00
{@A-CAP|0|+2.258264E-06{@LIM3|+2.200000E-06|+2.860000E-06|+1.540000E-06}}
}
{@BLOCK|cu600|00
{@A-CAP|0|+1.838311E-06{@LIM3|+2.200000E-06|+3.740000E-06|+6.600000E-07}}
}
{@BLOCK|cu602|00
{@A-CAP|0|+2.117186E-06{@LIM3|+2.200000E-06|+2.860000E-06|+1.540000E-06}}
}
{@BLOCK|cu632|00
{@A-CAP|0|+8.857816E-05{@LIM3|+8.660000E-05|+1.125800E-04|+6.062000E-05}}
}
{@BLOCK|cu640|00
{@A-CAP|0|+2.112949E-06{@LIM3|+2.200000E-06|+2.860000E-06|+1.540000E-06}}
}
{@BLOCK|cu641|00
{@A-CAP|0|+1.275018E-05{@LIM3|+1.220000E-05|+1.586000E-05|+8.540000E-06}}
}
{@BLOCK|ce13|00
{@A-CAP|0|+1.155240E-06{@LIM3|+1.000000E-06|+1.300000E-06|+7.000000E-07}}
}
{@BLOCK|cu5|00
{@A-CAP|0|+1.102836E-05{@LIM3|+1.100000E-05|+1.650000E-05|+5.500000E-06}}
}
{@BLOCK|pc105|00
{@A-CAP|0|+1.165175E-06{@LIM3|+1.000000E-06|+1.350000E-06|+7.000000E-07}}
}
{@BLOCK|pc6203|00
{@A-CAP|0|+6.791631E-06{@LIM3|+5.700000E-06|+7.695000E-06|+3.705000E-06}}
}
{@BLOCK|pc1708|00
{@A-CAP|0|+1.000357E-03{@LIM3|+1.124000E-03|+1.461200E-03|+7.844677E-04}}
}
{@BLOCK|cr37|00
{@A-CAP|0|+1.046131E-05{@LIM3|+1.100000E-05|+1.870000E-05|+3.300000E-06}}
}
{@BLOCK|cu1|00
{@A-CAP|0|+1.185418E-05{@LIM3|+1.000000E-05|+1.300000E-05|+7.000000E-06}}
}
{@BLOCK|ca417|00
{@A-CAP|0|+8.731906E-10{@LIM3|+7.800000E-10|+1.053000E-09|+5.070000E-10}}
}
{@BLOCK|ca412|00
{@A-CAP|0|+9.423205E-10{@LIM3|+7.800000E-10|+1.053000E-09|+5.070000E-10}}
}
{@BLOCK|ca407|00
{@A-CAP|0|+1.750192E-09{@LIM3|+1.500000E-09|+2.025000E-09|+9.750000E-10}}
}
{@BLOCK|ca408|00
{@A-CAP|0|+1.750192E-09{@LIM3|+1.500000E-09|+2.025000E-09|+9.750000E-10}}
}
{@BLOCK|ca410|00
{@A-CAP|0|+1.737986E-09{@LIM3|+1.500000E-09|+2.025000E-09|+9.750000E-10}}
}
{@BLOCK|ca409|00
{@A-CAP|0|+1.718828E-09{@LIM3|+1.500000E-09|+2.025000E-09|+9.750000E-10}}
}
{@BLOCK|ce19|00
{@A-CAP|0|+1.114252E-09{@LIM3|+1.000000E-09|+1.177000E-09|+8.000000E-10}}
}
{@BLOCK|cr5|00
{@A-CAP|0|+1.352814E-09{@LIM3|+1.300000E-09|+1.755000E-09|+8.450000E-10}}
}
{@BLOCK|cr24|00
{@A-CAP|0|+1.370149E-09{@LIM3|+1.300000E-09|+1.755000E-09|+8.450000E-10}}
}
{@BLOCK|cr27|00
{@A-CAP|0|+1.389147E-09{@LIM3|+1.300000E-09|+1.755000E-09|+8.450000E-10}}
}
{@BLOCK|cr43|00
{@A-CAP|0|+1.380021E-09{@LIM3|+1.300000E-09|+1.755000E-09|+8.450000E-10}}
}
{@BLOCK|cr49|00
{@A-CAP|0|+1.385721E-09{@LIM3|+1.300000E-09|+1.755000E-09|+8.450000E-10}}
}
{@BLOCK|cu619|00
{@A-CAP|0|+1.360786E-09{@LIM3|+1.300000E-09|+1.755000E-09|+8.450000E-10}}
}
{@BLOCK|cu2|00
{@A-CAP|0|+4.106319E-10{@LIM3|+4.300000E-10|+5.805000E-10|+2.795000E-10}}
}
{@BLOCK|cu3|00
{@A-CAP|0|+4.693458E-10{@LIM3|+4.300000E-10|+5.805000E-10|+2.795000E-10}}
}
{@BLOCK|cu18|00
{@A-CAP|0|+4.379330E-10{@LIM3|+4.300000E-10|+5.805000E-10|+2.795000E-10}}
}
{@BLOCK|cu19|00
{@A-CAP|0|+4.562802E-10{@LIM3|+4.300000E-10|+5.805000E-10|+2.795000E-10}}
}
{@BLOCK|pr1011|00
{@A-RES|0|+3.161291E+04{@LIM3|+3.220300E+04|+4.347405E+04|+2.093195E+04}}
}
{@BLOCK|pr1003|00
{@A-RES|0|+3.179593E+04{@LIM3|+3.220300E+04|+4.025375E+04|+2.415225E+04}}
}
{@BLOCK|pr1004|00
{@A-RES|0|+3.141897E+04{@LIM3|+3.020300E+04|+3.775375E+04|+2.265225E+04}}
}
{@BLOCK|pr6218|00
{@A-RES|0|+1.000165E+05{@LIM3|+1.000000E+05|+1.110000E+05|+8.900000E+04}}
}
{@BLOCK|cr52|00
{@A-CAP|0|+9.931194E-08{@LIM3|+1.000000E-07|+1.200000E-07|+8.000000E-08}}
}
{@BLOCK|cv177|00
{@A-CAP|0|+9.759465E-08{@LIM3|+1.000000E-07|+1.200000E-07|+8.000000E-08}}
}
{@BLOCK|cs205|00
{@A-CAP|0|+2.273752E-09{@LIM3|+2.200000E-09|+2.860000E-09|+1.540000E-09}}
}
{@BLOCK|pc6247|00
{@A-CAP|0|+3.653640E-10{@LIM3|+3.300000E-10|+4.455000E-10|+2.145000E-10}}
}
{@BLOCK|ph1004|00
{@A-RES|0|+9.458892E+03{@LIM3|+1.000000E+04|+1.500000E+04|+5.000000E+03}}
}
{@BLOCK|ph1005|00
{@A-RES|0|+9.188846E+03{@LIM3|+1.000000E+04|+1.500000E+04|+5.000000E+03}}
}
{@BLOCK|pr1034|00
{@A-RES|0|+9.947973E+03{@LIM3|+1.000000E+04|+1.060000E+04|+9.400000E+03}}
}
{@BLOCK|pr1046|00
{@A-RES|0|+9.981197E+03{@LIM3|+1.000000E+04|+1.060000E+04|+9.400000E+03}}
}
{@BLOCK|pr6220|00
{@A-RES|0|+9.966967E+04{@LIM3|+1.000000E+05|+1.110000E+05|+8.900000E+04}}
}
{@BLOCK|pt121|00
{@A-RES|0|+9.548322E+04{@LIM3|+1.000000E+05|+1.500000E+05|+5.000000E+04}}
}
{@BLOCK|ru30|00
{@A-RES|0|+9.481844E+04{@LIM3|+1.000000E+05|+1.110000E+05|+8.900000E+04}}
}
{@BLOCK|ru32|00
{@A-RES|0|+9.525268E+04{@LIM3|+1.000000E+05|+1.110000E+05|+8.900000E+04}}
}
{@BLOCK|pr1053|00
{@A-RES|0|+3.824862E+03{@LIM3|+4.110000E+03|+5.754000E+03|+2.466000E+03}}
}
{@BLOCK|pr104|00
{@A-RES|0|+9.975712E+03{@LIM3|+1.000000E+04|+1.060000E+04|+9.400000E+03}}
}
{@BLOCK|pr122|00
{@A-RES|0|+9.960635E+03{@LIM3|+1.000000E+04|+1.060000E+04|+9.400000E+03}}
}
{@BLOCK|re5|00
{@A-RES|0|+1.002959E+04{@LIM3|+1.000000E+04|+1.060000E+04|+9.400000E+03}}
}
{@BLOCK|pr101|00
{@A-RES|0|+2.017961E+04{@LIM3|+2.000000E+04|+2.200000E+04|+1.800000E+04}}
}
{@BLOCK|pr102|00
{@A-RES|0|+1.004860E+06{@LIM3|+1.000000E+06|+1.250000E+06|+7.500000E+05}}
}
{@BLOCK|pr1908|00
{@A-RES|0|+9.735196E+05{@LIM3|+1.000000E+06|+1.250000E+06|+7.500000E+05}}
}
{@BLOCK|pq6205%qf1|00
{@A-NFE|0|+8.113396E+01{@LIM2|+2.000000E+02|+2.000000E+01}}
}
{@BLOCK|rc190|00
{@A-RES|0|+9.814699E+05{@LIM3|+1.000000E+06|+1.250000E+06|+7.500000E+05}}
}
{@BLOCK|pr106|00
{@A-RES|0|+1.000610E+04{@LIM3|+1.000000E+04|+1.100000E+04|+9.000000E+03}}
}
{@BLOCK|qa2|00
{@A-NFE|0|+7.762705E+01{@LIM2|+2.000000E+02|+2.000000E+01}}
}
{@BLOCK|rc8|00
{@A-RES|0|+9.873723E+03{@LIM3|+1.000000E+04|+1.100000E+04|+9.000000E+03}}
}
{@BLOCK|rc9|00
{@A-RES|0|+9.981617E+03{@LIM3|+1.000000E+04|+1.100000E+04|+9.000000E+03}}
}
{@BLOCK|rc12|00
{@A-RES|0|+1.001987E+04{@LIM3|+1.000000E+04|+1.100000E+04|+9.000000E+03}}
}
{@BLOCK|rc14|00
{@A-RES|0|+1.001193E+04{@LIM3|+1.000000E+04|+1.100000E+04|+9.000000E+03}}
}
{@BLOCK|rc15|00
{@A-RES|0|+1.007561E+04{@LIM3|+1.000000E+04|+1.100000E+04|+9.000000E+03}}
}
{@BLOCK|rc34|00
{@A-RES|0|+9.997239E+03{@LIM3|+1.000000E+04|+1.100000E+04|+9.000000E+03}}
}
{@BLOCK|rc35|00
{@A-RES|0|+9.927580E+03{@LIM3|+1.000000E+04|+1.100000E+04|+9.000000E+03}}
}
{@BLOCK|rc37|00
{@A-RES|0|+1.004906E+04{@LIM3|+1.000000E+04|+1.100000E+04|+9.000000E+03}}
}
{@BLOCK|rc38|00
{@A-RES|0|+1.005392E+04{@LIM3|+1.000000E+04|+1.100000E+04|+9.000000E+03}}
}
{@BLOCK|pr1059|00
{@A-RES|0|+9.958907E+03{@LIM3|+1.000000E+04|+1.060000E+04|+9.400000E+03}}
}
{@BLOCK|rc109|00
{@A-RES|0|+1.990705E+04{@LIM3|+2.000000E+04|+2.200000E+04|+1.800000E+04}}
}
{@BLOCK|rc110|00
{@A-RES|0|+2.012785E+04{@LIM3|+2.000000E+04|+2.200000E+04|+1.800000E+04}}
}
{@BLOCK|ra20|00
{@A-RES|0|+9.708543E+03{@LIM3|+1.000000E+04|+1.400000E+04|+5.000000E+03}}
}
{@BLOCK|rc36|00
{@A-RES|0|+1.090838E+04{@LIM3|+1.000000E+04|+1.100000E+04|+9.000000E+03}}
}
{@BLOCK|rc72|00
{@A-RES|0|+9.896289E+03{@LIM3|+1.000000E+04|+1.100000E+04|+9.000000E+03}}
}
{@BLOCK|rc76|00
{@A-RES|0|+9.982793E+03{@LIM3|+1.000000E+04|+1.100000E+04|+9.000000E+03}}
}
{@BLOCK|rc121|00
{@A-RES|0|+9.930572E+03{@LIM3|+1.000000E+04|+1.100000E+04|+9.000000E+03}}
}
{@BLOCK|rc42|00
{@A-RES|0|+9.986709E+03{@LIM3|+1.000000E+04|+1.100000E+04|+9.000000E+03}}
}
{@BLOCK|rc44|00
{@A-RES|0|+9.978989E+03{@LIM3|+1.000000E+04|+1.100000E+04|+9.000000E+03}}
}
{@BLOCK|rc127|00
{@A-RES|0|+9.960853E+03{@LIM3|+1.000000E+04|+1.100000E+04|+9.000000E+03}}
}
{@BLOCK|rc142|00
{@A-RES|0|+1.001639E+04{@LIM3|+1.000000E+04|+1.100000E+04|+9.000000E+03}}
}
{@BLOCK|rc149|00
{@A-RES|0|+1.009076E+04{@LIM3|+1.000000E+04|+1.100000E+04|+9.000000E+03}}
}
{@BLOCK|rc225|00
{@A-RES|0|+1.004976E+04{@LIM3|+1.000000E+04|+1.100000E+04|+9.000000E+03}}
}
{@BLOCK|rc246|00
{@A-RES|0|+1.003959E+04{@LIM3|+1.000000E+04|+1.100000E+04|+9.000000E+03}}
}
{@BLOCK|rc247|00
{@A-RES|0|+1.008641E+04{@LIM3|+1.000000E+04|+1.100000E+04|+9.000000E+03}}
}
{@BLOCK|rc251|00
{@A-RES|0|+9.088401E+03{@LIM3|+1.000000E+04|+1.100000E+04|+7.800000E+03}}
}
{@BLOCK|rc257|00
{@A-RES|0|+9.220304E+03{@LIM3|+1.000000E+04|+1.100000E+04|+8.000000E+03}}
}
{@BLOCK|rc270|00
{@A-RES|0|+1.053369E+04{@LIM3|+1.000000E+04|+1.100000E+04|+9.000000E+03}}
}
{@BLOCK|rc314|00
{@A-RES|0|+1.001061E+04{@LIM3|+1.000000E+04|+1.100000E+04|+9.000000E+03}}
}
{@BLOCK|rd2|00
{@A-RES|0|+1.001841E+04{@LIM3|+1.000000E+04|+1.100000E+04|+9.000000E+03}}
}
{@BLOCK|re19|00
{@A-RES|0|+9.996211E+03{@LIM3|+1.000000E+04|+1.100000E+04|+9.000000E+03}}
}
{@BLOCK|re30|00
{@A-RES|0|+9.380479E+03{@LIM3|+1.000000E+04|+1.100000E+04|+8.500000E+03}}
}
{@BLOCK|re51|00
{@A-RES|0|+9.919165E+03{@LIM3|+1.000000E+04|+1.100000E+04|+9.000000E+03}}
}
{@BLOCK|rc180|00
{@A-RES|0|+1.008874E+04{@LIM3|+1.000000E+04|+1.100000E+04|+9.000000E+03}}
}
{@BLOCK|rc239|00
{@A-RES|0|+1.010803E+04{@LIM3|+1.000000E+04|+1.100000E+04|+9.000000E+03}}
}
{@BLOCK|rc260|00
{@A-RES|0|+9.745419E+03{@LIM3|+1.000000E+04|+1.100000E+04|+9.000000E+03}}
}
{@BLOCK|rc266|00
{@A-RES|0|+9.826200E+03{@LIM3|+1.000000E+04|+1.100000E+04|+9.000000E+03}}
}
{@BLOCK|rc283|00
{@A-RES|0|+9.874377E+03{@LIM3|+1.000000E+04|+1.100000E+04|+9.000000E+03}}
}
{@BLOCK|rd4|00
{@A-RES|0|+1.001535E+04{@LIM3|+1.000000E+04|+1.100000E+04|+9.000000E+03}}
}
{@BLOCK|re41|00
{@A-RES|0|+9.970570E+03{@LIM3|+1.000000E+04|+1.100000E+04|+9.000000E+03}}
}
{@BLOCK|re63|00
{@A-RES|0|+9.895244E+03{@LIM3|+1.000000E+04|+1.100000E+04|+9.000000E+03}}
}
{@BLOCK|re64|00
{@A-RES|0|+9.977307E+03{@LIM3|+1.000000E+04|+1.100000E+04|+9.000000E+03}}
}
{@BLOCK|re283|00
{@A-RES|0|+9.880953E+03{@LIM3|+1.000000E+04|+1.100000E+04|+9.000000E+03}}
}
{@BLOCK|ri102|00
{@A-RES|0|+9.938646E+03{@LIM3|+1.000000E+04|+1.100000E+04|+9.000000E+03}}
}
{@BLOCK|ri812|00
{@A-RES|0|+9.991972E+03{@LIM3|+1.000000E+04|+1.100000E+04|+9.000000E+03}}
}
{@BLOCK|rn2|00
{@A-RES|0|+1.003076E+04{@LIM3|+1.000000E+04|+1.100000E+04|+9.000000E+03}}
}
{@BLOCK|rn6|00
{@A-RES|0|+9.950795E+03{@LIM3|+1.000000E+04|+1.100000E+04|+9.000000E+03}}
}
{@BLOCK|rn10|00
{@A-RES|0|+1.018573E+04{@LIM3|+1.000000E+04|+1.100000E+04|+9.000000E+03}}
}
{@BLOCK|rn11|00
{@A-RES|0|+1.019294E+04{@LIM3|+1.000000E+04|+1.100000E+04|+9.000000E+03}}
}
{@BLOCK|rt1|00
{@A-RES|0|+9.954498E+03{@LIM3|+9.375000E+03|+1.031250E+04|+8.437500E+03}}
}
{@BLOCK|ru4|00
{@A-RES|0|+1.002485E+04{@LIM3|+1.000000E+04|+1.100000E+04|+9.000000E+03}}
}
{@BLOCK|ru5|00
{@A-RES|0|+9.959263E+03{@LIM3|+1.000000E+04|+1.100000E+04|+9.000000E+03}}
}
{@BLOCK|ru9|00
{@A-RES|0|+1.014031E+04{@LIM3|+1.000000E+04|+1.100000E+04|+9.000000E+03}}
}
{@BLOCK|ru10|00
{@A-RES|0|+9.848188E+03{@LIM3|+1.000000E+04|+1.100000E+04|+9.000000E+03}}
}
{@BLOCK|ru613|00
{@A-RES|0|+1.022954E+04{@LIM3|+1.000000E+04|+1.200000E+04|+9.000000E+03}}
}
{@BLOCK|ru624|00
{@A-RES|0|+9.877304E+03{@LIM3|+1.000000E+04|+1.100000E+04|+9.000000E+03}}
}
{@BLOCK|ru655|00
{@A-RES|0|+1.000877E+04{@LIM3|+1.000000E+04|+1.100000E+04|+9.000000E+03}}
}
{@BLOCK|ri111|00
{@A-RES|0|+9.978006E+03{@LIM3|+1.000000E+04|+1.100000E+04|+9.000000E+03}}
}
{@BLOCK|ri814|00
{@A-RES|0|+9.922858E+03{@LIM3|+1.000000E+04|+1.100000E+04|+9.000000E+03}}
}
{@BLOCK|ri815|00
{@A-RES|0|+1.002661E+04{@LIM3|+1.000000E+04|+1.100000E+04|+9.000000E+03}}
}
{@BLOCK|rk9|00
{@A-RES|0|+9.934081E+03{@LIM3|+1.000000E+04|+1.100000E+04|+9.000000E+03}}
}
{@BLOCK|rk10|00
{@A-RES|0|+9.951499E+03{@LIM3|+1.000000E+04|+1.100000E+04|+9.000000E+03}}
}
{@BLOCK|rr29|00
{@A-RES|0|+9.885321E+03{@LIM3|+1.000000E+04|+1.100000E+04|+9.000000E+03}}
}
{@BLOCK|rr30|00
{@A-RES|0|+9.778058E+03{@LIM3|+1.000000E+04|+1.100000E+04|+9.000000E+03}}
}
{@BLOCK|pu121%ra|00
{@A-RES|0|+9.430049E+04{@LIM3|+1.000000E+05|+1.500000E+05|+5.000000E+04}}
}
{@BLOCK|ru656|00
{@A-RES|0|+9.891915E+03{@LIM3|+1.000000E+04|+1.100000E+04|+9.000000E+03}}
}
{@BLOCK|rv175|00
{@A-RES|0|+9.926077E+03{@LIM3|+1.000000E+04|+1.100000E+04|+9.000000E+03}}
}
{@BLOCK|pr121|00
{@A-RES|0|+1.643282E+04{@LIM3|+1.650000E+04|+1.749000E+04|+1.551000E+04}}
}
{@BLOCK|pr1809|00
{@A-RES|0|+9.781100E+04{@LIM3|+1.000000E+05|+1.150000E+05|+8.500000E+04}}
}
{@BLOCK|pr6215|00
{@A-RES|0|+9.780470E+04{@LIM3|+1.000000E+05|+1.150000E+05|+8.500000E+04}}
}
{@BLOCK|ra1|00
{@A-RES|0|+9.786267E+04{@LIM3|+1.000000E+05|+1.150000E+05|+8.500000E+04}}
}
{@BLOCK|ra5|00
{@A-RES|0|+5.119459E+03{@LIM3|+5.110000E+03|+5.416600E+03|+4.803400E+03}}
}
{@BLOCK|rc75|00
{@A-RES|0|+1.016015E+05{@LIM3|+1.000000E+05|+1.150000E+05|+8.500000E+04}}
}
{@BLOCK|rc86|00
{@A-RES|0|+9.613322E+04{@LIM3|+1.000000E+05|+1.150000E+05|+8.500000E+04}}
}
{@BLOCK|rc95|00
{@A-RES|0|+8.652076E+04{@LIM3|+1.000000E+05|+1.250000E+05|+7.500000E+04}}
}
{@BLOCK|rc96|00
{@A-RES|0|+9.251585E+04{@LIM3|+1.000000E+05|+1.150000E+05|+8.500000E+04}}
}
{@BLOCK|rc97|00
{@A-RES|0|+9.343972E+04{@LIM3|+1.000000E+05|+1.150000E+05|+8.500000E+04}}
}
{@BLOCK|rc186|00
{@A-RES|0|+9.511716E+04{@LIM3|+1.000000E+05|+1.150000E+05|+8.500000E+04}}
}
{@BLOCK|rc187|00
{@A-RES|0|+9.531088E+04{@LIM3|+1.000000E+05|+1.150000E+05|+8.500000E+04}}
}
{@BLOCK|rc188|00
{@A-RES|0|+9.581828E+04{@LIM3|+1.000000E+05|+1.150000E+05|+8.500000E+04}}
}
{@BLOCK|qc18%qf2|00
{@A-NFE|0|+6.536075E+01{@LIM2|+2.000000E+02|+2.000000E+01}}
}
{@BLOCK|rb22|00
{@A-RES|0|+9.588842E+04{@LIM3|+1.000000E+05|+1.150000E+05|+8.500000E+04}}
}
{@BLOCK|rc64|00
{@A-RES|0|+9.816019E+04{@LIM3|+1.000000E+05|+1.150000E+05|+8.500000E+04}}
}
{@BLOCK|rc73|00
{@A-RES|0|+9.720235E+04{@LIM3|+1.000000E+05|+1.150000E+05|+8.500000E+04}}
}
{@BLOCK|rc74|00
{@A-RES|0|+9.685046E+04{@LIM3|+1.000000E+05|+1.150000E+05|+8.500000E+04}}
}
{@BLOCK|rc184|00
{@A-RES|0|+9.949030E+04{@LIM3|+1.000000E+05|+1.150000E+05|+8.500000E+04}}
}
{@BLOCK|rc267|00
{@A-RES|0|+9.489646E+04{@LIM3|+1.000000E+05|+1.550000E+05|+4.500000E+04}}
}
{@BLOCK|re11|00
{@A-RES|0|+9.969653E+04{@LIM3|+1.000000E+05|+1.150000E+05|+8.500000E+04}}
}
{@BLOCK|re21|00
{@A-RES|0|+9.966920E+04{@LIM3|+1.000000E+05|+1.150000E+05|+8.500000E+04}}
}
{@BLOCK|rc274|00
{@A-RES|0|+9.678937E+04{@LIM3|+1.000000E+05|+1.150000E+05|+8.500000E+04}}
}
{@BLOCK|re12|00
{@A-RES|0|+9.989902E+04{@LIM3|+1.000000E+05|+1.150000E+05|+8.500000E+04}}
}
{@BLOCK|re18|00
{@A-RES|0|+9.976059E+04{@LIM3|+1.000000E+05|+1.150000E+05|+8.500000E+04}}
}
{@BLOCK|re31|00
{@A-RES|0|+1.001663E+05{@LIM3|+1.000000E+05|+1.150000E+05|+8.500000E+04}}
}
{@BLOCK|re36|00
{@A-RES|0|+9.995236E+04{@LIM3|+1.000000E+05|+1.150000E+05|+8.500000E+04}}
}
{@BLOCK|re40|00
{@A-RES|0|+1.001878E+05{@LIM3|+1.000000E+05|+1.150000E+05|+8.500000E+04}}
}
{@BLOCK|re44|00
{@A-RES|0|+9.881268E+04{@LIM3|+1.000000E+05|+1.150000E+05|+8.500000E+04}}
}
{@BLOCK|re46|00
{@A-RES|0|+1.001556E+05{@LIM3|+1.000000E+05|+1.150000E+05|+8.500000E+04}}
}
{@BLOCK|re107|00
{@A-RES|0|+9.992035E+04{@LIM3|+1.000000E+05|+1.150000E+05|+8.500000E+04}}
}
{@BLOCK|ri109|00
{@A-RES|0|+9.926331E+04{@LIM3|+1.000000E+05|+1.150000E+05|+8.500000E+04}}
}
{@BLOCK|ri304|00
{@A-RES|0|+1.137050E+05{@LIM3|+1.000000E+05|+1.150000E+05|+8.500000E+04}}
}
{@BLOCK|rn15|00
{@A-RES|0|+9.531399E+04{@LIM3|+1.000000E+05|+1.150000E+05|+8.500000E+04}}
}
{@BLOCK|rr4|00
{@A-RES|0|+9.992035E+04{@LIM3|+1.000000E+05|+1.150000E+05|+8.500000E+04}}
}
{@BLOCK|ru39|00
{@A-RES|0|+9.931598E+04{@LIM3|+1.000000E+05|+1.150000E+05|+8.500000E+04}}
}
{@BLOCK|ru40|00
{@A-RES|0|+9.970746E+04{@LIM3|+1.000000E+05|+1.150000E+05|+8.500000E+04}}
}
{@BLOCK|ru636|00
{@A-RES|0|+9.940036E+04{@LIM3|+1.000000E+05|+1.150000E+05|+8.500000E+04}}
}
{@BLOCK|ru666|00
{@A-RES|0|+1.002696E+05{@LIM3|+1.000000E+05|+1.150000E+05|+8.500000E+04}}
}
{@BLOCK|ru675|00
{@A-RES|0|+1.011131E+05{@LIM3|+1.000000E+05|+1.150000E+05|+8.500000E+04}}
}
{@BLOCK|ru679|00
{@A-RES|0|+1.011186E+05{@LIM3|+1.000000E+05|+1.150000E+05|+8.500000E+04}}
}
{@BLOCK|rv155|00
{@A-RES|0|+1.006131E+05{@LIM3|+1.000000E+05|+1.150000E+05|+8.500000E+04}}
}
{@BLOCK|rv162|00
{@A-RES|0|+1.004027E+05{@LIM3|+1.000000E+05|+1.150000E+05|+8.500000E+04}}
}
{@BLOCK|rv163|00
{@A-RES|0|+1.006294E+05{@LIM3|+1.000000E+05|+1.150000E+05|+8.500000E+04}}
}
{@BLOCK|rv173|00
{@A-RES|0|+9.715106E+04{@LIM3|+1.000000E+05|+1.150000E+05|+8.500000E+04}}
}
{@BLOCK|rv516|00
{@A-RES|0|+9.969683E+04{@LIM3|+1.000000E+05|+1.150000E+05|+8.500000E+04}}
}
{@BLOCK|re25|00
{@A-RES|0|+1.001796E+05{@LIM3|+1.000000E+05|+1.150000E+05|+8.500000E+04}}
}
{@BLOCK|re26|00
{@A-RES|0|+9.997704E+04{@LIM3|+1.000000E+05|+1.150000E+05|+8.500000E+04}}
}
{@BLOCK|re34|00
{@A-RES|0|+9.880236E+04{@LIM3|+1.000000E+05|+1.150000E+05|+8.500000E+04}}
}
{@BLOCK|re43|00
{@A-RES|0|+9.930532E+04{@LIM3|+1.000000E+05|+1.150000E+05|+8.500000E+04}}
}
{@BLOCK|re47|00
{@A-RES|0|+1.001765E+05{@LIM3|+1.000000E+05|+1.150000E+05|+8.500000E+04}}
}
{@BLOCK|ri238|00
{@A-RES|0|+9.971776E+04{@LIM3|+1.000000E+05|+1.150000E+05|+8.500000E+04}}
}
{@BLOCK|ri302|00
{@A-RES|0|+9.817048E+04{@LIM3|+1.000000E+05|+1.150000E+05|+8.500000E+04}}
}
{@BLOCK|pr1021|00
{@A-RES|0|+7.889986E+02{@LIM3|+7.870000E+02|+8.342200E+02|+7.397800E+02}}
}
{@BLOCK|pr1007|00
{@A-RES|0|+9.515872E+03{@LIM3|+9.530000E+03|+1.010180E+04|+8.958200E+03}}
}
{@BLOCK|pr1009|00
{@A-RES|0|+9.537685E+03{@LIM3|+9.530000E+03|+1.010180E+04|+8.958200E+03}}
}
{@BLOCK|pr1010|00
{@A-RES|0|+9.531374E+03{@LIM3|+9.530000E+03|+1.010180E+04|+8.958200E+03}}
}
{@BLOCK|pr1008|00
{@A-RES|0|+3.414631E+03{@LIM3|+3.400000E+03|+3.604000E+03|+3.196000E+03}}
}
{@BLOCK|pr1013|00
{@A-RES|0|+1.604400E+04{@LIM3|+1.600000E+04|+1.696000E+04|+1.504000E+04}}
}
{@BLOCK|pr1018|00
{@A-RES|0|+8.463795E+01{@LIM3|+8.200000E+01|+9.192003E+01|+7.708000E+01}}
}
{@BLOCK|pr1019|00
{@A-RES|0|+8.296799E+01{@LIM3|+8.000000E+01|+8.730000E+01|+7.520000E+01}}
}
{@BLOCK|rc129|00
{@A-RES|0|+1.019825E+02{@LIM3|+1.000000E+02|+1.150000E+02|+9.000000E+01}}
}
{@BLOCK|rc296|00
{@A-RES|0|+1.839307E+01{@LIM3|+1.500000E+01|+2.149999E+01|+1.350000E+01}}
}
{@BLOCK|pr5309|00
{@A-RES|0|+1.007686E+01{@LIM3|+1.000000E+01|+1.350000E+01|+6.500000E+00}}
}
{@BLOCK|rc51|00
{@A-RES|0|+1.019007E+01{@LIM3|+1.000000E+01|+1.100000E+01|+9.500000E+00}}
}
{@BLOCK|rc79|00
{@A-RES|0|+1.027028E+01{@LIM3|+1.000000E+01|+1.150000E+01|+8.500000E+00}}
}
{@BLOCK|rc143|00
{@A-RES|0|+1.045620E+01{@LIM3|+1.000000E+01|+1.350000E+01|+6.500000E+00}}
}
{@BLOCK|rc145|00
{@A-RES|0|+1.152314E+01{@LIM3|+1.000000E+01|+1.350000E+01|+6.500000E+00}}
}
{@BLOCK|pr1028|00
{@A-RES|0|+9.939684E+02{@LIM3|+1.000000E+03|+1.100000E+03|+9.000000E+02}}
}
{@BLOCK|pr1707|00
{@A-RES|0|+9.981275E+02{@LIM3|+1.000000E+03|+1.100000E+03|+9.000000E+02}}
}
{@BLOCK|pr1902|00
{@A-RES|0|+9.988415E+02{@LIM3|+1.000000E+03|+1.100000E+03|+9.000000E+02}}
}
{@BLOCK|rc93|00
{@A-RES|0|+9.938610E+02{@LIM3|+1.000000E+03|+1.100000E+03|+9.000000E+02}}
}
{@BLOCK|rc111|00
{@A-RES|0|+9.999077E+02{@LIM3|+1.000000E+03|+1.100000E+03|+9.000000E+02}}
}
{@BLOCK|rv544|00
{@A-RES|0|+1.016925E+03{@LIM3|+1.000000E+03|+1.100000E+03|+9.000000E+02}}
}
{@BLOCK|pr1029|00
{@A-RES|0|+1.395617E+02{@LIM3|+1.370000E+02|+1.502200E+02|+1.287800E+02}}
}
{@BLOCK|pr1031|00
{@A-RES|0|+4.802620E+01{@LIM3|+4.700000E+01|+5.482000E+01|+4.418000E+01}}
}
{@BLOCK|pr1032|00
{@A-RES|0|+5.613452E+02{@LIM3|+5.600000E+02|+5.936000E+02|+5.264000E+02}}
}
{@BLOCK|rc21|00
{@A-RES|0|+1.023880E+02{@LIM3|+1.000000E+02|+1.110000E+02|+9.400000E+01}}
}
{@BLOCK|rc131|00
{@A-JUM|0|+4.631782E+00{@LIM2|+1.500000E+01|+0.000000E+00}}
}
{@BLOCK|rc132|00
{@A-JUM|0|+4.436328E+00{@LIM2|+1.500000E+01|+0.000000E+00}}
}
{@BLOCK|rc133|00
{@A-JUM|0|+5.231105E+00{@LIM2|+1.500000E+01|+0.000000E+00}}
}
{@BLOCK|rc134|00
{@A-JUM|0|+4.741063E+00{@LIM2|+1.500000E+01|+0.000000E+00}}
}
{@BLOCK|rc136|00
{@A-JUM|0|+3.191100E+00{@LIM2|+1.500000E+01|+0.000000E+00}}
}
{@BLOCK|rc137|00
{@A-JUM|0|+2.827007E+00{@LIM2|+1.500000E+01|+0.000000E+00}}
}
{@BLOCK|pr1033|00
{@A-RES|0|+6.672915E+03{@LIM3|+6.650000E+03|+7.049000E+03|+6.251000E+03}}
}
{@BLOCK|ra36|00
{@A-RES|0|+1.321406E+04{@LIM3|+1.324300E+04|+1.403758E+04|+1.244842E+04}}
}
{@BLOCK|ru1000|00
{@A-RES|0|+2.003475E+04{@LIM3|+2.000000E+04|+2.120000E+04|+1.880000E+04}}
}
{@BLOCK|pr1062|00
{@A-RES|0|+3.682189E+03{@LIM3|+3.650000E+03|+3.869000E+03|+3.431000E+03}}
}
{@BLOCK|pr1064|00
{@A-RES|0|+4.023174E+03{@LIM3|+3.920000E+03|+4.155200E+03|+3.684800E+03}}
}
{@BLOCK|pr1702|00
{@A-RES|0|+9.099280E+04{@LIM3|+9.090000E+04|+9.635400E+04|+8.544600E+04}}
}
{@BLOCK|pr1706|00
{@A-JUM|0|+4.062786E+00{@LIM2|+1.500000E+01|+0.000000E+00}}
}
{@BLOCK|pr1806|00
{@A-JUM|0|+3.629323E+00{@LIM2|+1.500000E+01|+0.000000E+00}}
}
{@BLOCK|pr5310|00
{@A-RES|0|+1.000877E+01{@LIM3|+1.000000E+01|+1.350000E+01|+6.500000E+00}}
}
{@BLOCK|pr5312|00
{@A-RES|0|+1.066265E+01{@LIM3|+1.000000E+01|+1.350000E+01|+6.500000E+00}}
}
{@BLOCK|pr1022|00
{@A-RES|0|+7.902699E+02{@LIM3|+7.870000E+02|+8.342200E+02|+7.397800E+02}}
}
{@BLOCK|pr1711|00
{@A-RES|0|+9.974334E+02{@LIM3|+1.000000E+03|+1.100000E+03|+9.000000E+02}}
}
{@BLOCK|rb23|00
{@A-RES|0|+9.986565E+02{@LIM3|+1.000000E+03|+1.100000E+03|+9.000000E+02}}
}
{@BLOCK|rc94|00
{@A-RES|0|+1.028621E+03{@LIM3|+1.000000E+03|+1.100000E+03|+9.000000E+02}}
}
{@BLOCK|rc105|00
{@A-RES|0|+9.966373E+02{@LIM3|+1.000000E+03|+1.100000E+03|+9.000000E+02}}
}
{@BLOCK|rc141|00
{@A-RES|0|+1.013724E+03{@LIM3|+1.000000E+03|+1.100000E+03|+9.000000E+02}}
}
{@BLOCK|pr1044|00
{@A-RES|0|+5.602115E+04{@LIM3|+5.620000E+04|+5.957200E+04|+5.282800E+04}}
}
{@BLOCK|pt126|00
{@A-RES|0|+6.239922E+02{@LIM3|+5.400000E+02|+7.290000E+02|+3.510000E+02}}
}
{@BLOCK|ra407|00
{@A-RES|0|+9.931127E+00{@LIM3|+1.200000E+01|+2.100000E+01|+3.000000E+00}}
}
{@BLOCK|pr5311|00
{@A-RES|0|+1.743409E+05{@LIM3|+1.370000E+05|+1.918000E+05|+1.219300E+05}}
}
{@BLOCK|pr6201|00
{@A-RES|0|+2.150814E+04{@LIM3|+2.150000E+04|+2.279000E+04|+2.021000E+04}}
}
{@BLOCK|pq6205%qf2|00
{@A-NFE|0|+5.474658E+01{@LIM2|+2.000000E+02|+2.000000E+01}}
}
{@BLOCK|pr6221|00
{@A-RES|0|+6.775189E+05{@LIM3|+6.800000E+05|+7.548000E+05|+6.052000E+05}}
}
{@BLOCK|pt124|00
{@A-RES|0|+6.386873E+02{@LIM3|+5.400000E+02|+7.290000E+02|+3.510000E+02}}
}
{@BLOCK|pt125|00
{@A-RES|0|+6.435573E+02{@LIM3|+5.400000E+02|+7.290000E+02|+3.510000E+02}}
}
{@BLOCK|ra19|00
{@A-RES|0|+3.692734E+01{@LIM3|+3.800000E+01|+4.180000E+01|+3.420000E+01}}
}
{@BLOCK|ra302|00
{@A-RES|0|+3.627453E+01{@LIM3|+3.300000E+01|+4.129999E+01|+2.970000E+01}}
}
{@BLOCK|rb7|00
{@A-RES|0|+3.528450E+01{@LIM3|+3.300000E+01|+4.129999E+01|+2.970000E+01}}
}
{@BLOCK|rc125|00
{@A-RES|0|+3.609621E+01{@LIM3|+3.300000E+01|+4.129999E+01|+2.970000E+01}}
}
{@BLOCK|rc308|00
{@A-RES|0|+3.568777E+01{@LIM3|+3.300000E+01|+4.129999E+01|+2.970000E+01}}
}
{@BLOCK|rc309|00
{@A-RES|0|+3.455203E+01{@LIM3|+4.200000E+01|+6.306363E+01|+2.100000E+01}}
}
{@BLOCK|rc311|00
{@A-RES|0|+3.536438E+01{@LIM3|+3.300000E+01|+4.460000E+01|+2.970000E+01}}
}
{@BLOCK|rc312|00
{@A-RES|0|+3.510827E+01{@LIM3|+3.300000E+01|+4.460000E+01|+2.970000E+01}}
}
{@BLOCK|re13|00
{@A-RES|0|+3.655671E+01{@LIM3|+3.300000E+01|+4.129999E+01|+2.970000E+01}}
}
{@BLOCK|re23|00
{@A-RES|0|+3.613819E+01{@LIM3|+3.300000E+01|+4.129999E+01|+2.970000E+01}}
}
{@BLOCK|re24|00
{@A-RES|0|+3.563015E+01{@LIM3|+3.300000E+01|+4.129999E+01|+2.970000E+01}}
}
{@BLOCK|re120|00
{@A-RES|0|+3.562189E+01{@LIM3|+3.800000E+01|+5.130000E+01|+3.420000E+01}}
}
{@BLOCK|re121|00
{@A-RES|0|+3.522645E+01{@LIM3|+3.300000E+01|+4.460000E+01|+2.970000E+01}}
}
{@BLOCK|rn8|00
{@A-RES|0|+3.495815E+01{@LIM3|+3.300000E+01|+4.129999E+01|+2.970000E+01}}
}
{@BLOCK|rc229|00
{@A-RES|0|+4.712777E+03{@LIM3|+4.700000E+03|+5.170000E+03|+4.230000E+03}}
}
{@BLOCK|ri234%r1|00
{@A-RES|0|+4.747659E+03{@LIM3|+4.700000E+03|+5.170000E+03|+4.230000E+03}}
}
{@BLOCK|ri234%r2|00
{@A-RES|0|+4.717793E+03{@LIM3|+4.700000E+03|+5.170000E+03|+4.230000E+03}}
}
{@BLOCK|rt2|00
{@A-RES|0|+3.563770E+01{@LIM3|+3.300000E+01|+4.129999E+01|+2.970000E+01}}
}
{@BLOCK|rt3|00
{@A-RES|0|+3.548030E+01{@LIM3|+3.300000E+01|+4.129999E+01|+2.970000E+01}}
}
{@BLOCK|ra21|00
{@A-RES|0|+4.700430E+03{@LIM3|+4.700000E+03|+5.170000E+03|+4.230000E+03}}
}
{@BLOCK|rc221|00
{@A-RES|0|+4.672685E+03{@LIM3|+4.700000E+03|+5.170000E+03|+4.230000E+03}}
}
{@BLOCK|rpe6%r1|00
{@A-RES|0|+4.979688E+03{@LIM3|+4.700000E+03|+5.170000E+03|+4.230000E+03}}
}
{@BLOCK|rpe6%r2|00
{@A-RES|0|+4.729230E+03{@LIM3|+4.700000E+03|+5.170000E+03|+4.230000E+03}}
}
{@BLOCK|rpe7%r1|00
{@A-RES|0|+4.761387E+03{@LIM3|+4.700000E+03|+5.170000E+03|+4.230000E+03}}
}
{@BLOCK|rpe7%r2|00
{@A-RES|0|+4.730593E+03{@LIM3|+4.700000E+03|+5.170000E+03|+4.230000E+03}}
}
{@BLOCK|rc106|00
{@A-RES|0|+2.229504E+03{@LIM3|+2.200000E+03|+2.420000E+03|+1.980000E+03}}
}
{@BLOCK|rc107|00
{@A-RES|0|+2.181801E+03{@LIM3|+2.200000E+03|+2.420000E+03|+1.980000E+03}}
}
{@BLOCK|rc108|00
{@A-RES|0|+2.191625E+03{@LIM3|+2.200000E+03|+2.420000E+03|+1.980000E+03}}
}
{@BLOCK|rc264|00
{@A-RES|0|+2.200275E+03{@LIM3|+2.200000E+03|+2.420000E+03|+1.980000E+03}}
}
{@BLOCK|rc265|00
{@A-RES|0|+2.220623E+03{@LIM3|+2.200000E+03|+2.420000E+03|+1.980000E+03}}
}
{@BLOCK|rc317|00
{@A-RES|0|+2.187734E+03{@LIM3|+2.200000E+03|+2.420000E+03|+1.980000E+03}}
}
{@BLOCK|rc318|00
{@A-RES|0|+2.208995E+03{@LIM3|+2.200000E+03|+2.420000E+03|+1.980000E+03}}
}
{@BLOCK|rpc2%r1|00
{@A-RES|0|+2.223048E+03{@LIM3|+2.200000E+03|+2.420000E+03|+1.980000E+03}}
}
{@BLOCK|rc182|00
{@A-RES|0|+2.210792E+03{@LIM3|+2.200000E+03|+2.420000E+03|+1.980000E+03}}
}
{@BLOCK|rc183|00
{@A-RES|0|+2.189798E+03{@LIM3|+2.200000E+03|+2.420000E+03|+1.980000E+03}}
}
{@BLOCK|rc281|00
{@A-RES|0|+2.199159E+03{@LIM3|+2.200000E+03|+2.420000E+03|+1.980000E+03}}
}
{@BLOCK|rc282|00
{@A-RES|0|+2.224237E+03{@LIM3|+2.200000E+03|+2.420000E+03|+1.980000E+03}}
}
{@BLOCK|rpc3%r1|00
{@A-RES|0|+2.229215E+03{@LIM3|+2.200000E+03|+2.420000E+03|+1.980000E+03}}
}
{@BLOCK|rpc3%r2|00
{@A-RES|0|+2.208393E+03{@LIM3|+2.200000E+03|+2.420000E+03|+1.980000E+03}}
}
{@BLOCK|rpc4%r1|00
{@A-RES|0|+2.211523E+03{@LIM3|+2.200000E+03|+2.420000E+03|+1.980000E+03}}
}
{@BLOCK|rpc4%r2|00
{@A-RES|0|+2.222864E+03{@LIM3|+2.200000E+03|+2.420000E+03|+1.980000E+03}}
}
{@BLOCK|rpu1%r2|00
{@A-RES|0|+2.209539E+03{@LIM3|+2.200000E+03|+2.420000E+03|+1.980000E+03}}
}
{@BLOCK|rpu2%r1|00
{@A-RES|0|+2.216129E+03{@LIM3|+2.200000E+03|+2.420000E+03|+1.980000E+03}}
}
{@BLOCK|rpu2%r2|00
{@A-RES|0|+2.211627E+03{@LIM3|+2.200000E+03|+2.420000E+03|+1.980000E+03}}
}
{@BLOCK|rpv150%r1|00
{@A-RES|0|+2.221387E+03{@LIM3|+2.200000E+03|+2.420000E+03|+1.980000E+03}}
}
{@BLOCK|rpv150%r2|00
{@A-RES|0|+2.195858E+03{@LIM3|+2.200000E+03|+2.420000E+03|+1.980000E+03}}
}
{@BLOCK|ru7|00
{@A-RES|0|+2.207664E+03{@LIM3|+2.200000E+03|+2.420000E+03|+1.980000E+03}}
}
{@BLOCK|ru8|00
{@A-RES|0|+2.229215E+03{@LIM3|+2.200000E+03|+2.420000E+03|+1.980000E+03}}
}
{@BLOCK|ru616|00
{@A-RES|0|+2.206963E+03{@LIM3|+2.200000E+03|+2.420000E+03|+1.980000E+03}}
}
{@BLOCK|rpc2%r2|00
{@A-RES|0|+2.215579E+03{@LIM3|+2.200000E+03|+2.420000E+03|+1.980000E+03}}
}
{@BLOCK|rpe2%r1|00
{@A-RES|0|+2.217153E+03{@LIM3|+2.200000E+03|+2.420000E+03|+1.980000E+03}}
}
{@BLOCK|rpe2%r2|00
{@A-RES|0|+2.208786E+03{@LIM3|+2.200000E+03|+2.420000E+03|+1.980000E+03}}
}
{@BLOCK|rpe4%r1|00
{@A-RES|0|+2.195015E+03{@LIM3|+2.200000E+03|+2.420000E+03|+1.980000E+03}}
}
{@BLOCK|rpe4%r2|00
{@A-RES|0|+2.198210E+03{@LIM3|+2.200000E+03|+2.420000E+03|+1.980000E+03}}
}
{@BLOCK|rpe5%r1|00
{@A-RES|0|+2.210286E+03{@LIM3|+2.200000E+03|+2.420000E+03|+1.980000E+03}}
}
{@BLOCK|rpe5%r2|00
{@A-RES|0|+2.216438E+03{@LIM3|+2.200000E+03|+2.420000E+03|+1.980000E+03}}
}
{@BLOCK|rc301|00
{@A-RES|0|+9.978612E+01{@LIM3|+1.000000E+02|+1.150000E+02|+9.000000E+01}}
}
{@BLOCK|ru617|00
{@A-RES|0|+2.198024E+03{@LIM3|+2.200000E+03|+2.420000E+03|+1.980000E+03}}
}
{@BLOCK|ru639|00
{@A-RES|0|+2.202160E+03{@LIM3|+2.200000E+03|+2.420000E+03|+1.980000E+03}}
}
{@BLOCK|ru640|00
{@A-RES|0|+2.221493E+03{@LIM3|+2.200000E+03|+2.420000E+03|+1.980000E+03}}
}
{@BLOCK|ru641|00
{@A-RES|0|+2.229746E+03{@LIM3|+2.200000E+03|+2.420000E+03|+1.980000E+03}}
}
{@BLOCK|ri204|00
{@A-RES|0|+1.024494E+02{@LIM3|+1.000000E+02|+1.150000E+02|+9.000000E+01}}
}
{@BLOCK|ri207|00
{@A-RES|0|+1.035613E+02{@LIM3|+1.000000E+02|+1.150000E+02|+9.000000E+01}}
}
{@BLOCK|ri210|00
{@A-RES|0|+1.041603E+02{@LIM3|+1.000000E+02|+1.150000E+02|+9.000000E+01}}
}
{@BLOCK|ri213|00
{@A-RES|0|+1.028192E+02{@LIM3|+1.000000E+02|+1.150000E+02|+9.000000E+01}}
}
{@BLOCK|ri218|00
{@A-RES|0|+1.026396E+02{@LIM3|+1.000000E+02|+1.150000E+02|+9.000000E+01}}
}
{@BLOCK|rb12|00
{@A-RES|0|+2.480561E+01{@LIM3|+2.200000E+01|+3.206001E+01|+1.980000E+01}}
}
{@BLOCK|rv519|00
{@A-RES|0|+4.713571E+02{@LIM3|+4.700000E+02|+5.170000E+02|+4.230000E+02}}
}
{@BLOCK|rc126|00
{@A-RES|0|+2.029752E+02{@LIM3|+2.000000E+02|+2.170000E+02|+1.880000E+02}}
}
{@BLOCK|rc228|00
{@A-RES|0|+2.020821E+02{@LIM3|+2.000000E+02|+2.170000E+02|+1.880000E+02}}
}
{@BLOCK|rt4|00
{@A-RES|0|+5.249805E+01{@LIM3|+5.100000E+01|+6.109999E+01|+4.590000E+01}}
}
{@BLOCK|rc222|00
{@A-RES|0|+7.140277E+04{@LIM3|+7.500000E+04|+8.250000E+04|+6.750000E+04}}
}
{@BLOCK|rc233|00
{@A-RES|0|+7.374896E+04{@LIM3|+7.500000E+04|+8.250000E+04|+6.750000E+04}}
}
{@BLOCK|rc302|00
{@A-RES|0|+1.000041E+02{@LIM3|+1.000000E+02|+1.150000E+02|+9.000000E+01}}
}
{@BLOCK|rc303|00
{@A-RES|0|+1.000218E+02{@LIM3|+1.000000E+02|+1.150000E+02|+9.000000E+01}}
}
{@BLOCK|rb4|00
{@A-RES|0|+2.430168E+01{@LIM3|+2.200000E+01|+2.920001E+01|+1.980000E+01}}
}
{@BLOCK|rb6|00
{@A-RES|0|+2.429857E+01{@LIM3|+2.700000E+01|+3.915000E+01|+2.025000E+01}}
}
{@BLOCK|rb8|00
{@A-RES|0|+2.426777E+01{@LIM3|+2.200000E+01|+2.920001E+01|+1.980000E+01}}
}
{@BLOCK|re79|00
{@A-RES|0|+2.463861E+01{@LIM3|+2.200000E+01|+2.920001E+01|+1.980000E+01}}
}
{@BLOCK|rc231|00
{@A-RES|0|+9.653432E+06{@LIM3|+1.000000E+07|+1.350000E+07|+6.500000E+06}}
}
{@BLOCK|re6|00
{@A-RES|0|+1.496737E+04{@LIM3|+1.500000E+04|+1.590000E+04|+1.410000E+04}}
}
{@BLOCK|rc288|00
{@A-RES|0|+1.832081E+02{@LIM3|+1.800000E+02|+1.958000E+02|+1.692000E+02}}
}
{@BLOCK|rd400|00
{@A-RES|0|+2.320380E+04{@LIM3|+2.320000E+04|+2.459200E+04|+2.180800E+04}}
}
{@BLOCK|ri405|00
{@A-RES|0|+3.690300E+02{@LIM3|+3.650000E+02|+4.927500E+02|+2.372500E+02}}
}
{@BLOCK|ri813|00
{@A-RES|0|+4.728946E+04{@LIM3|+4.700000E+04|+5.170000E+04|+4.230000E+04}}
}
{@BLOCK|ru612|00
{@A-RES|0|+4.695408E+04{@LIM3|+4.700000E+04|+5.170000E+04|+4.230000E+04}}
}
{@BLOCK|ru19|00
{@A-RES|0|+6.192982E+04{@LIM3|+6.190000E+04|+6.561400E+04|+5.818600E+04}}
}
{@BLOCK|ru20|00
{@A-RES|0|+3.381421E+05{@LIM3|+3.400000E+05|+3.774000E+05|+3.026000E+05}}
}
{@BLOCK|rv156|00
{@A-RES|0|+2.707560E+03{@LIM3|+2.700000E+03|+2.862000E+03|+2.538000E+03}}
}
{@BLOCK|rv500|00
{@A-RES|0|+1.507762E+03{@LIM3|+1.500000E+03|+1.650000E+03|+1.350000E+03}}
}
{@BLOCK|rv501|00
{@A-RES|0|+1.482738E+03{@LIM3|+1.500000E+03|+1.650000E+03|+1.350000E+03}}
}
{@BLOCK|pq6201%qf|00
{@A-NFE|0|+8.587235E+01{@LIM2|+2.000000E+02|+2.000000E+01}}
}
{@BLOCK|pq6208%qf|00
{@A-NFE|0|+8.154162E+01{@LIM2|+2.000000E+02|+2.000000E+01}}
}
{@BLOCK|qa1|00
{@A-NFE|0|+8.164183E+01{@LIM2|+2.000000E+02|+2.000000E+01}}
}
{@BLOCK|qc3%qf1|00
{@A-NFE|0|+6.787826E+01{@LIM2|+2.000000E+02|+2.000000E+01}}
}
{@BLOCK|qc3%qf2|00
{@A-NFE|0|+6.000079E+01{@LIM2|+2.000000E+02|+2.000000E+01}}
}
{@BLOCK|qc5|00
{@A-NFE|0|+9.594630E+01{@LIM2|+2.000000E+02|+2.000000E+01}}
}
{@BLOCK|re7|00
{@A-RES|0|+5.092777E+04{@LIM3|+5.100000E+04|+5.406000E+04|+4.794000E+04}}
}
{@BLOCK|re8|00
{@A-RES|0|+3.294922E+04{@LIM3|+3.300000E+04|+3.498000E+04|+3.102000E+04}}
}
{@BLOCK|qc1%qf1|00
{@A-NFE|0|+8.141951E+01{@LIM2|+2.000000E+02|+2.000000E+01}}
}
{@BLOCK|qc1%qf2|00
{@A-NFE|0|+7.335758E+01{@LIM2|+2.000000E+02|+2.000000E+01}}
}
{@BLOCK|qc9|00
{@A-NFE|0|+7.773938E+01{@LIM2|+2.000000E+02|+2.000000E+01}}
}
{@BLOCK|qc10|00
{@A-NFE|0|+1.841006E+02{@LIM2|+3.500000E+02|+2.000000E+01}}
}
{@BLOCK|qc13|00
{@A-PFE|0|+3.998306E+01{@LIM2|+3.500000E+02|+2.000000E+01}}
}
{@BLOCK|qc17|00
{@A-NFE|0|+7.196953E+01{@LIM2|+2.000000E+02|+2.000000E+01}}
}
{@BLOCK|qc6|00
{@A-NFE|0|+1.113603E+02{@LIM2|+2.000000E+02|+2.000000E+01}}
}
{@BLOCK|qc7|00
{@A-NFE|0|+1.414959E+02{@LIM2|+2.000000E+02|+2.000000E+01}}
}
{@BLOCK|qc11%qf1|00
{@A-NFE|0|+6.701459E+01{@LIM2|+2.000000E+02|+2.000000E+01}}
}
{@BLOCK|qc11%qf2|00
{@A-PFE|0|+7.587834E+01{@LIM2|+3.500000E+02|+2.000000E+01}}
}
{@BLOCK|qc18%qf1|00
{@A-NFE|0|+1.019837E+02{@LIM2|+2.000000E+02|+2.000000E+01}}
}
{@BLOCK|qc19|00
{@A-NFE|0|+6.963685E+01{@LIM2|+2.000000E+02|+2.000000E+01}}
}
{@BLOCK|qc20%qf1|00
{@A-NFE|0|+6.180309E+01{@LIM2|+2.000000E+02|+2.000000E+01}}
}
{@BLOCK|qc20%qf2|00
{@A-NFE|0|+6.055561E+01{@LIM2|+2.000000E+02|+2.000000E+01}}
}
{@BLOCK|qc24|00
{@A-NFE|0|+8.026648E+01{@LIM2|+2.000000E+02|+2.000000E+01}}
}
{@BLOCK|qc25%qf1|00
{@A-NFE|0|+3.835089E+01{@LIM2|+2.000000E+02|+2.000000E+01}}
}
{@BLOCK|qc25%qf2|00
{@A-NFE|0|+3.589223E+01{@LIM2|+3.500000E+02|+2.000000E+01}}
}
{@BLOCK|qc27|00
{@A-NFE|0|+8.081102E+01{@LIM2|+2.000000E+02|+2.000000E+01}}
}
{@BLOCK|qc28%qf2|00
{@A-NFE|0|+6.909481E+01{@LIM2|+2.000000E+02|+2.000000E+01}}
}
{@BLOCK|qc39%qf1|00
{@A-NFE|0|+6.939686E+01{@LIM2|+2.000000E+02|+2.000000E+01}}
}
{@BLOCK|qe3%qf1|00
{@A-NFE|0|+6.222520E+01{@LIM2|+2.000000E+02|+2.000000E+01}}
}
{@BLOCK|qe3%qf2|00
{@A-NFE|0|+8.550810E+01{@LIM2|+2.000000E+02|+2.000000E+01}}
}
{@BLOCK|qi801%qf1|00
{@A-NFE|0|+7.593456E+01{@LIM2|+2.000000E+02|+2.000000E+01}}
}
{@BLOCK|qi801%qf2|00
{@A-NFE|0|+7.432804E+01{@LIM2|+2.000000E+02|+2.000000E+01}}
}
{@BLOCK|qu1|00
{@A-NFE|0|+6.386390E+01{@LIM2|+2.000000E+02|+2.000000E+01}}
}
{@BLOCK|qu2|00
{@A-NFE|0|+6.728540E+01{@LIM2|+2.000000E+02|+2.000000E+01}}
}
{@BLOCK|qu601|00
{@A-NFE|0|+6.932165E+01{@LIM2|+2.000000E+02|+2.000000E+01}}
}
{@BLOCK|qu602|00
{@A-NFE|0|+6.856791E+01{@LIM2|+2.000000E+02|+2.000000E+01}}
}
{@BLOCK|qv150%qf1|00
{@A-NFE|0|+6.199964E+01{@LIM2|+2.000000E+02|+2.000000E+01}}
}
{@BLOCK|qv150%qf2|00
{@A-NFE|0|+6.219976E+01{@LIM2|+2.000000E+02|+2.000000E+01}}
}
{@BLOCK|qv500|00
{@A-NFE|0|+4.186227E+01{@LIM2|+2.000000E+02|+2.000000E+01}}
}
{@BLOCK|qv501|00
{@A-NFE|0|+2.835598E+01{@LIM2|+2.000000E+02|+2.000000E+01}}
}
{@BLOCK|qv502|00
{@A-NFE|0|+1.409220E+01{@LIM2|+2.000000E+02|+1.000000E+01}}
}
{@BLOCK|pq5303%qf|00
{@A-PFE|0|+6.747147E+01{@LIM2|+2.000000E+02|+2.000000E+01}}
}
{@BLOCK|da3|00
{@A-DIO|0|+4.711880E-01{@LIM2|+8.000000E-01|+4.000000E-01}}
}
{@BLOCK|da400|00
{@A-DIO|0|+5.627588E-01{@LIM2|+8.000000E-01|+4.000000E-01}}
}
{@BLOCK|da401|00
{@A-DIO|0|+5.822352E-01{@LIM2|+8.000000E-01|+4.000000E-01}}
}
{@BLOCK|da403|00
{@A-DIO|0|+7.051363E-01{@LIM2|+8.000000E-01|+4.000000E-01}}
}
{@BLOCK|da405|00
{@A-DIO|0|+5.571111E-01{@LIM2|+8.000000E-01|+4.000000E-01}}
}
{@BLOCK|da406|00
{@A-DIO|0|+6.077816E-01{@LIM2|+8.000000E-01|+4.000000E-01}}
}
{@BLOCK|de2|00
{@A-DIO|0|+5.247059E-01{@LIM2|+8.000000E-01|+4.000000E-01}}
}
{@BLOCK|de3|00
{@A-DIO|0|+4.653318E-01{@LIM2|+9.000000E-01|+4.000000E-01}}
}
{@BLOCK|dr1|00
{@A-DIO|0|+4.652463E-01{@LIM2|+8.000000E-01|+4.000000E-01}}
}
{@BLOCK|dr2|00
{@A-DIO|0|+4.715300E-01{@LIM2|+8.000000E-01|+4.000000E-01}}
}
{@BLOCK|du1|00
{@A-DIO|0|+4.514121E-01{@LIM2|+8.000000E-01|+4.000000E-01}}
}
{@BLOCK|du2|00
{@A-DIO|0|+5.120614E-01{@LIM2|+8.000000E-01|+4.000000E-01}}
}
{@BLOCK|du908|00
{@A-DIO|0|+6.190461E-01{@LIM2|+8.000000E-01|+4.000000E-01}}
}
{@BLOCK|du909|00
{@A-DIO|0|+6.189179E-01{@LIM2|+8.000000E-01|+4.000000E-01}}
}
{@BLOCK|du910%cr1|00
{@A-DIO|0|+6.828230E-01{@LIM2|+8.000000E-01|+4.000000E-01}}
}
{@BLOCK|du911%cr1|00
{@A-DIO|0|+6.826092E-01{@LIM2|+8.000000E-01|+4.000000E-01}}
}
{@BLOCK|du912%cr1|00
{@A-DIO|0|+6.544824E-01{@LIM2|+8.000000E-01|+4.000000E-01}}
}
{@BLOCK|du913%cr1|00
{@A-DIO|0|+7.182166E-01{@LIM2|+8.000000E-01|+4.000000E-01}}
}
{@BLOCK|du915|00
{@A-DIO|0|+6.163531E-01{@LIM2|+8.000000E-01|+4.000000E-01}}
}
{@BLOCK|du916%cr1|00
{@A-DIO|0|+6.370849E-01{@LIM2|+8.000000E-01|+4.000000E-01}}
}
{@BLOCK|du918%cr1|00
{@A-DIO|0|+7.000496E-01{@LIM2|+8.000000E-01|+4.000000E-01}}
}
{@BLOCK|du920%cr1|00
{@A-DIO|0|+6.362299E-01{@LIM2|+8.000000E-01|+4.000000E-01}}
}
{@BLOCK|du921|00
{@A-DIO|0|+5.921162E-01{@LIM2|+8.000000E-01|+4.000000E-01}}
}
{@BLOCK|dv152|00
{@A-DIO|0|+4.383592E-01{@LIM2|+8.000000E-01|+4.000000E-01}}
}
{@BLOCK|dv153|00
{@A-DIO|0|+4.332724E-01{@LIM2|+8.000000E-01|+4.000000E-01}}
}
{@BLOCK|pd121|00
{@A-DIO|0|+6.835924E-01{@LIM2|+8.000000E-01|+4.000000E-01}}
}
{@BLOCK|pd123|00
{@A-DIO|0|+6.795743E-01{@LIM2|+8.000000E-01|+4.000000E-01}}
}
{@BLOCK|du1000%cr1|00
{@A-DIO|0|+5.164987E-01{@LIM2|+8.000000E-01|+4.000000E-01}}
}
{@BLOCK|du1000%cr2|00
{@A-DIO|0|+5.226113E-01{@LIM2|+8.000000E-01|+4.000000E-01}}
}
{@BLOCK|du1001%cr1|00
{@A-DIO|0|+6.295188E-01{@LIM2|+8.000000E-01|+4.000000E-01}}
}
{@BLOCK|du1001%cr2|00
{@A-DIO|0|+6.287494E-01{@LIM2|+8.000000E-01|+4.000000E-01}}
}
{@BLOCK|dv501%cr1|00
{@A-DIO|0|+6.693251E-01{@LIM2|+8.000000E-01|+4.000000E-01}}
}
{@BLOCK|dv501%cr2|00
{@A-DIO|0|+6.663231E-01{@LIM2|+8.000000E-01|+4.000000E-01}}
}
{@BLOCK|dv501%cr4|00
{@A-DIO|0|+1.612194E+00{@LIM2|+2.200000E+00|+1.200000E+00}}
}
{@BLOCK|dv501%cr5|00
{@A-DIO|0|+1.414111E+00{@LIM2|+2.200000E+00|+1.200000E+00}}
}
{@BLOCK|ue2%cr|00
{@A-DIO|0|+5.587316E-01{@LIM2|+8.000000E-01|+4.000000E-01}}
}
{@BLOCK|led1%cr_org|00
{@A-DIO|0|+3.156569E+00{@LIM2|+4.000000E+00|+3.000000E+00}}
}
{@BLOCK|led1%cr_whi|00
{@A-DIO|0|+2.055185E+00{@LIM2|+2.350000E+00|+1.350000E+00}}
}
{@BLOCK|du3|00
{@A-DIO|0|+6.101832E-01{@LIM2|+8.000000E-01|+4.000000E-01}}
}
{@BLOCK|du914%ds|00
{@A-DIO|0|+4.514385E-01{@LIM2|+8.000000E-01|+4.000000E-01}}
}
{@BLOCK|du917%ds|00
{@A-DIO|0|+4.978615E-01{@LIM2|+8.000000E-01|+4.000000E-01}}
}
{@BLOCK|du1002|00
{@A-DIO|0|+5.346261E-01{@LIM2|+8.000000E-01|+4.000000E-01}}
}
{@BLOCK|qc32%qf1|00
{@A-NFE|0|+6.131189E+01{@LIM2|+2.000000E+02|+2.000000E+01}}
}
{@BLOCK|qc32%qf2|00
{@A-PFE|0|+4.300696E+01{@LIM2|+2.000000E+02|+2.000000E+01}}
}
{@BLOCK|qc35|00
{@A-NFE|0|+7.921325E+01{@LIM2|+2.000000E+02|+2.000000E+01}}
}
{@BLOCK|qi100|00
{@A-NFE|0|+7.616221E+01{@LIM2|+2.000000E+02|+2.000000E+01}}
}
{@BLOCK|da1|00
{@A-DIO|0|+4.775014E-01{@LIM2|+8.000000E-01|+4.000000E-01}}
}
{@BLOCK|da2|00
{@A-DIO|0|+4.584423E-01{@LIM2|+8.000000E-01|+4.000000E-01}}
}
{@BLOCK|dc1|00
{@A-DIO|0|+4.565736E-01{@LIM2|+8.000000E-01|+4.000000E-01}}
}
}}