{@BATCH|tb14_tb16_gen6_irl||3359|1||btest|050422095845~16|ICT0265\engineer|ICT0265|C:/Agilent_ICT/boards/tb14_tb16_gen6_irl_G8|RevA|5b21d46750tb14i5||5b21d46750tb14i5
{@BTEST|6483001461|00|050422121604|000019|0|all||n||050422121623||1
{@BLOCK|pc5107|00
{@A-CAP|0|+8.023380E-05{@LIM3|+1.110000E-04|+1.665000E-04|+5.548468E-05}}
}
{@BLOCK|c6106|00
{@A-CAP|0|+3.345138E-05{@LIM3|+4.230000E-05|+5.499000E-05|+2.749500E-05}}
}
{@BLOCK|c2205|00
{@A-CAP|0|+2.054260E-06{@LIM3|+2.100000E-06|+3.150000E-06|+1.050000E-06}}
}
{@BLOCK|c2212|00
{@A-CAP|0|+9.580345E-05{@LIM3|+1.001000E-04|+1.301300E-04|+7.005619E-05}}
}
{@BLOCK|c2401|00
{@A-CAP|0|+5.588551E-06{@LIM3|+4.900000E-06|+6.370000E-06|+3.430000E-06}}
}
{@BLOCK|c2217|00
{@A-CAP|0|+4.003756E-06{@LIM3|+4.300000E-06|+5.590000E-06|+3.010000E-06}}
}
{@BLOCK|c2415|00
{@A-CAP|0|+1.132435E-07{@LIM3|+1.000000E-07|+1.300000E-07|+7.000000E-08}}
}
{@BLOCK|c6311|00
{@A-CAP|0|+8.471572E-05{@LIM3|+8.911000E-05|+1.158430E-04|+6.236470E-05}}
}
{@BLOCK|c2622|00
{@A-CAP|0|+1.034318E-07{@LIM3|+1.001000E-07|+1.201200E-07|+8.008000E-08}}
}
{@BLOCK|c2702|00
{@A-CAP|0|+5.819216E-06{@LIM3|+5.700000E-06|+7.410000E-06|+3.990000E-06}}
}
{@BLOCK|c2708|00
{@A-CAP|0|+2.000918E-05{@LIM3|+2.050000E-05|+2.665000E-05|+1.435000E-05}}
}
{@BLOCK|c2733|00
{@A-CAP|0|+1.109025E-07{@LIM3|+1.000000E-07|+1.300000E-07|+7.000000E-08}}
}
{@BLOCK|tc3501|00
{@A-CAP|0|+9.426711E-05{@LIM3|+1.001000E-04|+1.301300E-04|+7.000704E-05}}
}
{@BLOCK|pc4556|00
{@A-CAP|0|+1.565137E-04{@LIM3|+1.342000E-04|+1.744600E-04|+9.392148E-05}}
}
{@BLOCK|pc5106|00
{@A-CAP|0|+7.742825E-08{@LIM3|+1.000000E-07|+1.200000E-07|+7.000000E-08}}
}
{@BLOCK|c5502|00
{@A-CAP|0|+5.618705E-06{@LIM3|+4.800000E-06|+6.240000E-06|+3.360000E-06}}
}
{@BLOCK|pc4509|00
{@A-CAP|0|+1.622438E-04{@LIM3|+1.342000E-04|+1.744600E-04|+9.392148E-05}}
}
{@BLOCK|c5708|00
{@A-CAP|0|+7.299738E-06{@LIM3|+6.440000E-06|+8.372000E-06|+4.508000E-06}}
}
{@BLOCK|c7111|00
{@A-CAP|0|+1.057360E-04{@LIM3|+1.072000E-04|+1.393600E-04|+7.500827E-05}}
}
{@BLOCK|c7124|00
{@A-CAP|0|+9.957027E-08{@LIM3|+1.000000E-07|+1.300000E-07|+7.000000E-08}}
}
{@BLOCK|c7206|00
{@A-CAP|0|+9.233694E-08{@LIM3|+1.000000E-07|+1.200000E-07|+8.000000E-08}}
}
{@BLOCK|c4213|00
{@A-CAP|0|+2.213348E-06{@LIM3|+2.040000E-06|+2.448000E-06|+1.632000E-06}}
}
{@BLOCK|c7506|00
{@A-CAP|0|+9.627588E-08{@LIM3|+1.000000E-07|+1.200000E-07|+8.000000E-08}}
}
{@BLOCK|c4201|00
{@A-CAP|0|+2.074987E-06{@LIM3|+2.040000E-06|+2.448000E-06|+1.632000E-06}}
}
{@BLOCK|pt5001|00
{@A-CAP|0|+8.433468E-04{@LIM3|+8.360000E-04|+1.086800E-03|+5.834653E-04}}
}
{@BLOCK|c1202|00
{@A-CAP|0|+3.609239E-04{@LIM3|+3.041000E-04|+3.953300E-04|+2.128280E-04}}
}
{@BLOCK|pc4406|00
{@A-CAP|0|+3.582928E-05{@LIM3|+4.067500E-05|+5.287750E-05|+2.847250E-05}}
}
{@BLOCK|pc4450|00
{@A-CAP|0|+9.953041E-06{@LIM3|+1.130000E-05|+1.469000E-05|+7.910000E-06}}
}
{@BLOCK|pt4701|00
{@A-CAP|0|+1.362464E-03{@LIM3|+1.320000E-03|+1.716000E-03|+9.212610E-04}}
}
{@BLOCK|pt4801|00
{@A-CAP|0|+1.226924E-03{@LIM3|+1.210000E-03|+1.573000E-03|+8.444892E-04}}
}
{@BLOCK|pc4416|00
{@A-CAP|0|+9.045685E-08{@LIM3|+1.000000E-07|+1.200000E-07|+8.000000E-08}}
}
{@BLOCK|pc4420|00
{@A-CAP|0|+2.263043E-06{@LIM3|+2.200000E-06|+2.860000E-06|+1.540000E-06}}
}
{@BLOCK|pc4506|00
{@A-CAP|0|+8.068895E-08{@LIM3|+1.000000E-07|+1.200000E-07|+7.000000E-08}}
}
{@BLOCK|pc4508|00
{@A-CAP|0|+7.982601E-08{@LIM3|+1.000000E-07|+1.200000E-07|+7.000000E-08}}
}
{@BLOCK|pc4552|00
{@A-CAP|0|+8.086365E-08{@LIM3|+1.000000E-07|+1.200000E-07|+7.000000E-08}}
}
{@BLOCK|pc4564|00
{@A-CAP|0|+7.794031E-08{@LIM3|+1.000000E-07|+1.200000E-07|+7.000000E-08}}
}
{@BLOCK|pc5108|00
{@A-CAP|0|+7.893888E-08{@LIM3|+1.000000E-07|+1.200000E-07|+7.000000E-08}}
}
{@BLOCK|c7121|00
{@A-CAP|0|+1.171179E-05{@LIM3|+1.220000E-05|+1.830000E-05|+6.100000E-06}}
}
{@BLOCK|c7301|00
{@A-CAP|0|+1.113068E-05{@LIM3|+1.000000E-05|+1.300000E-05|+7.000000E-06}}
}
{@BLOCK|c7302|00
{@A-CAP|0|+1.477995E-05{@LIM3|+1.200000E-05|+1.560000E-05|+8.400000E-06}}
}
{@BLOCK|c7303|00
{@A-CAP|0|+1.096737E-05{@LIM3|+1.000000E-05|+1.300000E-05|+7.000000E-06}}
}
{@BLOCK|pc4507|00
{@A-CAP|0|+9.769551E-06{@LIM3|+1.000000E-05|+1.300000E-05|+7.000000E-06}}
}
{@BLOCK|pc4563|00
{@A-CAP|0|+1.045606E-05{@LIM3|+1.000000E-05|+1.300000E-05|+7.000000E-06}}
}
{@BLOCK|c1803|00
{@A-CAP|0|+1.038730E-06{@LIM3|+1.000000E-06|+1.300000E-06|+7.000000E-07}}
}
{@BLOCK|c1804|00
{@A-CAP|0|+1.042380E-06{@LIM3|+1.000000E-06|+1.300000E-06|+7.000000E-07}}
}
{@BLOCK|c2403|00
{@A-CAP|0|+1.040809E-06{@LIM3|+1.000000E-06|+1.300000E-06|+7.000000E-07}}
}
{@BLOCK|c5728|00
{@A-CAP|0|+1.047588E-06{@LIM3|+1.000000E-06|+1.300000E-06|+7.000000E-07}}
}
{@BLOCK|pc4611|00
{@A-CAP|0|+1.014405E-06{@LIM3|+1.000000E-06|+1.300000E-06|+7.000000E-07}}
}
{@BLOCK|pc5116|00
{@A-CAP|0|+1.018209E-06{@LIM3|+1.000000E-06|+1.300000E-06|+7.000000E-07}}
}
{@BLOCK|c7127|00
{@A-CAP|0|+8.616533E-05{@LIM3|+9.080000E-05|+1.452800E-04|+3.630747E-05}}
}
{@BLOCK|c2204|00
{@A-CAP|0|+4.667956E-06{@LIM3|+4.700000E-06|+6.110000E-06|+3.290000E-06}}
}
{@BLOCK|pc4522|00
{@A-CAP|0|+5.652968E-06{@LIM3|+4.700000E-06|+6.110000E-06|+3.290000E-06}}
}
{@BLOCK|pc4561|00
{@A-CAP|0|+5.819053E-06{@LIM3|+4.700000E-06|+6.110000E-06|+3.290000E-06}}
}
{@BLOCK|pc5113|00
{@A-CAP|0|+5.616313E-06{@LIM3|+4.700000E-06|+6.110000E-06|+3.290000E-06}}
}
{@BLOCK|c2210|00
{@A-CAP|0|+1.622363E-06{@LIM3|+2.500000E-06|+3.750000E-06|+1.250000E-06}}
}
{@BLOCK|c2713|00
{@A-CAP|0|+1.996671E-06{@LIM3|+2.200000E-06|+2.860000E-06|+1.540000E-06}}
}
{@BLOCK|c2716|00
{@A-CAP|0|+1.911684E-06{@LIM3|+2.200000E-06|+2.860000E-06|+1.540000E-06}}
}
{@BLOCK|c2717|00
{@A-CAP|0|+2.010479E-06{@LIM3|+2.200000E-06|+2.860000E-06|+1.540000E-06}}
}
{@BLOCK|c2718|00
{@A-CAP|0|+2.397227E-06{@LIM3|+2.200000E-06|+2.860000E-06|+1.540000E-06}}
}
{@BLOCK|c2719|00
{@A-CAP|0|+2.618682E-06{@LIM3|+2.800000E-06|+4.200000E-06|+1.400000E-06}}
}
{@BLOCK|c3001|00
{@A-CAP|0|+2.287895E-06{@LIM3|+2.200000E-06|+2.860000E-06|+1.540000E-06}}
}
{@BLOCK|c7109|00
{@A-CAP|0|+2.624919E-06{@LIM3|+2.200000E-06|+2.860000E-06|+1.540000E-06}}
}
{@BLOCK|c7110|00
{@A-CAP|0|+2.484401E-06{@LIM3|+2.200000E-06|+2.860000E-06|+1.540000E-06}}
}
{@BLOCK|pc4689|00
{@A-CAP|0|+2.588104E-06{@LIM3|+2.800000E-06|+4.200000E-06|+1.400000E-06}}
}
{@BLOCK|c6401|00
{@A-CAP|0|+8.688838E-10{@LIM3|+1.000000E-09|+1.177000E-09|+8.000000E-10}}
}
{@BLOCK|c7140|00
{@A-CAP|0|+1.287814E-09{@LIM3|+1.200000E-09|+1.620000E-09|+7.800000E-10}}
}
{@BLOCK|ec2901|00
{@A-CAP|0|+1.077929E-09{@LIM3|+1.000000E-09|+1.300000E-09|+8.000000E-10}}
}
{@BLOCK|ec2902|00
{@A-CAP|0|+1.123834E-09{@LIM3|+1.000000E-09|+1.250000E-09|+8.000000E-10}}
}
{@BLOCK|ec2903|00
{@A-CAP|0|+1.112305E-09{@LIM3|+1.000000E-09|+1.250000E-09|+8.000000E-10}}
}
{@BLOCK|ec2904|00
{@A-CAP|0|+1.108186E-09{@LIM3|+1.000000E-09|+1.250000E-09|+8.000000E-10}}
}
{@BLOCK|ec4308|00
{@A-CAP|0|+1.049686E-09{@LIM3|+1.000000E-09|+1.250000E-09|+8.000000E-10}}
}
{@BLOCK|pc5013|00
{@A-CAP|0|+1.919058E-07{@LIM3|+2.200000E-07|+2.640000E-07|+1.760000E-07}}
}
{@BLOCK|pc4709|00
{@A-CAP|0|+9.165743E-07{@LIM3|+1.000000E-06|+1.200000E-06|+8.000000E-07}}
}
{@BLOCK|pc4613|00
{@A-CAP|0|+1.002538E-08{@LIM3|+1.000000E-08|+1.200000E-08|+8.000000E-09}}
}
{@BLOCK|c7310|00
{@A-CAP|0|+3.337754E-10{@LIM3|+2.900000E-10|+3.915000E-10|+1.885000E-10}}
}
{@BLOCK|pc4413|00
{@A-CAP|0|+4.658554E-08{@LIM3|+4.700000E-08|+5.640000E-08|+3.760000E-08}}
}
{@BLOCK|pc4414|00
{@A-CAP|0|+4.807481E-08{@LIM3|+4.700000E-08|+5.640000E-08|+3.760000E-08}}
}
{@BLOCK|pc4608|00
{@A-CAP|0|+3.997500E-10{@LIM3|+3.900000E-10|+4.755001E-10|+3.120000E-10}}
}
{@BLOCK|er2707|00
{@A-RES|0|+3.718183E+01{@LIM3|+3.300000E+01|+4.455000E+01|+2.970000E+01}}
}
{@BLOCK|r4302|00
{@A-RES|0|+3.803152E+01{@LIM3|+3.300000E+01|+4.129999E+01|+2.970000E+01}}
}
{@BLOCK|r4303|00
{@A-RES|0|+3.589083E+01{@LIM3|+3.300000E+01|+4.129999E+01|+2.970000E+01}}
}
{@BLOCK|r4304|00
{@A-RES|0|+3.708903E+01{@LIM3|+3.300000E+01|+4.129999E+01|+2.970000E+01}}
}
{@BLOCK|c2613|00
{@A-CAP|0|+2.303451E-09{@LIM3|+2.300000E-09|+2.760000E-09|+1.840000E-09}}
}
{@BLOCK|c2620|00
{@A-CAP|0|+2.303493E-09{@LIM3|+2.300000E-09|+2.760000E-09|+1.840000E-09}}
}
{@BLOCK|r1885|00
{@A-RES|0|+3.538715E+01{@LIM3|+3.300000E+01|+4.455000E+01|+2.970000E+01}}
}
{@BLOCK|r1886|00
{@A-RES|0|+3.521191E+01{@LIM3|+3.300000E+01|+4.455000E+01|+2.145000E+01}}
}
{@BLOCK|r5611|00
{@A-RES|0|+3.775871E+01{@LIM3|+3.300000E+01|+4.455000E+01|+2.145000E+01}}
}
{@BLOCK|r5612|00
{@A-RES|0|+3.816593E+01{@LIM3|+3.300000E+01|+4.455000E+01|+2.145000E+01}}
}
{@BLOCK|r5613|00
{@A-RES|0|+3.762869E+01{@LIM3|+3.300000E+01|+4.129999E+01|+2.970000E+01}}
}
{@BLOCK|r5614|00
{@A-RES|0|+3.721525E+01{@LIM3|+3.300000E+01|+4.455000E+01|+2.970000E+01}}
}
{@BLOCK|r5510|00
{@A-RES|0|+3.627453E+01{@LIM3|+3.300000E+01|+4.129999E+01|+2.970000E+01}}
}
{@BLOCK|r5552|00
{@A-RES|0|+3.960000E+01{@LIM3|+3.300000E+01|+4.455000E+01|+2.145000E+01}}
}
{@BLOCK|r5553|00
{@A-RES|0|+3.659372E+01{@LIM3|+3.300000E+01|+4.129999E+01|+2.970000E+01}}
}
{@BLOCK|pr4432|00
{@A-RES|0|+1.000484E+05{@LIM3|+1.000000E+05|+1.150000E+05|+8.500000E+04}}
}
{@BLOCK|pr5004|00
{@A-RES|0|+9.920004E+04{@LIM3|+1.000000E+05|+1.150000E+05|+8.500000E+04}}
}
{@BLOCK|pr5103|00
{@A-RES|0|+9.959075E+04{@LIM3|+1.000000E+05|+1.150000E+05|+8.500000E+04}}
}
{@BLOCK|r1207|00
{@A-RES|0|+1.008897E+05{@LIM3|+1.000000E+05|+1.150000E+05|+8.500000E+04}}
}
{@BLOCK|r1704|00
{@A-RES|0|+1.000913E+05{@LIM3|+1.000000E+05|+1.150000E+05|+8.500000E+04}}
}
{@BLOCK|r1706|00
{@A-RES|0|+1.005321E+05{@LIM3|+1.000000E+05|+1.150000E+05|+8.500000E+04}}
}
{@BLOCK|r1711|00
{@A-RES|0|+1.016208E+05{@LIM3|+1.000000E+05|+1.150000E+05|+8.500000E+04}}
}
{@BLOCK|r1714|00
{@A-RES|0|+9.955897E+04{@LIM3|+1.000000E+05|+1.150000E+05|+8.500000E+04}}
}
{@BLOCK|r1718|00
{@A-RES|0|+9.913714E+04{@LIM3|+1.000000E+05|+1.150000E+05|+8.500000E+04}}
}
{@BLOCK|r1719|00
{@A-RES|0|+9.917916E+04{@LIM3|+1.000000E+05|+1.150000E+05|+8.500000E+04}}
}
{@BLOCK|r1720|00
{@A-RES|0|+5.880486E+04{@LIM3|+7.890900E+04|+1.223089E+05|+3.550905E+04}}
}
{@BLOCK|r1793|00
{@A-RES|0|+9.961195E+04{@LIM3|+1.000000E+05|+1.150000E+05|+8.500000E+04}}
}
{@BLOCK|r1806|00
{@A-RES|0|+9.993102E+04{@LIM3|+1.000000E+05|+1.150000E+05|+8.500000E+04}}
}
{@BLOCK|r1887|00
{@A-RES|0|+9.998440E+04{@LIM3|+1.000000E+05|+1.150000E+05|+8.500000E+04}}
}
{@BLOCK|r2254|00
{@A-RES|0|+1.004135E+05{@LIM3|+1.000000E+05|+1.150000E+05|+8.500000E+04}}
}
{@BLOCK|r2402|00
{@A-RES|0|+9.997372E+04{@LIM3|+1.000000E+05|+1.150000E+05|+8.500000E+04}}
}
{@BLOCK|r2409|00
{@A-RES|0|+1.001449E+05{@LIM3|+1.000000E+05|+1.150000E+05|+8.500000E+04}}
}
{@BLOCK|r2412|00
{@A-RES|0|+9.993102E+04{@LIM3|+1.000000E+05|+1.150000E+05|+8.500000E+04}}
}
{@BLOCK|r2417|00
{@A-RES|0|+9.989957E+04{@LIM3|+1.000000E+05|+1.150000E+05|+8.500000E+04}}
}
{@BLOCK|r2424|00
{@A-RES|0|+9.986704E+04{@LIM3|+1.000000E+05|+1.150000E+05|+8.500000E+04}}
}
{@BLOCK|r2448|00
{@A-RES|0|+9.972870E+04{@LIM3|+1.000000E+05|+1.150000E+05|+8.500000E+04}}
}
{@BLOCK|r2471|00
{@A-RES|0|+1.002829E+05{@LIM3|+1.000000E+05|+1.150000E+05|+8.500000E+04}}
}
{@BLOCK|r2481|00
{@A-RES|0|+1.000592E+05{@LIM3|+1.000000E+05|+1.150000E+05|+8.500000E+04}}
}
{@BLOCK|r2646|00
{@A-RES|0|+1.087133E+05{@LIM3|+1.000000E+05|+1.500000E+05|+5.000000E+04}}
}
{@BLOCK|r2709|00
{@A-RES|0|+9.985639E+04{@LIM3|+1.000000E+05|+1.150000E+05|+8.500000E+04}}
}
{@BLOCK|r2718|00
{@A-RES|0|+9.912868E+04{@LIM3|+1.000000E+05|+1.150000E+05|+8.500000E+04}}
}
{@BLOCK|r3010|00
{@A-RES|0|+9.907418E+04{@LIM3|+1.000000E+05|+1.150000E+05|+8.500000E+04}}
}
{@BLOCK|r4021|00
{@A-RES|0|+9.656481E+04{@LIM3|+1.000000E+05|+1.250000E+05|+7.500000E+04}}
}
{@BLOCK|r4022|00
{@A-RES|0|+9.253279E+04{@LIM3|+1.000000E+05|+1.150000E+05|+8.500000E+04}}
}
{@BLOCK|r5512|00
{@A-RES|0|+9.958015E+04{@LIM3|+1.000000E+05|+1.150000E+05|+8.500000E+04}}
}
{@BLOCK|r5515|00
{@A-RES|0|+9.809585E+04{@LIM3|+1.000000E+05|+1.150000E+05|+7.500000E+04}}
}
{@BLOCK|r5517|00
{@A-RES|0|+9.983378E+04{@LIM3|+1.000000E+05|+1.150000E+05|+8.500000E+04}}
}
{@BLOCK|r6501|00
{@A-RES|0|+1.001234E+05{@LIM3|+1.000000E+05|+1.150000E+05|+8.500000E+04}}
}
{@BLOCK|r6502|00
{@A-RES|0|+1.001127E+05{@LIM3|+1.000000E+05|+1.150000E+05|+8.500000E+04}}
}
{@BLOCK|r6516|00
{@A-RES|0|+9.988836E+04{@LIM3|+1.000000E+05|+1.150000E+05|+8.500000E+04}}
}
{@BLOCK|r6518|00
{@A-RES|0|+9.990969E+04{@LIM3|+1.000000E+05|+1.150000E+05|+8.500000E+04}}
}
{@BLOCK|r6521|00
{@A-RES|0|+1.002307E+05{@LIM3|+1.000000E+05|+1.150000E+05|+8.500000E+04}}
}
{@BLOCK|r6577|00
{@A-RES|0|+9.983508E+04{@LIM3|+1.000000E+05|+1.150000E+05|+8.500000E+04}}
}
{@BLOCK|r6581|00
{@A-RES|0|+9.986704E+04{@LIM3|+8.500000E+04|+1.062500E+05|+7.225000E+04}}
}
{@BLOCK|r6610|00
{@A-RES|0|+1.000165E+05{@LIM3|+1.000000E+05|+1.150000E+05|+8.500000E+04}}
}
{@BLOCK|r7123|00
{@A-RES|0|+9.985639E+04{@LIM3|+1.000000E+05|+1.150000E+05|+8.500000E+04}}
}
{@BLOCK|r7330|00
{@A-RES|0|+9.907418E+04{@LIM3|+1.000000E+05|+1.150000E+05|+8.500000E+04}}
}
{@BLOCK|rn2201%r1|00
{@A-RES|0|+9.921302E+04{@LIM3|+1.000000E+05|+1.150000E+05|+7.500000E+04}}
}
{@BLOCK|rn2201%r2|00
{@A-RES|0|+9.894104E+04{@LIM3|+1.000000E+05|+1.150000E+05|+7.500000E+04}}
}
{@BLOCK|rn4001%r1|00
{@A-RES|0|+9.953224E+04{@LIM3|+1.000000E+05|+1.150000E+05|+8.500000E+04}}
}
{@BLOCK|r6113|00
{@A-RES|0|+3.616542E+01{@LIM3|+3.300000E+01|+4.620000E+01|+2.145000E+01}}
}
{@BLOCK|r2529|00
{@A-RES|0|+9.986666E+04{@LIM3|+1.000000E+05|+1.150000E+05|+8.500000E+04}}
}
{@BLOCK|r2530|00
{@A-RES|0|+1.002516E+05{@LIM3|+1.000000E+05|+1.150000E+05|+8.500000E+04}}
}
{@BLOCK|r4012|00
{@A-RES|0|+9.570678E+04{@LIM3|+1.000000E+05|+1.250000E+05|+7.500000E+04}}
}
{@BLOCK|pr4501|00
{@A-RES|0|+1.015919E+01{@LIM3|+1.000000E+01|+1.250000E+01|+7.500000E+00}}
}
{@BLOCK|pr4551|00
{@A-RES|0|+1.008087E+01{@LIM3|+1.000000E+01|+1.350000E+01|+6.500000E+00}}
}
{@BLOCK|pr5109|00
{@A-RES|0|+1.054350E+01{@LIM3|+1.000000E+01|+1.350000E+01|+6.500000E+00}}
}
{@BLOCK|r2708|00
{@A-RES|0|+1.129295E+01{@LIM3|+1.000000E+01|+1.350000E+01|+6.500000E+00}}
}
{@BLOCK|rn4001%r2|00
{@A-RES|0|+9.851023E+04{@LIM3|+1.000000E+05|+1.150000E+05|+7.500000E+04}}
}
{@BLOCK|rn6401%r1|00
{@A-RES|0|+1.000165E+05{@LIM3|+1.000000E+05|+1.150000E+05|+8.500000E+04}}
}
{@BLOCK|rn6401%r2|00
{@A-RES|0|+9.942126E+04{@LIM3|+1.000000E+05|+1.150000E+05|+8.500000E+04}}
}
{@BLOCK|rn6402%r1|00
{@A-RES|0|+1.005970E+05{@LIM3|+1.000000E+05|+1.150000E+05|+8.500000E+04}}
}
{@BLOCK|rn6402%r2|00
{@A-RES|0|+9.980315E+04{@LIM3|+1.000000E+05|+1.150000E+05|+7.500000E+04}}
}
{@BLOCK|pr4434|00
{@A-RES|0|+1.001734E+04{@LIM3|+1.000000E+04|+1.100000E+04|+9.000000E+03}}
}
{@BLOCK|pr4643|00
{@A-RES|0|+1.000129E+04{@LIM3|+1.000000E+04|+1.100000E+04|+9.000000E+03}}
}
{@BLOCK|pr4648|00
{@A-RES|0|+1.003022E+04{@LIM3|+1.000000E+04|+1.100000E+04|+9.000000E+03}}
}
{@BLOCK|r411|00
{@A-RES|0|+1.010710E+04{@LIM3|+1.000000E+04|+1.100000E+04|+9.000000E+03}}
}
{@BLOCK|r1201|00
{@A-RES|0|+1.001841E+04{@LIM3|+1.000000E+04|+1.100000E+04|+9.000000E+03}}
}
{@BLOCK|r1602|00
{@A-RES|0|+1.000396E+04{@LIM3|+1.000000E+04|+1.100000E+04|+9.000000E+03}}
}
{@BLOCK|r1603|00
{@A-RES|0|+1.000022E+04{@LIM3|+1.000000E+04|+1.100000E+04|+9.000000E+03}}
}
{@BLOCK|r1609|00
{@A-RES|0|+9.906570E+03{@LIM3|+1.000000E+04|+1.100000E+04|+9.000000E+03}}
}
{@BLOCK|r1610|00
{@A-RES|0|+1.006581E+04{@LIM3|+1.000000E+04|+1.100000E+04|+9.000000E+03}}
}
{@BLOCK|r1705|00
{@A-RES|0|+1.012350E+04{@LIM3|+1.000000E+04|+1.100000E+04|+9.000000E+03}}
}
{@BLOCK|r1707|00
{@A-RES|0|+9.981030E+03{@LIM3|+1.000000E+04|+1.100000E+04|+9.000000E+03}}
}
{@BLOCK|r1774|00
{@A-RES|0|+9.985534E+03{@LIM3|+1.000000E+04|+1.100000E+04|+9.000000E+03}}
}
{@BLOCK|r1840|00
{@A-RES|0|+9.974287E+03{@LIM3|+1.000000E+04|+1.100000E+04|+9.000000E+03}}
}
{@BLOCK|r1842|00
{@A-RES|0|+9.989181E+03{@LIM3|+1.000000E+04|+1.100000E+04|+9.000000E+03}}
}
{@BLOCK|r1844|00
{@A-RES|0|+1.007353E+04{@LIM3|+1.000000E+04|+1.100000E+04|+9.000000E+03}}
}
{@BLOCK|r1845|00
{@A-RES|0|+1.003091E+04{@LIM3|+1.000000E+04|+1.100000E+04|+9.000000E+03}}
}
{@BLOCK|r1846|00
{@A-RES|0|+1.004005E+04{@LIM3|+1.000000E+04|+1.100000E+04|+9.000000E+03}}
}
{@BLOCK|r2032|00
{@A-RES|0|+1.004705E+04{@LIM3|+1.000000E+04|+1.100000E+04|+9.000000E+03}}
}
{@BLOCK|r2034|00
{@A-RES|0|+9.996646E+03{@LIM3|+1.000000E+04|+1.100000E+04|+9.000000E+03}}
}
{@BLOCK|r1708|00
{@A-RES|0|+1.001675E+04{@LIM3|+1.000000E+04|+1.100000E+04|+9.000000E+03}}
}
{@BLOCK|r1713|00
{@A-RES|0|+1.007990E+04{@LIM3|+1.000000E+04|+1.100000E+04|+9.000000E+03}}
}
{@BLOCK|r1717|00
{@A-RES|0|+1.001466E+04{@LIM3|+1.000000E+04|+1.100000E+04|+9.000000E+03}}
}
{@BLOCK|r1974|00
{@A-RES|0|+1.042738E+04{@LIM3|+1.000000E+04|+1.100000E+04|+9.000000E+03}}
}
{@BLOCK|r2012|00
{@A-RES|0|+1.004475E+04{@LIM3|+1.000000E+04|+1.100000E+04|+9.000000E+03}}
}
{@BLOCK|r2013|00
{@A-RES|0|+1.003183E+04{@LIM3|+1.000000E+04|+1.100000E+04|+9.000000E+03}}
}
{@BLOCK|r2407|00
{@A-RES|0|+1.008913E+04{@LIM3|+1.000000E+04|+1.100000E+04|+9.000000E+03}}
}
{@BLOCK|r2413|00
{@A-RES|0|+1.002109E+04{@LIM3|+1.000000E+04|+1.100000E+04|+9.000000E+03}}
}
{@BLOCK|r2416|00
{@A-RES|0|+1.002807E+04{@LIM3|+1.000000E+04|+1.100000E+04|+9.000000E+03}}
}
{@BLOCK|r2418|00
{@A-RES|0|+1.006094E+04{@LIM3|+1.000000E+04|+1.100000E+04|+9.000000E+03}}
}
{@BLOCK|r2427|00
{@A-RES|0|+1.003181E+04{@LIM3|+1.000000E+04|+1.100000E+04|+9.000000E+03}}
}
{@BLOCK|r2447|00
{@A-RES|0|+1.002299E+05{@LIM3|+1.000000E+05|+1.100000E+05|+9.000000E+04}}
}
{@BLOCK|r2449|00
{@A-RES|0|+9.987419E+03{@LIM3|+1.000000E+04|+1.100000E+04|+9.000000E+03}}
}
{@BLOCK|r2458|00
{@A-RES|0|+9.989567E+03{@LIM3|+1.000000E+04|+1.100000E+04|+9.000000E+03}}
}
{@BLOCK|r2459|00
{@A-RES|0|+1.001252E+04{@LIM3|+1.000000E+04|+1.100000E+04|+9.000000E+03}}
}
{@BLOCK|r2466|00
{@A-RES|0|+9.969869E+03{@LIM3|+1.000000E+04|+1.100000E+04|+9.000000E+03}}
}
{@BLOCK|r2470|00
{@A-RES|0|+9.950795E+03{@LIM3|+1.000000E+04|+1.100000E+04|+9.000000E+03}}
}
{@BLOCK|r2484|00
{@A-RES|0|+9.890584E+03{@LIM3|+1.000000E+04|+1.100000E+04|+9.000000E+03}}
}
{@BLOCK|r2488|00
{@A-RES|0|+1.000237E+04{@LIM3|+1.000000E+04|+1.100000E+04|+9.000000E+03}}
}
{@BLOCK|r2715|00
{@A-RES|0|+1.001091E+04{@LIM3|+1.000000E+04|+1.100000E+04|+9.000000E+03}}
}
{@BLOCK|r4027|00
{@A-RES|0|+9.953458E+03{@LIM3|+1.000000E+04|+1.100000E+04|+9.000000E+03}}
}
{@BLOCK|r5526|00
{@A-RES|0|+9.908564E+03{@LIM3|+1.000000E+04|+1.100000E+04|+9.000000E+03}}
}
{@BLOCK|r5610|00
{@A-RES|0|+1.007556E+04{@LIM3|+1.000000E+04|+1.100000E+04|+9.000000E+03}}
}
{@BLOCK|r5702|00
{@A-RES|0|+9.355050E+03{@LIM3|+1.000000E+04|+1.150000E+04|+8.500000E+03}}
}
{@BLOCK|r6503|00
{@A-RES|0|+9.946566E+03{@LIM3|+1.000000E+04|+1.100000E+04|+9.000000E+03}}
}
{@BLOCK|r6531|00
{@A-RES|0|+9.973055E+03{@LIM3|+1.000000E+04|+1.100000E+04|+9.000000E+03}}
}
{@BLOCK|r7103|00
{@A-RES|0|+1.007393E+04{@LIM3|+1.000000E+04|+1.100000E+04|+9.000000E+03}}
}
{@BLOCK|r7104|00
{@A-RES|0|+1.008587E+04{@LIM3|+1.000000E+04|+1.100000E+04|+9.000000E+03}}
}
{@BLOCK|r7114|00
{@A-RES|0|+9.998619E+03{@LIM3|+1.000000E+04|+1.100000E+04|+9.000000E+03}}
}
{@BLOCK|r7115|00
{@A-RES|0|+1.002378E+04{@LIM3|+1.000000E+04|+1.100000E+04|+9.000000E+03}}
}
{@BLOCK|r7116|00
{@A-RES|0|+1.003130E+04{@LIM3|+1.000000E+04|+1.100000E+04|+9.000000E+03}}
}
{@BLOCK|r7117|00
{@A-RES|0|+1.011967E+04{@LIM3|+1.000000E+04|+1.100000E+04|+9.000000E+03}}
}
{@BLOCK|r7133|00
{@A-RES|0|+9.947623E+03{@LIM3|+1.000000E+04|+1.100000E+04|+9.000000E+03}}
}
{@BLOCK|r7134|00
{@A-RES|0|+9.990616E+03{@LIM3|+1.000000E+04|+1.100000E+04|+9.000000E+03}}
}
{@BLOCK|r7189|00
{@A-RES|0|+9.991682E+03{@LIM3|+1.000000E+04|+1.100000E+04|+9.000000E+03}}
}
{@BLOCK|r7229|00
{@A-RES|0|+9.921268E+03{@LIM3|+1.000000E+04|+1.100000E+04|+9.000000E+03}}
}
{@BLOCK|r7307|00
{@A-RES|0|+9.976775E+03{@LIM3|+1.000000E+04|+1.100000E+04|+9.000000E+03}}
}
{@BLOCK|r7319|00
{@A-RES|0|+1.008098E+04{@LIM3|+1.000000E+04|+1.100000E+04|+9.000000E+03}}
}
{@BLOCK|r7523|00
{@A-RES|0|+9.950266E+03{@LIM3|+1.000000E+04|+1.100000E+04|+9.000000E+03}}
}
{@BLOCK|r7529|00
{@A-RES|0|+1.011639E+04{@LIM3|+1.000000E+04|+1.100000E+04|+9.000000E+03}}
}
{@BLOCK|r2041|00
{@A-RES|0|+9.997713E+03{@LIM3|+1.000000E+04|+1.100000E+04|+9.000000E+03}}
}
{@BLOCK|r2504|00
{@A-RES|0|+1.010669E+04{@LIM3|+1.000000E+04|+1.100000E+04|+9.000000E+03}}
}
{@BLOCK|r2604|00
{@A-RES|0|+1.003413E+04{@LIM3|+1.000000E+04|+1.100000E+04|+9.000000E+03}}
}
{@BLOCK|r3001|00
{@A-RES|0|+9.922503E+03{@LIM3|+1.000000E+04|+1.100000E+04|+9.000000E+03}}
}
{@BLOCK|r6508|00
{@A-RES|0|+1.000733E+04{@LIM3|+1.000000E+04|+1.100000E+04|+9.000000E+03}}
}
{@BLOCK|r7106|00
{@A-RES|0|+1.000359E+04{@LIM3|+1.000000E+04|+1.100000E+04|+9.000000E+03}}
}
{@BLOCK|rn2604%r1|00
{@A-RES|0|+1.004328E+04{@LIM3|+1.000000E+04|+1.100000E+04|+9.000000E+03}}
}
{@BLOCK|rn2604%r2|00
{@A-RES|0|+9.956260E+03{@LIM3|+1.000000E+04|+1.100000E+04|+9.000000E+03}}
}
{@BLOCK|r2408|00
{@A-RES|0|+1.736444E+05{@LIM3|+1.740000E+05|+2.001000E+05|+1.479000E+05}}
}
{@BLOCK|pr4430|00
{@A-RES|0|+1.344659E+05{@LIM3|+1.370000E+05|+1.575500E+05|+1.164500E+05}}
}
{@BLOCK|pr4433|00
{@A-RES|0|+2.931039E+05{@LIM3|+3.000000E+05|+3.450000E+05|+2.550000E+05}}
}
{@BLOCK|pr4436|00
{@A-RES|0|+9.333300E+03{@LIM3|+9.310000E+03|+1.024100E+04|+8.379000E+03}}
}
{@BLOCK|pr4437|00
{@A-RES|0|+1.421109E+04{@LIM3|+1.430000E+04|+1.573000E+04|+1.287000E+04}}
}
{@BLOCK|r1715|00
{@A-RES|0|+9.963526E+05{@LIM3|+1.000000E+06|+1.250000E+06|+7.500000E+05}}
}
{@BLOCK|pr4518|00
{@A-RES|0|+9.891314E+02{@LIM3|+1.000000E+03|+1.100000E+03|+9.000000E+02}}
}
{@BLOCK|pr4553|00
{@A-RES|0|+1.014417E+03{@LIM3|+1.000000E+03|+1.100000E+03|+9.000000E+02}}
}
{@BLOCK|rn5702%r1|00
{@A-RES|0|+1.004544E+04{@LIM3|+1.000000E+04|+1.100000E+04|+9.000000E+03}}
}
{@BLOCK|rn5702%r2|00
{@A-RES|0|+9.982793E+03{@LIM3|+1.000000E+04|+1.100000E+04|+9.000000E+03}}
}
{@BLOCK|r312|00
{@A-RES|0|+1.012051E+03{@LIM3|+1.000000E+03|+1.100000E+03|+9.000000E+02}}
}
{@BLOCK|r316|00
{@A-RES|0|+1.002505E+03{@LIM3|+1.000000E+03|+1.100000E+03|+9.000000E+02}}
}
{@BLOCK|r317|00
{@A-RES|0|+9.986565E+02{@LIM3|+1.000000E+03|+1.100000E+03|+9.000000E+02}}
}
{@BLOCK|r602|00
{@A-RES|0|+9.975928E+02{@LIM3|+1.000000E+03|+1.500000E+03|+5.000000E+02}}
}
{@BLOCK|r603|00
{@A-RES|0|+1.006653E+03{@LIM3|+8.920000E+02|+1.248800E+03|+5.352000E+02}}
}
{@BLOCK|r604|00
{@A-RES|0|+9.927812E+02{@LIM3|+1.000000E+03|+1.500000E+03|+5.000000E+02}}
}
{@BLOCK|pr4602|00
{@A-RES|0|+1.002905E+03{@LIM3|+1.000000E+03|+1.100000E+03|+9.000000E+02}}
}
{@BLOCK|pr4603|00
{@A-RES|0|+1.001725E+03{@LIM3|+1.000000E+03|+1.100000E+03|+9.000000E+02}}
}
{@BLOCK|pr4608|00
{@A-RES|0|+1.003388E+03{@LIM3|+1.000000E+03|+1.100000E+03|+9.000000E+02}}
}
{@BLOCK|pr4691|00
{@A-RES|0|+1.001672E+03{@LIM3|+1.000000E+03|+1.100000E+03|+9.000000E+02}}
}
{@BLOCK|pr4692|00
{@A-RES|0|+1.000655E+03{@LIM3|+1.000000E+03|+1.100000E+03|+9.000000E+02}}
}
{@BLOCK|r605|00
{@A-RES|0|+9.908126E+02{@LIM3|+8.860000E+02|+1.240400E+03|+5.316000E+02}}
}
{@BLOCK|r1514|00
{@A-RES|0|+1.002583E+03{@LIM3|+1.000000E+03|+1.100000E+03|+9.000000E+02}}
}
{@BLOCK|r1709|00
{@A-RES|0|+1.004141E+03{@LIM3|+1.000000E+03|+1.100000E+03|+9.000000E+02}}
}
{@BLOCK|r1712|00
{@A-RES|0|+1.002261E+03{@LIM3|+1.000000E+03|+1.100000E+03|+9.000000E+02}}
}
{@BLOCK|r2430|00
{@A-RES|0|+1.009606E+03{@LIM3|+1.000000E+03|+1.100000E+03|+9.000000E+02}}
}
{@BLOCK|r2431|00
{@A-RES|0|+9.977337E+02{@LIM3|+1.000000E+03|+1.100000E+03|+9.000000E+02}}
}
{@BLOCK|r2460|00
{@A-RES|0|+9.971404E+02{@LIM3|+1.000000E+03|+1.100000E+03|+9.000000E+02}}
}
{@BLOCK|r2461|00
{@A-RES|0|+9.985754E+02{@LIM3|+1.000000E+03|+1.100000E+03|+9.000000E+02}}
}
{@BLOCK|r2526|00
{@A-RES|0|+9.941774E+02{@LIM3|+1.000000E+03|+1.100000E+03|+9.000000E+02}}
}
{@BLOCK|r2527|00
{@A-RES|0|+1.023994E+03{@LIM3|+1.000000E+03|+1.100000E+03|+9.000000E+02}}
}
{@BLOCK|r2749|00
{@A-RES|0|+9.986286E+02{@LIM3|+1.000000E+03|+1.100000E+03|+9.000000E+02}}
}
{@BLOCK|r2750|00
{@A-RES|0|+1.001618E+03{@LIM3|+1.000000E+03|+1.100000E+03|+9.000000E+02}}
}
{@BLOCK|r5516|00
{@A-RES|0|+1.006403E+03{@LIM3|+1.000000E+03|+1.100000E+03|+9.000000E+02}}
}
{@BLOCK|rn1801%r1|00
{@A-RES|0|+1.007706E+03{@LIM3|+1.000000E+03|+1.100000E+03|+9.000000E+02}}
}
{@BLOCK|rn1801%r2|00
{@A-RES|0|+1.011623E+03{@LIM3|+1.000000E+03|+1.100000E+03|+9.000000E+02}}
}
{@BLOCK|rn1802%r1|00
{@A-RES|0|+1.058548E+03{@LIM3|+1.000000E+03|+1.100000E+03|+9.000000E+02}}
}
{@BLOCK|rn1802%r2|00
{@A-RES|0|+1.006937E+03{@LIM3|+1.000000E+03|+1.100000E+03|+9.000000E+02}}
}
{@BLOCK|pr4619|00
{@A-RES|0|+1.030391E+02{@LIM3|+1.000000E+02|+1.150000E+02|+9.000000E+01}}
}
{@BLOCK|pr4684|00
{@A-RES|0|+1.039508E+02{@LIM3|+1.000000E+02|+1.150000E+02|+9.000000E+01}}
}
{@BLOCK|r606|00
{@A-RES|0|+9.807731E+02{@LIM3|+1.000000E+03|+1.500000E+03|+5.000000E+02}}
}
{@BLOCK|r1702|00
{@A-RES|0|+1.001915E+03{@LIM3|+1.000000E+03|+1.100000E+03|+9.000000E+02}}
}
{@BLOCK|r2436|00
{@A-RES|0|+9.964783E+02{@LIM3|+1.000000E+03|+1.100000E+03|+9.000000E+02}}
}
{@BLOCK|r2465|00
{@A-RES|0|+9.927812E+02{@LIM3|+1.000000E+03|+1.100000E+03|+9.000000E+02}}
}
{@BLOCK|r5794|00
{@A-RES|0|+1.006708E+03{@LIM3|+1.000000E+03|+1.100000E+03|+9.000000E+02}}
}
{@BLOCK|rn2003%r1|00
{@A-RES|0|+1.008171E+03{@LIM3|+1.000000E+03|+1.100000E+03|+9.000000E+02}}
}
{@BLOCK|rn2003%r2|00
{@A-RES|0|+9.994558E+02{@LIM3|+1.000000E+03|+1.100000E+03|+9.000000E+02}}
}
{@BLOCK|pr4690|00
{@A-RES|0|+5.275014E+01{@LIM3|+5.000000E+01|+6.750000E+01|+4.500000E+01}}
}
{@BLOCK|pr5037|00
{@A-JUM|0|+5.219638E+00{@LIM2|+1.500000E+01|+0.000000E+00}}
}
{@BLOCK|pr5038|00
{@A-JUM|0|+4.944863E+00{@LIM2|+1.500000E+01|+0.000000E+00}}
}
{@BLOCK|r501|00
{@A-RES|0|+1.028868E+02{@LIM3|+1.000000E+02|+1.150000E+02|+9.000000E+01}}
}
{@BLOCK|r704|00
{@A-RES|0|+1.019935E+02{@LIM3|+8.700000E+01|+1.435500E+02|+4.176000E+01}}
}
{@BLOCK|r705|00
{@A-JUM|0|+3.893075E+00{@LIM2|+1.500000E+01|+0.000000E+00}}
}
{@BLOCK|r801|00
{@A-JUM|0|+4.494100E+00{@LIM2|+1.500000E+01|+0.000000E+00}}
}
{@BLOCK|r802|00
{@A-JUM|0|+5.259412E+00{@LIM2|+1.500000E+01|+0.000000E+00}}
}
{@BLOCK|r6513|00
{@A-RES|0|+1.032142E+02{@LIM3|+1.000000E+02|+1.150000E+02|+9.000000E+01}}
}
{@BLOCK|r303|00
{@A-RES|0|+1.016894E+02{@LIM3|+1.000000E+02|+1.150000E+02|+9.000000E+01}}
}
{@BLOCK|r1605|00
{@A-RES|0|+1.032503E+02{@LIM3|+1.000000E+02|+1.150000E+02|+9.000000E+01}}
}
{@BLOCK|r4202|00
{@A-RES|0|+1.032844E+02{@LIM3|+1.000000E+02|+1.150000E+02|+9.000000E+01}}
}
{@BLOCK|r4252|00
{@A-RES|0|+1.031935E+02{@LIM3|+1.000000E+02|+1.150000E+02|+9.000000E+01}}
}
{@BLOCK|r4253|00
{@A-RES|0|+1.043004E+02{@LIM3|+1.000000E+02|+1.150000E+02|+9.000000E+01}}
}
{@BLOCK|r6814|00
{@A-RES|0|+1.055737E+02{@LIM3|+1.000000E+02|+1.150000E+02|+9.000000E+01}}
}
{@BLOCK|r6815|00
{@A-RES|0|+1.064057E+02{@LIM3|+1.000000E+02|+1.150000E+02|+9.000000E+01}}
}
{@BLOCK|r6816|00
{@A-RES|0|+1.050830E+02{@LIM3|+1.000000E+02|+1.150000E+02|+9.000000E+01}}
}
{@BLOCK|r6519|00
{@A-RES|0|+1.022917E+02{@LIM3|+1.000000E+02|+1.150000E+02|+9.000000E+01}}
}
{@BLOCK|r6522|00
{@A-RES|0|+1.023267E+02{@LIM3|+1.000000E+02|+1.150000E+02|+9.000000E+01}}
}
{@BLOCK|r7120|00
{@A-RES|0|+1.036413E+02{@LIM3|+1.000000E+02|+1.150000E+02|+9.000000E+01}}
}
{@BLOCK|pr4632|00
{@A-RES|0|+2.208040E+04{@LIM3|+2.200000E+04|+2.420000E+04|+1.980000E+04}}
}
{@BLOCK|r3002|00
{@A-RES|0|+2.158646E+04{@LIM3|+2.200000E+04|+2.420000E+04|+1.980000E+04}}
}
{@BLOCK|pr4633|00
{@A-RES|0|+4.988710E+03{@LIM3|+4.990000E+03|+5.489000E+03|+4.491000E+03}}
}
{@BLOCK|r5701|00
{@A-RES|0|+4.992700E+03{@LIM3|+4.990000E+03|+5.489000E+03|+4.491000E+03}}
}
{@BLOCK|pr4634|00
{@A-RES|0|+1.522540E+02{@LIM3|+1.500000E+02|+1.700000E+02|+1.350000E+02}}
}
{@BLOCK|r401|00
{@A-RES|0|+1.528203E+02{@LIM3|+1.500000E+02|+1.700000E+02|+1.350000E+02}}
}
{@BLOCK|r405|00
{@A-RES|0|+1.520662E+02{@LIM3|+1.500000E+02|+1.700000E+02|+1.350000E+02}}
}
{@BLOCK|r2101|00
{@A-RES|0|+1.520662E+02{@LIM3|+1.500000E+02|+1.700000E+02|+1.350000E+02}}
}
{@BLOCK|r2102|00
{@A-RES|0|+1.522936E+02{@LIM3|+1.500000E+02|+1.700000E+02|+1.350000E+02}}
}
{@BLOCK|pr4635|00
{@A-RES|0|+5.267281E+04{@LIM3|+5.230000E+04|+5.753000E+04|+4.707000E+04}}
}
{@BLOCK|pr4636|00
{@A-RES|0|+8.792006E+03{@LIM3|+8.660000E+03|+9.526000E+03|+7.794000E+03}}
}
{@BLOCK|pr4644|00
{@A-RES|0|+4.730866E+04{@LIM3|+4.990000E+04|+5.489000E+04|+4.491000E+04}}
}
{@BLOCK|pr4646|00
{@A-RES|0|+1.988763E+06{@LIM3|+2.000000E+06|+2.500000E+06|+1.500000E+06}}
}
{@BLOCK|r7504|00
{@A-RES|0|+1.943617E+06{@LIM3|+2.000000E+06|+2.500000E+06|+1.500000E+06}}
}
{@BLOCK|r7505|00
{@A-RES|0|+1.933543E+06{@LIM3|+2.000000E+06|+2.500000E+06|+1.500000E+06}}
}
{@BLOCK|pr4647|00
{@A-RES|0|+1.331638E+05{@LIM3|+1.330000E+05|+1.529500E+05|+1.130500E+05}}
}
{@BLOCK|r304|00
{@A-RES|0|+5.485094E+01{@LIM3|+5.100000E+01|+6.109999E+01|+4.590000E+01}}
}
{@BLOCK|r310|00
{@A-RES|0|+4.982614E+02{@LIM3|+4.990000E+02|+5.489000E+02|+4.491000E+02}}
}
{@BLOCK|r1876|00
{@A-RES|0|+5.046492E+02{@LIM3|+4.990000E+02|+5.489000E+02|+4.491000E+02}}
}
{@BLOCK|r1877|00
{@A-RES|0|+5.011399E+02{@LIM3|+4.990000E+02|+5.489000E+02|+4.491000E+02}}
}
{@BLOCK|r313|00
{@A-RES|0|+5.225288E+01{@LIM3|+4.990000E+01|+5.988998E+01|+4.491000E+01}}
}
{@BLOCK|r6817|00
{@A-RES|0|+1.055440E+02{@LIM3|+1.000000E+02|+1.150000E+02|+9.000000E+01}}
}
{@BLOCK|r6818|00
{@A-RES|0|+1.063153E+02{@LIM3|+1.000000E+02|+1.150000E+02|+9.000000E+01}}
}
{@BLOCK|r1607|00
{@A-RES|0|+1.537490E+02{@LIM3|+1.500000E+02|+1.700000E+02|+1.350000E+02}}
}
{@BLOCK|pr4688|00
{@A-RES|0|+4.815857E+01{@LIM3|+4.530000E+01|+6.115500E+01|+4.077000E+01}}
}
{@BLOCK|r305|00
{@A-RES|0|+5.420601E+01{@LIM3|+5.100000E+01|+6.109999E+01|+4.590000E+01}}
}
{@BLOCK|r306|00
{@A-RES|0|+5.440956E+01{@LIM3|+5.100000E+01|+6.109999E+01|+4.590000E+01}}
}
{@BLOCK|r311|00
{@A-RES|0|+5.246185E+01{@LIM3|+4.990000E+01|+5.988998E+01|+4.491000E+01}}
}
{@BLOCK|r2534|00
{@A-RES|0|+5.246902E+01{@LIM3|+4.990000E+01|+5.988998E+01|+4.491000E+01}}
}
{@BLOCK|r2535|00
{@A-RES|0|+5.216805E+01{@LIM3|+4.990000E+01|+5.988998E+01|+4.491000E+01}}
}
{@BLOCK|r1601|00
{@A-RES|0|+2.203693E+03{@LIM3|+2.200000E+03|+2.420000E+03|+1.980000E+03}}
}
{@BLOCK|r1608|00
{@A-RES|0|+2.204108E+03{@LIM3|+2.200000E+03|+2.420000E+03|+1.980000E+03}}
}
{@BLOCK|r2802|00
{@A-RES|0|+2.160566E+03{@LIM3|+2.200000E+03|+2.530000E+03|+1.870000E+03}}
}
{@BLOCK|r2803|00
{@A-RES|0|+2.137310E+03{@LIM3|+2.200000E+03|+2.420000E+03|+1.980000E+03}}
}
{@BLOCK|r7125|00
{@A-RES|0|+2.198416E+03{@LIM3|+2.200000E+03|+2.420000E+03|+1.980000E+03}}
}
{@BLOCK|rn1806%r1|00
{@A-RES|0|+2.200482E+03{@LIM3|+2.200000E+03|+2.420000E+03|+1.980000E+03}}
}
{@BLOCK|rn1806%r2|00
{@A-RES|0|+2.192959E+03{@LIM3|+2.200000E+03|+2.420000E+03|+1.980000E+03}}
}
{@BLOCK|r314|00
{@A-RES|0|+5.228134E+01{@LIM3|+4.990000E+01|+5.988998E+01|+4.491000E+01}}
}
{@BLOCK|r601|00
{@A-RES|0|+5.292075E+01{@LIM3|+4.990000E+01|+5.988998E+01|+4.491000E+01}}
}
{@BLOCK|r404|00
{@A-RES|0|+2.202470E+03{@LIM3|+2.200000E+03|+2.420000E+03|+1.980000E+03}}
}
{@BLOCK|r6505|00
{@A-RES|0|+2.203739E+03{@LIM3|+2.200000E+03|+2.420000E+03|+1.980000E+03}}
}
{@BLOCK|r6506|00
{@A-RES|0|+2.202971E+03{@LIM3|+2.200000E+03|+2.420000E+03|+1.980000E+03}}
}
{@BLOCK|r7126|00
{@A-RES|0|+2.207560E+03{@LIM3|+2.200000E+03|+2.420000E+03|+1.980000E+03}}
}
{@BLOCK|rn5701%r1|00
{@A-RES|0|+2.203818E+03{@LIM3|+2.200000E+03|+2.420000E+03|+1.980000E+03}}
}
{@BLOCK|rn5701%r2|00
{@A-RES|0|+2.204233E+03{@LIM3|+2.200000E+03|+2.420000E+03|+1.980000E+03}}
}
{@BLOCK|r506|00
{@A-RES|0|+4.724078E+02{@LIM3|+4.700000E+02|+5.170000E+02|+4.230000E+02}}
}
{@BLOCK|r2422|00
{@A-RES|0|+4.783170E+02{@LIM3|+4.700000E+02|+5.170000E+02|+4.230000E+02}}
}
{@BLOCK|r1301|00
{@A-RES|0|+2.321877E+04{@LIM3|+2.320000E+04|+2.552000E+04|+2.088000E+04}}
}
{@BLOCK|r1504|00
{@A-RES|0|+1.999366E+04{@LIM3|+2.000000E+04|+2.200000E+04|+1.800000E+04}}
}
{@BLOCK|r1802|00
{@A-RES|0|+1.990096E+04{@LIM3|+2.000000E+04|+2.200000E+04|+1.800000E+04}}
}
{@BLOCK|r1804|00
{@A-RES|0|+1.994806E+04{@LIM3|+2.000000E+04|+2.200000E+04|+1.800000E+04}}
}
{@BLOCK|r3602|00
{@A-RES|0|+1.998683E+04{@LIM3|+2.000000E+04|+2.200000E+04|+1.800000E+04}}
}
{@BLOCK|r1505|00
{@A-RES|0|+4.707545E+04{@LIM3|+4.700000E+04|+5.170000E+04|+4.230000E+04}}
}
{@BLOCK|r6801|00
{@A-RES|0|+4.688209E+04{@LIM3|+4.700000E+04|+5.170000E+04|+4.230000E+04}}
}
{@BLOCK|r6802|00
{@A-RES|0|+4.696207E+04{@LIM3|+4.700000E+04|+5.170000E+04|+4.230000E+04}}
}
{@BLOCK|r1522|00
{@A-RES|0|+4.780350E+03{@LIM3|+4.700000E+03|+5.170000E+03|+4.230000E+03}}
}
{@BLOCK|r2455|00
{@A-RES|0|+4.725987E+03{@LIM3|+4.700000E+03|+5.170000E+03|+4.230000E+03}}
}
{@BLOCK|r2456|00
{@A-RES|0|+4.965708E+03{@LIM3|+4.700000E+03|+6.110000E+03|+4.230000E+03}}
}
{@BLOCK|r2478|00
{@A-RES|0|+4.690774E+03{@LIM3|+4.700000E+03|+5.170000E+03|+4.230000E+03}}
}
{@BLOCK|r2479|00
{@A-RES|0|+4.657406E+03{@LIM3|+4.700000E+03|+5.170000E+03|+4.230000E+03}}
}
{@BLOCK|r2528|00
{@A-RES|0|+4.628166E+03{@LIM3|+4.700000E+03|+5.170000E+03|+4.230000E+03}}
}
{@BLOCK|rn2001%r1|00
{@A-RES|0|+2.200069E+03{@LIM3|+2.200000E+03|+2.420000E+03|+1.980000E+03}}
}
{@BLOCK|rn2002%r1|00
{@A-RES|0|+2.204834E+03{@LIM3|+2.200000E+03|+2.420000E+03|+1.980000E+03}}
}
{@BLOCK|rn2002%r2|00
{@A-RES|0|+2.203589E+03{@LIM3|+2.200000E+03|+2.420000E+03|+1.980000E+03}}
}
{@BLOCK|r701|00
{@A-RES|0|+5.840337E+01{@LIM3|+5.600000E+01|+7.560000E+01|+5.040000E+01}}
}
{@BLOCK|r2437|00
{@A-RES|0|+2.008296E+04{@LIM3|+2.000000E+04|+2.200000E+04|+1.800000E+04}}
}
{@BLOCK|rn2601%r1|00
{@A-RES|0|+4.725142E+03{@LIM3|+4.700000E+03|+5.170000E+03|+4.230000E+03}}
}
{@BLOCK|rn2601%r2|00
{@A-RES|0|+4.747013E+03{@LIM3|+4.700000E+03|+5.170000E+03|+4.230000E+03}}
}
{@BLOCK|rn2602%r1|00
{@A-RES|0|+4.701657E+03{@LIM3|+4.700000E+03|+5.170000E+03|+4.230000E+03}}
}
{@BLOCK|r5704|00
{@A-RES|0|+4.705864E+03{@LIM3|+4.700000E+03|+5.170000E+03|+4.230000E+03}}
}
{@BLOCK|r1604|00
{@A-RES|0|+1.149679E+02{@LIM3|+1.130000E+02|+1.293000E+02|+1.017000E+02}}
}
{@BLOCK|r6101|00
{@A-RES|0|+1.990166E+05{@LIM3|+2.000000E+05|+2.300000E+05|+1.700000E+05}}
}
{@BLOCK|r7302|00
{@A-RES|0|+2.006019E+05{@LIM3|+2.000000E+05|+2.300000E+05|+1.700000E+05}}
}
{@BLOCK|r1805|00
{@A-RES|0|+6.326550E+01{@LIM3|+6.040000E+01|+7.143997E+01|+5.436000E+01}}
}
{@BLOCK|r1822|00
{@A-RES|0|+7.606864E+04{@LIM3|+7.500000E+04|+8.250000E+04|+6.750000E+04}}
}
{@BLOCK|r6107|00
{@A-RES|0|+7.379548E+04{@LIM3|+7.500000E+04|+8.250000E+04|+6.750000E+04}}
}
{@BLOCK|r1901|00
{@A-RES|0|+2.025277E+02{@LIM3|+2.000000E+02|+2.250000E+02|+1.800000E+02}}
}
{@BLOCK|rn2602%r2|00
{@A-RES|0|+4.676301E+03{@LIM3|+4.700000E+03|+5.170000E+03|+4.230000E+03}}
}
{@BLOCK|r1701|00
{@A-RES|0|+6.520092E+01{@LIM3|+6.200000E+01|+7.319999E+01|+5.580000E+01}}
}
{@BLOCK|r1803|00
{@A-RES|0|+1.993866E+05{@LIM3|+2.000000E+05|+2.300000E+05|+1.700000E+05}}
}
{@BLOCK|r2710|00
{@A-RES|0|+1.995990E+05{@LIM3|+2.000000E+05|+2.300000E+05|+1.700000E+05}}
}
{@BLOCK|r2467|00
{@A-RES|0|+7.545156E+04{@LIM3|+7.500000E+04|+8.250000E+04|+6.750000E+04}}
}
{@BLOCK|r1964|00
{@A-RES|0|+3.156422E+01{@LIM3|+3.200000E+01|+4.320000E+01|+2.880000E+01}}
}
{@BLOCK|r2420|00
{@A-RES|0|+2.737621E+01{@LIM3|+2.700000E+01|+3.583637E+01|+2.430000E+01}}
}
{@BLOCK|r2421|00
{@A-RES|0|+2.731584E+01{@LIM3|+2.700000E+01|+3.583637E+01|+2.430000E+01}}
}
{@BLOCK|r2001|00
{@A-RES|0|+2.027205E+02{@LIM3|+2.000000E+02|+2.250000E+02|+1.800000E+02}}
}
{@BLOCK|r1963|00
{@A-RES|0|+2.957661E+01{@LIM3|+2.700000E+01|+3.470000E+01|+2.430000E+01}}
}
{@BLOCK|r1965|00
{@A-RES|0|+3.107470E+01{@LIM3|+2.700000E+01|+3.470000E+01|+2.430000E+01}}
}
{@BLOCK|r2401|00
{@A-RES|0|+1.995857E+04{@LIM3|+2.000000E+04|+2.300000E+04|+1.700000E+04}}
}
{@BLOCK|r2434|00
{@A-RES|0|+3.273017E+05{@LIM3|+3.300000E+05|+3.795000E+05|+2.475000E+05}}
}
{@BLOCK|r2705|00
{@A-RES|0|+4.572478E+01{@LIM3|+4.300000E+01|+5.230000E+01|+3.870000E+01}}
}
{@BLOCK|r2706|00
{@A-RES|0|+4.479638E+01{@LIM3|+4.300000E+01|+5.230000E+01|+3.870000E+01}}
}
{@BLOCK|r2612|00
{@A-RES|0|+1.600003E+04{@LIM3|+1.600000E+04|+1.760000E+04|+1.440000E+04}}
}
{@BLOCK|r2462|00
{@A-RES|0|+2.722288E+01{@LIM3|+2.700000E+01|+3.583637E+01|+2.430000E+01}}
}
{@BLOCK|r2463|00
{@A-RES|0|+2.736841E+01{@LIM3|+2.700000E+01|+3.583637E+01|+2.430000E+01}}
}
{@BLOCK|r2489|00
{@A-RES|0|+2.723253E+01{@LIM3|+2.700000E+01|+3.583637E+01|+2.430000E+01}}
}
{@BLOCK|r2450|00
{@A-RES|0|+4.644028E+01{@LIM3|+4.300000E+01|+5.805000E+01|+3.870000E+01}}
}
{@BLOCK|r2509|00
{@A-RES|0|+1.744574E+01{@LIM3|+1.500000E+01|+2.149999E+01|+1.350000E+01}}
}
{@BLOCK|r2532|00
{@A-RES|0|+1.784589E+01{@LIM3|+1.500000E+01|+2.149999E+01|+1.350000E+01}}
}
{@BLOCK|r2533|00
{@A-RES|0|+1.802345E+01{@LIM3|+1.500000E+01|+2.149999E+01|+1.350000E+01}}
}
{@BLOCK|r2635|00
{@A-RES|0|+7.503615E+03{@LIM3|+7.500000E+03|+8.250000E+03|+6.750000E+03}}
}
{@BLOCK|r3601|00
{@A-RES|0|+2.674075E+06{@LIM3|+2.700000E+06|+3.375000E+06|+2.025000E+06}}
}
{@BLOCK|r6104|00
{@A-RES|0|+4.196611E+01{@LIM3|+3.900000E+01|+4.790000E+01|+3.510000E+01}}
}
{@BLOCK|r6118|00
{@A-RES|0|+4.178513E+01{@LIM3|+3.900000E+01|+4.790000E+01|+3.510000E+01}}
}
{@BLOCK|r6401|00
{@A-RES|0|+8.458024E+02{@LIM3|+8.450000E+02|+9.295000E+02|+7.605000E+02}}
}
{@BLOCK|r6404|00
{@A-RES|0|+1.605165E+03{@LIM3|+1.600000E+03|+1.760000E+03|+1.440000E+03}}
}
{@BLOCK|r6405|00
{@A-RES|0|+7.168994E+02{@LIM3|+7.150000E+02|+7.865000E+02|+6.435000E+02}}
}
{@BLOCK|r7124|00
{@A-RES|0|+3.293279E+03{@LIM3|+3.300000E+03|+3.630000E+03|+2.970000E+03}}
}
{@BLOCK|r7127|00
{@A-RES|0|+3.274390E+03{@LIM3|+3.300000E+03|+3.630000E+03|+2.970000E+03}}
}
{@BLOCK|r7363|00
{@A-RES|0|+3.295597E+03{@LIM3|+3.300000E+03|+3.630000E+03|+2.970000E+03}}
}
{@BLOCK|r7364|00
{@A-RES|0|+3.301873E+03{@LIM3|+3.300000E+03|+3.630000E+03|+2.970000E+03}}
}
{@BLOCK|r7305|00
{@A-RES|0|+8.210807E+04{@LIM3|+8.200000E+04|+9.020000E+04|+7.380000E+04}}
}
{@BLOCK|pq4404|00
{@A-NFE|0|+9.998236E+01{@LIM2|+2.000000E+02|+2.000000E+01}}
}
{@BLOCK|pu4403%qfb|00
{@A-NFE|0|+4.805152E+01{@LIM2|+2.000000E+02|+2.000000E+01}}
}
{@BLOCK|q1701%qf1|00
{@A-NFE|0|+9.550667E+01{@LIM2|+2.000000E+02|+2.000000E+01}}
}
{@BLOCK|q1801|00
{@A-NFE|0|+8.920273E+01{@LIM2|+2.000000E+02|+2.000000E+01}}
}
{@BLOCK|q1803%qf1|00
{@A-NFE|0|+1.055180E+02{@LIM2|+2.000000E+02|+2.000000E+01}}
}
{@BLOCK|q1803%qf2|00
{@A-NFE|0|+9.553773E+01{@LIM2|+2.000000E+02|+2.000000E+01}}
}
{@BLOCK|q2403|00
{@A-NFE|0|+9.217682E+01{@LIM2|+2.000000E+02|+2.000000E+01}}
}
{@BLOCK|q2406|00
{@A-NFE|0|+7.665460E+01{@LIM2|+2.000000E+02|+2.000000E+01}}
}
{@BLOCK|q2408|00
{@A-NFE|0|+4.535793E+01{@LIM2|+2.000000E+02|+2.000000E+01}}
}
{@BLOCK|q2418|00
{@A-NFE|0|+9.134511E+01{@LIM2|+2.000000E+02|+2.000000E+01}}
}
{@BLOCK|q2501|00
{@A-NFE|0|+8.023535E+01{@LIM2|+2.000000E+02|+2.000000E+01}}
}
{@BLOCK|q3001|00
{@A-NFE|0|+9.971082E+01{@LIM2|+2.000000E+02|+2.000000E+01}}
}
{@BLOCK|q4002|00
{@A-NFE|0|+5.628070E+01{@LIM2|+2.000000E+02|+2.000000E+01}}
}
{@BLOCK|q5701%qf1|00
{@A-NFE|0|+9.208257E+01{@LIM2|+2.000000E+02|+2.000000E+01}}
}
{@BLOCK|q5701%qf2|00
{@A-NFE|0|+5.886332E+01{@LIM2|+2.000000E+02|+2.000000E+01}}
}
{@BLOCK|q6401%qf1|00
{@A-NFE|0|+5.102539E+01{@LIM2|+2.000000E+02|+2.000000E+01}}
}
{@BLOCK|q6401%qf2|00
{@A-NFE|0|+4.457366E+01{@LIM2|+2.000000E+02|+2.000000E+01}}
}
{@BLOCK|q6402%qf1|00
{@A-NFE|0|+1.013159E+02{@LIM2|+2.000000E+02|+2.000000E+01}}
}
{@BLOCK|q6501|00
{@A-NFE|0|+9.274229E+01{@LIM2|+2.000000E+02|+2.000000E+01}}
}
{@BLOCK|q6512|00
{@A-NFE|0|+9.156051E+01{@LIM2|+2.000000E+02|+2.000000E+01}}
}
{@BLOCK|q6513|00
{@A-NFE|0|+7.068330E+01{@LIM2|+2.000000E+02|+2.000000E+01}}
}
{@BLOCK|r2640|00
{@A-RES|0|+1.463794E+04{@LIM3|+1.400000E+04|+1.540000E+04|+1.260000E+04}}
}
{@BLOCK|r7119|00
{@A-RES|0|+4.748778E+03{@LIM3|+4.750000E+03|+5.225000E+03|+4.275000E+03}}
}
{@BLOCK|q2405%qf1|00
{@A-NFE|0|+8.648050E+01{@LIM2|+2.000000E+02|+2.000000E+01}}
}
{@BLOCK|q2405%qf2|00
{@A-NFE|0|+9.362278E+01{@LIM2|+2.000000E+02|+2.000000E+01}}
}
{@BLOCK|q2407%qf1|00
{@A-NFE|0|+9.279321E+01{@LIM2|+2.000000E+02|+2.000000E+01}}
}
{@BLOCK|q2407%qf2|00
{@A-NFE|0|+8.764368E+01{@LIM2|+2.000000E+02|+2.000000E+01}}
}
{@BLOCK|q2601|00
{@A-NFE|0|+8.756517E+01{@LIM2|+2.000000E+02|+2.000000E+01}}
}
{@BLOCK|q6515%qf1|00
{@A-NFE|0|+9.690103E+01{@LIM2|+2.000000E+02|+2.000000E+01}}
}
{@BLOCK|q6514%qf1|00
{@A-NFE|0|+1.036155E+02{@LIM2|+2.000000E+02|+2.000000E+01}}
}
{@BLOCK|q2402|00
{@A-PFE|0|+1.352644E+02{@LIM2|+2.000000E+02|+2.000000E+01}}
}
{@BLOCK|d4001|00
{@A-DIO|0|+4.685805E-01{@LIM2|+8.000000E-01|+4.000000E-01}}
}
{@BLOCK|d4002|00
{@A-DIO|0|+4.938434E-01{@LIM2|+8.000000E-01|+4.000000E-01}}
}
{@BLOCK|d5501|00
{@A-DIO|0|+4.049319E-01{@LIM2|+6.000000E-01|+2.000000E-01}}
}
{@BLOCK|d5502|00
{@A-DIO|0|+3.888167E-01{@LIM2|+6.000000E-01|+2.000000E-01}}
}
{@BLOCK|d5504|00
{@A-DIO|0|+4.725559E-01{@LIM2|+6.000000E-01|+2.000000E-01}}
}
{@BLOCK|d5507|00
{@A-DIO|0|+4.039060E-01{@LIM2|+6.000000E-01|+2.000000E-01}}
}
{@BLOCK|d7103|00
{@A-DIO|0|+3.729152E-01{@LIM2|+6.000000E-01|+2.000000E-01}}
}
{@BLOCK|d7104|00
{@A-DIO|0|+3.997169E-01{@LIM2|+6.000000E-01|+2.000000E-01}}
}
{@BLOCK|led2|00
{@A-DIO|0|+3.228282E+00{@LIM2|+3.500000E+00|+2.500000E+00}}
}
{@BLOCK|led3|00
{@A-DIO|0|+2.067667E+00{@LIM2|+2.500000E+00|+1.500000E+00}}
}
{@BLOCK|led4|00
{@A-DIO|0|+3.255126E+00{@LIM2|+3.800000E+00|+2.800000E+00}}
}
{@BLOCK|d2503%cra|00
{@A-DIO|0|+5.223976E-01{@LIM2|+8.000000E-01|+4.000000E-01}}
}
{@BLOCK|d2503%crb|00
{@A-DIO|0|+5.251334E-01{@LIM2|+8.000000E-01|+4.000000E-01}}
}
{@BLOCK|d4004%cra|00
{@A-DIO|0|+5.294535E-01{@LIM2|+8.000000E-01|+4.000000E-01}}
}
{@BLOCK|d4004%crb|00
{@A-DIO|0|+5.173137E-01{@LIM2|+8.000000E-01|+4.000000E-01}}
}
{@BLOCK|d4005%cra|00
{@A-DIO|0|+5.678792E-01{@LIM2|+8.000000E-01|+4.000000E-01}}
}
{@BLOCK|d4005%crb|00
{@A-DIO|0|+5.663831E-01{@LIM2|+8.000000E-01|+4.000000E-01}}
}
{@BLOCK|d5505%cra|00
{@A-DIO|0|+5.547990E-01{@LIM2|+8.000000E-01|+4.000000E-01}}
}
{@BLOCK|d5505%crb|00
{@A-DIO|0|+5.222266E-01{@LIM2|+8.000000E-01|+4.000000E-01}}
}
{@BLOCK|d5701%d1|00
{@A-DIO|0|+7.038539E-01{@LIM2|+8.000000E-01|+4.000000E-01}}
}
{@BLOCK|d5701%d2|00
{@A-DIO|0|+7.039394E-01{@LIM2|+8.000000E-01|+4.000000E-01}}
}
{@BLOCK|ed3501%cr1|00
{@A-DIO|0|+7.017594E-01{@LIM2|+9.000000E-01|+5.000000E-01}}
}
{@BLOCK|ed3501%cr6|00
{@A-DIO|0|+7.014602E-01{@LIM2|+9.000000E-01|+5.000000E-01}}
}
{@BLOCK|q2401|00
{@A-DIO|0|+7.369820E-01|B-E{@LIM2|+8.050000E-01|+6.020000E-01}}
{@A-DIO|0|+7.374095E-01|B-C{@LIM2|+8.040000E-01|+6.020000E-01}}
}
{@BLOCK|d2201|00
{@A-DIO|0|+5.013207E-01{@LIM2|+8.000000E-01|+4.000000E-01}}
}
{@BLOCK|ed5709|00
{@A-DIO|0|+6.927971E-01{@LIM2|+8.000000E-01|+4.000000E-01}}
}
{@BLOCK|ed5710|00
{@A-DIO|0|+7.403286E-01{@LIM2|+8.000000E-01|+4.000000E-01}}
}
{@BLOCK|ed5711|00
{@A-DIO|0|+7.184436E-01{@LIM2|+8.000000E-01|+4.000000E-01}}
}
{@BLOCK|ed6436|00
{@A-DIO|0|+5.659324E-01{@LIM2|+8.000000E-01|+4.000000E-01}}
}
{@BLOCK|q6515%qf2|00
{@A-NFE|0|+1.311517E+02{@LIM2|+2.000000E+02|+2.000000E+01}}
}
{@BLOCK|d4007|00
{@A-DIO|0|+4.807064E-01{@LIM2|+8.000000E-01|+4.000000E-01}}
}
{@BLOCK|ed7220%ds|00
{@A-DIO|0|+4.953252E-01{@LIM2|+8.000000E-01|+4.000000E-01}}
}
{@BLOCK|ed7230|00
{@A-DIO|0|+8.651414E-01{@LIM2|+9.000000E-01|+4.000000E-01}}
}
{@BLOCK|ed7231|00
{@A-DIO|0|+8.555668E-01{@LIM2|+9.000000E-01|+4.000000E-01}}
}
{@BLOCK|ed7520%ds|00
{@A-DIO|0|+6.459495E-01{@LIM2|+8.000000E-01|+4.000000E-01}}
}
{@BLOCK|ed7525|00
{@A-DIO|0|+8.730064E-01{@LIM2|+9.000000E-01|+4.000000E-01}}
}
{@BLOCK|power_nodes|00
{@A-MEA|0|+1.200630E+01|20V_VINT_IN{@LIM2|+1.400000E+01|+1.000000E+01}}
{@A-MEA|0|+1.201586E+01|BT+{@LIM2|+1.400000E+01|+1.000000E+01}}
{@A-MEA|0|+1.230390E+01|19V_DCBATOUT{@LIM2|+1.400000E+01|+1.000000E+01}}
{@A-MEA|0|+3.310866E+00|3D3V_AUX_S5{@LIM2|+4.000000E+00|+2.500000E+00}}
{@A-MEA|0|+5.097441E+00|5V_S5{@LIM2|+6.000000E+00|+4.500000E+00}}
{@A-MEA|0|+1.826691E+00|1D8V_S5{@LIM2|+2.500000E+00|+1.200000E+00}}
{@A-MEA|0|+1.123697E+00|PWR_VDD2{@LIM2|+1.500000E+00|+5.000000E-01}}
{@A-MEA|0|+3.308985E+00|3D3V_SPI{@LIM2|+4.000000E+00|+2.500000E+00}}
{@A-MEA|0|+3.311208E+00|3D3V_S0{@LIM2|+4.000000E+00|+2.500000E+00}}
}
{@D-T|0|384||0|u1701
}
{@D-T|0|384||0|u2404
}
{@D-T|0|384||0|u7103
}
{@BLOCK|pu4401|00
{@A-MEA|0|+1.196672E+01|pino1{@LIM2|+1.400000E+01|+1.000000E+01}}
{@A-MEA|0|+1.196672E+01|pino3{@LIM2|+1.400000E+01|+1.000000E+01}}
{@A-MEA|0|+4.499351E+00|pino4{@LIM2|+6.000000E+00|+4.000000E+00}}
}
{@BLOCK|pu4501|00
{@A-MEA|0|+3.793628E+00|pino2{@LIM2|+4.500000E+00|+2.500000E+00}}
{@A-MEA|0|+1.230663E+01|pino15{@LIM2|+1.400000E+01|+1.000000E+01}}
{@A-MEA|0|+3.312063E+00|pino22{@LIM2|+4.500000E+00|+2.500000E+00}}
{@A-MEA|0|+3.312234E+00|pino23{@LIM2|+4.500000E+00|+2.500000E+00}}
}
{@BLOCK|pu4502|00
{@A-MEA|0|+5.285570E+00|pino2{@LIM2|+6.000000E+00|+4.000000E+00}}
{@A-MEA|0|+1.230527E+01|pino15{@LIM2|+1.400000E+01|+1.000000E+01}}
{@A-MEA|0|+5.096928E+00|pino22{@LIM2|+6.000000E+00|+4.000000E+00}}
{@A-MEA|0|+5.097270E+00|pino23{@LIM2|+6.000000E+00|+4.000000E+00}}
}
{@BLOCK|pu4701|00
{@A-MEA|0|+1.230254E+01|pino1{@LIM2|+1.400000E+01|+1.000000E+01}}
{@A-MEA|0|+3.307446E+00|pino20{@LIM2|+4.000000E+00|+1.000000E+00}}
}
{@BLOCK|pu4702|00
{@A-MEA|0|+1.230254E+01|pino1{@LIM2|+1.400000E+01|+1.000000E+01}}
{@A-MEA|0|+3.306762E+00|pino20{@LIM2|+4.000000E+00|+1.000000E+00}}
}
{@BLOCK|pu4703|00
{@A-MEA|0|+1.230117E+01|pino1{@LIM2|+1.400000E+01|+1.000000E+01}}
{@A-MEA|0|+3.306933E+00|pino20{@LIM2|+4.000000E+00|+1.000000E+00}}
}
{@BLOCK|pu4801|00
{@A-MEA|0|+1.230390E+01|pino1{@LIM2|+1.400000E+01|+1.000000E+01}}
{@A-MEA|0|+3.307617E+00|pino20{@LIM2|+4.000000E+00|+1.000000E+00}}
}
{@BLOCK|pu4802|00
{@A-MEA|0|+1.230390E+01|pino1{@LIM2|+1.400000E+01|+1.000000E+01}}
{@A-MEA|0|+3.307104E+00|pino20{@LIM2|+4.000000E+00|+1.000000E+00}}
}
{@BLOCK|pu5001|00
{@A-MEA|0|+1.230390E+01|pino2{@LIM2|+1.400000E+01|+1.000000E+01}}
{@A-MEA|0|+1.806065E+00|pino12{@LIM2|+2.500000E+00|+1.000000E+00}}
{@A-MEA|0|+1.806065E+00|pino16{@LIM2|+2.500000E+00|+1.000000E+00}}
{@A-MEA|0|+3.303172E+00|pino18{@LIM2|+4.000000E+00|+1.500000E+00}}
}
{@BLOCK|pu5101|00
{@A-MEA|0|+1.229844E+01|pino5{@LIM2|+1.400000E+01|+1.000000E+01}}
{@A-MEA|0|+4.434379E+00|pino7{@LIM2|+6.000000E+00|+2.000000E+00}}
{@A-MEA|0|+5.464194E+00|pino10{@LIM2|+6.000000E+00|+4.000000E+00}}
}
{@BLOCK|pu5151|00
{@A-MEA|0|+3.310011E+00|pino3{@LIM2|+4.000000E+00|+2.500000E+00}}
{@A-MEA|0|+1.123855E+00|pino6{@LIM2|+2.500000E+00|+5.000000E-01}}
}
{@BLOCK|pu5301|00
{@A-MEA|0|+1.827803E+00|pino6{@LIM2|+2.500000E+00|+1.000000E+00}}
}
{@BLOCK|u3601|00
{@A-MEA|0|+5.096244E+00|pino1{@LIM2|+5.500000E+00|+4.100000E+00}}
}
{@BLOCK|u4001|00
{@A-MEA|0|+1.060739E+00|pino1{@LIM2|+1.200000E+00|+9.000000E-01}}
{@A-MEA|0|+5.096415E+00|pino3{@LIM2|+5.500000E+00|+4.500000E+00}}
{@A-MEA|0|+1.060697E+00|pino6{@LIM2|+1.200000E+00|+9.000000E-01}}
}
{@BLOCK|u4003|00
{@A-MEA|0|+3.310524E+00|pino1{@LIM2|+4.000000E+00|+2.500000E+00}}
{@A-MEA|0|+5.097270E+00|pino4{@LIM2|+6.000000E+00|+4.000000E+00}}
{@A-MEA|0|+3.310182E+00|pino6{@LIM2|+4.000000E+00|+2.500000E+00}}
{@A-MEA|0|+3.306078E+00|pino14{@LIM2|+4.000000E+00|+2.500000E+00}}
}
{@BLOCK|u4004|00
{@A-MEA|0|+1.826948E+00|pino1{@LIM2|+2.000000E+00|+1.500000E+00}}
{@A-MEA|0|+5.097612E+00|pino3{@LIM2|+5.500000E+00|+4.500000E+00}}
{@A-MEA|0|+1.826948E+00|pino6{@LIM2|+2.000000E+00|+1.500000E+00}}
}
{@BLOCK|u4007|00
{@A-MEA|0|+5.097270E+00|pino1{@LIM2|+5.500000E+00|+4.500000E+00}}
{@A-MEA|0|+5.096928E+00|pino4{@LIM2|+5.500000E+00|+4.500000E+00}}
{@A-MEA|0|+5.096073E+00|pino13{@LIM2|+5.500000E+00|+4.500000E+00}}
}
{@BLOCK|u5501|00
{@A-MEA|0|+3.305395E+00|pino1{@LIM2|+4.000000E+00|+2.500000E+00}}
{@A-MEA|0|+3.307275E+00|pino5{@LIM2|+4.000000E+00|+2.500000E+00}}
}
{@BLOCK|u5702|00
{@A-MEA|0|+1.213300E+00|pino1{@LIM2|+1.500000E+00|+1.000000E+00}}
{@A-MEA|0|+1.827461E+00|pino4{@LIM2|+2.300000E+00|+1.300000E+00}}
}
{@BLOCK|u7102|00
{@A-MEA|0|+3.307446E+00|pino1{@LIM2|+4.000000E+00|+2.500000E+00}}
{@A-MEA|0|+5.097441E+00|pino4{@LIM2|+6.000000E+00|+4.000000E+00}}
{@A-MEA|0|+3.305395E+00|pino7{@LIM2|+4.000000E+00|+2.500000E+00}}
}
{@BLOCK|u7303|00
{@A-MEA|0|+3.311550E+00|vin{@LIM2|+3.800000E+00|+2.800000E+00}}
}
}}