{@BATCH|e14_gen7||4094|1||btest|050429134857~16|ICT0265\engineer|ICT0265|C:/Agilent_ICT/boards/e14_gen7|RevA|sb21t16730_sc88||sb21t16730_sc88
{@BTEST|6483002260|00|050429143918|000017|0|all||n||050429143935||1
{@BLOCK|ca2|00
{@A-CAP|0|+5.832874E-06{@LIM3|+7.802000E-06|+1.326340E-05|+2.340600E-06}}
}
{@BLOCK|cc5|00
{@A-CAP|0|+9.033608E-08{@LIM3|+1.000000E-07|+1.300000E-07|+7.000000E-08}}
}
{@BLOCK|ci209|00
{@A-CAP|0|+7.483795E-05{@LIM3|+7.760000E-05|+1.319200E-04|+2.326929E-05}}
}
{@BLOCK|cc1|00
{@A-CAP|0|+8.419847E-08{@LIM3|+7.000000E-08|+1.050000E-07|+3.500000E-08}}
}
{@BLOCK|cc12|00
{@A-CAP|0|+2.139269E-06{@LIM3|+2.100000E-06|+3.360000E-06|+8.400000E-07}}
}
{@BLOCK|cc46|00
{@A-CAP|0|+8.326307E-05{@LIM3|+7.010000E-05|+9.113000E-05|+4.907000E-05}}
}
{@BLOCK|cc31|00
{@A-CAP|0|+1.087418E-07{@LIM3|+1.000000E-07|+1.300000E-07|+8.000000E-08}}
}
{@BLOCK|cd4|00
{@A-CAP|0|+8.647907E-05{@LIM3|+9.120000E-05|+1.185600E-04|+6.384000E-05}}
}
{@BLOCK|ce2|00
{@A-CAP|0|+9.588460E-08{@LIM3|+8.000000E-08|+1.120000E-07|+4.800000E-08}}
}
{@BLOCK|pc6204|00
{@A-CAP|0|+5.690733E-06{@LIM3|+5.401000E-06|+7.021300E-06|+3.780700E-06}}
}
{@BLOCK|ce23|00
{@A-CAP|0|+8.722751E-08{@LIM3|+1.000000E-07|+1.300000E-07|+7.000000E-08}}
}
{@BLOCK|ce24|00
{@A-CAP|0|+1.140540E-07{@LIM3|+1.000000E-07|+1.250000E-07|+8.000000E-08}}
}
{@BLOCK|ci105|00
{@A-CAP|0|+1.091566E-05{@LIM3|+1.020000E-05|+1.326000E-05|+7.140000E-06}}
}
{@BLOCK|ci208|00
{@A-CAP|0|+8.261699E-05{@LIM3|+8.721000E-05|+1.133730E-04|+6.103497E-05}}
}
{@BLOCK|pc6237|00
{@A-CAP|0|+2.708620E-04{@LIM3|+2.927000E-04|+3.805100E-04|+2.044849E-04}}
}
{@BLOCK|ce20|00
{@A-CAP|0|+1.161597E-09{@LIM3|+1.000000E-09|+1.200000E-09|+8.000000E-10}}
}
{@BLOCK|cn5|00
{@A-CAP|0|+2.201245E-05{@LIM3|+2.230000E-05|+2.899000E-05|+1.561000E-05}}
}
{@BLOCK|cu693|00
{@A-CAP|0|+1.043351E-05{@LIM3|+9.720000E-06|+1.263600E-05|+6.804000E-06}}
}
{@BLOCK|cr10|00
{@A-CAP|0|+5.710893E-06{@LIM3|+5.800000E-06|+7.540000E-06|+4.060000E-06}}
}
{@BLOCK|cu25|00
{@A-CAP|0|+8.851721E-06{@LIM3|+1.040100E-05|+1.248120E-05|+8.320800E-06}}
}
{@BLOCK|cu620|00
{@A-CAP|0|+8.621858E-05{@LIM3|+8.450000E-05|+1.098500E-04|+5.915000E-05}}
}
{@BLOCK|cu648|00
{@A-CAP|0|+3.095035E-05{@LIM3|+2.886000E-05|+3.896100E-05|+1.875900E-05}}
}
{@BLOCK|pc1921|00
{@A-CAP|0|+1.607135E-04{@LIM3|+1.537000E-04|+1.998100E-04|+1.075688E-04}}
}
{@BLOCK|cu1003|00
{@A-CAP|0|+1.498308E-04{@LIM3|+1.501000E-04|+1.951300E-04|+1.049285E-04}}
}
{@BLOCK|cv175|00
{@A-CAP|0|+1.004455E-06{@LIM3|+1.100000E-06|+1.430000E-06|+7.700000E-07}}
}
{@BLOCK|cv180|00
{@A-CAP|0|+7.763531E-08{@LIM3|+9.000000E-08|+1.530000E-07|+2.700000E-08}}
}
{@BLOCK|cv183|00
{@A-CAP|0|+9.309432E-08{@LIM3|+1.000000E-07|+1.300000E-07|+7.000000E-08}}
}
{@BLOCK|cv529|00
{@A-CAP|0|+4.150728E-05{@LIM3|+3.513000E-05|+4.566900E-05|+2.459100E-05}}
}
{@BLOCK|cv534|00
{@A-CAP|0|+1.119724E-07{@LIM3|+1.010000E-07|+1.313000E-07|+7.070000E-08}}
}
{@BLOCK|pc1401|00
{@A-CAP|0|+1.605801E-03{@LIM3|+1.620000E-03|+2.106000E-03|+1.130638E-03}}
}
{@BLOCK|pc1014|00
{@A-CAP|0|+1.171581E-07{@LIM3|+1.000000E-07|+1.350000E-07|+6.500000E-08}}
}
{@BLOCK|pc5398|00
{@A-CAP|0|+1.893910E-04{@LIM3|+1.968700E-04|+2.559310E-04|+1.377681E-04}}
}
{@BLOCK|pc5310|00
{@A-CAP|0|+8.996138E-05{@LIM3|+1.001420E-04|+1.301846E-04|+7.009940E-05}}
}
{@BLOCK|pc5360|00
{@A-CAP|0|+1.003866E-05{@LIM3|+1.001100E-05|+1.301430E-05|+7.007700E-06}}
}
{@BLOCK|pc6212|00
{@A-CAP|0|+9.836770E-08{@LIM3|+1.000000E-07|+1.300000E-07|+7.000000E-08}}
}
{@BLOCK|pc6511|00
{@A-CAP|0|+1.094329E-07{@LIM3|+1.000000E-07|+1.700000E-07|+3.000000E-08}}
}
{@BLOCK|ca12|00
{@A-CAP|0|+2.210577E-06{@LIM3|+2.200000E-06|+2.860000E-06|+1.540000E-06}}
}
{@BLOCK|ca13|00
{@A-CAP|0|+2.166911E-06{@LIM3|+2.200000E-06|+2.860000E-06|+1.540000E-06}}
}
{@BLOCK|ca30|00
{@A-CAP|0|+2.608759E-06{@LIM3|+2.900000E-06|+4.930000E-06|+8.700000E-07}}
}
{@BLOCK|ca414|00
{@A-CAP|0|+2.225341E-06{@LIM3|+2.200000E-06|+2.860000E-06|+1.540000E-06}}
}
{@BLOCK|cu600|00
{@A-CAP|0|+2.220389E-06{@LIM3|+2.200000E-06|+3.740000E-06|+6.600000E-07}}
}
{@BLOCK|cu602|00
{@A-CAP|0|+2.596740E-06{@LIM3|+2.200000E-06|+2.860000E-06|+1.540000E-06}}
}
{@BLOCK|cu632|00
{@A-CAP|0|+9.086888E-05{@LIM3|+8.660000E-05|+1.125800E-04|+6.062000E-05}}
}
{@BLOCK|cu640|00
{@A-CAP|0|+2.146950E-06{@LIM3|+2.200000E-06|+2.860000E-06|+1.540000E-06}}
}
{@BLOCK|cu641|00
{@A-CAP|0|+1.365724E-05{@LIM3|+1.220000E-05|+1.586000E-05|+8.540000E-06}}
}
{@BLOCK|ce13|00
{@A-CAP|0|+1.165933E-06{@LIM3|+1.000000E-06|+1.300000E-06|+7.000000E-07}}
}
{@BLOCK|cu5|00
{@A-CAP|0|+1.126713E-05{@LIM3|+1.100000E-05|+1.650000E-05|+5.500000E-06}}
}
{@BLOCK|pc105|00
{@A-CAP|0|+1.140248E-06{@LIM3|+1.000000E-06|+1.350000E-06|+7.000000E-07}}
}
{@BLOCK|pc1708|00
{@A-CAP|0|+9.880743E-04{@LIM3|+1.124000E-03|+1.461200E-03|+7.844677E-04}}
}
{@BLOCK|cr37|00
{@A-CAP|0|+1.049533E-05{@LIM3|+1.100000E-05|+1.870000E-05|+3.300000E-06}}
}
{@BLOCK|cu1|00
{@A-CAP|0|+1.140118E-05{@LIM3|+1.000000E-05|+1.300000E-05|+7.000000E-06}}
}
{@BLOCK|ca417|00
{@A-CAP|0|+8.555610E-10{@LIM3|+7.800000E-10|+1.053000E-09|+5.070000E-10}}
}
{@BLOCK|ca412|00
{@A-CAP|0|+9.262477E-10{@LIM3|+7.800000E-10|+1.053000E-09|+5.070000E-10}}
}
{@BLOCK|ca407|00
{@A-CAP|0|+1.744682E-09{@LIM3|+1.500000E-09|+2.025000E-09|+9.750000E-10}}
}
{@BLOCK|ca408|00
{@A-CAP|0|+1.720354E-09{@LIM3|+1.500000E-09|+2.025000E-09|+9.750000E-10}}
}
{@BLOCK|ca410|00
{@A-CAP|0|+1.715946E-09{@LIM3|+1.500000E-09|+2.025000E-09|+9.750000E-10}}
}
{@BLOCK|ca409|00
{@A-CAP|0|+1.684837E-09{@LIM3|+1.500000E-09|+2.025000E-09|+9.750000E-10}}
}
{@BLOCK|ce19|00
{@A-CAP|0|+1.107375E-09{@LIM3|+1.000000E-09|+1.177000E-09|+8.000000E-10}}
}
{@BLOCK|cr5|00
{@A-CAP|0|+1.356410E-09{@LIM3|+1.300000E-09|+1.755000E-09|+8.450000E-10}}
}
{@BLOCK|cr24|00
{@A-CAP|0|+1.355222E-09{@LIM3|+1.300000E-09|+1.755000E-09|+8.450000E-10}}
}
{@BLOCK|cr27|00
{@A-CAP|0|+1.310985E-09{@LIM3|+1.300000E-09|+1.755000E-09|+8.450000E-10}}
}
{@BLOCK|cr43|00
{@A-CAP|0|+1.352916E-09{@LIM3|+1.300000E-09|+1.755000E-09|+8.450000E-10}}
}
{@BLOCK|cr49|00
{@A-CAP|0|+1.367673E-09{@LIM3|+1.300000E-09|+1.755000E-09|+8.450000E-10}}
}
{@BLOCK|cu619|00
{@A-CAP|0|+1.366452E-09{@LIM3|+1.300000E-09|+1.755000E-09|+8.450000E-10}}
}
{@BLOCK|cu2|00
{@A-CAP|0|+4.028822E-10{@LIM3|+4.300000E-10|+5.805000E-10|+2.795000E-10}}
}
{@BLOCK|cu3|00
{@A-CAP|0|+4.472276E-10{@LIM3|+4.300000E-10|+5.805000E-10|+2.795000E-10}}
}
{@BLOCK|cu18|00
{@A-CAP|0|+4.277564E-10{@LIM3|+4.300000E-10|+5.805000E-10|+2.795000E-10}}
}
{@BLOCK|cu19|00
{@A-CAP|0|+4.429346E-10{@LIM3|+4.300000E-10|+5.805000E-10|+2.795000E-10}}
}
{@BLOCK|pr1011|00
{@A-RES|0|+3.200808E+04{@LIM3|+3.220300E+04|+4.347405E+04|+2.093195E+04}}
}
{@BLOCK|pr1003|00
{@A-RES|0|+3.214382E+04{@LIM3|+3.220300E+04|+4.025375E+04|+2.415225E+04}}
}
{@BLOCK|pr1004|00
{@A-RES|0|+3.186276E+04{@LIM3|+3.020300E+04|+3.775375E+04|+2.265225E+04}}
}
{@BLOCK|pr6218|00
{@A-RES|0|+1.004350E+05{@LIM3|+1.000000E+05|+1.110000E+05|+8.900000E+04}}
}
{@BLOCK|pr6220|00
{@A-RES|0|+1.004823E+05{@LIM3|+1.000000E+05|+1.110000E+05|+8.900000E+04}}
}
{@BLOCK|pt121|00
{@A-RES|0|+9.879388E+04{@LIM3|+1.000000E+05|+1.500000E+05|+5.000000E+04}}
}
{@BLOCK|cr52|00
{@A-CAP|0|+9.996444E-08{@LIM3|+1.000000E-07|+1.200000E-07|+8.000000E-08}}
}
{@BLOCK|cv177|00
{@A-CAP|0|+9.401984E-08{@LIM3|+1.000000E-07|+1.200000E-07|+8.000000E-08}}
}
{@BLOCK|cs205|00
{@A-CAP|0|+2.240197E-09{@LIM3|+2.200000E-09|+2.860000E-09|+1.540000E-09}}
}
{@BLOCK|pc6247|00
{@A-CAP|0|+3.620560E-10{@LIM3|+3.300000E-10|+4.455000E-10|+2.145000E-10}}
}
{@BLOCK|ph1004|00
{@A-RES|0|+9.665429E+03{@LIM3|+1.000000E+04|+1.500000E+04|+5.000000E+03}}
}
{@BLOCK|ph1005|00
{@A-RES|0|+9.445916E+03{@LIM3|+1.000000E+04|+1.500000E+04|+5.000000E+03}}
}
{@BLOCK|pr1034|00
{@A-RES|0|+9.989463E+03{@LIM3|+1.000000E+04|+1.060000E+04|+9.400000E+03}}
}
{@BLOCK|pr1046|00
{@A-RES|0|+9.961555E+03{@LIM3|+1.000000E+04|+1.060000E+04|+9.400000E+03}}
}
{@BLOCK|ru30|00
{@A-RES|0|+9.496274E+04{@LIM3|+1.000000E+05|+1.110000E+05|+8.900000E+04}}
}
{@BLOCK|ru32|00
{@A-RES|0|+9.508817E+04{@LIM3|+1.000000E+05|+1.110000E+05|+8.900000E+04}}
}
{@BLOCK|pr1053|00
{@A-RES|0|+3.885598E+03{@LIM3|+4.110000E+03|+5.754000E+03|+2.466000E+03}}
}
{@BLOCK|pr104|00
{@A-RES|0|+9.971993E+03{@LIM3|+1.000000E+04|+1.060000E+04|+9.400000E+03}}
}
{@BLOCK|pr122|00
{@A-RES|0|+9.977020E+03{@LIM3|+1.000000E+04|+1.060000E+04|+9.400000E+03}}
}
{@BLOCK|re5|00
{@A-RES|0|+9.987433E+03{@LIM3|+1.000000E+04|+1.060000E+04|+9.400000E+03}}
}
{@BLOCK|pr101|00
{@A-RES|0|+2.056398E+04{@LIM3|+2.000000E+04|+2.200000E+04|+1.800000E+04}}
}
{@BLOCK|pr1908|00
{@A-RES|0|+9.838401E+05{@LIM3|+1.000000E+06|+1.250000E+06|+7.500000E+05}}
}
{@BLOCK|pq6205%qf1|00
{@A-NFE|0|+8.463446E+01{@LIM2|+2.000000E+02|+2.000000E+01}}
}
{@BLOCK|rc190|00
{@A-RES|0|+9.800844E+05{@LIM3|+1.000000E+06|+1.250000E+06|+7.500000E+05}}
}
{@BLOCK|pr106|00
{@A-RES|0|+1.006960E+04{@LIM3|+1.000000E+04|+1.100000E+04|+9.000000E+03}}
}
{@BLOCK|qa2|00
{@A-NFE|0|+7.768864E+01{@LIM2|+2.000000E+02|+2.000000E+01}}
}
{@BLOCK|rc8|00
{@A-RES|0|+9.876939E+03{@LIM3|+1.000000E+04|+1.100000E+04|+9.000000E+03}}
}
{@BLOCK|rc9|00
{@A-RES|0|+9.892403E+03{@LIM3|+1.000000E+04|+1.100000E+04|+9.000000E+03}}
}
{@BLOCK|rc12|00
{@A-RES|0|+9.948871E+03{@LIM3|+1.000000E+04|+1.100000E+04|+9.000000E+03}}
}
{@BLOCK|rc14|00
{@A-RES|0|+9.866656E+03{@LIM3|+1.000000E+04|+1.100000E+04|+9.000000E+03}}
}
{@BLOCK|pr1059|00
{@A-RES|0|+9.961555E+03{@LIM3|+1.000000E+04|+1.060000E+04|+9.400000E+03}}
}
{@BLOCK|rc109|00
{@A-RES|0|+1.989690E+04{@LIM3|+2.000000E+04|+2.200000E+04|+1.800000E+04}}
}
{@BLOCK|rc110|00
{@A-RES|0|+2.006059E+04{@LIM3|+2.000000E+04|+2.200000E+04|+1.800000E+04}}
}
{@BLOCK|ra20|00
{@A-RES|0|+9.799979E+03{@LIM3|+1.000000E+04|+1.400000E+04|+5.000000E+03}}
}
{@BLOCK|rc36|00
{@A-RES|0|+1.091347E+04{@LIM3|+1.000000E+04|+1.100000E+04|+9.000000E+03}}
}
{@BLOCK|rc72|00
{@A-RES|0|+1.007190E+04{@LIM3|+1.000000E+04|+1.100000E+04|+9.000000E+03}}
}
{@BLOCK|rc76|00
{@A-RES|0|+9.867614E+03{@LIM3|+1.000000E+04|+1.100000E+04|+9.000000E+03}}
}
{@BLOCK|rc121|00
{@A-RES|0|+1.030094E+04{@LIM3|+1.000000E+04|+1.100000E+04|+9.000000E+03}}
}
{@BLOCK|rc15|00
{@A-RES|0|+1.016813E+04{@LIM3|+1.000000E+04|+1.100000E+04|+9.000000E+03}}
}
{@BLOCK|rc34|00
{@A-RES|0|+1.032527E+04{@LIM3|+1.000000E+04|+1.100000E+04|+9.000000E+03}}
}
{@BLOCK|rc35|00
{@A-RES|0|+1.009076E+04{@LIM3|+1.000000E+04|+1.100000E+04|+9.000000E+03}}
}
{@BLOCK|rc37|00
{@A-RES|0|+9.952910E+03{@LIM3|+1.000000E+04|+1.100000E+04|+9.000000E+03}}
}
{@BLOCK|rc38|00
{@A-RES|0|+9.909716E+03{@LIM3|+1.000000E+04|+1.100000E+04|+9.000000E+03}}
}
{@BLOCK|rc42|00
{@A-RES|0|+9.905202E+03{@LIM3|+1.000000E+04|+1.100000E+04|+9.000000E+03}}
}
{@BLOCK|rc44|00
{@A-RES|0|+9.980303E+03{@LIM3|+1.000000E+04|+1.100000E+04|+9.000000E+03}}
}
{@BLOCK|rc127|00
{@A-RES|0|+1.028985E+04{@LIM3|+1.000000E+04|+1.100000E+04|+9.000000E+03}}
}
{@BLOCK|rc142|00
{@A-RES|0|+1.035914E+04{@LIM3|+1.000000E+04|+1.100000E+04|+9.000000E+03}}
}
{@BLOCK|rc149|00
{@A-RES|0|+9.912863E+03{@LIM3|+1.000000E+04|+1.100000E+04|+9.000000E+03}}
}
{@BLOCK|rc225|00
{@A-RES|0|+9.925427E+03{@LIM3|+1.000000E+04|+1.100000E+04|+9.000000E+03}}
}
{@BLOCK|rc246|00
{@A-RES|0|+9.828796E+03{@LIM3|+1.000000E+04|+1.100000E+04|+9.000000E+03}}
}
{@BLOCK|rc247|00
{@A-RES|0|+1.010111E+04{@LIM3|+1.000000E+04|+1.100000E+04|+9.000000E+03}}
}
{@BLOCK|rc251|00
{@A-RES|0|+8.918416E+03{@LIM3|+1.000000E+04|+1.100000E+04|+7.800000E+03}}
}
{@BLOCK|rc257|00
{@A-RES|0|+8.971466E+03{@LIM3|+1.000000E+04|+1.100000E+04|+8.000000E+03}}
}
{@BLOCK|rc314|00
{@A-RES|0|+1.036437E+04{@LIM3|+1.000000E+04|+1.100000E+04|+9.000000E+03}}
}
{@BLOCK|rc180|00
{@A-RES|0|+9.926071E+03{@LIM3|+1.000000E+04|+1.100000E+04|+9.000000E+03}}
}
{@BLOCK|rc239|00
{@A-RES|0|+9.881281E+03{@LIM3|+1.000000E+04|+1.100000E+04|+9.000000E+03}}
}
{@BLOCK|rc260|00
{@A-RES|0|+9.493982E+03{@LIM3|+1.000000E+04|+1.100000E+04|+9.000000E+03}}
}
{@BLOCK|rc266|00
{@A-RES|0|+9.572588E+03{@LIM3|+1.000000E+04|+1.100000E+04|+9.000000E+03}}
}
{@BLOCK|rc283|00
{@A-RES|0|+9.851525E+03{@LIM3|+1.000000E+04|+1.100000E+04|+9.000000E+03}}
}
{@BLOCK|rd4|00
{@A-RES|0|+9.964735E+03{@LIM3|+1.000000E+04|+1.100000E+04|+9.000000E+03}}
}
{@BLOCK|re41|00
{@A-RES|0|+1.004167E+04{@LIM3|+1.000000E+04|+1.100000E+04|+9.000000E+03}}
}
{@BLOCK|re63|00
{@A-RES|0|+9.971632E+03{@LIM3|+1.000000E+04|+1.100000E+04|+9.000000E+03}}
}
{@BLOCK|rd2|00
{@A-RES|0|+1.002592E+04{@LIM3|+1.000000E+04|+1.100000E+04|+9.000000E+03}}
}
{@BLOCK|re19|00
{@A-RES|0|+9.859714E+03{@LIM3|+1.000000E+04|+1.100000E+04|+9.000000E+03}}
}
{@BLOCK|re30|00
{@A-RES|0|+9.329067E+03{@LIM3|+1.000000E+04|+1.100000E+04|+8.500000E+03}}
}
{@BLOCK|re51|00
{@A-RES|0|+9.897144E+03{@LIM3|+1.000000E+04|+1.100000E+04|+9.000000E+03}}
}
{@BLOCK|re64|00
{@A-RES|0|+9.810028E+03{@LIM3|+1.000000E+04|+1.100000E+04|+9.000000E+03}}
}
{@BLOCK|re283|00
{@A-RES|0|+9.988484E+03{@LIM3|+1.000000E+04|+1.100000E+04|+9.000000E+03}}
}
{@BLOCK|ri102|00
{@A-RES|0|+1.008153E+04{@LIM3|+1.000000E+04|+1.100000E+04|+9.000000E+03}}
}
{@BLOCK|ri812|00
{@A-RES|0|+1.020099E+04{@LIM3|+1.000000E+04|+1.100000E+04|+9.000000E+03}}
}
{@BLOCK|rn2|00
{@A-RES|0|+1.044133E+04{@LIM3|+1.000000E+04|+1.100000E+04|+9.000000E+03}}
}
{@BLOCK|rn6|00
{@A-RES|0|+1.015314E+04{@LIM3|+1.000000E+04|+1.100000E+04|+9.000000E+03}}
}
{@BLOCK|rn10|00
{@A-RES|0|+1.015424E+04{@LIM3|+1.000000E+04|+1.100000E+04|+9.000000E+03}}
}
{@BLOCK|rn11|00
{@A-RES|0|+1.012021E+04{@LIM3|+1.000000E+04|+1.100000E+04|+9.000000E+03}}
}
{@BLOCK|ru4|00
{@A-RES|0|+1.012952E+04{@LIM3|+1.000000E+04|+1.100000E+04|+9.000000E+03}}
}
{@BLOCK|ru5|00
{@A-RES|0|+9.961383E+03{@LIM3|+1.000000E+04|+1.100000E+04|+9.000000E+03}}
}
{@BLOCK|ru9|00
{@A-RES|0|+1.022644E+04{@LIM3|+1.000000E+04|+1.100000E+04|+9.000000E+03}}
}
{@BLOCK|ru10|00
{@A-RES|0|+9.885426E+03{@LIM3|+1.000000E+04|+1.100000E+04|+9.000000E+03}}
}
{@BLOCK|ru613|00
{@A-RES|0|+1.046162E+04{@LIM3|+1.000000E+04|+1.200000E+04|+9.000000E+03}}
}
{@BLOCK|ru624|00
{@A-RES|0|+9.847175E+03{@LIM3|+1.000000E+04|+1.100000E+04|+9.000000E+03}}
}
{@BLOCK|ru655|00
{@A-RES|0|+1.023193E+04{@LIM3|+1.000000E+04|+1.100000E+04|+9.000000E+03}}
}
{@BLOCK|ru656|00
{@A-RES|0|+9.800272E+03{@LIM3|+1.000000E+04|+1.100000E+04|+9.000000E+03}}
}
{@BLOCK|rv175|00
{@A-RES|0|+1.007312E+04{@LIM3|+1.000000E+04|+1.100000E+04|+9.000000E+03}}
}
{@BLOCK|pr121|00
{@A-RES|0|+1.648356E+04{@LIM3|+1.650000E+04|+1.749000E+04|+1.551000E+04}}
}
{@BLOCK|pr1809|00
{@A-RES|0|+9.940036E+04{@LIM3|+1.000000E+05|+1.150000E+05|+8.500000E+04}}
}
{@BLOCK|pr6215|00
{@A-RES|0|+9.713409E+04{@LIM3|+1.000000E+05|+1.150000E+05|+8.500000E+04}}
}
{@BLOCK|ri111|00
{@A-RES|0|+1.005568E+04{@LIM3|+1.000000E+04|+1.100000E+04|+9.000000E+03}}
}
{@BLOCK|ri814|00
{@A-RES|0|+9.881281E+03{@LIM3|+1.000000E+04|+1.100000E+04|+9.000000E+03}}
}
{@BLOCK|ri815|00
{@A-RES|0|+1.000840E+04{@LIM3|+1.000000E+04|+1.100000E+04|+9.000000E+03}}
}
{@BLOCK|rk9|00
{@A-RES|0|+9.817958E+03{@LIM3|+1.000000E+04|+1.100000E+04|+9.000000E+03}}
}
{@BLOCK|rk10|00
{@A-RES|0|+1.001054E+04{@LIM3|+1.000000E+04|+1.100000E+04|+9.000000E+03}}
}
{@BLOCK|rr29|00
{@A-RES|0|+1.027919E+04{@LIM3|+1.000000E+04|+1.100000E+04|+9.000000E+03}}
}
{@BLOCK|rr30|00
{@A-RES|0|+9.764804E+03{@LIM3|+1.000000E+04|+1.100000E+04|+9.000000E+03}}
}
{@BLOCK|pu121%ra|00
{@A-RES|0|+1.013071E+05{@LIM3|+1.000000E+05|+1.500000E+05|+5.000000E+04}}
}
{@BLOCK|ra1|00
{@A-RES|0|+9.828145E+04{@LIM3|+1.000000E+05|+1.150000E+05|+8.500000E+04}}
}
{@BLOCK|ra5|00
{@A-RES|0|+5.105669E+03{@LIM3|+5.110000E+03|+5.416600E+03|+4.803400E+03}}
}
{@BLOCK|rc75|00
{@A-RES|0|+9.983495E+04{@LIM3|+1.000000E+05|+1.150000E+05|+8.500000E+04}}
}
{@BLOCK|rc86|00
{@A-RES|0|+9.465541E+04{@LIM3|+1.000000E+05|+1.150000E+05|+8.500000E+04}}
}
{@BLOCK|rc96|00
{@A-RES|0|+9.462380E+04{@LIM3|+1.000000E+05|+1.150000E+05|+8.500000E+04}}
}
{@BLOCK|rc97|00
{@A-RES|0|+9.246506E+04{@LIM3|+1.000000E+05|+1.150000E+05|+8.500000E+04}}
}
{@BLOCK|rc186|00
{@A-RES|0|+9.404668E+04{@LIM3|+1.000000E+05|+1.150000E+05|+8.500000E+04}}
}
{@BLOCK|rc187|00
{@A-RES|0|+9.444528E+04{@LIM3|+1.000000E+05|+1.150000E+05|+8.500000E+04}}
}
{@BLOCK|rb22|00
{@A-RES|0|+9.576094E+04{@LIM3|+1.000000E+05|+1.150000E+05|+8.500000E+04}}
}
{@BLOCK|rc64|00
{@A-RES|0|+9.922114E+04{@LIM3|+1.000000E+05|+1.150000E+05|+8.500000E+04}}
}
{@BLOCK|rc73|00
{@A-RES|0|+9.339227E+04{@LIM3|+1.000000E+05|+1.150000E+05|+8.500000E+04}}
}
{@BLOCK|rc74|00
{@A-RES|0|+9.640177E+04{@LIM3|+1.000000E+05|+1.150000E+05|+8.500000E+04}}
}
{@BLOCK|rc184|00
{@A-RES|0|+1.004817E+05{@LIM3|+1.000000E+05|+1.150000E+05|+8.500000E+04}}
}
{@BLOCK|rc267|00
{@A-RES|0|+9.186434E+04{@LIM3|+1.000000E+05|+1.550000E+05|+4.500000E+04}}
}
{@BLOCK|re11|00
{@A-RES|0|+9.908465E+04{@LIM3|+1.000000E+05|+1.150000E+05|+8.500000E+04}}
}
{@BLOCK|re21|00
{@A-RES|0|+9.989249E+04{@LIM3|+1.000000E+05|+1.150000E+05|+8.500000E+04}}
}
{@BLOCK|rc188|00
{@A-RES|0|+9.407504E+04{@LIM3|+1.000000E+05|+1.150000E+05|+8.500000E+04}}
}
{@BLOCK|qc18%qf2|00
{@A-NFE|0|+6.096129E+01{@LIM2|+2.000000E+02|+2.000000E+01}}
}
{@BLOCK|rc274|00
{@A-RES|0|+9.488573E+04{@LIM3|+1.000000E+05|+1.150000E+05|+8.500000E+04}}
}
{@BLOCK|re12|00
{@A-RES|0|+1.007052E+05{@LIM3|+1.000000E+05|+1.150000E+05|+8.500000E+04}}
}
{@BLOCK|re18|00
{@A-RES|0|+1.001234E+05{@LIM3|+1.000000E+05|+1.150000E+05|+8.500000E+04}}
}
{@BLOCK|re31|00
{@A-RES|0|+9.992035E+04{@LIM3|+1.000000E+05|+1.150000E+05|+8.500000E+04}}
}
{@BLOCK|re36|00
{@A-RES|0|+1.012171E+05{@LIM3|+1.000000E+05|+1.150000E+05|+8.500000E+04}}
}
{@BLOCK|re40|00
{@A-RES|0|+1.007920E+05{@LIM3|+1.000000E+05|+1.150000E+05|+8.500000E+04}}
}
{@BLOCK|re44|00
{@A-RES|0|+9.940036E+04{@LIM3|+1.000000E+05|+1.150000E+05|+8.500000E+04}}
}
{@BLOCK|re46|00
{@A-RES|0|+1.012937E+05{@LIM3|+1.000000E+05|+1.150000E+05|+8.500000E+04}}
}
{@BLOCK|re107|00
{@A-RES|0|+1.001127E+05{@LIM3|+1.000000E+05|+1.150000E+05|+8.500000E+04}}
}
{@BLOCK|ri109|00
{@A-RES|0|+9.979250E+04{@LIM3|+1.000000E+05|+1.150000E+05|+8.500000E+04}}
}
{@BLOCK|ri304|00
{@A-RES|0|+1.133538E+05{@LIM3|+1.000000E+05|+1.150000E+05|+8.500000E+04}}
}
{@BLOCK|rn15|00
{@A-RES|0|+9.695392E+04{@LIM3|+1.000000E+05|+1.150000E+05|+8.500000E+04}}
}
{@BLOCK|rr4|00
{@A-RES|0|+9.980315E+04{@LIM3|+1.000000E+05|+1.150000E+05|+8.500000E+04}}
}
{@BLOCK|ru39|00
{@A-RES|0|+9.904272E+04{@LIM3|+1.000000E+05|+1.150000E+05|+8.500000E+04}}
}
{@BLOCK|ru40|00
{@A-RES|0|+9.976059E+04{@LIM3|+1.000000E+05|+1.150000E+05|+8.500000E+04}}
}
{@BLOCK|ru636|00
{@A-RES|0|+9.901129E+04{@LIM3|+1.000000E+05|+1.150000E+05|+8.500000E+04}}
}
{@BLOCK|ru666|00
{@A-RES|0|+9.975494E+04{@LIM3|+1.000000E+05|+1.150000E+05|+8.500000E+04}}
}
{@BLOCK|ru675|00
{@A-RES|0|+9.959588E+04{@LIM3|+1.000000E+05|+1.150000E+05|+8.500000E+04}}
}
{@BLOCK|ru679|00
{@A-RES|0|+9.987222E+04{@LIM3|+1.000000E+05|+1.150000E+05|+8.500000E+04}}
}
{@BLOCK|rv155|00
{@A-RES|0|+1.004295E+05{@LIM3|+1.000000E+05|+1.150000E+05|+8.500000E+04}}
}
{@BLOCK|rv162|00
{@A-RES|0|+9.944261E+04{@LIM3|+1.000000E+05|+1.150000E+05|+8.500000E+04}}
}
{@BLOCK|rv163|00
{@A-RES|0|+9.951662E+04{@LIM3|+1.000000E+05|+1.150000E+05|+8.500000E+04}}
}
{@BLOCK|re25|00
{@A-RES|0|+9.987280E+04{@LIM3|+1.000000E+05|+1.150000E+05|+8.500000E+04}}
}
{@BLOCK|re26|00
{@A-RES|0|+1.008586E+05{@LIM3|+1.000000E+05|+1.150000E+05|+8.500000E+04}}
}
{@BLOCK|re34|00
{@A-RES|0|+9.794457E+04{@LIM3|+1.000000E+05|+1.150000E+05|+8.500000E+04}}
}
{@BLOCK|re43|00
{@A-RES|0|+1.005314E+05{@LIM3|+1.000000E+05|+1.150000E+05|+8.500000E+04}}
}
{@BLOCK|re47|00
{@A-RES|0|+9.883364E+04{@LIM3|+1.000000E+05|+1.150000E+05|+8.500000E+04}}
}
{@BLOCK|ri238|00
{@A-RES|0|+9.779113E+04{@LIM3|+1.000000E+05|+1.150000E+05|+8.500000E+04}}
}
{@BLOCK|ri302|00
{@A-RES|0|+9.754664E+04{@LIM3|+1.000000E+05|+1.150000E+05|+8.500000E+04}}
}
{@BLOCK|pr1021|00
{@A-RES|0|+7.866460E+02{@LIM3|+7.870000E+02|+8.342200E+02|+7.397800E+02}}
}
{@BLOCK|rv173|00
{@A-RES|0|+9.542750E+04{@LIM3|+1.000000E+05|+1.150000E+05|+8.500000E+04}}
}
{@BLOCK|rv516|00
{@A-RES|0|+9.922122E+04{@LIM3|+1.000000E+05|+1.150000E+05|+8.500000E+04}}
}
{@BLOCK|pr1007|00
{@A-RES|0|+9.518775E+03{@LIM3|+9.530000E+03|+1.010180E+04|+8.958200E+03}}
}
{@BLOCK|pr1009|00
{@A-RES|0|+9.507658E+03{@LIM3|+9.530000E+03|+1.010180E+04|+8.958200E+03}}
}
{@BLOCK|pr1010|00
{@A-RES|0|+9.561551E+03{@LIM3|+9.530000E+03|+1.010180E+04|+8.958200E+03}}
}
{@BLOCK|pr1008|00
{@A-RES|0|+3.422183E+03{@LIM3|+3.400000E+03|+3.604000E+03|+3.196000E+03}}
}
{@BLOCK|pr1013|00
{@A-RES|0|+1.601216E+04{@LIM3|+1.600000E+04|+1.696000E+04|+1.504000E+04}}
}
{@BLOCK|pr1018|00
{@A-RES|0|+8.497467E+01{@LIM3|+8.200000E+01|+9.192003E+01|+7.708000E+01}}
}
{@BLOCK|pr1019|00
{@A-RES|0|+8.308902E+01{@LIM3|+8.000000E+01|+8.730000E+01|+7.520000E+01}}
}
{@BLOCK|rc129|00
{@A-RES|0|+1.027911E+02{@LIM3|+1.000000E+02|+1.150000E+02|+9.000000E+01}}
}
{@BLOCK|rc296|00
{@A-RES|0|+1.843636E+01{@LIM3|+1.500000E+01|+2.149999E+01|+1.350000E+01}}
}
{@BLOCK|pr5309|00
{@A-RES|0|+1.014124E+01{@LIM3|+1.000000E+01|+1.350000E+01|+6.500000E+00}}
}
{@BLOCK|rc51|00
{@A-RES|0|+1.030362E+01{@LIM3|+1.000000E+01|+1.100000E+01|+9.500000E+00}}
}
{@BLOCK|rc79|00
{@A-RES|0|+1.030919E+01{@LIM3|+1.000000E+01|+1.150000E+01|+8.500000E+00}}
}
{@BLOCK|rc143|00
{@A-RES|0|+1.055927E+01{@LIM3|+1.000000E+01|+1.350000E+01|+6.500000E+00}}
}
{@BLOCK|rc145|00
{@A-RES|0|+1.151025E+01{@LIM3|+1.000000E+01|+1.350000E+01|+6.500000E+00}}
}
{@BLOCK|pr1028|00
{@A-RES|0|+1.004951E+03{@LIM3|+1.000000E+03|+1.100000E+03|+9.000000E+02}}
}
{@BLOCK|pr1707|00
{@A-RES|0|+1.005736E+03{@LIM3|+1.000000E+03|+1.100000E+03|+9.000000E+02}}
}
{@BLOCK|pr1902|00
{@A-RES|0|+1.003603E+03{@LIM3|+1.000000E+03|+1.100000E+03|+9.000000E+02}}
}
{@BLOCK|rc93|00
{@A-RES|0|+1.000014E+03{@LIM3|+1.000000E+03|+1.100000E+03|+9.000000E+02}}
}
{@BLOCK|rc111|00
{@A-RES|0|+1.016453E+03{@LIM3|+1.000000E+03|+1.100000E+03|+9.000000E+02}}
}
{@BLOCK|rv544|00
{@A-RES|0|+1.021169E+03{@LIM3|+1.000000E+03|+1.100000E+03|+9.000000E+02}}
}
{@BLOCK|pr1029|00
{@A-RES|0|+1.402554E+02{@LIM3|+1.370000E+02|+1.502200E+02|+1.287800E+02}}
}
{@BLOCK|pr1031|00
{@A-RES|0|+4.804584E+01{@LIM3|+4.700000E+01|+5.482000E+01|+4.418000E+01}}
}
{@BLOCK|pr1032|00
{@A-RES|0|+5.601035E+02{@LIM3|+5.600000E+02|+5.936000E+02|+5.264000E+02}}
}
{@BLOCK|rc21|00
{@A-RES|0|+1.023211E+02{@LIM3|+1.000000E+02|+1.110000E+02|+9.400000E+01}}
}
{@BLOCK|rc131|00
{@A-JUM|0|+4.452088E+00{@LIM2|+1.500000E+01|+0.000000E+00}}
}
{@BLOCK|rc132|00
{@A-JUM|0|+4.271592E+00{@LIM2|+1.500000E+01|+0.000000E+00}}
}
{@BLOCK|rc133|00
{@A-JUM|0|+4.998843E+00{@LIM2|+1.500000E+01|+0.000000E+00}}
}
{@BLOCK|rc134|00
{@A-JUM|0|+4.561684E+00{@LIM2|+1.500000E+01|+0.000000E+00}}
}
{@BLOCK|rc136|00
{@A-JUM|0|+3.165857E+00{@LIM2|+1.500000E+01|+0.000000E+00}}
}
{@BLOCK|rc137|00
{@A-JUM|0|+2.813977E+00{@LIM2|+1.500000E+01|+0.000000E+00}}
}
{@BLOCK|pr1033|00
{@A-RES|0|+6.659624E+03{@LIM3|+6.650000E+03|+7.049000E+03|+6.251000E+03}}
}
{@BLOCK|ra36|00
{@A-RES|0|+1.323648E+04{@LIM3|+1.324300E+04|+1.403758E+04|+1.244842E+04}}
}
{@BLOCK|ru1000|00
{@A-RES|0|+1.996977E+04{@LIM3|+2.000000E+04|+2.120000E+04|+1.880000E+04}}
}
{@BLOCK|pr1062|00
{@A-RES|0|+3.679295E+03{@LIM3|+3.650000E+03|+3.869000E+03|+3.431000E+03}}
}
{@BLOCK|pr1064|00
{@A-RES|0|+4.006989E+03{@LIM3|+3.920000E+03|+4.155200E+03|+3.684800E+03}}
}
{@BLOCK|pr1702|00
{@A-RES|0|+9.046509E+04{@LIM3|+9.090000E+04|+9.635400E+04|+8.544600E+04}}
}
{@BLOCK|pr1706|00
{@A-JUM|0|+4.005044E+00{@LIM2|+1.500000E+01|+0.000000E+00}}
}
{@BLOCK|pr1806|00
{@A-JUM|0|+3.655790E+00{@LIM2|+1.500000E+01|+0.000000E+00}}
}
{@BLOCK|pr5310|00
{@A-RES|0|+9.983045E+00{@LIM3|+1.000000E+01|+1.350000E+01|+6.500000E+00}}
}
{@BLOCK|pr5312|00
{@A-RES|0|+1.069001E+01{@LIM3|+1.000000E+01|+1.350000E+01|+6.500000E+00}}
}
{@BLOCK|ra407|00
{@A-RES|0|+9.948976E+00{@LIM3|+1.200000E+01|+2.100000E+01|+3.000000E+00}}
}
{@BLOCK|pr5311|00
{@A-RES|0|+1.743409E+05{@LIM3|+1.370000E+05|+1.918000E+05|+1.219300E+05}}
}
{@BLOCK|pr6201|00
{@A-RES|0|+2.151704E+04{@LIM3|+2.150000E+04|+2.279000E+04|+2.021000E+04}}
}
{@BLOCK|pq6205%qf2|00
{@A-NFE|0|+6.103214E+01{@LIM2|+2.000000E+02|+2.000000E+01}}
}
{@BLOCK|pr6221|00
{@A-RES|0|+6.810446E+05{@LIM3|+6.800000E+05|+7.548000E+05|+6.052000E+05}}
}
{@BLOCK|pt124|00
{@A-RES|0|+6.474713E+02{@LIM3|+5.400000E+02|+7.290000E+02|+3.510000E+02}}
}
{@BLOCK|pr1022|00
{@A-RES|0|+7.884736E+02{@LIM3|+7.870000E+02|+8.342200E+02|+7.397800E+02}}
}
{@BLOCK|pr1711|00
{@A-RES|0|+1.005951E+03{@LIM3|+1.000000E+03|+1.100000E+03|+9.000000E+02}}
}
{@BLOCK|rb23|00
{@A-RES|0|+9.901572E+02{@LIM3|+1.000000E+03|+1.100000E+03|+9.000000E+02}}
}
{@BLOCK|rc94|00
{@A-RES|0|+9.981469E+02{@LIM3|+1.000000E+03|+1.100000E+03|+9.000000E+02}}
}
{@BLOCK|rc105|00
{@A-RES|0|+1.005573E+03{@LIM3|+1.000000E+03|+1.100000E+03|+9.000000E+02}}
}
{@BLOCK|rc141|00
{@A-RES|0|+1.016750E+03{@LIM3|+1.000000E+03|+1.100000E+03|+9.000000E+02}}
}
{@BLOCK|pr1044|00
{@A-RES|0|+5.601296E+04{@LIM3|+5.620000E+04|+5.957200E+04|+5.282800E+04}}
}
{@BLOCK|pt126|00
{@A-RES|0|+6.728570E+02{@LIM3|+5.400000E+02|+7.290000E+02|+3.510000E+02}}
}
{@BLOCK|pt125|00
{@A-RES|0|+6.345345E+02{@LIM3|+5.400000E+02|+7.290000E+02|+3.510000E+02}}
}
{@BLOCK|ra19|00
{@A-RES|0|+3.695269E+01{@LIM3|+3.800000E+01|+4.180000E+01|+3.420000E+01}}
}
{@BLOCK|ra302|00
{@A-RES|0|+3.583222E+01{@LIM3|+3.300000E+01|+4.129999E+01|+2.970000E+01}}
}
{@BLOCK|rb7|00
{@A-RES|0|+3.541079E+01{@LIM3|+3.300000E+01|+4.129999E+01|+2.970000E+01}}
}
{@BLOCK|rc125|00
{@A-RES|0|+3.597187E+01{@LIM3|+3.300000E+01|+4.129999E+01|+2.970000E+01}}
}
{@BLOCK|rc308|00
{@A-RES|0|+3.538146E+01{@LIM3|+3.300000E+01|+4.129999E+01|+2.970000E+01}}
}
{@BLOCK|rc309|00
{@A-RES|0|+3.578505E+01{@LIM3|+4.200000E+01|+6.306363E+01|+2.100000E+01}}
}
{@BLOCK|rc311|00
{@A-RES|0|+3.527750E+01{@LIM3|+3.300000E+01|+4.460000E+01|+2.970000E+01}}
}
{@BLOCK|re23|00
{@A-RES|0|+3.615691E+01{@LIM3|+3.300000E+01|+4.129999E+01|+2.970000E+01}}
}
{@BLOCK|re24|00
{@A-RES|0|+3.565496E+01{@LIM3|+3.300000E+01|+4.129999E+01|+2.970000E+01}}
}
{@BLOCK|re120|00
{@A-RES|0|+3.589495E+01{@LIM3|+3.800000E+01|+5.130000E+01|+3.420000E+01}}
}
{@BLOCK|re121|00
{@A-RES|0|+3.520546E+01{@LIM3|+3.300000E+01|+4.460000E+01|+2.970000E+01}}
}
{@BLOCK|rn8|00
{@A-RES|0|+3.520473E+01{@LIM3|+3.300000E+01|+4.129999E+01|+2.970000E+01}}
}
{@BLOCK|rc229|00
{@A-RES|0|+4.731109E+03{@LIM3|+4.700000E+03|+5.170000E+03|+4.230000E+03}}
}
{@BLOCK|ri234%r1|00
{@A-RES|0|+4.704963E+03{@LIM3|+4.700000E+03|+5.170000E+03|+4.230000E+03}}
}
{@BLOCK|ri234%r2|00
{@A-RES|0|+4.736452E+03{@LIM3|+4.700000E+03|+5.170000E+03|+4.230000E+03}}
}
{@BLOCK|rc312|00
{@A-RES|0|+3.573632E+01{@LIM3|+3.300000E+01|+4.460000E+01|+2.970000E+01}}
}
{@BLOCK|re13|00
{@A-RES|0|+3.633764E+01{@LIM3|+3.300000E+01|+4.129999E+01|+2.970000E+01}}
}
{@BLOCK|rt2|00
{@A-RES|0|+3.598289E+01{@LIM3|+3.300000E+01|+4.129999E+01|+2.970000E+01}}
}
{@BLOCK|rt3|00
{@A-RES|0|+3.556488E+01{@LIM3|+3.300000E+01|+4.129999E+01|+2.970000E+01}}
}
{@BLOCK|ra21|00
{@A-RES|0|+4.698307E+03{@LIM3|+4.700000E+03|+5.170000E+03|+4.230000E+03}}
}
{@BLOCK|rc221|00
{@A-RES|0|+4.720985E+03{@LIM3|+4.700000E+03|+5.170000E+03|+4.230000E+03}}
}
{@BLOCK|rpe6%r1|00
{@A-RES|0|+4.958064E+03{@LIM3|+4.700000E+03|+5.170000E+03|+4.230000E+03}}
}
{@BLOCK|rpe6%r2|00
{@A-RES|0|+4.695257E+03{@LIM3|+4.700000E+03|+5.170000E+03|+4.230000E+03}}
}
{@BLOCK|rc106|00
{@A-RES|0|+2.197075E+03{@LIM3|+2.200000E+03|+2.420000E+03|+1.980000E+03}}
}
{@BLOCK|rc107|00
{@A-RES|0|+2.186896E+03{@LIM3|+2.200000E+03|+2.420000E+03|+1.980000E+03}}
}
{@BLOCK|rc108|00
{@A-RES|0|+2.196148E+03{@LIM3|+2.200000E+03|+2.420000E+03|+1.980000E+03}}
}
{@BLOCK|rc264|00
{@A-RES|0|+2.208890E+03{@LIM3|+2.200000E+03|+2.420000E+03|+1.980000E+03}}
}
{@BLOCK|rc265|00
{@A-RES|0|+2.203693E+03{@LIM3|+2.200000E+03|+2.420000E+03|+1.980000E+03}}
}
{@BLOCK|rc317|00
{@A-RES|0|+2.202345E+03{@LIM3|+2.200000E+03|+2.420000E+03|+1.980000E+03}}
}
{@BLOCK|rc318|00
{@A-RES|0|+2.216209E+03{@LIM3|+2.200000E+03|+2.420000E+03|+1.980000E+03}}
}
{@BLOCK|rpc2%r1|00
{@A-RES|0|+2.208161E+03{@LIM3|+2.200000E+03|+2.420000E+03|+1.980000E+03}}
}
{@BLOCK|rpe7%r1|00
{@A-RES|0|+4.701138E+03{@LIM3|+4.700000E+03|+5.170000E+03|+4.230000E+03}}
}
{@BLOCK|rpe7%r2|00
{@A-RES|0|+4.723909E+03{@LIM3|+4.700000E+03|+5.170000E+03|+4.230000E+03}}
}
{@BLOCK|rc182|00
{@A-RES|0|+2.258577E+03{@LIM3|+2.200000E+03|+2.420000E+03|+1.980000E+03}}
}
{@BLOCK|rc183|00
{@A-RES|0|+2.237740E+03{@LIM3|+2.200000E+03|+2.420000E+03|+1.980000E+03}}
}
{@BLOCK|rc281|00
{@A-RES|0|+2.195652E+03{@LIM3|+2.200000E+03|+2.420000E+03|+1.980000E+03}}
}
{@BLOCK|rc282|00
{@A-RES|0|+2.281918E+03{@LIM3|+2.200000E+03|+2.420000E+03|+1.980000E+03}}
}
{@BLOCK|rpc3%r1|00
{@A-RES|0|+2.198436E+03{@LIM3|+2.200000E+03|+2.420000E+03|+1.980000E+03}}
}
{@BLOCK|rpc3%r2|00
{@A-RES|0|+2.198746E+03{@LIM3|+2.200000E+03|+2.420000E+03|+1.980000E+03}}
}
{@BLOCK|rpc4%r1|00
{@A-RES|0|+2.192567E+03{@LIM3|+2.200000E+03|+2.420000E+03|+1.980000E+03}}
}
{@BLOCK|rpc4%r2|00
{@A-RES|0|+2.207456E+03{@LIM3|+2.200000E+03|+2.420000E+03|+1.980000E+03}}
}
{@BLOCK|rpu1%r2|00
{@A-RES|0|+2.206311E+03{@LIM3|+2.200000E+03|+2.420000E+03|+1.980000E+03}}
}
{@BLOCK|rpu2%r1|00
{@A-RES|0|+2.216969E+03{@LIM3|+2.200000E+03|+2.420000E+03|+1.980000E+03}}
}
{@BLOCK|rpu2%r2|00
{@A-RES|0|+2.221704E+03{@LIM3|+2.200000E+03|+2.420000E+03|+1.980000E+03}}
}
{@BLOCK|rpv150%r1|00
{@A-RES|0|+2.198746E+03{@LIM3|+2.200000E+03|+2.420000E+03|+1.980000E+03}}
}
{@BLOCK|rpv150%r2|00
{@A-RES|0|+2.198333E+03{@LIM3|+2.200000E+03|+2.420000E+03|+1.980000E+03}}
}
{@BLOCK|ru7|00
{@A-RES|0|+2.219913E+03{@LIM3|+2.200000E+03|+2.420000E+03|+1.980000E+03}}
}
{@BLOCK|rpc2%r2|00
{@A-RES|0|+2.211498E+03{@LIM3|+2.200000E+03|+2.420000E+03|+1.980000E+03}}
}
{@BLOCK|rpe2%r1|00
{@A-RES|0|+2.199449E+03{@LIM3|+2.200000E+03|+2.420000E+03|+1.980000E+03}}
}
{@BLOCK|rpe2%r2|00
{@A-RES|0|+2.198519E+03{@LIM3|+2.200000E+03|+2.420000E+03|+1.980000E+03}}
}
{@BLOCK|rpe4%r1|00
{@A-RES|0|+2.211185E+03{@LIM3|+2.200000E+03|+2.420000E+03|+1.980000E+03}}
}
{@BLOCK|rpe4%r2|00
{@A-RES|0|+2.187529E+03{@LIM3|+2.200000E+03|+2.420000E+03|+1.980000E+03}}
}
{@BLOCK|rpe5%r1|00
{@A-RES|0|+2.206596E+03{@LIM3|+2.200000E+03|+2.420000E+03|+1.980000E+03}}
}
{@BLOCK|rpe5%r2|00
{@A-RES|0|+2.209282E+03{@LIM3|+2.200000E+03|+2.420000E+03|+1.980000E+03}}
}
{@BLOCK|rc301|00
{@A-RES|0|+1.025843E+02{@LIM3|+1.000000E+02|+1.150000E+02|+9.000000E+01}}
}
{@BLOCK|ru8|00
{@A-RES|0|+2.249028E+03{@LIM3|+2.200000E+03|+2.420000E+03|+1.980000E+03}}
}
{@BLOCK|ru616|00
{@A-RES|0|+2.241279E+03{@LIM3|+2.200000E+03|+2.420000E+03|+1.980000E+03}}
}
{@BLOCK|ru617|00
{@A-RES|0|+2.217179E+03{@LIM3|+2.200000E+03|+2.420000E+03|+1.980000E+03}}
}
{@BLOCK|ru639|00
{@A-RES|0|+2.228154E+03{@LIM3|+2.200000E+03|+2.420000E+03|+1.980000E+03}}
}
{@BLOCK|ru640|00
{@A-RES|0|+2.269637E+03{@LIM3|+2.200000E+03|+2.420000E+03|+1.980000E+03}}
}
{@BLOCK|ru641|00
{@A-RES|0|+2.211000E+03{@LIM3|+2.200000E+03|+2.420000E+03|+1.980000E+03}}
}
{@BLOCK|ri204|00
{@A-RES|0|+1.024941E+02{@LIM3|+1.000000E+02|+1.150000E+02|+9.000000E+01}}
}
{@BLOCK|ri207|00
{@A-RES|0|+1.040947E+02{@LIM3|+1.000000E+02|+1.150000E+02|+9.000000E+01}}
}
{@BLOCK|ri210|00
{@A-RES|0|+1.022398E+02{@LIM3|+1.000000E+02|+1.150000E+02|+9.000000E+01}}
}
{@BLOCK|ri213|00
{@A-RES|0|+1.034360E+02{@LIM3|+1.000000E+02|+1.150000E+02|+9.000000E+01}}
}
{@BLOCK|ri218|00
{@A-RES|0|+1.042911E+02{@LIM3|+1.000000E+02|+1.150000E+02|+9.000000E+01}}
}
{@BLOCK|rb12|00
{@A-RES|0|+2.504888E+01{@LIM3|+2.200000E+01|+3.206001E+01|+1.980000E+01}}
}
{@BLOCK|rv519|00
{@A-RES|0|+4.728554E+02{@LIM3|+4.700000E+02|+5.170000E+02|+4.230000E+02}}
}
{@BLOCK|rc126|00
{@A-RES|0|+2.035928E+02{@LIM3|+2.000000E+02|+2.170000E+02|+1.880000E+02}}
}
{@BLOCK|rc228|00
{@A-RES|0|+2.028083E+02{@LIM3|+2.000000E+02|+2.170000E+02|+1.880000E+02}}
}
{@BLOCK|rt4|00
{@A-RES|0|+5.278404E+01{@LIM3|+5.100000E+01|+6.109999E+01|+4.590000E+01}}
}
{@BLOCK|rc302|00
{@A-RES|0|+1.037182E+02{@LIM3|+1.000000E+02|+1.150000E+02|+9.000000E+01}}
}
{@BLOCK|rc303|00
{@A-RES|0|+1.023314E+02{@LIM3|+1.000000E+02|+1.150000E+02|+9.000000E+01}}
}
{@BLOCK|rb4|00
{@A-RES|0|+2.440407E+01{@LIM3|+2.200000E+01|+2.920001E+01|+1.980000E+01}}
}
{@BLOCK|rb6|00
{@A-RES|0|+2.532748E+01{@LIM3|+2.700000E+01|+3.915000E+01|+2.025000E+01}}
}
{@BLOCK|rb8|00
{@A-RES|0|+2.448554E+01{@LIM3|+2.200000E+01|+2.920001E+01|+1.980000E+01}}
}
{@BLOCK|re79|00
{@A-RES|0|+2.490542E+01{@LIM3|+2.200000E+01|+2.920001E+01|+1.980000E+01}}
}
{@BLOCK|rc231|00
{@A-RES|0|+9.422070E+06{@LIM3|+1.000000E+07|+1.350000E+07|+6.500000E+06}}
}
{@BLOCK|re6|00
{@A-RES|0|+1.495303E+04{@LIM3|+1.500000E+04|+1.590000E+04|+1.410000E+04}}
}
{@BLOCK|rc222|00
{@A-RES|0|+7.217363E+04{@LIM3|+7.500000E+04|+8.250000E+04|+6.750000E+04}}
}
{@BLOCK|rc233|00
{@A-RES|0|+7.466083E+04{@LIM3|+7.500000E+04|+8.250000E+04|+6.750000E+04}}
}
{@BLOCK|rc288|00
{@A-RES|0|+1.834952E+02{@LIM3|+1.800000E+02|+1.958000E+02|+1.692000E+02}}
}
{@BLOCK|rd400|00
{@A-RES|0|+2.329157E+04{@LIM3|+2.320000E+04|+2.459200E+04|+2.180800E+04}}
}
{@BLOCK|ri405|00
{@A-RES|0|+3.690300E+02{@LIM3|+3.650000E+02|+4.927500E+02|+2.372500E+02}}
}
{@BLOCK|ri813|00
{@A-RES|0|+4.747905E+04{@LIM3|+4.700000E+04|+5.170000E+04|+4.230000E+04}}
}
{@BLOCK|ru612|00
{@A-RES|0|+4.730575E+04{@LIM3|+4.700000E+04|+5.170000E+04|+4.230000E+04}}
}
{@BLOCK|ru19|00
{@A-RES|0|+6.192572E+04{@LIM3|+6.190000E+04|+6.561400E+04|+5.818600E+04}}
}
{@BLOCK|ru20|00
{@A-RES|0|+3.393910E+05{@LIM3|+3.400000E+05|+3.774000E+05|+3.026000E+05}}
}
{@BLOCK|rv156|00
{@A-RES|0|+2.702402E+03{@LIM3|+2.700000E+03|+2.862000E+03|+2.538000E+03}}
}
{@BLOCK|rv500|00
{@A-RES|0|+1.496866E+03{@LIM3|+1.500000E+03|+1.650000E+03|+1.350000E+03}}
}
{@BLOCK|rv501|00
{@A-RES|0|+1.492761E+03{@LIM3|+1.500000E+03|+1.650000E+03|+1.350000E+03}}
}
{@BLOCK|pq6201%qf|00
{@A-NFE|0|+9.246842E+01{@LIM2|+2.000000E+02|+2.000000E+01}}
}
{@BLOCK|pq6208%qf|00
{@A-NFE|0|+8.318712E+01{@LIM2|+2.000000E+02|+2.000000E+01}}
}
{@BLOCK|qa1|00
{@A-NFE|0|+8.423999E+01{@LIM2|+2.000000E+02|+2.000000E+01}}
}
{@BLOCK|qc3%qf1|00
{@A-NFE|0|+6.885623E+01{@LIM2|+2.000000E+02|+2.000000E+01}}
}
{@BLOCK|re7|00
{@A-RES|0|+5.098601E+04{@LIM3|+5.100000E+04|+5.406000E+04|+4.794000E+04}}
}
{@BLOCK|re8|00
{@A-RES|0|+3.308660E+04{@LIM3|+3.300000E+04|+3.498000E+04|+3.102000E+04}}
}
{@BLOCK|qc1%qf1|00
{@A-NFE|0|+8.739987E+01{@LIM2|+2.000000E+02|+2.000000E+01}}
}
{@BLOCK|qc1%qf2|00
{@A-NFE|0|+7.248863E+01{@LIM2|+2.000000E+02|+2.000000E+01}}
}
{@BLOCK|qc9|00
{@A-NFE|0|+7.756332E+01{@LIM2|+2.000000E+02|+2.000000E+01}}
}
{@BLOCK|qc10|00
{@A-NFE|0|+2.061212E+02{@LIM2|+3.500000E+02|+2.000000E+01}}
}
{@BLOCK|qc13|00
{@A-PFE|0|+4.219577E+01{@LIM2|+3.500000E+02|+2.000000E+01}}
}
{@BLOCK|qc17|00
{@A-NFE|0|+7.826522E+01{@LIM2|+2.000000E+02|+2.000000E+01}}
}
{@BLOCK|qc3%qf2|00
{@A-NFE|0|+6.094693E+01{@LIM2|+2.000000E+02|+2.000000E+01}}
}
{@BLOCK|qc5|00
{@A-NFE|0|+9.863315E+01{@LIM2|+2.000000E+02|+2.000000E+01}}
}
{@BLOCK|qc6|00
{@A-NFE|0|+1.099352E+02{@LIM2|+2.000000E+02|+2.000000E+01}}
}
{@BLOCK|qc7|00
{@A-NFE|0|+1.351360E+02{@LIM2|+2.000000E+02|+2.000000E+01}}
}
{@BLOCK|qc11%qf1|00
{@A-NFE|0|+7.171491E+01{@LIM2|+2.000000E+02|+2.000000E+01}}
}
{@BLOCK|qc11%qf2|00
{@A-PFE|0|+6.979780E+01{@LIM2|+3.500000E+02|+2.000000E+01}}
}
{@BLOCK|qc18%qf1|00
{@A-NFE|0|+1.036090E+02{@LIM2|+2.000000E+02|+2.000000E+01}}
}
{@BLOCK|qc19|00
{@A-NFE|0|+6.989222E+01{@LIM2|+2.000000E+02|+2.000000E+01}}
}
{@BLOCK|qc20%qf1|00
{@A-NFE|0|+6.218473E+01{@LIM2|+2.000000E+02|+2.000000E+01}}
}
{@BLOCK|qc20%qf2|00
{@A-NFE|0|+6.003575E+01{@LIM2|+2.000000E+02|+2.000000E+01}}
}
{@BLOCK|qc24|00
{@A-NFE|0|+8.174298E+01{@LIM2|+2.000000E+02|+2.000000E+01}}
}
{@BLOCK|qc25%qf1|00
{@A-NFE|0|+4.260464E+01{@LIM2|+2.000000E+02|+2.000000E+01}}
}
{@BLOCK|qc25%qf2|00
{@A-NFE|0|+3.557173E+01{@LIM2|+3.500000E+02|+2.000000E+01}}
}
{@BLOCK|qc27|00
{@A-NFE|0|+8.312953E+01{@LIM2|+2.000000E+02|+2.000000E+01}}
}
{@BLOCK|qc28%qf2|00
{@A-NFE|0|+6.952963E+01{@LIM2|+2.000000E+02|+2.000000E+01}}
}
{@BLOCK|qc39%qf1|00
{@A-NFE|0|+7.349341E+01{@LIM2|+2.000000E+02|+2.000000E+01}}
}
{@BLOCK|qe3%qf1|00
{@A-NFE|0|+6.583738E+01{@LIM2|+2.000000E+02|+2.000000E+01}}
}
{@BLOCK|qe3%qf2|00
{@A-NFE|0|+9.752983E+01{@LIM2|+2.000000E+02|+2.000000E+01}}
}
{@BLOCK|qi801%qf1|00
{@A-NFE|0|+7.861046E+01{@LIM2|+2.000000E+02|+2.000000E+01}}
}
{@BLOCK|qi801%qf2|00
{@A-NFE|0|+7.588526E+01{@LIM2|+2.000000E+02|+2.000000E+01}}
}
{@BLOCK|qu1|00
{@A-NFE|0|+6.438490E+01{@LIM2|+2.000000E+02|+2.000000E+01}}
}
{@BLOCK|qu2|00
{@A-NFE|0|+6.317838E+01{@LIM2|+2.000000E+02|+2.000000E+01}}
}
{@BLOCK|qu601|00
{@A-NFE|0|+6.883206E+01{@LIM2|+2.000000E+02|+2.000000E+01}}
}
{@BLOCK|qu602|00
{@A-NFE|0|+6.768585E+01{@LIM2|+2.000000E+02|+2.000000E+01}}
}
{@BLOCK|qv150%qf1|00
{@A-NFE|0|+6.282974E+01{@LIM2|+2.000000E+02|+2.000000E+01}}
}
{@BLOCK|qv150%qf2|00
{@A-NFE|0|+6.421730E+01{@LIM2|+2.000000E+02|+2.000000E+01}}
}
{@BLOCK|qv500|00
{@A-NFE|0|+4.081717E+01{@LIM2|+2.000000E+02|+2.000000E+01}}
}
{@BLOCK|qv501|00
{@A-NFE|0|+2.761996E+01{@LIM2|+2.000000E+02|+2.000000E+01}}
}
{@BLOCK|qv502|00
{@A-NFE|0|+1.343750E+01{@LIM2|+2.000000E+02|+1.000000E+01}}
}
{@BLOCK|pq5303%qf|00
{@A-PFE|0|+8.205788E+01{@LIM2|+2.000000E+02|+2.000000E+01}}
}
{@BLOCK|da3|00
{@A-DIO|0|+4.723422E-01{@LIM2|+8.000000E-01|+4.000000E-01}}
}
{@BLOCK|da400|00
{@A-DIO|0|+5.877245E-01{@LIM2|+8.000000E-01|+4.000000E-01}}
}
{@BLOCK|da401|00
{@A-DIO|0|+5.734735E-01{@LIM2|+8.000000E-01|+4.000000E-01}}
}
{@BLOCK|da403|00
{@A-DIO|0|+6.961597E-01{@LIM2|+8.000000E-01|+4.000000E-01}}
}
{@BLOCK|da405|00
{@A-DIO|0|+5.496689E-01{@LIM2|+8.000000E-01|+4.000000E-01}}
}
{@BLOCK|da406|00
{@A-DIO|0|+5.983864E-01{@LIM2|+8.000000E-01|+4.000000E-01}}
}
{@BLOCK|de2|00
{@A-DIO|0|+5.229961E-01{@LIM2|+8.000000E-01|+4.000000E-01}}
}
{@BLOCK|de3|00
{@A-DIO|0|+4.657166E-01{@LIM2|+9.000000E-01|+4.000000E-01}}
}
{@BLOCK|dr1|00
{@A-DIO|0|+4.625106E-01{@LIM2|+8.000000E-01|+4.000000E-01}}
}
{@BLOCK|dr2|00
{@A-DIO|0|+4.666997E-01{@LIM2|+8.000000E-01|+4.000000E-01}}
}
{@BLOCK|du1|00
{@A-DIO|0|+4.526262E-01{@LIM2|+8.000000E-01|+4.000000E-01}}
}
{@BLOCK|du2|00
{@A-DIO|0|+5.172607E-01{@LIM2|+8.000000E-01|+4.000000E-01}}
}
{@BLOCK|du908|00
{@A-DIO|0|+6.050682E-01{@LIM2|+8.000000E-01|+4.000000E-01}}
}
{@BLOCK|du909|00
{@A-DIO|0|+6.050254E-01{@LIM2|+8.000000E-01|+4.000000E-01}}
}
{@BLOCK|du910%cr1|00
{@A-DIO|0|+6.823955E-01{@LIM2|+8.000000E-01|+4.000000E-01}}
}
{@BLOCK|du911%cr1|00
{@A-DIO|0|+6.821818E-01{@LIM2|+8.000000E-01|+4.000000E-01}}
}
{@BLOCK|du912%cr1|00
{@A-DIO|0|+6.529008E-01{@LIM2|+8.000000E-01|+4.000000E-01}}
}
{@BLOCK|du913%cr1|00
{@A-DIO|0|+7.191570E-01{@LIM2|+8.000000E-01|+4.000000E-01}}
}
{@BLOCK|du915|00
{@A-DIO|0|+6.053247E-01{@LIM2|+8.000000E-01|+4.000000E-01}}
}
{@BLOCK|du916%cr1|00
{@A-DIO|0|+6.351613E-01{@LIM2|+8.000000E-01|+4.000000E-01}}
}
{@BLOCK|du918%cr1|00
{@A-DIO|0|+6.996649E-01{@LIM2|+8.000000E-01|+4.000000E-01}}
}
{@BLOCK|du920%cr1|00
{@A-DIO|0|+6.343919E-01{@LIM2|+8.000000E-01|+4.000000E-01}}
}
{@BLOCK|du921|00
{@A-DIO|0|+5.801046E-01{@LIM2|+8.000000E-01|+4.000000E-01}}
}
{@BLOCK|dv152|00
{@A-DIO|0|+4.367776E-01{@LIM2|+8.000000E-01|+4.000000E-01}}
}
{@BLOCK|dv153|00
{@A-DIO|0|+4.324175E-01{@LIM2|+8.000000E-01|+4.000000E-01}}
}
{@BLOCK|pd121|00
{@A-DIO|0|+6.843618E-01{@LIM2|+8.000000E-01|+4.000000E-01}}
}
{@BLOCK|pd123|00
{@A-DIO|0|+6.829940E-01{@LIM2|+8.000000E-01|+4.000000E-01}}
}
{@BLOCK|du1000%cr1|00
{@A-DIO|0|+5.344947E-01{@LIM2|+8.000000E-01|+4.000000E-01}}
}
{@BLOCK|du1000%cr2|00
{@A-DIO|0|+5.366320E-01{@LIM2|+8.000000E-01|+4.000000E-01}}
}
{@BLOCK|du1001%cr1|00
{@A-DIO|0|+6.278945E-01{@LIM2|+8.000000E-01|+4.000000E-01}}
}
{@BLOCK|du1001%cr2|00
{@A-DIO|0|+6.283219E-01{@LIM2|+8.000000E-01|+4.000000E-01}}
}
{@BLOCK|dv501%cr1|00
{@A-DIO|0|+6.706974E-01{@LIM2|+8.000000E-01|+4.000000E-01}}
}
{@BLOCK|dv501%cr2|00
{@A-DIO|0|+6.660238E-01{@LIM2|+8.000000E-01|+4.000000E-01}}
}
{@BLOCK|dv501%cr4|00
{@A-DIO|0|+1.607577E+00{@LIM2|+2.200000E+00|+1.200000E+00}}
}
{@BLOCK|dv501%cr5|00
{@A-DIO|0|+1.570902E+00{@LIM2|+2.200000E+00|+1.200000E+00}}
}
{@BLOCK|ue2%cr|00
{@A-DIO|0|+5.553974E-01{@LIM2|+8.000000E-01|+4.000000E-01}}
}
{@BLOCK|led1%cr_org|00
{@A-DIO|0|+3.099463E+00{@LIM2|+4.000000E+00|+3.000000E+00}}
}
{@BLOCK|led1%cr_whi|00
{@A-DIO|0|+2.037061E+00{@LIM2|+2.350000E+00|+1.350000E+00}}
}
{@BLOCK|du3|00
{@A-DIO|0|+6.106055E-01{@LIM2|+8.000000E-01|+4.000000E-01}}
}
{@BLOCK|du914%ds|00
{@A-DIO|0|+4.526262E-01{@LIM2|+8.000000E-01|+4.000000E-01}}
}
{@BLOCK|du917%ds|00
{@A-DIO|0|+5.025208E-01{@LIM2|+8.000000E-01|+4.000000E-01}}
}
{@BLOCK|du1002|00
{@A-DIO|0|+5.371068E-01{@LIM2|+8.000000E-01|+4.000000E-01}}
}
{@BLOCK|qc32%qf1|00
{@A-NFE|0|+6.457109E+01{@LIM2|+2.000000E+02|+2.000000E+01}}
}
{@BLOCK|qc32%qf2|00
{@A-PFE|0|+4.357690E+01{@LIM2|+2.000000E+02|+2.000000E+01}}
}
{@BLOCK|qc35|00
{@A-NFE|0|+8.348087E+01{@LIM2|+2.000000E+02|+2.000000E+01}}
}
{@BLOCK|qi100|00
{@A-NFE|0|+7.931732E+01{@LIM2|+2.000000E+02|+2.000000E+01}}
}
{@BLOCK|da1|00
{@A-DIO|0|+4.772877E-01{@LIM2|+8.000000E-01|+4.000000E-01}}
}
{@BLOCK|da2|00
{@A-DIO|0|+4.599380E-01{@LIM2|+8.000000E-01|+4.000000E-01}}
}
{@BLOCK|dc1|00
{@A-DIO|0|+4.599154E-01{@LIM2|+8.000000E-01|+4.000000E-01}}
}
}}