{@BATCH|tb14_tb16_gen6_irl||3359|1||btest|050422095845~16|ICT0265\engineer|ICT0265|C:/Agilent_ICT/boards/tb14_tb16_gen6_irl_G8|RevA|5b21d46750tb14i5||5b21d46750tb14i5
{@BTEST|6483001470|00|050422110706|000019|0|all||n||050422110725||1
{@BLOCK|pc5107|00
{@A-CAP|0|+8.742467E-05{@LIM3|+1.110000E-04|+1.665000E-04|+5.548468E-05}}
}
{@BLOCK|c6106|00
{@A-CAP|0|+3.336115E-05{@LIM3|+4.230000E-05|+5.499000E-05|+2.749500E-05}}
}
{@BLOCK|c2205|00
{@A-CAP|0|+2.124395E-06{@LIM3|+2.100000E-06|+3.150000E-06|+1.050000E-06}}
}
{@BLOCK|c2212|00
{@A-CAP|0|+9.124296E-05{@LIM3|+1.001000E-04|+1.301300E-04|+7.005619E-05}}
}
{@BLOCK|c2401|00
{@A-CAP|0|+5.622257E-06{@LIM3|+4.900000E-06|+6.370000E-06|+3.430000E-06}}
}
{@BLOCK|c2217|00
{@A-CAP|0|+4.350789E-06{@LIM3|+4.300000E-06|+5.590000E-06|+3.010000E-06}}
}
{@BLOCK|c2415|00
{@A-CAP|0|+1.147512E-07{@LIM3|+1.000000E-07|+1.300000E-07|+7.000000E-08}}
}
{@BLOCK|c6311|00
{@A-CAP|0|+8.502842E-05{@LIM3|+8.911000E-05|+1.158430E-04|+6.236470E-05}}
}
{@BLOCK|c2622|00
{@A-CAP|0|+1.087269E-07{@LIM3|+1.001000E-07|+1.201200E-07|+8.008000E-08}}
}
{@BLOCK|c2702|00
{@A-CAP|0|+5.802719E-06{@LIM3|+5.700000E-06|+7.410000E-06|+3.990000E-06}}
}
{@BLOCK|c2708|00
{@A-CAP|0|+2.015708E-05{@LIM3|+2.050000E-05|+2.665000E-05|+1.435000E-05}}
}
{@BLOCK|c2733|00
{@A-CAP|0|+1.105153E-07{@LIM3|+1.000000E-07|+1.300000E-07|+7.000000E-08}}
}
{@BLOCK|tc3501|00
{@A-CAP|0|+9.614299E-05{@LIM3|+1.001000E-04|+1.301300E-04|+7.000704E-05}}
}
{@BLOCK|pc4556|00
{@A-CAP|0|+1.565530E-04{@LIM3|+1.342000E-04|+1.744600E-04|+9.392148E-05}}
}
{@BLOCK|pc5106|00
{@A-CAP|0|+7.934831E-08{@LIM3|+1.000000E-07|+1.200000E-07|+7.000000E-08}}
}
{@BLOCK|c5502|00
{@A-CAP|0|+5.785192E-06{@LIM3|+4.800000E-06|+6.240000E-06|+3.360000E-06}}
}
{@BLOCK|pc4509|00
{@A-CAP|0|+1.634332E-04{@LIM3|+1.342000E-04|+1.744600E-04|+9.392148E-05}}
}
{@BLOCK|c5708|00
{@A-CAP|0|+7.461372E-06{@LIM3|+6.440000E-06|+8.372000E-06|+4.508000E-06}}
}
{@BLOCK|c7111|00
{@A-CAP|0|+1.046152E-04{@LIM3|+1.072000E-04|+1.393600E-04|+7.500827E-05}}
}
{@BLOCK|c7124|00
{@A-CAP|0|+1.031719E-07{@LIM3|+1.000000E-07|+1.300000E-07|+7.000000E-08}}
}
{@BLOCK|c7206|00
{@A-CAP|0|+9.349462E-08{@LIM3|+1.000000E-07|+1.200000E-07|+8.000000E-08}}
}
{@BLOCK|c4213|00
{@A-CAP|0|+2.213584E-06{@LIM3|+2.040000E-06|+2.448000E-06|+1.632000E-06}}
}
{@BLOCK|c7506|00
{@A-CAP|0|+9.423347E-08{@LIM3|+1.000000E-07|+1.200000E-07|+8.000000E-08}}
}
{@BLOCK|c4201|00
{@A-CAP|0|+2.163843E-06{@LIM3|+2.040000E-06|+2.448000E-06|+1.632000E-06}}
}
{@BLOCK|pt5001|00
{@A-CAP|0|+8.633341E-04{@LIM3|+8.360000E-04|+1.086800E-03|+5.834653E-04}}
}
{@BLOCK|c1202|00
{@A-CAP|0|+3.676298E-04{@LIM3|+3.041000E-04|+3.953300E-04|+2.128280E-04}}
}
{@BLOCK|pc4406|00
{@A-CAP|0|+3.612928E-05{@LIM3|+4.067500E-05|+5.287750E-05|+2.847250E-05}}
}
{@BLOCK|pc4450|00
{@A-CAP|0|+1.000109E-05{@LIM3|+1.130000E-05|+1.469000E-05|+7.910000E-06}}
}
{@BLOCK|pt4701|00
{@A-CAP|0|+1.373124E-03{@LIM3|+1.320000E-03|+1.716000E-03|+9.212610E-04}}
}
{@BLOCK|pt4801|00
{@A-CAP|0|+1.251308E-03{@LIM3|+1.210000E-03|+1.573000E-03|+8.444892E-04}}
}
{@BLOCK|pc4416|00
{@A-CAP|0|+9.041158E-08{@LIM3|+1.000000E-07|+1.200000E-07|+8.000000E-08}}
}
{@BLOCK|pc4420|00
{@A-CAP|0|+2.260226E-06{@LIM3|+2.200000E-06|+2.860000E-06|+1.540000E-06}}
}
{@BLOCK|pc4506|00
{@A-CAP|0|+8.084034E-08{@LIM3|+1.000000E-07|+1.200000E-07|+7.000000E-08}}
}
{@BLOCK|pc4508|00
{@A-CAP|0|+7.645836E-08{@LIM3|+1.000000E-07|+1.200000E-07|+7.000000E-08}}
}
{@BLOCK|pc4552|00
{@A-CAP|0|+8.060952E-08{@LIM3|+1.000000E-07|+1.200000E-07|+7.000000E-08}}
}
{@BLOCK|pc4564|00
{@A-CAP|0|+7.902484E-08{@LIM3|+1.000000E-07|+1.200000E-07|+7.000000E-08}}
}
{@BLOCK|pc5108|00
{@A-CAP|0|+7.638822E-08{@LIM3|+1.000000E-07|+1.200000E-07|+7.000000E-08}}
}
{@BLOCK|c7121|00
{@A-CAP|0|+1.140515E-05{@LIM3|+1.220000E-05|+1.830000E-05|+6.100000E-06}}
}
{@BLOCK|c7301|00
{@A-CAP|0|+1.098668E-05{@LIM3|+1.000000E-05|+1.300000E-05|+7.000000E-06}}
}
{@BLOCK|c7302|00
{@A-CAP|0|+1.468460E-05{@LIM3|+1.200000E-05|+1.560000E-05|+8.400000E-06}}
}
{@BLOCK|c7303|00
{@A-CAP|0|+1.121070E-05{@LIM3|+1.000000E-05|+1.300000E-05|+7.000000E-06}}
}
{@BLOCK|pc4507|00
{@A-CAP|0|+9.781696E-06{@LIM3|+1.000000E-05|+1.300000E-05|+7.000000E-06}}
}
{@BLOCK|pc4563|00
{@A-CAP|0|+1.074862E-05{@LIM3|+1.000000E-05|+1.300000E-05|+7.000000E-06}}
}
{@BLOCK|c1803|00
{@A-CAP|0|+1.019257E-06{@LIM3|+1.000000E-06|+1.300000E-06|+7.000000E-07}}
}
{@BLOCK|c1804|00
{@A-CAP|0|+1.001701E-06{@LIM3|+1.000000E-06|+1.300000E-06|+7.000000E-07}}
}
{@BLOCK|c2403|00
{@A-CAP|0|+1.115516E-06{@LIM3|+1.000000E-06|+1.300000E-06|+7.000000E-07}}
}
{@BLOCK|c5728|00
{@A-CAP|0|+1.052667E-06{@LIM3|+1.000000E-06|+1.300000E-06|+7.000000E-07}}
}
{@BLOCK|pc4611|00
{@A-CAP|0|+1.073931E-06{@LIM3|+1.000000E-06|+1.300000E-06|+7.000000E-07}}
}
{@BLOCK|pc5116|00
{@A-CAP|0|+1.040164E-06{@LIM3|+1.000000E-06|+1.300000E-06|+7.000000E-07}}
}
{@BLOCK|c7127|00
{@A-CAP|0|+8.708216E-05{@LIM3|+9.080000E-05|+1.452800E-04|+3.630747E-05}}
}
{@BLOCK|c2204|00
{@A-CAP|0|+4.892184E-06{@LIM3|+4.700000E-06|+6.110000E-06|+3.290000E-06}}
}
{@BLOCK|pc4522|00
{@A-CAP|0|+5.848640E-06{@LIM3|+4.700000E-06|+6.110000E-06|+3.290000E-06}}
}
{@BLOCK|pc4561|00
{@A-CAP|0|+5.759018E-06{@LIM3|+4.700000E-06|+6.110000E-06|+3.290000E-06}}
}
{@BLOCK|pc5113|00
{@A-CAP|0|+5.793828E-06{@LIM3|+4.700000E-06|+6.110000E-06|+3.290000E-06}}
}
{@BLOCK|c2210|00
{@A-CAP|0|+1.716513E-06{@LIM3|+2.500000E-06|+3.750000E-06|+1.250000E-06}}
}
{@BLOCK|c2713|00
{@A-CAP|0|+2.027751E-06{@LIM3|+2.200000E-06|+2.860000E-06|+1.540000E-06}}
}
{@BLOCK|c2716|00
{@A-CAP|0|+1.903428E-06{@LIM3|+2.200000E-06|+2.860000E-06|+1.540000E-06}}
}
{@BLOCK|c2717|00
{@A-CAP|0|+2.030129E-06{@LIM3|+2.200000E-06|+2.860000E-06|+1.540000E-06}}
}
{@BLOCK|c2718|00
{@A-CAP|0|+2.280759E-06{@LIM3|+2.200000E-06|+2.860000E-06|+1.540000E-06}}
}
{@BLOCK|c2719|00
{@A-CAP|0|+2.614849E-06{@LIM3|+2.800000E-06|+4.200000E-06|+1.400000E-06}}
}
{@BLOCK|c3001|00
{@A-CAP|0|+2.308344E-06{@LIM3|+2.200000E-06|+2.860000E-06|+1.540000E-06}}
}
{@BLOCK|c7109|00
{@A-CAP|0|+2.624156E-06{@LIM3|+2.200000E-06|+2.860000E-06|+1.540000E-06}}
}
{@BLOCK|c7110|00
{@A-CAP|0|+2.663452E-06{@LIM3|+2.200000E-06|+2.860000E-06|+1.540000E-06}}
}
{@BLOCK|pc4689|00
{@A-CAP|0|+2.533029E-06{@LIM3|+2.800000E-06|+4.200000E-06|+1.400000E-06}}
}
{@BLOCK|c6401|00
{@A-CAP|0|+8.574520E-10{@LIM3|+1.000000E-09|+1.177000E-09|+8.000000E-10}}
}
{@BLOCK|c7140|00
{@A-CAP|0|+1.309322E-09{@LIM3|+1.200000E-09|+1.620000E-09|+7.800000E-10}}
}
{@BLOCK|ec2901|00
{@A-CAP|0|+1.132038E-09{@LIM3|+1.000000E-09|+1.300000E-09|+8.000000E-10}}
}
{@BLOCK|ec2902|00
{@A-CAP|0|+1.105994E-09{@LIM3|+1.000000E-09|+1.250000E-09|+8.000000E-10}}
}
{@BLOCK|ec2903|00
{@A-CAP|0|+1.121982E-09{@LIM3|+1.000000E-09|+1.250000E-09|+8.000000E-10}}
}
{@BLOCK|ec2904|00
{@A-CAP|0|+1.110500E-09{@LIM3|+1.000000E-09|+1.250000E-09|+8.000000E-10}}
}
{@BLOCK|ec4308|00
{@A-CAP|0|+1.144107E-09{@LIM3|+1.000000E-09|+1.250000E-09|+8.000000E-10}}
}
{@BLOCK|pc5013|00
{@A-CAP|0|+1.976508E-07{@LIM3|+2.200000E-07|+2.640000E-07|+1.760000E-07}}
}
{@BLOCK|pc4709|00
{@A-CAP|0|+9.169806E-07{@LIM3|+1.000000E-06|+1.200000E-06|+8.000000E-07}}
}
{@BLOCK|pc4613|00
{@A-CAP|0|+9.791088E-09{@LIM3|+1.000000E-08|+1.200000E-08|+8.000000E-09}}
}
{@BLOCK|c7310|00
{@A-CAP|0|+3.371936E-10{@LIM3|+2.900000E-10|+3.915000E-10|+1.885000E-10}}
}
{@BLOCK|pc4413|00
{@A-CAP|0|+4.830309E-08{@LIM3|+4.700000E-08|+5.640000E-08|+3.760000E-08}}
}
{@BLOCK|pc4414|00
{@A-CAP|0|+4.586187E-08{@LIM3|+4.700000E-08|+5.640000E-08|+3.760000E-08}}
}
{@BLOCK|pc4608|00
{@A-CAP|0|+4.029493E-10{@LIM3|+3.900000E-10|+4.755001E-10|+3.120000E-10}}
}
{@BLOCK|er2707|00
{@A-RES|0|+3.759692E+01{@LIM3|+3.300000E+01|+4.455000E+01|+2.970000E+01}}
}
{@BLOCK|r4302|00
{@A-RES|0|+3.773681E+01{@LIM3|+3.300000E+01|+4.129999E+01|+2.970000E+01}}
}
{@BLOCK|r4303|00
{@A-RES|0|+3.630957E+01{@LIM3|+3.300000E+01|+4.129999E+01|+2.970000E+01}}
}
{@BLOCK|r4304|00
{@A-RES|0|+3.740937E+01{@LIM3|+3.300000E+01|+4.129999E+01|+2.970000E+01}}
}
{@BLOCK|c2613|00
{@A-CAP|0|+2.356480E-09{@LIM3|+2.300000E-09|+2.760000E-09|+1.840000E-09}}
}
{@BLOCK|c2620|00
{@A-CAP|0|+2.222937E-09{@LIM3|+2.300000E-09|+2.760000E-09|+1.840000E-09}}
}
{@BLOCK|r1885|00
{@A-RES|0|+3.506400E+01{@LIM3|+3.300000E+01|+4.455000E+01|+2.970000E+01}}
}
{@BLOCK|r1886|00
{@A-RES|0|+3.519416E+01{@LIM3|+3.300000E+01|+4.455000E+01|+2.145000E+01}}
}
{@BLOCK|r5611|00
{@A-RES|0|+3.826100E+01{@LIM3|+3.300000E+01|+4.455000E+01|+2.145000E+01}}
}
{@BLOCK|r5612|00
{@A-RES|0|+3.763842E+01{@LIM3|+3.300000E+01|+4.455000E+01|+2.145000E+01}}
}
{@BLOCK|r5613|00
{@A-RES|0|+3.779237E+01{@LIM3|+3.300000E+01|+4.129999E+01|+2.970000E+01}}
}
{@BLOCK|r5614|00
{@A-RES|0|+3.735100E+01{@LIM3|+3.300000E+01|+4.455000E+01|+2.970000E+01}}
}
{@BLOCK|r5510|00
{@A-RES|0|+3.507251E+01{@LIM3|+3.300000E+01|+4.129999E+01|+2.970000E+01}}
}
{@BLOCK|r5552|00
{@A-RES|0|+3.898341E+01{@LIM3|+3.300000E+01|+4.455000E+01|+2.145000E+01}}
}
{@BLOCK|r5553|00
{@A-RES|0|+3.543749E+01{@LIM3|+3.300000E+01|+4.129999E+01|+2.970000E+01}}
}
{@BLOCK|pr4432|00
{@A-RES|0|+9.993621E+04{@LIM3|+1.000000E+05|+1.150000E+05|+8.500000E+04}}
}
{@BLOCK|pr5004|00
{@A-RES|0|+1.004291E+05{@LIM3|+1.000000E+05|+1.150000E+05|+8.500000E+04}}
}
{@BLOCK|pr5103|00
{@A-RES|0|+9.964376E+04{@LIM3|+1.000000E+05|+1.150000E+05|+8.500000E+04}}
}
{@BLOCK|r1207|00
{@A-RES|0|+1.005645E+05{@LIM3|+1.000000E+05|+1.150000E+05|+8.500000E+04}}
}
{@BLOCK|r1704|00
{@A-RES|0|+9.985639E+04{@LIM3|+1.000000E+05|+1.150000E+05|+8.500000E+04}}
}
{@BLOCK|r1706|00
{@A-RES|0|+9.978187E+04{@LIM3|+1.000000E+05|+1.150000E+05|+8.500000E+04}}
}
{@BLOCK|r1711|00
{@A-RES|0|+9.964346E+04{@LIM3|+1.000000E+05|+1.150000E+05|+8.500000E+04}}
}
{@BLOCK|r1714|00
{@A-RES|0|+9.906369E+04{@LIM3|+1.000000E+05|+1.150000E+05|+8.500000E+04}}
}
{@BLOCK|r1718|00
{@A-RES|0|+9.834544E+04{@LIM3|+1.000000E+05|+1.150000E+05|+8.500000E+04}}
}
{@BLOCK|r1719|00
{@A-RES|0|+9.864604E+04{@LIM3|+1.000000E+05|+1.150000E+05|+8.500000E+04}}
}
{@BLOCK|r1720|00
{@A-RES|0|+5.835213E+04{@LIM3|+7.890900E+04|+1.223089E+05|+3.550905E+04}}
}
{@BLOCK|r1793|00
{@A-RES|0|+9.796457E+04{@LIM3|+1.000000E+05|+1.150000E+05|+8.500000E+04}}
}
{@BLOCK|r1806|00
{@A-RES|0|+9.926331E+04{@LIM3|+1.000000E+05|+1.150000E+05|+8.500000E+04}}
}
{@BLOCK|r1887|00
{@A-RES|0|+9.813920E+04{@LIM3|+1.000000E+05|+1.150000E+05|+8.500000E+04}}
}
{@BLOCK|r2254|00
{@A-RES|0|+9.947432E+04{@LIM3|+1.000000E+05|+1.150000E+05|+8.500000E+04}}
}
{@BLOCK|r2402|00
{@A-RES|0|+9.971808E+04{@LIM3|+1.000000E+05|+1.150000E+05|+8.500000E+04}}
}
{@BLOCK|r2409|00
{@A-RES|0|+9.982444E+04{@LIM3|+1.000000E+05|+1.150000E+05|+8.500000E+04}}
}
{@BLOCK|r2412|00
{@A-RES|0|+9.989902E+04{@LIM3|+1.000000E+05|+1.150000E+05|+8.500000E+04}}
}
{@BLOCK|r2417|00
{@A-RES|0|+9.964346E+04{@LIM3|+1.000000E+05|+1.150000E+05|+8.500000E+04}}
}
{@BLOCK|r2424|00
{@A-RES|0|+9.971808E+04{@LIM3|+1.000000E+05|+1.150000E+05|+8.500000E+04}}
}
{@BLOCK|r2448|00
{@A-RES|0|+9.960135E+04{@LIM3|+1.000000E+05|+1.150000E+05|+8.500000E+04}}
}
{@BLOCK|r2471|00
{@A-RES|0|+1.000777E+05{@LIM3|+1.000000E+05|+1.150000E+05|+8.500000E+04}}
}
{@BLOCK|r2481|00
{@A-RES|0|+1.001556E+05{@LIM3|+1.000000E+05|+1.150000E+05|+8.500000E+04}}
}
{@BLOCK|r2646|00
{@A-RES|0|+1.076785E+05{@LIM3|+1.000000E+05|+1.500000E+05|+5.000000E+04}}
}
{@BLOCK|r2709|00
{@A-RES|0|+1.003812E+05{@LIM3|+1.000000E+05|+1.150000E+05|+8.500000E+04}}
}
{@BLOCK|r2718|00
{@A-RES|0|+9.912219E+04{@LIM3|+1.000000E+05|+1.150000E+05|+8.500000E+04}}
}
{@BLOCK|r3010|00
{@A-RES|0|+9.916865E+04{@LIM3|+1.000000E+05|+1.150000E+05|+8.500000E+04}}
}
{@BLOCK|r4021|00
{@A-RES|0|+9.643580E+04{@LIM3|+1.000000E+05|+1.250000E+05|+7.500000E+04}}
}
{@BLOCK|r4022|00
{@A-RES|0|+9.297549E+04{@LIM3|+1.000000E+05|+1.150000E+05|+8.500000E+04}}
}
{@BLOCK|r5512|00
{@A-RES|0|+9.953779E+04{@LIM3|+1.000000E+05|+1.150000E+05|+8.500000E+04}}
}
{@BLOCK|r5515|00
{@A-RES|0|+9.734618E+04{@LIM3|+1.000000E+05|+1.150000E+05|+7.500000E+04}}
}
{@BLOCK|r5517|00
{@A-RES|0|+9.955185E+04{@LIM3|+1.000000E+05|+1.150000E+05|+8.500000E+04}}
}
{@BLOCK|r6501|00
{@A-RES|0|+9.999508E+04{@LIM3|+1.000000E+05|+1.150000E+05|+8.500000E+04}}
}
{@BLOCK|r6502|00
{@A-RES|0|+1.005429E+05{@LIM3|+1.000000E+05|+1.150000E+05|+8.500000E+04}}
}
{@BLOCK|r6516|00
{@A-RES|0|+9.990969E+04{@LIM3|+1.000000E+05|+1.150000E+05|+8.500000E+04}}
}
{@BLOCK|r6518|00
{@A-RES|0|+9.986704E+04{@LIM3|+1.000000E+05|+1.150000E+05|+8.500000E+04}}
}
{@BLOCK|r6521|00
{@A-RES|0|+1.001878E+05{@LIM3|+1.000000E+05|+1.150000E+05|+8.500000E+04}}
}
{@BLOCK|r6577|00
{@A-RES|0|+9.893802E+04{@LIM3|+1.000000E+05|+1.150000E+05|+8.500000E+04}}
}
{@BLOCK|r6581|00
{@A-RES|0|+9.994169E+04{@LIM3|+8.500000E+04|+1.062500E+05|+7.225000E+04}}
}
{@BLOCK|r6610|00
{@A-RES|0|+9.997372E+04{@LIM3|+1.000000E+05|+1.150000E+05|+8.500000E+04}}
}
{@BLOCK|r7123|00
{@A-RES|0|+9.929491E+04{@LIM3|+1.000000E+05|+1.150000E+05|+8.500000E+04}}
}
{@BLOCK|r7330|00
{@A-RES|0|+9.950604E+04{@LIM3|+1.000000E+05|+1.150000E+05|+8.500000E+04}}
}
{@BLOCK|rn2201%r1|00
{@A-RES|0|+9.792475E+04{@LIM3|+1.000000E+05|+1.150000E+05|+7.500000E+04}}
}
{@BLOCK|rn2201%r2|00
{@A-RES|0|+9.821661E+04{@LIM3|+1.000000E+05|+1.150000E+05|+7.500000E+04}}
}
{@BLOCK|rn4001%r1|00
{@A-RES|0|+1.006558E+05{@LIM3|+1.000000E+05|+1.150000E+05|+8.500000E+04}}
}
{@BLOCK|r6113|00
{@A-RES|0|+3.651972E+01{@LIM3|+3.300000E+01|+4.620000E+01|+2.145000E+01}}
}
{@BLOCK|r2529|00
{@A-RES|0|+9.933693E+04{@LIM3|+1.000000E+05|+1.150000E+05|+8.500000E+04}}
}
{@BLOCK|r2530|00
{@A-RES|0|+9.935801E+04{@LIM3|+1.000000E+05|+1.150000E+05|+8.500000E+04}}
}
{@BLOCK|r4012|00
{@A-RES|0|+9.495963E+04{@LIM3|+1.000000E+05|+1.250000E+05|+7.500000E+04}}
}
{@BLOCK|pr4501|00
{@A-RES|0|+1.024683E+01{@LIM3|+1.000000E+01|+1.250000E+01|+7.500000E+00}}
}
{@BLOCK|pr4551|00
{@A-RES|0|+1.010051E+01{@LIM3|+1.000000E+01|+1.350000E+01|+6.500000E+00}}
}
{@BLOCK|pr5109|00
{@A-RES|0|+1.046899E+01{@LIM3|+1.000000E+01|+1.350000E+01|+6.500000E+00}}
}
{@BLOCK|r2708|00
{@A-RES|0|+1.126922E+01{@LIM3|+1.000000E+01|+1.350000E+01|+6.500000E+00}}
}
{@BLOCK|rn4001%r2|00
{@A-RES|0|+9.847183E+04{@LIM3|+1.000000E+05|+1.150000E+05|+7.500000E+04}}
}
{@BLOCK|rn6401%r1|00
{@A-RES|0|+1.004782E+05{@LIM3|+1.000000E+05|+1.150000E+05|+8.500000E+04}}
}
{@BLOCK|rn6401%r2|00
{@A-RES|0|+1.007093E+05{@LIM3|+1.000000E+05|+1.150000E+05|+8.500000E+04}}
}
{@BLOCK|rn6402%r1|00
{@A-RES|0|+9.974996E+04{@LIM3|+1.000000E+05|+1.150000E+05|+8.500000E+04}}
}
{@BLOCK|rn6402%r2|00
{@A-RES|0|+9.961195E+04{@LIM3|+1.000000E+05|+1.150000E+05|+7.500000E+04}}
}
{@BLOCK|pr4434|00
{@A-RES|0|+9.999153E+03{@LIM3|+1.000000E+04|+1.100000E+04|+9.000000E+03}}
}
{@BLOCK|pr4643|00
{@A-RES|0|+1.001145E+04{@LIM3|+1.000000E+04|+1.100000E+04|+9.000000E+03}}
}
{@BLOCK|pr4648|00
{@A-RES|0|+1.003936E+04{@LIM3|+1.000000E+04|+1.100000E+04|+9.000000E+03}}
}
{@BLOCK|r411|00
{@A-RES|0|+9.965624E+03{@LIM3|+1.000000E+04|+1.100000E+04|+9.000000E+03}}
}
{@BLOCK|r1201|00
{@A-RES|0|+9.984223E+03{@LIM3|+1.000000E+04|+1.100000E+04|+9.000000E+03}}
}
{@BLOCK|r1602|00
{@A-RES|0|+1.001145E+04{@LIM3|+1.000000E+04|+1.100000E+04|+9.000000E+03}}
}
{@BLOCK|r1603|00
{@A-RES|0|+1.000556E+04{@LIM3|+1.000000E+04|+1.100000E+04|+9.000000E+03}}
}
{@BLOCK|r1609|00
{@A-RES|0|+9.931266E+03{@LIM3|+1.000000E+04|+1.100000E+04|+9.000000E+03}}
}
{@BLOCK|r1610|00
{@A-RES|0|+9.990616E+03{@LIM3|+1.000000E+04|+1.100000E+04|+9.000000E+03}}
}
{@BLOCK|r1705|00
{@A-RES|0|+1.001681E+04{@LIM3|+1.000000E+04|+1.100000E+04|+9.000000E+03}}
}
{@BLOCK|r1707|00
{@A-RES|0|+1.002915E+04{@LIM3|+1.000000E+04|+1.100000E+04|+9.000000E+03}}
}
{@BLOCK|r1774|00
{@A-RES|0|+9.924160E+03{@LIM3|+1.000000E+04|+1.100000E+04|+9.000000E+03}}
}
{@BLOCK|r1840|00
{@A-RES|0|+9.970570E+03{@LIM3|+1.000000E+04|+1.100000E+04|+9.000000E+03}}
}
{@BLOCK|r1842|00
{@A-RES|0|+1.001535E+04{@LIM3|+1.000000E+04|+1.100000E+04|+9.000000E+03}}
}
{@BLOCK|r1844|00
{@A-RES|0|+1.002876E+04{@LIM3|+1.000000E+04|+1.100000E+04|+9.000000E+03}}
}
{@BLOCK|r1845|00
{@A-RES|0|+9.995045E+03{@LIM3|+1.000000E+04|+1.100000E+04|+9.000000E+03}}
}
{@BLOCK|r1846|00
{@A-RES|0|+1.006054E+04{@LIM3|+1.000000E+04|+1.100000E+04|+9.000000E+03}}
}
{@BLOCK|r2032|00
{@A-RES|0|+1.000572E+04{@LIM3|+1.000000E+04|+1.100000E+04|+9.000000E+03}}
}
{@BLOCK|r2034|00
{@A-RES|0|+9.960496E+03{@LIM3|+1.000000E+04|+1.100000E+04|+9.000000E+03}}
}
{@BLOCK|r1708|00
{@A-RES|0|+1.004011E+04{@LIM3|+1.000000E+04|+1.100000E+04|+9.000000E+03}}
}
{@BLOCK|r1713|00
{@A-RES|0|+1.000343E+04{@LIM3|+1.000000E+04|+1.100000E+04|+9.000000E+03}}
}
{@BLOCK|r1717|00
{@A-RES|0|+1.001841E+04{@LIM3|+1.000000E+04|+1.100000E+04|+9.000000E+03}}
}
{@BLOCK|r1974|00
{@A-RES|0|+1.046058E+04{@LIM3|+1.000000E+04|+1.100000E+04|+9.000000E+03}}
}
{@BLOCK|r2012|00
{@A-RES|0|+9.954498E+03{@LIM3|+1.000000E+04|+1.100000E+04|+9.000000E+03}}
}
{@BLOCK|r2013|00
{@A-RES|0|+9.962443E+03{@LIM3|+1.000000E+04|+1.100000E+04|+9.000000E+03}}
}
{@BLOCK|r2407|00
{@A-RES|0|+9.977839E+03{@LIM3|+1.000000E+04|+1.100000E+04|+9.000000E+03}}
}
{@BLOCK|r2413|00
{@A-RES|0|+1.016472E+04{@LIM3|+1.000000E+04|+1.100000E+04|+9.000000E+03}}
}
{@BLOCK|r2416|00
{@A-RES|0|+9.976775E+03{@LIM3|+1.000000E+04|+1.100000E+04|+9.000000E+03}}
}
{@BLOCK|r2418|00
{@A-RES|0|+1.004206E+04{@LIM3|+1.000000E+04|+1.100000E+04|+9.000000E+03}}
}
{@BLOCK|r2427|00
{@A-RES|0|+9.716808E+03{@LIM3|+1.000000E+04|+1.100000E+04|+9.000000E+03}}
}
{@BLOCK|r2447|00
{@A-RES|0|+1.002100E+05{@LIM3|+1.000000E+05|+1.100000E+05|+9.000000E+04}}
}
{@BLOCK|r2449|00
{@A-RES|0|+9.986886E+03{@LIM3|+1.000000E+04|+1.100000E+04|+9.000000E+03}}
}
{@BLOCK|r2458|00
{@A-RES|0|+9.893505E+03{@LIM3|+1.000000E+04|+1.100000E+04|+9.000000E+03}}
}
{@BLOCK|r2459|00
{@A-RES|0|+9.950266E+03{@LIM3|+1.000000E+04|+1.100000E+04|+9.000000E+03}}
}
{@BLOCK|r2466|00
{@A-RES|0|+9.939174E+03{@LIM3|+1.000000E+04|+1.100000E+04|+9.000000E+03}}
}
{@BLOCK|r2470|00
{@A-RES|0|+9.990083E+03{@LIM3|+1.000000E+04|+1.100000E+04|+9.000000E+03}}
}
{@BLOCK|r2484|00
{@A-RES|0|+9.882849E+03{@LIM3|+1.000000E+04|+1.100000E+04|+9.000000E+03}}
}
{@BLOCK|r2488|00
{@A-RES|0|+1.015425E+04{@LIM3|+1.000000E+04|+1.100000E+04|+9.000000E+03}}
}
{@BLOCK|r2715|00
{@A-RES|0|+1.007393E+04{@LIM3|+1.000000E+04|+1.100000E+04|+9.000000E+03}}
}
{@BLOCK|r4027|00
{@A-RES|0|+9.883061E+03{@LIM3|+1.000000E+04|+1.100000E+04|+9.000000E+03}}
}
{@BLOCK|r5526|00
{@A-RES|0|+9.804770E+03{@LIM3|+1.000000E+04|+1.100000E+04|+9.000000E+03}}
}
{@BLOCK|r5610|00
{@A-RES|0|+9.982626E+03{@LIM3|+1.000000E+04|+1.100000E+04|+9.000000E+03}}
}
{@BLOCK|r5702|00
{@A-RES|0|+9.446463E+03{@LIM3|+1.000000E+04|+1.150000E+04|+8.500000E+03}}
}
{@BLOCK|r6503|00
{@A-RES|0|+1.000022E+04{@LIM3|+1.000000E+04|+1.100000E+04|+9.000000E+03}}
}
{@BLOCK|r6531|00
{@A-RES|0|+9.924949E+03{@LIM3|+1.000000E+04|+1.100000E+04|+9.000000E+03}}
}
{@BLOCK|r7103|00
{@A-RES|0|+1.007719E+04{@LIM3|+1.000000E+04|+1.100000E+04|+9.000000E+03}}
}
{@BLOCK|r7104|00
{@A-RES|0|+9.974649E+03{@LIM3|+1.000000E+04|+1.100000E+04|+9.000000E+03}}
}
{@BLOCK|r7114|00
{@A-RES|0|+9.962973E+03{@LIM3|+1.000000E+04|+1.100000E+04|+9.000000E+03}}
}
{@BLOCK|r7115|00
{@A-RES|0|+1.001252E+04{@LIM3|+1.000000E+04|+1.100000E+04|+9.000000E+03}}
}
{@BLOCK|r7116|00
{@A-RES|0|+9.984756E+03{@LIM3|+1.000000E+04|+1.100000E+04|+9.000000E+03}}
}
{@BLOCK|r7117|00
{@A-RES|0|+1.001788E+04{@LIM3|+1.000000E+04|+1.100000E+04|+9.000000E+03}}
}
{@BLOCK|r7133|00
{@A-RES|0|+9.982626E+03{@LIM3|+1.000000E+04|+1.100000E+04|+9.000000E+03}}
}
{@BLOCK|r7134|00
{@A-RES|0|+1.006473E+04{@LIM3|+1.000000E+04|+1.100000E+04|+9.000000E+03}}
}
{@BLOCK|r7189|00
{@A-RES|0|+1.011748E+04{@LIM3|+1.000000E+04|+1.100000E+04|+9.000000E+03}}
}
{@BLOCK|r7229|00
{@A-RES|0|+9.964563E+03{@LIM3|+1.000000E+04|+1.100000E+04|+9.000000E+03}}
}
{@BLOCK|r7307|00
{@A-RES|0|+9.892961E+03{@LIM3|+1.000000E+04|+1.100000E+04|+9.000000E+03}}
}
{@BLOCK|r7319|00
{@A-RES|0|+1.000129E+04{@LIM3|+1.000000E+04|+1.100000E+04|+9.000000E+03}}
}
{@BLOCK|r7523|00
{@A-RES|0|+1.011420E+04{@LIM3|+1.000000E+04|+1.100000E+04|+9.000000E+03}}
}
{@BLOCK|r7529|00
{@A-RES|0|+9.992216E+03{@LIM3|+1.000000E+04|+1.100000E+04|+9.000000E+03}}
}
{@BLOCK|r2041|00
{@A-RES|0|+1.012855E+04{@LIM3|+1.000000E+04|+1.100000E+04|+9.000000E+03}}
}
{@BLOCK|r2504|00
{@A-RES|0|+1.014336E+04{@LIM3|+1.000000E+04|+1.100000E+04|+9.000000E+03}}
}
{@BLOCK|r2604|00
{@A-RES|0|+1.004921E+04{@LIM3|+1.000000E+04|+1.100000E+04|+9.000000E+03}}
}
{@BLOCK|r3001|00
{@A-RES|0|+9.963675E+03{@LIM3|+1.000000E+04|+1.100000E+04|+9.000000E+03}}
}
{@BLOCK|r6508|00
{@A-RES|0|+9.975880E+03{@LIM3|+1.000000E+04|+1.100000E+04|+9.000000E+03}}
}
{@BLOCK|r7106|00
{@A-RES|0|+1.010342E+04{@LIM3|+1.000000E+04|+1.100000E+04|+9.000000E+03}}
}
{@BLOCK|rn2604%r1|00
{@A-RES|0|+9.999848E+03{@LIM3|+1.000000E+04|+1.100000E+04|+9.000000E+03}}
}
{@BLOCK|rn2604%r2|00
{@A-RES|0|+1.002822E+04{@LIM3|+1.000000E+04|+1.100000E+04|+9.000000E+03}}
}
{@BLOCK|r2408|00
{@A-RES|0|+1.735053E+05{@LIM3|+1.740000E+05|+2.001000E+05|+1.479000E+05}}
}
{@BLOCK|pr4430|00
{@A-RES|0|+1.350400E+05{@LIM3|+1.370000E+05|+1.575500E+05|+1.164500E+05}}
}
{@BLOCK|pr4433|00
{@A-RES|0|+2.932851E+05{@LIM3|+3.000000E+05|+3.450000E+05|+2.550000E+05}}
}
{@BLOCK|pr4436|00
{@A-RES|0|+9.284247E+03{@LIM3|+9.310000E+03|+1.024100E+04|+8.379000E+03}}
}
{@BLOCK|pr4437|00
{@A-RES|0|+1.416978E+04{@LIM3|+1.430000E+04|+1.573000E+04|+1.287000E+04}}
}
{@BLOCK|r1715|00
{@A-RES|0|+9.965489E+05{@LIM3|+1.000000E+06|+1.250000E+06|+7.500000E+05}}
}
{@BLOCK|pr4518|00
{@A-RES|0|+1.022977E+03{@LIM3|+1.000000E+03|+1.100000E+03|+9.000000E+02}}
}
{@BLOCK|pr4553|00
{@A-RES|0|+9.945996E+02{@LIM3|+1.000000E+03|+1.100000E+03|+9.000000E+02}}
}
{@BLOCK|rn5702%r1|00
{@A-RES|0|+1.010887E+04{@LIM3|+1.000000E+04|+1.100000E+04|+9.000000E+03}}
}
{@BLOCK|rn5702%r2|00
{@A-RES|0|+1.007841E+04{@LIM3|+1.000000E+04|+1.100000E+04|+9.000000E+03}}
}
{@BLOCK|r312|00
{@A-RES|0|+1.006404E+03{@LIM3|+1.000000E+03|+1.100000E+03|+9.000000E+02}}
}
{@BLOCK|r316|00
{@A-RES|0|+1.018864E+03{@LIM3|+1.000000E+03|+1.100000E+03|+9.000000E+02}}
}
{@BLOCK|r317|00
{@A-RES|0|+1.007249E+03{@LIM3|+1.000000E+03|+1.100000E+03|+9.000000E+02}}
}
{@BLOCK|r602|00
{@A-RES|0|+9.939929E+02{@LIM3|+1.000000E+03|+1.500000E+03|+5.000000E+02}}
}
{@BLOCK|r603|00
{@A-RES|0|+9.974334E+02{@LIM3|+8.920000E+02|+1.248800E+03|+5.352000E+02}}
}
{@BLOCK|r604|00
{@A-RES|0|+9.858318E+02{@LIM3|+1.000000E+03|+1.500000E+03|+5.000000E+02}}
}
{@BLOCK|pr4602|00
{@A-RES|0|+1.005381E+03{@LIM3|+1.000000E+03|+1.100000E+03|+9.000000E+02}}
}
{@BLOCK|pr4603|00
{@A-RES|0|+1.001458E+03{@LIM3|+1.000000E+03|+1.100000E+03|+9.000000E+02}}
}
{@BLOCK|pr4608|00
{@A-RES|0|+9.995343E+02{@LIM3|+1.000000E+03|+1.100000E+03|+9.000000E+02}}
}
{@BLOCK|pr4691|00
{@A-RES|0|+1.003281E+03{@LIM3|+1.000000E+03|+1.100000E+03|+9.000000E+02}}
}
{@BLOCK|pr4692|00
{@A-RES|0|+1.000014E+03{@LIM3|+1.000000E+03|+1.100000E+03|+9.000000E+02}}
}
{@BLOCK|r605|00
{@A-RES|0|+9.810589E+02{@LIM3|+8.860000E+02|+1.240400E+03|+5.316000E+02}}
}
{@BLOCK|r1514|00
{@A-RES|0|+1.009661E+03{@LIM3|+1.000000E+03|+1.100000E+03|+9.000000E+02}}
}
{@BLOCK|r1709|00
{@A-RES|0|+1.019606E+03{@LIM3|+1.000000E+03|+1.100000E+03|+9.000000E+02}}
}
{@BLOCK|r1712|00
{@A-RES|0|+1.006244E+03{@LIM3|+1.000000E+03|+1.100000E+03|+9.000000E+02}}
}
{@BLOCK|r2430|00
{@A-RES|0|+9.975652E+02{@LIM3|+1.000000E+03|+1.100000E+03|+9.000000E+02}}
}
{@BLOCK|r2431|00
{@A-RES|0|+1.004006E+03{@LIM3|+1.000000E+03|+1.100000E+03|+9.000000E+02}}
}
{@BLOCK|r2460|00
{@A-RES|0|+1.009008E+03{@LIM3|+1.000000E+03|+1.100000E+03|+9.000000E+02}}
}
{@BLOCK|r2461|00
{@A-RES|0|+1.008628E+03{@LIM3|+1.000000E+03|+1.100000E+03|+9.000000E+02}}
}
{@BLOCK|r2526|00
{@A-RES|0|+1.001886E+03{@LIM3|+1.000000E+03|+1.100000E+03|+9.000000E+02}}
}
{@BLOCK|r2527|00
{@A-RES|0|+1.025517E+03{@LIM3|+1.000000E+03|+1.100000E+03|+9.000000E+02}}
}
{@BLOCK|r2749|00
{@A-RES|0|+9.910747E+02{@LIM3|+1.000000E+03|+1.100000E+03|+9.000000E+02}}
}
{@BLOCK|r2750|00
{@A-RES|0|+1.006893E+03{@LIM3|+1.000000E+03|+1.100000E+03|+9.000000E+02}}
}
{@BLOCK|r5516|00
{@A-RES|0|+1.003873E+03{@LIM3|+1.000000E+03|+1.100000E+03|+9.000000E+02}}
}
{@BLOCK|rn1801%r1|00
{@A-RES|0|+9.989480E+02{@LIM3|+1.000000E+03|+1.100000E+03|+9.000000E+02}}
}
{@BLOCK|rn1801%r2|00
{@A-RES|0|+1.009497E+03{@LIM3|+1.000000E+03|+1.100000E+03|+9.000000E+02}}
}
{@BLOCK|rn1802%r1|00
{@A-RES|0|+1.054615E+03{@LIM3|+1.000000E+03|+1.100000E+03|+9.000000E+02}}
}
{@BLOCK|rn1802%r2|00
{@A-RES|0|+9.976681E+02{@LIM3|+1.000000E+03|+1.100000E+03|+9.000000E+02}}
}
{@BLOCK|pr4619|00
{@A-RES|0|+1.029488E+02{@LIM3|+1.000000E+02|+1.150000E+02|+9.000000E+01}}
}
{@BLOCK|pr4684|00
{@A-RES|0|+1.045696E+02{@LIM3|+1.000000E+02|+1.150000E+02|+9.000000E+01}}
}
{@BLOCK|r606|00
{@A-RES|0|+9.815440E+02{@LIM3|+1.000000E+03|+1.500000E+03|+5.000000E+02}}
}
{@BLOCK|r1702|00
{@A-RES|0|+1.003310E+03{@LIM3|+1.000000E+03|+1.100000E+03|+9.000000E+02}}
}
{@BLOCK|r2436|00
{@A-RES|0|+1.009094E+03{@LIM3|+1.000000E+03|+1.100000E+03|+9.000000E+02}}
}
{@BLOCK|r2465|00
{@A-RES|0|+1.007249E+03{@LIM3|+1.000000E+03|+1.100000E+03|+9.000000E+02}}
}
{@BLOCK|r5794|00
{@A-RES|0|+1.019807E+03{@LIM3|+1.000000E+03|+1.100000E+03|+9.000000E+02}}
}
{@BLOCK|rn2003%r1|00
{@A-RES|0|+1.001754E+03{@LIM3|+1.000000E+03|+1.100000E+03|+9.000000E+02}}
}
{@BLOCK|rn2003%r2|00
{@A-RES|0|+1.009910E+03{@LIM3|+1.000000E+03|+1.100000E+03|+9.000000E+02}}
}
{@BLOCK|pr4690|00
{@A-RES|0|+5.278640E+01{@LIM3|+5.000000E+01|+6.750000E+01|+4.500000E+01}}
}
{@BLOCK|pr5037|00
{@A-JUM|0|+4.888522E+00{@LIM2|+1.500000E+01|+0.000000E+00}}
}
{@BLOCK|pr5038|00
{@A-JUM|0|+4.899082E+00{@LIM2|+1.500000E+01|+0.000000E+00}}
}
{@BLOCK|r501|00
{@A-RES|0|+1.028530E+02{@LIM3|+1.000000E+02|+1.150000E+02|+9.000000E+01}}
}
{@BLOCK|r704|00
{@A-RES|0|+9.629791E+01{@LIM3|+8.700000E+01|+1.435500E+02|+4.176000E+01}}
}
{@BLOCK|r705|00
{@A-JUM|0|+3.971313E+00{@LIM2|+1.500000E+01|+0.000000E+00}}
}
{@BLOCK|r801|00
{@A-JUM|0|+4.390116E+00{@LIM2|+1.500000E+01|+0.000000E+00}}
}
{@BLOCK|r802|00
{@A-JUM|0|+4.757640E+00{@LIM2|+1.500000E+01|+0.000000E+00}}
}
{@BLOCK|r6513|00
{@A-RES|0|+1.033193E+02{@LIM3|+1.000000E+02|+1.150000E+02|+9.000000E+01}}
}
{@BLOCK|r303|00
{@A-RES|0|+1.017445E+02{@LIM3|+1.000000E+02|+1.150000E+02|+9.000000E+01}}
}
{@BLOCK|r1605|00
{@A-RES|0|+1.032901E+02{@LIM3|+1.000000E+02|+1.150000E+02|+9.000000E+01}}
}
{@BLOCK|r4202|00
{@A-RES|0|+1.024667E+02{@LIM3|+1.000000E+02|+1.150000E+02|+9.000000E+01}}
}
{@BLOCK|r4252|00
{@A-RES|0|+1.025731E+02{@LIM3|+1.000000E+02|+1.150000E+02|+9.000000E+01}}
}
{@BLOCK|r4253|00
{@A-RES|0|+1.025115E+02{@LIM3|+1.000000E+02|+1.150000E+02|+9.000000E+01}}
}
{@BLOCK|r6814|00
{@A-RES|0|+1.052894E+02{@LIM3|+1.000000E+02|+1.150000E+02|+9.000000E+01}}
}
{@BLOCK|r6815|00
{@A-RES|0|+1.060210E+02{@LIM3|+1.000000E+02|+1.150000E+02|+9.000000E+01}}
}
{@BLOCK|r6816|00
{@A-RES|0|+1.056866E+02{@LIM3|+1.000000E+02|+1.150000E+02|+9.000000E+01}}
}
{@BLOCK|r6519|00
{@A-RES|0|+1.020517E+02{@LIM3|+1.000000E+02|+1.150000E+02|+9.000000E+01}}
}
{@BLOCK|r6522|00
{@A-RES|0|+1.026452E+02{@LIM3|+1.000000E+02|+1.150000E+02|+9.000000E+01}}
}
{@BLOCK|r7120|00
{@A-RES|0|+1.019603E+02{@LIM3|+1.000000E+02|+1.150000E+02|+9.000000E+01}}
}
{@BLOCK|pr4632|00
{@A-RES|0|+2.196433E+04{@LIM3|+2.200000E+04|+2.420000E+04|+1.980000E+04}}
}
{@BLOCK|r3002|00
{@A-RES|0|+2.161107E+04{@LIM3|+2.200000E+04|+2.420000E+04|+1.980000E+04}}
}
{@BLOCK|pr4633|00
{@A-RES|0|+4.990039E+03{@LIM3|+4.990000E+03|+5.489000E+03|+4.491000E+03}}
}
{@BLOCK|r5701|00
{@A-RES|0|+4.999365E+03{@LIM3|+4.990000E+03|+5.489000E+03|+4.491000E+03}}
}
{@BLOCK|pr4634|00
{@A-RES|0|+1.526908E+02{@LIM3|+1.500000E+02|+1.700000E+02|+1.350000E+02}}
}
{@BLOCK|r401|00
{@A-RES|0|+1.532002E+02{@LIM3|+1.500000E+02|+1.700000E+02|+1.350000E+02}}
}
{@BLOCK|r405|00
{@A-RES|0|+1.526908E+02{@LIM3|+1.500000E+02|+1.700000E+02|+1.350000E+02}}
}
{@BLOCK|r2101|00
{@A-RES|0|+1.522046E+02{@LIM3|+1.500000E+02|+1.700000E+02|+1.350000E+02}}
}
{@BLOCK|r2102|00
{@A-RES|0|+1.519577E+02{@LIM3|+1.500000E+02|+1.700000E+02|+1.350000E+02}}
}
{@BLOCK|pr4635|00
{@A-RES|0|+5.302495E+04{@LIM3|+5.230000E+04|+5.753000E+04|+4.707000E+04}}
}
{@BLOCK|pr4636|00
{@A-RES|0|+8.782933E+03{@LIM3|+8.660000E+03|+9.526000E+03|+7.794000E+03}}
}
{@BLOCK|pr4644|00
{@A-RES|0|+4.696285E+04{@LIM3|+4.990000E+04|+5.489000E+04|+4.491000E+04}}
}
{@BLOCK|pr4646|00
{@A-RES|0|+1.980461E+06{@LIM3|+2.000000E+06|+2.500000E+06|+1.500000E+06}}
}
{@BLOCK|r7504|00
{@A-RES|0|+1.935439E+06{@LIM3|+2.000000E+06|+2.500000E+06|+1.500000E+06}}
}
{@BLOCK|r7505|00
{@A-RES|0|+1.930593E+06{@LIM3|+2.000000E+06|+2.500000E+06|+1.500000E+06}}
}
{@BLOCK|pr4647|00
{@A-RES|0|+1.326056E+05{@LIM3|+1.330000E+05|+1.529500E+05|+1.130500E+05}}
}
{@BLOCK|r304|00
{@A-RES|0|+5.463439E+01{@LIM3|+5.100000E+01|+6.109999E+01|+4.590000E+01}}
}
{@BLOCK|r310|00
{@A-RES|0|+4.958615E+02{@LIM3|+4.990000E+02|+5.489000E+02|+4.491000E+02}}
}
{@BLOCK|r1876|00
{@A-RES|0|+5.052752E+02{@LIM3|+4.990000E+02|+5.489000E+02|+4.491000E+02}}
}
{@BLOCK|r1877|00
{@A-RES|0|+5.023761E+02{@LIM3|+4.990000E+02|+5.489000E+02|+4.491000E+02}}
}
{@BLOCK|r313|00
{@A-RES|0|+5.248632E+01{@LIM3|+4.990000E+01|+5.988998E+01|+4.491000E+01}}
}
{@BLOCK|r6817|00
{@A-RES|0|+1.059312E+02{@LIM3|+1.000000E+02|+1.150000E+02|+9.000000E+01}}
}
{@BLOCK|r6818|00
{@A-RES|0|+1.062371E+02{@LIM3|+1.000000E+02|+1.150000E+02|+9.000000E+01}}
}
{@BLOCK|r1607|00
{@A-RES|0|+1.529656E+02{@LIM3|+1.500000E+02|+1.700000E+02|+1.350000E+02}}
}
{@BLOCK|pr4688|00
{@A-RES|0|+4.836786E+01{@LIM3|+4.530000E+01|+6.115500E+01|+4.077000E+01}}
}
{@BLOCK|r305|00
{@A-RES|0|+5.424047E+01{@LIM3|+5.100000E+01|+6.109999E+01|+4.590000E+01}}
}
{@BLOCK|r306|00
{@A-RES|0|+5.359317E+01{@LIM3|+5.100000E+01|+6.109999E+01|+4.590000E+01}}
}
{@BLOCK|r311|00
{@A-RES|0|+5.260560E+01{@LIM3|+4.990000E+01|+5.988998E+01|+4.491000E+01}}
}
{@BLOCK|r2534|00
{@A-RES|0|+5.247977E+01{@LIM3|+4.990000E+01|+5.988998E+01|+4.491000E+01}}
}
{@BLOCK|r2535|00
{@A-RES|0|+5.208118E+01{@LIM3|+4.990000E+01|+5.988998E+01|+4.491000E+01}}
}
{@BLOCK|r1601|00
{@A-RES|0|+2.203174E+03{@LIM3|+2.200000E+03|+2.420000E+03|+1.980000E+03}}
}
{@BLOCK|r1608|00
{@A-RES|0|+2.203278E+03{@LIM3|+2.200000E+03|+2.420000E+03|+1.980000E+03}}
}
{@BLOCK|r2802|00
{@A-RES|0|+2.170109E+03{@LIM3|+2.200000E+03|+2.530000E+03|+1.870000E+03}}
}
{@BLOCK|r2803|00
{@A-RES|0|+2.147490E+03{@LIM3|+2.200000E+03|+2.420000E+03|+1.980000E+03}}
}
{@BLOCK|r7125|00
{@A-RES|0|+2.199449E+03{@LIM3|+2.200000E+03|+2.420000E+03|+1.980000E+03}}
}
{@BLOCK|rn1806%r1|00
{@A-RES|0|+2.230248E+03{@LIM3|+2.200000E+03|+2.420000E+03|+1.980000E+03}}
}
{@BLOCK|rn1806%r2|00
{@A-RES|0|+2.198116E+03{@LIM3|+2.200000E+03|+2.420000E+03|+1.980000E+03}}
}
{@BLOCK|r314|00
{@A-RES|0|+5.232087E+01{@LIM3|+4.990000E+01|+5.988998E+01|+4.491000E+01}}
}
{@BLOCK|r601|00
{@A-RES|0|+5.291777E+01{@LIM3|+4.990000E+01|+5.988998E+01|+4.491000E+01}}
}
{@BLOCK|r404|00
{@A-RES|0|+2.208184E+03{@LIM3|+2.200000E+03|+2.420000E+03|+1.980000E+03}}
}
{@BLOCK|r6505|00
{@A-RES|0|+2.191763E+03{@LIM3|+2.200000E+03|+2.420000E+03|+1.980000E+03}}
}
{@BLOCK|r6506|00
{@A-RES|0|+2.202459E+03{@LIM3|+2.200000E+03|+2.420000E+03|+1.980000E+03}}
}
{@BLOCK|r7126|00
{@A-RES|0|+2.196477E+03{@LIM3|+2.200000E+03|+2.420000E+03|+1.980000E+03}}
}
{@BLOCK|rn5701%r1|00
{@A-RES|0|+2.203403E+03{@LIM3|+2.200000E+03|+2.420000E+03|+1.980000E+03}}
}
{@BLOCK|rn5701%r2|00
{@A-RES|0|+2.194314E+03{@LIM3|+2.200000E+03|+2.420000E+03|+1.980000E+03}}
}
{@BLOCK|r506|00
{@A-RES|0|+4.714806E+02{@LIM3|+4.700000E+02|+5.170000E+02|+4.230000E+02}}
}
{@BLOCK|r2422|00
{@A-RES|0|+4.773421E+02{@LIM3|+4.700000E+02|+5.170000E+02|+4.230000E+02}}
}
{@BLOCK|r1301|00
{@A-RES|0|+2.316017E+04{@LIM3|+2.320000E+04|+2.552000E+04|+2.088000E+04}}
}
{@BLOCK|r1504|00
{@A-RES|0|+1.986803E+04{@LIM3|+2.000000E+04|+2.200000E+04|+1.800000E+04}}
}
{@BLOCK|r1802|00
{@A-RES|0|+1.983223E+04{@LIM3|+2.000000E+04|+2.200000E+04|+1.800000E+04}}
}
{@BLOCK|r1804|00
{@A-RES|0|+1.980421E+04{@LIM3|+2.000000E+04|+2.200000E+04|+1.800000E+04}}
}
{@BLOCK|r3602|00
{@A-RES|0|+1.992726E+04{@LIM3|+2.000000E+04|+2.200000E+04|+1.800000E+04}}
}
{@BLOCK|r1505|00
{@A-RES|0|+4.673227E+04{@LIM3|+4.700000E+04|+5.170000E+04|+4.230000E+04}}
}
{@BLOCK|r6801|00
{@A-RES|0|+4.685392E+04{@LIM3|+4.700000E+04|+5.170000E+04|+4.230000E+04}}
}
{@BLOCK|r6802|00
{@A-RES|0|+4.672760E+04{@LIM3|+4.700000E+04|+5.170000E+04|+4.230000E+04}}
}
{@BLOCK|r1522|00
{@A-RES|0|+4.852197E+03{@LIM3|+4.700000E+03|+5.170000E+03|+4.230000E+03}}
}
{@BLOCK|r2455|00
{@A-RES|0|+4.702246E+03{@LIM3|+4.700000E+03|+5.170000E+03|+4.230000E+03}}
}
{@BLOCK|r2456|00
{@A-RES|0|+4.891385E+03{@LIM3|+4.700000E+03|+6.110000E+03|+4.230000E+03}}
}
{@BLOCK|r2478|00
{@A-RES|0|+4.653933E+03{@LIM3|+4.700000E+03|+5.170000E+03|+4.230000E+03}}
}
{@BLOCK|r2479|00
{@A-RES|0|+4.652777E+03{@LIM3|+4.700000E+03|+5.170000E+03|+4.230000E+03}}
}
{@BLOCK|r2528|00
{@A-RES|0|+4.734420E+03{@LIM3|+4.700000E+03|+5.170000E+03|+4.230000E+03}}
}
{@BLOCK|rn2001%r1|00
{@A-RES|0|+2.195633E+03{@LIM3|+2.200000E+03|+2.420000E+03|+1.980000E+03}}
}
{@BLOCK|rn2002%r1|00
{@A-RES|0|+2.198726E+03{@LIM3|+2.200000E+03|+2.420000E+03|+1.980000E+03}}
}
{@BLOCK|rn2002%r2|00
{@A-RES|0|+2.199035E+03{@LIM3|+2.200000E+03|+2.420000E+03|+1.980000E+03}}
}
{@BLOCK|r701|00
{@A-RES|0|+5.843904E+01{@LIM3|+5.600000E+01|+7.560000E+01|+5.040000E+01}}
}
{@BLOCK|r2437|00
{@A-RES|0|+1.983957E+04{@LIM3|+2.000000E+04|+2.200000E+04|+1.800000E+04}}
}
{@BLOCK|rn2601%r1|00
{@A-RES|0|+4.718000E+03{@LIM3|+4.700000E+03|+5.170000E+03|+4.230000E+03}}
}
{@BLOCK|rn2601%r2|00
{@A-RES|0|+4.715471E+03{@LIM3|+4.700000E+03|+5.170000E+03|+4.230000E+03}}
}
{@BLOCK|rn2602%r1|00
{@A-RES|0|+4.701657E+03{@LIM3|+4.700000E+03|+5.170000E+03|+4.230000E+03}}
}
{@BLOCK|r5704|00
{@A-RES|0|+4.710599E+03{@LIM3|+4.700000E+03|+5.170000E+03|+4.230000E+03}}
}
{@BLOCK|r1604|00
{@A-RES|0|+1.149679E+02{@LIM3|+1.130000E+02|+1.293000E+02|+1.017000E+02}}
}
{@BLOCK|r6101|00
{@A-RES|0|+1.974071E+05{@LIM3|+2.000000E+05|+2.300000E+05|+1.700000E+05}}
}
{@BLOCK|r7302|00
{@A-RES|0|+2.001365E+05{@LIM3|+2.000000E+05|+2.300000E+05|+1.700000E+05}}
}
{@BLOCK|r1805|00
{@A-RES|0|+6.341918E+01{@LIM3|+6.040000E+01|+7.143997E+01|+5.436000E+01}}
}
{@BLOCK|r1822|00
{@A-RES|0|+7.549798E+04{@LIM3|+7.500000E+04|+8.250000E+04|+6.750000E+04}}
}
{@BLOCK|r6107|00
{@A-RES|0|+7.482797E+04{@LIM3|+7.500000E+04|+8.250000E+04|+6.750000E+04}}
}
{@BLOCK|r1901|00
{@A-RES|0|+2.018122E+02{@LIM3|+2.000000E+02|+2.250000E+02|+1.800000E+02}}
}
{@BLOCK|rn2602%r2|00
{@A-RES|0|+4.744772E+03{@LIM3|+4.700000E+03|+5.170000E+03|+4.230000E+03}}
}
{@BLOCK|r1701|00
{@A-RES|0|+6.516772E+01{@LIM3|+6.200000E+01|+7.319999E+01|+5.580000E+01}}
}
{@BLOCK|r1803|00
{@A-RES|0|+1.948096E+05{@LIM3|+2.000000E+05|+2.300000E+05|+1.700000E+05}}
}
{@BLOCK|r2710|00
{@A-RES|0|+1.997352E+05{@LIM3|+2.000000E+05|+2.300000E+05|+1.700000E+05}}
}
{@BLOCK|r2467|00
{@A-RES|0|+7.537261E+04{@LIM3|+7.500000E+04|+8.250000E+04|+6.750000E+04}}
}
{@BLOCK|r1964|00
{@A-RES|0|+3.128901E+01{@LIM3|+3.200000E+01|+4.320000E+01|+2.880000E+01}}
}
{@BLOCK|r2420|00
{@A-RES|0|+2.735281E+01{@LIM3|+2.700000E+01|+3.583637E+01|+2.430000E+01}}
}
{@BLOCK|r2421|00
{@A-RES|0|+2.724993E+01{@LIM3|+2.700000E+01|+3.583637E+01|+2.430000E+01}}
}
{@BLOCK|r2001|00
{@A-RES|0|+2.018644E+02{@LIM3|+2.000000E+02|+2.250000E+02|+1.800000E+02}}
}
{@BLOCK|r1963|00
{@A-RES|0|+2.986797E+01{@LIM3|+2.700000E+01|+3.470000E+01|+2.430000E+01}}
}
{@BLOCK|r1965|00
{@A-RES|0|+3.113853E+01{@LIM3|+2.700000E+01|+3.470000E+01|+2.430000E+01}}
}
{@BLOCK|r2401|00
{@A-RES|0|+2.000070E+04{@LIM3|+2.000000E+04|+2.300000E+04|+1.700000E+04}}
}
{@BLOCK|r2434|00
{@A-RES|0|+3.351162E+05{@LIM3|+3.300000E+05|+3.795000E+05|+2.475000E+05}}
}
{@BLOCK|r2705|00
{@A-RES|0|+4.524057E+01{@LIM3|+4.300000E+01|+5.230000E+01|+3.870000E+01}}
}
{@BLOCK|r2706|00
{@A-RES|0|+4.568255E+01{@LIM3|+4.300000E+01|+5.230000E+01|+3.870000E+01}}
}
{@BLOCK|r2612|00
{@A-RES|0|+1.595154E+04{@LIM3|+1.600000E+04|+1.760000E+04|+1.440000E+04}}
}
{@BLOCK|r2462|00
{@A-RES|0|+2.725573E+01{@LIM3|+2.700000E+01|+3.583637E+01|+2.430000E+01}}
}
{@BLOCK|r2463|00
{@A-RES|0|+2.741335E+01{@LIM3|+2.700000E+01|+3.583637E+01|+2.430000E+01}}
}
{@BLOCK|r2489|00
{@A-RES|0|+2.720359E+01{@LIM3|+2.700000E+01|+3.583637E+01|+2.430000E+01}}
}
{@BLOCK|r2450|00
{@A-RES|0|+4.677976E+01{@LIM3|+4.300000E+01|+5.805000E+01|+3.870000E+01}}
}
{@BLOCK|r2509|00
{@A-RES|0|+1.752852E+01{@LIM3|+1.500000E+01|+2.149999E+01|+1.350000E+01}}
}
{@BLOCK|r2532|00
{@A-RES|0|+1.786423E+01{@LIM3|+1.500000E+01|+2.149999E+01|+1.350000E+01}}
}
{@BLOCK|r2533|00
{@A-RES|0|+1.770179E+01{@LIM3|+1.500000E+01|+2.149999E+01|+1.350000E+01}}
}
{@BLOCK|r2635|00
{@A-RES|0|+7.495507E+03{@LIM3|+7.500000E+03|+8.250000E+03|+6.750000E+03}}
}
{@BLOCK|r3601|00
{@A-RES|0|+2.686854E+06{@LIM3|+2.700000E+06|+3.375000E+06|+2.025000E+06}}
}
{@BLOCK|r6104|00
{@A-RES|0|+4.201113E+01{@LIM3|+3.900000E+01|+4.790000E+01|+3.510000E+01}}
}
{@BLOCK|r6118|00
{@A-RES|0|+4.140409E+01{@LIM3|+3.900000E+01|+4.790000E+01|+3.510000E+01}}
}
{@BLOCK|r6401|00
{@A-RES|0|+8.477158E+02{@LIM3|+8.450000E+02|+9.295000E+02|+7.605000E+02}}
}
{@BLOCK|r6404|00
{@A-RES|0|+1.606487E+03{@LIM3|+1.600000E+03|+1.760000E+03|+1.440000E+03}}
}
{@BLOCK|r6405|00
{@A-RES|0|+7.172562E+02{@LIM3|+7.150000E+02|+7.865000E+02|+6.435000E+02}}
}
{@BLOCK|r7124|00
{@A-RES|0|+3.271644E+03{@LIM3|+3.300000E+03|+3.630000E+03|+2.970000E+03}}
}
{@BLOCK|r7127|00
{@A-RES|0|+3.315906E+03{@LIM3|+3.300000E+03|+3.630000E+03|+2.970000E+03}}
}
{@BLOCK|r7363|00
{@A-RES|0|+3.287035E+03{@LIM3|+3.300000E+03|+3.630000E+03|+2.970000E+03}}
}
{@BLOCK|r7364|00
{@A-RES|0|+3.291658E+03{@LIM3|+3.300000E+03|+3.630000E+03|+2.970000E+03}}
}
{@BLOCK|r7305|00
{@A-RES|0|+8.192838E+04{@LIM3|+8.200000E+04|+9.020000E+04|+7.380000E+04}}
}
{@BLOCK|pq4404|00
{@A-NFE|0|+9.753648E+01{@LIM2|+2.000000E+02|+2.000000E+01}}
}
{@BLOCK|pu4403%qfb|00
{@A-NFE|0|+4.625707E+01{@LIM2|+2.000000E+02|+2.000000E+01}}
}
{@BLOCK|q1701%qf1|00
{@A-NFE|0|+9.641586E+01{@LIM2|+2.000000E+02|+2.000000E+01}}
}
{@BLOCK|q1801|00
{@A-NFE|0|+8.583134E+01{@LIM2|+2.000000E+02|+2.000000E+01}}
}
{@BLOCK|q1803%qf1|00
{@A-NFE|0|+1.142749E+02{@LIM2|+2.000000E+02|+2.000000E+01}}
}
{@BLOCK|q1803%qf2|00
{@A-NFE|0|+9.870556E+01{@LIM2|+2.000000E+02|+2.000000E+01}}
}
{@BLOCK|q2403|00
{@A-NFE|0|+9.273811E+01{@LIM2|+2.000000E+02|+2.000000E+01}}
}
{@BLOCK|q2406|00
{@A-NFE|0|+7.550511E+01{@LIM2|+2.000000E+02|+2.000000E+01}}
}
{@BLOCK|q2408|00
{@A-NFE|0|+4.526658E+01{@LIM2|+2.000000E+02|+2.000000E+01}}
}
{@BLOCK|q2418|00
{@A-NFE|0|+9.213520E+01{@LIM2|+2.000000E+02|+2.000000E+01}}
}
{@BLOCK|q2501|00
{@A-NFE|0|+7.914709E+01{@LIM2|+2.000000E+02|+2.000000E+01}}
}
{@BLOCK|q3001|00
{@A-NFE|0|+8.712127E+01{@LIM2|+2.000000E+02|+2.000000E+01}}
}
{@BLOCK|q4002|00
{@A-NFE|0|+5.960812E+01{@LIM2|+2.000000E+02|+2.000000E+01}}
}
{@BLOCK|q5701%qf1|00
{@A-NFE|0|+1.057108E+02{@LIM2|+2.000000E+02|+2.000000E+01}}
}
{@BLOCK|q5701%qf2|00
{@A-NFE|0|+5.650574E+01{@LIM2|+2.000000E+02|+2.000000E+01}}
}
{@BLOCK|q6401%qf1|00
{@A-NFE|0|+4.884113E+01{@LIM2|+2.000000E+02|+2.000000E+01}}
}
{@BLOCK|q6401%qf2|00
{@A-NFE|0|+4.479401E+01{@LIM2|+2.000000E+02|+2.000000E+01}}
}
{@BLOCK|q6402%qf1|00
{@A-NFE|0|+1.130535E+02{@LIM2|+2.000000E+02|+2.000000E+01}}
}
{@BLOCK|q6501|00
{@A-NFE|0|+9.038307E+01{@LIM2|+2.000000E+02|+2.000000E+01}}
}
{@BLOCK|q6512|00
{@A-NFE|0|+9.352752E+01{@LIM2|+2.000000E+02|+2.000000E+01}}
}
{@BLOCK|q6513|00
{@A-NFE|0|+7.121947E+01{@LIM2|+2.000000E+02|+2.000000E+01}}
}
{@BLOCK|r2640|00
{@A-RES|0|+1.462971E+04{@LIM3|+1.400000E+04|+1.540000E+04|+1.260000E+04}}
}
{@BLOCK|r7119|00
{@A-RES|0|+4.744663E+03{@LIM3|+4.750000E+03|+5.225000E+03|+4.275000E+03}}
}
{@BLOCK|q2405%qf1|00
{@A-NFE|0|+8.836561E+01{@LIM2|+2.000000E+02|+2.000000E+01}}
}
{@BLOCK|q2405%qf2|00
{@A-NFE|0|+9.997496E+01{@LIM2|+2.000000E+02|+2.000000E+01}}
}
{@BLOCK|q2407%qf1|00
{@A-NFE|0|+9.573182E+01{@LIM2|+2.000000E+02|+2.000000E+01}}
}
{@BLOCK|q2407%qf2|00
{@A-NFE|0|+7.999997E+01{@LIM2|+2.000000E+02|+2.000000E+01}}
}
{@BLOCK|q2601|00
{@A-NFE|0|+1.022527E+02{@LIM2|+2.000000E+02|+2.000000E+01}}
}
{@BLOCK|q6515%qf1|00
{@A-NFE|0|+9.651342E+01{@LIM2|+2.000000E+02|+2.000000E+01}}
}
{@BLOCK|q6514%qf1|00
{@A-NFE|0|+1.030636E+02{@LIM2|+2.000000E+02|+2.000000E+01}}
}
{@BLOCK|q2402|00
{@A-PFE|0|+1.282824E+02{@LIM2|+2.000000E+02|+2.000000E+01}}
}
{@BLOCK|d4001|00
{@A-DIO|0|+4.699911E-01{@LIM2|+8.000000E-01|+4.000000E-01}}
}
{@BLOCK|d4002|00
{@A-DIO|0|+4.941853E-01{@LIM2|+8.000000E-01|+4.000000E-01}}
}
{@BLOCK|d5501|00
{@A-DIO|0|+4.067700E-01{@LIM2|+6.000000E-01|+2.000000E-01}}
}
{@BLOCK|d5502|00
{@A-DIO|0|+3.786004E-01{@LIM2|+6.000000E-01|+2.000000E-01}}
}
{@BLOCK|d5504|00
{@A-DIO|0|+4.722994E-01{@LIM2|+6.000000E-01|+2.000000E-01}}
}
{@BLOCK|d5507|00
{@A-DIO|0|+3.924073E-01{@LIM2|+6.000000E-01|+2.000000E-01}}
}
{@BLOCK|d7103|00
{@A-DIO|0|+3.730007E-01{@LIM2|+6.000000E-01|+2.000000E-01}}
}
{@BLOCK|d7104|00
{@A-DIO|0|+3.886030E-01{@LIM2|+6.000000E-01|+2.000000E-01}}
}
{@BLOCK|led2|00
{@A-DIO|0|+3.259059E+00{@LIM2|+3.500000E+00|+2.500000E+00}}
}
{@BLOCK|led3|00
{@A-DIO|0|+2.051424E+00{@LIM2|+2.500000E+00|+1.500000E+00}}
}
{@BLOCK|led4|00
{@A-DIO|0|+3.178527E+00{@LIM2|+3.800000E+00|+2.800000E+00}}
}
{@BLOCK|d2503%cra|00
{@A-DIO|0|+5.159002E-01{@LIM2|+8.000000E-01|+4.000000E-01}}
}
{@BLOCK|d2503%crb|00
{@A-DIO|0|+5.277836E-01{@LIM2|+8.000000E-01|+4.000000E-01}}
}
{@BLOCK|d4004%cra|00
{@A-DIO|0|+5.289257E-01{@LIM2|+8.000000E-01|+4.000000E-01}}
}
{@BLOCK|d4004%crb|00
{@A-DIO|0|+5.165220E-01{@LIM2|+8.000000E-01|+4.000000E-01}}
}
{@BLOCK|d4005%cra|00
{@A-DIO|0|+5.769414E-01{@LIM2|+8.000000E-01|+4.000000E-01}}
}
{@BLOCK|d4005%crb|00
{@A-DIO|0|+5.759155E-01{@LIM2|+8.000000E-01|+4.000000E-01}}
}
{@BLOCK|d5505%cra|00
{@A-DIO|0|+5.526617E-01{@LIM2|+8.000000E-01|+4.000000E-01}}
}
{@BLOCK|d5505%crb|00
{@A-DIO|0|+5.071801E-01{@LIM2|+8.000000E-01|+4.000000E-01}}
}
{@BLOCK|d5701%d1|00
{@A-DIO|0|+7.016312E-01{@LIM2|+8.000000E-01|+4.000000E-01}}
}
{@BLOCK|d5701%d2|00
{@A-DIO|0|+7.019731E-01{@LIM2|+8.000000E-01|+4.000000E-01}}
}
{@BLOCK|ed3501%cr1|00
{@A-DIO|0|+7.018449E-01{@LIM2|+9.000000E-01|+5.000000E-01}}
}
{@BLOCK|ed3501%cr6|00
{@A-DIO|0|+7.006480E-01{@LIM2|+9.000000E-01|+5.000000E-01}}
}
{@BLOCK|q2401|00
{@A-DIO|0|+7.359989E-01|B-E{@LIM2|+8.050000E-01|+6.020000E-01}}
{@A-DIO|0|+7.365546E-01|B-C{@LIM2|+8.040000E-01|+6.020000E-01}}
}
{@BLOCK|d2201|00
{@A-DIO|0|+4.941394E-01{@LIM2|+8.000000E-01|+4.000000E-01}}
}
{@BLOCK|ed5709|00
{@A-DIO|0|+6.945068E-01{@LIM2|+8.000000E-01|+4.000000E-01}}
}
{@BLOCK|ed5710|00
{@A-DIO|0|+7.389607E-01{@LIM2|+8.000000E-01|+4.000000E-01}}
}
{@BLOCK|ed5711|00
{@A-DIO|0|+7.194694E-01{@LIM2|+8.000000E-01|+4.000000E-01}}
}
{@BLOCK|ed6436|00
{@A-DIO|0|+5.765330E-01{@LIM2|+8.000000E-01|+4.000000E-01}}
}
{@BLOCK|q6515%qf2|00
{@A-NFE|0|+1.353793E+02{@LIM2|+2.000000E+02|+2.000000E+01}}
}
{@BLOCK|d4007|00
{@A-DIO|0|+4.795526E-01{@LIM2|+8.000000E-01|+4.000000E-01}}
}
{@BLOCK|ed7220%ds|00
{@A-DIO|0|+4.974366E-01{@LIM2|+8.000000E-01|+4.000000E-01}}
}
{@BLOCK|ed7230|00
{@A-DIO|0|+5.833721E-01{@LIM2|+9.000000E-01|+4.000000E-01}}
}
{@BLOCK|ed7231|00
{@A-DIO|0|+5.590934E-01{@LIM2|+9.000000E-01|+4.000000E-01}}
}
{@BLOCK|ed7520%ds|00
{@A-DIO|0|+6.435558E-01{@LIM2|+8.000000E-01|+4.000000E-01}}
}
{@BLOCK|ed7525|00
{@A-DIO|0|+5.895272E-01{@LIM2|+9.000000E-01|+4.000000E-01}}
}
{@BLOCK|power_nodes|00
{@A-MEA|0|+1.200630E+01|20V_VINT_IN{@LIM2|+1.400000E+01|+1.000000E+01}}
{@A-MEA|0|+1.201723E+01|BT+{@LIM2|+1.400000E+01|+1.000000E+01}}
{@A-MEA|0|+1.225885E+01|19V_DCBATOUT{@LIM2|+1.400000E+01|+1.000000E+01}}
{@A-MEA|0|+3.318560E+00|3D3V_AUX_S5{@LIM2|+4.000000E+00|+2.500000E+00}}
{@A-MEA|0|+5.093166E+00|5V_S5{@LIM2|+6.000000E+00|+4.500000E+00}}
{@A-MEA|0|+1.819596E+00|1D8V_S5{@LIM2|+2.500000E+00|+1.200000E+00}}
{@A-MEA|0|+1.117200E+00|PWR_VDD2{@LIM2|+1.500000E+00|+5.000000E-01}}
{@A-MEA|0|+3.316850E+00|3D3V_SPI{@LIM2|+4.000000E+00|+2.500000E+00}}
{@A-MEA|0|+3.319415E+00|3D3V_S0{@LIM2|+4.000000E+00|+2.500000E+00}}
}
{@D-T|0|384||0|u1701
}
{@D-T|0|384||0|u2404
}
{@D-T|0|384||0|u7103
}
{@BLOCK|pu4401|00
{@A-MEA|0|+1.194624E+01|pino1{@LIM2|+1.400000E+01|+1.000000E+01}}
{@A-MEA|0|+1.195033E+01|pino3{@LIM2|+1.400000E+01|+1.000000E+01}}
{@A-MEA|0|+4.509439E+00|pino4{@LIM2|+6.000000E+00|+4.000000E+00}}
}
{@BLOCK|pu4501|00
{@A-MEA|0|+3.757039E+00|pino2{@LIM2|+4.500000E+00|+2.500000E+00}}
{@A-MEA|0|+1.226295E+01|pino15{@LIM2|+1.400000E+01|+1.000000E+01}}
{@A-MEA|0|+3.319757E+00|pino22{@LIM2|+4.500000E+00|+2.500000E+00}}
{@A-MEA|0|+3.320612E+00|pino23{@LIM2|+4.500000E+00|+2.500000E+00}}
}
{@BLOCK|pu4502|00
{@A-MEA|0|+5.314636E+00|pino2{@LIM2|+6.000000E+00|+4.000000E+00}}
{@A-MEA|0|+1.226158E+01|pino15{@LIM2|+1.400000E+01|+1.000000E+01}}
{@A-MEA|0|+5.094363E+00|pino22{@LIM2|+6.000000E+00|+4.000000E+00}}
{@A-MEA|0|+5.093679E+00|pino23{@LIM2|+6.000000E+00|+4.000000E+00}}
}
{@BLOCK|pu4701|00
{@A-MEA|0|+1.225885E+01|pino1{@LIM2|+1.400000E+01|+1.000000E+01}}
{@A-MEA|0|+3.314286E+00|pino20{@LIM2|+4.000000E+00|+1.000000E+00}}
}
{@BLOCK|pu4702|00
{@A-MEA|0|+1.226022E+01|pino1{@LIM2|+1.400000E+01|+1.000000E+01}}
{@A-MEA|0|+3.314628E+00|pino20{@LIM2|+4.000000E+00|+1.000000E+00}}
}
{@BLOCK|pu4703|00
{@A-MEA|0|+1.226022E+01|pino1{@LIM2|+1.400000E+01|+1.000000E+01}}
{@A-MEA|0|+3.314457E+00|pino20{@LIM2|+4.000000E+00|+1.000000E+00}}
}
{@BLOCK|pu4801|00
{@A-MEA|0|+1.226158E+01|pino1{@LIM2|+1.400000E+01|+1.000000E+01}}
{@A-MEA|0|+3.314799E+00|pino20{@LIM2|+4.000000E+00|+1.000000E+00}}
}
{@BLOCK|pu4802|00
{@A-MEA|0|+1.226022E+01|pino1{@LIM2|+1.400000E+01|+1.000000E+01}}
{@A-MEA|0|+3.314457E+00|pino20{@LIM2|+4.000000E+00|+1.000000E+00}}
}
{@BLOCK|pu5001|00
{@A-MEA|0|+1.225749E+01|pino2{@LIM2|+1.400000E+01|+1.000000E+01}}
{@A-MEA|0|+1.801970E+00|pino12{@LIM2|+2.500000E+00|+1.000000E+00}}
{@A-MEA|0|+1.797874E+00|pino16{@LIM2|+2.500000E+00|+1.000000E+00}}
{@A-MEA|0|+3.312576E+00|pino18{@LIM2|+4.000000E+00|+1.500000E+00}}
}
{@BLOCK|pu5101|00
{@A-MEA|0|+1.226022E+01|pino5{@LIM2|+1.400000E+01|+1.000000E+01}}
{@A-MEA|0|+4.386504E+00|pino7{@LIM2|+6.000000E+00|+2.000000E+00}}
{@A-MEA|0|+5.389647E+00|pino10{@LIM2|+6.000000E+00|+4.000000E+00}}
}
{@BLOCK|pu5151|00
{@A-MEA|0|+3.318560E+00|pino3{@LIM2|+4.000000E+00|+2.500000E+00}}
{@A-MEA|0|+1.117186E+00|pino6{@LIM2|+2.500000E+00|+5.000000E-01}}
}
{@BLOCK|pu5301|00
{@A-MEA|0|+1.820109E+00|pino6{@LIM2|+2.500000E+00|+1.000000E+00}}
}
{@BLOCK|u3601|00
{@A-MEA|0|+5.092312E+00|pino1{@LIM2|+5.500000E+00|+4.100000E+00}}
}
{@BLOCK|u4001|00
{@A-MEA|0|+1.039922E+00|pino1{@LIM2|+1.200000E+00|+9.000000E-01}}
{@A-MEA|0|+5.093850E+00|pino3{@LIM2|+5.500000E+00|+4.500000E+00}}
{@A-MEA|0|+1.039708E+00|pino6{@LIM2|+1.200000E+00|+9.000000E-01}}
}
{@BLOCK|u4003|00
{@A-MEA|0|+3.318047E+00|pino1{@LIM2|+4.000000E+00|+2.500000E+00}}
{@A-MEA|0|+5.093166E+00|pino4{@LIM2|+6.000000E+00|+4.000000E+00}}
{@A-MEA|0|+3.319244E+00|pino6{@LIM2|+4.000000E+00|+2.500000E+00}}
{@A-MEA|0|+3.314457E+00|pino14{@LIM2|+4.000000E+00|+2.500000E+00}}
}
{@BLOCK|u4004|00
{@A-MEA|0|+1.819596E+00|pino1{@LIM2|+2.000000E+00|+1.500000E+00}}
{@A-MEA|0|+5.092483E+00|pino3{@LIM2|+5.500000E+00|+4.500000E+00}}
{@A-MEA|0|+1.819425E+00|pino6{@LIM2|+2.000000E+00|+1.500000E+00}}
}
{@BLOCK|u4007|00
{@A-MEA|0|+5.093337E+00|pino1{@LIM2|+5.500000E+00|+4.500000E+00}}
{@A-MEA|0|+5.092653E+00|pino4{@LIM2|+5.500000E+00|+4.500000E+00}}
{@A-MEA|0|+5.091457E+00|pino13{@LIM2|+5.500000E+00|+4.500000E+00}}
}
{@BLOCK|u5501|00
{@A-MEA|0|+3.316166E+00|pino1{@LIM2|+4.000000E+00|+2.500000E+00}}
{@A-MEA|0|+3.315653E+00|pino5{@LIM2|+4.000000E+00|+2.500000E+00}}
}
{@BLOCK|u5702|00
{@A-MEA|0|+1.214667E+00|pino1{@LIM2|+1.500000E+00|+1.000000E+00}}
{@A-MEA|0|+1.819938E+00|pino4{@LIM2|+2.300000E+00|+1.300000E+00}}
}
{@BLOCK|u7102|00
{@A-MEA|0|+3.315482E+00|pino1{@LIM2|+4.000000E+00|+2.500000E+00}}
{@A-MEA|0|+5.092824E+00|pino4{@LIM2|+6.000000E+00|+4.000000E+00}}
{@A-MEA|0|+3.313944E+00|pino7{@LIM2|+4.000000E+00|+2.500000E+00}}
}
{@BLOCK|u7303|00
{@A-MEA|0|+3.319757E+00|vin{@LIM2|+3.800000E+00|+2.800000E+00}}
}
}}