{@BATCH|tb14_tb16_gen6_irl||3359|1||btest|050506073706~16|ICT0265\engineer|ICT0265|C:/Agilent_ICT/boards/tb14_tb16_gen6_irl_G8|RevA|5b21d46744tb14i7||5b21d46744tb14i7
{@BTEST|6583000570|00|050506082555|000020|0|all||n||050506082615||1
{@BLOCK|pc5107|00
{@A-CAP|0|+8.057130E-05{@LIM3|+8.000000E-05|+1.040000E-04|+5.598896E-05}}
}
{@BLOCK|c6106|00
{@A-CAP|0|+5.197688E-05{@LIM3|+5.530000E-05|+8.295000E-05|+2.765000E-05}}
}
{@BLOCK|c2205|00
{@A-CAP|0|+2.123361E-06{@LIM3|+2.100000E-06|+3.150000E-06|+1.050000E-06}}
}
{@BLOCK|c2212|00
{@A-CAP|0|+1.035072E-04{@LIM3|+1.001000E-04|+1.551550E-04|+5.003619E-05}}
}
{@BLOCK|c2401|00
{@A-CAP|0|+5.915692E-06{@LIM3|+4.900000E-06|+6.370000E-06|+3.430000E-06}}
}
{@BLOCK|c2217|00
{@A-CAP|0|+4.216835E-06{@LIM3|+4.300000E-06|+5.590000E-06|+3.010000E-06}}
}
{@BLOCK|c2415|00
{@A-CAP|0|+1.152435E-07{@LIM3|+1.000000E-07|+1.300000E-07|+7.000000E-08}}
}
{@BLOCK|c6311|00
{@A-CAP|0|+8.730273E-05{@LIM3|+8.911000E-05|+1.336650E-04|+4.454270E-05}}
}
{@BLOCK|c2622|00
{@A-CAP|0|+1.045420E-07{@LIM3|+1.001000E-07|+1.201200E-07|+8.008000E-08}}
}
{@BLOCK|c2702|00
{@A-CAP|0|+6.010883E-06{@LIM3|+5.700000E-06|+7.410000E-06|+3.990000E-06}}
}
{@BLOCK|c2708|00
{@A-CAP|0|+2.021104E-05{@LIM3|+2.050000E-05|+3.075000E-05|+1.025000E-05}}
}
{@BLOCK|c2733|00
{@A-CAP|0|+1.126713E-07{@LIM3|+1.000000E-07|+1.300000E-07|+7.000000E-08}}
}
{@BLOCK|tc3501|00
{@A-CAP|0|+9.650853E-05{@LIM3|+1.001000E-04|+1.301300E-04|+7.000704E-05}}
}
{@BLOCK|pc4556|00
{@A-CAP|0|+1.660083E-04{@LIM3|+1.342000E-04|+1.744600E-04|+9.392148E-05}}
}
{@BLOCK|pc5106|00
{@A-CAP|0|+1.103422E-07{@LIM3|+1.000000E-07|+1.200000E-07|+8.000000E-08}}
}
{@BLOCK|c5502|00
{@A-CAP|0|+5.630285E-06{@LIM3|+4.800000E-06|+6.240000E-06|+3.360000E-06}}
}
{@BLOCK|pc4509|00
{@A-CAP|0|+1.525741E-04{@LIM3|+1.342000E-04|+1.744600E-04|+9.392148E-05}}
}
{@BLOCK|c5708|00
{@A-CAP|0|+7.282477E-06{@LIM3|+6.440000E-06|+8.372000E-06|+4.508000E-06}}
}
{@BLOCK|c7111|00
{@A-CAP|0|+1.086177E-04{@LIM3|+1.072000E-04|+1.393600E-04|+7.500827E-05}}
}
{@BLOCK|c7124|00
{@A-CAP|0|+9.964682E-08{@LIM3|+1.000000E-07|+1.300000E-07|+7.000000E-08}}
}
{@BLOCK|c7206|00
{@A-CAP|0|+9.818183E-08{@LIM3|+1.000000E-07|+1.200000E-07|+8.000000E-08}}
}
{@BLOCK|c4213|00
{@A-CAP|0|+1.811098E-06{@LIM3|+2.040000E-06|+3.060000E-06|+1.020000E-06}}
}
{@BLOCK|c7506|00
{@A-CAP|0|+9.668531E-08{@LIM3|+1.000000E-07|+1.200000E-07|+8.000000E-08}}
}
{@BLOCK|c4201|00
{@A-CAP|0|+1.745528E-06{@LIM3|+2.040000E-06|+3.060000E-06|+1.020000E-06}}
}
{@BLOCK|pt5001|00
{@A-CAP|0|+8.602763E-04{@LIM3|+8.360000E-04|+1.086800E-03|+5.834653E-04}}
}
{@BLOCK|c1202|00
{@A-CAP|0|+3.675509E-04{@LIM3|+3.041000E-04|+3.953300E-04|+2.128280E-04}}
}
{@BLOCK|pc4406|00
{@A-CAP|0|+4.146205E-05{@LIM3|+4.067500E-05|+5.287750E-05|+2.847250E-05}}
}
{@BLOCK|pc4450|00
{@A-CAP|0|+1.119650E-05{@LIM3|+1.130000E-05|+1.469000E-05|+7.910000E-06}}
}
{@BLOCK|pt4701|00
{@A-CAP|0|+1.360965E-03{@LIM3|+1.320000E-03|+1.716000E-03|+9.212610E-04}}
}
{@BLOCK|pt4801|00
{@A-CAP|0|+1.222169E-03{@LIM3|+1.210000E-03|+1.573000E-03|+8.444892E-04}}
}
{@BLOCK|pc4416|00
{@A-CAP|0|+1.168834E-07{@LIM3|+1.000000E-07|+1.200000E-07|+8.000000E-08}}
}
{@BLOCK|pc4420|00
{@A-CAP|0|+3.066316E-06{@LIM3|+3.200000E-06|+4.800000E-06|+1.600000E-06}}
}
{@BLOCK|pc4506|00
{@A-CAP|0|+1.044040E-07{@LIM3|+1.000000E-07|+1.200000E-07|+7.000000E-08}}
}
{@BLOCK|pc4508|00
{@A-CAP|0|+1.077782E-07{@LIM3|+1.000000E-07|+1.200000E-07|+7.000000E-08}}
}
{@BLOCK|pc4564|00
{@A-CAP|0|+1.011052E-07{@LIM3|+1.000000E-07|+1.200000E-07|+7.000000E-08}}
}
{@BLOCK|pc5108|00
{@A-CAP|0|+1.034855E-07{@LIM3|+1.000000E-07|+1.200000E-07|+7.000000E-08}}
}
{@BLOCK|c7121|00
{@A-CAP|0|+1.377700E-05{@LIM3|+1.220000E-05|+1.830000E-05|+6.100000E-06}}
}
{@BLOCK|c7301|00
{@A-CAP|0|+1.104185E-05{@LIM3|+1.000000E-05|+1.300000E-05|+7.000000E-06}}
}
{@BLOCK|c7302|00
{@A-CAP|0|+1.425766E-05{@LIM3|+1.200000E-05|+1.560000E-05|+8.400000E-06}}
}
{@BLOCK|c7303|00
{@A-CAP|0|+1.147177E-05{@LIM3|+1.000000E-05|+1.300000E-05|+7.000000E-06}}
}
{@BLOCK|pc4507|00
{@A-CAP|0|+9.841116E-06{@LIM3|+1.000000E-05|+1.300000E-05|+7.000000E-06}}
}
{@BLOCK|pc4563|00
{@A-CAP|0|+1.096430E-05{@LIM3|+1.000000E-05|+1.300000E-05|+7.000000E-06}}
}
{@BLOCK|c1803|00
{@A-CAP|0|+1.047657E-06{@LIM3|+1.000000E-06|+1.300000E-06|+7.000000E-07}}
}
{@BLOCK|c1804|00
{@A-CAP|0|+1.075630E-06{@LIM3|+1.000000E-06|+1.300000E-06|+7.000000E-07}}
}
{@BLOCK|c2403|00
{@A-CAP|0|+1.120518E-06{@LIM3|+1.000000E-06|+1.300000E-06|+7.000000E-07}}
}
{@BLOCK|c5728|00
{@A-CAP|0|+1.038719E-06{@LIM3|+1.000000E-06|+1.300000E-06|+7.000000E-07}}
}
{@BLOCK|pc4611|00
{@A-CAP|0|+1.011301E-06{@LIM3|+1.000000E-06|+1.300000E-06|+7.000000E-07}}
}
{@BLOCK|pc5116|00
{@A-CAP|0|+1.064534E-06{@LIM3|+1.000000E-06|+1.300000E-06|+7.000000E-07}}
}
{@BLOCK|c7127|00
{@A-CAP|0|+1.128109E-04{@LIM3|+9.080000E-05|+1.452800E-04|+3.630747E-05}}
}
{@BLOCK|c2717|00
{@A-CAP|0|+2.210262E-06{@LIM3|+2.200000E-06|+2.860000E-06|+1.540000E-06}}
}
{@BLOCK|c2204|00
{@A-CAP|0|+5.028895E-06{@LIM3|+4.700000E-06|+6.110000E-06|+3.290000E-06}}
}
{@BLOCK|pc4522|00
{@A-CAP|0|+5.720968E-06{@LIM3|+4.700000E-06|+6.110000E-06|+3.290000E-06}}
}
{@BLOCK|pc5113|00
{@A-CAP|0|+5.748328E-06{@LIM3|+4.700000E-06|+6.110000E-06|+3.290000E-06}}
}
{@BLOCK|c2210|00
{@A-CAP|0|+1.801031E-06{@LIM3|+3.200000E-06|+4.800000E-06|+1.600000E-06}}
}
{@BLOCK|c2713|00
{@A-CAP|0|+2.333852E-06{@LIM3|+2.200000E-06|+2.860000E-06|+1.540000E-06}}
}
{@BLOCK|c2716|00
{@A-CAP|0|+2.100198E-06{@LIM3|+2.200000E-06|+2.860000E-06|+1.540000E-06}}
}
{@BLOCK|c2718|00
{@A-CAP|0|+2.462783E-06{@LIM3|+2.200000E-06|+2.860000E-06|+1.540000E-06}}
}
{@BLOCK|c2719|00
{@A-CAP|0|+2.738192E-06{@LIM3|+2.800000E-06|+4.200000E-06|+1.400000E-06}}
}
{@BLOCK|c3001|00
{@A-CAP|0|+2.451218E-06{@LIM3|+2.200000E-06|+2.860000E-06|+1.540000E-06}}
}
{@BLOCK|c7109|00
{@A-CAP|0|+2.611445E-06{@LIM3|+2.200000E-06|+2.860000E-06|+1.540000E-06}}
}
{@BLOCK|c7110|00
{@A-CAP|0|+2.617300E-06{@LIM3|+2.200000E-06|+2.860000E-06|+1.540000E-06}}
}
{@BLOCK|pc4689|00
{@A-CAP|0|+2.523168E-06{@LIM3|+2.800000E-06|+4.200000E-06|+1.400000E-06}}
}
{@BLOCK|c6401|00
{@A-CAP|0|+9.167378E-10{@LIM3|+1.000000E-09|+1.177000E-09|+8.000000E-10}}
}
{@BLOCK|c7140|00
{@A-CAP|0|+1.357835E-09{@LIM3|+1.200000E-09|+1.620000E-09|+7.800000E-10}}
}
{@BLOCK|ec2901|00
{@A-CAP|0|+1.186821E-09{@LIM3|+1.000000E-09|+1.300000E-09|+8.000000E-10}}
}
{@BLOCK|ec2902|00
{@A-CAP|0|+1.149458E-09{@LIM3|+1.000000E-09|+1.250000E-09|+8.000000E-10}}
}
{@BLOCK|ec2903|00
{@A-CAP|0|+1.067242E-09{@LIM3|+1.000000E-09|+1.250000E-09|+8.000000E-10}}
}
{@BLOCK|ec2904|00
{@A-CAP|0|+1.160867E-09{@LIM3|+1.000000E-09|+1.250000E-09|+8.000000E-10}}
}
{@BLOCK|ec4308|00
{@A-CAP|0|+1.141481E-09{@LIM3|+1.000000E-09|+1.250000E-09|+8.000000E-10}}
}
{@BLOCK|pc5013|00
{@A-CAP|0|+2.166444E-07{@LIM3|+2.200000E-07|+2.640000E-07|+1.760000E-07}}
}
{@BLOCK|pc4709|00
{@A-CAP|0|+9.295085E-07{@LIM3|+1.000000E-06|+1.200000E-06|+8.000000E-07}}
}
{@BLOCK|pc4613|00
{@A-CAP|0|+9.806909E-09{@LIM3|+1.000000E-08|+1.200000E-08|+8.000000E-09}}
}
{@BLOCK|c7310|00
{@A-CAP|0|+3.439572E-10{@LIM3|+2.900000E-10|+3.915000E-10|+1.885000E-10}}
}
{@BLOCK|pc4413|00
{@A-CAP|0|+4.679729E-08{@LIM3|+4.700000E-08|+5.640000E-08|+3.760000E-08}}
}
{@BLOCK|pc4414|00
{@A-CAP|0|+5.084929E-08{@LIM3|+4.700000E-08|+5.640000E-08|+3.760000E-08}}
}
{@BLOCK|pc4608|00
{@A-CAP|0|+4.306839E-10{@LIM3|+3.900000E-10|+4.755001E-10|+3.120000E-10}}
}
{@BLOCK|er2707|00
{@A-RES|0|+3.728566E+01{@LIM3|+3.300000E+01|+4.455000E+01|+2.970000E+01}}
}
{@BLOCK|r4302|00
{@A-RES|0|+3.742576E+01{@LIM3|+3.300000E+01|+4.129999E+01|+2.970000E+01}}
}
{@BLOCK|r4303|00
{@A-RES|0|+3.583336E+01{@LIM3|+3.300000E+01|+4.129999E+01|+2.970000E+01}}
}
{@BLOCK|r4304|00
{@A-RES|0|+3.706124E+01{@LIM3|+3.300000E+01|+4.129999E+01|+2.970000E+01}}
}
{@BLOCK|r5510|00
{@A-RES|0|+3.560530E+01{@LIM3|+3.300000E+01|+4.129999E+01|+2.970000E+01}}
}
{@BLOCK|r5552|00
{@A-RES|0|+3.893355E+01{@LIM3|+3.300000E+01|+4.455000E+01|+2.145000E+01}}
}
{@BLOCK|c2613|00
{@A-CAP|0|+2.283065E-09{@LIM3|+2.300000E-09|+2.760000E-09|+1.840000E-09}}
}
{@BLOCK|c2620|00
{@A-CAP|0|+2.309127E-09{@LIM3|+2.300000E-09|+2.760000E-09|+1.840000E-09}}
}
{@BLOCK|r1885|00
{@A-RES|0|+3.513458E+01{@LIM3|+3.300000E+01|+4.455000E+01|+2.970000E+01}}
}
{@BLOCK|r1886|00
{@A-RES|0|+3.510567E+01{@LIM3|+3.300000E+01|+4.455000E+01|+2.145000E+01}}
}
{@BLOCK|r5611|00
{@A-RES|0|+3.751522E+01{@LIM3|+3.300000E+01|+4.455000E+01|+2.145000E+01}}
}
{@BLOCK|r5612|00
{@A-RES|0|+3.824385E+01{@LIM3|+3.300000E+01|+4.455000E+01|+2.145000E+01}}
}
{@BLOCK|r5613|00
{@A-RES|0|+3.717550E+01{@LIM3|+3.300000E+01|+4.129999E+01|+2.970000E+01}}
}
{@BLOCK|r5614|00
{@A-RES|0|+3.697514E+01{@LIM3|+3.300000E+01|+4.455000E+01|+2.970000E+01}}
}
{@BLOCK|r5553|00
{@A-RES|0|+3.604637E+01{@LIM3|+3.300000E+01|+4.129999E+01|+2.970000E+01}}
}
{@BLOCK|pr4432|00
{@A-RES|0|+1.019447E+05{@LIM3|+1.000000E+05|+1.150000E+05|+8.500000E+04}}
}
{@BLOCK|pr5004|00
{@A-RES|0|+1.007629E+05{@LIM3|+1.000000E+05|+1.150000E+05|+8.500000E+04}}
}
{@BLOCK|pr5103|00
{@A-RES|0|+9.970746E+04{@LIM3|+1.000000E+05|+1.150000E+05|+8.500000E+04}}
}
{@BLOCK|r1207|00
{@A-RES|0|+1.003381E+05{@LIM3|+1.000000E+05|+1.150000E+05|+8.500000E+04}}
}
{@BLOCK|r1704|00
{@A-RES|0|+9.961195E+04{@LIM3|+1.000000E+05|+1.150000E+05|+8.500000E+04}}
}
{@BLOCK|r1706|00
{@A-RES|0|+9.927384E+04{@LIM3|+1.000000E+05|+1.150000E+05|+8.500000E+04}}
}
{@BLOCK|r1711|00
{@A-RES|0|+9.937563E+04{@LIM3|+1.000000E+05|+1.150000E+05|+8.500000E+04}}
}
{@BLOCK|r1714|00
{@A-RES|0|+1.003381E+05{@LIM3|+1.000000E+05|+1.150000E+05|+8.500000E+04}}
}
{@BLOCK|r1718|00
{@A-RES|0|+9.871888E+04{@LIM3|+1.000000E+05|+1.150000E+05|+8.500000E+04}}
}
{@BLOCK|r1719|00
{@A-RES|0|+9.906369E+04{@LIM3|+1.000000E+05|+1.150000E+05|+8.500000E+04}}
}
{@BLOCK|r1720|00
{@A-RES|0|+8.898563E+04{@LIM3|+5.990900E+04|+9.285895E+04|+2.695905E+04}}
}
{@BLOCK|r1787|00
{@A-RES|0|+9.088676E+04{@LIM3|+6.090900E+04|+1.004999E+05|+2.740905E+04}}
}
{@BLOCK|r1793|00
{@A-RES|0|+9.926331E+04{@LIM3|+1.000000E+05|+1.150000E+05|+8.500000E+04}}
}
{@BLOCK|r1806|00
{@A-RES|0|+9.873971E+04{@LIM3|+1.000000E+05|+1.150000E+05|+8.500000E+04}}
}
{@BLOCK|r1887|00
{@A-RES|0|+9.920019E+04{@LIM3|+1.000000E+05|+1.150000E+05|+8.500000E+04}}
}
{@BLOCK|r2254|00
{@A-RES|0|+9.707045E+04{@LIM3|+1.000000E+05|+1.150000E+05|+8.500000E+04}}
}
{@BLOCK|r2402|00
{@A-RES|0|+9.930544E+04{@LIM3|+1.000000E+05|+1.150000E+05|+8.500000E+04}}
}
{@BLOCK|r2409|00
{@A-RES|0|+9.856293E+04{@LIM3|+1.000000E+05|+1.150000E+05|+8.500000E+04}}
}
{@BLOCK|r2412|00
{@A-RES|0|+9.920019E+04{@LIM3|+1.000000E+05|+1.150000E+05|+8.500000E+04}}
}
{@BLOCK|r2417|00
{@A-RES|0|+9.936912E+04{@LIM3|+1.000000E+05|+1.150000E+05|+8.500000E+04}}
}
{@BLOCK|r2424|00
{@A-RES|0|+9.870846E+04{@LIM3|+1.000000E+05|+1.150000E+05|+8.500000E+04}}
}
{@BLOCK|r2448|00
{@A-RES|0|+9.994169E+04{@LIM3|+1.000000E+05|+1.150000E+05|+8.500000E+04}}
}
{@BLOCK|r2471|00
{@A-RES|0|+1.030368E+05{@LIM3|+1.000000E+05|+1.150000E+05|+8.500000E+04}}
}
{@BLOCK|r2481|00
{@A-RES|0|+9.952721E+04{@LIM3|+1.000000E+05|+1.150000E+05|+8.500000E+04}}
}
{@BLOCK|r2646|00
{@A-RES|0|+1.127399E+05{@LIM3|+1.000000E+05|+1.500000E+05|+5.000000E+04}}
}
{@BLOCK|r2709|00
{@A-RES|0|+1.000592E+05{@LIM3|+1.000000E+05|+1.150000E+05|+8.500000E+04}}
}
{@BLOCK|r2718|00
{@A-RES|0|+9.915461E+04{@LIM3|+1.000000E+05|+1.150000E+05|+8.500000E+04}}
}
{@BLOCK|r3010|00
{@A-RES|0|+9.817008E+04{@LIM3|+1.000000E+05|+1.150000E+05|+8.500000E+04}}
}
{@BLOCK|r4021|00
{@A-RES|0|+9.614830E+04{@LIM3|+1.000000E+05|+1.250000E+05|+7.500000E+04}}
}
{@BLOCK|r4022|00
{@A-RES|0|+9.142220E+04{@LIM3|+1.000000E+05|+1.150000E+05|+8.500000E+04}}
}
{@BLOCK|r5512|00
{@A-RES|0|+1.006944E+05{@LIM3|+1.000000E+05|+1.150000E+05|+8.500000E+04}}
}
{@BLOCK|r5515|00
{@A-RES|0|+9.931052E+04{@LIM3|+1.000000E+05|+1.150000E+05|+7.500000E+04}}
}
{@BLOCK|r5517|00
{@A-RES|0|+1.002034E+05{@LIM3|+1.000000E+05|+1.150000E+05|+8.500000E+04}}
}
{@BLOCK|r6501|00
{@A-RES|0|+1.003166E+05{@LIM3|+1.000000E+05|+1.150000E+05|+8.500000E+04}}
}
{@BLOCK|r6502|00
{@A-RES|0|+1.012718E+05{@LIM3|+1.000000E+05|+1.150000E+05|+8.500000E+04}}
}
{@BLOCK|r6516|00
{@A-RES|0|+1.001127E+05{@LIM3|+1.000000E+05|+1.150000E+05|+8.500000E+04}}
}
{@BLOCK|r6518|00
{@A-RES|0|+9.857332E+04{@LIM3|+1.000000E+05|+1.150000E+05|+8.500000E+04}}
}
{@BLOCK|r6521|00
{@A-RES|0|+9.894848E+04{@LIM3|+1.000000E+05|+1.150000E+05|+8.500000E+04}}
}
{@BLOCK|r6577|00
{@A-RES|0|+9.966499E+04{@LIM3|+1.000000E+05|+1.150000E+05|+8.500000E+04}}
}
{@BLOCK|r6581|00
{@A-RES|0|+9.997372E+04{@LIM3|+8.500000E+04|+1.062500E+05|+7.225000E+04}}
}
{@BLOCK|r6610|00
{@A-RES|0|+9.941092E+04{@LIM3|+1.000000E+05|+1.150000E+05|+8.500000E+04}}
}
{@BLOCK|r7123|00
{@A-RES|0|+9.965437E+04{@LIM3|+1.000000E+05|+1.150000E+05|+8.500000E+04}}
}
{@BLOCK|r7330|00
{@A-RES|0|+9.912664E+04{@LIM3|+1.000000E+05|+1.150000E+05|+8.500000E+04}}
}
{@BLOCK|rn2201%r1|00
{@A-RES|0|+9.807046E+04{@LIM3|+1.000000E+05|+1.150000E+05|+7.500000E+04}}
}
{@BLOCK|rn2201%r2|00
{@A-RES|0|+9.817209E+04{@LIM3|+1.000000E+05|+1.150000E+05|+7.500000E+04}}
}
{@BLOCK|rn4001%r1|00
{@A-RES|0|+9.991274E+04{@LIM3|+1.000000E+05|+1.150000E+05|+8.500000E+04}}
}
{@BLOCK|rn4001%r2|00
{@A-RES|0|+9.985351E+04{@LIM3|+1.000000E+05|+1.150000E+05|+7.500000E+04}}
}
{@BLOCK|rn6401%r1|00
{@A-RES|0|+1.001770E+05{@LIM3|+1.000000E+05|+1.150000E+05|+8.500000E+04}}
}
{@BLOCK|rn6401%r2|00
{@A-RES|0|+9.946040E+04{@LIM3|+1.000000E+05|+1.150000E+05|+8.500000E+04}}
}
{@BLOCK|rn6402%r1|00
{@A-RES|0|+9.981379E+04{@LIM3|+1.000000E+05|+1.150000E+05|+8.500000E+04}}
}
{@BLOCK|rn6402%r2|00
{@A-RES|0|+9.993102E+04{@LIM3|+1.000000E+05|+1.150000E+05|+7.500000E+04}}
}
{@BLOCK|pr4434|00
{@A-RES|0|+9.992749E+03{@LIM3|+1.000000E+04|+1.100000E+04|+9.000000E+03}}
}
{@BLOCK|pr4643|00
{@A-RES|0|+9.976244E+03{@LIM3|+1.000000E+04|+1.100000E+04|+9.000000E+03}}
}
{@BLOCK|pr4648|00
{@A-RES|0|+1.002002E+04{@LIM3|+1.000000E+04|+1.100000E+04|+9.000000E+03}}
}
{@BLOCK|r411|00
{@A-RES|0|+9.981562E+03{@LIM3|+1.000000E+04|+1.100000E+04|+9.000000E+03}}
}
{@BLOCK|r1201|00
{@A-RES|0|+9.991682E+03{@LIM3|+1.000000E+04|+1.100000E+04|+9.000000E+03}}
}
{@BLOCK|r1602|00
{@A-RES|0|+9.976244E+03{@LIM3|+1.000000E+04|+1.100000E+04|+9.000000E+03}}
}
{@BLOCK|r1603|00
{@A-RES|0|+1.000450E+04{@LIM3|+1.000000E+04|+1.100000E+04|+9.000000E+03}}
}
{@BLOCK|r1609|00
{@A-RES|0|+9.993282E+03{@LIM3|+1.000000E+04|+1.100000E+04|+9.000000E+03}}
}
{@BLOCK|r1610|00
{@A-RES|0|+9.977307E+03{@LIM3|+1.000000E+04|+1.100000E+04|+9.000000E+03}}
}
{@BLOCK|r1705|00
{@A-RES|0|+9.977307E+03{@LIM3|+1.000000E+04|+1.100000E+04|+9.000000E+03}}
}
{@BLOCK|r1707|00
{@A-RES|0|+1.001091E+04{@LIM3|+1.000000E+04|+1.100000E+04|+9.000000E+03}}
}
{@BLOCK|r1708|00
{@A-RES|0|+1.006357E+04{@LIM3|+1.000000E+04|+1.100000E+04|+9.000000E+03}}
}
{@BLOCK|r6113|00
{@A-RES|0|+3.649022E+01{@LIM3|+3.300000E+01|+4.620000E+01|+2.145000E+01}}
}
{@BLOCK|r2529|00
{@A-RES|0|+9.870862E+04{@LIM3|+1.000000E+05|+1.150000E+05|+8.500000E+04}}
}
{@BLOCK|r2530|00
{@A-RES|0|+1.008889E+05{@LIM3|+1.000000E+05|+1.150000E+05|+8.500000E+04}}
}
{@BLOCK|r4012|00
{@A-RES|0|+9.686818E+04{@LIM3|+1.000000E+05|+1.250000E+05|+7.500000E+04}}
}
{@BLOCK|pr4501|00
{@A-RES|0|+1.016082E+01{@LIM3|+1.000000E+01|+1.250000E+01|+7.500000E+00}}
}
{@BLOCK|pr5109|00
{@A-RES|0|+1.050789E+01{@LIM3|+1.000000E+01|+1.350000E+01|+6.500000E+00}}
}
{@BLOCK|r2708|00
{@A-RES|0|+1.112096E+01{@LIM3|+1.000000E+01|+1.350000E+01|+6.500000E+00}}
}
{@BLOCK|r1774|00
{@A-RES|0|+9.935742E+03{@LIM3|+1.000000E+04|+1.100000E+04|+9.000000E+03}}
}
{@BLOCK|r1840|00
{@A-RES|0|+9.976412E+03{@LIM3|+1.000000E+04|+1.100000E+04|+9.000000E+03}}
}
{@BLOCK|r1842|00
{@A-RES|0|+1.010778E+04{@LIM3|+1.000000E+04|+1.100000E+04|+9.000000E+03}}
}
{@BLOCK|r1844|00
{@A-RES|0|+1.000092E+04{@LIM3|+1.000000E+04|+1.100000E+04|+9.000000E+03}}
}
{@BLOCK|r1845|00
{@A-RES|0|+9.970039E+03{@LIM3|+1.000000E+04|+1.100000E+04|+9.000000E+03}}
}
{@BLOCK|r1846|00
{@A-RES|0|+9.943574E+03{@LIM3|+1.000000E+04|+1.100000E+04|+9.000000E+03}}
}
{@BLOCK|r2032|00
{@A-RES|0|+1.001214E+04{@LIM3|+1.000000E+04|+1.100000E+04|+9.000000E+03}}
}
{@BLOCK|r2034|00
{@A-RES|0|+9.999314E+03{@LIM3|+1.000000E+04|+1.100000E+04|+9.000000E+03}}
}
{@BLOCK|r2041|00
{@A-RES|0|+9.958907E+03{@LIM3|+1.000000E+04|+1.100000E+04|+9.000000E+03}}
}
{@BLOCK|r1713|00
{@A-RES|0|+9.986886E+03{@LIM3|+1.000000E+04|+1.100000E+04|+9.000000E+03}}
}
{@BLOCK|r1717|00
{@A-RES|0|+1.001466E+04{@LIM3|+1.000000E+04|+1.100000E+04|+9.000000E+03}}
}
{@BLOCK|r1974|00
{@A-RES|0|+1.040941E+04{@LIM3|+1.000000E+04|+1.100000E+04|+9.000000E+03}}
}
{@BLOCK|r2012|00
{@A-RES|0|+9.971462E+03{@LIM3|+1.000000E+04|+1.100000E+04|+9.000000E+03}}
}
{@BLOCK|r2013|00
{@A-RES|0|+1.004529E+04{@LIM3|+1.000000E+04|+1.100000E+04|+9.000000E+03}}
}
{@BLOCK|r2407|00
{@A-RES|0|+9.987419E+03{@LIM3|+1.000000E+04|+1.100000E+04|+9.000000E+03}}
}
{@BLOCK|r2413|00
{@A-RES|0|+1.001788E+04{@LIM3|+1.000000E+04|+1.100000E+04|+9.000000E+03}}
}
{@BLOCK|r2416|00
{@A-RES|0|+9.977307E+03{@LIM3|+1.000000E+04|+1.100000E+04|+9.000000E+03}}
}
{@BLOCK|r2418|00
{@A-RES|0|+9.999687E+03{@LIM3|+1.000000E+04|+1.100000E+04|+9.000000E+03}}
}
{@BLOCK|r2427|00
{@A-RES|0|+9.976363E+03{@LIM3|+1.000000E+04|+1.100000E+04|+9.000000E+03}}
}
{@BLOCK|r2447|00
{@A-RES|0|+9.978777E+04{@LIM3|+1.000000E+05|+1.100000E+05|+9.000000E+04}}
}
{@BLOCK|r2449|00
{@A-RES|0|+1.001038E+04{@LIM3|+1.000000E+04|+1.100000E+04|+9.000000E+03}}
}
{@BLOCK|r2458|00
{@A-RES|0|+9.997034E+03{@LIM3|+1.000000E+04|+1.100000E+04|+9.000000E+03}}
}
{@BLOCK|r2459|00
{@A-RES|0|+9.974649E+03{@LIM3|+1.000000E+04|+1.100000E+04|+9.000000E+03}}
}
{@BLOCK|r2466|00
{@A-RES|0|+9.953440E+03{@LIM3|+1.000000E+04|+1.100000E+04|+9.000000E+03}}
}
{@BLOCK|r2470|00
{@A-RES|0|+1.004206E+04{@LIM3|+1.000000E+04|+1.100000E+04|+9.000000E+03}}
}
{@BLOCK|r2484|00
{@A-RES|0|+9.693824E+03{@LIM3|+1.000000E+04|+1.100000E+04|+9.000000E+03}}
}
{@BLOCK|r2488|00
{@A-RES|0|+1.000344E+04{@LIM3|+1.000000E+04|+1.100000E+04|+9.000000E+03}}
}
{@BLOCK|r2715|00
{@A-RES|0|+9.983159E+03{@LIM3|+1.000000E+04|+1.100000E+04|+9.000000E+03}}
}
{@BLOCK|r4027|00
{@A-RES|0|+1.026671E+04{@LIM3|+1.000000E+04|+1.100000E+04|+9.000000E+03}}
}
{@BLOCK|r5526|00
{@A-RES|0|+9.863446E+03{@LIM3|+1.000000E+04|+1.100000E+04|+9.000000E+03}}
}
{@BLOCK|r5610|00
{@A-RES|0|+9.978902E+03{@LIM3|+1.000000E+04|+1.100000E+04|+9.000000E+03}}
}
{@BLOCK|r5702|00
{@A-RES|0|+9.375417E+03{@LIM3|+1.000000E+04|+1.150000E+04|+8.500000E+03}}
}
{@BLOCK|r6503|00
{@A-RES|0|+9.959793E+03{@LIM3|+1.000000E+04|+1.100000E+04|+9.000000E+03}}
}
{@BLOCK|r6531|00
{@A-RES|0|+1.002163E+04{@LIM3|+1.000000E+04|+1.100000E+04|+9.000000E+03}}
}
{@BLOCK|r7103|00
{@A-RES|0|+9.975181E+03{@LIM3|+1.000000E+04|+1.100000E+04|+9.000000E+03}}
}
{@BLOCK|r7104|00
{@A-RES|0|+1.000343E+04{@LIM3|+1.000000E+04|+1.100000E+04|+9.000000E+03}}
}
{@BLOCK|r7114|00
{@A-RES|0|+1.001466E+04{@LIM3|+1.000000E+04|+1.100000E+04|+9.000000E+03}}
}
{@BLOCK|r7115|00
{@A-RES|0|+1.001734E+04{@LIM3|+1.000000E+04|+1.100000E+04|+9.000000E+03}}
}
{@BLOCK|r7116|00
{@A-RES|0|+1.002056E+04{@LIM3|+1.000000E+04|+1.100000E+04|+9.000000E+03}}
}
{@BLOCK|r7117|00
{@A-RES|0|+1.014104E+04{@LIM3|+1.000000E+04|+1.100000E+04|+9.000000E+03}}
}
{@BLOCK|r7133|00
{@A-RES|0|+9.957145E+03{@LIM3|+1.000000E+04|+1.100000E+04|+9.000000E+03}}
}
{@BLOCK|r2504|00
{@A-RES|0|+1.003037E+04{@LIM3|+1.000000E+04|+1.100000E+04|+9.000000E+03}}
}
{@BLOCK|r2604|00
{@A-RES|0|+1.002339E+04{@LIM3|+1.000000E+04|+1.100000E+04|+9.000000E+03}}
}
{@BLOCK|r3001|00
{@A-RES|0|+1.009416E+04{@LIM3|+1.000000E+04|+1.100000E+04|+9.000000E+03}}
}
{@BLOCK|r6508|00
{@A-RES|0|+9.963145E+03{@LIM3|+1.000000E+04|+1.100000E+04|+9.000000E+03}}
}
{@BLOCK|r7106|00
{@A-RES|0|+9.967917E+03{@LIM3|+1.000000E+04|+1.100000E+04|+9.000000E+03}}
}
{@BLOCK|rn2604%r1|00
{@A-RES|0|+1.000840E+04{@LIM3|+1.000000E+04|+1.100000E+04|+9.000000E+03}}
}
{@BLOCK|rn2604%r2|00
{@A-RES|0|+9.984389E+03{@LIM3|+1.000000E+04|+1.100000E+04|+9.000000E+03}}
}
{@BLOCK|rn5702%r1|00
{@A-RES|0|+1.003790E+04{@LIM3|+1.000000E+04|+1.100000E+04|+9.000000E+03}}
}
{@BLOCK|r7134|00
{@A-RES|0|+1.002109E+04{@LIM3|+1.000000E+04|+1.100000E+04|+9.000000E+03}}
}
{@BLOCK|r7189|00
{@A-RES|0|+9.961383E+03{@LIM3|+1.000000E+04|+1.100000E+04|+9.000000E+03}}
}
{@BLOCK|r7229|00
{@A-RES|0|+1.003398E+04{@LIM3|+1.000000E+04|+1.100000E+04|+9.000000E+03}}
}
{@BLOCK|r7307|00
{@A-RES|0|+9.987419E+03{@LIM3|+1.000000E+04|+1.100000E+04|+9.000000E+03}}
}
{@BLOCK|r7319|00
{@A-RES|0|+1.003936E+04{@LIM3|+1.000000E+04|+1.100000E+04|+9.000000E+03}}
}
{@BLOCK|r7523|00
{@A-RES|0|+9.952910E+03{@LIM3|+1.000000E+04|+1.100000E+04|+9.000000E+03}}
}
{@BLOCK|r7529|00
{@A-RES|0|+1.000075E+04{@LIM3|+1.000000E+04|+1.100000E+04|+9.000000E+03}}
}
{@BLOCK|r2408|00
{@A-RES|0|+1.740632E+05{@LIM3|+1.740000E+05|+2.001000E+05|+1.479000E+05}}
}
{@BLOCK|pr4430|00
{@A-RES|0|+1.347811E+05{@LIM3|+1.370000E+05|+1.575500E+05|+1.164500E+05}}
}
{@BLOCK|pr4433|00
{@A-RES|0|+2.941716E+05{@LIM3|+3.000000E+05|+3.450000E+05|+2.550000E+05}}
}
{@BLOCK|pr4436|00
{@A-RES|0|+9.322149E+03{@LIM3|+9.310000E+03|+1.024100E+04|+8.379000E+03}}
}
{@BLOCK|pr4437|00
{@A-RES|0|+1.415178E+04{@LIM3|+1.430000E+04|+1.573000E+04|+1.287000E+04}}
}
{@BLOCK|r1715|00
{@A-RES|0|+1.001083E+06{@LIM3|+1.000000E+06|+1.250000E+06|+7.500000E+05}}
}
{@BLOCK|pr4518|00
{@A-RES|0|+9.932782E+02{@LIM3|+1.000000E+03|+1.100000E+03|+9.000000E+02}}
}
{@BLOCK|pr4553|00
{@A-RES|0|+1.001083E+03{@LIM3|+1.000000E+03|+1.100000E+03|+9.000000E+02}}
}
{@BLOCK|pr4602|00
{@A-RES|0|+9.996409E+02{@LIM3|+1.000000E+03|+1.100000E+03|+9.000000E+02}}
}
{@BLOCK|rn5702%r2|00
{@A-RES|0|+9.984389E+03{@LIM3|+1.000000E+04|+1.100000E+04|+9.000000E+03}}
}
{@BLOCK|r312|00
{@A-RES|0|+1.007859E+03{@LIM3|+1.000000E+03|+1.100000E+03|+9.000000E+02}}
}
{@BLOCK|r316|00
{@A-RES|0|+1.013023E+03{@LIM3|+1.000000E+03|+1.100000E+03|+9.000000E+02}}
}
{@BLOCK|r317|00
{@A-RES|0|+9.918349E+02{@LIM3|+1.000000E+03|+1.100000E+03|+9.000000E+02}}
}
{@BLOCK|r602|00
{@A-RES|0|+1.006545E+03{@LIM3|+1.000000E+03|+1.500000E+03|+5.000000E+02}}
}
{@BLOCK|r603|00
{@A-RES|0|+9.912576E+02{@LIM3|+8.920000E+02|+1.248800E+03|+5.352000E+02}}
}
{@BLOCK|r604|00
{@A-RES|0|+9.818527E+02{@LIM3|+1.000000E+03|+1.500000E+03|+5.000000E+02}}
}
{@BLOCK|r606|00
{@A-RES|0|+9.780078E+02{@LIM3|+1.000000E+03|+1.500000E+03|+5.000000E+02}}
}
{@BLOCK|pr4603|00
{@A-RES|0|+1.001940E+03{@LIM3|+1.000000E+03|+1.100000E+03|+9.000000E+02}}
}
{@BLOCK|pr4691|00
{@A-RES|0|+1.001244E+03{@LIM3|+1.000000E+03|+1.100000E+03|+9.000000E+02}}
}
{@BLOCK|r605|00
{@A-RES|0|+9.796226E+02{@LIM3|+8.860000E+02|+1.240400E+03|+5.316000E+02}}
}
{@BLOCK|r1514|00
{@A-RES|0|+1.015351E+03{@LIM3|+1.000000E+03|+1.100000E+03|+9.000000E+02}}
}
{@BLOCK|r1709|00
{@A-RES|0|+1.020439E+03{@LIM3|+1.000000E+03|+1.100000E+03|+9.000000E+02}}
}
{@BLOCK|r1712|00
{@A-RES|0|+1.012115E+03{@LIM3|+1.000000E+03|+1.100000E+03|+9.000000E+02}}
}
{@BLOCK|r2430|00
{@A-RES|0|+1.004734E+03{@LIM3|+1.000000E+03|+1.100000E+03|+9.000000E+02}}
}
{@BLOCK|r2431|00
{@A-RES|0|+1.004471E+03{@LIM3|+1.000000E+03|+1.100000E+03|+9.000000E+02}}
}
{@BLOCK|r2460|00
{@A-RES|0|+1.001725E+03{@LIM3|+1.000000E+03|+1.100000E+03|+9.000000E+02}}
}
{@BLOCK|r2461|00
{@A-RES|0|+1.002422E+03{@LIM3|+1.000000E+03|+1.100000E+03|+9.000000E+02}}
}
{@BLOCK|r2526|00
{@A-RES|0|+1.009334E+03{@LIM3|+1.000000E+03|+1.100000E+03|+9.000000E+02}}
}
{@BLOCK|r2527|00
{@A-RES|0|+1.043143E+03{@LIM3|+1.000000E+03|+1.100000E+03|+9.000000E+02}}
}
{@BLOCK|r2749|00
{@A-RES|0|+1.011350E+03{@LIM3|+1.000000E+03|+1.100000E+03|+9.000000E+02}}
}
{@BLOCK|r2750|00
{@A-RES|0|+1.013484E+03{@LIM3|+1.000000E+03|+1.100000E+03|+9.000000E+02}}
}
{@BLOCK|r5516|00
{@A-RES|0|+1.000497E+03{@LIM3|+1.000000E+03|+1.100000E+03|+9.000000E+02}}
}
{@BLOCK|rn1801%r1|00
{@A-RES|0|+1.004895E+03{@LIM3|+1.000000E+03|+1.100000E+03|+9.000000E+02}}
}
{@BLOCK|r1702|00
{@A-RES|0|+1.002129E+03{@LIM3|+1.000000E+03|+1.100000E+03|+9.000000E+02}}
}
{@BLOCK|r2436|00
{@A-RES|0|+9.972210E+02{@LIM3|+1.000000E+03|+1.100000E+03|+9.000000E+02}}
}
{@BLOCK|r2465|00
{@A-RES|0|+1.003472E+03{@LIM3|+1.000000E+03|+1.100000E+03|+9.000000E+02}}
}
{@BLOCK|r5794|00
{@A-RES|0|+1.014450E+03{@LIM3|+1.000000E+03|+1.100000E+03|+9.000000E+02}}
}
{@BLOCK|rn2003%r1|00
{@A-RES|0|+1.006491E+03{@LIM3|+1.000000E+03|+1.100000E+03|+9.000000E+02}}
}
{@BLOCK|rn2003%r2|00
{@A-RES|0|+1.001754E+03{@LIM3|+1.000000E+03|+1.100000E+03|+9.000000E+02}}
}
{@BLOCK|pr4690|00
{@A-RES|0|+5.261281E+01{@LIM3|+5.000000E+01|+6.750000E+01|+4.500000E+01}}
}
{@BLOCK|r303|00
{@A-RES|0|+1.023940E+02{@LIM3|+1.000000E+02|+1.150000E+02|+9.000000E+01}}
}
{@BLOCK|rn1801%r2|00
{@A-RES|0|+9.980966E+02{@LIM3|+1.000000E+03|+1.100000E+03|+9.000000E+02}}
}
{@BLOCK|rn1802%r1|00
{@A-RES|0|+1.038712E+03{@LIM3|+1.000000E+03|+1.100000E+03|+9.000000E+02}}
}
{@BLOCK|rn1802%r2|00
{@A-RES|0|+9.926424E+02{@LIM3|+1.000000E+03|+1.100000E+03|+9.000000E+02}}
}
{@BLOCK|pr4619|00
{@A-RES|0|+1.027518E+02{@LIM3|+1.000000E+02|+1.150000E+02|+9.000000E+01}}
}
{@BLOCK|pr4684|00
{@A-RES|0|+1.040890E+02{@LIM3|+1.000000E+02|+1.150000E+02|+9.000000E+01}}
}
{@BLOCK|pr5037|00
{@A-JUM|0|+5.090207E+00{@LIM2|+1.500000E+01|+0.000000E+00}}
}
{@BLOCK|pr5038|00
{@A-JUM|0|+4.846731E+00{@LIM2|+1.500000E+01|+0.000000E+00}}
}
{@BLOCK|r501|00
{@A-RES|0|+1.029826E+02{@LIM3|+1.000000E+02|+1.150000E+02|+9.000000E+01}}
}
{@BLOCK|r1605|00
{@A-RES|0|+1.033470E+02{@LIM3|+1.000000E+02|+1.150000E+02|+9.000000E+01}}
}
{@BLOCK|r4202|00
{@A-RES|0|+1.054372E+02{@LIM3|+1.000000E+02|+1.150000E+02|+9.000000E+01}}
}
{@BLOCK|r4252|00
{@A-RES|0|+1.042715E+02{@LIM3|+1.000000E+02|+1.150000E+02|+9.000000E+01}}
}
{@BLOCK|r4253|00
{@A-RES|0|+1.040575E+02{@LIM3|+1.000000E+02|+1.150000E+02|+9.000000E+01}}
}
{@BLOCK|r6814|00
{@A-RES|0|+1.055915E+02{@LIM3|+1.000000E+02|+1.150000E+02|+9.000000E+01}}
}
{@BLOCK|r6815|00
{@A-RES|0|+1.055974E+02{@LIM3|+1.000000E+02|+1.150000E+02|+9.000000E+01}}
}
{@BLOCK|r6816|00
{@A-RES|0|+1.053485E+02{@LIM3|+1.000000E+02|+1.150000E+02|+9.000000E+01}}
}
{@BLOCK|r6817|00
{@A-RES|0|+1.048482E+02{@LIM3|+1.000000E+02|+1.150000E+02|+9.000000E+01}}
}
{@BLOCK|r704|00
{@A-RES|0|+1.024941E+02{@LIM3|+8.700000E+01|+1.435500E+02|+4.176000E+01}}
}
{@BLOCK|r705|00
{@A-JUM|0|+4.265089E+00{@LIM2|+1.500000E+01|+0.000000E+00}}
}
{@BLOCK|r801|00
{@A-JUM|0|+4.552527E+00{@LIM2|+1.500000E+01|+0.000000E+00}}
}
{@BLOCK|r802|00
{@A-JUM|0|+5.025217E+00{@LIM2|+1.500000E+01|+0.000000E+00}}
}
{@BLOCK|r6513|00
{@A-RES|0|+1.035442E+02{@LIM3|+1.000000E+02|+1.150000E+02|+9.000000E+01}}
}
{@BLOCK|r6519|00
{@A-RES|0|+1.026643E+02{@LIM3|+1.000000E+02|+1.150000E+02|+9.000000E+01}}
}
{@BLOCK|r6522|00
{@A-RES|0|+1.025892E+02{@LIM3|+1.000000E+02|+1.150000E+02|+9.000000E+01}}
}
{@BLOCK|r7120|00
{@A-RES|0|+1.025164E+02{@LIM3|+1.000000E+02|+1.150000E+02|+9.000000E+01}}
}
{@BLOCK|pr4632|00
{@A-RES|0|+2.199323E+04{@LIM3|+2.200000E+04|+2.420000E+04|+1.980000E+04}}
}
{@BLOCK|r3002|00
{@A-RES|0|+2.193122E+04{@LIM3|+2.200000E+04|+2.420000E+04|+1.980000E+04}}
}
{@BLOCK|pr4633|00
{@A-RES|0|+4.999098E+03{@LIM3|+4.990000E+03|+5.489000E+03|+4.491000E+03}}
}
{@BLOCK|r5701|00
{@A-RES|0|+5.014360E+03{@LIM3|+4.990000E+03|+5.489000E+03|+4.491000E+03}}
}
{@BLOCK|pr4634|00
{@A-RES|0|+1.531000E+02{@LIM3|+1.500000E+02|+1.700000E+02|+1.350000E+02}}
}
{@BLOCK|r401|00
{@A-RES|0|+1.519577E+02{@LIM3|+1.500000E+02|+1.700000E+02|+1.350000E+02}}
}
{@BLOCK|r405|00
{@A-RES|0|+1.522837E+02{@LIM3|+1.500000E+02|+1.700000E+02|+1.350000E+02}}
}
{@BLOCK|r2101|00
{@A-RES|0|+1.519084E+02{@LIM3|+1.500000E+02|+1.700000E+02|+1.350000E+02}}
}
{@BLOCK|r2102|00
{@A-RES|0|+1.525615E+02{@LIM3|+1.500000E+02|+1.700000E+02|+1.350000E+02}}
}
{@BLOCK|pr4635|00
{@A-RES|0|+5.286919E+04{@LIM3|+5.230000E+04|+5.753000E+04|+4.707000E+04}}
}
{@BLOCK|pr4636|00
{@A-RES|0|+8.785406E+03{@LIM3|+8.660000E+03|+9.526000E+03|+7.794000E+03}}
}
{@BLOCK|pr4644|00
{@A-RES|0|+4.797035E+04{@LIM3|+4.990000E+04|+5.489000E+04|+4.491000E+04}}
}
{@BLOCK|pr4646|00
{@A-RES|0|+1.989806E+06{@LIM3|+2.000000E+06|+2.500000E+06|+1.500000E+06}}
}
{@BLOCK|r7504|00
{@A-RES|0|+1.927575E+06{@LIM3|+2.000000E+06|+2.500000E+06|+1.500000E+06}}
}
{@BLOCK|r7505|00
{@A-RES|0|+1.917910E+06{@LIM3|+2.000000E+06|+2.500000E+06|+1.500000E+06}}
}
{@BLOCK|pr4647|00
{@A-RES|0|+1.328092E+05{@LIM3|+1.330000E+05|+1.529500E+05|+1.130500E+05}}
}
{@BLOCK|r6818|00
{@A-RES|0|+1.056331E+02{@LIM3|+1.000000E+02|+1.150000E+02|+9.000000E+01}}
}
{@BLOCK|r1607|00
{@A-RES|0|+1.534266E+02{@LIM3|+1.500000E+02|+1.700000E+02|+1.350000E+02}}
}
{@BLOCK|pr4688|00
{@A-RES|0|+4.797804E+01{@LIM3|+4.530000E+01|+6.115500E+01|+4.077000E+01}}
}
{@BLOCK|r305|00
{@A-RES|0|+5.367183E+01{@LIM3|+5.100000E+01|+6.109999E+01|+4.590000E+01}}
}
{@BLOCK|r306|00
{@A-RES|0|+5.368308E+01{@LIM3|+5.100000E+01|+6.109999E+01|+4.590000E+01}}
}
{@BLOCK|r311|00
{@A-RES|0|+5.239742E+01{@LIM3|+4.990000E+01|+5.988998E+01|+4.491000E+01}}
}
{@BLOCK|r2534|00
{@A-RES|0|+5.250489E+01{@LIM3|+4.990000E+01|+5.988998E+01|+4.491000E+01}}
}
{@BLOCK|r2535|00
{@A-RES|0|+5.250961E+01{@LIM3|+4.990000E+01|+5.988998E+01|+4.491000E+01}}
}
{@BLOCK|r304|00
{@A-RES|0|+5.461478E+01{@LIM3|+5.100000E+01|+6.109999E+01|+4.590000E+01}}
}
{@BLOCK|r310|00
{@A-RES|0|+4.983409E+02{@LIM3|+4.990000E+02|+5.489000E+02|+4.491000E+02}}
}
{@BLOCK|r1876|00
{@A-RES|0|+5.048396E+02{@LIM3|+4.990000E+02|+5.489000E+02|+4.491000E+02}}
}
{@BLOCK|r1877|00
{@A-RES|0|+5.037808E+02{@LIM3|+4.990000E+02|+5.489000E+02|+4.491000E+02}}
}
{@BLOCK|r313|00
{@A-RES|0|+5.263918E+01{@LIM3|+4.990000E+01|+5.988998E+01|+4.491000E+01}}
}
{@BLOCK|r314|00
{@A-RES|0|+5.221677E+01{@LIM3|+4.990000E+01|+5.988998E+01|+4.491000E+01}}
}
{@BLOCK|r601|00
{@A-RES|0|+5.279293E+01{@LIM3|+4.990000E+01|+5.988998E+01|+4.491000E+01}}
}
{@BLOCK|r404|00
{@A-RES|0|+2.199469E+03{@LIM3|+2.200000E+03|+2.420000E+03|+1.980000E+03}}
}
{@BLOCK|r1601|00
{@A-RES|0|+2.203589E+03{@LIM3|+2.200000E+03|+2.420000E+03|+1.980000E+03}}
}
{@BLOCK|r1608|00
{@A-RES|0|+2.204004E+03{@LIM3|+2.200000E+03|+2.420000E+03|+1.980000E+03}}
}
{@BLOCK|r2802|00
{@A-RES|0|+2.183960E+03{@LIM3|+2.200000E+03|+2.530000E+03|+1.870000E+03}}
}
{@BLOCK|r2803|00
{@A-RES|0|+2.147972E+03{@LIM3|+2.200000E+03|+2.420000E+03|+1.980000E+03}}
}
{@BLOCK|r7125|00
{@A-RES|0|+2.203278E+03{@LIM3|+2.200000E+03|+2.420000E+03|+1.980000E+03}}
}
{@BLOCK|rn1806%r1|00
{@A-RES|0|+2.224526E+03{@LIM3|+2.200000E+03|+2.420000E+03|+1.980000E+03}}
}
{@BLOCK|rn1806%r2|00
{@A-RES|0|+2.207358E+03{@LIM3|+2.200000E+03|+2.420000E+03|+1.980000E+03}}
}
{@BLOCK|rn2001%r1|00
{@A-RES|0|+2.206912E+03{@LIM3|+2.200000E+03|+2.420000E+03|+1.980000E+03}}
}
{@BLOCK|r6505|00
{@A-RES|0|+2.192523E+03{@LIM3|+2.200000E+03|+2.420000E+03|+1.980000E+03}}
}
{@BLOCK|r6506|00
{@A-RES|0|+2.183432E+03{@LIM3|+2.200000E+03|+2.420000E+03|+1.980000E+03}}
}
{@BLOCK|r7126|00
{@A-RES|0|+2.264915E+03{@LIM3|+2.200000E+03|+2.420000E+03|+1.980000E+03}}
}
{@BLOCK|rn5701%r1|00
{@A-RES|0|+2.196477E+03{@LIM3|+2.200000E+03|+2.420000E+03|+1.980000E+03}}
}
{@BLOCK|rn5701%r2|00
{@A-RES|0|+2.200090E+03{@LIM3|+2.200000E+03|+2.420000E+03|+1.980000E+03}}
}
{@BLOCK|r506|00
{@A-RES|0|+4.722887E+02{@LIM3|+4.700000E+02|+5.170000E+02|+4.230000E+02}}
}
{@BLOCK|r2422|00
{@A-RES|0|+4.712434E+02{@LIM3|+4.700000E+02|+5.170000E+02|+4.230000E+02}}
}
{@BLOCK|r1301|00
{@A-RES|0|+2.312812E+04{@LIM3|+2.320000E+04|+2.552000E+04|+2.088000E+04}}
}
{@BLOCK|r1504|00
{@A-RES|0|+1.993575E+04{@LIM3|+2.000000E+04|+2.200000E+04|+1.800000E+04}}
}
{@BLOCK|r1802|00
{@A-RES|0|+1.984157E+04{@LIM3|+2.000000E+04|+2.200000E+04|+1.800000E+04}}
}
{@BLOCK|r1804|00
{@A-RES|0|+1.982078E+04{@LIM3|+2.000000E+04|+2.200000E+04|+1.800000E+04}}
}
{@BLOCK|r3602|00
{@A-RES|0|+1.999708E+04{@LIM3|+2.000000E+04|+2.200000E+04|+1.800000E+04}}
}
{@BLOCK|r1505|00
{@A-RES|0|+4.676029E+04{@LIM3|+4.700000E+04|+5.170000E+04|+4.230000E+04}}
}
{@BLOCK|r6801|00
{@A-RES|0|+4.689618E+04{@LIM3|+4.700000E+04|+5.170000E+04|+4.230000E+04}}
}
{@BLOCK|r6802|00
{@A-RES|0|+4.680238E+04{@LIM3|+4.700000E+04|+5.170000E+04|+4.230000E+04}}
}
{@BLOCK|r1522|00
{@A-RES|0|+4.676015E+03{@LIM3|+4.700000E+03|+5.170000E+03|+4.230000E+03}}
}
{@BLOCK|rn2002%r1|00
{@A-RES|0|+2.204523E+03{@LIM3|+2.200000E+03|+2.420000E+03|+1.980000E+03}}
}
{@BLOCK|rn2002%r2|00
{@A-RES|0|+2.191522E+03{@LIM3|+2.200000E+03|+2.420000E+03|+1.980000E+03}}
}
{@BLOCK|r701|00
{@A-RES|0|+5.833787E+01{@LIM3|+5.600000E+01|+7.560000E+01|+5.040000E+01}}
}
{@BLOCK|r2437|00
{@A-RES|0|+2.002626E+04{@LIM3|+2.000000E+04|+2.200000E+04|+1.800000E+04}}
}
{@BLOCK|rn2601%r1|00
{@A-RES|0|+4.743330E+03{@LIM3|+4.700000E+03|+5.170000E+03|+4.230000E+03}}
}
{@BLOCK|rn2601%r2|00
{@A-RES|0|+4.717503E+03{@LIM3|+4.700000E+03|+5.170000E+03|+4.230000E+03}}
}
{@BLOCK|rn2602%r1|00
{@A-RES|0|+4.744772E+03{@LIM3|+4.700000E+03|+5.170000E+03|+4.230000E+03}}
}
{@BLOCK|rn2602%r2|00
{@A-RES|0|+4.759240E+03{@LIM3|+4.700000E+03|+5.170000E+03|+4.230000E+03}}
}
{@BLOCK|r2455|00
{@A-RES|0|+4.698166E+03{@LIM3|+4.700000E+03|+5.170000E+03|+4.230000E+03}}
}
{@BLOCK|r2456|00
{@A-RES|0|+4.961808E+03{@LIM3|+4.700000E+03|+6.110000E+03|+4.230000E+03}}
}
{@BLOCK|r2478|00
{@A-RES|0|+4.699722E+03{@LIM3|+4.700000E+03|+5.170000E+03|+4.230000E+03}}
}
{@BLOCK|r2479|00
{@A-RES|0|+4.728442E+03{@LIM3|+4.700000E+03|+5.170000E+03|+4.230000E+03}}
}
{@BLOCK|r2528|00
{@A-RES|0|+4.688191E+03{@LIM3|+4.700000E+03|+5.170000E+03|+4.230000E+03}}
}
{@BLOCK|r5704|00
{@A-RES|0|+4.708941E+03{@LIM3|+4.700000E+03|+5.170000E+03|+4.230000E+03}}
}
{@BLOCK|r1604|00
{@A-RES|0|+1.150809E+02{@LIM3|+1.130000E+02|+1.293000E+02|+1.017000E+02}}
}
{@BLOCK|r6101|00
{@A-RES|0|+1.990504E+05{@LIM3|+2.000000E+05|+2.300000E+05|+1.700000E+05}}
}
{@BLOCK|r7302|00
{@A-RES|0|+1.999572E+05{@LIM3|+2.000000E+05|+2.300000E+05|+1.700000E+05}}
}
{@BLOCK|r1805|00
{@A-RES|0|+6.343630E+01{@LIM3|+6.040000E+01|+7.143997E+01|+5.436000E+01}}
}
{@BLOCK|r1822|00
{@A-RES|0|+7.494181E+04{@LIM3|+7.500000E+04|+8.250000E+04|+6.750000E+04}}
}
{@BLOCK|r6107|00
{@A-RES|0|+7.529754E+04{@LIM3|+7.500000E+04|+8.250000E+04|+6.750000E+04}}
}
{@BLOCK|r1901|00
{@A-RES|0|+2.040184E+02{@LIM3|+2.000000E+02|+2.250000E+02|+1.800000E+02}}
}
{@BLOCK|r2001|00
{@A-RES|0|+2.026065E+02{@LIM3|+2.000000E+02|+2.250000E+02|+1.800000E+02}}
}
{@BLOCK|r1963|00
{@A-RES|0|+3.092135E+01{@LIM3|+2.700000E+01|+3.470000E+01|+2.430000E+01}}
}
{@BLOCK|r1965|00
{@A-RES|0|+3.173144E+01{@LIM3|+2.700000E+01|+3.470000E+01|+2.430000E+01}}
}
{@BLOCK|r1701|00
{@A-RES|0|+6.540639E+01{@LIM3|+6.200000E+01|+7.319999E+01|+5.580000E+01}}
}
{@BLOCK|r1803|00
{@A-RES|0|+1.982643E+05{@LIM3|+2.000000E+05|+2.300000E+05|+1.700000E+05}}
}
{@BLOCK|r2710|00
{@A-RES|0|+1.996585E+05{@LIM3|+2.000000E+05|+2.300000E+05|+1.700000E+05}}
}
{@BLOCK|r2467|00
{@A-RES|0|+7.499831E+04{@LIM3|+7.500000E+04|+8.250000E+04|+6.750000E+04}}
}
{@BLOCK|r1964|00
{@A-RES|0|+3.215364E+01{@LIM3|+3.200000E+01|+4.320000E+01|+2.880000E+01}}
}
{@BLOCK|r2420|00
{@A-RES|0|+2.707126E+01{@LIM3|+2.700000E+01|+3.583637E+01|+2.430000E+01}}
}
{@BLOCK|r2421|00
{@A-RES|0|+2.698754E+01{@LIM3|+2.700000E+01|+3.583637E+01|+2.430000E+01}}
}
{@BLOCK|r2462|00
{@A-RES|0|+2.693076E+01{@LIM3|+2.700000E+01|+3.583637E+01|+2.430000E+01}}
}
{@BLOCK|r2463|00
{@A-RES|0|+2.746040E+01{@LIM3|+2.700000E+01|+3.583637E+01|+2.430000E+01}}
}
{@BLOCK|r2489|00
{@A-RES|0|+2.710183E+01{@LIM3|+2.700000E+01|+3.583637E+01|+2.430000E+01}}
}
{@BLOCK|r2450|00
{@A-RES|0|+4.640941E+01{@LIM3|+4.300000E+01|+5.805000E+01|+3.870000E+01}}
}
{@BLOCK|r2509|00
{@A-RES|0|+1.744055E+01{@LIM3|+1.500000E+01|+2.149999E+01|+1.350000E+01}}
}
{@BLOCK|r2531|00
{@A-RES|0|+2.502631E+01{@LIM3|+2.200000E+01|+3.153333E+01|+1.980000E+01}}
}
{@BLOCK|r2532|00
{@A-RES|0|+1.784249E+01{@LIM3|+1.500000E+01|+2.149999E+01|+1.350000E+01}}
}
{@BLOCK|r2533|00
{@A-RES|0|+1.743537E+01{@LIM3|+1.500000E+01|+2.149999E+01|+1.350000E+01}}
}
{@BLOCK|r2635|00
{@A-RES|0|+7.503014E+03{@LIM3|+7.500000E+03|+8.250000E+03|+6.750000E+03}}
}
{@BLOCK|r2401|00
{@A-RES|0|+1.998014E+04{@LIM3|+2.000000E+04|+2.300000E+04|+1.700000E+04}}
}
{@BLOCK|r2434|00
{@A-RES|0|+3.295788E+05{@LIM3|+3.300000E+05|+3.795000E+05|+2.475000E+05}}
}
{@BLOCK|r2705|00
{@A-RES|0|+4.511029E+01{@LIM3|+4.300000E+01|+5.230000E+01|+3.870000E+01}}
}
{@BLOCK|r2706|00
{@A-RES|0|+4.568699E+01{@LIM3|+4.300000E+01|+5.230000E+01|+3.870000E+01}}
}
{@BLOCK|r2612|00
{@A-RES|0|+1.602438E+04{@LIM3|+1.600000E+04|+1.760000E+04|+1.440000E+04}}
}
{@BLOCK|r3601|00
{@A-RES|0|+2.731576E+06{@LIM3|+2.700000E+06|+3.375000E+06|+2.025000E+06}}
}
{@BLOCK|r6104|00
{@A-RES|0|+4.181301E+01{@LIM3|+3.900000E+01|+4.790000E+01|+3.510000E+01}}
}
{@BLOCK|r6118|00
{@A-RES|0|+4.140592E+01{@LIM3|+3.900000E+01|+4.790000E+01|+3.510000E+01}}
}
{@BLOCK|r6401|00
{@A-RES|0|+8.514527E+02{@LIM3|+8.450000E+02|+9.295000E+02|+7.605000E+02}}
}
{@BLOCK|r6404|00
{@A-RES|0|+1.601979E+03{@LIM3|+1.600000E+03|+1.760000E+03|+1.440000E+03}}
}
{@BLOCK|r6405|00
{@A-RES|0|+7.171464E+02{@LIM3|+7.150000E+02|+7.865000E+02|+6.435000E+02}}
}
{@BLOCK|r7124|00
{@A-RES|0|+3.320611E+03{@LIM3|+3.300000E+03|+3.630000E+03|+2.970000E+03}}
}
{@BLOCK|r7127|00
{@A-RES|0|+3.302106E+03{@LIM3|+3.300000E+03|+3.630000E+03|+2.970000E+03}}
}
{@BLOCK|r7363|00
{@A-RES|0|+3.324384E+03{@LIM3|+3.300000E+03|+3.630000E+03|+2.970000E+03}}
}
{@BLOCK|r7364|00
{@A-RES|0|+3.305604E+03{@LIM3|+3.300000E+03|+3.630000E+03|+2.970000E+03}}
}
{@BLOCK|r7305|00
{@A-RES|0|+8.208647E+04{@LIM3|+8.200000E+04|+9.020000E+04|+7.380000E+04}}
}
{@BLOCK|pq4404|00
{@A-NFE|0|+9.892719E+01{@LIM2|+2.000000E+02|+2.000000E+01}}
}
{@BLOCK|pu4403%qfb|00
{@A-NFE|0|+4.438508E+01{@LIM2|+2.000000E+02|+2.000000E+01}}
}
{@BLOCK|q1701%qf1|00
{@A-NFE|0|+9.850693E+01{@LIM2|+2.000000E+02|+2.000000E+01}}
}
{@BLOCK|q1801|00
{@A-NFE|0|+9.681843E+01{@LIM2|+2.000000E+02|+2.000000E+01}}
}
{@BLOCK|q1803%qf1|00
{@A-NFE|0|+8.804784E+01{@LIM2|+2.000000E+02|+2.000000E+01}}
}
{@BLOCK|q1803%qf2|00
{@A-NFE|0|+9.536196E+01{@LIM2|+2.000000E+02|+2.000000E+01}}
}
{@BLOCK|q2403|00
{@A-NFE|0|+9.391362E+01{@LIM2|+2.000000E+02|+2.000000E+01}}
}
{@BLOCK|q2406|00
{@A-NFE|0|+7.692899E+01{@LIM2|+2.000000E+02|+2.000000E+01}}
}
{@BLOCK|q2408|00
{@A-NFE|0|+4.897161E+01{@LIM2|+2.000000E+02|+2.000000E+01}}
}
{@BLOCK|q2418|00
{@A-NFE|0|+9.242299E+01{@LIM2|+2.000000E+02|+2.000000E+01}}
}
{@BLOCK|q2501|00
{@A-NFE|0|+8.006766E+01{@LIM2|+2.000000E+02|+2.000000E+01}}
}
{@BLOCK|q3001|00
{@A-NFE|0|+8.573947E+01{@LIM2|+2.000000E+02|+2.000000E+01}}
}
{@BLOCK|q4002|00
{@A-NFE|0|+6.158710E+01{@LIM2|+2.000000E+02|+2.000000E+01}}
}
{@BLOCK|q5701%qf1|00
{@A-NFE|0|+9.997907E+01{@LIM2|+2.000000E+02|+2.000000E+01}}
}
{@BLOCK|q5701%qf2|00
{@A-NFE|0|+5.703119E+01{@LIM2|+2.000000E+02|+2.000000E+01}}
}
{@BLOCK|q6401%qf1|00
{@A-NFE|0|+4.793633E+01{@LIM2|+2.000000E+02|+2.000000E+01}}
}
{@BLOCK|r2640|00
{@A-RES|0|+1.467464E+04{@LIM3|+1.400000E+04|+1.540000E+04|+1.260000E+04}}
}
{@BLOCK|r7119|00
{@A-RES|0|+4.759690E+03{@LIM3|+4.750000E+03|+5.225000E+03|+4.275000E+03}}
}
{@BLOCK|q2405%qf1|00
{@A-NFE|0|+9.621346E+01{@LIM2|+2.000000E+02|+2.000000E+01}}
}
{@BLOCK|q2405%qf2|00
{@A-NFE|0|+8.995599E+01{@LIM2|+2.000000E+02|+2.000000E+01}}
}
{@BLOCK|q2407%qf1|00
{@A-NFE|0|+9.347356E+01{@LIM2|+2.000000E+02|+2.000000E+01}}
}
{@BLOCK|q2407%qf2|00
{@A-NFE|0|+7.953704E+01{@LIM2|+2.000000E+02|+2.000000E+01}}
}
{@BLOCK|q2601|00
{@A-NFE|0|+9.831020E+01{@LIM2|+2.000000E+02|+2.000000E+01}}
}
{@BLOCK|q6515%qf1|00
{@A-NFE|0|+1.009193E+02{@LIM2|+2.000000E+02|+2.000000E+01}}
}
{@BLOCK|q6401%qf2|00
{@A-NFE|0|+4.665562E+01{@LIM2|+2.000000E+02|+2.000000E+01}}
}
{@BLOCK|q6402%qf1|00
{@A-NFE|0|+1.077582E+02{@LIM2|+2.000000E+02|+2.000000E+01}}
}
{@BLOCK|q6501|00
{@A-NFE|0|+9.946320E+01{@LIM2|+2.000000E+02|+2.000000E+01}}
}
{@BLOCK|q6512|00
{@A-NFE|0|+9.529415E+01{@LIM2|+2.000000E+02|+2.000000E+01}}
}
{@BLOCK|q6513|00
{@A-NFE|0|+7.343294E+01{@LIM2|+2.000000E+02|+2.000000E+01}}
}
{@BLOCK|q6514%qf1|00
{@A-NFE|0|+1.070341E+02{@LIM2|+2.000000E+02|+2.000000E+01}}
}
{@BLOCK|q2402|00
{@A-PFE|0|+1.351818E+02{@LIM2|+2.000000E+02|+2.000000E+01}}
}
{@BLOCK|d4001|00
{@A-DIO|0|+4.662723E-01{@LIM2|+8.000000E-01|+4.000000E-01}}
}
{@BLOCK|d4002|00
{@A-DIO|0|+4.898680E-01{@LIM2|+8.000000E-01|+4.000000E-01}}
}
{@BLOCK|d5501|00
{@A-DIO|0|+4.077959E-01{@LIM2|+6.000000E-01|+2.000000E-01}}
}
{@BLOCK|d5502|00
{@A-DIO|0|+3.837299E-01{@LIM2|+6.000000E-01|+2.000000E-01}}
}
{@BLOCK|d5504|00
{@A-DIO|0|+4.671272E-01{@LIM2|+6.000000E-01|+2.000000E-01}}
}
{@BLOCK|d5507|00
{@A-DIO|0|+3.926638E-01{@LIM2|+6.000000E-01|+2.000000E-01}}
}
{@BLOCK|d7103|00
{@A-DIO|0|+3.715046E-01{@LIM2|+6.000000E-01|+2.000000E-01}}
}
{@BLOCK|d7104|00
{@A-DIO|0|+3.895861E-01{@LIM2|+6.000000E-01|+2.000000E-01}}
}
{@BLOCK|led2|00
{@A-DIO|0|+3.136295E+00{@LIM2|+3.500000E+00|+2.500000E+00}}
}
{@BLOCK|led3|00
{@A-DIO|0|+1.994658E+00{@LIM2|+2.500000E+00|+1.500000E+00}}
}
{@BLOCK|led4|00
{@A-DIO|0|+3.172372E+00{@LIM2|+3.800000E+00|+2.800000E+00}}
}
{@BLOCK|d2503%cra|00
{@A-DIO|0|+5.270142E-01{@LIM2|+8.000000E-01|+4.000000E-01}}
}
{@BLOCK|d2503%crb|00
{@A-DIO|0|+5.265012E-01{@LIM2|+8.000000E-01|+4.000000E-01}}
}
{@BLOCK|d4004%cra|00
{@A-DIO|0|+5.252837E-01{@LIM2|+8.000000E-01|+4.000000E-01}}
}
{@BLOCK|d4004%crb|00
{@A-DIO|0|+5.194777E-01{@LIM2|+8.000000E-01|+4.000000E-01}}
}
{@BLOCK|d4005%cra|00
{@A-DIO|0|+5.642031E-01{@LIM2|+8.000000E-01|+4.000000E-01}}
}
{@BLOCK|d4005%crb|00
{@A-DIO|0|+5.604842E-01{@LIM2|+8.000000E-01|+4.000000E-01}}
}
{@BLOCK|d5505%cra|00
{@A-DIO|0|+5.497550E-01{@LIM2|+8.000000E-01|+4.000000E-01}}
}
{@BLOCK|d5505%crb|00
{@A-DIO|0|+5.065816E-01{@LIM2|+8.000000E-01|+4.000000E-01}}
}
{@BLOCK|d5701%d1|00
{@A-DIO|0|+7.038967E-01{@LIM2|+8.000000E-01|+4.000000E-01}}
}
{@BLOCK|d5701%d2|00
{@A-DIO|0|+7.041532E-01{@LIM2|+8.000000E-01|+4.000000E-01}}
}
{@BLOCK|ed3501%cr6|00
{@A-DIO|0|+7.017594E-01{@LIM2|+9.000000E-01|+5.000000E-01}}
}
{@BLOCK|q2401|00
{@A-DIO|0|+7.278771E-01|B-E{@LIM2|+8.050000E-01|+6.020000E-01}}
{@A-DIO|0|+7.273214E-01|B-C{@LIM2|+8.040000E-01|+6.020000E-01}}
}
{@BLOCK|d2201|00
{@A-DIO|0|+4.924296E-01{@LIM2|+8.000000E-01|+4.000000E-01}}
}
{@BLOCK|ed5709|00
{@A-DIO|0|+6.893775E-01{@LIM2|+8.000000E-01|+4.000000E-01}}
}
{@BLOCK|ed5710|00
{@A-DIO|0|+7.406705E-01{@LIM2|+8.000000E-01|+4.000000E-01}}
}
{@BLOCK|ed5711|00
{@A-DIO|0|+7.215211E-01{@LIM2|+8.000000E-01|+4.000000E-01}}
}
{@BLOCK|ed6436|00
{@A-DIO|0|+5.744813E-01{@LIM2|+8.000000E-01|+4.000000E-01}}
}
{@BLOCK|ed7220%ds|00
{@A-DIO|0|+4.581653E-01{@LIM2|+8.000000E-01|+4.000000E-01}}
}
{@BLOCK|ed7230|00
{@A-DIO|0|+6.001278E-01{@LIM2|+9.000000E-01|+4.000000E-01}}
}
{@BLOCK|ed7231|00
{@A-DIO|0|+5.683261E-01{@LIM2|+9.000000E-01|+4.000000E-01}}
}
{@BLOCK|ed7520%ds|00
{@A-DIO|0|+6.459495E-01{@LIM2|+8.000000E-01|+4.000000E-01}}
}
{@BLOCK|ed7525|00
{@A-DIO|0|+6.073088E-01{@LIM2|+9.000000E-01|+4.000000E-01}}
}
{@BLOCK|q6515%qf2|00
{@A-NFE|0|+1.308174E+02{@LIM2|+2.000000E+02|+2.000000E+01}}
}
{@BLOCK|d4007|00
{@A-DIO|0|+4.851079E-01{@LIM2|+8.000000E-01|+4.000000E-01}}
}
{@BLOCK|power_nodes|00
{@A-MEA|0|+1.199948E+01|20V_VINT_IN{@LIM2|+1.400000E+01|+1.000000E+01}}
{@A-MEA|0|+1.201177E+01|BT+{@LIM2|+1.400000E+01|+1.000000E+01}}
{@A-MEA|0|+1.226704E+01|19V_DCBATOUT{@LIM2|+1.400000E+01|+1.000000E+01}}
{@A-MEA|0|+3.315824E+00|3D3V_AUX_S5{@LIM2|+4.000000E+00|+2.500000E+00}}
{@A-MEA|0|+5.082053E+00|5V_S5{@LIM2|+6.000000E+00|+4.500000E+00}}
{@A-MEA|0|+1.806857E+00|1D8V_S5{@LIM2|+2.500000E+00|+1.200000E+00}}
{@A-MEA|0|+1.120448E+00|PWR_VDD2{@LIM2|+1.500000E+00|+5.000000E-01}}
{@A-MEA|0|+3.314115E+00|3D3V_SPI{@LIM2|+4.000000E+00|+2.500000E+00}}
{@A-MEA|0|+3.316508E+00|3D3V_S0{@LIM2|+4.000000E+00|+2.500000E+00}}
}
{@D-T|0|384||0|u1701
}
{@D-T|0|384||0|u2404
}
{@D-T|0|384||0|u7103
}
{@BLOCK|pu4401|00
{@A-MEA|0|+1.196945E+01|pino1{@LIM2|+1.400000E+01|+1.000000E+01}}
{@A-MEA|0|+1.197081E+01|pino3{@LIM2|+1.400000E+01|+1.000000E+01}}
{@A-MEA|0|+4.523118E+00|pino4{@LIM2|+6.000000E+00|+4.000000E+00}}
}
{@BLOCK|pu4501|00
{@A-MEA|0|+3.842527E+00|pino2{@LIM2|+4.500000E+00|+2.500000E+00}}
{@A-MEA|0|+1.226704E+01|pino15{@LIM2|+1.400000E+01|+1.000000E+01}}
{@A-MEA|0|+3.316679E+00|pino22{@LIM2|+4.500000E+00|+2.500000E+00}}
{@A-MEA|0|+3.317021E+00|pino23{@LIM2|+4.500000E+00|+2.500000E+00}}
}
{@BLOCK|pu4502|00
{@A-MEA|0|+5.269840E+00|pino2{@LIM2|+6.000000E+00|+4.000000E+00}}
{@A-MEA|0|+1.226841E+01|pino15{@LIM2|+1.400000E+01|+1.000000E+01}}
{@A-MEA|0|+5.082566E+00|pino22{@LIM2|+6.000000E+00|+4.000000E+00}}
{@A-MEA|0|+5.082224E+00|pino23{@LIM2|+6.000000E+00|+4.000000E+00}}
}
{@BLOCK|pu4701|00
{@A-MEA|0|+1.226704E+01|pino1{@LIM2|+1.400000E+01|+1.000000E+01}}
{@A-MEA|0|+3.311892E+00|pino20{@LIM2|+4.000000E+00|+1.000000E+00}}
}
{@BLOCK|pu4702|00
{@A-MEA|0|+1.226568E+01|pino1{@LIM2|+1.400000E+01|+1.000000E+01}}
{@A-MEA|0|+3.312234E+00|pino20{@LIM2|+4.000000E+00|+1.000000E+00}}
}
{@BLOCK|pu4703|00
{@A-MEA|0|+1.226704E+01|pino1{@LIM2|+1.400000E+01|+1.000000E+01}}
{@A-MEA|0|+3.311208E+00|pino20{@LIM2|+4.000000E+00|+1.000000E+00}}
}
{@BLOCK|pu4801|00
{@A-MEA|0|+1.226568E+01|pino1{@LIM2|+1.400000E+01|+1.000000E+01}}
{@A-MEA|0|+3.312063E+00|pino20{@LIM2|+4.000000E+00|+1.000000E+00}}
}
{@BLOCK|pu4802|00
{@A-MEA|0|+1.226431E+01|pino1{@LIM2|+1.400000E+01|+1.000000E+01}}
{@A-MEA|0|+3.309498E+00|pino20{@LIM2|+4.000000E+00|+1.000000E+00}}
}
{@BLOCK|pu5001|00
{@A-MEA|0|+1.226431E+01|pino2{@LIM2|+1.400000E+01|+1.000000E+01}}
{@A-MEA|0|+1.799239E+00|pino12{@LIM2|+2.500000E+00|+1.000000E+00}}
{@A-MEA|0|+1.795144E+00|pino16{@LIM2|+2.500000E+00|+1.000000E+00}}
{@A-MEA|0|+3.309840E+00|pino18{@LIM2|+4.000000E+00|+1.500000E+00}}
}
{@BLOCK|pu5101|00
{@A-MEA|0|+1.226431E+01|pino5{@LIM2|+1.400000E+01|+1.000000E+01}}
{@A-MEA|0|+4.438311E+00|pino7{@LIM2|+6.000000E+00|+2.000000E+00}}
{@A-MEA|0|+5.422646E+00|pino10{@LIM2|+6.000000E+00|+4.000000E+00}}
}
{@BLOCK|pu5151|00
{@A-MEA|0|+3.314799E+00|pino3{@LIM2|+4.000000E+00|+2.500000E+00}}
{@A-MEA|0|+1.120435E+00|pino6{@LIM2|+2.500000E+00|+5.000000E-01}}
}
{@BLOCK|pu5301|00
{@A-MEA|0|+1.807712E+00|pino6{@LIM2|+2.500000E+00|+1.000000E+00}}
}
{@BLOCK|u3601|00
{@A-MEA|0|+5.082395E+00|pino1{@LIM2|+5.500000E+00|+4.100000E+00}}
}
{@BLOCK|u4001|00
{@A-MEA|0|+1.044838E+00|pino1{@LIM2|+1.200000E+00|+9.000000E-01}}
{@A-MEA|0|+5.082053E+00|pino3{@LIM2|+5.500000E+00|+4.500000E+00}}
{@A-MEA|0|+1.044624E+00|pino6{@LIM2|+1.200000E+00|+9.000000E-01}}
}
{@BLOCK|u4003|00
{@A-MEA|0|+3.315311E+00|pino1{@LIM2|+4.000000E+00|+2.500000E+00}}
{@A-MEA|0|+5.082053E+00|pino4{@LIM2|+6.000000E+00|+4.000000E+00}}
{@A-MEA|0|+3.315140E+00|pino6{@LIM2|+4.000000E+00|+2.500000E+00}}
{@A-MEA|0|+3.311037E+00|pino14{@LIM2|+4.000000E+00|+2.500000E+00}}
}
{@BLOCK|u4004|00
{@A-MEA|0|+1.806601E+00|pino1{@LIM2|+2.000000E+00|+1.500000E+00}}
{@A-MEA|0|+5.081711E+00|pino3{@LIM2|+5.500000E+00|+4.500000E+00}}
{@A-MEA|0|+1.805319E+00|pino6{@LIM2|+2.000000E+00|+1.500000E+00}}
}
{@BLOCK|u4007|00
{@A-MEA|0|+5.082737E+00|pino1{@LIM2|+5.500000E+00|+4.500000E+00}}
{@A-MEA|0|+5.082053E+00|pino4{@LIM2|+5.500000E+00|+4.500000E+00}}
{@A-MEA|0|+5.082224E+00|pino13{@LIM2|+5.500000E+00|+4.500000E+00}}
}
{@BLOCK|u5501|00
{@A-MEA|0|+3.313773E+00|pino1{@LIM2|+4.000000E+00|+2.500000E+00}}
{@A-MEA|0|+3.312576E+00|pino5{@LIM2|+4.000000E+00|+2.500000E+00}}
}
{@BLOCK|u5702|00
{@A-MEA|0|+1.217489E+00|pino1{@LIM2|+1.500000E+00|+1.000000E+00}}
{@A-MEA|0|+1.807883E+00|pino4{@LIM2|+2.300000E+00|+1.300000E+00}}
}
{@BLOCK|u7102|00
{@A-MEA|0|+3.313089E+00|pino1{@LIM2|+4.000000E+00|+2.500000E+00}}
{@A-MEA|0|+5.081882E+00|pino4{@LIM2|+6.000000E+00|+4.000000E+00}}
{@A-MEA|0|+3.311208E+00|pino7{@LIM2|+4.000000E+00|+2.500000E+00}}
}
{@BLOCK|u7303|00
{@A-MEA|0|+3.316166E+00|vin{@LIM2|+3.800000E+00|+2.800000E+00}}
}
}}