{@BATCH|tb14_tb16_gen6_irl||3359|1||btest|050506085703~16|ICT0265\engineer|ICT0265|C:/Agilent_ICT/boards/tb14_tb16_gen6_irl_G8|RevA|5b21d46744tb14i7||5b21d46744tb14i7
{@BTEST|6583000569|00|050506085757|000021|0|all||n||050506085818||1
{@BLOCK|pc5107|00
{@A-CAP|0|+8.423764E-05{@LIM3|+8.000000E-05|+1.040000E-04|+5.598896E-05}}
}
{@BLOCK|c6106|00
{@A-CAP|0|+4.619940E-05{@LIM3|+5.530000E-05|+8.295000E-05|+2.765000E-05}}
}
{@BLOCK|c2205|00
{@A-CAP|0|+2.111289E-06{@LIM3|+2.100000E-06|+3.150000E-06|+1.050000E-06}}
}
{@BLOCK|c2212|00
{@A-CAP|0|+9.930112E-05{@LIM3|+1.001000E-04|+1.551550E-04|+5.003619E-05}}
}
{@BLOCK|c2401|00
{@A-CAP|0|+5.908935E-06{@LIM3|+4.900000E-06|+6.370000E-06|+3.430000E-06}}
}
{@BLOCK|c2217|00
{@A-CAP|0|+4.181333E-06{@LIM3|+4.300000E-06|+5.590000E-06|+3.010000E-06}}
}
{@BLOCK|c2415|00
{@A-CAP|0|+1.160932E-07{@LIM3|+1.000000E-07|+1.300000E-07|+7.000000E-08}}
}
{@BLOCK|c6311|00
{@A-CAP|0|+8.601754E-05{@LIM3|+8.911000E-05|+1.336650E-04|+4.454270E-05}}
}
{@BLOCK|c2622|00
{@A-CAP|0|+1.006363E-07{@LIM3|+1.001000E-07|+1.201200E-07|+8.008000E-08}}
}
{@BLOCK|c2702|00
{@A-CAP|0|+6.045261E-06{@LIM3|+5.700000E-06|+7.410000E-06|+3.990000E-06}}
}
{@BLOCK|c2708|00
{@A-CAP|0|+2.049293E-05{@LIM3|+2.050000E-05|+3.075000E-05|+1.025000E-05}}
}
{@BLOCK|c2733|00
{@A-CAP|0|+1.112125E-07{@LIM3|+1.000000E-07|+1.300000E-07|+7.000000E-08}}
}
{@BLOCK|tc3501|00
{@A-CAP|0|+9.324417E-05{@LIM3|+1.001000E-04|+1.301300E-04|+7.000704E-05}}
}
{@BLOCK|pc4556|00
{@A-CAP|0|+1.621859E-04{@LIM3|+1.342000E-04|+1.744600E-04|+9.392148E-05}}
}
{@BLOCK|pc5106|00
{@A-CAP|0|+1.065586E-07{@LIM3|+1.000000E-07|+1.200000E-07|+8.000000E-08}}
}
{@BLOCK|c5502|00
{@A-CAP|0|+5.669410E-06{@LIM3|+4.800000E-06|+6.240000E-06|+3.360000E-06}}
}
{@BLOCK|pc4509|00
{@A-CAP|0|+1.596748E-04{@LIM3|+1.342000E-04|+1.744600E-04|+9.392148E-05}}
}
{@BLOCK|c5708|00
{@A-CAP|0|+7.365641E-06{@LIM3|+6.440000E-06|+8.372000E-06|+4.508000E-06}}
}
{@BLOCK|c7111|00
{@A-CAP|0|+1.063293E-04{@LIM3|+1.072000E-04|+1.393600E-04|+7.500827E-05}}
}
{@BLOCK|c7124|00
{@A-CAP|0|+1.011741E-07{@LIM3|+1.000000E-07|+1.300000E-07|+7.000000E-08}}
}
{@BLOCK|c7206|00
{@A-CAP|0|+9.680767E-08{@LIM3|+1.000000E-07|+1.200000E-07|+8.000000E-08}}
}
{@BLOCK|c4213|00
{@A-CAP|0|+1.728570E-06{@LIM3|+2.040000E-06|+3.060000E-06|+1.020000E-06}}
}
{@BLOCK|c7506|00
{@A-CAP|0|+9.400287E-08{@LIM3|+1.000000E-07|+1.200000E-07|+8.000000E-08}}
}
{@BLOCK|c4201|00
{@A-CAP|0|+1.709439E-06{@LIM3|+2.040000E-06|+3.060000E-06|+1.020000E-06}}
}
{@BLOCK|pt5001|00
{@A-CAP|0|+8.552165E-04{@LIM3|+8.360000E-04|+1.086800E-03|+5.834653E-04}}
}
{@BLOCK|c1202|00
{@A-CAP|0|+3.640015E-04{@LIM3|+3.041000E-04|+3.953300E-04|+2.128280E-04}}
}
{@BLOCK|pc4406|00
{@A-CAP|0|+4.039733E-05{@LIM3|+4.067500E-05|+5.287750E-05|+2.847250E-05}}
}
{@BLOCK|pc4450|00
{@A-CAP|0|+1.142066E-05{@LIM3|+1.130000E-05|+1.469000E-05|+7.910000E-06}}
}
{@BLOCK|pt4701|00
{@A-CAP|0|+1.322955E-03{@LIM3|+1.320000E-03|+1.716000E-03|+9.212610E-04}}
}
{@BLOCK|pt4801|00
{@A-CAP|0|+1.209953E-03{@LIM3|+1.210000E-03|+1.573000E-03|+8.444892E-04}}
}
{@BLOCK|pc4416|00
{@A-CAP|0|+1.144179E-07{@LIM3|+1.000000E-07|+1.200000E-07|+8.000000E-08}}
}
{@BLOCK|pc4420|00
{@A-CAP|0|+3.087530E-06{@LIM3|+3.200000E-06|+4.800000E-06|+1.600000E-06}}
}
{@BLOCK|pc4506|00
{@A-CAP|0|+1.056790E-07{@LIM3|+1.000000E-07|+1.200000E-07|+7.000000E-08}}
}
{@BLOCK|pc4508|00
{@A-CAP|0|+1.062274E-07{@LIM3|+1.000000E-07|+1.200000E-07|+7.000000E-08}}
}
{@BLOCK|pc4564|00
{@A-CAP|0|+9.971899E-08{@LIM3|+1.000000E-07|+1.200000E-07|+7.000000E-08}}
}
{@BLOCK|pc5108|00
{@A-CAP|0|+1.051656E-07{@LIM3|+1.000000E-07|+1.200000E-07|+7.000000E-08}}
}
{@BLOCK|c7121|00
{@A-CAP|0|+1.207041E-05{@LIM3|+1.220000E-05|+1.830000E-05|+6.100000E-06}}
}
{@BLOCK|c7301|00
{@A-CAP|0|+1.160201E-05{@LIM3|+1.000000E-05|+1.300000E-05|+7.000000E-06}}
}
{@BLOCK|c7302|00
{@A-CAP|0|+1.455520E-05{@LIM3|+1.200000E-05|+1.560000E-05|+8.400000E-06}}
}
{@BLOCK|c7303|00
{@A-CAP|0|+1.055040E-05{@LIM3|+1.000000E-05|+1.300000E-05|+7.000000E-06}}
}
{@BLOCK|pc4507|00
{@A-CAP|0|+9.969977E-06{@LIM3|+1.000000E-05|+1.300000E-05|+7.000000E-06}}
}
{@BLOCK|pc4563|00
{@A-CAP|0|+1.056357E-05{@LIM3|+1.000000E-05|+1.300000E-05|+7.000000E-06}}
}
{@BLOCK|c1803|00
{@A-CAP|0|+1.058803E-06{@LIM3|+1.000000E-06|+1.300000E-06|+7.000000E-07}}
}
{@BLOCK|c1804|00
{@A-CAP|0|+1.028218E-06{@LIM3|+1.000000E-06|+1.300000E-06|+7.000000E-07}}
}
{@BLOCK|c2403|00
{@A-CAP|0|+1.069283E-06{@LIM3|+1.000000E-06|+1.300000E-06|+7.000000E-07}}
}
{@BLOCK|c5728|00
{@A-CAP|0|+1.066882E-06{@LIM3|+1.000000E-06|+1.300000E-06|+7.000000E-07}}
}
{@BLOCK|pc4611|00
{@A-CAP|0|+1.045787E-06{@LIM3|+1.000000E-06|+1.300000E-06|+7.000000E-07}}
}
{@BLOCK|pc5116|00
{@A-CAP|0|+1.037005E-06{@LIM3|+1.000000E-06|+1.300000E-06|+7.000000E-07}}
}
{@BLOCK|c7127|00
{@A-CAP|0|+1.136644E-04{@LIM3|+9.080000E-05|+1.452800E-04|+3.630747E-05}}
}
{@BLOCK|c2717|00
{@A-CAP|0|+2.146615E-06{@LIM3|+2.200000E-06|+2.860000E-06|+1.540000E-06}}
}
{@BLOCK|c2204|00
{@A-CAP|0|+5.010152E-06{@LIM3|+4.700000E-06|+6.110000E-06|+3.290000E-06}}
}
{@BLOCK|pc4522|00
{@A-CAP|0|+5.595202E-06{@LIM3|+4.700000E-06|+6.110000E-06|+3.290000E-06}}
}
{@BLOCK|pc5113|00
{@A-CAP|0|+5.623995E-06{@LIM3|+4.700000E-06|+6.110000E-06|+3.290000E-06}}
}
{@BLOCK|c2210|00
{@A-CAP|0|+1.824778E-06{@LIM3|+3.200000E-06|+4.800000E-06|+1.600000E-06}}
}
{@BLOCK|c2713|00
{@A-CAP|0|+2.256598E-06{@LIM3|+2.200000E-06|+2.860000E-06|+1.540000E-06}}
}
{@BLOCK|c2716|00
{@A-CAP|0|+2.072491E-06{@LIM3|+2.200000E-06|+2.860000E-06|+1.540000E-06}}
}
{@BLOCK|c2718|00
{@A-CAP|0|+2.384835E-06{@LIM3|+2.200000E-06|+2.860000E-06|+1.540000E-06}}
}
{@BLOCK|c2719|00
{@A-CAP|0|+2.749822E-06{@LIM3|+2.800000E-06|+4.200000E-06|+1.400000E-06}}
}
{@BLOCK|c3001|00
{@A-CAP|0|+2.420982E-06{@LIM3|+2.200000E-06|+2.860000E-06|+1.540000E-06}}
}
{@BLOCK|c7109|00
{@A-CAP|0|+2.575127E-06{@LIM3|+2.200000E-06|+2.860000E-06|+1.540000E-06}}
}
{@BLOCK|c7110|00
{@A-CAP|0|+2.606594E-06{@LIM3|+2.200000E-06|+2.860000E-06|+1.540000E-06}}
}
{@BLOCK|pc4689|00
{@A-CAP|0|+2.556986E-06{@LIM3|+2.800000E-06|+4.200000E-06|+1.400000E-06}}
}
{@BLOCK|c6401|00
{@A-CAP|0|+9.379658E-10{@LIM3|+1.000000E-09|+1.177000E-09|+8.000000E-10}}
}
{@BLOCK|c7140|00
{@A-CAP|0|+1.291105E-09{@LIM3|+1.200000E-09|+1.620000E-09|+7.800000E-10}}
}
{@BLOCK|ec2901|00
{@A-CAP|0|+1.162922E-09{@LIM3|+1.000000E-09|+1.300000E-09|+8.000000E-10}}
}
{@BLOCK|ec2902|00
{@A-CAP|0|+1.167508E-09{@LIM3|+1.000000E-09|+1.250000E-09|+8.000000E-10}}
}
{@BLOCK|ec2903|00
{@A-CAP|0|+1.131576E-09{@LIM3|+1.000000E-09|+1.250000E-09|+8.000000E-10}}
}
{@BLOCK|ec2904|00
{@A-CAP|0|+1.174029E-09{@LIM3|+1.000000E-09|+1.250000E-09|+8.000000E-10}}
}
{@BLOCK|ec4308|00
{@A-CAP|0|+1.155240E-09{@LIM3|+1.000000E-09|+1.250000E-09|+8.000000E-10}}
}
{@BLOCK|pc5013|00
{@A-CAP|0|+2.043572E-07{@LIM3|+2.200000E-07|+2.640000E-07|+1.760000E-07}}
}
{@BLOCK|pc4709|00
{@A-CAP|0|+9.522988E-07{@LIM3|+1.000000E-06|+1.200000E-06|+8.000000E-07}}
}
{@BLOCK|pc4613|00
{@A-CAP|0|+9.940550E-09{@LIM3|+1.000000E-08|+1.200000E-08|+8.000000E-09}}
}
{@BLOCK|c7310|00
{@A-CAP|0|+3.376608E-10{@LIM3|+2.900000E-10|+3.915000E-10|+1.885000E-10}}
}
{@BLOCK|pc4413|00
{@A-CAP|0|+4.590322E-08{@LIM3|+4.700000E-08|+5.640000E-08|+3.760000E-08}}
}
{@BLOCK|pc4414|00
{@A-CAP|0|+4.734490E-08{@LIM3|+4.700000E-08|+5.640000E-08|+3.760000E-08}}
}
{@BLOCK|pc4608|00
{@A-CAP|0|+4.280676E-10{@LIM3|+3.900000E-10|+4.755001E-10|+3.120000E-10}}
}
{@BLOCK|er2707|00
{@A-RES|0|+3.747475E+01{@LIM3|+3.300000E+01|+4.455000E+01|+2.970000E+01}}
}
{@BLOCK|r4302|00
{@A-RES|0|+3.743768E+01{@LIM3|+3.300000E+01|+4.129999E+01|+2.970000E+01}}
}
{@BLOCK|r4303|00
{@A-RES|0|+3.594161E+01{@LIM3|+3.300000E+01|+4.129999E+01|+2.970000E+01}}
}
{@BLOCK|r4304|00
{@A-RES|0|+3.701745E+01{@LIM3|+3.300000E+01|+4.129999E+01|+2.970000E+01}}
}
{@BLOCK|r5510|00
{@A-RES|0|+3.543616E+01{@LIM3|+3.300000E+01|+4.129999E+01|+2.970000E+01}}
}
{@BLOCK|r5552|00
{@A-RES|0|+3.901338E+01{@LIM3|+3.300000E+01|+4.455000E+01|+2.145000E+01}}
}
{@BLOCK|c2613|00
{@A-CAP|0|+2.219784E-09{@LIM3|+2.300000E-09|+2.760000E-09|+1.840000E-09}}
}
{@BLOCK|c2620|00
{@A-CAP|0|+2.269858E-09{@LIM3|+2.300000E-09|+2.760000E-09|+1.840000E-09}}
}
{@BLOCK|r1885|00
{@A-RES|0|+3.515710E+01{@LIM3|+3.300000E+01|+4.455000E+01|+2.970000E+01}}
}
{@BLOCK|r1886|00
{@A-RES|0|+3.500646E+01{@LIM3|+3.300000E+01|+4.455000E+01|+2.145000E+01}}
}
{@BLOCK|r5611|00
{@A-RES|0|+3.788538E+01{@LIM3|+3.300000E+01|+4.455000E+01|+2.145000E+01}}
}
{@BLOCK|r5612|00
{@A-RES|0|+3.852782E+01{@LIM3|+3.300000E+01|+4.455000E+01|+2.145000E+01}}
}
{@BLOCK|r5613|00
{@A-RES|0|+3.731446E+01{@LIM3|+3.300000E+01|+4.129999E+01|+2.970000E+01}}
}
{@BLOCK|r5614|00
{@A-RES|0|+3.708943E+01{@LIM3|+3.300000E+01|+4.455000E+01|+2.970000E+01}}
}
{@BLOCK|r5553|00
{@A-RES|0|+3.580742E+01{@LIM3|+3.300000E+01|+4.129999E+01|+2.970000E+01}}
}
{@BLOCK|pr4432|00
{@A-RES|0|+9.936325E+04{@LIM3|+1.000000E+05|+1.150000E+05|+8.500000E+04}}
}
{@BLOCK|pr5004|00
{@A-RES|0|+9.899273E+04{@LIM3|+1.000000E+05|+1.150000E+05|+8.500000E+04}}
}
{@BLOCK|pr5103|00
{@A-RES|0|+9.981379E+04{@LIM3|+1.000000E+05|+1.150000E+05|+8.500000E+04}}
}
{@BLOCK|r1207|00
{@A-RES|0|+1.010641E+05{@LIM3|+1.000000E+05|+1.150000E+05|+8.500000E+04}}
}
{@BLOCK|r1704|00
{@A-RES|0|+9.937925E+04{@LIM3|+1.000000E+05|+1.150000E+05|+8.500000E+04}}
}
{@BLOCK|r1706|00
{@A-RES|0|+1.005861E+05{@LIM3|+1.000000E+05|+1.150000E+05|+8.500000E+04}}
}
{@BLOCK|r1711|00
{@A-RES|0|+1.009911E+05{@LIM3|+1.000000E+05|+1.150000E+05|+8.500000E+04}}
}
{@BLOCK|r1714|00
{@A-RES|0|+1.001556E+05{@LIM3|+1.000000E+05|+1.150000E+05|+8.500000E+04}}
}
{@BLOCK|r1718|00
{@A-RES|0|+9.966499E+04{@LIM3|+1.000000E+05|+1.150000E+05|+8.500000E+04}}
}
{@BLOCK|r1719|00
{@A-RES|0|+9.992035E+04{@LIM3|+1.000000E+05|+1.150000E+05|+8.500000E+04}}
}
{@BLOCK|r1720|00
{@A-RES|0|+8.936335E+04{@LIM3|+5.990900E+04|+9.285895E+04|+2.695905E+04}}
}
{@BLOCK|r1787|00
{@A-RES|0|+9.032540E+04{@LIM3|+6.090900E+04|+1.004999E+05|+2.740905E+04}}
}
{@BLOCK|r1793|00
{@A-RES|0|+1.002414E+05{@LIM3|+1.000000E+05|+1.150000E+05|+8.500000E+04}}
}
{@BLOCK|r1806|00
{@A-RES|0|+1.009768E+05{@LIM3|+1.000000E+05|+1.150000E+05|+8.500000E+04}}
}
{@BLOCK|r1887|00
{@A-RES|0|+9.804667E+04{@LIM3|+1.000000E+05|+1.150000E+05|+8.500000E+04}}
}
{@BLOCK|r2254|00
{@A-RES|0|+9.881268E+04{@LIM3|+1.000000E+05|+1.150000E+05|+8.500000E+04}}
}
{@BLOCK|r2402|00
{@A-RES|0|+9.953779E+04{@LIM3|+1.000000E+05|+1.150000E+05|+8.500000E+04}}
}
{@BLOCK|r2409|00
{@A-RES|0|+1.009006E+05{@LIM3|+1.000000E+05|+1.150000E+05|+8.500000E+04}}
}
{@BLOCK|r2412|00
{@A-RES|0|+9.865644E+04{@LIM3|+1.000000E+05|+1.150000E+05|+8.500000E+04}}
}
{@BLOCK|r2417|00
{@A-RES|0|+9.879916E+04{@LIM3|+1.000000E+05|+1.150000E+05|+8.500000E+04}}
}
{@BLOCK|r2424|00
{@A-RES|0|+1.001234E+05{@LIM3|+1.000000E+05|+1.150000E+05|+8.500000E+04}}
}
{@BLOCK|r2448|00
{@A-RES|0|+9.815978E+04{@LIM3|+1.000000E+05|+1.150000E+05|+8.500000E+04}}
}
{@BLOCK|r2471|00
{@A-RES|0|+1.000314E+05{@LIM3|+1.000000E+05|+1.150000E+05|+8.500000E+04}}
}
{@BLOCK|r2481|00
{@A-RES|0|+9.862525E+04{@LIM3|+1.000000E+05|+1.150000E+05|+8.500000E+04}}
}
{@BLOCK|r2646|00
{@A-RES|0|+1.085732E+05{@LIM3|+1.000000E+05|+1.500000E+05|+5.000000E+04}}
}
{@BLOCK|r2709|00
{@A-RES|0|+1.004350E+05{@LIM3|+1.000000E+05|+1.150000E+05|+8.500000E+04}}
}
{@BLOCK|r2718|00
{@A-RES|0|+1.002829E+05{@LIM3|+1.000000E+05|+1.150000E+05|+8.500000E+04}}
}
{@BLOCK|r3010|00
{@A-RES|0|+1.001342E+05{@LIM3|+1.000000E+05|+1.150000E+05|+8.500000E+04}}
}
{@BLOCK|r4021|00
{@A-RES|0|+9.547007E+04{@LIM3|+1.000000E+05|+1.250000E+05|+7.500000E+04}}
}
{@BLOCK|r4022|00
{@A-RES|0|+9.220633E+04{@LIM3|+1.000000E+05|+1.150000E+05|+8.500000E+04}}
}
{@BLOCK|r5512|00
{@A-RES|0|+9.812891E+04{@LIM3|+1.000000E+05|+1.150000E+05|+8.500000E+04}}
}
{@BLOCK|r5515|00
{@A-RES|0|+9.892812E+04{@LIM3|+1.000000E+05|+1.150000E+05|+7.500000E+04}}
}
{@BLOCK|r5517|00
{@A-RES|0|+1.005623E+05{@LIM3|+1.000000E+05|+1.150000E+05|+8.500000E+04}}
}
{@BLOCK|r6501|00
{@A-RES|0|+9.923174E+04{@LIM3|+1.000000E+05|+1.150000E+05|+8.500000E+04}}
}
{@BLOCK|r6502|00
{@A-RES|0|+9.973933E+04{@LIM3|+1.000000E+05|+1.150000E+05|+8.500000E+04}}
}
{@BLOCK|r6516|00
{@A-RES|0|+9.906369E+04{@LIM3|+1.000000E+05|+1.150000E+05|+8.500000E+04}}
}
{@BLOCK|r6518|00
{@A-RES|0|+9.951662E+04{@LIM3|+1.000000E+05|+1.150000E+05|+8.500000E+04}}
}
{@BLOCK|r6521|00
{@A-RES|0|+1.004243E+05{@LIM3|+1.000000E+05|+1.150000E+05|+8.500000E+04}}
}
{@BLOCK|r6577|00
{@A-RES|0|+9.888576E+04{@LIM3|+1.000000E+05|+1.150000E+05|+8.500000E+04}}
}
{@BLOCK|r6581|00
{@A-RES|0|+1.000699E+05{@LIM3|+8.500000E+04|+1.062500E+05|+7.225000E+04}}
}
{@BLOCK|r6610|00
{@A-RES|0|+9.897988E+04{@LIM3|+1.000000E+05|+1.150000E+05|+8.500000E+04}}
}
{@BLOCK|r7123|00
{@A-RES|0|+9.988836E+04{@LIM3|+1.000000E+05|+1.150000E+05|+8.500000E+04}}
}
{@BLOCK|r7330|00
{@A-RES|0|+9.970746E+04{@LIM3|+1.000000E+05|+1.150000E+05|+8.500000E+04}}
}
{@BLOCK|rn2201%r1|00
{@A-RES|0|+9.704082E+04{@LIM3|+1.000000E+05|+1.150000E+05|+7.500000E+04}}
}
{@BLOCK|rn2201%r2|00
{@A-RES|0|+9.843986E+04{@LIM3|+1.000000E+05|+1.150000E+05|+7.500000E+04}}
}
{@BLOCK|rn4001%r1|00
{@A-RES|0|+9.966967E+04{@LIM3|+1.000000E+05|+1.150000E+05|+8.500000E+04}}
}
{@BLOCK|rn4001%r2|00
{@A-RES|0|+9.834406E+04{@LIM3|+1.000000E+05|+1.150000E+05|+7.500000E+04}}
}
{@BLOCK|rn6401%r1|00
{@A-RES|0|+9.984573E+04{@LIM3|+1.000000E+05|+1.150000E+05|+8.500000E+04}}
}
{@BLOCK|rn6401%r2|00
{@A-RES|0|+9.992592E+04{@LIM3|+1.000000E+05|+1.150000E+05|+8.500000E+04}}
}
{@BLOCK|rn6402%r1|00
{@A-RES|0|+9.970746E+04{@LIM3|+1.000000E+05|+1.150000E+05|+8.500000E+04}}
}
{@BLOCK|rn6402%r2|00
{@A-RES|0|+9.923174E+04{@LIM3|+1.000000E+05|+1.150000E+05|+7.500000E+04}}
}
{@BLOCK|pr4434|00
{@A-RES|0|+9.987951E+03{@LIM3|+1.000000E+04|+1.100000E+04|+9.000000E+03}}
}
{@BLOCK|pr4643|00
{@A-RES|0|+1.001788E+04{@LIM3|+1.000000E+04|+1.100000E+04|+9.000000E+03}}
}
{@BLOCK|pr4648|00
{@A-RES|0|+1.002539E+04{@LIM3|+1.000000E+04|+1.100000E+04|+9.000000E+03}}
}
{@BLOCK|r411|00
{@A-RES|0|+1.002109E+04{@LIM3|+1.000000E+04|+1.100000E+04|+9.000000E+03}}
}
{@BLOCK|r1201|00
{@A-RES|0|+9.999153E+03{@LIM3|+1.000000E+04|+1.100000E+04|+9.000000E+03}}
}
{@BLOCK|r1602|00
{@A-RES|0|+1.000075E+04{@LIM3|+1.000000E+04|+1.100000E+04|+9.000000E+03}}
}
{@BLOCK|r1603|00
{@A-RES|0|+1.002378E+04{@LIM3|+1.000000E+04|+1.100000E+04|+9.000000E+03}}
}
{@BLOCK|r1609|00
{@A-RES|0|+1.007068E+04{@LIM3|+1.000000E+04|+1.100000E+04|+9.000000E+03}}
}
{@BLOCK|r1610|00
{@A-RES|0|+9.911289E+03{@LIM3|+1.000000E+04|+1.100000E+04|+9.000000E+03}}
}
{@BLOCK|r1705|00
{@A-RES|0|+9.955027E+03{@LIM3|+1.000000E+04|+1.100000E+04|+9.000000E+03}}
}
{@BLOCK|r1707|00
{@A-RES|0|+9.975712E+03{@LIM3|+1.000000E+04|+1.100000E+04|+9.000000E+03}}
}
{@BLOCK|r1708|00
{@A-RES|0|+9.986134E+03{@LIM3|+1.000000E+04|+1.100000E+04|+9.000000E+03}}
}
{@BLOCK|r6113|00
{@A-RES|0|+3.662596E+01{@LIM3|+3.300000E+01|+4.620000E+01|+2.145000E+01}}
}
{@BLOCK|r2529|00
{@A-RES|0|+1.015233E+05{@LIM3|+1.000000E+05|+1.150000E+05|+8.500000E+04}}
}
{@BLOCK|r2530|00
{@A-RES|0|+9.793433E+04{@LIM3|+1.000000E+05|+1.150000E+05|+8.500000E+04}}
}
{@BLOCK|r4012|00
{@A-RES|0|+9.464298E+04{@LIM3|+1.000000E+05|+1.250000E+05|+7.500000E+04}}
}
{@BLOCK|pr4501|00
{@A-RES|0|+1.020118E+01{@LIM3|+1.000000E+01|+1.250000E+01|+7.500000E+00}}
}
{@BLOCK|pr5109|00
{@A-RES|0|+1.042828E+01{@LIM3|+1.000000E+01|+1.350000E+01|+6.500000E+00}}
}
{@BLOCK|r2708|00
{@A-RES|0|+1.129213E+01{@LIM3|+1.000000E+01|+1.350000E+01|+6.500000E+00}}
}
{@BLOCK|r1774|00
{@A-RES|0|+1.002508E+04{@LIM3|+1.000000E+04|+1.100000E+04|+9.000000E+03}}
}
{@BLOCK|r1840|00
{@A-RES|0|+9.996646E+03{@LIM3|+1.000000E+04|+1.100000E+04|+9.000000E+03}}
}
{@BLOCK|r1842|00
{@A-RES|0|+1.001107E+04{@LIM3|+1.000000E+04|+1.100000E+04|+9.000000E+03}}
}
{@BLOCK|r1844|00
{@A-RES|0|+1.005892E+04{@LIM3|+1.000000E+04|+1.100000E+04|+9.000000E+03}}
}
{@BLOCK|r1845|00
{@A-RES|0|+9.983857E+03{@LIM3|+1.000000E+04|+1.100000E+04|+9.000000E+03}}
}
{@BLOCK|r1846|00
{@A-RES|0|+1.004813E+04{@LIM3|+1.000000E+04|+1.100000E+04|+9.000000E+03}}
}
{@BLOCK|r2032|00
{@A-RES|0|+1.000038E+04{@LIM3|+1.000000E+04|+1.100000E+04|+9.000000E+03}}
}
{@BLOCK|r2034|00
{@A-RES|0|+1.001803E+04{@LIM3|+1.000000E+04|+1.100000E+04|+9.000000E+03}}
}
{@BLOCK|r2041|00
{@A-RES|0|+1.009634E+04{@LIM3|+1.000000E+04|+1.100000E+04|+9.000000E+03}}
}
{@BLOCK|r1713|00
{@A-RES|0|+9.999687E+03{@LIM3|+1.000000E+04|+1.100000E+04|+9.000000E+03}}
}
{@BLOCK|r1717|00
{@A-RES|0|+9.987951E+03{@LIM3|+1.000000E+04|+1.100000E+04|+9.000000E+03}}
}
{@BLOCK|r1974|00
{@A-RES|0|+1.030741E+04{@LIM3|+1.000000E+04|+1.100000E+04|+9.000000E+03}}
}
{@BLOCK|r2012|00
{@A-RES|0|+9.989017E+03{@LIM3|+1.000000E+04|+1.100000E+04|+9.000000E+03}}
}
{@BLOCK|r2013|00
{@A-RES|0|+1.002217E+04{@LIM3|+1.000000E+04|+1.100000E+04|+9.000000E+03}}
}
{@BLOCK|r2407|00
{@A-RES|0|+9.984223E+03{@LIM3|+1.000000E+04|+1.100000E+04|+9.000000E+03}}
}
{@BLOCK|r2413|00
{@A-RES|0|+1.002056E+04{@LIM3|+1.000000E+04|+1.100000E+04|+9.000000E+03}}
}
{@BLOCK|r2416|00
{@A-RES|0|+9.974118E+03{@LIM3|+1.000000E+04|+1.100000E+04|+9.000000E+03}}
}
{@BLOCK|r2418|00
{@A-RES|0|+9.992749E+03{@LIM3|+1.000000E+04|+1.100000E+04|+9.000000E+03}}
}
{@BLOCK|r2427|00
{@A-RES|0|+1.000203E+04{@LIM3|+1.000000E+04|+1.100000E+04|+9.000000E+03}}
}
{@BLOCK|r2449|00
{@A-RES|0|+1.000022E+04{@LIM3|+1.000000E+04|+1.100000E+04|+9.000000E+03}}
}
{@BLOCK|r2458|00
{@A-RES|0|+9.977856E+03{@LIM3|+1.000000E+04|+1.100000E+04|+9.000000E+03}}
}
{@BLOCK|r2459|00
{@A-RES|0|+9.970931E+03{@LIM3|+1.000000E+04|+1.100000E+04|+9.000000E+03}}
}
{@BLOCK|r2466|00
{@A-RES|0|+1.000556E+04{@LIM3|+1.000000E+04|+1.100000E+04|+9.000000E+03}}
}
{@BLOCK|r2470|00
{@A-RES|0|+1.002270E+04{@LIM3|+1.000000E+04|+1.100000E+04|+9.000000E+03}}
}
{@BLOCK|r2484|00
{@A-RES|0|+9.882849E+03{@LIM3|+1.000000E+04|+1.100000E+04|+9.000000E+03}}
}
{@BLOCK|r2488|00
{@A-RES|0|+9.985305E+03{@LIM3|+1.000000E+04|+1.100000E+04|+9.000000E+03}}
}
{@BLOCK|r2715|00
{@A-RES|0|+9.929686E+03{@LIM3|+1.000000E+04|+1.100000E+04|+9.000000E+03}}
}
{@BLOCK|r4027|00
{@A-RES|0|+1.008969E+04{@LIM3|+1.000000E+04|+1.100000E+04|+9.000000E+03}}
}
{@BLOCK|r5526|00
{@A-RES|0|+9.885309E+03{@LIM3|+1.000000E+04|+1.100000E+04|+9.000000E+03}}
}
{@BLOCK|r5610|00
{@A-RES|0|+9.982626E+03{@LIM3|+1.000000E+04|+1.100000E+04|+9.000000E+03}}
}
{@BLOCK|r5702|00
{@A-RES|0|+9.402400E+03{@LIM3|+1.000000E+04|+1.150000E+04|+8.500000E+03}}
}
{@BLOCK|r6503|00
{@A-RES|0|+9.994349E+03{@LIM3|+1.000000E+04|+1.100000E+04|+9.000000E+03}}
}
{@BLOCK|r6531|00
{@A-RES|0|+1.012843E+04{@LIM3|+1.000000E+04|+1.100000E+04|+9.000000E+03}}
}
{@BLOCK|r7103|00
{@A-RES|0|+9.992749E+03{@LIM3|+1.000000E+04|+1.100000E+04|+9.000000E+03}}
}
{@BLOCK|r7104|00
{@A-RES|0|+9.979434E+03{@LIM3|+1.000000E+04|+1.100000E+04|+9.000000E+03}}
}
{@BLOCK|r7114|00
{@A-RES|0|+1.000931E+04{@LIM3|+1.000000E+04|+1.100000E+04|+9.000000E+03}}
}
{@BLOCK|r7115|00
{@A-RES|0|+9.952381E+03{@LIM3|+1.000000E+04|+1.100000E+04|+9.000000E+03}}
}
{@BLOCK|r7116|00
{@A-RES|0|+9.824441E+03{@LIM3|+1.000000E+04|+1.100000E+04|+9.000000E+03}}
}
{@BLOCK|r7117|00
{@A-RES|0|+1.000503E+04{@LIM3|+1.000000E+04|+1.100000E+04|+9.000000E+03}}
}
{@BLOCK|r7133|00
{@A-RES|0|+9.937064E+03{@LIM3|+1.000000E+04|+1.100000E+04|+9.000000E+03}}
}
{@BLOCK|r7134|00
{@A-RES|0|+1.007773E+04{@LIM3|+1.000000E+04|+1.100000E+04|+9.000000E+03}}
}
{@BLOCK|r2504|00
{@A-RES|0|+9.980133E+03{@LIM3|+1.000000E+04|+1.100000E+04|+9.000000E+03}}
}
{@BLOCK|r2604|00
{@A-RES|0|+1.005083E+04{@LIM3|+1.000000E+04|+1.100000E+04|+9.000000E+03}}
}
{@BLOCK|r3001|00
{@A-RES|0|+1.008546E+04{@LIM3|+1.000000E+04|+1.100000E+04|+9.000000E+03}}
}
{@BLOCK|r6508|00
{@A-RES|0|+9.988116E+03{@LIM3|+1.000000E+04|+1.100000E+04|+9.000000E+03}}
}
{@BLOCK|r7106|00
{@A-RES|0|+1.002554E+04{@LIM3|+1.000000E+04|+1.100000E+04|+9.000000E+03}}
}
{@BLOCK|rn2604%r1|00
{@A-RES|0|+9.965265E+03{@LIM3|+1.000000E+04|+1.100000E+04|+9.000000E+03}}
}
{@BLOCK|rn2604%r2|00
{@A-RES|0|+1.005460E+04{@LIM3|+1.000000E+04|+1.100000E+04|+9.000000E+03}}
}
{@BLOCK|rn5702%r1|00
{@A-RES|0|+1.001375E+04{@LIM3|+1.000000E+04|+1.100000E+04|+9.000000E+03}}
}
{@BLOCK|r7189|00
{@A-RES|0|+9.973055E+03{@LIM3|+1.000000E+04|+1.100000E+04|+9.000000E+03}}
}
{@BLOCK|r7229|00
{@A-RES|0|+9.997551E+03{@LIM3|+1.000000E+04|+1.100000E+04|+9.000000E+03}}
}
{@BLOCK|r7307|00
{@A-RES|0|+9.982094E+03{@LIM3|+1.000000E+04|+1.100000E+04|+9.000000E+03}}
}
{@BLOCK|r7319|00
{@A-RES|0|+9.986886E+03{@LIM3|+1.000000E+04|+1.100000E+04|+9.000000E+03}}
}
{@BLOCK|r7523|00
{@A-RES|0|+9.992216E+03{@LIM3|+1.000000E+04|+1.100000E+04|+9.000000E+03}}
}
{@BLOCK|r7529|00
{@A-RES|0|+9.990083E+03{@LIM3|+1.000000E+04|+1.100000E+04|+9.000000E+03}}
}
{@BLOCK|r2408|00
{@A-RES|0|+1.734061E+05{@LIM3|+1.740000E+05|+2.001000E+05|+1.479000E+05}}
}
{@BLOCK|pr4430|00
{@A-RES|0|+1.344564E+05{@LIM3|+1.370000E+05|+1.575500E+05|+1.164500E+05}}
}
{@BLOCK|pr4433|00
{@A-RES|0|+2.945369E+05{@LIM3|+3.000000E+05|+3.450000E+05|+2.550000E+05}}
}
{@BLOCK|pr4436|00
{@A-RES|0|+9.265870E+03{@LIM3|+9.310000E+03|+1.024100E+04|+8.379000E+03}}
}
{@BLOCK|pr4437|00
{@A-RES|0|+1.418696E+04{@LIM3|+1.430000E+04|+1.573000E+04|+1.287000E+04}}
}
{@BLOCK|r1715|00
{@A-RES|0|+9.983183E+05{@LIM3|+1.000000E+06|+1.250000E+06|+7.500000E+05}}
}
{@BLOCK|pr4518|00
{@A-RES|0|+1.012918E+03{@LIM3|+1.000000E+03|+1.100000E+03|+9.000000E+02}}
}
{@BLOCK|pr4553|00
{@A-RES|0|+1.009878E+03{@LIM3|+1.000000E+03|+1.100000E+03|+9.000000E+02}}
}
{@BLOCK|pr4602|00
{@A-RES|0|+9.999610E+02{@LIM3|+1.000000E+03|+1.100000E+03|+9.000000E+02}}
}
{@BLOCK|pr4603|00
{@A-RES|0|+1.004464E+03{@LIM3|+1.000000E+03|+1.100000E+03|+9.000000E+02}}
}
{@BLOCK|rn5702%r2|00
{@A-RES|0|+1.006757E+04{@LIM3|+1.000000E+04|+1.100000E+04|+9.000000E+03}}
}
{@BLOCK|r312|00
{@A-RES|0|+1.011050E+03{@LIM3|+1.000000E+03|+1.100000E+03|+9.000000E+02}}
}
{@BLOCK|r316|00
{@A-RES|0|+9.996692E+02{@LIM3|+1.000000E+03|+1.100000E+03|+9.000000E+02}}
}
{@BLOCK|r317|00
{@A-RES|0|+9.973803E+02{@LIM3|+1.000000E+03|+1.100000E+03|+9.000000E+02}}
}
{@BLOCK|r602|00
{@A-RES|0|+9.895295E+02{@LIM3|+1.000000E+03|+1.500000E+03|+5.000000E+02}}
}
{@BLOCK|r603|00
{@A-RES|0|+9.790301E+02{@LIM3|+8.920000E+02|+1.248800E+03|+5.352000E+02}}
}
{@BLOCK|r604|00
{@A-RES|0|+9.870786E+02{@LIM3|+1.000000E+03|+1.500000E+03|+5.000000E+02}}
}
{@BLOCK|r606|00
{@A-RES|0|+9.898955E+02{@LIM3|+1.000000E+03|+1.500000E+03|+5.000000E+02}}
}
{@BLOCK|pr4691|00
{@A-RES|0|+1.008519E+03{@LIM3|+1.000000E+03|+1.100000E+03|+9.000000E+02}}
}
{@BLOCK|r605|00
{@A-RES|0|+9.731606E+02{@LIM3|+8.860000E+02|+1.240400E+03|+5.316000E+02}}
}
{@BLOCK|r1514|00
{@A-RES|0|+1.005003E+03{@LIM3|+1.000000E+03|+1.100000E+03|+9.000000E+02}}
}
{@BLOCK|r1709|00
{@A-RES|0|+9.981498E+02{@LIM3|+1.000000E+03|+1.100000E+03|+9.000000E+02}}
}
{@BLOCK|r1712|00
{@A-RES|0|+1.017502E+03{@LIM3|+1.000000E+03|+1.100000E+03|+9.000000E+02}}
}
{@BLOCK|r2430|00
{@A-RES|0|+1.008248E+03{@LIM3|+1.000000E+03|+1.100000E+03|+9.000000E+02}}
}
{@BLOCK|r2431|00
{@A-RES|0|+1.003076E+03{@LIM3|+1.000000E+03|+1.100000E+03|+9.000000E+02}}
}
{@BLOCK|r2460|00
{@A-RES|0|+9.986286E+02{@LIM3|+1.000000E+03|+1.100000E+03|+9.000000E+02}}
}
{@BLOCK|r2461|00
{@A-RES|0|+1.005650E+03{@LIM3|+1.000000E+03|+1.100000E+03|+9.000000E+02}}
}
{@BLOCK|r2526|00
{@A-RES|0|+1.000388E+03{@LIM3|+1.000000E+03|+1.100000E+03|+9.000000E+02}}
}
{@BLOCK|r2527|00
{@A-RES|0|+1.046597E+03{@LIM3|+1.000000E+03|+1.100000E+03|+9.000000E+02}}
}
{@BLOCK|r2749|00
{@A-RES|0|+1.008085E+03{@LIM3|+1.000000E+03|+1.100000E+03|+9.000000E+02}}
}
{@BLOCK|r2750|00
{@A-RES|0|+1.020995E+03{@LIM3|+1.000000E+03|+1.100000E+03|+9.000000E+02}}
}
{@BLOCK|r5516|00
{@A-RES|0|+9.957040E+02{@LIM3|+1.000000E+03|+1.100000E+03|+9.000000E+02}}
}
{@BLOCK|rn1801%r1|00
{@A-RES|0|+9.902366E+02{@LIM3|+1.000000E+03|+1.100000E+03|+9.000000E+02}}
}
{@BLOCK|rn1801%r2|00
{@A-RES|0|+1.003872E+03{@LIM3|+1.000000E+03|+1.100000E+03|+9.000000E+02}}
}
{@BLOCK|r1702|00
{@A-RES|0|+1.001647E+03{@LIM3|+1.000000E+03|+1.100000E+03|+9.000000E+02}}
}
{@BLOCK|r2436|00
{@A-RES|0|+1.004225E+03{@LIM3|+1.000000E+03|+1.100000E+03|+9.000000E+02}}
}
{@BLOCK|r2465|00
{@A-RES|0|+1.012147E+03{@LIM3|+1.000000E+03|+1.100000E+03|+9.000000E+02}}
}
{@BLOCK|r5794|00
{@A-RES|0|+1.017923E+03{@LIM3|+1.000000E+03|+1.100000E+03|+9.000000E+02}}
}
{@BLOCK|rn2003%r1|00
{@A-RES|0|+9.893727E+02{@LIM3|+1.000000E+03|+1.100000E+03|+9.000000E+02}}
}
{@BLOCK|rn2003%r2|00
{@A-RES|0|+9.990294E+02{@LIM3|+1.000000E+03|+1.100000E+03|+9.000000E+02}}
}
{@BLOCK|pr4690|00
{@A-RES|0|+5.253362E+01{@LIM3|+5.000000E+01|+6.750000E+01|+4.500000E+01}}
}
{@BLOCK|r303|00
{@A-RES|0|+1.017390E+02{@LIM3|+1.000000E+02|+1.150000E+02|+9.000000E+01}}
}
{@BLOCK|rn1802%r1|00
{@A-RES|0|+1.056697E+03{@LIM3|+1.000000E+03|+1.100000E+03|+9.000000E+02}}
}
{@BLOCK|rn1802%r2|00
{@A-RES|0|+1.006336E+03{@LIM3|+1.000000E+03|+1.100000E+03|+9.000000E+02}}
}
{@BLOCK|pr4619|00
{@A-RES|0|+1.029431E+02{@LIM3|+1.000000E+02|+1.150000E+02|+9.000000E+01}}
}
{@BLOCK|pr4684|00
{@A-RES|0|+1.041524E+02{@LIM3|+1.000000E+02|+1.150000E+02|+9.000000E+01}}
}
{@BLOCK|pr5037|00
{@A-JUM|0|+5.100019E+00{@LIM2|+1.500000E+01|+0.000000E+00}}
}
{@BLOCK|pr5038|00
{@A-JUM|0|+5.253031E+00{@LIM2|+1.500000E+01|+0.000000E+00}}
}
{@BLOCK|r501|00
{@A-RES|0|+1.028305E+02{@LIM3|+1.000000E+02|+1.150000E+02|+9.000000E+01}}
}
{@BLOCK|r704|00
{@A-RES|0|+1.025276E+02{@LIM3|+8.700000E+01|+1.435500E+02|+4.176000E+01}}
}
{@BLOCK|r1605|00
{@A-RES|0|+1.033185E+02{@LIM3|+1.000000E+02|+1.150000E+02|+9.000000E+01}}
}
{@BLOCK|r4202|00
{@A-RES|0|+1.058177E+02{@LIM3|+1.000000E+02|+1.150000E+02|+9.000000E+01}}
}
{@BLOCK|r4252|00
{@A-RES|0|+1.056866E+02{@LIM3|+1.000000E+02|+1.150000E+02|+9.000000E+01}}
}
{@BLOCK|r4253|00
{@A-RES|0|+1.025507E+02{@LIM3|+1.000000E+02|+1.150000E+02|+9.000000E+01}}
}
{@BLOCK|r6814|00
{@A-RES|0|+1.057164E+02{@LIM3|+1.000000E+02|+1.150000E+02|+9.000000E+01}}
}
{@BLOCK|r6816|00
{@A-RES|0|+1.057343E+02{@LIM3|+1.000000E+02|+1.150000E+02|+9.000000E+01}}
}
{@BLOCK|r6817|00
{@A-RES|0|+1.057521E+02{@LIM3|+1.000000E+02|+1.150000E+02|+9.000000E+01}}
}
{@BLOCK|r6818|00
{@A-RES|0|+1.049537E+02{@LIM3|+1.000000E+02|+1.150000E+02|+9.000000E+01}}
}
{@BLOCK|r705|00
{@A-JUM|0|+4.247211E+00{@LIM2|+1.500000E+01|+0.000000E+00}}
}
{@BLOCK|r801|00
{@A-JUM|0|+4.363568E+00{@LIM2|+1.500000E+01|+0.000000E+00}}
}
{@BLOCK|r802|00
{@A-JUM|0|+5.013578E+00{@LIM2|+1.500000E+01|+0.000000E+00}}
}
{@BLOCK|r6513|00
{@A-RES|0|+1.031093E+02{@LIM3|+1.000000E+02|+1.150000E+02|+9.000000E+01}}
}
{@BLOCK|r6519|00
{@A-RES|0|+1.022848E+02{@LIM3|+1.000000E+02|+1.150000E+02|+9.000000E+01}}
}
{@BLOCK|r6522|00
{@A-RES|0|+1.034587E+02{@LIM3|+1.000000E+02|+1.150000E+02|+9.000000E+01}}
}
{@BLOCK|r7120|00
{@A-RES|0|+1.036470E+02{@LIM3|+1.000000E+02|+1.150000E+02|+9.000000E+01}}
}
{@BLOCK|pr4632|00
{@A-RES|0|+2.197670E+04{@LIM3|+2.200000E+04|+2.420000E+04|+1.980000E+04}}
}
{@BLOCK|r3002|00
{@A-RES|0|+2.198465E+04{@LIM3|+2.200000E+04|+2.420000E+04|+1.980000E+04}}
}
{@BLOCK|pr4633|00
{@A-RES|0|+5.020006E+03{@LIM3|+4.990000E+03|+5.489000E+03|+4.491000E+03}}
}
{@BLOCK|r5701|00
{@A-RES|0|+4.982603E+03{@LIM3|+4.990000E+03|+5.489000E+03|+4.491000E+03}}
}
{@BLOCK|pr4634|00
{@A-RES|0|+1.527007E+02{@LIM3|+1.500000E+02|+1.700000E+02|+1.350000E+02}}
}
{@BLOCK|r401|00
{@A-RES|0|+1.526410E+02{@LIM3|+1.500000E+02|+1.700000E+02|+1.350000E+02}}
}
{@BLOCK|r405|00
{@A-RES|0|+1.523135E+02{@LIM3|+1.500000E+02|+1.700000E+02|+1.350000E+02}}
}
{@BLOCK|r2101|00
{@A-RES|0|+1.519774E+02{@LIM3|+1.500000E+02|+1.700000E+02|+1.350000E+02}}
}
{@BLOCK|r2102|00
{@A-RES|0|+1.524126E+02{@LIM3|+1.500000E+02|+1.700000E+02|+1.350000E+02}}
}
{@BLOCK|pr4635|00
{@A-RES|0|+5.283934E+04{@LIM3|+5.230000E+04|+5.753000E+04|+4.707000E+04}}
}
{@BLOCK|pr4636|00
{@A-RES|0|+8.789943E+03{@LIM3|+8.660000E+03|+9.526000E+03|+7.794000E+03}}
}
{@BLOCK|pr4644|00
{@A-RES|0|+4.852597E+04{@LIM3|+4.990000E+04|+5.489000E+04|+4.491000E+04}}
}
{@BLOCK|pr4646|00
{@A-RES|0|+1.987721E+06{@LIM3|+2.000000E+06|+2.500000E+06|+1.500000E+06}}
}
{@BLOCK|r7504|00
{@A-RES|0|+1.928187E+06{@LIM3|+2.000000E+06|+2.500000E+06|+1.500000E+06}}
}
{@BLOCK|r7505|00
{@A-RES|0|+1.935022E+06{@LIM3|+2.000000E+06|+2.500000E+06|+1.500000E+06}}
}
{@BLOCK|pr4647|00
{@A-RES|0|+1.330145E+05{@LIM3|+1.330000E+05|+1.529500E+05|+1.130500E+05}}
}
{@BLOCK|r304|00
{@A-RES|0|+5.424500E+01{@LIM3|+5.100000E+01|+6.109999E+01|+4.590000E+01}}
}
{@BLOCK|r1607|00
{@A-RES|0|+1.530656E+02{@LIM3|+1.500000E+02|+1.700000E+02|+1.350000E+02}}
}
{@BLOCK|pr4688|00
{@A-RES|0|+4.803506E+01{@LIM3|+4.530000E+01|+6.115500E+01|+4.077000E+01}}
}
{@BLOCK|r305|00
{@A-RES|0|+5.395086E+01{@LIM3|+5.100000E+01|+6.109999E+01|+4.590000E+01}}
}
{@BLOCK|r306|00
{@A-RES|0|+5.347747E+01{@LIM3|+5.100000E+01|+6.109999E+01|+4.590000E+01}}
}
{@BLOCK|r311|00
{@A-RES|0|+5.235812E+01{@LIM3|+4.990000E+01|+5.988998E+01|+4.491000E+01}}
}
{@BLOCK|r2534|00
{@A-RES|0|+5.234741E+01{@LIM3|+4.990000E+01|+5.988998E+01|+4.491000E+01}}
}
{@BLOCK|r2535|00
{@A-RES|0|+5.217095E+01{@LIM3|+4.990000E+01|+5.988998E+01|+4.491000E+01}}
}
{@BLOCK|r1601|00
{@A-RES|0|+2.203693E+03{@LIM3|+2.200000E+03|+2.420000E+03|+1.980000E+03}}
}
{@BLOCK|r310|00
{@A-RES|0|+4.974676E+02{@LIM3|+4.990000E+02|+5.489000E+02|+4.491000E+02}}
}
{@BLOCK|r1876|00
{@A-RES|0|+5.014350E+02{@LIM3|+4.990000E+02|+5.489000E+02|+4.491000E+02}}
}
{@BLOCK|r1877|00
{@A-RES|0|+4.998031E+02{@LIM3|+4.990000E+02|+5.489000E+02|+4.491000E+02}}
}
{@BLOCK|r313|00
{@A-RES|0|+5.247753E+01{@LIM3|+4.990000E+01|+5.988998E+01|+4.491000E+01}}
}
{@BLOCK|r314|00
{@A-RES|0|+5.240733E+01{@LIM3|+4.990000E+01|+5.988998E+01|+4.491000E+01}}
}
{@BLOCK|r601|00
{@A-RES|0|+5.275441E+01{@LIM3|+4.990000E+01|+5.988998E+01|+4.491000E+01}}
}
{@BLOCK|r404|00
{@A-RES|0|+2.202160E+03{@LIM3|+2.200000E+03|+2.420000E+03|+1.980000E+03}}
}
{@BLOCK|r6505|00
{@A-RES|0|+2.206047E+03{@LIM3|+2.200000E+03|+2.420000E+03|+1.980000E+03}}
}
{@BLOCK|r1608|00
{@A-RES|0|+2.203796E+03{@LIM3|+2.200000E+03|+2.420000E+03|+1.980000E+03}}
}
{@BLOCK|r2802|00
{@A-RES|0|+2.162639E+03{@LIM3|+2.200000E+03|+2.530000E+03|+1.870000E+03}}
}
{@BLOCK|r2803|00
{@A-RES|0|+2.118992E+03{@LIM3|+2.200000E+03|+2.420000E+03|+1.980000E+03}}
}
{@BLOCK|r7125|00
{@A-RES|0|+2.194295E+03{@LIM3|+2.200000E+03|+2.420000E+03|+1.980000E+03}}
}
{@BLOCK|rn1806%r1|00
{@A-RES|0|+2.205873E+03{@LIM3|+2.200000E+03|+2.420000E+03|+1.980000E+03}}
}
{@BLOCK|rn1806%r2|00
{@A-RES|0|+2.199882E+03{@LIM3|+2.200000E+03|+2.420000E+03|+1.980000E+03}}
}
{@BLOCK|rn2001%r1|00
{@A-RES|0|+2.203174E+03{@LIM3|+2.200000E+03|+2.420000E+03|+1.980000E+03}}
}
{@BLOCK|rn2002%r1|00
{@A-RES|0|+2.204315E+03{@LIM3|+2.200000E+03|+2.420000E+03|+1.980000E+03}}
}
{@BLOCK|r6506|00
{@A-RES|0|+2.207332E+03{@LIM3|+2.200000E+03|+2.420000E+03|+1.980000E+03}}
}
{@BLOCK|r7126|00
{@A-RES|0|+2.227624E+03{@LIM3|+2.200000E+03|+2.420000E+03|+1.980000E+03}}
}
{@BLOCK|rn5701%r1|00
{@A-RES|0|+2.197405E+03{@LIM3|+2.200000E+03|+2.420000E+03|+1.980000E+03}}
}
{@BLOCK|rn5701%r2|00
{@A-RES|0|+2.194623E+03{@LIM3|+2.200000E+03|+2.420000E+03|+1.980000E+03}}
}
{@BLOCK|r506|00
{@A-RES|0|+4.731952E+02{@LIM3|+4.700000E+02|+5.170000E+02|+4.230000E+02}}
}
{@BLOCK|r2422|00
{@A-RES|0|+4.701319E+02{@LIM3|+4.700000E+02|+5.170000E+02|+4.230000E+02}}
}
{@BLOCK|r1301|00
{@A-RES|0|+2.311212E+04{@LIM3|+2.320000E+04|+2.552000E+04|+2.088000E+04}}
}
{@BLOCK|r1504|00
{@A-RES|0|+2.001076E+04{@LIM3|+2.000000E+04|+2.200000E+04|+1.800000E+04}}
}
{@BLOCK|r1802|00
{@A-RES|0|+2.010686E+04{@LIM3|+2.000000E+04|+2.200000E+04|+1.800000E+04}}
}
{@BLOCK|r1804|00
{@A-RES|0|+1.970126E+04{@LIM3|+2.000000E+04|+2.200000E+04|+1.800000E+04}}
}
{@BLOCK|r3602|00
{@A-RES|0|+1.997148E+04{@LIM3|+2.000000E+04|+2.200000E+04|+1.800000E+04}}
}
{@BLOCK|r1505|00
{@A-RES|0|+4.691969E+04{@LIM3|+4.700000E+04|+5.170000E+04|+4.230000E+04}}
}
{@BLOCK|r6801|00
{@A-RES|0|+4.664377E+04{@LIM3|+4.700000E+04|+5.170000E+04|+4.230000E+04}}
}
{@BLOCK|r6802|00
{@A-RES|0|+4.666237E+04{@LIM3|+4.700000E+04|+5.170000E+04|+4.230000E+04}}
}
{@BLOCK|r1522|00
{@A-RES|0|+4.706574E+03{@LIM3|+4.700000E+03|+5.170000E+03|+4.230000E+03}}
}
{@BLOCK|r2455|00
{@A-RES|0|+4.667507E+03{@LIM3|+4.700000E+03|+5.170000E+03|+4.230000E+03}}
}
{@BLOCK|rn2002%r2|00
{@A-RES|0|+2.198210E+03{@LIM3|+2.200000E+03|+2.420000E+03|+1.980000E+03}}
}
{@BLOCK|r701|00
{@A-RES|0|+5.767677E+01{@LIM3|+5.600000E+01|+7.560000E+01|+5.040000E+01}}
}
{@BLOCK|r2437|00
{@A-RES|0|+2.006746E+04{@LIM3|+2.000000E+04|+2.200000E+04|+1.800000E+04}}
}
{@BLOCK|rn2601%r1|00
{@A-RES|0|+4.721330E+03{@LIM3|+4.700000E+03|+5.170000E+03|+4.230000E+03}}
}
{@BLOCK|rn2601%r2|00
{@A-RES|0|+4.735575E+03{@LIM3|+4.700000E+03|+5.170000E+03|+4.230000E+03}}
}
{@BLOCK|rn2602%r1|00
{@A-RES|0|+4.723235E+03{@LIM3|+4.700000E+03|+5.170000E+03|+4.230000E+03}}
}
{@BLOCK|rn2602%r2|00
{@A-RES|0|+4.686598E+03{@LIM3|+4.700000E+03|+5.170000E+03|+4.230000E+03}}
}
{@BLOCK|r1701|00
{@A-RES|0|+6.555715E+01{@LIM3|+6.200000E+01|+7.319999E+01|+5.580000E+01}}
}
{@BLOCK|r2456|00
{@A-RES|0|+4.913109E+03{@LIM3|+4.700000E+03|+6.110000E+03|+4.230000E+03}}
}
{@BLOCK|r2478|00
{@A-RES|0|+4.684906E+03{@LIM3|+4.700000E+03|+5.170000E+03|+4.230000E+03}}
}
{@BLOCK|r2479|00
{@A-RES|0|+4.793566E+03{@LIM3|+4.700000E+03|+5.170000E+03|+4.230000E+03}}
}
{@BLOCK|r2528|00
{@A-RES|0|+4.678118E+03{@LIM3|+4.700000E+03|+5.170000E+03|+4.230000E+03}}
}
{@BLOCK|r5704|00
{@A-RES|0|+4.689834E+03{@LIM3|+4.700000E+03|+5.170000E+03|+4.230000E+03}}
}
{@BLOCK|r1604|00
{@A-RES|0|+1.151601E+02{@LIM3|+1.130000E+02|+1.293000E+02|+1.017000E+02}}
}
{@BLOCK|r6101|00
{@A-RES|0|+1.989997E+05{@LIM3|+2.000000E+05|+2.300000E+05|+1.700000E+05}}
}
{@BLOCK|r7302|00
{@A-RES|0|+1.997047E+05{@LIM3|+2.000000E+05|+2.300000E+05|+1.700000E+05}}
}
{@BLOCK|r1805|00
{@A-RES|0|+6.331238E+01{@LIM3|+6.040000E+01|+7.143997E+01|+5.436000E+01}}
}
{@BLOCK|r1822|00
{@A-RES|0|+7.403481E+04{@LIM3|+7.500000E+04|+8.250000E+04|+6.750000E+04}}
}
{@BLOCK|r6107|00
{@A-RES|0|+7.380129E+04{@LIM3|+7.500000E+04|+8.250000E+04|+6.750000E+04}}
}
{@BLOCK|r1901|00
{@A-RES|0|+2.033188E+02{@LIM3|+2.000000E+02|+2.250000E+02|+1.800000E+02}}
}
{@BLOCK|r2001|00
{@A-RES|0|+2.039029E+02{@LIM3|+2.000000E+02|+2.250000E+02|+1.800000E+02}}
}
{@BLOCK|r1963|00
{@A-RES|0|+3.108498E+01{@LIM3|+2.700000E+01|+3.470000E+01|+2.430000E+01}}
}
{@BLOCK|r1965|00
{@A-RES|0|+3.201681E+01{@LIM3|+2.700000E+01|+3.470000E+01|+2.430000E+01}}
}
{@BLOCK|r2401|00
{@A-RES|0|+1.999067E+04{@LIM3|+2.000000E+04|+2.300000E+04|+1.700000E+04}}
}
{@BLOCK|r1803|00
{@A-RES|0|+1.960653E+05{@LIM3|+2.000000E+05|+2.300000E+05|+1.700000E+05}}
}
{@BLOCK|r2710|00
{@A-RES|0|+1.998033E+05{@LIM3|+2.000000E+05|+2.300000E+05|+1.700000E+05}}
}
{@BLOCK|r2467|00
{@A-RES|0|+7.426077E+04{@LIM3|+7.500000E+04|+8.250000E+04|+6.750000E+04}}
}
{@BLOCK|r1964|00
{@A-RES|0|+3.239507E+01{@LIM3|+3.200000E+01|+4.320000E+01|+2.880000E+01}}
}
{@BLOCK|r2420|00
{@A-RES|0|+2.751352E+01{@LIM3|+2.700000E+01|+3.583637E+01|+2.430000E+01}}
}
{@BLOCK|r2421|00
{@A-RES|0|+2.700272E+01{@LIM3|+2.700000E+01|+3.583637E+01|+2.430000E+01}}
}
{@BLOCK|r2462|00
{@A-RES|0|+2.708654E+01{@LIM3|+2.700000E+01|+3.583637E+01|+2.430000E+01}}
}
{@BLOCK|r2463|00
{@A-RES|0|+2.719781E+01{@LIM3|+2.700000E+01|+3.583637E+01|+2.430000E+01}}
}
{@BLOCK|r2489|00
{@A-RES|0|+2.681978E+01{@LIM3|+2.700000E+01|+3.583637E+01|+2.430000E+01}}
}
{@BLOCK|r2450|00
{@A-RES|0|+4.667456E+01{@LIM3|+4.300000E+01|+5.805000E+01|+3.870000E+01}}
}
{@BLOCK|r2509|00
{@A-RES|0|+1.752001E+01{@LIM3|+1.500000E+01|+2.149999E+01|+1.350000E+01}}
}
{@BLOCK|r2531|00
{@A-RES|0|+2.488429E+01{@LIM3|+2.200000E+01|+3.153333E+01|+1.980000E+01}}
}
{@BLOCK|r2532|00
{@A-RES|0|+1.773324E+01{@LIM3|+1.500000E+01|+2.149999E+01|+1.350000E+01}}
}
{@BLOCK|r2533|00
{@A-RES|0|+1.760151E+01{@LIM3|+1.500000E+01|+2.149999E+01|+1.350000E+01}}
}
{@BLOCK|r2635|00
{@A-RES|0|+7.519279E+03{@LIM3|+7.500000E+03|+8.250000E+03|+6.750000E+03}}
}
{@BLOCK|r2640|00
{@A-RES|0|+1.461235E+04{@LIM3|+1.400000E+04|+1.540000E+04|+1.260000E+04}}
}
{@BLOCK|r2434|00
{@A-RES|0|+3.292925E+05{@LIM3|+3.300000E+05|+3.795000E+05|+2.475000E+05}}
}
{@BLOCK|r2705|00
{@A-RES|0|+4.498291E+01{@LIM3|+4.300000E+01|+5.230000E+01|+3.870000E+01}}
}
{@BLOCK|r2706|00
{@A-RES|0|+4.502601E+01{@LIM3|+4.300000E+01|+5.230000E+01|+3.870000E+01}}
}
{@BLOCK|r2612|00
{@A-RES|0|+1.594617E+04{@LIM3|+1.600000E+04|+1.760000E+04|+1.440000E+04}}
}
{@BLOCK|r3601|00
{@A-RES|0|+2.680923E+06{@LIM3|+2.700000E+06|+3.375000E+06|+2.025000E+06}}
}
{@BLOCK|r6104|00
{@A-RES|0|+4.199423E+01{@LIM3|+3.900000E+01|+4.790000E+01|+3.510000E+01}}
}
{@BLOCK|r6118|00
{@A-RES|0|+4.150466E+01{@LIM3|+3.900000E+01|+4.790000E+01|+3.510000E+01}}
}
{@BLOCK|r6401|00
{@A-RES|0|+8.474474E+02{@LIM3|+8.450000E+02|+9.295000E+02|+7.605000E+02}}
}
{@BLOCK|r6404|00
{@A-RES|0|+1.600117E+03{@LIM3|+1.600000E+03|+1.760000E+03|+1.440000E+03}}
}
{@BLOCK|r6405|00
{@A-RES|0|+7.172288E+02{@LIM3|+7.150000E+02|+7.865000E+02|+6.435000E+02}}
}
{@BLOCK|r7124|00
{@A-RES|0|+3.304670E+03{@LIM3|+3.300000E+03|+3.630000E+03|+2.970000E+03}}
}
{@BLOCK|r7127|00
{@A-RES|0|+3.322968E+03{@LIM3|+3.300000E+03|+3.630000E+03|+2.970000E+03}}
}
{@BLOCK|r7363|00
{@A-RES|0|+3.287035E+03{@LIM3|+3.300000E+03|+3.630000E+03|+2.970000E+03}}
}
{@BLOCK|r7364|00
{@A-RES|0|+3.411354E+03{@LIM3|+3.300000E+03|+3.630000E+03|+2.970000E+03}}
}
{@BLOCK|r7305|00
{@A-RES|0|+8.209367E+04{@LIM3|+8.200000E+04|+9.020000E+04|+7.380000E+04}}
}
{@BLOCK|pq4404|00
{@A-NFE|0|+9.432076E+01{@LIM2|+2.000000E+02|+2.000000E+01}}
}
{@BLOCK|pu4403%qfb|00
{@A-NFE|0|+4.436223E+01{@LIM2|+2.000000E+02|+2.000000E+01}}
}
{@BLOCK|q1701%qf1|00
{@A-NFE|0|+8.857505E+01{@LIM2|+2.000000E+02|+2.000000E+01}}
}
{@BLOCK|q1801|00
{@A-NFE|0|+9.085838E+01{@LIM2|+2.000000E+02|+2.000000E+01}}
}
{@BLOCK|q1803%qf1|00
{@A-NFE|0|+8.844905E+01{@LIM2|+2.000000E+02|+2.000000E+01}}
}
{@BLOCK|q1803%qf2|00
{@A-NFE|0|+9.418969E+01{@LIM2|+2.000000E+02|+2.000000E+01}}
}
{@BLOCK|q2403|00
{@A-NFE|0|+9.149995E+01{@LIM2|+2.000000E+02|+2.000000E+01}}
}
{@BLOCK|q2406|00
{@A-NFE|0|+7.772291E+01{@LIM2|+2.000000E+02|+2.000000E+01}}
}
{@BLOCK|q2408|00
{@A-NFE|0|+4.794957E+01{@LIM2|+2.000000E+02|+2.000000E+01}}
}
{@BLOCK|q2418|00
{@A-NFE|0|+9.110553E+01{@LIM2|+2.000000E+02|+2.000000E+01}}
}
{@BLOCK|q2501|00
{@A-NFE|0|+7.687529E+01{@LIM2|+2.000000E+02|+2.000000E+01}}
}
{@BLOCK|q3001|00
{@A-NFE|0|+8.357627E+01{@LIM2|+2.000000E+02|+2.000000E+01}}
}
{@BLOCK|q4002|00
{@A-NFE|0|+5.582017E+01{@LIM2|+2.000000E+02|+2.000000E+01}}
}
{@BLOCK|q5701%qf1|00
{@A-NFE|0|+9.265651E+01{@LIM2|+2.000000E+02|+2.000000E+01}}
}
{@BLOCK|q5701%qf2|00
{@A-NFE|0|+5.522735E+01{@LIM2|+2.000000E+02|+2.000000E+01}}
}
{@BLOCK|q6401%qf1|00
{@A-NFE|0|+4.899900E+01{@LIM2|+2.000000E+02|+2.000000E+01}}
}
{@BLOCK|q6401%qf2|00
{@A-NFE|0|+4.466916E+01{@LIM2|+2.000000E+02|+2.000000E+01}}
}
{@BLOCK|q6402%qf1|00
{@A-NFE|0|+9.051305E+01{@LIM2|+2.000000E+02|+2.000000E+01}}
}
{@BLOCK|q6501|00
{@A-NFE|0|+9.665912E+01{@LIM2|+2.000000E+02|+2.000000E+01}}
}
{@BLOCK|q6512|00
{@A-NFE|0|+9.256852E+01{@LIM2|+2.000000E+02|+2.000000E+01}}
}
{@BLOCK|q6513|00
{@A-NFE|0|+7.114846E+01{@LIM2|+2.000000E+02|+2.000000E+01}}
}
{@BLOCK|q6514%qf1|00
{@A-NFE|0|+1.063558E+02{@LIM2|+2.000000E+02|+2.000000E+01}}
}
{@BLOCK|q2402|00
{@A-PFE|0|+1.274286E+02{@LIM2|+2.000000E+02|+2.000000E+01}}
}
{@BLOCK|d4001|00
{@A-DIO|0|+4.702476E-01{@LIM2|+8.000000E-01|+4.000000E-01}}
}
{@BLOCK|d4002|00
{@A-DIO|0|+4.983744E-01{@LIM2|+8.000000E-01|+4.000000E-01}}
}
{@BLOCK|r7119|00
{@A-RES|0|+4.742314E+03{@LIM3|+4.750000E+03|+5.225000E+03|+4.275000E+03}}
}
{@BLOCK|q2405%qf1|00
{@A-NFE|0|+8.853459E+01{@LIM2|+2.000000E+02|+2.000000E+01}}
}
{@BLOCK|q2405%qf2|00
{@A-NFE|0|+9.825529E+01{@LIM2|+2.000000E+02|+2.000000E+01}}
}
{@BLOCK|q2407%qf2|00
{@A-NFE|0|+8.132381E+01{@LIM2|+2.000000E+02|+2.000000E+01}}
}
{@BLOCK|q2601|00
{@A-NFE|0|+1.011010E+02{@LIM2|+2.000000E+02|+2.000000E+01}}
}
{@BLOCK|q6515%qf1|00
{@A-NFE|0|+9.699006E+01{@LIM2|+2.000000E+02|+2.000000E+01}}
}
{@BLOCK|q6515%qf2|00
{@A-NFE|0|+1.229063E+02{@LIM2|+2.000000E+02|+2.000000E+01}}
}
{@BLOCK|d4007|00
{@A-DIO|0|+4.834840E-01{@LIM2|+8.000000E-01|+4.000000E-01}}
}
{@BLOCK|d5501|00
{@A-DIO|0|+4.085653E-01{@LIM2|+6.000000E-01|+2.000000E-01}}
}
{@BLOCK|d5502|00
{@A-DIO|0|+3.798400E-01{@LIM2|+6.000000E-01|+2.000000E-01}}
}
{@BLOCK|d5504|00
{@A-DIO|0|+4.683668E-01{@LIM2|+6.000000E-01|+2.000000E-01}}
}
{@BLOCK|d5507|00
{@A-DIO|0|+3.911677E-01{@LIM2|+6.000000E-01|+2.000000E-01}}
}
{@BLOCK|d7103|00
{@A-DIO|0|+3.689826E-01{@LIM2|+6.000000E-01|+2.000000E-01}}
}
{@BLOCK|d7104|00
{@A-DIO|0|+3.880900E-01{@LIM2|+6.000000E-01|+2.000000E-01}}
}
{@BLOCK|led2|00
{@A-DIO|0|+3.130653E+00{@LIM2|+3.500000E+00|+2.500000E+00}}
}
{@BLOCK|led3|00
{@A-DIO|0|+2.000985E+00{@LIM2|+2.500000E+00|+1.500000E+00}}
}
{@BLOCK|led4|00
{@A-DIO|0|+3.127404E+00{@LIM2|+3.800000E+00|+2.800000E+00}}
}
{@BLOCK|d2503%cra|00
{@A-DIO|0|+5.335115E-01{@LIM2|+8.000000E-01|+4.000000E-01}}
}
{@BLOCK|d2503%crb|00
{@A-DIO|0|+5.279118E-01{@LIM2|+8.000000E-01|+4.000000E-01}}
}
{@BLOCK|d4004%cra|00
{@A-DIO|0|+5.288201E-01{@LIM2|+8.000000E-01|+4.000000E-01}}
}
{@BLOCK|d4004%crb|00
{@A-DIO|0|+5.166803E-01{@LIM2|+8.000000E-01|+4.000000E-01}}
}
{@BLOCK|d4005%cra|00
{@A-DIO|0|+5.564233E-01{@LIM2|+8.000000E-01|+4.000000E-01}}
}
{@BLOCK|d4005%crb|00
{@A-DIO|0|+5.535594E-01{@LIM2|+8.000000E-01|+4.000000E-01}}
}
{@BLOCK|d5505%cra|00
{@A-DIO|0|+5.567226E-01{@LIM2|+8.000000E-01|+4.000000E-01}}
}
{@BLOCK|d5505%crb|00
{@A-DIO|0|+5.053420E-01{@LIM2|+8.000000E-01|+4.000000E-01}}
}
{@BLOCK|d5701%d1|00
{@A-DIO|0|+7.001778E-01{@LIM2|+8.000000E-01|+4.000000E-01}}
}
{@BLOCK|d5701%d2|00
{@A-DIO|0|+7.002633E-01{@LIM2|+8.000000E-01|+4.000000E-01}}
}
{@BLOCK|ed3501%cr6|00
{@A-DIO|0|+7.012037E-01{@LIM2|+9.000000E-01|+5.000000E-01}}
}
{@BLOCK|q2401|00
{@A-DIO|0|+7.257826E-01|B-E{@LIM2|+8.050000E-01|+6.020000E-01}}
{@A-DIO|0|+7.252696E-01|B-C{@LIM2|+8.040000E-01|+6.020000E-01}}
}
{@BLOCK|d2201|00
{@A-DIO|0|+4.982430E-01{@LIM2|+8.000000E-01|+4.000000E-01}}
}
{@BLOCK|ed5709|00
{@A-DIO|0|+6.921132E-01{@LIM2|+8.000000E-01|+4.000000E-01}}
}
{@BLOCK|ed5710|00
{@A-DIO|0|+7.420383E-01{@LIM2|+8.000000E-01|+4.000000E-01}}
}
{@BLOCK|ed5711|00
{@A-DIO|0|+7.256246E-01{@LIM2|+8.000000E-01|+4.000000E-01}}
}
{@BLOCK|ed6436|00
{@A-DIO|0|+5.792686E-01{@LIM2|+8.000000E-01|+4.000000E-01}}
}
{@BLOCK|ed7220%ds|00
{@A-DIO|0|+4.843461E-01{@LIM2|+8.000000E-01|+4.000000E-01}}
}
{@BLOCK|ed7230|00
{@A-DIO|0|+5.765330E-01{@LIM2|+9.000000E-01|+4.000000E-01}}
}
{@BLOCK|ed7231|00
{@A-DIO|0|+5.495187E-01{@LIM2|+9.000000E-01|+4.000000E-01}}
}
{@BLOCK|ed7520%ds|00
{@A-DIO|0|+6.442397E-01{@LIM2|+8.000000E-01|+4.000000E-01}}
}
{@BLOCK|ed7525|00
{@A-DIO|0|+5.919209E-01{@LIM2|+9.000000E-01|+4.000000E-01}}
}
}}