{@BATCH|loq15_irxe11_intel||4082|1||btest|050602104514~16|ICT0265\engineer|ICT0265|C:/Agilent_ICT/boards/loq15_irxe11_intel|RevA|5b21d47151||5b21d47151
{@BTEST|6583003415|00|050602152210|000019|0|all||n||050602152229||1
{@BLOCK|cf7704|00
{@A-CAP|0|+9.932849E-08{@LIM3|+1.001000E-07|+1.201200E-07|+8.008000E-08}}
}
{@BLOCK|cc27|00
{@A-CAP|0|+6.383557E-05{@LIM3|+6.600000E-05|+9.240000E-05|+3.960000E-05}}
}
{@BLOCK|pc307|00
{@A-CAP|0|+1.684177E-04{@LIM3|+1.643010E-04|+2.793117E-04|+8.215050E-05}}
}
{@BLOCK|pc516|00
{@A-CAP|0|+5.396840E-06{@LIM3|+4.700000E-06|+6.110000E-06|+3.290000E-06}}
}
{@BLOCK|c3803|00
{@A-CAP|0|+5.278221E-05{@LIM3|+4.592000E-05|+6.428800E-05|+2.755200E-05}}
}
{@BLOCK|pc311|00
{@A-CAP|0|+5.208606E-06{@LIM3|+5.700000E-06|+7.410000E-06|+3.990000E-06}}
}
{@BLOCK|ch44|00
{@A-CAP|0|+1.311510E-04{@LIM3|+1.241010E-04|+1.613313E-04|+8.687070E-05}}
}
{@BLOCK|c61941|00
{@A-CAP|0|+3.232367E-04{@LIM3|+3.203010E-04|+5.445117E-04|+9.609030E-05}}
}
{@BLOCK|cd20|00
{@A-CAP|0|+2.093935E-04{@LIM3|+1.731000E-04|+2.250300E-04|+1.211700E-04}}
}
{@BLOCK|cg3720|00
{@A-CAP|0|+1.079236E-06{@LIM3|+1.000000E-06|+1.300000E-06|+7.000000E-07}}
}
{@BLOCK|ch4|00
{@A-CAP|0|+1.059520E-06{@LIM3|+1.000000E-06|+1.300000E-06|+7.000000E-07}}
}
{@BLOCK|ch35|00
{@A-CAP|0|+2.008602E-04{@LIM3|+2.054000E-04|+2.670200E-04|+1.437800E-04}}
}
{@BLOCK|cv1425|00
{@A-CAP|0|+2.434407E-04{@LIM3|+2.166010E-04|+2.815813E-04|+1.516207E-04}}
}
{@BLOCK|pcdg4|00
{@A-CAP|0|+6.612468E-05{@LIM3|+6.511100E-05|+8.464430E-05|+4.557770E-05}}
}
{@BLOCK|pcw7|00
{@A-CAP|0|+1.627806E-03{@LIM3|+1.530000E-03|+2.295000E-03|+7.650000E-04}}
}
{@BLOCK|cw5209|00
{@A-CAP|0|+1.237162E-06{@LIM3|+1.000000E-06|+1.300000E-06|+7.000000E-07}}
}
{@BLOCK|pcv614|00
{@A-CAP|0|+6.904608E-03{@LIM3|+6.903000E-03|+9.319050E-03|+4.486950E-03}}
}
{@BLOCK|pcz74|00
{@A-CAP|0|+1.518855E-03{@LIM3|+1.752000E-03|+2.452800E-03|+1.047565E-03}}
}
{@BLOCK|ca5606|00
{@A-CAP|0|+2.414891E-06{@LIM3|+2.400000E-06|+3.120000E-06|+1.680000E-06}}
}
{@BLOCK|c8740|00
{@A-CAP|0|+1.020748E-07{@LIM3|+1.000000E-07|+1.500000E-07|+5.000000E-08}}
}
{@BLOCK|cf1|00
{@A-CAP|0|+1.354779E-05{@LIM3|+1.510000E-05|+1.963000E-05|+1.057000E-05}}
}
{@BLOCK|c8757|00
{@A-CAP|0|+9.671776E-08{@LIM3|+1.000000E-07|+1.200000E-07|+8.000000E-08}}
}
{@BLOCK|c8758|00
{@A-CAP|0|+9.805407E-08{@LIM3|+1.000000E-07|+1.200000E-07|+8.000000E-08}}
}
{@BLOCK|c8768|00
{@A-CAP|0|+9.603079E-08{@LIM3|+1.000000E-07|+1.200000E-07|+8.000000E-08}}
}
{@BLOCK|c8769|00
{@A-CAP|0|+9.832698E-08{@LIM3|+1.000000E-07|+1.200000E-07|+8.000000E-08}}
}
{@BLOCK|ca5620|00
{@A-CAP|0|+1.146853E-07{@LIM3|+1.000000E-07|+1.200000E-07|+8.000000E-08}}
}
{@BLOCK|cbl6412|00
{@A-CAP|0|+1.127516E-07{@LIM3|+1.000000E-07|+1.350000E-07|+6.500000E-08}}
}
{@BLOCK|cbl6413|00
{@A-CAP|0|+1.113822E-07{@LIM3|+1.000000E-07|+1.350000E-07|+6.500000E-08}}
}
{@BLOCK|cbl6414|00
{@A-CAP|0|+9.878382E-08{@LIM3|+1.000000E-07|+1.700000E-07|+5.000000E-08}}
}
{@BLOCK|cbl6419|00
{@A-CAP|0|+1.064069E-07{@LIM3|+1.000000E-07|+1.200000E-07|+8.000000E-08}}
}
{@BLOCK|cbl6422|00
{@A-CAP|0|+1.154572E-07{@LIM3|+1.180000E-07|+2.006000E-07|+3.540000E-08}}
}
{@BLOCK|ch5|00
{@A-CAP|0|+1.417064E-06{@LIM3|+1.300000E-06|+2.210000E-06|+6.500000E-07}}
}
{@BLOCK|ch4014|00
{@A-CAP|0|+1.051349E-07{@LIM3|+1.000000E-07|+1.300000E-07|+7.000000E-08}}
}
{@BLOCK|ct4454|00
{@A-CAP|0|+4.617797E-06{@LIM3|+4.080000E-06|+4.896000E-06|+3.264000E-06}}
}
{@BLOCK|ct520|00
{@A-CAP|0|+1.063270E-07{@LIM3|+1.000000E-07|+1.200000E-07|+8.000000E-08}}
}
{@BLOCK|ct521|00
{@A-CAP|0|+1.082489E-07{@LIM3|+1.000000E-07|+1.200000E-07|+8.000000E-08}}
}
{@BLOCK|ct522|00
{@A-CAP|0|+1.093544E-07{@LIM3|+1.000000E-07|+1.200000E-07|+8.000000E-08}}
}
{@BLOCK|ct523|00
{@A-CAP|0|+1.095037E-07{@LIM3|+1.000000E-07|+1.200000E-07|+8.000000E-08}}
}
{@BLOCK|ct7209|00
{@A-CAP|0|+1.634497E-04{@LIM3|+1.500000E-04|+1.950000E-04|+1.050000E-04}}
}
{@BLOCK|ctp8|00
{@A-CAP|0|+9.713183E-08{@LIM3|+1.000000E-07|+1.200000E-07|+8.000000E-08}}
}
{@BLOCK|ctp6306|00
{@A-CAP|0|+9.364224E-06{@LIM3|+1.000000E-05|+1.300000E-05|+7.000000E-06}}
}
{@BLOCK|cw5203|00
{@A-CAP|0|+2.017680E-05{@LIM3|+2.022000E-05|+2.628600E-05|+1.415400E-05}}
}
{@BLOCK|pcb14|00
{@A-CAP|0|+4.889243E-06{@LIM3|+4.500000E-06|+5.400000E-06|+3.600000E-06}}
}
{@BLOCK|pc6|00
{@A-CAP|0|+9.279411E-08{@LIM3|+8.000000E-08|+9.600000E-08|+6.400000E-08}}
}
{@BLOCK|pcv58|00
{@A-CAP|0|+3.697483E-04{@LIM3|+4.201480E-04|+5.882072E-04|+2.520888E-04}}
}
{@BLOCK|pc1805|00
{@A-CAP|0|+1.014137E-07{@LIM3|+1.000000E-07|+1.200000E-07|+8.000000E-08}}
}
{@BLOCK|pca17|00
{@A-CAP|0|+1.048564E-07{@LIM3|+1.000000E-07|+1.200000E-07|+8.000000E-08}}
}
{@BLOCK|pcb30|00
{@A-CAP|0|+1.174244E-07{@LIM3|+1.000000E-07|+1.300000E-07|+7.000000E-08}}
}
{@BLOCK|pcw5|00
{@A-CAP|0|+9.667542E-08{@LIM3|+1.000000E-07|+1.200000E-07|+8.000000E-08}}
}
{@BLOCK|pc1504|00
{@A-CAP|0|+5.920288E-05{@LIM3|+5.400000E-05|+7.290000E-05|+3.510000E-05}}
}
{@BLOCK|cc52|00
{@A-CAP|0|+1.624761E-04{@LIM3|+1.600010E-04|+2.160013E-04|+1.040007E-04}}
}
{@BLOCK|ct61|00
{@A-CAP|0|+9.142730E-06{@LIM3|+1.000000E-05|+1.300000E-05|+7.000000E-06}}
}
{@BLOCK|c3801|00
{@A-CAP|0|+4.677642E-06{@LIM3|+4.700000E-06|+6.110000E-06|+3.290000E-06}}
}
{@BLOCK|pc522|00
{@A-CAP|0|+4.742942E-06{@LIM3|+4.700000E-06|+6.110000E-06|+3.290000E-06}}
}
{@BLOCK|ca5602|00
{@A-CAP|0|+1.185429E-09{@LIM3|+1.000000E-09|+1.300000E-09|+7.000000E-10}}
}
{@BLOCK|ca5603|00
{@A-CAP|0|+1.183831E-09{@LIM3|+1.000000E-09|+1.300000E-09|+7.000000E-10}}
}
{@BLOCK|ca5604|00
{@A-CAP|0|+1.157388E-09{@LIM3|+1.000000E-09|+1.300000E-09|+7.000000E-10}}
}
{@BLOCK|ca5605|00
{@A-CAP|0|+1.171287E-09{@LIM3|+1.000000E-09|+1.300000E-09|+7.000000E-10}}
}
{@BLOCK|pcb20|00
{@A-CAP|0|+4.143226E-05{@LIM3|+4.001200E-05|+5.201560E-05|+2.800840E-05}}
}
{@BLOCK|pc204|00
{@A-CAP|0|+2.230668E-08{@LIM3|+2.200000E-08|+2.640000E-08|+1.760000E-08}}
}
{@BLOCK|c8750|00
{@A-CAP|0|+2.464916E-09{@LIM3|+2.200000E-09|+2.640000E-09|+1.760000E-09}}
}
{@BLOCK|cd17|00
{@A-CAP|0|+2.451263E-09{@LIM3|+2.200000E-09|+2.640000E-09|+1.760000E-09}}
}
{@BLOCK|cth3|00
{@A-CAP|0|+2.247883E-09{@LIM3|+2.200000E-09|+2.640000E-09|+1.760000E-09}}
}
{@BLOCK|ctp6304|00
{@A-CAP|0|+2.258163E-09{@LIM3|+2.200000E-09|+2.860000E-09|+1.540000E-09}}
}
{@BLOCK|ctp6305|00
{@A-CAP|0|+2.471516E-09{@LIM3|+2.200000E-09|+2.860000E-09|+1.540000E-09}}
}
{@BLOCK|pcb16|00
{@A-CAP|0|+2.302900E-09{@LIM3|+2.200000E-09|+2.640000E-09|+1.760000E-09}}
}
{@BLOCK|pcv15|00
{@A-CAP|0|+2.293667E-09{@LIM3|+2.200000E-09|+2.640000E-09|+1.760000E-09}}
}
{@BLOCK|pca31|00
{@A-CAP|0|+7.995787E-04{@LIM3|+9.240010E-04|+1.293601E-03|+5.524833E-04}}
}
{@BLOCK|pcg13|00
{@A-CAP|0|+9.042925E-04{@LIM3|+1.013000E-03|+1.519500E-03|+5.065000E-04}}
}
{@BLOCK|ca5608|00
{@A-CAP|0|+2.207321E-06{@LIM3|+2.200000E-06|+2.860000E-06|+1.540000E-06}}
}
{@BLOCK|ca5614|00
{@A-CAP|0|+2.532755E-06{@LIM3|+2.200000E-06|+2.860000E-06|+1.540000E-06}}
}
{@BLOCK|ca5615|00
{@A-CAP|0|+2.206279E-06{@LIM3|+2.200000E-06|+2.860000E-06|+1.540000E-06}}
}
{@BLOCK|pcz3|00
{@A-CAP|0|+2.178380E-06{@LIM3|+2.200000E-06|+2.860000E-06|+1.540000E-06}}
}
{@BLOCK|cl5120|00
{@A-CAP|0|+1.025610E-08{@LIM3|+1.000000E-08|+1.200000E-08|+8.000000E-09}}
}
{@BLOCK|pcv9|00
{@A-CAP|0|+9.558334E-09{@LIM3|+1.000000E-08|+1.200000E-08|+8.000000E-09}}
}
{@BLOCK|pcv10|00
{@A-CAP|0|+1.007015E-08{@LIM3|+1.000000E-08|+1.200000E-08|+8.000000E-09}}
}
{@BLOCK|pcw30|00
{@A-CAP|0|+1.091570E-08{@LIM3|+1.000000E-08|+1.200000E-08|+8.000000E-09}}
}
{@BLOCK|cg3714|00
{@A-CAP|0|+3.555826E-10{@LIM3|+3.600000E-10|+4.401817E-10|+3.060000E-10}}
}
{@BLOCK|cg3715|00
{@A-CAP|0|+3.337409E-10{@LIM3|+3.200000E-10|+3.912726E-10|+2.720000E-10}}
}
{@BLOCK|ct146|00
{@A-CAP|0|+3.739487E-10{@LIM3|+3.800000E-10|+4.646363E-10|+3.230000E-10}}
}
{@BLOCK|ct155|00
{@A-CAP|0|+3.666967E-10{@LIM3|+3.800000E-10|+4.646363E-10|+3.230000E-10}}
}
{@BLOCK|pc520|00
{@A-CAP|0|+9.413424E-07{@LIM3|+1.000000E-06|+1.500000E-06|+5.000000E-07}}
}
{@BLOCK|pcb12|00
{@A-CAP|0|+1.934180E-06{@LIM3|+2.000000E-06|+3.000000E-06|+1.000000E-06}}
}
{@BLOCK|pcg9|00
{@A-CAP|0|+2.072833E-07{@LIM3|+2.200000E-07|+3.300000E-07|+1.100000E-07}}
}
{@BLOCK|pcz18|00
{@A-CAP|0|+2.315434E-07{@LIM3|+2.200000E-07|+3.300000E-07|+1.100000E-07}}
}
{@BLOCK|pcz70|00
{@A-CAP|0|+2.139725E-07{@LIM3|+2.200000E-07|+3.300000E-07|+1.100000E-07}}
}
{@BLOCK|ch24|00
{@A-CAP|0|+1.673563E-04{@LIM3|+2.000000E-04|+2.600000E-04|+1.399408E-04}}
}
{@BLOCK|pcz26|00
{@A-CAP|0|+5.406599E-07{@LIM3|+4.700000E-07|+7.990000E-07|+1.410000E-07}}
}
{@BLOCK|ct525|00
{@A-CAP|0|+3.163964E-07{@LIM3|+3.300000E-07|+3.960000E-07|+2.640000E-07}}
}
{@BLOCK|ct526|00
{@A-CAP|0|+3.134745E-07{@LIM3|+3.300000E-07|+3.960000E-07|+2.640000E-07}}
}
{@BLOCK|cc23|00
{@A-CAP|0|+3.475558E-06{@LIM3|+3.300000E-06|+4.950000E-06|+1.650000E-06}}
}
{@BLOCK|cl5111|00
{@A-CAP|0|+1.008031E-07{@LIM3|+1.000000E-07|+1.200000E-07|+8.000000E-08}}
}
{@BLOCK|pck20|00
{@A-CAP|0|+4.782843E-10{@LIM3|+4.700000E-10|+5.675001E-10|+3.760000E-10}}
}
{@BLOCK|cth5|00
{@A-CAP|0|+2.270514E-09{@LIM3|+2.200000E-09|+2.640000E-09|+1.760000E-09}}
}
{@BLOCK|pca14|00
{@A-CAP|0|+2.289949E-09{@LIM3|+2.200000E-09|+2.640000E-09|+1.760000E-09}}
}
{@BLOCK|cv15|00
{@A-CAP|0|+1.083871E-06{@LIM3|+1.730000E-06|+2.941000E-06|+8.650000E-07}}
}
{@BLOCK|pcb2|00
{@A-CAP|0|+2.384333E-08{@LIM3|+2.200000E-08|+2.640000E-08|+1.760000E-08}}
}
{@BLOCK|pcb4|00
{@A-CAP|0|+5.329694E-08{@LIM3|+4.700000E-08|+6.110000E-08|+3.290000E-08}}
}
{@BLOCK|pcw17|00
{@A-CAP|0|+1.099132E-09{@LIM3|+1.000000E-09|+1.300000E-09|+7.000000E-10}}
}
{@BLOCK|pcv4|00
{@A-CAP|0|+3.896392E-09{@LIM3|+3.300000E-09|+4.290000E-09|+2.310000E-09}}
}
{@BLOCK|ph201|00
{@A-RES|0|+1.089691E+05{@LIM3|+1.000000E+05|+1.400000E+05|+6.000000E+04}}
}
{@BLOCK|pr25|00
{@A-RES|0|+1.001384E+05{@LIM3|+1.000000E+05|+1.250000E+05|+7.500000E+04}}
}
{@BLOCK|pr27|00
{@A-RES|0|+1.222235E+05{@LIM3|+1.400000E+05|+1.680000E+05|+1.120000E+05}}
}
{@BLOCK|pr33|00
{@A-RES|0|+1.002149E+05{@LIM3|+1.000000E+05|+1.110000E+05|+8.900000E+04}}
}
{@BLOCK|pr37|00
{@A-RES|0|+1.003571E+05{@LIM3|+1.000000E+05|+1.150000E+05|+8.500000E+04}}
}
{@BLOCK|prb13|00
{@A-RES|0|+1.000404E+05{@LIM3|+1.000000E+05|+1.110000E+05|+8.900000E+04}}
}
{@BLOCK|prb22|00
{@A-RES|0|+9.920447E+04{@LIM3|+1.000000E+05|+1.110000E+05|+8.900000E+04}}
}
{@BLOCK|prb26|00
{@A-RES|0|+1.002995E+05{@LIM3|+1.000000E+05|+1.110000E+05|+8.900000E+04}}
}
{@BLOCK|prb31|00
{@A-RES|0|+9.150344E+04{@LIM3|+1.000000E+05|+1.110000E+05|+8.900000E+04}}
}
{@BLOCK|prb32|00
{@A-RES|0|+1.029337E+05{@LIM3|+1.000000E+05|+1.110000E+05|+8.900000E+04}}
}
{@BLOCK|ra5622|00
{@A-RES|0|+1.006435E+05{@LIM3|+1.000000E+05|+1.110000E+05|+8.900000E+04}}
}
{@BLOCK|rg57|00
{@A-RES|0|+9.485114E+04{@LIM3|+1.000000E+05|+1.110000E+05|+8.900000E+04}}
}
{@BLOCK|rg60|00
{@A-RES|0|+9.969720E+04{@LIM3|+1.000000E+05|+1.110000E+05|+8.900000E+04}}
}
{@BLOCK|rg61|00
{@A-RES|0|+9.988109E+04{@LIM3|+1.000000E+05|+1.110000E+05|+8.900000E+04}}
}
{@BLOCK|rg62|00
{@A-RES|0|+1.004635E+05{@LIM3|+1.000000E+05|+1.110000E+05|+8.900000E+04}}
}
{@BLOCK|rts4|00
{@A-RES|0|+1.059062E+05{@LIM3|+1.000000E+05|+1.550000E+05|+4.500000E+04}}
}
{@BLOCK|rts5|00
{@A-RES|0|+1.044757E+05{@LIM3|+1.000000E+05|+1.550000E+05|+4.500000E+04}}
}
{@BLOCK|pra23|00
{@A-RES|0|+1.675112E+03{@LIM3|+1.667000E+03|+1.767020E+03|+1.566980E+03}}
}
{@BLOCK|prv8|00
{@A-RES|0|+9.983769E+03{@LIM3|+1.000000E+04|+1.060000E+04|+9.400000E+03}}
}
{@BLOCK|prv33|00
{@A-RES|0|+9.991891E+03{@LIM3|+1.000000E+04|+1.060000E+04|+9.400000E+03}}
}
{@BLOCK|prv90|00
{@A-RES|0|+1.001165E+04{@LIM3|+1.000000E+04|+1.060000E+04|+9.400000E+03}}
}
{@BLOCK|prw7|00
{@A-RES|0|+1.000397E+04{@LIM3|+1.000000E+04|+1.060000E+04|+9.400000E+03}}
}
{@BLOCK|prz28|00
{@A-RES|0|+9.988160E+03{@LIM3|+1.000000E+04|+1.060000E+04|+9.400000E+03}}
}
{@BLOCK|prz81|00
{@A-RES|0|+1.003203E+04{@LIM3|+1.000000E+04|+1.060000E+04|+9.400000E+03}}
}
{@BLOCK|rc829|00
{@A-RES|0|+9.968489E+03{@LIM3|+1.000000E+04|+1.060000E+04|+9.400000E+03}}
}
{@BLOCK|rg56|00
{@A-RES|0|+9.977203E+03{@LIM3|+1.000000E+04|+1.060000E+04|+9.400000E+03}}
}
{@BLOCK|phb1|00
{@A-RES|0|+1.264856E+04{@LIM3|+1.200000E+04|+1.860000E+04|+5.400000E+03}}
}
{@BLOCK|rt150|00
{@A-RES|0|+1.695840E+05{@LIM3|+1.700000E+05|+1.955000E+05|+1.445000E+05}}
}
{@BLOCK|pr26|00
{@A-RES|0|+1.283147E+05{@LIM3|+1.400000E+05|+1.750000E+05|+1.050000E+05}}
}
{@BLOCK|prw15|00
{@A-RES|0|+4.514116E+05{@LIM3|+4.530000E+05|+5.028300E+05|+4.031700E+05}}
}
{@BLOCK|phz3|00
{@A-RES|0|+1.021774E+04{@LIM3|+1.000000E+04|+1.500000E+04|+5.000000E+03}}
}
{@BLOCK|phz4|00
{@A-RES|0|+1.035166E+04{@LIM3|+1.000000E+04|+1.500000E+04|+5.000000E+03}}
}
{@BLOCK|prz109|00
{@A-RES|0|+2.128824E+03{@LIM3|+2.027000E+03|+2.351320E+03|+1.702680E+03}}
}
{@BLOCK|prv5|00
{@A-RES|0|+9.962470E+03{@LIM3|+1.000000E+04|+1.060000E+04|+9.400000E+03}}
}
{@BLOCK|prw21|00
{@A-RES|0|+1.000394E+04{@LIM3|+1.000000E+04|+1.060000E+04|+9.400000E+03}}
}
{@BLOCK|rg189|00
{@A-RES|0|+1.000822E+04{@LIM3|+1.000000E+04|+1.060000E+04|+9.400000E+03}}
}
{@BLOCK|rg1605|00
{@A-RES|0|+9.968258E+03{@LIM3|+1.000000E+04|+1.060000E+04|+9.400000E+03}}
}
{@BLOCK|prz79|00
{@A-RES|0|+1.002648E+02{@LIM3|+1.000000E+02|+1.100000E+02|+9.000000E+01}}
}
{@BLOCK|pr201|00
{@A-RES|0|+1.004692E+02{@LIM3|+1.000000E+02|+1.110000E+02|+9.400000E+01}}
}
{@BLOCK|pr202|00
{@A-RES|0|+1.006709E+02{@LIM3|+1.000000E+02|+1.110000E+02|+9.400000E+01}}
}
{@BLOCK|pra15|00
{@A-JUM|0|+3.900938E+00{@LIM2|+1.500000E+01|+0.000000E+00}}
}
{@BLOCK|pra29|00
{@A-JUM|0|+3.461544E+00{@LIM2|+1.500000E+01|+0.000000E+00}}
}
{@BLOCK|prw20|00
{@A-JUM|0|+3.792778E+00{@LIM2|+1.500000E+01|+0.000000E+00}}
}
{@BLOCK|prz52|00
{@A-JUM|0|+4.683045E+00{@LIM2|+1.500000E+01|+0.000000E+00}}
}
{@BLOCK|prz73|00
{@A-JUM|0|+4.802093E+00{@LIM2|+1.500000E+01|+0.000000E+00}}
}
{@BLOCK|pr203|00
{@A-RES|0|+1.992440E+05{@LIM3|+2.000000E+05|+2.220000E+05|+1.780000E+05}}
}
{@BLOCK|rg1844|00
{@A-RES|0|+2.007444E+05{@LIM3|+2.000000E+05|+2.220000E+05|+1.780000E+05}}
}
{@BLOCK|pr204|00
{@A-RES|0|+1.013383E+04{@LIM3|+1.000000E+04|+1.100000E+04|+9.000000E+03}}
}
{@BLOCK|r3814|00
{@A-RES|0|+9.982836E+03{@LIM3|+1.000000E+04|+1.100000E+04|+9.000000E+03}}
}
{@BLOCK|r5802|00
{@A-RES|0|+1.008226E+04{@LIM3|+1.000000E+04|+1.100000E+04|+9.000000E+03}}
}
{@BLOCK|r5804|00
{@A-RES|0|+1.007575E+04{@LIM3|+1.000000E+04|+1.100000E+04|+9.000000E+03}}
}
{@BLOCK|r5830|00
{@A-RES|0|+1.004872E+04{@LIM3|+1.000000E+04|+1.100000E+04|+9.000000E+03}}
}
{@BLOCK|r10203|00
{@A-RES|0|+1.011822E+04{@LIM3|+1.000000E+04|+1.100000E+04|+9.000000E+03}}
}
{@BLOCK|r10205|00
{@A-RES|0|+1.017926E+04{@LIM3|+1.000000E+04|+1.100000E+04|+9.000000E+03}}
}
{@BLOCK|ra5626|00
{@A-RES|0|+1.991935E+05{@LIM3|+2.000000E+05|+2.220000E+05|+1.780000E+05}}
}
{@BLOCK|rg47|00
{@A-RES|0|+9.937549E+04{@LIM3|+1.000000E+05|+1.110000E+05|+8.900000E+04}}
}
{@BLOCK|rg50|00
{@A-RES|0|+1.992944E+05{@LIM3|+2.000000E+05|+2.220000E+05|+1.780000E+05}}
}
{@BLOCK|rg1795|00
{@A-RES|0|+2.000571E+05{@LIM3|+2.000000E+05|+2.220000E+05|+1.780000E+05}}
}
{@BLOCK|rg1796|00
{@A-RES|0|+1.998871E+05{@LIM3|+2.000000E+05|+2.220000E+05|+1.780000E+05}}
}
{@BLOCK|r5812|00
{@A-RES|0|+1.009946E+04{@LIM3|+1.000000E+04|+1.100000E+04|+9.000000E+03}}
}
{@BLOCK|ra5608|00
{@A-RES|0|+1.005985E+04{@LIM3|+1.000000E+04|+1.100000E+04|+9.000000E+03}}
}
{@BLOCK|rc60|00
{@A-RES|0|+1.029186E+04{@LIM3|+1.000000E+04|+1.100000E+04|+9.000000E+03}}
}
{@BLOCK|rc62|00
{@A-RES|0|+1.024987E+04{@LIM3|+1.000000E+04|+1.100000E+04|+9.000000E+03}}
}
{@BLOCK|rc364|00
{@A-RES|0|+1.033560E+04{@LIM3|+1.000000E+04|+1.100000E+04|+9.000000E+03}}
}
{@BLOCK|rc365|00
{@A-RES|0|+1.033490E+04{@LIM3|+1.000000E+04|+1.100000E+04|+9.000000E+03}}
}
{@BLOCK|rc732|00
{@A-RES|0|+9.997086E+03{@LIM3|+1.000000E+04|+1.100000E+04|+9.000000E+03}}
}
{@BLOCK|rc1165|00
{@A-RES|0|+9.998602E+03{@LIM3|+1.000000E+04|+1.100000E+04|+9.000000E+03}}
}
{@BLOCK|rc1168|00
{@A-RES|0|+1.002967E+04{@LIM3|+1.000000E+04|+1.100000E+04|+9.000000E+03}}
}
{@BLOCK|rg5|00
{@A-RES|0|+1.005020E+04{@LIM3|+1.000000E+04|+1.150000E+04|+8.500000E+03}}
}
{@BLOCK|rg25|00
{@A-RES|0|+9.988467E+03{@LIM3|+1.000000E+04|+1.100000E+04|+9.000000E+03}}
}
{@BLOCK|r10284|00
{@A-RES|0|+1.042207E+04{@LIM3|+1.000000E+04|+1.150000E+04|+8.500000E+03}}
}
{@BLOCK|rbl6456|00
{@A-RES|0|+1.005034E+04{@LIM3|+1.000000E+04|+1.100000E+04|+9.000000E+03}}
}
{@BLOCK|rbl6457|00
{@A-RES|0|+1.022149E+04{@LIM3|+1.000000E+04|+1.100000E+04|+9.000000E+03}}
}
{@BLOCK|rc1211|00
{@A-RES|0|+1.040261E+04{@LIM3|+1.000000E+04|+1.100000E+04|+9.000000E+03}}
}
{@BLOCK|rg1|00
{@A-RES|0|+1.005304E+04{@LIM3|+1.000000E+04|+1.100000E+04|+9.000000E+03}}
}
{@BLOCK|rg16|00
{@A-RES|0|+6.652693E+03{@LIM3|+6.400000E+03|+7.040000E+03|+5.760000E+03}}
}
{@BLOCK|rg21|00
{@A-RES|0|+1.010885E+04{@LIM3|+1.000000E+04|+1.100000E+04|+9.000000E+03}}
}
{@BLOCK|rg35|00
{@A-RES|0|+1.017926E+04{@LIM3|+1.000000E+04|+1.100000E+04|+9.000000E+03}}
}
{@BLOCK|rg40|00
{@A-RES|0|+1.005124E+04{@LIM3|+1.000000E+04|+1.100000E+04|+9.000000E+03}}
}
{@BLOCK|rg70|00
{@A-RES|0|+1.012150E+04{@LIM3|+1.000000E+04|+1.100000E+04|+9.000000E+03}}
}
{@BLOCK|rg140|00
{@A-RES|0|+1.009188E+04{@LIM3|+1.000000E+04|+1.150000E+04|+8.500000E+03}}
}
{@BLOCK|rg141|00
{@A-RES|0|+1.011154E+04{@LIM3|+1.000000E+04|+1.100000E+04|+9.000000E+03}}
}
{@BLOCK|rg142|00
{@A-RES|0|+1.003529E+04{@LIM3|+1.000000E+04|+1.100000E+04|+9.000000E+03}}
}
{@BLOCK|rg199|00
{@A-RES|0|+9.958417E+03{@LIM3|+1.000000E+04|+1.100000E+04|+9.000000E+03}}
}
{@BLOCK|rg287|00
{@A-RES|0|+9.999564E+03{@LIM3|+1.000000E+04|+1.100000E+04|+9.000000E+03}}
}
{@BLOCK|rg1805|00
{@A-RES|0|+9.980176E+03{@LIM3|+1.000000E+04|+1.100000E+04|+9.000000E+03}}
}
{@BLOCK|rg29|00
{@A-RES|0|+1.005282E+04{@LIM3|+1.000000E+04|+1.100000E+04|+9.000000E+03}}
}
{@BLOCK|rg64|00
{@A-RES|0|+9.993798E+03{@LIM3|+1.000000E+04|+1.100000E+04|+9.000000E+03}}
}
{@BLOCK|prw2|00
{@A-RES|0|+4.423457E+04{@LIM3|+4.420000E+04|+4.685200E+04|+4.154800E+04}}
}
{@BLOCK|rg1632|00
{@A-RES|0|+1.004822E+04{@LIM3|+1.000000E+04|+1.100000E+04|+9.000000E+03}}
}
{@BLOCK|rh39|00
{@A-RES|0|+9.949718E+03{@LIM3|+1.000000E+04|+1.100000E+04|+9.000000E+03}}
}
{@BLOCK|rh49|00
{@A-RES|0|+1.001465E+04{@LIM3|+1.000000E+04|+1.100000E+04|+9.000000E+03}}
}
{@BLOCK|rh81|00
{@A-RES|0|+9.913892E+03{@LIM3|+1.000000E+04|+1.100000E+04|+9.000000E+03}}
}
{@BLOCK|rh168|00
{@A-RES|0|+9.941265E+03{@LIM3|+1.000000E+04|+1.100000E+04|+9.000000E+03}}
}
{@BLOCK|rh110|00
{@A-RES|0|+9.962656E+03{@LIM3|+1.000000E+04|+1.100000E+04|+9.000000E+03}}
}
{@BLOCK|rn70|00
{@A-RES|0|+9.386511E+03{@LIM3|+1.000000E+04|+1.150000E+04|+8.500000E+03}}
}
{@BLOCK|rn77|00
{@A-RES|0|+1.007250E+04{@LIM3|+1.000000E+04|+1.100000E+04|+9.000000E+03}}
}
{@BLOCK|rn1118|00
{@A-RES|0|+9.948366E+03{@LIM3|+1.000000E+04|+1.100000E+04|+9.000000E+03}}
}
{@BLOCK|rn1119|00
{@A-RES|0|+9.932010E+03{@LIM3|+1.000000E+04|+1.100000E+04|+9.000000E+03}}
}
{@BLOCK|rt116|00
{@A-RES|0|+1.017318E+04{@LIM3|+1.000000E+04|+1.100000E+04|+9.000000E+03}}
}
{@BLOCK|rw5217|00
{@A-RES|0|+9.945196E+03{@LIM3|+1.000000E+04|+1.100000E+04|+9.000000E+03}}
}
{@BLOCK|rbl6450|00
{@A-RES|0|+9.995038E+02{@LIM3|+1.000000E+03|+1.100000E+03|+9.000000E+02}}
}
{@BLOCK|rh189|00
{@A-RES|0|+9.967393E+02{@LIM3|+1.000000E+03|+1.100000E+03|+9.000000E+02}}
}
{@BLOCK|rh190|00
{@A-RES|0|+9.978539E+02{@LIM3|+1.000000E+03|+1.100000E+03|+9.000000E+02}}
}
{@BLOCK|rl5101|00
{@A-RES|0|+9.993966E+02{@LIM3|+1.000000E+03|+1.100000E+03|+9.000000E+02}}
}
{@BLOCK|pr211|00
{@A-RES|0|+7.522308E+02{@LIM3|+7.500000E+02|+7.950000E+02|+7.050000E+02}}
}
{@BLOCK|rtp6309|00
{@A-RES|0|+7.498164E+02{@LIM3|+7.500000E+02|+7.950000E+02|+7.050000E+02}}
}
{@BLOCK|pr212|00
{@A-RES|0|+4.696438E+04{@LIM3|+4.700000E+04|+4.982000E+04|+4.418000E+04}}
}
{@BLOCK|pr214|00
{@A-RES|0|+4.619027E+04{@LIM3|+4.700000E+04|+4.982000E+04|+4.418000E+04}}
}
{@BLOCK|prs4|00
{@A-RES|0|+4.683279E+04{@LIM3|+4.700000E+04|+4.982000E+04|+4.418000E+04}}
}
{@BLOCK|rh170|00
{@A-RES|0|+9.917043E+03{@LIM3|+1.000000E+04|+1.100000E+04|+9.000000E+03}}
}
{@BLOCK|pr205|00
{@A-RES|0|+1.429461E+04{@LIM3|+1.430000E+04|+1.515800E+04|+1.344200E+04}}
}
{@BLOCK|pr210|00
{@A-RES|0|+1.002387E+03{@LIM3|+1.000000E+03|+1.100000E+03|+9.000000E+02}}
}
{@BLOCK|rc32|00
{@A-RES|0|+9.949048E+02{@LIM3|+1.000000E+03|+1.150000E+03|+8.500000E+02}}
}
{@BLOCK|rc878|00
{@A-RES|0|+1.043213E+03{@LIM3|+1.000000E+03|+1.100000E+03|+9.000000E+02}}
}
{@BLOCK|rc892|00
{@A-RES|0|+1.011765E+03{@LIM3|+1.000000E+03|+1.100000E+03|+9.000000E+02}}
}
{@BLOCK|rc18|00
{@A-RES|0|+1.004004E+03{@LIM3|+1.000000E+03|+1.150000E+03|+8.500000E+02}}
}
{@BLOCK|rh19|00
{@A-RES|0|+1.007464E+03{@LIM3|+1.000000E+03|+1.150000E+03|+8.500000E+02}}
}
{@BLOCK|prs6|00
{@A-RES|0|+4.662747E+04{@LIM3|+4.700000E+04|+4.982000E+04|+4.418000E+04}}
}
{@BLOCK|pr213|00
{@A-RES|0|+4.690933E+05{@LIM3|+4.700000E+05|+5.217000E+05|+4.183000E+05}}
}
{@BLOCK|pr215|00
{@A-RES|0|+4.701099E+05{@LIM3|+4.700000E+05|+5.217000E+05|+4.183000E+05}}
}
{@BLOCK|prs5|00
{@A-RES|0|+4.703720E+05{@LIM3|+4.700000E+05|+5.217000E+05|+4.183000E+05}}
}
{@BLOCK|prv24|00
{@A-RES|0|+1.000716E+03{@LIM3|+1.000000E+03|+1.060000E+03|+9.400000E+02}}
}
{@BLOCK|prw1|00
{@A-RES|0|+1.003957E+03{@LIM3|+1.000000E+03|+1.060000E+03|+9.400000E+02}}
}
{@BLOCK|rtp6308|00
{@A-RES|0|+1.000453E+03{@LIM3|+1.000000E+03|+1.060000E+03|+9.400000E+02}}
}
{@BLOCK|rtp6339|00
{@A-RES|0|+1.004904E+03{@LIM3|+1.000000E+03|+1.060000E+03|+9.400000E+02}}
}
{@BLOCK|rtp6340|00
{@A-RES|0|+1.003131E+03{@LIM3|+1.000000E+03|+1.060000E+03|+9.400000E+02}}
}
{@BLOCK|pr507|00
{@A-RES|0|+1.014520E+05{@LIM3|+1.000000E+05|+1.150000E+05|+8.500000E+04}}
}
{@BLOCK|pr1885|00
{@A-RES|0|+1.012687E+05{@LIM3|+1.000000E+05|+1.300000E+05|+7.000000E+04}}
}
{@BLOCK|prb29|00
{@A-RES|0|+1.004236E+05{@LIM3|+1.000000E+05|+1.150000E+05|+8.500000E+04}}
}
{@BLOCK|prb30|00
{@A-RES|0|+9.791183E+04{@LIM3|+1.000000E+05|+1.150000E+05|+8.500000E+04}}
}
{@BLOCK|prk4|00
{@A-RES|0|+1.011997E+05{@LIM3|+1.000000E+05|+1.150000E+05|+8.500000E+04}}
}
{@BLOCK|prk12|00
{@A-RES|0|+1.005041E+05{@LIM3|+1.000000E+05|+1.150000E+05|+8.500000E+04}}
}
{@BLOCK|r3803|00
{@A-RES|0|+4.859820E+04{@LIM3|+5.000000E+04|+5.750000E+04|+4.250000E+04}}
}
{@BLOCK|r3806|00
{@A-RES|0|+1.013970E+05{@LIM3|+1.000000E+05|+1.150000E+05|+8.500000E+04}}
}
{@BLOCK|rh172|00
{@A-RES|0|+9.285285E+04{@LIM3|+1.000000E+05|+1.250000E+05|+7.500000E+04}}
}
{@BLOCK|r5824|00
{@A-RES|0|+1.000743E+05{@LIM3|+1.000000E+05|+1.150000E+05|+8.500000E+04}}
}
{@BLOCK|r5825|00
{@A-RES|0|+1.002654E+05{@LIM3|+1.000000E+05|+1.150000E+05|+8.500000E+04}}
}
{@BLOCK|r5839|00
{@A-RES|0|+9.916839E+04{@LIM3|+1.000000E+05|+1.150000E+05|+8.500000E+04}}
}
{@BLOCK|r10153|00
{@A-RES|0|+9.708109E+04{@LIM3|+1.000000E+05|+1.150000E+05|+8.500000E+04}}
}
{@BLOCK|r10178|00
{@A-RES|0|+1.006903E+05{@LIM3|+1.000000E+05|+1.150000E+05|+8.500000E+04}}
}
{@BLOCK|r10251|00
{@A-RES|0|+1.000850E+05{@LIM3|+1.000000E+05|+1.150000E+05|+8.500000E+04}}
}
{@BLOCK|r10252|00
{@A-RES|0|+1.002136E+05{@LIM3|+1.000000E+05|+1.150000E+05|+8.500000E+04}}
}
{@BLOCK|r10253|00
{@A-RES|0|+9.977709E+04{@LIM3|+1.000000E+05|+1.150000E+05|+8.500000E+04}}
}
{@BLOCK|r10264|00
{@A-RES|0|+1.004287E+05{@LIM3|+1.000000E+05|+1.150000E+05|+8.500000E+04}}
}
{@BLOCK|rbl80|00
{@A-RES|0|+1.004780E+05{@LIM3|+1.000000E+05|+1.150000E+05|+8.500000E+04}}
}
{@BLOCK|rbl6436|00
{@A-RES|0|+9.998876E+04{@LIM3|+1.000000E+05|+1.150000E+05|+8.500000E+04}}
}
{@BLOCK|rbl6437|00
{@A-RES|0|+1.000315E+05{@LIM3|+1.000000E+05|+1.150000E+05|+8.500000E+04}}
}
{@BLOCK|rbl6438|00
{@A-RES|0|+1.003856E+05{@LIM3|+1.000000E+05|+1.150000E+05|+8.500000E+04}}
}
{@BLOCK|rc893|00
{@A-RES|0|+1.011336E+05{@LIM3|+1.000000E+05|+1.150000E+05|+8.500000E+04}}
}
{@BLOCK|rc1157|00
{@A-RES|0|+9.252563E+04{@LIM3|+9.300000E+04|+1.069500E+05|+7.905000E+04}}
}
{@BLOCK|rg1810|00
{@A-RES|0|+1.001385E+05{@LIM3|+1.000000E+05|+1.150000E+05|+8.500000E+04}}
}
{@BLOCK|rh8|00
{@A-RES|0|+9.363647E+04{@LIM3|+8.500000E+04|+1.317500E+05|+3.825000E+04}}
}
{@BLOCK|rh41|00
{@A-RES|0|+9.314949E+04{@LIM3|+1.000000E+05|+1.250000E+05|+7.500000E+04}}
}
{@BLOCK|rh42|00
{@A-RES|0|+8.571977E+04{@LIM3|+9.090900E+04|+1.136362E+05|+6.818175E+04}}
}
{@BLOCK|rh91|00
{@A-RES|0|+1.066565E+05{@LIM3|+1.000000E+05|+1.150000E+05|+8.500000E+04}}
}
{@BLOCK|rh158|00
{@A-RES|0|+9.915603E+04{@LIM3|+9.300000E+04|+1.255500E+05|+6.045000E+04}}
}
{@BLOCK|rh167|00
{@A-RES|0|+1.018273E+05{@LIM3|+1.000000E+05|+1.150000E+05|+8.500000E+04}}
}
{@BLOCK|pr1101|00
{@A-RES|0|+1.009269E+05{@LIM3|+1.000000E+05|+1.150000E+05|+8.500000E+04}}
}
{@BLOCK|pr1805|00
{@A-RES|0|+1.014410E+05{@LIM3|+1.000000E+05|+1.150000E+05|+8.500000E+04}}
}
{@BLOCK|r10179|00
{@A-RES|0|+9.995684E+04{@LIM3|+1.000000E+05|+1.150000E+05|+8.500000E+04}}
}
{@BLOCK|rc894|00
{@A-RES|0|+1.017276E+05{@LIM3|+1.000000E+05|+1.150000E+05|+8.500000E+04}}
}
{@BLOCK|rh104|00
{@A-RES|0|+8.956166E+04{@LIM3|+1.000000E+05|+1.350000E+05|+6.500000E+04}}
}
{@BLOCK|rh115|00
{@A-RES|0|+9.945766E+04{@LIM3|+1.000000E+05|+1.150000E+05|+8.500000E+04}}
}
{@BLOCK|rv750|00
{@A-RES|0|+8.071464E+04{@LIM3|+1.000000E+05|+1.250000E+05|+7.500000E+04}}
}
{@BLOCK|prs1|00
{@A-RES|0|+4.966569E+05{@LIM3|+4.990000E+05|+5.538900E+05|+4.441100E+05}}
}
{@BLOCK|rh179|00
{@A-RES|0|+1.008712E+05{@LIM3|+1.000000E+05|+1.250000E+05|+7.500000E+04}}
}
{@BLOCK|rh180|00
{@A-RES|0|+9.828190E+04{@LIM3|+1.000000E+05|+1.250000E+05|+7.500000E+04}}
}
{@BLOCK|rh186|00
{@A-RES|0|+9.861430E+04{@LIM3|+1.000000E+05|+1.250000E+05|+7.500000E+04}}
}
{@BLOCK|rw5202|00
{@A-RES|0|+1.000850E+05{@LIM3|+1.000000E+05|+1.150000E+05|+8.500000E+04}}
}
{@BLOCK|rw5211|00
{@A-RES|0|+1.011559E+05{@LIM3|+1.000000E+05|+1.150000E+05|+8.500000E+04}}
}
{@BLOCK|pr505|00
{@A-RES|0|+4.931510E+05{@LIM3|+4.990000E+05|+5.538900E+05|+4.441100E+05}}
}
{@BLOCK|pr509|00
{@A-RES|0|+2.193664E+03{@LIM3|+2.200000E+03|+2.420000E+03|+1.980000E+03}}
}
{@BLOCK|r5806|00
{@A-RES|0|+2.203971E+03{@LIM3|+2.200000E+03|+2.420000E+03|+1.980000E+03}}
}
{@BLOCK|r5834|00
{@A-RES|0|+2.214218E+03{@LIM3|+2.200000E+03|+2.420000E+03|+1.980000E+03}}
}
{@BLOCK|ra5609|00
{@A-RES|0|+2.295277E+03{@LIM3|+2.200000E+03|+2.420000E+03|+1.980000E+03}}
}
{@BLOCK|rg12|00
{@A-RES|0|+2.251578E+03{@LIM3|+2.200000E+03|+2.420000E+03|+1.980000E+03}}
}
{@BLOCK|rg13|00
{@A-RES|0|+2.214926E+03{@LIM3|+2.200000E+03|+2.420000E+03|+1.980000E+03}}
}
{@BLOCK|rg27|00
{@A-RES|0|+2.227257E+03{@LIM3|+2.200000E+03|+2.420000E+03|+1.980000E+03}}
}
{@BLOCK|rg28|00
{@A-RES|0|+2.206820E+03{@LIM3|+2.200000E+03|+2.420000E+03|+1.980000E+03}}
}
{@BLOCK|rh5|00
{@A-RES|0|+2.182598E+03{@LIM3|+2.200000E+03|+2.420000E+03|+1.980000E+03}}
}
{@BLOCK|rh6|00
{@A-RES|0|+2.191694E+03{@LIM3|+2.200000E+03|+2.420000E+03|+1.980000E+03}}
}
{@BLOCK|r5807|00
{@A-RES|0|+2.217646E+03{@LIM3|+2.200000E+03|+2.420000E+03|+1.980000E+03}}
}
{@BLOCK|r5835|00
{@A-RES|0|+2.285740E+03{@LIM3|+2.200000E+03|+2.420000E+03|+1.980000E+03}}
}
{@BLOCK|pr512|00
{@A-RES|0|+4.000003E+05{@LIM3|+5.000000E+05|+8.500000E+05|+1.500000E+05}}
}
{@BLOCK|pr1001|00
{@A-RES|0|+9.932998E+05{@LIM3|+1.000000E+06|+1.210000E+06|+7.900000E+05}}
}
{@BLOCK|pr1806|00
{@A-RES|0|+8.732860E+05{@LIM3|+1.000000E+06|+1.210000E+06|+7.900000E+05}}
}
{@BLOCK|prb2|00
{@A-RES|0|+1.003131E+06{@LIM3|+1.000000E+06|+1.210000E+06|+7.900000E+05}}
}
{@BLOCK|prk7|00
{@A-RES|0|+6.746344E+05{@LIM3|+7.000000E+05|+9.100000E+05|+4.900000E+05}}
}
{@BLOCK|prk16|00
{@A-RES|0|+6.507818E+05{@LIM3|+1.000000E+06|+1.500000E+06|+5.000000E+05}}
}
{@BLOCK|r374|00
{@A-RES|0|+1.003154E+06{@LIM3|+1.000000E+06|+1.210000E+06|+7.900000E+05}}
}
{@BLOCK|pr1802|00
{@A-RES|0|+3.316834E+03{@LIM3|+3.300000E+03|+3.498000E+03|+3.102000E+03}}
}
{@BLOCK|pr1502|00
{@A-RES|0|+9.846691E+05{@LIM3|+1.000000E+06|+1.250000E+06|+7.500000E+05}}
}
{@BLOCK|prdg3|00
{@A-RES|0|+9.923320E+05{@LIM3|+1.000000E+06|+1.250000E+06|+7.500000E+05}}
}
{@BLOCK|rc864|00
{@A-RES|0|+9.791974E+05{@LIM3|+1.000000E+06|+1.250000E+06|+7.500000E+05}}
}
{@BLOCK|prb34|00
{@A-RES|0|+7.479332E+04{@LIM3|+7.500000E+04|+7.950000E+04|+7.050000E+04}}
}
{@BLOCK|rh34|00
{@A-RES|0|+1.990676E+04{@LIM3|+2.000000E+04|+2.120000E+04|+1.880000E+04}}
}
{@BLOCK|rh65|00
{@A-RES|0|+1.988270E+04{@LIM3|+2.000000E+04|+2.120000E+04|+1.880000E+04}}
}
{@BLOCK|rg137|00
{@A-RES|0|+5.059568E+00{@LIM3|+5.000000E+00|+6.750000E+00|+3.250000E+00}}
}
{@BLOCK|prv220|00
{@A-RES|0|+1.998968E+03{@LIM3|+2.000000E+03|+2.120000E+03|+1.880000E+03}}
}
{@BLOCK|prb3|00
{@A-RES|0|+2.988825E+06{@LIM3|+3.000000E+06|+3.750000E+06|+2.250000E+06}}
}
{@BLOCK|prb10|00
{@A-RES|0|+9.955914E+00{@LIM3|+1.000000E+01|+1.050000E+01|+9.500000E+00}}
}
{@BLOCK|prb11|00
{@A-RES|0|+3.150782E+04{@LIM3|+3.160000E+04|+3.349600E+04|+2.970400E+04}}
}
{@BLOCK|prw4|00
{@A-RES|0|+3.147120E+04{@LIM3|+3.160000E+04|+3.349600E+04|+2.970400E+04}}
}
{@BLOCK|prb20|00
{@A-RES|0|+3.156554E+05{@LIM3|+3.160000E+05|+3.507600E+05|+2.812400E+05}}
}
{@BLOCK|prb27|00
{@A-RES|0|+1.200944E+05{@LIM3|+1.200000E+05|+1.332000E+05|+1.068000E+05}}
}
{@BLOCK|prz71|00
{@A-RES|0|+1.213636E+04{@LIM3|+1.210000E+04|+1.282600E+04|+1.137400E+04}}
}
{@BLOCK|pr1883|00
{@A-JUM|0|+5.849012E+00{@LIM2|+1.500000E+01|+0.000000E+00}}
}
{@BLOCK|rc895|00
{@A-JUM|0|+3.372077E+00{@LIM2|+1.500000E+01|+0.000000E+00}}
}
{@BLOCK|pra16|00
{@A-RES|0|+6.015682E+03{@LIM3|+6.040000E+03|+6.402400E+03|+5.677600E+03}}
}
{@BLOCK|pra22|00
{@A-RES|0|+1.495668E+03{@LIM3|+1.500000E+03|+1.590000E+03|+1.410000E+03}}
}
{@BLOCK|prb6|00
{@A-RES|0|+4.008919E+03{@LIM3|+4.020000E+03|+4.261200E+03|+3.778800E+03}}
}
{@BLOCK|prb9|00
{@A-RES|0|+4.025122E+03{@LIM3|+4.020000E+03|+4.261200E+03|+3.778800E+03}}
}
{@BLOCK|prb48|00
{@A-RES|0|+3.857312E+05{@LIM3|+3.920000E+05|+4.351200E+05|+3.488800E+05}}
}
{@BLOCK|prb33|00
{@A-RES|0|+5.083565E+05{@LIM3|+5.110000E+05|+5.672100E+05|+4.547900E+05}}
}
{@BLOCK|prs2|00
{@A-RES|0|+4.977374E+04{@LIM3|+4.990000E+04|+5.289400E+04|+4.690600E+04}}
}
{@BLOCK|prv19|00
{@A-RES|0|+4.981299E+04{@LIM3|+4.990000E+04|+5.289400E+04|+4.690600E+04}}
}
{@BLOCK|prz3|00
{@A-RES|0|+1.027505E+05{@LIM3|+1.020000E+05|+1.132200E+05|+9.078000E+04}}
}
{@BLOCK|prz37|00
{@A-RES|0|+1.028627E+05{@LIM3|+1.020000E+05|+1.132200E+05|+9.078000E+04}}
}
{@BLOCK|prv16|00
{@A-RES|0|+2.213247E+04{@LIM3|+2.210000E+04|+2.342600E+04|+2.077400E+04}}
}
{@BLOCK|prv20|00
{@A-RES|0|+1.700683E+04{@LIM3|+1.820000E+04|+2.111200E+04|+1.528800E+04}}
}
{@BLOCK|rc1931|00
{@A-RES|0|+5.135685E+01{@LIM3|+4.990000E+01|+5.789398E+01|+4.690600E+01}}
}
{@BLOCK|rc1962|00
{@A-RES|0|+5.132411E+01{@LIM3|+4.990000E+01|+5.789398E+01|+4.690600E+01}}
}
{@BLOCK|rc1963|00
{@A-RES|0|+5.121262E+01{@LIM3|+4.990000E+01|+5.789398E+01|+4.690600E+01}}
}
{@BLOCK|prv26|00
{@A-RES|0|+3.320056E+04{@LIM3|+3.320000E+04|+3.519200E+04|+3.120800E+04}}
}
{@BLOCK|prv30|00
{@A-RES|0|+2.270808E+04{@LIM3|+2.250000E+04|+2.385000E+04|+2.115000E+04}}
}
{@BLOCK|prv95|00
{@A-RES|0|+4.712122E+03{@LIM3|+4.700000E+03|+4.982000E+03|+4.418000E+03}}
}
{@BLOCK|prv96|00
{@A-RES|0|+4.713876E+03{@LIM3|+4.700000E+03|+4.982000E+03|+4.418000E+03}}
}
{@BLOCK|prw11|00
{@A-RES|0|+2.445630E+03{@LIM3|+2.490000E+03|+2.639400E+03|+2.340600E+03}}
}
{@BLOCK|rg7|00
{@A-RES|0|+2.482686E+03{@LIM3|+2.490000E+03|+2.639400E+03|+2.340600E+03}}
}
{@BLOCK|prz86|00
{@A-RES|0|+3.000944E+03{@LIM3|+3.000000E+03|+3.180000E+03|+2.820000E+03}}
}
{@BLOCK|rc1968|00
{@A-RES|0|+5.024154E+01{@LIM3|+4.990000E+01|+5.789398E+01|+4.690600E+01}}
}
{@BLOCK|rg176|00
{@A-RES|0|+4.998371E+01{@LIM3|+4.990000E+01|+5.789398E+01|+4.690600E+01}}
}
{@BLOCK|rc398|00
{@A-RES|0|+4.972498E+02{@LIM3|+4.990000E+02|+5.289400E+02|+4.690600E+02}}
}
{@BLOCK|prz1|00
{@A-RES|0|+1.143715E+04{@LIM3|+1.150000E+04|+1.219000E+04|+1.081000E+04}}
}
{@BLOCK|prz2|00
{@A-RES|0|+8.655773E+03{@LIM3|+8.660000E+03|+9.179600E+03|+8.140400E+03}}
}
{@BLOCK|prz5|00
{@A-RES|0|+4.112925E+04{@LIM3|+4.120000E+04|+4.367200E+04|+3.872800E+04}}
}
{@BLOCK|prz6|00
{@A-RES|0|+3.801470E+04{@LIM3|+3.830000E+04|+4.059800E+04|+3.600200E+04}}
}
{@BLOCK|prw25|00
{@A-RES|0|+4.312954E+04{@LIM3|+4.320000E+04|+4.579200E+04|+4.060800E+04}}
}
{@BLOCK|prz16|00
{@A-RES|0|+3.236051E+04{@LIM3|+3.240000E+04|+3.434400E+04|+3.045600E+04}}
}
{@BLOCK|prz17|00
{@A-RES|0|+3.474618E+05{@LIM3|+3.480000E+05|+3.862800E+05|+3.097200E+05}}
}
{@BLOCK|prz18|00
{@A-RES|0|+5.899257E+03{@LIM3|+5.900000E+03|+6.254000E+03|+5.546000E+03}}
}
{@BLOCK|prz20|00
{@A-RES|0|+1.020281E+04{@LIM3|+1.020000E+04|+1.081200E+04|+9.588000E+03}}
}
{@BLOCK|prz24|00
{@A-RES|0|+8.254106E+03{@LIM3|+8.250000E+03|+8.745000E+03|+7.755000E+03}}
}
{@BLOCK|prz41|00
{@A-RES|0|+2.019311E+02{@LIM3|+2.000000E+02|+2.170000E+02|+1.880000E+02}}
}
{@BLOCK|prz75|00
{@A-RES|0|+2.429106E+03{@LIM3|+2.430000E+03|+2.575800E+03|+2.284200E+03}}
}
{@BLOCK|r376|00
{@A-RES|0|+5.247590E+04{@LIM3|+5.230000E+04|+5.543800E+04|+4.916200E+04}}
}
{@BLOCK|rc1005|00
{@A-RES|0|+3.631056E+01{@LIM3|+3.300000E+01|+4.129999E+01|+2.970000E+01}}
}
{@BLOCK|rc1119|00
{@A-RES|0|+3.282105E+01{@LIM3|+3.300000E+01|+4.129999E+01|+2.970000E+01}}
}
{@BLOCK|rh69|00
{@A-RES|0|+3.485218E+01{@LIM3|+3.300000E+01|+4.129999E+01|+2.970000E+01}}
}
{@BLOCK|rh70|00
{@A-RES|0|+3.435683E+01{@LIM3|+3.300000E+01|+4.129999E+01|+2.970000E+01}}
}
{@BLOCK|r10201|00
{@A-RES|0|+7.022607E+04{@LIM3|+7.500000E+04|+9.375000E+04|+5.625000E+04}}
}
{@BLOCK|r10255|00
{@A-RES|0|+7.084679E+04{@LIM3|+7.500000E+04|+9.750000E+04|+5.250000E+04}}
}
{@BLOCK|r10224|00
{@A-RES|0|+3.309644E+01{@LIM3|+3.300000E+01|+3.960000E+01|+2.640000E+01}}
}
{@BLOCK|ra5612|00
{@A-RES|0|+4.783094E+01{@LIM3|+4.700000E+01|+5.670000E+01|+4.230000E+01}}
}
{@BLOCK|ra5613|00
{@A-RES|0|+4.778960E+01{@LIM3|+4.700000E+01|+5.670000E+01|+4.230000E+01}}
}
{@BLOCK|rg136|00
{@A-RES|0|+4.679890E+01{@LIM3|+4.700000E+01|+5.670000E+01|+4.230000E+01}}
}
{@BLOCK|rg286|00
{@A-RES|0|+4.680795E+01{@LIM3|+4.700000E+01|+5.670000E+01|+4.230000E+01}}
}
{@BLOCK|ra5621|00
{@A-RES|0|+4.747720E+03{@LIM3|+4.700000E+03|+5.170000E+03|+4.230000E+03}}
}
{@BLOCK|rt76|00
{@A-RES|0|+4.665783E+03{@LIM3|+4.700000E+03|+5.170000E+03|+4.230000E+03}}
}
{@BLOCK|rt77|00
{@A-RES|0|+4.673833E+03{@LIM3|+4.700000E+03|+5.170000E+03|+4.230000E+03}}
}
{@BLOCK|rtp6306|00
{@A-RES|0|+4.700281E+03{@LIM3|+4.700000E+03|+5.170000E+03|+4.230000E+03}}
}
{@BLOCK|prz72|00
{@A-RES|0|+5.741548E+04{@LIM3|+5.760000E+04|+6.105600E+04|+5.414400E+04}}
}
{@BLOCK|prz76|00
{@A-RES|0|+5.122412E+02{@LIM3|+5.100000E+02|+5.406000E+02|+4.794000E+02}}
}
{@BLOCK|prz82|00
{@A-RES|0|+2.557972E+03{@LIM3|+2.550000E+03|+2.703000E+03|+2.397000E+03}}
}
{@BLOCK|prz84|00
{@A-RES|0|+4.053220E+02{@LIM3|+4.020000E+02|+4.261200E+02|+3.778800E+02}}
}
{@BLOCK|rg65|00
{@A-RES|0|+3.337940E+01{@LIM3|+3.300000E+01|+4.129999E+01|+2.970000E+01}}
}
{@BLOCK|rh68|00
{@A-RES|0|+3.352001E+01{@LIM3|+3.300000E+01|+4.129999E+01|+2.970000E+01}}
}
{@BLOCK|rg135|00
{@A-RES|0|+4.695207E+01{@LIM3|+4.700000E+01|+5.670000E+01|+4.230000E+01}}
}
{@BLOCK|rc1957|00
{@A-RES|0|+1.511867E+01{@LIM3|+1.500000E+01|+1.725000E+01|+1.275000E+01}}
}
{@BLOCK|rtp6311|00
{@A-RES|0|+4.710211E+03{@LIM3|+4.700000E+03|+5.170000E+03|+4.230000E+03}}
}
{@BLOCK|rc1958|00
{@A-RES|0|+1.506324E+01{@LIM3|+1.500000E+01|+2.149999E+01|+1.350000E+01}}
}
{@BLOCK|rc1960|00
{@A-RES|0|+1.533612E+01{@LIM3|+1.500000E+01|+2.149999E+01|+1.350000E+01}}
}
{@BLOCK|rc1961|00
{@A-RES|0|+1.528200E+01{@LIM3|+1.500000E+01|+2.149999E+01|+1.350000E+01}}
}
{@BLOCK|rh86|00
{@A-RES|0|+2.065789E+01{@LIM3|+2.000000E+01|+2.620000E+01|+1.880000E+01}}
}
{@BLOCK|rh87|00
{@A-RES|0|+2.045873E+01{@LIM3|+2.000000E+01|+2.620000E+01|+1.880000E+01}}
}
{@BLOCK|rc64|00
{@A-RES|0|+4.720105E+02{@LIM3|+4.700000E+02|+4.982000E+02|+4.418000E+02}}
}
{@BLOCK|rc450|00
{@A-RES|0|+2.045776E+01{@LIM3|+2.000000E+01|+2.700000E+01|+1.800000E+01}}
}
{@BLOCK|rc1959|00
{@A-RES|0|+1.499986E+01{@LIM3|+1.500000E+01|+2.149999E+01|+1.350000E+01}}
}
{@BLOCK|rc232|00
{@A-RES|0|+6.481721E+01{@LIM3|+6.200000E+01|+7.319999E+01|+5.580000E+01}}
}
{@BLOCK|rl5112|00
{@A-RES|0|+7.766541E+01{@LIM3|+7.500000E+01|+8.750002E+01|+6.750000E+01}}
}
{@BLOCK|rl5113|00
{@A-RES|0|+7.726232E+01{@LIM3|+7.500000E+01|+8.750002E+01|+6.750000E+01}}
}
{@BLOCK|rl5115|00
{@A-RES|0|+7.716697E+01{@LIM3|+7.500000E+01|+8.750002E+01|+6.750000E+01}}
}
{@BLOCK|rh9|00
{@A-RES|0|+1.955280E+04{@LIM3|+2.000000E+04|+2.200000E+04|+1.800000E+04}}
}
{@BLOCK|rh38|00
{@A-RES|0|+5.323042E+01{@LIM3|+5.300000E+01|+5.830000E+01|+4.770000E+01}}
}
{@BLOCK|rh63|00
{@A-RES|0|+5.140259E+01{@LIM3|+5.100000E+01|+6.109999E+01|+4.590000E+01}}
}
{@BLOCK|rc830|00
{@A-RES|0|+2.320465E+04{@LIM3|+2.320000E+04|+2.459200E+04|+2.180800E+04}}
}
{@BLOCK|rh3|00
{@A-RES|0|+1.978925E+04{@LIM3|+2.000000E+04|+2.200000E+04|+1.800000E+04}}
}
{@BLOCK|rh122|00
{@A-RES|0|+1.854520E+04{@LIM3|+2.000000E+04|+2.600000E+04|+1.400000E+04}}
}
{@BLOCK|rh83|00
{@A-RES|0|+1.538173E+01{@LIM3|+1.550000E+01|+1.705000E+01|+1.395000E+01}}
}
{@BLOCK|rh112|00
{@A-RES|0|+1.990786E+03{@LIM3|+2.000000E+03|+2.200000E+03|+1.800000E+03}}
}
{@BLOCK|rh160|00
{@A-RES|0|+1.993499E+03{@LIM3|+2.000000E+03|+2.200000E+03|+1.800000E+03}}
}
{@BLOCK|rh161|00
{@A-RES|0|+1.999714E+03{@LIM3|+2.000000E+03|+2.200000E+03|+1.800000E+03}}
}
{@BLOCK|rl5102|00
{@A-RES|0|+1.498463E+04{@LIM3|+1.500000E+04|+1.650000E+04|+1.350000E+04}}
}
{@BLOCK|rt289|00
{@A-RES|0|+2.009615E+06{@LIM3|+2.000000E+06|+2.420000E+06|+1.580000E+06}}
}
{@BLOCK|rt290|00
{@A-RES|0|+2.002987E+06{@LIM3|+2.000000E+06|+2.420000E+06|+1.580000E+06}}
}
{@BLOCK|rtp9|00
{@A-RES|0|+3.047035E+04{@LIM3|+3.000000E+04|+3.300000E+04|+2.700000E+04}}
}
{@BLOCK|pqb1%qf|00
{@A-NFE|0|+1.266526E+02{@LIM2|+2.000000E+02|+2.000000E+01}}
}
{@BLOCK|pqb5%qf|00
{@A-NFE|0|+1.293284E+02{@LIM2|+2.000000E+02|+2.000000E+01}}
}
{@BLOCK|pqd1|00
{@A-NFE|0|+1.260996E+02{@LIM2|+2.000000E+02|+2.000000E+01}}
}
{@BLOCK|pqs2%qf|00
{@A-NFE|0|+9.179044E+01{@LIM2|+2.000000E+02|+2.000000E+01}}
}
{@BLOCK|pqs5|00
{@A-NFE|0|+1.281424E+02{@LIM2|+2.000000E+02|+2.000000E+01}}
}
{@BLOCK|rh82|00
{@A-RES|0|+3.003263E+01{@LIM3|+3.000000E+01|+3.800001E+01|+2.700000E+01}}
}
{@BLOCK|rh85|00
{@A-RES|0|+6.217519E+02{@LIM3|+6.200000E+02|+6.820000E+02|+5.580000E+02}}
}
{@BLOCK|rts1|00
{@A-RES|0|+1.649900E+04{@LIM3|+1.650000E+04|+1.749000E+04|+1.551000E+04}}
}
{@BLOCK|rts2|00
{@A-RES|0|+1.647345E+04{@LIM3|+1.650000E+04|+1.749000E+04|+1.551000E+04}}
}
{@BLOCK|pqb2%qf|00
{@A-NFE|0|+8.972650E+01{@LIM2|+2.000000E+02|+2.000000E+01}}
}
{@BLOCK|pqb8|00
{@A-NFE|0|+7.580917E+01{@LIM2|+2.000000E+02|+2.000000E+01}}
}
{@BLOCK|pqs1%qf|00
{@A-NFE|0|+1.426009E+02{@LIM2|+2.000000E+02|+2.000000E+01}}
}
{@BLOCK|qc1106%qf1|00
{@A-NFE|0|+8.485651E+01{@LIM2|+2.000000E+02|+2.000000E+01}}
}
{@BLOCK|pqs6|00
{@A-NFE|0|+1.640345E+02{@LIM2|+5.000000E+02|+2.000000E+01}}
}
{@BLOCK|qc1102%qf1|00
{@A-NFE|0|+1.841639E+02{@LIM2|+3.500000E+02|+2.000000E+01}}
}
{@BLOCK|qc1102%qf2|00
{@A-NFE|0|+1.077234E+02{@LIM2|+2.000000E+02|+2.000000E+01}}
}
{@BLOCK|qc1104%qf2|00
{@A-NFE|0|+1.189386E+02{@LIM2|+2.000000E+02|+2.000000E+01}}
}
{@BLOCK|qc1106%qf2|00
{@A-NFE|0|+9.886412E+01{@LIM2|+2.000000E+02|+2.000000E+01}}
}
{@BLOCK|qc1121%qf1|00
{@A-NFE|0|+1.096901E+02{@LIM2|+2.000000E+02|+2.000000E+01}}
}
{@BLOCK|qc1121%qf2|00
{@A-NFE|0|+1.095731E+02{@LIM2|+2.000000E+02|+2.000000E+01}}
}
{@BLOCK|qc1122%qf1|00
{@A-NFE|0|+1.105127E+02{@LIM2|+2.000000E+02|+2.000000E+01}}
}
{@BLOCK|qc1122%qf2|00
{@A-NFE|0|+1.118457E+02{@LIM2|+2.000000E+02|+2.000000E+01}}
}
{@BLOCK|qg2%qf1|00
{@A-NFE|0|+1.053291E+02{@LIM2|+2.000000E+02|+2.000000E+01}}
}
{@BLOCK|qg10%qf1|00
{@A-NFE|0|+8.316537E+01{@LIM2|+2.000000E+02|+2.000000E+01}}
}
{@BLOCK|qg10%qf2|00
{@A-NFE|0|+1.097086E+02{@LIM2|+2.000000E+02|+2.000000E+01}}
}
{@BLOCK|qg11%qf1|00
{@A-NFE|0|+1.079746E+02{@LIM2|+2.000000E+02|+2.000000E+01}}
}
{@BLOCK|qg11%qf2|00
{@A-NFE|0|+8.821706E+01{@LIM2|+2.000000E+02|+2.000000E+01}}
}
{@BLOCK|qg12%qf1|00
{@A-NFE|0|+1.161174E+02{@LIM2|+2.000000E+02|+2.000000E+01}}
}
{@BLOCK|qg12%qf2|00
{@A-NFE|0|+8.112151E+01{@LIM2|+2.000000E+02|+2.000000E+01}}
}
{@BLOCK|qg26%qf1|00
{@A-NFE|0|+8.357623E+01{@LIM2|+2.000000E+02|+2.000000E+01}}
}
{@BLOCK|qg27%qf1|00
{@A-NFE|0|+9.824813E+01{@LIM2|+2.000000E+02|+2.000000E+01}}
}
{@BLOCK|qg27%qf2|00
{@A-NFE|0|+7.325738E+01{@LIM2|+2.000000E+02|+2.000000E+01}}
}
{@BLOCK|qt7|00
{@A-NFE|0|+7.730477E+01{@LIM2|+2.000000E+02|+2.000000E+01}}
}
{@BLOCK|qt8|00
{@A-NFE|0|+9.249630E+01{@LIM2|+2.000000E+02|+2.000000E+01}}
}
{@BLOCK|pqbb3%qf|00
{@A-PFE|0|+1.417114E+02{@LIM2|+2.000000E+02|+2.000000E+01}}
}
{@BLOCK|pqs4%qf|00
{@A-PFE|0|+1.413586E+02{@LIM2|+2.000000E+02|+2.000000E+01}}
}
{@BLOCK|qbl16|00
{@A-PFE|0|+5.984587E+01{@LIM2|+2.000000E+02|+2.000000E+01}}
}
{@BLOCK|qv46%qf|00
{@A-PFE|0|+1.424210E+02{@LIM2|+2.000000E+02|+2.000000E+01}}
}
{@BLOCK|d7701%cr1|00
{@A-DIO|0|+6.627525E-01{@LIM2|+8.000000E-01|+4.000000E-01}}
}
{@BLOCK|dt31%cr3|00
{@A-DIO|0|+6.901517E-01{@LIM2|+8.000000E-01|+4.000000E-01}}
}
{@BLOCK|dt54%cr1|00
{@A-DIO|0|+5.430681E-01{@LIM2|+8.000000E-01|+4.000000E-01}}
}
{@BLOCK|dt54%cr2|00
{@A-DIO|0|+5.465731E-01{@LIM2|+8.000000E-01|+4.000000E-01}}
}
{@BLOCK|dt54%cr3|00
{@A-DIO|0|+6.577086E-01{@LIM2|+8.000000E-01|+4.000000E-01}}
}
{@BLOCK|dt54%cr4|00
{@A-DIO|0|+6.597176E-01{@LIM2|+8.000000E-01|+4.000000E-01}}
}
{@BLOCK|dt57%cr1|00
{@A-DIO|0|+5.426406E-01{@LIM2|+8.000000E-01|+4.000000E-01}}
}
{@BLOCK|dt57%cr2|00
{@A-DIO|0|+5.433673E-01{@LIM2|+8.000000E-01|+4.000000E-01}}
}
{@BLOCK|dt57%cr3|00
{@A-DIO|0|+6.528785E-01{@LIM2|+8.000000E-01|+4.000000E-01}}
}
{@BLOCK|dt57%cr4|00
{@A-DIO|0|+6.530067E-01{@LIM2|+8.000000E-01|+4.000000E-01}}
}
{@BLOCK|dt7201%cr1|00
{@A-DIO|0|+6.528358E-01{@LIM2|+8.000000E-01|+4.000000E-01}}
}
{@BLOCK|dt7201%cr2|00
{@A-DIO|0|+6.524511E-01{@LIM2|+8.000000E-01|+4.000000E-01}}
}
{@BLOCK|dt7201%cr3|00
{@A-DIO|0|+6.669842E-01{@LIM2|+8.000000E-01|+4.000000E-01}}
}
{@BLOCK|dt7201%cr4|00
{@A-DIO|0|+6.691641E-01{@LIM2|+8.000000E-01|+4.000000E-01}}
}
{@BLOCK|dt7202%cr3|00
{@A-DIO|0|+6.881427E-01{@LIM2|+8.000000E-01|+4.000000E-01}}
}
{@BLOCK|dtp65%cr1|00
{@A-DIO|0|+7.034024E-01{@LIM2|+8.000000E-01|+4.000000E-01}}
}
{@BLOCK|dtp6304%cr1|00
{@A-DIO|0|+6.546738E-01{@LIM2|+8.000000E-01|+4.000000E-01}}
}
{@BLOCK|dtp6304%cr2|00
{@A-DIO|0|+6.589482E-01{@LIM2|+8.000000E-01|+4.000000E-01}}
}
{@BLOCK|pd201%cr1|00
{@A-DIO|0|+6.447998E-01{@LIM2|+8.000000E-01|+4.000000E-01}}
}
{@BLOCK|pd201%cr2|00
{@A-DIO|0|+5.329376E-01{@LIM2|+9.000000E-01|+4.000000E-01}}
}
{@BLOCK|ut10%cr1|00
{@A-DIO|0|+4.597164E-01{@LIM2|+8.000000E-01|+4.000000E-01}}
}
{@BLOCK|dh4001|00
{@A-DIO|0|+5.658936E-01{@LIM2|+8.000000E-01|+4.000000E-01}}
}
{@BLOCK|dh4002|00
{@A-DIO|0|+5.732029E-01{@LIM2|+8.000000E-01|+4.000000E-01}}
}
{@BLOCK|dt33|00
{@A-DIO|0|+4.566816E-01{@LIM2|+8.000000E-01|+4.000000E-01}}
}
{@BLOCK|led2|00
{@A-DIO|0|+3.083173E+00{@LIM2|+3.500000E+00|+2.500000E+00}}
}
{@BLOCK|led3|00
{@A-DIO|0|+3.018199E+00{@LIM2|+3.500000E+00|+2.500000E+00}}
}
{@BLOCK|pd2|00
{@A-DIO|0|+5.726472E-01{@LIM2|+8.000000E-01|+4.000000E-01}}
}
{@BLOCK|pd3|00
{@A-DIO|0|+5.713649E-01{@LIM2|+8.000000E-01|+4.000000E-01}}
}
{@BLOCK|pd4|00
{@A-DIO|0|+5.732029E-01{@LIM2|+8.000000E-01|+4.000000E-01}}
}
{@BLOCK|led6%amber|00
{@A-DIO|0|+2.042109E+00{@LIM2|+2.500000E+00|+1.500000E+00}}
}
{@BLOCK|led6%white|00
{@A-DIO|0|+3.227641E+00{@LIM2|+3.800000E+00|+2.800000E+00}}
}
{@BLOCK|pqd2%qa|00
{@A-DIO|0|+7.303314E-01|B-E{@LIM2|+8.050000E-01|+6.030000E-01}}
{@A-DIO|0|+7.257578E-01|B-C{@LIM2|+8.050000E-01|+6.030000E-01}}
}
{@BLOCK|pqd2%qb|00
{@A-DIO|0|+7.305024E-01|B-E{@LIM2|+8.050000E-01|+6.030000E-01}}
{@A-DIO|0|+7.258005E-01|B-C{@LIM2|+8.050000E-01|+6.030000E-01}}
}
{@BLOCK|pqd3%qa|00
{@A-DIO|0|+7.290491E-01|B-E{@LIM2|+8.050000E-01|+6.030000E-01}}
{@A-DIO|0|+7.238770E-01|B-C{@LIM2|+8.050000E-01|+6.030000E-01}}
}
{@BLOCK|pqd3%qb|00
{@A-DIO|0|+7.297330E-01|B-E{@LIM2|+8.050000E-01|+6.030000E-01}}
{@A-DIO|0|+7.245609E-01|B-C{@LIM2|+8.050000E-01|+6.030000E-01}}
}
{@BLOCK|pd77|00
{@A-DIO|0|+6.910755E-01{@LIM2|+8.000000E-01|+4.000000E-01}}
}
{@BLOCK|pdd1|00
{@A-ZEN|0|+5.142887E+00{@LIM3|+5.000000E+00|+5.302000E+00|+4.777500E+00}}
}
{@BLOCK|qg1|00
{@A-NFE|0|+7.669139E+01{@LIM2|+2.000000E+02|+2.000000E+01}}
}
{@BLOCK|qg2%qf2|00
{@A-NFE|0|+1.517174E+02{@LIM2|+2.000000E+02|+2.000000E+01}}
}
{@BLOCK|qg3%qf1|00
{@A-NFE|0|+7.195128E+01{@LIM2|+2.000000E+02|+2.000000E+01}}
}
{@BLOCK|qg3%qf2|00
{@A-NFE|0|+1.169761E+02{@LIM2|+2.000000E+02|+2.000000E+01}}
}
{@BLOCK|dc1103|00
{@A-DIO|0|+5.638830E-01{@LIM2|+8.000000E-01|+4.000000E-01}}
}
{@BLOCK|dg2|00
{@A-DIO|0|+5.988104E-01{@LIM2|+8.000000E-01|+4.000000E-01}}
}
}}