{@BATCH|loq15_irxe11_intel||4082|1||btest|050602104514~16|ICT0265\engineer|ICT0265|C:/Agilent_ICT/boards/loq15_irxe11_intel|RevA|5b21d47151||5b21d47151
{@BTEST|6583003411|00|050602153025|000020|0|all||n||050602153045||1
{@BLOCK|cf7704|00
{@A-CAP|0|+9.847587E-08{@LIM3|+1.001000E-07|+1.201200E-07|+8.008000E-08}}
}
{@BLOCK|cc27|00
{@A-CAP|0|+6.323932E-05{@LIM3|+6.600000E-05|+9.240000E-05|+3.960000E-05}}
}
{@BLOCK|pc307|00
{@A-CAP|0|+1.671239E-04{@LIM3|+1.643010E-04|+2.793117E-04|+8.215050E-05}}
}
{@BLOCK|pc516|00
{@A-CAP|0|+5.315237E-06{@LIM3|+4.700000E-06|+6.110000E-06|+3.290000E-06}}
}
{@BLOCK|c3803|00
{@A-CAP|0|+5.149171E-05{@LIM3|+4.592000E-05|+6.428800E-05|+2.755200E-05}}
}
{@BLOCK|pc311|00
{@A-CAP|0|+5.249359E-06{@LIM3|+5.700000E-06|+7.410000E-06|+3.990000E-06}}
}
{@BLOCK|ch44|00
{@A-CAP|0|+1.280797E-04{@LIM3|+1.241010E-04|+1.613313E-04|+8.687070E-05}}
}
{@BLOCK|c61941|00
{@A-CAP|0|+3.230777E-04{@LIM3|+3.203010E-04|+5.445117E-04|+9.609030E-05}}
}
{@BLOCK|cd20|00
{@A-CAP|0|+2.028834E-04{@LIM3|+1.731000E-04|+2.250300E-04|+1.211700E-04}}
}
{@BLOCK|cg3720|00
{@A-CAP|0|+1.089965E-06{@LIM3|+1.000000E-06|+1.300000E-06|+7.000000E-07}}
}
{@BLOCK|ch4|00
{@A-CAP|0|+1.045775E-06{@LIM3|+1.000000E-06|+1.300000E-06|+7.000000E-07}}
}
{@BLOCK|ch35|00
{@A-CAP|0|+2.009029E-04{@LIM3|+2.054000E-04|+2.670200E-04|+1.437800E-04}}
}
{@BLOCK|cv1425|00
{@A-CAP|0|+2.443549E-04{@LIM3|+2.166010E-04|+2.815813E-04|+1.516207E-04}}
}
{@BLOCK|pcdg4|00
{@A-CAP|0|+6.761245E-05{@LIM3|+6.511100E-05|+8.464430E-05|+4.557770E-05}}
}
{@BLOCK|pcw7|00
{@A-CAP|0|+1.608463E-03{@LIM3|+1.530000E-03|+2.295000E-03|+7.650000E-04}}
}
{@BLOCK|cw5209|00
{@A-CAP|0|+1.240837E-06{@LIM3|+1.000000E-06|+1.300000E-06|+7.000000E-07}}
}
{@BLOCK|pcv614|00
{@A-CAP|0|+6.745867E-03{@LIM3|+6.903000E-03|+9.319050E-03|+4.486950E-03}}
}
{@BLOCK|pcz74|00
{@A-CAP|0|+1.487688E-03{@LIM3|+1.752000E-03|+2.452800E-03|+1.047565E-03}}
}
{@BLOCK|ca5606|00
{@A-CAP|0|+2.398452E-06{@LIM3|+2.400000E-06|+3.120000E-06|+1.680000E-06}}
}
{@BLOCK|c8740|00
{@A-CAP|0|+9.755079E-08{@LIM3|+1.000000E-07|+1.500000E-07|+5.000000E-08}}
}
{@BLOCK|cf1|00
{@A-CAP|0|+1.319495E-05{@LIM3|+1.510000E-05|+1.963000E-05|+1.057000E-05}}
}
{@BLOCK|c8757|00
{@A-CAP|0|+9.573906E-08{@LIM3|+1.000000E-07|+1.200000E-07|+8.000000E-08}}
}
{@BLOCK|c8758|00
{@A-CAP|0|+9.701891E-08{@LIM3|+1.000000E-07|+1.200000E-07|+8.000000E-08}}
}
{@BLOCK|c8768|00
{@A-CAP|0|+9.697185E-08{@LIM3|+1.000000E-07|+1.200000E-07|+8.000000E-08}}
}
{@BLOCK|c8769|00
{@A-CAP|0|+9.721653E-08{@LIM3|+1.000000E-07|+1.200000E-07|+8.000000E-08}}
}
{@BLOCK|ca5620|00
{@A-CAP|0|+1.126333E-07{@LIM3|+1.000000E-07|+1.200000E-07|+8.000000E-08}}
}
{@BLOCK|cbl6412|00
{@A-CAP|0|+1.108851E-07{@LIM3|+1.000000E-07|+1.350000E-07|+6.500000E-08}}
}
{@BLOCK|cbl6413|00
{@A-CAP|0|+1.152883E-07{@LIM3|+1.000000E-07|+1.350000E-07|+6.500000E-08}}
}
{@BLOCK|cbl6414|00
{@A-CAP|0|+9.663536E-08{@LIM3|+1.000000E-07|+1.700000E-07|+5.000000E-08}}
}
{@BLOCK|cbl6419|00
{@A-CAP|0|+1.065622E-07{@LIM3|+1.000000E-07|+1.200000E-07|+8.000000E-08}}
}
{@BLOCK|cbl6422|00
{@A-CAP|0|+1.144543E-07{@LIM3|+1.180000E-07|+2.006000E-07|+3.540000E-08}}
}
{@BLOCK|ch5|00
{@A-CAP|0|+1.425372E-06{@LIM3|+1.300000E-06|+2.210000E-06|+6.500000E-07}}
}
{@BLOCK|ch4014|00
{@A-CAP|0|+1.041596E-07{@LIM3|+1.000000E-07|+1.300000E-07|+7.000000E-08}}
}
{@BLOCK|ct4454|00
{@A-CAP|0|+4.547233E-06{@LIM3|+4.080000E-06|+4.896000E-06|+3.264000E-06}}
}
{@BLOCK|ct520|00
{@A-CAP|0|+1.083349E-07{@LIM3|+1.000000E-07|+1.200000E-07|+8.000000E-08}}
}
{@BLOCK|ct521|00
{@A-CAP|0|+1.101462E-07{@LIM3|+1.000000E-07|+1.200000E-07|+8.000000E-08}}
}
{@BLOCK|ct522|00
{@A-CAP|0|+1.088702E-07{@LIM3|+1.000000E-07|+1.200000E-07|+8.000000E-08}}
}
{@BLOCK|ct523|00
{@A-CAP|0|+1.100686E-07{@LIM3|+1.000000E-07|+1.200000E-07|+8.000000E-08}}
}
{@BLOCK|ct7209|00
{@A-CAP|0|+1.647376E-04{@LIM3|+1.500000E-04|+1.950000E-04|+1.050000E-04}}
}
{@BLOCK|ctp8|00
{@A-CAP|0|+9.503326E-08{@LIM3|+1.000000E-07|+1.200000E-07|+8.000000E-08}}
}
{@BLOCK|ctp6306|00
{@A-CAP|0|+9.073381E-06{@LIM3|+1.000000E-05|+1.300000E-05|+7.000000E-06}}
}
{@BLOCK|cw5203|00
{@A-CAP|0|+2.021558E-05{@LIM3|+2.022000E-05|+2.628600E-05|+1.415400E-05}}
}
{@BLOCK|pcb14|00
{@A-CAP|0|+4.911338E-06{@LIM3|+4.500000E-06|+5.400000E-06|+3.600000E-06}}
}
{@BLOCK|pc6|00
{@A-CAP|0|+9.279598E-08{@LIM3|+8.000000E-08|+9.600000E-08|+6.400000E-08}}
}
{@BLOCK|pcv58|00
{@A-CAP|0|+3.635673E-04{@LIM3|+4.201480E-04|+5.882072E-04|+2.520888E-04}}
}
{@BLOCK|pc1805|00
{@A-CAP|0|+9.816700E-08{@LIM3|+1.000000E-07|+1.200000E-07|+8.000000E-08}}
}
{@BLOCK|pca17|00
{@A-CAP|0|+1.044074E-07{@LIM3|+1.000000E-07|+1.200000E-07|+8.000000E-08}}
}
{@BLOCK|pcb30|00
{@A-CAP|0|+1.153672E-07{@LIM3|+1.000000E-07|+1.300000E-07|+7.000000E-08}}
}
{@BLOCK|pcw5|00
{@A-CAP|0|+9.676011E-08{@LIM3|+1.000000E-07|+1.200000E-07|+8.000000E-08}}
}
{@BLOCK|pc1504|00
{@A-CAP|0|+5.872686E-05{@LIM3|+5.400000E-05|+7.290000E-05|+3.510000E-05}}
}
{@BLOCK|cc52|00
{@A-CAP|0|+1.651505E-04{@LIM3|+1.600010E-04|+2.160013E-04|+1.040007E-04}}
}
{@BLOCK|ct61|00
{@A-CAP|0|+9.228869E-06{@LIM3|+1.000000E-05|+1.300000E-05|+7.000000E-06}}
}
{@BLOCK|c3801|00
{@A-CAP|0|+4.546818E-06{@LIM3|+4.700000E-06|+6.110000E-06|+3.290000E-06}}
}
{@BLOCK|pc522|00
{@A-CAP|0|+4.541932E-06{@LIM3|+4.700000E-06|+6.110000E-06|+3.290000E-06}}
}
{@BLOCK|ca5602|00
{@A-CAP|0|+1.166505E-09{@LIM3|+1.000000E-09|+1.300000E-09|+7.000000E-10}}
}
{@BLOCK|ca5603|00
{@A-CAP|0|+1.178407E-09{@LIM3|+1.000000E-09|+1.300000E-09|+7.000000E-10}}
}
{@BLOCK|ca5604|00
{@A-CAP|0|+1.164846E-09{@LIM3|+1.000000E-09|+1.300000E-09|+7.000000E-10}}
}
{@BLOCK|ca5605|00
{@A-CAP|0|+1.146878E-09{@LIM3|+1.000000E-09|+1.300000E-09|+7.000000E-10}}
}
{@BLOCK|pcb20|00
{@A-CAP|0|+4.137396E-05{@LIM3|+4.001200E-05|+5.201560E-05|+2.800840E-05}}
}
{@BLOCK|pc204|00
{@A-CAP|0|+2.251839E-08{@LIM3|+2.200000E-08|+2.640000E-08|+1.760000E-08}}
}
{@BLOCK|c8750|00
{@A-CAP|0|+2.395946E-09{@LIM3|+2.200000E-09|+2.640000E-09|+1.760000E-09}}
}
{@BLOCK|cd17|00
{@A-CAP|0|+2.505403E-09{@LIM3|+2.200000E-09|+2.640000E-09|+1.760000E-09}}
}
{@BLOCK|cth3|00
{@A-CAP|0|+2.172322E-09{@LIM3|+2.200000E-09|+2.640000E-09|+1.760000E-09}}
}
{@BLOCK|ctp6304|00
{@A-CAP|0|+2.281699E-09{@LIM3|+2.200000E-09|+2.860000E-09|+1.540000E-09}}
}
{@BLOCK|ctp6305|00
{@A-CAP|0|+2.453642E-09{@LIM3|+2.200000E-09|+2.860000E-09|+1.540000E-09}}
}
{@BLOCK|pcb16|00
{@A-CAP|0|+2.344147E-09{@LIM3|+2.200000E-09|+2.640000E-09|+1.760000E-09}}
}
{@BLOCK|pcv15|00
{@A-CAP|0|+2.330624E-09{@LIM3|+2.200000E-09|+2.640000E-09|+1.760000E-09}}
}
{@BLOCK|pca31|00
{@A-CAP|0|+8.133796E-04{@LIM3|+9.240010E-04|+1.293601E-03|+5.524833E-04}}
}
{@BLOCK|pcg13|00
{@A-CAP|0|+8.626657E-04{@LIM3|+1.013000E-03|+1.519500E-03|+5.065000E-04}}
}
{@BLOCK|ca5608|00
{@A-CAP|0|+2.194818E-06{@LIM3|+2.200000E-06|+2.860000E-06|+1.540000E-06}}
}
{@BLOCK|ca5614|00
{@A-CAP|0|+2.515936E-06{@LIM3|+2.200000E-06|+2.860000E-06|+1.540000E-06}}
}
{@BLOCK|ca5615|00
{@A-CAP|0|+2.170160E-06{@LIM3|+2.200000E-06|+2.860000E-06|+1.540000E-06}}
}
{@BLOCK|pcz3|00
{@A-CAP|0|+2.246219E-06{@LIM3|+2.200000E-06|+2.860000E-06|+1.540000E-06}}
}
{@BLOCK|cl5120|00
{@A-CAP|0|+1.069680E-08{@LIM3|+1.000000E-08|+1.200000E-08|+8.000000E-09}}
}
{@BLOCK|pcv9|00
{@A-CAP|0|+9.802224E-09{@LIM3|+1.000000E-08|+1.200000E-08|+8.000000E-09}}
}
{@BLOCK|pcv10|00
{@A-CAP|0|+1.003101E-08{@LIM3|+1.000000E-08|+1.200000E-08|+8.000000E-09}}
}
{@BLOCK|pcw30|00
{@A-CAP|0|+1.015904E-08{@LIM3|+1.000000E-08|+1.200000E-08|+8.000000E-09}}
}
{@BLOCK|cg3714|00
{@A-CAP|0|+3.611049E-10{@LIM3|+3.600000E-10|+4.401817E-10|+3.060000E-10}}
}
{@BLOCK|cg3715|00
{@A-CAP|0|+3.316869E-10{@LIM3|+3.200000E-10|+3.912726E-10|+2.720000E-10}}
}
{@BLOCK|ct146|00
{@A-CAP|0|+3.745211E-10{@LIM3|+3.800000E-10|+4.646363E-10|+3.230000E-10}}
}
{@BLOCK|ct155|00
{@A-CAP|0|+3.659223E-10{@LIM3|+3.800000E-10|+4.646363E-10|+3.230000E-10}}
}
{@BLOCK|pc520|00
{@A-CAP|0|+9.322073E-07{@LIM3|+1.000000E-06|+1.500000E-06|+5.000000E-07}}
}
{@BLOCK|pcb12|00
{@A-CAP|0|+1.860696E-06{@LIM3|+2.000000E-06|+3.000000E-06|+1.000000E-06}}
}
{@BLOCK|pcg9|00
{@A-CAP|0|+2.035841E-07{@LIM3|+2.200000E-07|+3.300000E-07|+1.100000E-07}}
}
{@BLOCK|pcz18|00
{@A-CAP|0|+2.136098E-07{@LIM3|+2.200000E-07|+3.300000E-07|+1.100000E-07}}
}
{@BLOCK|pcz70|00
{@A-CAP|0|+1.998075E-07{@LIM3|+2.200000E-07|+3.300000E-07|+1.100000E-07}}
}
{@BLOCK|ch24|00
{@A-CAP|0|+1.781725E-04{@LIM3|+2.000000E-04|+2.600000E-04|+1.399408E-04}}
}
{@BLOCK|pcz26|00
{@A-CAP|0|+5.272917E-07{@LIM3|+4.700000E-07|+7.990000E-07|+1.410000E-07}}
}
{@BLOCK|ct525|00
{@A-CAP|0|+3.227731E-07{@LIM3|+3.300000E-07|+3.960000E-07|+2.640000E-07}}
}
{@BLOCK|ct526|00
{@A-CAP|0|+3.167087E-07{@LIM3|+3.300000E-07|+3.960000E-07|+2.640000E-07}}
}
{@BLOCK|cc23|00
{@A-CAP|0|+3.305886E-06{@LIM3|+3.300000E-06|+4.950000E-06|+1.650000E-06}}
}
{@BLOCK|cl5111|00
{@A-CAP|0|+1.014540E-07{@LIM3|+1.000000E-07|+1.200000E-07|+8.000000E-08}}
}
{@BLOCK|pck20|00
{@A-CAP|0|+4.782843E-10{@LIM3|+4.700000E-10|+5.675001E-10|+3.760000E-10}}
}
{@BLOCK|cth5|00
{@A-CAP|0|+2.275056E-09{@LIM3|+2.200000E-09|+2.640000E-09|+1.760000E-09}}
}
{@BLOCK|pca14|00
{@A-CAP|0|+2.287204E-09{@LIM3|+2.200000E-09|+2.640000E-09|+1.760000E-09}}
}
{@BLOCK|cv15|00
{@A-CAP|0|+1.065397E-06{@LIM3|+1.730000E-06|+2.941000E-06|+8.650000E-07}}
}
{@BLOCK|pcb2|00
{@A-CAP|0|+2.447057E-08{@LIM3|+2.200000E-08|+2.640000E-08|+1.760000E-08}}
}
{@BLOCK|pcb4|00
{@A-CAP|0|+5.301445E-08{@LIM3|+4.700000E-08|+6.110000E-08|+3.290000E-08}}
}
{@BLOCK|pcw17|00
{@A-CAP|0|+1.166307E-09{@LIM3|+1.000000E-09|+1.300000E-09|+7.000000E-10}}
}
{@BLOCK|pcv4|00
{@A-CAP|0|+3.818779E-09{@LIM3|+3.300000E-09|+4.290000E-09|+2.310000E-09}}
}
{@BLOCK|ph201|00
{@A-RES|0|+1.095280E+05{@LIM3|+1.000000E+05|+1.400000E+05|+6.000000E+04}}
}
{@BLOCK|pr25|00
{@A-RES|0|+9.984163E+04{@LIM3|+1.000000E+05|+1.250000E+05|+7.500000E+04}}
}
{@BLOCK|pr27|00
{@A-RES|0|+1.215182E+05{@LIM3|+1.400000E+05|+1.680000E+05|+1.120000E+05}}
}
{@BLOCK|pr33|00
{@A-RES|0|+1.003211E+05{@LIM3|+1.000000E+05|+1.110000E+05|+8.900000E+04}}
}
{@BLOCK|pr37|00
{@A-RES|0|+1.003106E+05{@LIM3|+1.000000E+05|+1.150000E+05|+8.500000E+04}}
}
{@BLOCK|prb13|00
{@A-RES|0|+9.971148E+04{@LIM3|+1.000000E+05|+1.110000E+05|+8.900000E+04}}
}
{@BLOCK|prb22|00
{@A-RES|0|+9.964809E+04{@LIM3|+1.000000E+05|+1.110000E+05|+8.900000E+04}}
}
{@BLOCK|prb26|00
{@A-RES|0|+1.003425E+05{@LIM3|+1.000000E+05|+1.110000E+05|+8.900000E+04}}
}
{@BLOCK|prb31|00
{@A-RES|0|+9.153658E+04{@LIM3|+1.000000E+05|+1.110000E+05|+8.900000E+04}}
}
{@BLOCK|prb32|00
{@A-RES|0|+1.027802E+05{@LIM3|+1.000000E+05|+1.110000E+05|+8.900000E+04}}
}
{@BLOCK|ra5622|00
{@A-RES|0|+1.003173E+05{@LIM3|+1.000000E+05|+1.110000E+05|+8.900000E+04}}
}
{@BLOCK|rg57|00
{@A-RES|0|+9.505343E+04{@LIM3|+1.000000E+05|+1.110000E+05|+8.900000E+04}}
}
{@BLOCK|rg60|00
{@A-RES|0|+1.002377E+05{@LIM3|+1.000000E+05|+1.110000E+05|+8.900000E+04}}
}
{@BLOCK|rg61|00
{@A-RES|0|+1.002907E+05{@LIM3|+1.000000E+05|+1.110000E+05|+8.900000E+04}}
}
{@BLOCK|rg62|00
{@A-RES|0|+9.979563E+04{@LIM3|+1.000000E+05|+1.110000E+05|+8.900000E+04}}
}
{@BLOCK|rts4|00
{@A-RES|0|+1.069103E+05{@LIM3|+1.000000E+05|+1.550000E+05|+4.500000E+04}}
}
{@BLOCK|rts5|00
{@A-RES|0|+1.061705E+05{@LIM3|+1.000000E+05|+1.550000E+05|+4.500000E+04}}
}
{@BLOCK|pra23|00
{@A-RES|0|+1.680456E+03{@LIM3|+1.667000E+03|+1.767020E+03|+1.566980E+03}}
}
{@BLOCK|prv8|00
{@A-RES|0|+1.002931E+04{@LIM3|+1.000000E+04|+1.060000E+04|+9.400000E+03}}
}
{@BLOCK|prv33|00
{@A-RES|0|+9.984433E+03{@LIM3|+1.000000E+04|+1.060000E+04|+9.400000E+03}}
}
{@BLOCK|prv90|00
{@A-RES|0|+1.001594E+04{@LIM3|+1.000000E+04|+1.060000E+04|+9.400000E+03}}
}
{@BLOCK|prw7|00
{@A-RES|0|+9.988154E+03{@LIM3|+1.000000E+04|+1.060000E+04|+9.400000E+03}}
}
{@BLOCK|prz28|00
{@A-RES|0|+1.002505E+04{@LIM3|+1.000000E+04|+1.060000E+04|+9.400000E+03}}
}
{@BLOCK|prz81|00
{@A-RES|0|+1.000898E+04{@LIM3|+1.000000E+04|+1.060000E+04|+9.400000E+03}}
}
{@BLOCK|rc829|00
{@A-RES|0|+1.000844E+04{@LIM3|+1.000000E+04|+1.060000E+04|+9.400000E+03}}
}
{@BLOCK|rg56|00
{@A-RES|0|+1.001872E+04{@LIM3|+1.000000E+04|+1.060000E+04|+9.400000E+03}}
}
{@BLOCK|phb1|00
{@A-RES|0|+1.159301E+04{@LIM3|+1.200000E+04|+1.860000E+04|+5.400000E+03}}
}
{@BLOCK|rt150|00
{@A-RES|0|+1.739194E+05{@LIM3|+1.700000E+05|+1.955000E+05|+1.445000E+05}}
}
{@BLOCK|pr26|00
{@A-RES|0|+1.282919E+05{@LIM3|+1.400000E+05|+1.750000E+05|+1.050000E+05}}
}
{@BLOCK|prw15|00
{@A-RES|0|+4.537857E+05{@LIM3|+4.530000E+05|+5.028300E+05|+4.031700E+05}}
}
{@BLOCK|phz3|00
{@A-RES|0|+1.040720E+04{@LIM3|+1.000000E+04|+1.500000E+04|+5.000000E+03}}
}
{@BLOCK|phz4|00
{@A-RES|0|+1.020617E+04{@LIM3|+1.000000E+04|+1.500000E+04|+5.000000E+03}}
}
{@BLOCK|prz109|00
{@A-RES|0|+2.135708E+03{@LIM3|+2.027000E+03|+2.351320E+03|+1.702680E+03}}
}
{@BLOCK|prv5|00
{@A-RES|0|+9.992356E+03{@LIM3|+1.000000E+04|+1.060000E+04|+9.400000E+03}}
}
{@BLOCK|prw21|00
{@A-RES|0|+1.001733E+04{@LIM3|+1.000000E+04|+1.060000E+04|+9.400000E+03}}
}
{@BLOCK|rg189|00
{@A-RES|0|+9.949718E+03{@LIM3|+1.000000E+04|+1.060000E+04|+9.400000E+03}}
}
{@BLOCK|rg1605|00
{@A-RES|0|+9.993265E+03{@LIM3|+1.000000E+04|+1.060000E+04|+9.400000E+03}}
}
{@BLOCK|prz79|00
{@A-RES|0|+1.001193E+02{@LIM3|+1.000000E+02|+1.100000E+02|+9.000000E+01}}
}
{@BLOCK|pr201|00
{@A-RES|0|+1.008184E+02{@LIM3|+1.000000E+02|+1.110000E+02|+9.400000E+01}}
}
{@BLOCK|pr202|00
{@A-RES|0|+1.002033E+02{@LIM3|+1.000000E+02|+1.110000E+02|+9.400000E+01}}
}
{@BLOCK|pra15|00
{@A-JUM|0|+3.908626E+00{@LIM2|+1.500000E+01|+0.000000E+00}}
}
{@BLOCK|pra29|00
{@A-JUM|0|+3.455764E+00{@LIM2|+1.500000E+01|+0.000000E+00}}
}
{@BLOCK|prw20|00
{@A-JUM|0|+3.802169E+00{@LIM2|+1.500000E+01|+0.000000E+00}}
}
{@BLOCK|prz52|00
{@A-JUM|0|+4.632008E+00{@LIM2|+1.500000E+01|+0.000000E+00}}
}
{@BLOCK|prz73|00
{@A-JUM|0|+4.806457E+00{@LIM2|+1.500000E+01|+0.000000E+00}}
}
{@BLOCK|pr203|00
{@A-RES|0|+1.994534E+05{@LIM3|+2.000000E+05|+2.220000E+05|+1.780000E+05}}
}
{@BLOCK|rg1844|00
{@A-RES|0|+1.995819E+05{@LIM3|+2.000000E+05|+2.220000E+05|+1.780000E+05}}
}
{@BLOCK|pr204|00
{@A-RES|0|+1.022192E+04{@LIM3|+1.000000E+04|+1.100000E+04|+9.000000E+03}}
}
{@BLOCK|r3814|00
{@A-RES|0|+1.014892E+04{@LIM3|+1.000000E+04|+1.100000E+04|+9.000000E+03}}
}
{@BLOCK|r5802|00
{@A-RES|0|+1.013355E+04{@LIM3|+1.000000E+04|+1.100000E+04|+9.000000E+03}}
}
{@BLOCK|r5804|00
{@A-RES|0|+1.011166E+04{@LIM3|+1.000000E+04|+1.100000E+04|+9.000000E+03}}
}
{@BLOCK|r5830|00
{@A-RES|0|+1.000096E+04{@LIM3|+1.000000E+04|+1.100000E+04|+9.000000E+03}}
}
{@BLOCK|r10203|00
{@A-RES|0|+1.017373E+04{@LIM3|+1.000000E+04|+1.100000E+04|+9.000000E+03}}
}
{@BLOCK|r10205|00
{@A-RES|0|+1.013245E+04{@LIM3|+1.000000E+04|+1.100000E+04|+9.000000E+03}}
}
{@BLOCK|ra5626|00
{@A-RES|0|+2.002237E+05{@LIM3|+2.000000E+05|+2.220000E+05|+1.780000E+05}}
}
{@BLOCK|rg47|00
{@A-RES|0|+9.992432E+04{@LIM3|+1.000000E+05|+1.110000E+05|+8.900000E+04}}
}
{@BLOCK|rg50|00
{@A-RES|0|+1.993981E+05{@LIM3|+2.000000E+05|+2.220000E+05|+1.780000E+05}}
}
{@BLOCK|rg1795|00
{@A-RES|0|+2.001199E+05{@LIM3|+2.000000E+05|+2.220000E+05|+1.780000E+05}}
}
{@BLOCK|rg1796|00
{@A-RES|0|+2.010541E+05{@LIM3|+2.000000E+05|+2.220000E+05|+1.780000E+05}}
}
{@BLOCK|r5812|00
{@A-RES|0|+1.019071E+04{@LIM3|+1.000000E+04|+1.100000E+04|+9.000000E+03}}
}
{@BLOCK|ra5608|00
{@A-RES|0|+1.023136E+04{@LIM3|+1.000000E+04|+1.100000E+04|+9.000000E+03}}
}
{@BLOCK|rc60|00
{@A-RES|0|+1.027323E+04{@LIM3|+1.000000E+04|+1.100000E+04|+9.000000E+03}}
}
{@BLOCK|rc62|00
{@A-RES|0|+1.012123E+04{@LIM3|+1.000000E+04|+1.100000E+04|+9.000000E+03}}
}
{@BLOCK|rc364|00
{@A-RES|0|+1.023344E+04{@LIM3|+1.000000E+04|+1.100000E+04|+9.000000E+03}}
}
{@BLOCK|rc365|00
{@A-RES|0|+1.023412E+04{@LIM3|+1.000000E+04|+1.100000E+04|+9.000000E+03}}
}
{@BLOCK|rc732|00
{@A-RES|0|+9.994477E+03{@LIM3|+1.000000E+04|+1.100000E+04|+9.000000E+03}}
}
{@BLOCK|rc1165|00
{@A-RES|0|+9.994332E+03{@LIM3|+1.000000E+04|+1.100000E+04|+9.000000E+03}}
}
{@BLOCK|rc1168|00
{@A-RES|0|+9.725918E+03{@LIM3|+1.000000E+04|+1.100000E+04|+9.000000E+03}}
}
{@BLOCK|rg5|00
{@A-RES|0|+1.010788E+04{@LIM3|+1.000000E+04|+1.150000E+04|+8.500000E+03}}
}
{@BLOCK|rg25|00
{@A-RES|0|+1.001197E+04{@LIM3|+1.000000E+04|+1.100000E+04|+9.000000E+03}}
}
{@BLOCK|r10284|00
{@A-RES|0|+1.044072E+04{@LIM3|+1.000000E+04|+1.150000E+04|+8.500000E+03}}
}
{@BLOCK|rbl6456|00
{@A-RES|0|+1.018646E+04{@LIM3|+1.000000E+04|+1.100000E+04|+9.000000E+03}}
}
{@BLOCK|rbl6457|00
{@A-RES|0|+1.010838E+04{@LIM3|+1.000000E+04|+1.100000E+04|+9.000000E+03}}
}
{@BLOCK|rc1211|00
{@A-RES|0|+1.052066E+04{@LIM3|+1.000000E+04|+1.100000E+04|+9.000000E+03}}
}
{@BLOCK|rg1|00
{@A-RES|0|+9.942029E+03{@LIM3|+1.000000E+04|+1.100000E+04|+9.000000E+03}}
}
{@BLOCK|rg16|00
{@A-RES|0|+6.605474E+03{@LIM3|+6.400000E+03|+7.040000E+03|+5.760000E+03}}
}
{@BLOCK|rg21|00
{@A-RES|0|+1.006926E+04{@LIM3|+1.000000E+04|+1.100000E+04|+9.000000E+03}}
}
{@BLOCK|rg35|00
{@A-RES|0|+1.001112E+04{@LIM3|+1.000000E+04|+1.100000E+04|+9.000000E+03}}
}
{@BLOCK|rg40|00
{@A-RES|0|+1.007528E+04{@LIM3|+1.000000E+04|+1.100000E+04|+9.000000E+03}}
}
{@BLOCK|rg70|00
{@A-RES|0|+1.004441E+04{@LIM3|+1.000000E+04|+1.100000E+04|+9.000000E+03}}
}
{@BLOCK|rg140|00
{@A-RES|0|+1.009660E+04{@LIM3|+1.000000E+04|+1.150000E+04|+8.500000E+03}}
}
{@BLOCK|rg141|00
{@A-RES|0|+1.007260E+04{@LIM3|+1.000000E+04|+1.100000E+04|+9.000000E+03}}
}
{@BLOCK|rg142|00
{@A-RES|0|+1.012031E+04{@LIM3|+1.000000E+04|+1.100000E+04|+9.000000E+03}}
}
{@BLOCK|rg199|00
{@A-RES|0|+1.001380E+04{@LIM3|+1.000000E+04|+1.100000E+04|+9.000000E+03}}
}
{@BLOCK|rg287|00
{@A-RES|0|+9.969990E+03{@LIM3|+1.000000E+04|+1.100000E+04|+9.000000E+03}}
}
{@BLOCK|rg1805|00
{@A-RES|0|+1.003257E+04{@LIM3|+1.000000E+04|+1.100000E+04|+9.000000E+03}}
}
{@BLOCK|rg29|00
{@A-RES|0|+1.012184E+04{@LIM3|+1.000000E+04|+1.100000E+04|+9.000000E+03}}
}
{@BLOCK|rg64|00
{@A-RES|0|+1.000608E+04{@LIM3|+1.000000E+04|+1.100000E+04|+9.000000E+03}}
}
{@BLOCK|prw2|00
{@A-RES|0|+4.410685E+04{@LIM3|+4.420000E+04|+4.685200E+04|+4.154800E+04}}
}
{@BLOCK|rg1632|00
{@A-RES|0|+9.974309E+03{@LIM3|+1.000000E+04|+1.100000E+04|+9.000000E+03}}
}
{@BLOCK|rh39|00
{@A-RES|0|+1.000074E+04{@LIM3|+1.000000E+04|+1.100000E+04|+9.000000E+03}}
}
{@BLOCK|rh49|00
{@A-RES|0|+9.865831E+03{@LIM3|+1.000000E+04|+1.100000E+04|+9.000000E+03}}
}
{@BLOCK|rh81|00
{@A-RES|0|+9.623437E+03{@LIM3|+1.000000E+04|+1.100000E+04|+9.000000E+03}}
}
{@BLOCK|rh168|00
{@A-RES|0|+9.943377E+03{@LIM3|+1.000000E+04|+1.100000E+04|+9.000000E+03}}
}
{@BLOCK|rh110|00
{@A-RES|0|+1.000310E+04{@LIM3|+1.000000E+04|+1.100000E+04|+9.000000E+03}}
}
{@BLOCK|rn70|00
{@A-RES|0|+9.355253E+03{@LIM3|+1.000000E+04|+1.150000E+04|+8.500000E+03}}
}
{@BLOCK|rn77|00
{@A-RES|0|+9.916758E+03{@LIM3|+1.000000E+04|+1.100000E+04|+9.000000E+03}}
}
{@BLOCK|rn1118|00
{@A-RES|0|+9.925167E+03{@LIM3|+1.000000E+04|+1.100000E+04|+9.000000E+03}}
}
{@BLOCK|rn1119|00
{@A-RES|0|+9.956300E+03{@LIM3|+1.000000E+04|+1.100000E+04|+9.000000E+03}}
}
{@BLOCK|rt116|00
{@A-RES|0|+1.012642E+04{@LIM3|+1.000000E+04|+1.100000E+04|+9.000000E+03}}
}
{@BLOCK|rw5217|00
{@A-RES|0|+9.996691E+03{@LIM3|+1.000000E+04|+1.100000E+04|+9.000000E+03}}
}
{@BLOCK|rbl6450|00
{@A-RES|0|+1.003572E+03{@LIM3|+1.000000E+03|+1.100000E+03|+9.000000E+02}}
}
{@BLOCK|rh189|00
{@A-RES|0|+9.985451E+02{@LIM3|+1.000000E+03|+1.100000E+03|+9.000000E+02}}
}
{@BLOCK|rh190|00
{@A-RES|0|+9.980665E+02{@LIM3|+1.000000E+03|+1.100000E+03|+9.000000E+02}}
}
{@BLOCK|rl5101|00
{@A-RES|0|+1.000516E+03{@LIM3|+1.000000E+03|+1.100000E+03|+9.000000E+02}}
}
{@BLOCK|pr211|00
{@A-RES|0|+7.506639E+02{@LIM3|+7.500000E+02|+7.950000E+02|+7.050000E+02}}
}
{@BLOCK|rtp6309|00
{@A-RES|0|+7.471477E+02{@LIM3|+7.500000E+02|+7.950000E+02|+7.050000E+02}}
}
{@BLOCK|pr212|00
{@A-RES|0|+4.679064E+04{@LIM3|+4.700000E+04|+4.982000E+04|+4.418000E+04}}
}
{@BLOCK|pr214|00
{@A-RES|0|+4.616748E+04{@LIM3|+4.700000E+04|+4.982000E+04|+4.418000E+04}}
}
{@BLOCK|prs4|00
{@A-RES|0|+4.698324E+04{@LIM3|+4.700000E+04|+4.982000E+04|+4.418000E+04}}
}
{@BLOCK|rh170|00
{@A-RES|0|+1.008314E+04{@LIM3|+1.000000E+04|+1.100000E+04|+9.000000E+03}}
}
{@BLOCK|pr205|00
{@A-RES|0|+1.437893E+04{@LIM3|+1.430000E+04|+1.515800E+04|+1.344200E+04}}
}
{@BLOCK|pr210|00
{@A-RES|0|+1.000673E+03{@LIM3|+1.000000E+03|+1.100000E+03|+9.000000E+02}}
}
{@BLOCK|rc32|00
{@A-RES|0|+9.961984E+02{@LIM3|+1.000000E+03|+1.150000E+03|+8.500000E+02}}
}
{@BLOCK|rc878|00
{@A-RES|0|+1.023818E+03{@LIM3|+1.000000E+03|+1.100000E+03|+9.000000E+02}}
}
{@BLOCK|rc892|00
{@A-RES|0|+1.005058E+03{@LIM3|+1.000000E+03|+1.100000E+03|+9.000000E+02}}
}
{@BLOCK|rc18|00
{@A-RES|0|+1.007571E+03{@LIM3|+1.000000E+03|+1.150000E+03|+8.500000E+02}}
}
{@BLOCK|rh19|00
{@A-RES|0|+1.001407E+03{@LIM3|+1.000000E+03|+1.150000E+03|+8.500000E+02}}
}
{@BLOCK|prs6|00
{@A-RES|0|+4.666467E+04{@LIM3|+4.700000E+04|+4.982000E+04|+4.418000E+04}}
}
{@BLOCK|pr213|00
{@A-RES|0|+4.709263E+05{@LIM3|+4.700000E+05|+5.217000E+05|+4.183000E+05}}
}
{@BLOCK|pr215|00
{@A-RES|0|+4.713063E+05{@LIM3|+4.700000E+05|+5.217000E+05|+4.183000E+05}}
}
{@BLOCK|prs5|00
{@A-RES|0|+4.726559E+05{@LIM3|+4.700000E+05|+5.217000E+05|+4.183000E+05}}
}
{@BLOCK|prv24|00
{@A-RES|0|+1.002858E+03{@LIM3|+1.000000E+03|+1.060000E+03|+9.400000E+02}}
}
{@BLOCK|prw1|00
{@A-RES|0|+9.997915E+02{@LIM3|+1.000000E+03|+1.060000E+03|+9.400000E+02}}
}
{@BLOCK|rtp6308|00
{@A-RES|0|+1.001441E+03{@LIM3|+1.000000E+03|+1.060000E+03|+9.400000E+02}}
}
{@BLOCK|rtp6339|00
{@A-RES|0|+1.003399E+03{@LIM3|+1.000000E+03|+1.060000E+03|+9.400000E+02}}
}
{@BLOCK|rtp6340|00
{@A-RES|0|+1.006469E+03{@LIM3|+1.000000E+03|+1.060000E+03|+9.400000E+02}}
}
{@BLOCK|pr507|00
{@A-RES|0|+1.002565E+05{@LIM3|+1.000000E+05|+1.150000E+05|+8.500000E+04}}
}
{@BLOCK|pr1885|00
{@A-RES|0|+1.003970E+05{@LIM3|+1.000000E+05|+1.300000E+05|+7.000000E+04}}
}
{@BLOCK|prb29|00
{@A-RES|0|+1.001847E+05{@LIM3|+1.000000E+05|+1.150000E+05|+8.500000E+04}}
}
{@BLOCK|prb30|00
{@A-RES|0|+9.909358E+04{@LIM3|+1.000000E+05|+1.150000E+05|+8.500000E+04}}
}
{@BLOCK|prk4|00
{@A-RES|0|+1.005041E+05{@LIM3|+1.000000E+05|+1.150000E+05|+8.500000E+04}}
}
{@BLOCK|prk12|00
{@A-RES|0|+1.001064E+05{@LIM3|+1.000000E+05|+1.150000E+05|+8.500000E+04}}
}
{@BLOCK|r3803|00
{@A-RES|0|+4.813334E+04{@LIM3|+5.000000E+04|+5.750000E+04|+4.250000E+04}}
}
{@BLOCK|r3806|00
{@A-RES|0|+1.010358E+05{@LIM3|+1.000000E+05|+1.150000E+05|+8.500000E+04}}
}
{@BLOCK|rh172|00
{@A-RES|0|+9.128750E+04{@LIM3|+1.000000E+05|+1.250000E+05|+7.500000E+04}}
}
{@BLOCK|r5824|00
{@A-RES|0|+1.001492E+05{@LIM3|+1.000000E+05|+1.150000E+05|+8.500000E+04}}
}
{@BLOCK|r5825|00
{@A-RES|0|+9.930657E+04{@LIM3|+1.000000E+05|+1.150000E+05|+8.500000E+04}}
}
{@BLOCK|r5839|00
{@A-RES|0|+9.934867E+04{@LIM3|+1.000000E+05|+1.150000E+05|+8.500000E+04}}
}
{@BLOCK|r10153|00
{@A-RES|0|+9.694453E+04{@LIM3|+1.000000E+05|+1.150000E+05|+8.500000E+04}}
}
{@BLOCK|r10178|00
{@A-RES|0|+9.992059E+04{@LIM3|+1.000000E+05|+1.150000E+05|+8.500000E+04}}
}
{@BLOCK|r10251|00
{@A-RES|0|+1.012654E+05{@LIM3|+1.000000E+05|+1.150000E+05|+8.500000E+04}}
}
{@BLOCK|r10252|00
{@A-RES|0|+9.978620E+04{@LIM3|+1.000000E+05|+1.150000E+05|+8.500000E+04}}
}
{@BLOCK|r10253|00
{@A-RES|0|+1.020057E+05{@LIM3|+1.000000E+05|+1.150000E+05|+8.500000E+04}}
}
{@BLOCK|r10264|00
{@A-RES|0|+1.006555E+05{@LIM3|+1.000000E+05|+1.150000E+05|+8.500000E+04}}
}
{@BLOCK|rbl80|00
{@A-RES|0|+1.000933E+05{@LIM3|+1.000000E+05|+1.150000E+05|+8.500000E+04}}
}
{@BLOCK|rbl6436|00
{@A-RES|0|+9.982878E+04{@LIM3|+1.000000E+05|+1.150000E+05|+8.500000E+04}}
}
{@BLOCK|rbl6437|00
{@A-RES|0|+1.001064E+05{@LIM3|+1.000000E+05|+1.150000E+05|+8.500000E+04}}
}
{@BLOCK|rbl6438|00
{@A-RES|0|+1.007530E+05{@LIM3|+1.000000E+05|+1.150000E+05|+8.500000E+04}}
}
{@BLOCK|rc893|00
{@A-RES|0|+1.002774E+05{@LIM3|+1.000000E+05|+1.150000E+05|+8.500000E+04}}
}
{@BLOCK|rc1157|00
{@A-RES|0|+9.217027E+04{@LIM3|+9.300000E+04|+1.069500E+05|+7.905000E+04}}
}
{@BLOCK|rg1810|00
{@A-RES|0|+1.004071E+05{@LIM3|+1.000000E+05|+1.150000E+05|+8.500000E+04}}
}
{@BLOCK|rh8|00
{@A-RES|0|+9.170067E+04{@LIM3|+8.500000E+04|+1.317500E+05|+3.825000E+04}}
}
{@BLOCK|rh41|00
{@A-RES|0|+9.260333E+04{@LIM3|+1.000000E+05|+1.250000E+05|+7.500000E+04}}
}
{@BLOCK|rh42|00
{@A-RES|0|+8.478980E+04{@LIM3|+9.090900E+04|+1.136362E+05|+6.818175E+04}}
}
{@BLOCK|rh91|00
{@A-RES|0|+1.059322E+05{@LIM3|+1.000000E+05|+1.150000E+05|+8.500000E+04}}
}
{@BLOCK|rh158|00
{@A-RES|0|+9.835840E+04{@LIM3|+9.300000E+04|+1.255500E+05|+6.045000E+04}}
}
{@BLOCK|rh167|00
{@A-RES|0|+1.005149E+05{@LIM3|+1.000000E+05|+1.150000E+05|+8.500000E+04}}
}
{@BLOCK|pr1101|00
{@A-RES|0|+1.000209E+05{@LIM3|+1.000000E+05|+1.150000E+05|+8.500000E+04}}
}
{@BLOCK|pr1805|00
{@A-RES|0|+1.004288E+05{@LIM3|+1.000000E+05|+1.150000E+05|+8.500000E+04}}
}
{@BLOCK|r10179|00
{@A-RES|0|+9.972910E+04{@LIM3|+1.000000E+05|+1.150000E+05|+8.500000E+04}}
}
{@BLOCK|rc894|00
{@A-RES|0|+1.007097E+05{@LIM3|+1.000000E+05|+1.150000E+05|+8.500000E+04}}
}
{@BLOCK|rh104|00
{@A-RES|0|+9.032199E+04{@LIM3|+1.000000E+05|+1.350000E+05|+6.500000E+04}}
}
{@BLOCK|rh115|00
{@A-RES|0|+9.966947E+04{@LIM3|+1.000000E+05|+1.150000E+05|+8.500000E+04}}
}
{@BLOCK|rv750|00
{@A-RES|0|+8.191436E+04{@LIM3|+1.000000E+05|+1.250000E+05|+7.500000E+04}}
}
{@BLOCK|prs1|00
{@A-RES|0|+4.958537E+05{@LIM3|+4.990000E+05|+5.538900E+05|+4.441100E+05}}
}
{@BLOCK|rh179|00
{@A-RES|0|+9.863354E+04{@LIM3|+1.000000E+05|+1.250000E+05|+7.500000E+04}}
}
{@BLOCK|rh180|00
{@A-RES|0|+9.818643E+04{@LIM3|+1.000000E+05|+1.250000E+05|+7.500000E+04}}
}
{@BLOCK|rh186|00
{@A-RES|0|+9.785690E+04{@LIM3|+1.000000E+05|+1.250000E+05|+7.500000E+04}}
}
{@BLOCK|rw5202|00
{@A-RES|0|+1.003210E+05{@LIM3|+1.000000E+05|+1.150000E+05|+8.500000E+04}}
}
{@BLOCK|rw5211|00
{@A-RES|0|+1.006663E+05{@LIM3|+1.000000E+05|+1.150000E+05|+8.500000E+04}}
}
{@BLOCK|pr505|00
{@A-RES|0|+4.923770E+05{@LIM3|+4.990000E+05|+5.538900E+05|+4.441100E+05}}
}
{@BLOCK|pr509|00
{@A-RES|0|+2.200793E+03{@LIM3|+2.200000E+03|+2.420000E+03|+1.980000E+03}}
}
{@BLOCK|r5806|00
{@A-RES|0|+2.200760E+03{@LIM3|+2.200000E+03|+2.420000E+03|+1.980000E+03}}
}
{@BLOCK|r5834|00
{@A-RES|0|+2.208728E+03{@LIM3|+2.200000E+03|+2.420000E+03|+1.980000E+03}}
}
{@BLOCK|ra5609|00
{@A-RES|0|+2.296240E+03{@LIM3|+2.200000E+03|+2.420000E+03|+1.980000E+03}}
}
{@BLOCK|rg12|00
{@A-RES|0|+2.269482E+03{@LIM3|+2.200000E+03|+2.420000E+03|+1.980000E+03}}
}
{@BLOCK|rg13|00
{@A-RES|0|+2.229060E+03{@LIM3|+2.200000E+03|+2.420000E+03|+1.980000E+03}}
}
{@BLOCK|rg27|00
{@A-RES|0|+2.213355E+03{@LIM3|+2.200000E+03|+2.420000E+03|+1.980000E+03}}
}
{@BLOCK|rg28|00
{@A-RES|0|+2.195563E+03{@LIM3|+2.200000E+03|+2.420000E+03|+1.980000E+03}}
}
{@BLOCK|rh5|00
{@A-RES|0|+2.191591E+03{@LIM3|+2.200000E+03|+2.420000E+03|+1.980000E+03}}
}
{@BLOCK|rh6|00
{@A-RES|0|+2.181276E+03{@LIM3|+2.200000E+03|+2.420000E+03|+1.980000E+03}}
}
{@BLOCK|r5807|00
{@A-RES|0|+2.217646E+03{@LIM3|+2.200000E+03|+2.420000E+03|+1.980000E+03}}
}
{@BLOCK|r5835|00
{@A-RES|0|+2.282175E+03{@LIM3|+2.200000E+03|+2.420000E+03|+1.980000E+03}}
}
{@BLOCK|pr512|00
{@A-RES|0|+4.052090E+05{@LIM3|+5.000000E+05|+8.500000E+05|+1.500000E+05}}
}
{@BLOCK|pr1001|00
{@A-RES|0|+9.938199E+05{@LIM3|+1.000000E+06|+1.210000E+06|+7.900000E+05}}
}
{@BLOCK|pr1806|00
{@A-RES|0|+8.863361E+05{@LIM3|+1.000000E+06|+1.210000E+06|+7.900000E+05}}
}
{@BLOCK|prb2|00
{@A-RES|0|+1.001279E+06{@LIM3|+1.000000E+06|+1.210000E+06|+7.900000E+05}}
}
{@BLOCK|prk7|00
{@A-RES|0|+6.871277E+05{@LIM3|+7.000000E+05|+9.100000E+05|+4.900000E+05}}
}
{@BLOCK|prk16|00
{@A-RES|0|+6.856306E+05{@LIM3|+1.000000E+06|+1.500000E+06|+5.000000E+05}}
}
{@BLOCK|r374|00
{@A-RES|0|+1.000576E+06{@LIM3|+1.000000E+06|+1.210000E+06|+7.900000E+05}}
}
{@BLOCK|pr1802|00
{@A-RES|0|+3.303262E+03{@LIM3|+3.300000E+03|+3.498000E+03|+3.102000E+03}}
}
{@BLOCK|pr1502|00
{@A-RES|0|+9.894167E+05{@LIM3|+1.000000E+06|+1.250000E+06|+7.500000E+05}}
}
{@BLOCK|prdg3|00
{@A-RES|0|+9.884504E+05{@LIM3|+1.000000E+06|+1.250000E+06|+7.500000E+05}}
}
{@BLOCK|rc864|00
{@A-RES|0|+1.015067E+06{@LIM3|+1.000000E+06|+1.250000E+06|+7.500000E+05}}
}
{@BLOCK|prb34|00
{@A-RES|0|+7.435319E+04{@LIM3|+7.500000E+04|+7.950000E+04|+7.050000E+04}}
}
{@BLOCK|rh34|00
{@A-RES|0|+1.992769E+04{@LIM3|+2.000000E+04|+2.120000E+04|+1.880000E+04}}
}
{@BLOCK|rh65|00
{@A-RES|0|+1.991404E+04{@LIM3|+2.000000E+04|+2.120000E+04|+1.880000E+04}}
}
{@BLOCK|rg137|00
{@A-RES|0|+5.051331E+00{@LIM3|+5.000000E+00|+6.750000E+00|+3.250000E+00}}
}
{@BLOCK|prv220|00
{@A-RES|0|+2.000233E+03{@LIM3|+2.000000E+03|+2.120000E+03|+1.880000E+03}}
}
{@BLOCK|prb3|00
{@A-RES|0|+2.981489E+06{@LIM3|+3.000000E+06|+3.750000E+06|+2.250000E+06}}
}
{@BLOCK|prb10|00
{@A-RES|0|+9.951209E+00{@LIM3|+1.000000E+01|+1.050000E+01|+9.500000E+00}}
}
{@BLOCK|prb11|00
{@A-RES|0|+3.153666E+04{@LIM3|+3.160000E+04|+3.349600E+04|+2.970400E+04}}
}
{@BLOCK|prw4|00
{@A-RES|0|+3.157606E+04{@LIM3|+3.160000E+04|+3.349600E+04|+2.970400E+04}}
}
{@BLOCK|prb20|00
{@A-RES|0|+3.157404E+05{@LIM3|+3.160000E+05|+3.507600E+05|+2.812400E+05}}
}
{@BLOCK|prb27|00
{@A-RES|0|+1.201248E+05{@LIM3|+1.200000E+05|+1.332000E+05|+1.068000E+05}}
}
{@BLOCK|prz71|00
{@A-RES|0|+1.207819E+04{@LIM3|+1.210000E+04|+1.282600E+04|+1.137400E+04}}
}
{@BLOCK|pr1883|00
{@A-JUM|0|+5.671147E+00{@LIM2|+1.500000E+01|+0.000000E+00}}
}
{@BLOCK|rc895|00
{@A-JUM|0|+3.331615E+00{@LIM2|+1.500000E+01|+0.000000E+00}}
}
{@BLOCK|pra16|00
{@A-RES|0|+6.008317E+03{@LIM3|+6.040000E+03|+6.402400E+03|+5.677600E+03}}
}
{@BLOCK|pra22|00
{@A-RES|0|+1.489481E+03{@LIM3|+1.500000E+03|+1.590000E+03|+1.410000E+03}}
}
{@BLOCK|prb6|00
{@A-RES|0|+4.029280E+03{@LIM3|+4.020000E+03|+4.261200E+03|+3.778800E+03}}
}
{@BLOCK|prb9|00
{@A-RES|0|+4.006346E+03{@LIM3|+4.020000E+03|+4.261200E+03|+3.778800E+03}}
}
{@BLOCK|prb48|00
{@A-RES|0|+3.871535E+05{@LIM3|+3.920000E+05|+4.351200E+05|+3.488800E+05}}
}
{@BLOCK|prb33|00
{@A-RES|0|+5.080164E+05{@LIM3|+5.110000E+05|+5.672100E+05|+4.547900E+05}}
}
{@BLOCK|prs2|00
{@A-RES|0|+4.995742E+04{@LIM3|+4.990000E+04|+5.289400E+04|+4.690600E+04}}
}
{@BLOCK|prv19|00
{@A-RES|0|+4.992453E+04{@LIM3|+4.990000E+04|+5.289400E+04|+4.690600E+04}}
}
{@BLOCK|prz3|00
{@A-RES|0|+1.028507E+05{@LIM3|+1.020000E+05|+1.132200E+05|+9.078000E+04}}
}
{@BLOCK|prz37|00
{@A-RES|0|+1.020431E+05{@LIM3|+1.020000E+05|+1.132200E+05|+9.078000E+04}}
}
{@BLOCK|prv16|00
{@A-RES|0|+2.212933E+04{@LIM3|+2.210000E+04|+2.342600E+04|+2.077400E+04}}
}
{@BLOCK|prv20|00
{@A-RES|0|+1.705887E+04{@LIM3|+1.820000E+04|+2.111200E+04|+1.528800E+04}}
}
{@BLOCK|rc1931|00
{@A-RES|0|+5.160840E+01{@LIM3|+4.990000E+01|+5.789398E+01|+4.690600E+01}}
}
{@BLOCK|rc1962|00
{@A-RES|0|+5.145940E+01{@LIM3|+4.990000E+01|+5.789398E+01|+4.690600E+01}}
}
{@BLOCK|rc1963|00
{@A-RES|0|+5.133297E+01{@LIM3|+4.990000E+01|+5.789398E+01|+4.690600E+01}}
}
{@BLOCK|prv26|00
{@A-RES|0|+3.315822E+04{@LIM3|+3.320000E+04|+3.519200E+04|+3.120800E+04}}
}
{@BLOCK|prv30|00
{@A-RES|0|+2.262945E+04{@LIM3|+2.250000E+04|+2.385000E+04|+2.115000E+04}}
}
{@BLOCK|prv95|00
{@A-RES|0|+4.722579E+03{@LIM3|+4.700000E+03|+4.982000E+03|+4.418000E+03}}
}
{@BLOCK|prv96|00
{@A-RES|0|+4.695492E+03{@LIM3|+4.700000E+03|+4.982000E+03|+4.418000E+03}}
}
{@BLOCK|prw11|00
{@A-RES|0|+2.430396E+03{@LIM3|+2.490000E+03|+2.639400E+03|+2.340600E+03}}
}
{@BLOCK|rg7|00
{@A-RES|0|+2.483213E+03{@LIM3|+2.490000E+03|+2.639400E+03|+2.340600E+03}}
}
{@BLOCK|prz86|00
{@A-RES|0|+3.010402E+03{@LIM3|+3.000000E+03|+3.180000E+03|+2.820000E+03}}
}
{@BLOCK|rc1968|00
{@A-RES|0|+5.010719E+01{@LIM3|+4.990000E+01|+5.789398E+01|+4.690600E+01}}
}
{@BLOCK|rg176|00
{@A-RES|0|+5.002479E+01{@LIM3|+4.990000E+01|+5.789398E+01|+4.690600E+01}}
}
{@BLOCK|rc398|00
{@A-RES|0|+4.963534E+02{@LIM3|+4.990000E+02|+5.289400E+02|+4.690600E+02}}
}
{@BLOCK|prz1|00
{@A-RES|0|+1.151029E+04{@LIM3|+1.150000E+04|+1.219000E+04|+1.081000E+04}}
}
{@BLOCK|prz2|00
{@A-RES|0|+8.673416E+03{@LIM3|+8.660000E+03|+9.179600E+03|+8.140400E+03}}
}
{@BLOCK|prz5|00
{@A-RES|0|+4.093584E+04{@LIM3|+4.120000E+04|+4.367200E+04|+3.872800E+04}}
}
{@BLOCK|prz6|00
{@A-RES|0|+3.814721E+04{@LIM3|+3.830000E+04|+4.059800E+04|+3.600200E+04}}
}
{@BLOCK|prw25|00
{@A-RES|0|+4.316933E+04{@LIM3|+4.320000E+04|+4.579200E+04|+4.060800E+04}}
}
{@BLOCK|prz16|00
{@A-RES|0|+3.247696E+04{@LIM3|+3.240000E+04|+3.434400E+04|+3.045600E+04}}
}
{@BLOCK|prz17|00
{@A-RES|0|+3.462733E+05{@LIM3|+3.480000E+05|+3.862800E+05|+3.097200E+05}}
}
{@BLOCK|prz18|00
{@A-RES|0|+5.889980E+03{@LIM3|+5.900000E+03|+6.254000E+03|+5.546000E+03}}
}
{@BLOCK|prz20|00
{@A-RES|0|+1.024121E+04{@LIM3|+1.020000E+04|+1.081200E+04|+9.588000E+03}}
}
{@BLOCK|prz24|00
{@A-RES|0|+8.261388E+03{@LIM3|+8.250000E+03|+8.745000E+03|+7.755000E+03}}
}
{@BLOCK|prz41|00
{@A-RES|0|+2.014362E+02{@LIM3|+2.000000E+02|+2.170000E+02|+1.880000E+02}}
}
{@BLOCK|prz75|00
{@A-RES|0|+2.431881E+03{@LIM3|+2.430000E+03|+2.575800E+03|+2.284200E+03}}
}
{@BLOCK|r376|00
{@A-RES|0|+5.231165E+04{@LIM3|+5.230000E+04|+5.543800E+04|+4.916200E+04}}
}
{@BLOCK|rc1005|00
{@A-RES|0|+3.610057E+01{@LIM3|+3.300000E+01|+4.129999E+01|+2.970000E+01}}
}
{@BLOCK|rc1119|00
{@A-RES|0|+3.322971E+01{@LIM3|+3.300000E+01|+4.129999E+01|+2.970000E+01}}
}
{@BLOCK|rh69|00
{@A-RES|0|+3.475976E+01{@LIM3|+3.300000E+01|+4.129999E+01|+2.970000E+01}}
}
{@BLOCK|rh70|00
{@A-RES|0|+3.447179E+01{@LIM3|+3.300000E+01|+4.129999E+01|+2.970000E+01}}
}
{@BLOCK|r10201|00
{@A-RES|0|+7.014186E+04{@LIM3|+7.500000E+04|+9.375000E+04|+5.625000E+04}}
}
{@BLOCK|r10255|00
{@A-RES|0|+7.070143E+04{@LIM3|+7.500000E+04|+9.750000E+04|+5.250000E+04}}
}
{@BLOCK|r10224|00
{@A-RES|0|+3.302193E+01{@LIM3|+3.300000E+01|+3.960000E+01|+2.640000E+01}}
}
{@BLOCK|ra5612|00
{@A-RES|0|+4.798479E+01{@LIM3|+4.700000E+01|+5.670000E+01|+4.230000E+01}}
}
{@BLOCK|ra5613|00
{@A-RES|0|+4.776531E+01{@LIM3|+4.700000E+01|+5.670000E+01|+4.230000E+01}}
}
{@BLOCK|rg136|00
{@A-RES|0|+4.687264E+01{@LIM3|+4.700000E+01|+5.670000E+01|+4.230000E+01}}
}
{@BLOCK|rg286|00
{@A-RES|0|+4.679912E+01{@LIM3|+4.700000E+01|+5.670000E+01|+4.230000E+01}}
}
{@BLOCK|ra5621|00
{@A-RES|0|+4.700296E+03{@LIM3|+4.700000E+03|+5.170000E+03|+4.230000E+03}}
}
{@BLOCK|rt76|00
{@A-RES|0|+4.714504E+03{@LIM3|+4.700000E+03|+5.170000E+03|+4.230000E+03}}
}
{@BLOCK|rt77|00
{@A-RES|0|+4.696406E+03{@LIM3|+4.700000E+03|+5.170000E+03|+4.230000E+03}}
}
{@BLOCK|rtp6306|00
{@A-RES|0|+4.676807E+03{@LIM3|+4.700000E+03|+5.170000E+03|+4.230000E+03}}
}
{@BLOCK|prz72|00
{@A-RES|0|+5.748600E+04{@LIM3|+5.760000E+04|+6.105600E+04|+5.414400E+04}}
}
{@BLOCK|prz76|00
{@A-RES|0|+5.118212E+02{@LIM3|+5.100000E+02|+5.406000E+02|+4.794000E+02}}
}
{@BLOCK|prz82|00
{@A-RES|0|+2.551975E+03{@LIM3|+2.550000E+03|+2.703000E+03|+2.397000E+03}}
}
{@BLOCK|prz84|00
{@A-RES|0|+4.049539E+02{@LIM3|+4.020000E+02|+4.261200E+02|+3.778800E+02}}
}
{@BLOCK|rg65|00
{@A-RES|0|+3.303760E+01{@LIM3|+3.300000E+01|+4.129999E+01|+2.970000E+01}}
}
{@BLOCK|rh68|00
{@A-RES|0|+3.309373E+01{@LIM3|+3.300000E+01|+4.129999E+01|+2.970000E+01}}
}
{@BLOCK|rg135|00
{@A-RES|0|+4.675903E+01{@LIM3|+4.700000E+01|+5.670000E+01|+4.230000E+01}}
}
{@BLOCK|rc1957|00
{@A-RES|0|+1.512348E+01{@LIM3|+1.500000E+01|+1.725000E+01|+1.275000E+01}}
}
{@BLOCK|rtp6311|00
{@A-RES|0|+4.667483E+03{@LIM3|+4.700000E+03|+5.170000E+03|+4.230000E+03}}
}
{@BLOCK|rc1958|00
{@A-RES|0|+1.508312E+01{@LIM3|+1.500000E+01|+2.149999E+01|+1.350000E+01}}
}
{@BLOCK|rc1960|00
{@A-RES|0|+1.528826E+01{@LIM3|+1.500000E+01|+2.149999E+01|+1.350000E+01}}
}
{@BLOCK|rc1961|00
{@A-RES|0|+1.528200E+01{@LIM3|+1.500000E+01|+2.149999E+01|+1.350000E+01}}
}
{@BLOCK|rh86|00
{@A-RES|0|+2.058324E+01{@LIM3|+2.000000E+01|+2.620000E+01|+1.880000E+01}}
}
{@BLOCK|rh87|00
{@A-RES|0|+2.030001E+01{@LIM3|+2.000000E+01|+2.620000E+01|+1.880000E+01}}
}
{@BLOCK|rc64|00
{@A-RES|0|+4.712508E+02{@LIM3|+4.700000E+02|+4.982000E+02|+4.418000E+02}}
}
{@BLOCK|rc450|00
{@A-RES|0|+2.119814E+01{@LIM3|+2.000000E+01|+2.700000E+01|+1.800000E+01}}
}
{@BLOCK|rc1959|00
{@A-RES|0|+1.502627E+01{@LIM3|+1.500000E+01|+2.149999E+01|+1.350000E+01}}
}
{@BLOCK|rc232|00
{@A-RES|0|+6.501492E+01{@LIM3|+6.200000E+01|+7.319999E+01|+5.580000E+01}}
}
{@BLOCK|rl5112|00
{@A-RES|0|+7.753379E+01{@LIM3|+7.500000E+01|+8.750002E+01|+6.750000E+01}}
}
{@BLOCK|rl5113|00
{@A-RES|0|+7.711620E+01{@LIM3|+7.500000E+01|+8.750002E+01|+6.750000E+01}}
}
{@BLOCK|rl5115|00
{@A-RES|0|+7.721779E+01{@LIM3|+7.500000E+01|+8.750002E+01|+6.750000E+01}}
}
{@BLOCK|rh9|00
{@A-RES|0|+1.955745E+04{@LIM3|+2.000000E+04|+2.200000E+04|+1.800000E+04}}
}
{@BLOCK|rh38|00
{@A-RES|0|+5.141198E+01{@LIM3|+5.300000E+01|+5.830000E+01|+4.770000E+01}}
}
{@BLOCK|rh63|00
{@A-RES|0|+5.151836E+01{@LIM3|+5.100000E+01|+6.109999E+01|+4.590000E+01}}
}
{@BLOCK|rc830|00
{@A-RES|0|+2.319660E+04{@LIM3|+2.320000E+04|+2.459200E+04|+2.180800E+04}}
}
{@BLOCK|rh3|00
{@A-RES|0|+1.970758E+04{@LIM3|+2.000000E+04|+2.200000E+04|+1.800000E+04}}
}
{@BLOCK|rh122|00
{@A-RES|0|+1.819011E+04{@LIM3|+2.000000E+04|+2.600000E+04|+1.400000E+04}}
}
{@BLOCK|rh83|00
{@A-RES|0|+1.542141E+01{@LIM3|+1.550000E+01|+1.705000E+01|+1.395000E+01}}
}
{@BLOCK|rh112|00
{@A-RES|0|+2.013646E+03{@LIM3|+2.000000E+03|+2.200000E+03|+1.800000E+03}}
}
{@BLOCK|rh160|00
{@A-RES|0|+1.998092E+03{@LIM3|+2.000000E+03|+2.200000E+03|+1.800000E+03}}
}
{@BLOCK|rh161|00
{@A-RES|0|+2.019900E+03{@LIM3|+2.000000E+03|+2.200000E+03|+1.800000E+03}}
}
{@BLOCK|rl5102|00
{@A-RES|0|+1.489513E+04{@LIM3|+1.500000E+04|+1.650000E+04|+1.350000E+04}}
}
{@BLOCK|rt289|00
{@A-RES|0|+2.002987E+06{@LIM3|+2.000000E+06|+2.420000E+06|+1.580000E+06}}
}
{@BLOCK|rt290|00
{@A-RES|0|+2.020313E+06{@LIM3|+2.000000E+06|+2.420000E+06|+1.580000E+06}}
}
{@BLOCK|rtp9|00
{@A-RES|0|+3.057386E+04{@LIM3|+3.000000E+04|+3.300000E+04|+2.700000E+04}}
}
{@BLOCK|pqb1%qf|00
{@A-NFE|0|+1.203690E+02{@LIM2|+2.000000E+02|+2.000000E+01}}
}
{@BLOCK|pqb5%qf|00
{@A-NFE|0|+1.360135E+02{@LIM2|+2.000000E+02|+2.000000E+01}}
}
{@BLOCK|pqd1|00
{@A-NFE|0|+1.205165E+02{@LIM2|+2.000000E+02|+2.000000E+01}}
}
{@BLOCK|pqs2%qf|00
{@A-NFE|0|+9.445984E+01{@LIM2|+2.000000E+02|+2.000000E+01}}
}
{@BLOCK|pqs5|00
{@A-NFE|0|+1.263888E+02{@LIM2|+2.000000E+02|+2.000000E+01}}
}
{@BLOCK|rh82|00
{@A-RES|0|+3.008458E+01{@LIM3|+3.000000E+01|+3.800001E+01|+2.700000E+01}}
}
{@BLOCK|rh85|00
{@A-RES|0|+6.223719E+02{@LIM3|+6.200000E+02|+6.820000E+02|+5.580000E+02}}
}
{@BLOCK|rts1|00
{@A-RES|0|+1.647809E+04{@LIM3|+1.650000E+04|+1.749000E+04|+1.551000E+04}}
}
{@BLOCK|rts2|00
{@A-RES|0|+1.654625E+04{@LIM3|+1.650000E+04|+1.749000E+04|+1.551000E+04}}
}
{@BLOCK|pqb2%qf|00
{@A-NFE|0|+9.523570E+01{@LIM2|+2.000000E+02|+2.000000E+01}}
}
{@BLOCK|pqb8|00
{@A-NFE|0|+8.143325E+01{@LIM2|+2.000000E+02|+2.000000E+01}}
}
{@BLOCK|pqs1%qf|00
{@A-NFE|0|+1.501692E+02{@LIM2|+2.000000E+02|+2.000000E+01}}
}
{@BLOCK|qc1106%qf1|00
{@A-NFE|0|+8.776736E+01{@LIM2|+2.000000E+02|+2.000000E+01}}
}
{@BLOCK|pqs6|00
{@A-NFE|0|+2.079149E+02{@LIM2|+5.000000E+02|+2.000000E+01}}
}
{@BLOCK|qc1102%qf1|00
{@A-NFE|0|+1.532159E+02{@LIM2|+3.500000E+02|+2.000000E+01}}
}
{@BLOCK|qc1102%qf2|00
{@A-NFE|0|+1.105749E+02{@LIM2|+2.000000E+02|+2.000000E+01}}
}
{@BLOCK|qc1104%qf2|00
{@A-NFE|0|+1.132628E+02{@LIM2|+2.000000E+02|+2.000000E+01}}
}
{@BLOCK|qc1106%qf2|00
{@A-NFE|0|+9.949204E+01{@LIM2|+2.000000E+02|+2.000000E+01}}
}
{@BLOCK|qc1121%qf1|00
{@A-NFE|0|+1.085463E+02{@LIM2|+2.000000E+02|+2.000000E+01}}
}
{@BLOCK|qc1121%qf2|00
{@A-NFE|0|+1.073351E+02{@LIM2|+2.000000E+02|+2.000000E+01}}
}
{@BLOCK|qc1122%qf1|00
{@A-NFE|0|+1.078410E+02{@LIM2|+2.000000E+02|+2.000000E+01}}
}
{@BLOCK|qc1122%qf2|00
{@A-NFE|0|+1.109254E+02{@LIM2|+2.000000E+02|+2.000000E+01}}
}
{@BLOCK|qg2%qf1|00
{@A-NFE|0|+1.074020E+02{@LIM2|+2.000000E+02|+2.000000E+01}}
}
{@BLOCK|qg10%qf1|00
{@A-NFE|0|+8.223556E+01{@LIM2|+2.000000E+02|+2.000000E+01}}
}
{@BLOCK|qg10%qf2|00
{@A-NFE|0|+1.117838E+02{@LIM2|+2.000000E+02|+2.000000E+01}}
}
{@BLOCK|qg11%qf1|00
{@A-NFE|0|+1.079571E+02{@LIM2|+2.000000E+02|+2.000000E+01}}
}
{@BLOCK|qg11%qf2|00
{@A-NFE|0|+8.646023E+01{@LIM2|+2.000000E+02|+2.000000E+01}}
}
{@BLOCK|qg12%qf1|00
{@A-NFE|0|+1.085678E+02{@LIM2|+2.000000E+02|+2.000000E+01}}
}
{@BLOCK|qg12%qf2|00
{@A-NFE|0|+8.116092E+01{@LIM2|+2.000000E+02|+2.000000E+01}}
}
{@BLOCK|qg26%qf1|00
{@A-NFE|0|+8.664976E+01{@LIM2|+2.000000E+02|+2.000000E+01}}
}
{@BLOCK|qg27%qf1|00
{@A-NFE|0|+9.674399E+01{@LIM2|+2.000000E+02|+2.000000E+01}}
}
{@BLOCK|qg27%qf2|00
{@A-NFE|0|+7.846101E+01{@LIM2|+2.000000E+02|+2.000000E+01}}
}
{@BLOCK|qt7|00
{@A-NFE|0|+7.803045E+01{@LIM2|+2.000000E+02|+2.000000E+01}}
}
{@BLOCK|qt8|00
{@A-NFE|0|+8.966315E+01{@LIM2|+2.000000E+02|+2.000000E+01}}
}
{@BLOCK|pqbb3%qf|00
{@A-PFE|0|+1.444603E+02{@LIM2|+2.000000E+02|+2.000000E+01}}
}
{@BLOCK|pqs4%qf|00
{@A-PFE|0|+1.193378E+02{@LIM2|+2.000000E+02|+2.000000E+01}}
}
{@BLOCK|qbl16|00
{@A-PFE|0|+5.944509E+01{@LIM2|+2.000000E+02|+2.000000E+01}}
}
{@BLOCK|qv46%qf|00
{@A-PFE|0|+1.445065E+02{@LIM2|+2.000000E+02|+2.000000E+01}}
}
{@BLOCK|d7701%cr1|00
{@A-DIO|0|+6.663003E-01{@LIM2|+8.000000E-01|+4.000000E-01}}
}
{@BLOCK|dt31%cr3|00
{@A-DIO|0|+6.876725E-01{@LIM2|+8.000000E-01|+4.000000E-01}}
}
{@BLOCK|dt54%cr1|00
{@A-DIO|0|+5.416147E-01{@LIM2|+8.000000E-01|+4.000000E-01}}
}
{@BLOCK|dt54%cr2|00
{@A-DIO|0|+5.447778E-01{@LIM2|+8.000000E-01|+4.000000E-01}}
}
{@BLOCK|dt54%cr3|00
{@A-DIO|0|+6.487323E-01{@LIM2|+8.000000E-01|+4.000000E-01}}
}
{@BLOCK|dt54%cr4|00
{@A-DIO|0|+6.497154E-01{@LIM2|+8.000000E-01|+4.000000E-01}}
}
{@BLOCK|dt57%cr1|00
{@A-DIO|0|+5.407171E-01{@LIM2|+8.000000E-01|+4.000000E-01}}
}
{@BLOCK|dt57%cr2|00
{@A-DIO|0|+5.405889E-01{@LIM2|+8.000000E-01|+4.000000E-01}}
}
{@BLOCK|dt57%cr3|00
{@A-DIO|0|+6.533914E-01{@LIM2|+8.000000E-01|+4.000000E-01}}
}
{@BLOCK|dt57%cr4|00
{@A-DIO|0|+6.543746E-01{@LIM2|+8.000000E-01|+4.000000E-01}}
}
{@BLOCK|dt7201%cr1|00
{@A-DIO|0|+6.507413E-01{@LIM2|+8.000000E-01|+4.000000E-01}}
}
{@BLOCK|dt7201%cr2|00
{@A-DIO|0|+6.492025E-01{@LIM2|+8.000000E-01|+4.000000E-01}}
}
{@BLOCK|dt7201%cr3|00
{@A-DIO|0|+6.679246E-01{@LIM2|+8.000000E-01|+4.000000E-01}}
}
{@BLOCK|dt7201%cr4|00
{@A-DIO|0|+6.700618E-01{@LIM2|+8.000000E-01|+4.000000E-01}}
}
{@BLOCK|dt7202%cr3|00
{@A-DIO|0|+6.874588E-01{@LIM2|+8.000000E-01|+4.000000E-01}}
}
{@BLOCK|dtp65%cr1|00
{@A-DIO|0|+7.055824E-01{@LIM2|+8.000000E-01|+4.000000E-01}}
}
{@BLOCK|dtp6304%cr1|00
{@A-DIO|0|+6.762170E-01{@LIM2|+8.000000E-01|+4.000000E-01}}
}
{@BLOCK|dtp6304%cr2|00
{@A-DIO|0|+6.778413E-01{@LIM2|+8.000000E-01|+4.000000E-01}}
}
{@BLOCK|pd201%cr1|00
{@A-DIO|0|+6.430473E-01{@LIM2|+8.000000E-01|+4.000000E-01}}
}
{@BLOCK|pd201%cr2|00
{@A-DIO|0|+5.321682E-01{@LIM2|+9.000000E-01|+4.000000E-01}}
}
{@BLOCK|ut10%cr1|00
{@A-DIO|0|+4.609987E-01{@LIM2|+8.000000E-01|+4.000000E-01}}
}
{@BLOCK|dh4001|00
{@A-DIO|0|+5.707665E-01{@LIM2|+8.000000E-01|+4.000000E-01}}
}
{@BLOCK|dh4002|00
{@A-DIO|0|+5.732456E-01{@LIM2|+8.000000E-01|+4.000000E-01}}
}
{@BLOCK|dt33|00
{@A-DIO|0|+4.580494E-01{@LIM2|+8.000000E-01|+4.000000E-01}}
}
{@BLOCK|led2|00
{@A-DIO|0|+3.090525E+00{@LIM2|+3.500000E+00|+2.500000E+00}}
}
{@BLOCK|led3|00
{@A-DIO|0|+3.103007E+00{@LIM2|+3.500000E+00|+2.500000E+00}}
}
{@BLOCK|pd2|00
{@A-DIO|0|+5.712366E-01{@LIM2|+8.000000E-01|+4.000000E-01}}
}
{@BLOCK|pd3|00
{@A-DIO|0|+5.777765E-01{@LIM2|+8.000000E-01|+4.000000E-01}}
}
{@BLOCK|pd4|00
{@A-DIO|0|+5.702108E-01{@LIM2|+8.000000E-01|+4.000000E-01}}
}
{@BLOCK|led6%amber|00
{@A-DIO|0|+2.043135E+00{@LIM2|+2.500000E+00|+1.500000E+00}}
}
{@BLOCK|led6%white|00
{@A-DIO|0|+3.221827E+00{@LIM2|+3.800000E+00|+2.800000E+00}}
}
{@BLOCK|pqd2%qa|00
{@A-DIO|0|+7.306734E-01|B-E{@LIM2|+8.050000E-01|+6.030000E-01}}
{@A-DIO|0|+7.260997E-01|B-C{@LIM2|+8.050000E-01|+6.030000E-01}}
}
{@BLOCK|pqd2%qb|00
{@A-DIO|0|+7.310581E-01|B-E{@LIM2|+8.050000E-01|+6.030000E-01}}
{@A-DIO|0|+7.263562E-01|B-C{@LIM2|+8.050000E-01|+6.030000E-01}}
}
{@BLOCK|pqd3%qa|00
{@A-DIO|0|+7.297758E-01|B-E{@LIM2|+8.050000E-01|+6.030000E-01}}
{@A-DIO|0|+7.248174E-01|B-C{@LIM2|+8.050000E-01|+6.030000E-01}}
}
{@BLOCK|pqd3%qb|00
{@A-DIO|0|+7.307589E-01|B-E{@LIM2|+8.050000E-01|+6.030000E-01}}
{@A-DIO|0|+7.258860E-01|B-C{@LIM2|+8.050000E-01|+6.030000E-01}}
}
{@BLOCK|pd77|00
{@A-DIO|0|+6.907335E-01{@LIM2|+8.000000E-01|+4.000000E-01}}
}
{@BLOCK|pdd1|00
{@A-ZEN|0|+5.124422E+00{@LIM3|+5.000000E+00|+5.302000E+00|+4.777500E+00}}
}
{@BLOCK|qg1|00
{@A-NFE|0|+7.734495E+01{@LIM2|+2.000000E+02|+2.000000E+01}}
}
{@BLOCK|qg2%qf2|00
{@A-NFE|0|+1.494701E+02{@LIM2|+2.000000E+02|+2.000000E+01}}
}
{@BLOCK|qg3%qf1|00
{@A-NFE|0|+7.144670E+01{@LIM2|+2.000000E+02|+2.000000E+01}}
}
{@BLOCK|qg3%qf2|00
{@A-NFE|0|+1.151380E+02{@LIM2|+2.000000E+02|+2.000000E+01}}
}
{@BLOCK|dc1103|00
{@A-DIO|0|+5.642677E-01{@LIM2|+8.000000E-01|+4.000000E-01}}
}
{@BLOCK|dg2|00
{@A-DIO|0|+5.986821E-01{@LIM2|+8.000000E-01|+4.000000E-01}}
}
}}