{@BATCH|tb14_tb16_gen6_irl||3359|1||btest|050505085623~16|ICT0265\engineer|ICT0265|C:/Agilent_ICT/boards/tb14_tb16_gen6_irl_G8|RevA|5b21d46750tb14i5||5b21d46750tb14i5
{@BTEST|6583000134|00|050505142920|000020|0|all||n||050505142940||1
{@BLOCK|pc5107|00
{@A-CAP|0|+8.588160E-05{@LIM3|+1.110000E-04|+1.665000E-04|+5.548468E-05}}
}
{@BLOCK|c6106|00
{@A-CAP|0|+3.690857E-05{@LIM3|+4.230000E-05|+5.499000E-05|+2.749500E-05}}
}
{@BLOCK|c2205|00
{@A-CAP|0|+2.231559E-06{@LIM3|+2.100000E-06|+3.150000E-06|+1.050000E-06}}
}
{@BLOCK|c2212|00
{@A-CAP|0|+9.550961E-05{@LIM3|+1.001000E-04|+1.301300E-04|+7.005619E-05}}
}
{@BLOCK|c2401|00
{@A-CAP|0|+5.570712E-06{@LIM3|+4.900000E-06|+6.370000E-06|+3.430000E-06}}
}
{@BLOCK|c2217|00
{@A-CAP|0|+4.393429E-06{@LIM3|+4.300000E-06|+5.590000E-06|+3.010000E-06}}
}
{@BLOCK|c2415|00
{@A-CAP|0|+1.144763E-07{@LIM3|+1.000000E-07|+1.300000E-07|+7.000000E-08}}
}
{@BLOCK|c6311|00
{@A-CAP|0|+8.589652E-05{@LIM3|+8.911000E-05|+1.158430E-04|+6.236470E-05}}
}
{@BLOCK|c2622|00
{@A-CAP|0|+1.009155E-07{@LIM3|+1.001000E-07|+1.201200E-07|+8.008000E-08}}
}
{@BLOCK|c2702|00
{@A-CAP|0|+5.799564E-06{@LIM3|+5.700000E-06|+7.410000E-06|+3.990000E-06}}
}
{@BLOCK|c2708|00
{@A-CAP|0|+1.982256E-05{@LIM3|+2.050000E-05|+2.665000E-05|+1.435000E-05}}
}
{@BLOCK|c2733|00
{@A-CAP|0|+1.136325E-07{@LIM3|+1.000000E-07|+1.300000E-07|+7.000000E-08}}
}
{@BLOCK|tc3501|00
{@A-CAP|0|+9.506620E-05{@LIM3|+1.001000E-04|+1.301300E-04|+7.000704E-05}}
}
{@BLOCK|pc4556|00
{@A-CAP|0|+1.607102E-04{@LIM3|+1.342000E-04|+1.744600E-04|+9.392148E-05}}
}
{@BLOCK|pc5106|00
{@A-CAP|0|+8.321196E-08{@LIM3|+1.000000E-07|+1.200000E-07|+7.000000E-08}}
}
{@BLOCK|c5502|00
{@A-CAP|0|+5.664798E-06{@LIM3|+4.800000E-06|+6.240000E-06|+3.360000E-06}}
}
{@BLOCK|pc4509|00
{@A-CAP|0|+1.603178E-04{@LIM3|+1.342000E-04|+1.744600E-04|+9.392148E-05}}
}
{@BLOCK|c5708|00
{@A-CAP|0|+7.416973E-06{@LIM3|+6.440000E-06|+8.372000E-06|+4.508000E-06}}
}
{@BLOCK|c7111|00
{@A-CAP|0|+1.107507E-04{@LIM3|+1.072000E-04|+1.393600E-04|+7.500827E-05}}
}
{@BLOCK|c7124|00
{@A-CAP|0|+1.050390E-07{@LIM3|+1.000000E-07|+1.300000E-07|+7.000000E-08}}
}
{@BLOCK|c7206|00
{@A-CAP|0|+9.713238E-08{@LIM3|+1.000000E-07|+1.200000E-07|+8.000000E-08}}
}
{@BLOCK|c4213|00
{@A-CAP|0|+2.344779E-06{@LIM3|+2.040000E-06|+2.448000E-06|+1.632000E-06}}
}
{@BLOCK|c7506|00
{@A-CAP|0|+9.691590E-08{@LIM3|+1.000000E-07|+1.200000E-07|+8.000000E-08}}
}
{@BLOCK|c4201|00
{@A-CAP|0|+2.169558E-06{@LIM3|+2.040000E-06|+2.448000E-06|+1.632000E-06}}
}
{@BLOCK|pt5001|00
{@A-CAP|0|+8.678011E-04{@LIM3|+8.360000E-04|+1.086800E-03|+5.834653E-04}}
}
{@BLOCK|c1202|00
{@A-CAP|0|+3.598183E-04{@LIM3|+3.041000E-04|+3.953300E-04|+2.128280E-04}}
}
{@BLOCK|pc4406|00
{@A-CAP|0|+4.202024E-05{@LIM3|+4.067500E-05|+5.287750E-05|+2.847250E-05}}
}
{@BLOCK|pc4450|00
{@A-CAP|0|+1.159263E-05{@LIM3|+1.130000E-05|+1.469000E-05|+7.910000E-06}}
}
{@BLOCK|pt4701|00
{@A-CAP|0|+1.359006E-03{@LIM3|+1.320000E-03|+1.716000E-03|+9.212610E-04}}
}
{@BLOCK|pt4801|00
{@A-CAP|0|+1.265456E-03{@LIM3|+1.210000E-03|+1.573000E-03|+8.444892E-04}}
}
{@BLOCK|pc4416|00
{@A-CAP|0|+9.722425E-08{@LIM3|+1.000000E-07|+1.200000E-07|+8.000000E-08}}
}
{@BLOCK|pc4420|00
{@A-CAP|0|+2.228835E-06{@LIM3|+2.200000E-06|+2.860000E-06|+1.540000E-06}}
}
{@BLOCK|pc4506|00
{@A-CAP|0|+8.551333E-08{@LIM3|+1.000000E-07|+1.200000E-07|+7.000000E-08}}
}
{@BLOCK|pc4508|00
{@A-CAP|0|+8.492794E-08{@LIM3|+1.000000E-07|+1.200000E-07|+7.000000E-08}}
}
{@BLOCK|pc4564|00
{@A-CAP|0|+8.208185E-08{@LIM3|+1.000000E-07|+1.200000E-07|+7.000000E-08}}
}
{@BLOCK|pc5108|00
{@A-CAP|0|+8.259076E-08{@LIM3|+1.000000E-07|+1.200000E-07|+7.000000E-08}}
}
{@BLOCK|c7121|00
{@A-CAP|0|+1.188067E-05{@LIM3|+1.220000E-05|+1.830000E-05|+6.100000E-06}}
}
{@BLOCK|c7301|00
{@A-CAP|0|+1.114727E-05{@LIM3|+1.000000E-05|+1.300000E-05|+7.000000E-06}}
}
{@BLOCK|c7302|00
{@A-CAP|0|+1.414797E-05{@LIM3|+1.200000E-05|+1.560000E-05|+8.400000E-06}}
}
{@BLOCK|c7303|00
{@A-CAP|0|+1.130613E-05{@LIM3|+1.000000E-05|+1.300000E-05|+7.000000E-06}}
}
{@BLOCK|pc4507|00
{@A-CAP|0|+1.070927E-05{@LIM3|+1.000000E-05|+1.300000E-05|+7.000000E-06}}
}
{@BLOCK|pc4563|00
{@A-CAP|0|+1.161046E-05{@LIM3|+1.000000E-05|+1.300000E-05|+7.000000E-06}}
}
{@BLOCK|c1803|00
{@A-CAP|0|+1.076404E-06{@LIM3|+1.000000E-06|+1.300000E-06|+7.000000E-07}}
}
{@BLOCK|c1804|00
{@A-CAP|0|+1.042140E-06{@LIM3|+1.000000E-06|+1.300000E-06|+7.000000E-07}}
}
{@BLOCK|c2403|00
{@A-CAP|0|+1.097736E-06{@LIM3|+1.000000E-06|+1.300000E-06|+7.000000E-07}}
}
{@BLOCK|c5728|00
{@A-CAP|0|+1.030443E-06{@LIM3|+1.000000E-06|+1.300000E-06|+7.000000E-07}}
}
{@BLOCK|pc4611|00
{@A-CAP|0|+1.045684E-06{@LIM3|+1.000000E-06|+1.300000E-06|+7.000000E-07}}
}
{@BLOCK|pc5116|00
{@A-CAP|0|+1.055491E-06{@LIM3|+1.000000E-06|+1.300000E-06|+7.000000E-07}}
}
{@BLOCK|c7127|00
{@A-CAP|0|+8.525186E-05{@LIM3|+9.080000E-05|+1.452800E-04|+3.630747E-05}}
}
{@BLOCK|c2717|00
{@A-CAP|0|+2.064110E-06{@LIM3|+2.200000E-06|+2.860000E-06|+1.540000E-06}}
}
{@BLOCK|c2204|00
{@A-CAP|0|+5.097306E-06{@LIM3|+4.700000E-06|+6.110000E-06|+3.290000E-06}}
}
{@BLOCK|pc4522|00
{@A-CAP|0|+5.742760E-06{@LIM3|+4.700000E-06|+6.110000E-06|+3.290000E-06}}
}
{@BLOCK|pc4561|00
{@A-CAP|0|+5.845558E-06{@LIM3|+4.700000E-06|+6.110000E-06|+3.290000E-06}}
}
{@BLOCK|pc5113|00
{@A-CAP|0|+5.829963E-06{@LIM3|+4.700000E-06|+6.110000E-06|+3.290000E-06}}
}
{@BLOCK|c2210|00
{@A-CAP|0|+1.834510E-06{@LIM3|+2.500000E-06|+3.750000E-06|+1.250000E-06}}
}
{@BLOCK|c2713|00
{@A-CAP|0|+2.114304E-06{@LIM3|+2.200000E-06|+2.860000E-06|+1.540000E-06}}
}
{@BLOCK|c2716|00
{@A-CAP|0|+1.949539E-06{@LIM3|+2.200000E-06|+2.860000E-06|+1.540000E-06}}
}
{@BLOCK|c2718|00
{@A-CAP|0|+2.394083E-06{@LIM3|+2.200000E-06|+2.860000E-06|+1.540000E-06}}
}
{@BLOCK|c2719|00
{@A-CAP|0|+2.654458E-06{@LIM3|+2.800000E-06|+4.200000E-06|+1.400000E-06}}
}
{@BLOCK|c3001|00
{@A-CAP|0|+2.356476E-06{@LIM3|+2.200000E-06|+2.860000E-06|+1.540000E-06}}
}
{@BLOCK|c7109|00
{@A-CAP|0|+2.501044E-06{@LIM3|+2.200000E-06|+2.860000E-06|+1.540000E-06}}
}
{@BLOCK|c7110|00
{@A-CAP|0|+2.721647E-06{@LIM3|+2.200000E-06|+2.860000E-06|+1.540000E-06}}
}
{@BLOCK|pc4689|00
{@A-CAP|0|+2.714911E-06{@LIM3|+2.800000E-06|+4.200000E-06|+1.400000E-06}}
}
{@BLOCK|c6401|00
{@A-CAP|0|+8.988563E-10{@LIM3|+1.000000E-09|+1.177000E-09|+8.000000E-10}}
}
{@BLOCK|c7140|00
{@A-CAP|0|+1.147570E-09{@LIM3|+1.200000E-09|+1.620000E-09|+7.800000E-10}}
}
{@BLOCK|ec2901|00
{@A-CAP|0|+1.043091E-09{@LIM3|+1.000000E-09|+1.300000E-09|+8.000000E-10}}
}
{@BLOCK|ec2902|00
{@A-CAP|0|+1.158672E-09{@LIM3|+1.000000E-09|+1.250000E-09|+8.000000E-10}}
}
{@BLOCK|ec2903|00
{@A-CAP|0|+1.178237E-09{@LIM3|+1.000000E-09|+1.250000E-09|+8.000000E-10}}
}
{@BLOCK|ec2904|00
{@A-CAP|0|+1.161751E-09{@LIM3|+1.000000E-09|+1.250000E-09|+8.000000E-10}}
}
{@BLOCK|ec4308|00
{@A-CAP|0|+1.194462E-09{@LIM3|+1.000000E-09|+1.250000E-09|+8.000000E-10}}
}
{@BLOCK|pc5013|00
{@A-CAP|0|+2.232218E-07{@LIM3|+2.200000E-07|+2.640000E-07|+1.760000E-07}}
}
{@BLOCK|pc4709|00
{@A-CAP|0|+9.882963E-07{@LIM3|+1.000000E-06|+1.200000E-06|+8.000000E-07}}
}
{@BLOCK|pc4613|00
{@A-CAP|0|+1.026169E-08{@LIM3|+1.000000E-08|+1.200000E-08|+8.000000E-09}}
}
{@BLOCK|c7310|00
{@A-CAP|0|+3.499064E-10{@LIM3|+2.900000E-10|+3.915000E-10|+1.885000E-10}}
}
{@BLOCK|pc4413|00
{@A-CAP|0|+5.114057E-08{@LIM3|+4.700000E-08|+5.640000E-08|+3.760000E-08}}
}
{@BLOCK|pc4414|00
{@A-CAP|0|+4.910512E-08{@LIM3|+4.700000E-08|+5.640000E-08|+3.760000E-08}}
}
{@BLOCK|pc4608|00
{@A-CAP|0|+4.020863E-10{@LIM3|+3.900000E-10|+4.755001E-10|+3.120000E-10}}
}
{@BLOCK|er2707|00
{@A-RES|0|+3.758207E+01{@LIM3|+3.300000E+01|+4.455000E+01|+2.970000E+01}}
}
{@BLOCK|r4302|00
{@A-RES|0|+3.757839E+01{@LIM3|+3.300000E+01|+4.129999E+01|+2.970000E+01}}
}
{@BLOCK|r4303|00
{@A-RES|0|+3.605882E+01{@LIM3|+3.300000E+01|+4.129999E+01|+2.970000E+01}}
}
{@BLOCK|r4304|00
{@A-RES|0|+3.704371E+01{@LIM3|+3.300000E+01|+4.129999E+01|+2.970000E+01}}
}
{@BLOCK|r5510|00
{@A-RES|0|+3.547227E+01{@LIM3|+3.300000E+01|+4.129999E+01|+2.970000E+01}}
}
{@BLOCK|c2613|00
{@A-CAP|0|+2.308518E-09{@LIM3|+2.300000E-09|+2.760000E-09|+1.840000E-09}}
}
{@BLOCK|c2620|00
{@A-CAP|0|+2.318208E-09{@LIM3|+2.300000E-09|+2.760000E-09|+1.840000E-09}}
}
{@BLOCK|r1885|00
{@A-RES|0|+3.508001E+01{@LIM3|+3.300000E+01|+4.455000E+01|+2.970000E+01}}
}
{@BLOCK|r1886|00
{@A-RES|0|+3.509605E+01{@LIM3|+3.300000E+01|+4.455000E+01|+2.145000E+01}}
}
{@BLOCK|r5611|00
{@A-RES|0|+3.790595E+01{@LIM3|+3.300000E+01|+4.455000E+01|+2.145000E+01}}
}
{@BLOCK|r5612|00
{@A-RES|0|+3.862277E+01{@LIM3|+3.300000E+01|+4.455000E+01|+2.145000E+01}}
}
{@BLOCK|r5613|00
{@A-RES|0|+3.748439E+01{@LIM3|+3.300000E+01|+4.129999E+01|+2.970000E+01}}
}
{@BLOCK|r5614|00
{@A-RES|0|+3.726581E+01{@LIM3|+3.300000E+01|+4.455000E+01|+2.970000E+01}}
}
{@BLOCK|r5552|00
{@A-RES|0|+4.023641E+01{@LIM3|+3.300000E+01|+4.455000E+01|+2.145000E+01}}
}
{@BLOCK|r5553|00
{@A-RES|0|+3.575429E+01{@LIM3|+3.300000E+01|+4.129999E+01|+2.970000E+01}}
}
{@BLOCK|pr4432|00
{@A-RES|0|+1.029257E+05{@LIM3|+1.000000E+05|+1.150000E+05|+8.500000E+04}}
}
{@BLOCK|pr5004|00
{@A-RES|0|+9.981406E+04{@LIM3|+1.000000E+05|+1.150000E+05|+8.500000E+04}}
}
{@BLOCK|pr5103|00
{@A-RES|0|+9.959075E+04{@LIM3|+1.000000E+05|+1.150000E+05|+8.500000E+04}}
}
{@BLOCK|r1207|00
{@A-RES|0|+1.008137E+05{@LIM3|+1.000000E+05|+1.150000E+05|+8.500000E+04}}
}
{@BLOCK|r1704|00
{@A-RES|0|+9.915815E+04{@LIM3|+1.000000E+05|+1.150000E+05|+8.500000E+04}}
}
{@BLOCK|r1706|00
{@A-RES|0|+1.002844E+05{@LIM3|+1.000000E+05|+1.150000E+05|+8.500000E+04}}
}
{@BLOCK|r1711|00
{@A-RES|0|+9.963691E+04{@LIM3|+1.000000E+05|+1.150000E+05|+8.500000E+04}}
}
{@BLOCK|r1714|00
{@A-RES|0|+9.894848E+04{@LIM3|+1.000000E+05|+1.150000E+05|+8.500000E+04}}
}
{@BLOCK|r1718|00
{@A-RES|0|+9.937925E+04{@LIM3|+1.000000E+05|+1.150000E+05|+8.500000E+04}}
}
{@BLOCK|r1719|00
{@A-RES|0|+1.000485E+05{@LIM3|+1.000000E+05|+1.150000E+05|+8.500000E+04}}
}
{@BLOCK|r1720|00
{@A-RES|0|+8.965935E+04{@LIM3|+7.890900E+04|+1.223089E+05|+3.550905E+04}}
}
{@BLOCK|r1793|00
{@A-RES|0|+1.001234E+05{@LIM3|+1.000000E+05|+1.150000E+05|+8.500000E+04}}
}
{@BLOCK|r1806|00
{@A-RES|0|+9.966499E+04{@LIM3|+1.000000E+05|+1.150000E+05|+8.500000E+04}}
}
{@BLOCK|r1887|00
{@A-RES|0|+1.000165E+05{@LIM3|+1.000000E+05|+1.150000E+05|+8.500000E+04}}
}
{@BLOCK|r2254|00
{@A-RES|0|+9.983508E+04{@LIM3|+1.000000E+05|+1.150000E+05|+8.500000E+04}}
}
{@BLOCK|r2402|00
{@A-RES|0|+9.982444E+04{@LIM3|+1.000000E+05|+1.150000E+05|+8.500000E+04}}
}
{@BLOCK|r2409|00
{@A-RES|0|+9.987770E+04{@LIM3|+1.000000E+05|+1.150000E+05|+8.500000E+04}}
}
{@BLOCK|r2412|00
{@A-RES|0|+1.002414E+05{@LIM3|+1.000000E+05|+1.150000E+05|+8.500000E+04}}
}
{@BLOCK|r2417|00
{@A-RES|0|+9.973525E+04{@LIM3|+1.000000E+05|+1.150000E+05|+8.500000E+04}}
}
{@BLOCK|r2424|00
{@A-RES|0|+9.974996E+04{@LIM3|+1.000000E+05|+1.150000E+05|+8.500000E+04}}
}
{@BLOCK|r2448|00
{@A-RES|0|+9.996304E+04{@LIM3|+1.000000E+05|+1.150000E+05|+8.500000E+04}}
}
{@BLOCK|r2471|00
{@A-RES|0|+1.007696E+05{@LIM3|+1.000000E+05|+1.150000E+05|+8.500000E+04}}
}
{@BLOCK|r2481|00
{@A-RES|0|+9.982444E+04{@LIM3|+1.000000E+05|+1.150000E+05|+8.500000E+04}}
}
{@BLOCK|r2646|00
{@A-RES|0|+1.036581E+05{@LIM3|+1.000000E+05|+1.500000E+05|+5.000000E+04}}
}
{@BLOCK|r2709|00
{@A-RES|0|+9.996304E+04{@LIM3|+1.000000E+05|+1.150000E+05|+8.500000E+04}}
}
{@BLOCK|r2718|00
{@A-RES|0|+9.863202E+04{@LIM3|+1.000000E+05|+1.150000E+05|+8.500000E+04}}
}
{@BLOCK|r3010|00
{@A-RES|0|+1.019558E+05{@LIM3|+1.000000E+05|+1.150000E+05|+8.500000E+04}}
}
{@BLOCK|r4021|00
{@A-RES|0|+9.605691E+04{@LIM3|+1.000000E+05|+1.250000E+05|+7.500000E+04}}
}
{@BLOCK|r4022|00
{@A-RES|0|+9.358394E+04{@LIM3|+1.000000E+05|+1.150000E+05|+8.500000E+04}}
}
{@BLOCK|r5512|00
{@A-RES|0|+9.954838E+04{@LIM3|+1.000000E+05|+1.150000E+05|+8.500000E+04}}
}
{@BLOCK|r5515|00
{@A-RES|0|+9.791210E+04{@LIM3|+1.000000E+05|+1.150000E+05|+7.500000E+04}}
}
{@BLOCK|r5517|00
{@A-RES|0|+1.002232E+05{@LIM3|+1.000000E+05|+1.150000E+05|+8.500000E+04}}
}
{@BLOCK|r6501|00
{@A-RES|0|+1.007703E+05{@LIM3|+1.000000E+05|+1.150000E+05|+8.500000E+04}}
}
{@BLOCK|r6502|00
{@A-RES|0|+1.005213E+05{@LIM3|+1.000000E+05|+1.150000E+05|+8.500000E+04}}
}
{@BLOCK|r6516|00
{@A-RES|0|+9.928437E+04{@LIM3|+1.000000E+05|+1.150000E+05|+8.500000E+04}}
}
{@BLOCK|r6518|00
{@A-RES|0|+9.857332E+04{@LIM3|+1.000000E+05|+1.150000E+05|+8.500000E+04}}
}
{@BLOCK|r6521|00
{@A-RES|0|+9.883355E+04{@LIM3|+1.000000E+05|+1.150000E+05|+8.500000E+04}}
}
{@BLOCK|r6577|00
{@A-RES|0|+9.983508E+04{@LIM3|+1.000000E+05|+1.150000E+05|+8.500000E+04}}
}
{@BLOCK|r6581|00
{@A-RES|0|+1.000485E+05{@LIM3|+8.500000E+04|+1.062500E+05|+7.225000E+04}}
}
{@BLOCK|r6610|00
{@A-RES|0|+9.998440E+04{@LIM3|+1.000000E+05|+1.150000E+05|+8.500000E+04}}
}
{@BLOCK|r7123|00
{@A-RES|0|+9.905321E+04{@LIM3|+1.000000E+05|+1.150000E+05|+8.500000E+04}}
}
{@BLOCK|r7330|00
{@A-RES|0|+9.986704E+04{@LIM3|+1.000000E+05|+1.150000E+05|+8.500000E+04}}
}
{@BLOCK|rn2201%r1|00
{@A-RES|0|+9.891521E+04{@LIM3|+1.000000E+05|+1.150000E+05|+7.500000E+04}}
}
{@BLOCK|rn2201%r2|00
{@A-RES|0|+9.883781E+04{@LIM3|+1.000000E+05|+1.150000E+05|+7.500000E+04}}
}
{@BLOCK|rn4001%r1|00
{@A-RES|0|+1.000512E+05{@LIM3|+1.000000E+05|+1.150000E+05|+8.500000E+04}}
}
{@BLOCK|rn4001%r2|00
{@A-RES|0|+9.927800E+04{@LIM3|+1.000000E+05|+1.150000E+05|+7.500000E+04}}
}
{@BLOCK|rn6401%r1|00
{@A-RES|0|+1.002736E+05{@LIM3|+1.000000E+05|+1.150000E+05|+8.500000E+04}}
}
{@BLOCK|rn6401%r2|00
{@A-RES|0|+1.003426E+05{@LIM3|+1.000000E+05|+1.150000E+05|+8.500000E+04}}
}
{@BLOCK|rn6402%r1|00
{@A-RES|0|+1.002414E+05{@LIM3|+1.000000E+05|+1.150000E+05|+8.500000E+04}}
}
{@BLOCK|rn6402%r2|00
{@A-RES|0|+1.000378E+05{@LIM3|+1.000000E+05|+1.150000E+05|+7.500000E+04}}
}
{@BLOCK|pr4434|00
{@A-RES|0|+1.002485E+04{@LIM3|+1.000000E+04|+1.100000E+04|+9.000000E+03}}
}
{@BLOCK|pr4643|00
{@A-RES|0|+1.000717E+04{@LIM3|+1.000000E+04|+1.100000E+04|+9.000000E+03}}
}
{@BLOCK|pr4648|00
{@A-RES|0|+1.001573E+04{@LIM3|+1.000000E+04|+1.100000E+04|+9.000000E+03}}
}
{@BLOCK|r411|00
{@A-RES|0|+9.977839E+03{@LIM3|+1.000000E+04|+1.100000E+04|+9.000000E+03}}
}
{@BLOCK|r1201|00
{@A-RES|0|+9.996483E+03{@LIM3|+1.000000E+04|+1.100000E+04|+9.000000E+03}}
}
{@BLOCK|r1602|00
{@A-RES|0|+9.994883E+03{@LIM3|+1.000000E+04|+1.100000E+04|+9.000000E+03}}
}
{@BLOCK|r1603|00
{@A-RES|0|+9.985821E+03{@LIM3|+1.000000E+04|+1.100000E+04|+9.000000E+03}}
}
{@BLOCK|r1609|00
{@A-RES|0|+1.005986E+04{@LIM3|+1.000000E+04|+1.100000E+04|+9.000000E+03}}
}
{@BLOCK|r1610|00
{@A-RES|0|+1.017245E+04{@LIM3|+1.000000E+04|+1.100000E+04|+9.000000E+03}}
}
{@BLOCK|r1705|00
{@A-RES|0|+9.961913E+03{@LIM3|+1.000000E+04|+1.100000E+04|+9.000000E+03}}
}
{@BLOCK|r1707|00
{@A-RES|0|+9.965624E+03{@LIM3|+1.000000E+04|+1.100000E+04|+9.000000E+03}}
}
{@BLOCK|r1708|00
{@A-RES|0|+1.004436E+04{@LIM3|+1.000000E+04|+1.100000E+04|+9.000000E+03}}
}
{@BLOCK|r6113|00
{@A-RES|0|+3.655970E+01{@LIM3|+3.300000E+01|+4.620000E+01|+2.145000E+01}}
}
{@BLOCK|r2529|00
{@A-RES|0|+1.002087E+05{@LIM3|+1.000000E+05|+1.150000E+05|+8.500000E+04}}
}
{@BLOCK|r2530|00
{@A-RES|0|+9.990928E+04{@LIM3|+1.000000E+05|+1.150000E+05|+8.500000E+04}}
}
{@BLOCK|r4012|00
{@A-RES|0|+9.547427E+04{@LIM3|+1.000000E+05|+1.250000E+05|+7.500000E+04}}
}
{@BLOCK|pr4501|00
{@A-RES|0|+1.030796E+01{@LIM3|+1.000000E+01|+1.250000E+01|+7.500000E+00}}
}
{@BLOCK|pr5109|00
{@A-RES|0|+1.042618E+01{@LIM3|+1.000000E+01|+1.350000E+01|+6.500000E+00}}
}
{@BLOCK|r2708|00
{@A-RES|0|+1.125780E+01{@LIM3|+1.000000E+01|+1.350000E+01|+6.500000E+00}}
}
{@BLOCK|r1774|00
{@A-RES|0|+1.015774E+04{@LIM3|+1.000000E+04|+1.100000E+04|+9.000000E+03}}
}
{@BLOCK|r1840|00
{@A-RES|0|+1.012691E+04{@LIM3|+1.000000E+04|+1.100000E+04|+9.000000E+03}}
}
{@BLOCK|r1842|00
{@A-RES|0|+1.003844E+04{@LIM3|+1.000000E+04|+1.100000E+04|+9.000000E+03}}
}
{@BLOCK|r1844|00
{@A-RES|0|+1.001482E+04{@LIM3|+1.000000E+04|+1.100000E+04|+9.000000E+03}}
}
{@BLOCK|r1845|00
{@A-RES|0|+1.004382E+04{@LIM3|+1.000000E+04|+1.100000E+04|+9.000000E+03}}
}
{@BLOCK|r1846|00
{@A-RES|0|+1.004436E+04{@LIM3|+1.000000E+04|+1.100000E+04|+9.000000E+03}}
}
{@BLOCK|r2032|00
{@A-RES|0|+1.002339E+04{@LIM3|+1.000000E+04|+1.100000E+04|+9.000000E+03}}
}
{@BLOCK|r2034|00
{@A-RES|0|+9.986518E+03{@LIM3|+1.000000E+04|+1.100000E+04|+9.000000E+03}}
}
{@BLOCK|r2041|00
{@A-RES|0|+1.001643E+04{@LIM3|+1.000000E+04|+1.100000E+04|+9.000000E+03}}
}
{@BLOCK|r1713|00
{@A-RES|0|+9.995950E+03{@LIM3|+1.000000E+04|+1.100000E+04|+9.000000E+03}}
}
{@BLOCK|r1717|00
{@A-RES|0|+9.976775E+03{@LIM3|+1.000000E+04|+1.100000E+04|+9.000000E+03}}
}
{@BLOCK|r1974|00
{@A-RES|0|+1.040247E+04{@LIM3|+1.000000E+04|+1.100000E+04|+9.000000E+03}}
}
{@BLOCK|r2012|00
{@A-RES|0|+1.000770E+04{@LIM3|+1.000000E+04|+1.100000E+04|+9.000000E+03}}
}
{@BLOCK|r2013|00
{@A-RES|0|+9.987419E+03{@LIM3|+1.000000E+04|+1.100000E+04|+9.000000E+03}}
}
{@BLOCK|r2407|00
{@A-RES|0|+9.979434E+03{@LIM3|+1.000000E+04|+1.100000E+04|+9.000000E+03}}
}
{@BLOCK|r2413|00
{@A-RES|0|+1.001466E+04{@LIM3|+1.000000E+04|+1.100000E+04|+9.000000E+03}}
}
{@BLOCK|r2416|00
{@A-RES|0|+1.000610E+04{@LIM3|+1.000000E+04|+1.100000E+04|+9.000000E+03}}
}
{@BLOCK|r2418|00
{@A-RES|0|+9.964033E+03{@LIM3|+1.000000E+04|+1.100000E+04|+9.000000E+03}}
}
{@BLOCK|r2427|00
{@A-RES|0|+1.000401E+04{@LIM3|+1.000000E+04|+1.100000E+04|+9.000000E+03}}
}
{@BLOCK|r2447|00
{@A-RES|0|+9.978777E+04{@LIM3|+1.000000E+05|+1.100000E+05|+9.000000E+04}}
}
{@BLOCK|r2449|00
{@A-RES|0|+9.967216E+03{@LIM3|+1.000000E+04|+1.100000E+04|+9.000000E+03}}
}
{@BLOCK|r2458|00
{@A-RES|0|+9.950285E+03{@LIM3|+1.000000E+04|+1.100000E+04|+9.000000E+03}}
}
{@BLOCK|r2459|00
{@A-RES|0|+9.974649E+03{@LIM3|+1.000000E+04|+1.100000E+04|+9.000000E+03}}
}
{@BLOCK|r2466|00
{@A-RES|0|+1.002002E+04{@LIM3|+1.000000E+04|+1.100000E+04|+9.000000E+03}}
}
{@BLOCK|r2470|00
{@A-RES|0|+1.001895E+04{@LIM3|+1.000000E+04|+1.100000E+04|+9.000000E+03}}
}
{@BLOCK|r2484|00
{@A-RES|0|+9.676502E+03{@LIM3|+1.000000E+04|+1.100000E+04|+9.000000E+03}}
}
{@BLOCK|r2488|00
{@A-RES|0|+1.002057E+04{@LIM3|+1.000000E+04|+1.100000E+04|+9.000000E+03}}
}
{@BLOCK|r2715|00
{@A-RES|0|+1.000503E+04{@LIM3|+1.000000E+04|+1.100000E+04|+9.000000E+03}}
}
{@BLOCK|r4027|00
{@A-RES|0|+9.960871E+03{@LIM3|+1.000000E+04|+1.100000E+04|+9.000000E+03}}
}
{@BLOCK|r5526|00
{@A-RES|0|+9.952790E+03{@LIM3|+1.000000E+04|+1.100000E+04|+9.000000E+03}}
}
{@BLOCK|r5610|00
{@A-RES|0|+1.003076E+04{@LIM3|+1.000000E+04|+1.100000E+04|+9.000000E+03}}
}
{@BLOCK|r5702|00
{@A-RES|0|+9.379130E+03{@LIM3|+1.000000E+04|+1.150000E+04|+8.500000E+03}}
}
{@BLOCK|r6503|00
{@A-RES|0|+9.985821E+03{@LIM3|+1.000000E+04|+1.100000E+04|+9.000000E+03}}
}
{@BLOCK|r6531|00
{@A-RES|0|+9.913388E+03{@LIM3|+1.000000E+04|+1.100000E+04|+9.000000E+03}}
}
{@BLOCK|r7103|00
{@A-RES|0|+9.968808E+03{@LIM3|+1.000000E+04|+1.100000E+04|+9.000000E+03}}
}
{@BLOCK|r7104|00
{@A-RES|0|+9.991682E+03{@LIM3|+1.000000E+04|+1.100000E+04|+9.000000E+03}}
}
{@BLOCK|r7114|00
{@A-RES|0|+9.971462E+03{@LIM3|+1.000000E+04|+1.100000E+04|+9.000000E+03}}
}
{@BLOCK|r7115|00
{@A-RES|0|+1.002324E+04{@LIM3|+1.000000E+04|+1.100000E+04|+9.000000E+03}}
}
{@BLOCK|r7116|00
{@A-RES|0|+9.975712E+03{@LIM3|+1.000000E+04|+1.100000E+04|+9.000000E+03}}
}
{@BLOCK|r7117|00
{@A-RES|0|+9.983691E+03{@LIM3|+1.000000E+04|+1.100000E+04|+9.000000E+03}}
}
{@BLOCK|r7133|00
{@A-RES|0|+1.003613E+04{@LIM3|+1.000000E+04|+1.100000E+04|+9.000000E+03}}
}
{@BLOCK|r2504|00
{@A-RES|0|+1.005622E+04{@LIM3|+1.000000E+04|+1.100000E+04|+9.000000E+03}}
}
{@BLOCK|r2604|00
{@A-RES|0|+9.976943E+03{@LIM3|+1.000000E+04|+1.100000E+04|+9.000000E+03}}
}
{@BLOCK|r3001|00
{@A-RES|0|+9.991313E+03{@LIM3|+1.000000E+04|+1.100000E+04|+9.000000E+03}}
}
{@BLOCK|r6508|00
{@A-RES|0|+9.977475E+03{@LIM3|+1.000000E+04|+1.100000E+04|+9.000000E+03}}
}
{@BLOCK|r7106|00
{@A-RES|0|+1.001910E+04{@LIM3|+1.000000E+04|+1.100000E+04|+9.000000E+03}}
}
{@BLOCK|rn2604%r1|00
{@A-RES|0|+9.987583E+03{@LIM3|+1.000000E+04|+1.100000E+04|+9.000000E+03}}
}
{@BLOCK|rn2604%r2|00
{@A-RES|0|+9.980133E+03{@LIM3|+1.000000E+04|+1.100000E+04|+9.000000E+03}}
}
{@BLOCK|rn5702%r1|00
{@A-RES|0|+1.008492E+04{@LIM3|+1.000000E+04|+1.100000E+04|+9.000000E+03}}
}
{@BLOCK|r7134|00
{@A-RES|0|+9.960323E+03{@LIM3|+1.000000E+04|+1.100000E+04|+9.000000E+03}}
}
{@BLOCK|r7189|00
{@A-RES|0|+1.004798E+04{@LIM3|+1.000000E+04|+1.100000E+04|+9.000000E+03}}
}
{@BLOCK|r7229|00
{@A-RES|0|+9.990083E+03{@LIM3|+1.000000E+04|+1.100000E+04|+9.000000E+03}}
}
{@BLOCK|r7307|00
{@A-RES|0|+1.003613E+04{@LIM3|+1.000000E+04|+1.100000E+04|+9.000000E+03}}
}
{@BLOCK|r7319|00
{@A-RES|0|+1.000663E+04{@LIM3|+1.000000E+04|+1.100000E+04|+9.000000E+03}}
}
{@BLOCK|r7523|00
{@A-RES|0|+9.978902E+03{@LIM3|+1.000000E+04|+1.100000E+04|+9.000000E+03}}
}
{@BLOCK|r7529|00
{@A-RES|0|+1.003130E+04{@LIM3|+1.000000E+04|+1.100000E+04|+9.000000E+03}}
}
{@BLOCK|r2408|00
{@A-RES|0|+1.731683E+05{@LIM3|+1.740000E+05|+2.001000E+05|+1.479000E+05}}
}
{@BLOCK|pr4430|00
{@A-RES|0|+1.347523E+05{@LIM3|+1.370000E+05|+1.575500E+05|+1.164500E+05}}
}
{@BLOCK|pr4433|00
{@A-RES|0|+2.931039E+05{@LIM3|+3.000000E+05|+3.450000E+05|+2.550000E+05}}
}
{@BLOCK|pr4436|00
{@A-RES|0|+9.339818E+03{@LIM3|+9.310000E+03|+1.024100E+04|+8.379000E+03}}
}
{@BLOCK|pr4437|00
{@A-RES|0|+1.409127E+04{@LIM3|+1.430000E+04|+1.573000E+04|+1.287000E+04}}
}
{@BLOCK|r1715|00
{@A-RES|0|+1.003399E+06{@LIM3|+1.000000E+06|+1.250000E+06|+7.500000E+05}}
}
{@BLOCK|pr4518|00
{@A-RES|0|+9.964111E+02{@LIM3|+1.000000E+03|+1.100000E+03|+9.000000E+02}}
}
{@BLOCK|pr4553|00
{@A-RES|0|+9.920718E+02{@LIM3|+1.000000E+03|+1.100000E+03|+9.000000E+02}}
}
{@BLOCK|pr4602|00
{@A-RES|0|+1.007164E+03{@LIM3|+1.000000E+03|+1.100000E+03|+9.000000E+02}}
}
{@BLOCK|rn5702%r2|00
{@A-RES|0|+1.003736E+04{@LIM3|+1.000000E+04|+1.100000E+04|+9.000000E+03}}
}
{@BLOCK|r312|00
{@A-RES|0|+1.010250E+03{@LIM3|+1.000000E+03|+1.100000E+03|+9.000000E+02}}
}
{@BLOCK|r316|00
{@A-RES|0|+1.002773E+03{@LIM3|+1.000000E+03|+1.100000E+03|+9.000000E+02}}
}
{@BLOCK|r317|00
{@A-RES|0|+9.946263E+02{@LIM3|+1.000000E+03|+1.100000E+03|+9.000000E+02}}
}
{@BLOCK|r602|00
{@A-RES|0|+9.911002E+02{@LIM3|+1.000000E+03|+1.500000E+03|+5.000000E+02}}
}
{@BLOCK|r603|00
{@A-RES|0|+9.952605E+02{@LIM3|+8.920000E+02|+1.248800E+03|+5.352000E+02}}
}
{@BLOCK|r604|00
{@A-RES|0|+9.943095E+02{@LIM3|+1.000000E+03|+1.500000E+03|+5.000000E+02}}
}
{@BLOCK|r606|00
{@A-RES|0|+9.796446E+02{@LIM3|+1.000000E+03|+1.500000E+03|+5.000000E+02}}
}
{@BLOCK|pr4603|00
{@A-RES|0|+1.001993E+03{@LIM3|+1.000000E+03|+1.100000E+03|+9.000000E+02}}
}
{@BLOCK|pr4691|00
{@A-RES|0|+1.008954E+03{@LIM3|+1.000000E+03|+1.100000E+03|+9.000000E+02}}
}
{@BLOCK|r605|00
{@A-RES|0|+1.001511E+03{@LIM3|+8.860000E+02|+1.240400E+03|+5.316000E+02}}
}
{@BLOCK|r1514|00
{@A-RES|0|+9.913369E+02{@LIM3|+1.000000E+03|+1.100000E+03|+9.000000E+02}}
}
{@BLOCK|r1709|00
{@A-RES|0|+1.017005E+03{@LIM3|+1.000000E+03|+1.100000E+03|+9.000000E+02}}
}
{@BLOCK|r1712|00
{@A-RES|0|+1.009389E+03{@LIM3|+1.000000E+03|+1.100000E+03|+9.000000E+02}}
}
{@BLOCK|r2430|00
{@A-RES|0|+1.003657E+03{@LIM3|+1.000000E+03|+1.100000E+03|+9.000000E+02}}
}
{@BLOCK|r2431|00
{@A-RES|0|+1.002480E+03{@LIM3|+1.000000E+03|+1.100000E+03|+9.000000E+02}}
}
{@BLOCK|r2460|00
{@A-RES|0|+1.009661E+03{@LIM3|+1.000000E+03|+1.100000E+03|+9.000000E+02}}
}
{@BLOCK|r2461|00
{@A-RES|0|+1.005758E+03{@LIM3|+1.000000E+03|+1.100000E+03|+9.000000E+02}}
}
{@BLOCK|r2526|00
{@A-RES|0|+9.965570E+02{@LIM3|+1.000000E+03|+1.100000E+03|+9.000000E+02}}
}
{@BLOCK|r2527|00
{@A-RES|0|+1.021100E+03{@LIM3|+1.000000E+03|+1.100000E+03|+9.000000E+02}}
}
{@BLOCK|r2749|00
{@A-RES|0|+1.004410E+03{@LIM3|+1.000000E+03|+1.100000E+03|+9.000000E+02}}
}
{@BLOCK|r2750|00
{@A-RES|0|+1.001030E+03{@LIM3|+1.000000E+03|+1.100000E+03|+9.000000E+02}}
}
{@BLOCK|r5516|00
{@A-RES|0|+9.868962E+02{@LIM3|+1.000000E+03|+1.100000E+03|+9.000000E+02}}
}
{@BLOCK|rn1801%r1|00
{@A-RES|0|+9.952865E+02{@LIM3|+1.000000E+03|+1.100000E+03|+9.000000E+02}}
}
{@BLOCK|r1702|00
{@A-RES|0|+1.010618E+03{@LIM3|+1.000000E+03|+1.100000E+03|+9.000000E+02}}
}
{@BLOCK|r2436|00
{@A-RES|0|+9.995092E+02{@LIM3|+1.000000E+03|+1.100000E+03|+9.000000E+02}}
}
{@BLOCK|r2465|00
{@A-RES|0|+1.014944E+03{@LIM3|+1.000000E+03|+1.100000E+03|+9.000000E+02}}
}
{@BLOCK|r5794|00
{@A-RES|0|+1.012202E+03{@LIM3|+1.000000E+03|+1.100000E+03|+9.000000E+02}}
}
{@BLOCK|rn2003%r1|00
{@A-RES|0|+9.986565E+02{@LIM3|+1.000000E+03|+1.100000E+03|+9.000000E+02}}
}
{@BLOCK|rn2003%r2|00
{@A-RES|0|+1.002773E+03{@LIM3|+1.000000E+03|+1.100000E+03|+9.000000E+02}}
}
{@BLOCK|pr4690|00
{@A-RES|0|+5.252285E+01{@LIM3|+5.000000E+01|+6.750000E+01|+4.500000E+01}}
}
{@BLOCK|r303|00
{@A-RES|0|+1.003678E+02{@LIM3|+1.000000E+02|+1.150000E+02|+9.000000E+01}}
}
{@BLOCK|rn1801%r2|00
{@A-RES|0|+9.953394E+02{@LIM3|+1.000000E+03|+1.100000E+03|+9.000000E+02}}
}
{@BLOCK|rn1802%r1|00
{@A-RES|0|+1.063837E+03{@LIM3|+1.000000E+03|+1.100000E+03|+9.000000E+02}}
}
{@BLOCK|rn1802%r2|00
{@A-RES|0|+9.993766E+02{@LIM3|+1.000000E+03|+1.100000E+03|+9.000000E+02}}
}
{@BLOCK|pr4619|00
{@A-RES|0|+1.033450E+02{@LIM3|+1.000000E+02|+1.150000E+02|+9.000000E+01}}
}
{@BLOCK|pr4684|00
{@A-RES|0|+1.042737E+02{@LIM3|+1.000000E+02|+1.150000E+02|+9.000000E+01}}
}
{@BLOCK|pr5037|00
{@A-JUM|0|+5.031056E+00{@LIM2|+1.500000E+01|+0.000000E+00}}
}
{@BLOCK|pr5038|00
{@A-JUM|0|+5.243199E+00{@LIM2|+1.500000E+01|+0.000000E+00}}
}
{@BLOCK|r501|00
{@A-RES|0|+1.027181E+02{@LIM3|+1.000000E+02|+1.150000E+02|+9.000000E+01}}
}
{@BLOCK|r1605|00
{@A-RES|0|+1.031652E+02{@LIM3|+1.000000E+02|+1.150000E+02|+9.000000E+01}}
}
{@BLOCK|r4202|00
{@A-RES|0|+1.030010E+02{@LIM3|+1.000000E+02|+1.150000E+02|+9.000000E+01}}
}
{@BLOCK|r4252|00
{@A-RES|0|+1.037068E+02{@LIM3|+1.000000E+02|+1.150000E+02|+9.000000E+01}}
}
{@BLOCK|r4253|00
{@A-RES|0|+1.044572E+02{@LIM3|+1.000000E+02|+1.150000E+02|+9.000000E+01}}
}
{@BLOCK|r6814|00
{@A-RES|0|+1.060629E+02{@LIM3|+1.000000E+02|+1.150000E+02|+9.000000E+01}}
}
{@BLOCK|r6815|00
{@A-RES|0|+1.062912E+02{@LIM3|+1.000000E+02|+1.150000E+02|+9.000000E+01}}
}
{@BLOCK|r6816|00
{@A-RES|0|+1.060270E+02{@LIM3|+1.000000E+02|+1.150000E+02|+9.000000E+01}}
}
{@BLOCK|r6817|00
{@A-RES|0|+1.065628E+02{@LIM3|+1.000000E+02|+1.150000E+02|+9.000000E+01}}
}
{@BLOCK|r704|00
{@A-RES|0|+9.726966E+01{@LIM3|+8.700000E+01|+1.435500E+02|+4.176000E+01}}
}
{@BLOCK|r705|00
{@A-JUM|0|+4.542539E+00{@LIM2|+1.500000E+01|+0.000000E+00}}
}
{@BLOCK|r801|00
{@A-JUM|0|+4.784406E+00{@LIM2|+1.500000E+01|+0.000000E+00}}
}
{@BLOCK|r802|00
{@A-JUM|0|+5.330645E+00{@LIM2|+1.500000E+01|+0.000000E+00}}
}
{@BLOCK|r6513|00
{@A-RES|0|+1.025536E+02{@LIM3|+1.000000E+02|+1.150000E+02|+9.000000E+01}}
}
{@BLOCK|r6519|00
{@A-RES|0|+1.024914E+02{@LIM3|+1.000000E+02|+1.150000E+02|+9.000000E+01}}
}
{@BLOCK|r6522|00
{@A-RES|0|+1.039393E+02{@LIM3|+1.000000E+02|+1.150000E+02|+9.000000E+01}}
}
{@BLOCK|r7120|00
{@A-RES|0|+1.022376E+02{@LIM3|+1.000000E+02|+1.150000E+02|+9.000000E+01}}
}
{@BLOCK|pr4632|00
{@A-RES|0|+2.193344E+04{@LIM3|+2.200000E+04|+2.420000E+04|+1.980000E+04}}
}
{@BLOCK|r3002|00
{@A-RES|0|+2.203579E+04{@LIM3|+2.200000E+04|+2.420000E+04|+1.980000E+04}}
}
{@BLOCK|pr4633|00
{@A-RES|0|+4.993499E+03{@LIM3|+4.990000E+03|+5.489000E+03|+4.491000E+03}}
}
{@BLOCK|r5701|00
{@A-RES|0|+4.994032E+03{@LIM3|+4.990000E+03|+5.489000E+03|+4.491000E+03}}
}
{@BLOCK|pr4634|00
{@A-RES|0|+1.526609E+02{@LIM3|+1.500000E+02|+1.700000E+02|+1.350000E+02}}
}
{@BLOCK|r401|00
{@A-RES|0|+1.522837E+02{@LIM3|+1.500000E+02|+1.700000E+02|+1.350000E+02}}
}
{@BLOCK|r405|00
{@A-RES|0|+1.524920E+02{@LIM3|+1.500000E+02|+1.700000E+02|+1.350000E+02}}
}
{@BLOCK|r2101|00
{@A-RES|0|+1.519380E+02{@LIM3|+1.500000E+02|+1.700000E+02|+1.350000E+02}}
}
{@BLOCK|r2102|00
{@A-RES|0|+1.525416E+02{@LIM3|+1.500000E+02|+1.700000E+02|+1.350000E+02}}
}
{@BLOCK|pr4635|00
{@A-RES|0|+5.279463E+04{@LIM3|+5.230000E+04|+5.753000E+04|+4.707000E+04}}
}
{@BLOCK|pr4636|00
{@A-RES|0|+8.806894E+03{@LIM3|+8.660000E+03|+9.526000E+03|+7.794000E+03}}
}
{@BLOCK|pr4644|00
{@A-RES|0|+4.689275E+04{@LIM3|+4.990000E+04|+5.489000E+04|+4.491000E+04}}
}
{@BLOCK|pr4646|00
{@A-RES|0|+1.985122E+06{@LIM3|+2.000000E+06|+2.500000E+06|+1.500000E+06}}
}
{@BLOCK|r7504|00
{@A-RES|0|+1.938529E+06{@LIM3|+2.000000E+06|+2.500000E+06|+1.500000E+06}}
}
{@BLOCK|r7505|00
{@A-RES|0|+1.925206E+06{@LIM3|+2.000000E+06|+2.500000E+06|+1.500000E+06}}
}
{@BLOCK|pr4647|00
{@A-RES|0|+1.323651E+05{@LIM3|+1.330000E+05|+1.529500E+05|+1.130500E+05}}
}
{@BLOCK|r6818|00
{@A-RES|0|+1.059133E+02{@LIM3|+1.000000E+02|+1.150000E+02|+9.000000E+01}}
}
{@BLOCK|r1607|00
{@A-RES|0|+1.532359E+02{@LIM3|+1.500000E+02|+1.700000E+02|+1.350000E+02}}
}
{@BLOCK|pr4688|00
{@A-RES|0|+4.813442E+01{@LIM3|+4.530000E+01|+6.115500E+01|+4.077000E+01}}
}
{@BLOCK|r305|00
{@A-RES|0|+5.389406E+01{@LIM3|+5.100000E+01|+6.109999E+01|+4.590000E+01}}
}
{@BLOCK|r306|00
{@A-RES|0|+5.360813E+01{@LIM3|+5.100000E+01|+6.109999E+01|+4.590000E+01}}
}
{@BLOCK|r311|00
{@A-RES|0|+5.246543E+01{@LIM3|+4.990000E+01|+5.988998E+01|+4.491000E+01}}
}
{@BLOCK|r2534|00
{@A-RES|0|+5.236169E+01{@LIM3|+4.990000E+01|+5.988998E+01|+4.491000E+01}}
}
{@BLOCK|r2535|00
{@A-RES|0|+5.226393E+01{@LIM3|+4.990000E+01|+5.988998E+01|+4.491000E+01}}
}
{@BLOCK|r304|00
{@A-RES|0|+5.487071E+01{@LIM3|+5.100000E+01|+6.109999E+01|+4.590000E+01}}
}
{@BLOCK|r310|00
{@A-RES|0|+4.985265E+02{@LIM3|+4.990000E+02|+5.489000E+02|+4.491000E+02}}
}
{@BLOCK|r1876|00
{@A-RES|0|+5.046220E+02{@LIM3|+4.990000E+02|+5.489000E+02|+4.491000E+02}}
}
{@BLOCK|r1877|00
{@A-RES|0|+5.010059E+02{@LIM3|+4.990000E+02|+5.489000E+02|+4.491000E+02}}
}
{@BLOCK|r313|00
{@A-RES|0|+5.286717E+01{@LIM3|+4.990000E+01|+5.988998E+01|+4.491000E+01}}
}
{@BLOCK|r314|00
{@A-RES|0|+5.236767E+01{@LIM3|+4.990000E+01|+5.988998E+01|+4.491000E+01}}
}
{@BLOCK|r601|00
{@A-RES|0|+5.291479E+01{@LIM3|+4.990000E+01|+5.988998E+01|+4.491000E+01}}
}
{@BLOCK|r404|00
{@A-RES|0|+2.204752E+03{@LIM3|+2.200000E+03|+2.420000E+03|+1.980000E+03}}
}
{@BLOCK|r1601|00
{@A-RES|0|+2.203174E+03{@LIM3|+2.200000E+03|+2.420000E+03|+1.980000E+03}}
}
{@BLOCK|r1608|00
{@A-RES|0|+2.203278E+03{@LIM3|+2.200000E+03|+2.420000E+03|+1.980000E+03}}
}
{@BLOCK|r2802|00
{@A-RES|0|+2.161297E+03{@LIM3|+2.200000E+03|+2.530000E+03|+1.870000E+03}}
}
{@BLOCK|r2803|00
{@A-RES|0|+2.143646E+03{@LIM3|+2.200000E+03|+2.420000E+03|+1.980000E+03}}
}
{@BLOCK|r7125|00
{@A-RES|0|+2.186304E+03{@LIM3|+2.200000E+03|+2.420000E+03|+1.980000E+03}}
}
{@BLOCK|rn1806%r1|00
{@A-RES|0|+2.217153E+03{@LIM3|+2.200000E+03|+2.420000E+03|+1.980000E+03}}
}
{@BLOCK|rn1806%r2|00
{@A-RES|0|+2.203044E+03{@LIM3|+2.200000E+03|+2.420000E+03|+1.980000E+03}}
}
{@BLOCK|rn2001%r1|00
{@A-RES|0|+2.192651E+03{@LIM3|+2.200000E+03|+2.420000E+03|+1.980000E+03}}
}
{@BLOCK|r6505|00
{@A-RES|0|+2.206304E+03{@LIM3|+2.200000E+03|+2.420000E+03|+1.980000E+03}}
}
{@BLOCK|r6506|00
{@A-RES|0|+2.208617E+03{@LIM3|+2.200000E+03|+2.420000E+03|+1.980000E+03}}
}
{@BLOCK|r7126|00
{@A-RES|0|+2.197714E+03{@LIM3|+2.200000E+03|+2.420000E+03|+1.980000E+03}}
}
{@BLOCK|rn5701%r1|00
{@A-RES|0|+2.201228E+03{@LIM3|+2.200000E+03|+2.420000E+03|+1.980000E+03}}
}
{@BLOCK|rn5701%r2|00
{@A-RES|0|+2.206519E+03{@LIM3|+2.200000E+03|+2.420000E+03|+1.980000E+03}}
}
{@BLOCK|r506|00
{@A-RES|0|+4.733147E+02{@LIM3|+4.700000E+02|+5.170000E+02|+4.230000E+02}}
}
{@BLOCK|r2422|00
{@A-RES|0|+4.722411E+02{@LIM3|+4.700000E+02|+5.170000E+02|+4.230000E+02}}
}
{@BLOCK|r1301|00
{@A-RES|0|+2.328230E+04{@LIM3|+2.320000E+04|+2.552000E+04|+2.088000E+04}}
}
{@BLOCK|r1504|00
{@A-RES|0|+1.979743E+04{@LIM3|+2.000000E+04|+2.200000E+04|+1.800000E+04}}
}
{@BLOCK|r1802|00
{@A-RES|0|+1.985509E+04{@LIM3|+2.000000E+04|+2.200000E+04|+1.800000E+04}}
}
{@BLOCK|r1804|00
{@A-RES|0|+1.965222E+04{@LIM3|+2.000000E+04|+2.200000E+04|+1.800000E+04}}
}
{@BLOCK|r3602|00
{@A-RES|0|+1.998001E+04{@LIM3|+2.000000E+04|+2.200000E+04|+1.800000E+04}}
}
{@BLOCK|r1505|00
{@A-RES|0|+4.679302E+04{@LIM3|+4.700000E+04|+5.170000E+04|+4.230000E+04}}
}
{@BLOCK|r6801|00
{@A-RES|0|+4.685392E+04{@LIM3|+4.700000E+04|+5.170000E+04|+4.230000E+04}}
}
{@BLOCK|r6802|00
{@A-RES|0|+4.677899E+04{@LIM3|+4.700000E+04|+5.170000E+04|+4.230000E+04}}
}
{@BLOCK|r1522|00
{@A-RES|0|+4.718434E+03{@LIM3|+4.700000E+03|+5.170000E+03|+4.230000E+03}}
}
{@BLOCK|rn2002%r1|00
{@A-RES|0|+2.215789E+03{@LIM3|+2.200000E+03|+2.420000E+03|+1.980000E+03}}
}
{@BLOCK|rn2002%r2|00
{@A-RES|0|+2.202034E+03{@LIM3|+2.200000E+03|+2.420000E+03|+1.980000E+03}}
}
{@BLOCK|r701|00
{@A-RES|0|+5.868730E+01{@LIM3|+5.600000E+01|+7.560000E+01|+5.040000E+01}}
}
{@BLOCK|r2437|00
{@A-RES|0|+1.980768E+04{@LIM3|+2.000000E+04|+2.200000E+04|+1.800000E+04}}
}
{@BLOCK|rn2601%r1|00
{@A-RES|0|+4.785749E+03{@LIM3|+4.700000E+03|+5.170000E+03|+4.230000E+03}}
}
{@BLOCK|rn2601%r2|00
{@A-RES|0|+4.728854E+03{@LIM3|+4.700000E+03|+5.170000E+03|+4.230000E+03}}
}
{@BLOCK|rn2602%r1|00
{@A-RES|0|+4.695057E+03{@LIM3|+4.700000E+03|+5.170000E+03|+4.230000E+03}}
}
{@BLOCK|rn2602%r2|00
{@A-RES|0|+4.736613E+03{@LIM3|+4.700000E+03|+5.170000E+03|+4.230000E+03}}
}
{@BLOCK|r2455|00
{@A-RES|0|+4.721279E+03{@LIM3|+4.700000E+03|+5.170000E+03|+4.230000E+03}}
}
{@BLOCK|r2456|00
{@A-RES|0|+4.978097E+03{@LIM3|+4.700000E+03|+6.110000E+03|+4.230000E+03}}
}
{@BLOCK|r2478|00
{@A-RES|0|+4.763567E+03{@LIM3|+4.700000E+03|+5.170000E+03|+4.230000E+03}}
}
{@BLOCK|r2479|00
{@A-RES|0|+4.656016E+03{@LIM3|+4.700000E+03|+5.170000E+03|+4.230000E+03}}
}
{@BLOCK|r2528|00
{@A-RES|0|+4.703972E+03{@LIM3|+4.700000E+03|+5.170000E+03|+4.230000E+03}}
}
{@BLOCK|r5704|00
{@A-RES|0|+4.746902E+03{@LIM3|+4.700000E+03|+5.170000E+03|+4.230000E+03}}
}
{@BLOCK|r1604|00
{@A-RES|0|+1.158666E+02{@LIM3|+1.130000E+02|+1.293000E+02|+1.017000E+02}}
}
{@BLOCK|r6101|00
{@A-RES|0|+1.989491E+05{@LIM3|+2.000000E+05|+2.300000E+05|+1.700000E+05}}
}
{@BLOCK|r7302|00
{@A-RES|0|+2.012615E+05{@LIM3|+2.000000E+05|+2.300000E+05|+1.700000E+05}}
}
{@BLOCK|r1805|00
{@A-RES|0|+6.359512E+01{@LIM3|+6.040000E+01|+7.143997E+01|+5.436000E+01}}
}
{@BLOCK|r1822|00
{@A-RES|0|+7.561387E+04{@LIM3|+7.500000E+04|+8.250000E+04|+6.750000E+04}}
}
{@BLOCK|r6107|00
{@A-RES|0|+7.442336E+04{@LIM3|+7.500000E+04|+8.250000E+04|+6.750000E+04}}
}
{@BLOCK|r1901|00
{@A-RES|0|+2.038231E+02{@LIM3|+2.000000E+02|+2.250000E+02|+1.800000E+02}}
}
{@BLOCK|r2001|00
{@A-RES|0|+2.030368E+02{@LIM3|+2.000000E+02|+2.250000E+02|+1.800000E+02}}
}
{@BLOCK|r1963|00
{@A-RES|0|+3.103366E+01{@LIM3|+2.700000E+01|+3.470000E+01|+2.430000E+01}}
}
{@BLOCK|r1965|00
{@A-RES|0|+3.197977E+01{@LIM3|+2.700000E+01|+3.470000E+01|+2.430000E+01}}
}
{@BLOCK|r1701|00
{@A-RES|0|+6.533405E+01{@LIM3|+6.200000E+01|+7.319999E+01|+5.580000E+01}}
}
{@BLOCK|r1803|00
{@A-RES|0|+1.996160E+05{@LIM3|+2.000000E+05|+2.300000E+05|+1.700000E+05}}
}
{@BLOCK|r2710|00
{@A-RES|0|+2.010035E+05{@LIM3|+2.000000E+05|+2.300000E+05|+1.700000E+05}}
}
{@BLOCK|r2467|00
{@A-RES|0|+7.528776E+04{@LIM3|+7.500000E+04|+8.250000E+04|+6.750000E+04}}
}
{@BLOCK|r1964|00
{@A-RES|0|+3.240874E+01{@LIM3|+3.200000E+01|+4.320000E+01|+2.880000E+01}}
}
{@BLOCK|r2420|00
{@A-RES|0|+2.765222E+01{@LIM3|+2.700000E+01|+3.583637E+01|+2.430000E+01}}
}
{@BLOCK|r2421|00
{@A-RES|0|+2.750367E+01{@LIM3|+2.700000E+01|+3.583637E+01|+2.430000E+01}}
}
{@BLOCK|r2462|00
{@A-RES|0|+2.727509E+01{@LIM3|+2.700000E+01|+3.583637E+01|+2.430000E+01}}
}
{@BLOCK|r2463|00
{@A-RES|0|+2.749776E+01{@LIM3|+2.700000E+01|+3.583637E+01|+2.430000E+01}}
}
{@BLOCK|r2489|00
{@A-RES|0|+2.689869E+01{@LIM3|+2.700000E+01|+3.583637E+01|+2.430000E+01}}
}
{@BLOCK|r2450|00
{@A-RES|0|+4.688830E+01{@LIM3|+4.300000E+01|+5.805000E+01|+3.870000E+01}}
}
{@BLOCK|r2509|00
{@A-RES|0|+1.686140E+01{@LIM3|+1.500000E+01|+2.149999E+01|+1.350000E+01}}
}
{@BLOCK|r2532|00
{@A-RES|0|+1.797167E+01{@LIM3|+1.500000E+01|+2.149999E+01|+1.350000E+01}}
}
{@BLOCK|r2533|00
{@A-RES|0|+1.753638E+01{@LIM3|+1.500000E+01|+2.149999E+01|+1.350000E+01}}
}
{@BLOCK|r2635|00
{@A-RES|0|+7.491909E+03{@LIM3|+7.500000E+03|+8.250000E+03|+6.750000E+03}}
}
{@BLOCK|r2640|00
{@A-RES|0|+1.463519E+04{@LIM3|+1.400000E+04|+1.540000E+04|+1.260000E+04}}
}
{@BLOCK|r2401|00
{@A-RES|0|+1.997119E+04{@LIM3|+2.000000E+04|+2.300000E+04|+1.700000E+04}}
}
{@BLOCK|r2434|00
{@A-RES|0|+3.304410E+05{@LIM3|+3.300000E+05|+3.795000E+05|+2.475000E+05}}
}
{@BLOCK|r2705|00
{@A-RES|0|+4.551001E+01{@LIM3|+4.300000E+01|+5.230000E+01|+3.870000E+01}}
}
{@BLOCK|r2706|00
{@A-RES|0|+4.525146E+01{@LIM3|+4.300000E+01|+5.230000E+01|+3.870000E+01}}
}
{@BLOCK|r2612|00
{@A-RES|0|+1.596902E+04{@LIM3|+1.600000E+04|+1.760000E+04|+1.440000E+04}}
}
{@BLOCK|r3601|00
{@A-RES|0|+2.735267E+06{@LIM3|+2.700000E+06|+3.375000E+06|+2.025000E+06}}
}
{@BLOCK|r6104|00
{@A-RES|0|+4.199048E+01{@LIM3|+3.900000E+01|+4.790000E+01|+3.510000E+01}}
}
{@BLOCK|r6118|00
{@A-RES|0|+4.167397E+01{@LIM3|+3.900000E+01|+4.790000E+01|+3.510000E+01}}
}
{@BLOCK|r6401|00
{@A-RES|0|+8.541699E+02{@LIM3|+8.450000E+02|+9.295000E+02|+7.605000E+02}}
}
{@BLOCK|r6404|00
{@A-RES|0|+1.602747E+03{@LIM3|+1.600000E+03|+1.760000E+03|+1.440000E+03}}
}
{@BLOCK|r6405|00
{@A-RES|0|+7.182186E+02{@LIM3|+7.150000E+02|+7.865000E+02|+6.435000E+02}}
}
{@BLOCK|r7124|00
{@A-RES|0|+3.309343E+03{@LIM3|+3.300000E+03|+3.630000E+03|+2.970000E+03}}
}
{@BLOCK|r7127|00
{@A-RES|0|+3.318257E+03{@LIM3|+3.300000E+03|+3.630000E+03|+2.970000E+03}}
}
{@BLOCK|r7363|00
{@A-RES|0|+3.291889E+03{@LIM3|+3.300000E+03|+3.630000E+03|+2.970000E+03}}
}
{@BLOCK|r7364|00
{@A-RES|0|+3.308173E+03{@LIM3|+3.300000E+03|+3.630000E+03|+2.970000E+03}}
}
{@BLOCK|r7305|00
{@A-RES|0|+8.176377E+04{@LIM3|+8.200000E+04|+9.020000E+04|+7.380000E+04}}
}
{@BLOCK|pq4404|00
{@A-NFE|0|+9.637368E+01{@LIM2|+2.000000E+02|+2.000000E+01}}
}
{@BLOCK|pu4403%qfb|00
{@A-NFE|0|+3.002000E+01{@LIM2|+2.000000E+02|+2.000000E+01}}
}
{@BLOCK|q1701%qf1|00
{@A-NFE|0|+8.853055E+01{@LIM2|+2.000000E+02|+2.000000E+01}}
}
{@BLOCK|q1801|00
{@A-NFE|0|+9.710652E+01{@LIM2|+2.000000E+02|+2.000000E+01}}
}
{@BLOCK|q1803%qf1|00
{@A-NFE|0|+9.562955E+01{@LIM2|+2.000000E+02|+2.000000E+01}}
}
{@BLOCK|q1803%qf2|00
{@A-NFE|0|+9.280090E+01{@LIM2|+2.000000E+02|+2.000000E+01}}
}
{@BLOCK|q2403|00
{@A-NFE|0|+9.241505E+01{@LIM2|+2.000000E+02|+2.000000E+01}}
}
{@BLOCK|q2406|00
{@A-NFE|0|+7.781213E+01{@LIM2|+2.000000E+02|+2.000000E+01}}
}
{@BLOCK|q2408|00
{@A-NFE|0|+4.967275E+01{@LIM2|+2.000000E+02|+2.000000E+01}}
}
{@BLOCK|q2418|00
{@A-NFE|0|+9.274487E+01{@LIM2|+2.000000E+02|+2.000000E+01}}
}
{@BLOCK|q2501|00
{@A-NFE|0|+7.875097E+01{@LIM2|+2.000000E+02|+2.000000E+01}}
}
{@BLOCK|q3001|00
{@A-NFE|0|+8.542361E+01{@LIM2|+2.000000E+02|+2.000000E+01}}
}
{@BLOCK|q4002|00
{@A-NFE|0|+5.826954E+01{@LIM2|+2.000000E+02|+2.000000E+01}}
}
{@BLOCK|q5701%qf1|00
{@A-NFE|0|+9.111835E+01{@LIM2|+2.000000E+02|+2.000000E+01}}
}
{@BLOCK|q5701%qf2|00
{@A-NFE|0|+6.154846E+01{@LIM2|+2.000000E+02|+2.000000E+01}}
}
{@BLOCK|q6401%qf1|00
{@A-NFE|0|+4.872972E+01{@LIM2|+2.000000E+02|+2.000000E+01}}
}
{@BLOCK|r7119|00
{@A-RES|0|+4.736452E+03{@LIM3|+4.750000E+03|+5.225000E+03|+4.275000E+03}}
}
{@BLOCK|q2405%qf1|00
{@A-NFE|0|+9.682770E+01{@LIM2|+2.000000E+02|+2.000000E+01}}
}
{@BLOCK|q2405%qf2|00
{@A-NFE|0|+8.967173E+01{@LIM2|+2.000000E+02|+2.000000E+01}}
}
{@BLOCK|q2407%qf1|00
{@A-NFE|0|+8.412352E+01{@LIM2|+2.000000E+02|+2.000000E+01}}
}
{@BLOCK|q2407%qf2|00
{@A-NFE|0|+8.235159E+01{@LIM2|+2.000000E+02|+2.000000E+01}}
}
{@BLOCK|q2601|00
{@A-NFE|0|+1.028624E+02{@LIM2|+2.000000E+02|+2.000000E+01}}
}
{@BLOCK|q6515%qf1|00
{@A-NFE|0|+9.326256E+01{@LIM2|+2.000000E+02|+2.000000E+01}}
}
{@BLOCK|q6515%qf2|00
{@A-NFE|0|+1.304122E+02{@LIM2|+2.000000E+02|+2.000000E+01}}
}
{@BLOCK|q6401%qf2|00
{@A-NFE|0|+4.725679E+01{@LIM2|+2.000000E+02|+2.000000E+01}}
}
{@BLOCK|q6402%qf1|00
{@A-NFE|0|+1.012461E+02{@LIM2|+2.000000E+02|+2.000000E+01}}
}
{@BLOCK|q6501|00
{@A-NFE|0|+1.001756E+02{@LIM2|+2.000000E+02|+2.000000E+01}}
}
{@BLOCK|q6512|00
{@A-NFE|0|+9.085247E+01{@LIM2|+2.000000E+02|+2.000000E+01}}
}
{@BLOCK|q6513|00
{@A-NFE|0|+7.038350E+01{@LIM2|+2.000000E+02|+2.000000E+01}}
}
{@BLOCK|q6514%qf1|00
{@A-NFE|0|+1.006174E+02{@LIM2|+2.000000E+02|+2.000000E+01}}
}
{@BLOCK|q2402|00
{@A-PFE|0|+1.252266E+02{@LIM2|+2.000000E+02|+2.000000E+01}}
}
{@BLOCK|d4001|00
{@A-DIO|0|+4.655883E-01{@LIM2|+8.000000E-01|+4.000000E-01}}
}
{@BLOCK|d4002|00
{@A-DIO|0|+4.899107E-01{@LIM2|+8.000000E-01|+4.000000E-01}}
}
{@BLOCK|d5501|00
{@A-DIO|0|+4.104461E-01{@LIM2|+6.000000E-01|+2.000000E-01}}
}
{@BLOCK|d5502|00
{@A-DIO|0|+3.788569E-01{@LIM2|+6.000000E-01|+2.000000E-01}}
}
{@BLOCK|d5504|00
{@A-DIO|0|+4.649044E-01{@LIM2|+6.000000E-01|+2.000000E-01}}
}
{@BLOCK|d5507|00
{@A-DIO|0|+3.911677E-01{@LIM2|+6.000000E-01|+2.000000E-01}}
}
{@BLOCK|d7103|00
{@A-DIO|0|+3.723168E-01{@LIM2|+6.000000E-01|+2.000000E-01}}
}
{@BLOCK|d7104|00
{@A-DIO|0|+3.887739E-01{@LIM2|+6.000000E-01|+2.000000E-01}}
}
{@BLOCK|led2|00
{@A-DIO|0|+3.161087E+00{@LIM2|+3.500000E+00|+2.500000E+00}}
}
{@BLOCK|led3|00
{@A-DIO|0|+1.982690E+00{@LIM2|+2.500000E+00|+1.500000E+00}}
}
{@BLOCK|led4|00
{@A-DIO|0|+3.120223E+00{@LIM2|+3.800000E+00|+2.800000E+00}}
}
{@BLOCK|d2503%cra|00
{@A-DIO|0|+5.201748E-01{@LIM2|+8.000000E-01|+4.000000E-01}}
}
{@BLOCK|d2503%crb|00
{@A-DIO|0|+5.269714E-01{@LIM2|+8.000000E-01|+4.000000E-01}}
}
{@BLOCK|d4004%cra|00
{@A-DIO|0|+5.264977E-01{@LIM2|+8.000000E-01|+4.000000E-01}}
}
{@BLOCK|d4004%crb|00
{@A-DIO|0|+5.172609E-01{@LIM2|+8.000000E-01|+4.000000E-01}}
}
{@BLOCK|d4005%cra|00
{@A-DIO|0|+5.607834E-01{@LIM2|+8.000000E-01|+4.000000E-01}}
}
{@BLOCK|d4005%crb|00
{@A-DIO|0|+5.587744E-01{@LIM2|+8.000000E-01|+4.000000E-01}}
}
{@BLOCK|d5505%cra|00
{@A-DIO|0|+5.527045E-01{@LIM2|+8.000000E-01|+4.000000E-01}}
}
{@BLOCK|d5505%crb|00
{@A-DIO|0|+5.050000E-01{@LIM2|+8.000000E-01|+4.000000E-01}}
}
{@BLOCK|d5701%d1|00
{@A-DIO|0|+7.010327E-01{@LIM2|+8.000000E-01|+4.000000E-01}}
}
{@BLOCK|d5701%d2|00
{@A-DIO|0|+7.016739E-01{@LIM2|+8.000000E-01|+4.000000E-01}}
}
{@BLOCK|ed3501%cr6|00
{@A-DIO|0|+6.992374E-01{@LIM2|+9.000000E-01|+5.000000E-01}}
}
{@BLOCK|q2401|00
{@A-DIO|0|+7.250987E-01|B-E{@LIM2|+8.050000E-01|+6.020000E-01}}
{@A-DIO|0|+7.249704E-01|B-C{@LIM2|+8.040000E-01|+6.020000E-01}}
}
{@BLOCK|d2201|00
{@A-DIO|0|+5.017481E-01{@LIM2|+8.000000E-01|+4.000000E-01}}
}
{@BLOCK|ed5709|00
{@A-DIO|0|+6.904034E-01{@LIM2|+8.000000E-01|+4.000000E-01}}
}
{@BLOCK|ed5710|00
{@A-DIO|0|+7.423803E-01{@LIM2|+8.000000E-01|+4.000000E-01}}
}
{@BLOCK|ed5711|00
{@A-DIO|0|+7.273343E-01{@LIM2|+8.000000E-01|+4.000000E-01}}
}
{@BLOCK|ed6436|00
{@A-DIO|0|+5.785847E-01{@LIM2|+8.000000E-01|+4.000000E-01}}
}
{@BLOCK|ed7220%ds|00
{@A-DIO|0|+4.670330E-01{@LIM2|+8.000000E-01|+4.000000E-01}}
}
{@BLOCK|ed7230|00
{@A-DIO|0|+7.235728E-01{@LIM2|+9.000000E-01|+4.000000E-01}}
}
{@BLOCK|ed7231|00
{@A-DIO|0|+6.897195E-01{@LIM2|+9.000000E-01|+4.000000E-01}}
}
{@BLOCK|ed7520%ds|00
{@A-DIO|0|+6.435558E-01{@LIM2|+8.000000E-01|+4.000000E-01}}
}
{@BLOCK|d4007|00
{@A-DIO|0|+4.808346E-01{@LIM2|+8.000000E-01|+4.000000E-01}}
}
{@BLOCK|ed7525|00
{@A-DIO|0|+7.882020E-01{@LIM2|+9.000000E-01|+4.000000E-01}}
}
{@BLOCK|power_nodes|00
{@A-MEA|0|+1.200904E+01|20V_VINT_IN{@LIM2|+1.400000E+01|+1.000000E+01}}
{@A-MEA|0|+1.201723E+01|BT+{@LIM2|+1.400000E+01|+1.000000E+01}}
{@A-MEA|0|+1.226568E+01|19V_DCBATOUT{@LIM2|+1.400000E+01|+1.000000E+01}}
{@A-MEA|0|+3.310182E+00|3D3V_AUX_S5{@LIM2|+4.000000E+00|+2.500000E+00}}
{@A-MEA|0|+5.098467E+00|5V_S5{@LIM2|+6.000000E+00|+4.500000E+00}}
{@A-MEA|0|+1.791640E+00|1D8V_S5{@LIM2|+2.500000E+00|+1.200000E+00}}
{@A-MEA|0|+1.121816E+00|PWR_VDD2{@LIM2|+1.500000E+00|+5.000000E-01}}
{@A-MEA|0|+3.308814E+00|3D3V_SPI{@LIM2|+4.000000E+00|+2.500000E+00}}
{@A-MEA|0|+3.310866E+00|3D3V_S0{@LIM2|+4.000000E+00|+2.500000E+00}}
}
{@D-T|0|384||0|u1701
}
{@D-T|0|384||0|u2404
}
{@D-T|0|384||0|u7103
}
{@BLOCK|pu4401|00
{@A-MEA|0|+1.197218E+01|pino1{@LIM2|+1.400000E+01|+1.000000E+01}}
{@A-MEA|0|+1.197081E+01|pino3{@LIM2|+1.400000E+01|+1.000000E+01}}
{@A-MEA|0|+4.477808E+00|pino4{@LIM2|+6.000000E+00|+4.000000E+00}}
}
{@BLOCK|pu4501|00
{@A-MEA|0|+3.702669E+00|pino2{@LIM2|+4.500000E+00|+2.500000E+00}}
{@A-MEA|0|+1.226704E+01|pino15{@LIM2|+1.400000E+01|+1.000000E+01}}
{@A-MEA|0|+3.311379E+00|pino22{@LIM2|+4.500000E+00|+2.500000E+00}}
{@A-MEA|0|+3.311721E+00|pino23{@LIM2|+4.500000E+00|+2.500000E+00}}
}
{@BLOCK|pu4502|00
{@A-MEA|0|+5.257872E+00|pino2{@LIM2|+6.000000E+00|+4.000000E+00}}
{@A-MEA|0|+1.226568E+01|pino15{@LIM2|+1.400000E+01|+1.000000E+01}}
{@A-MEA|0|+5.099151E+00|pino22{@LIM2|+6.000000E+00|+4.000000E+00}}
{@A-MEA|0|+5.099322E+00|pino23{@LIM2|+6.000000E+00|+4.000000E+00}}
}
{@BLOCK|pu4701|00
{@A-MEA|0|+1.226568E+01|pino1{@LIM2|+1.400000E+01|+1.000000E+01}}
{@A-MEA|0|+3.306078E+00|pino20{@LIM2|+4.000000E+00|+1.000000E+00}}
}
{@BLOCK|pu4702|00
{@A-MEA|0|+1.226431E+01|pino1{@LIM2|+1.400000E+01|+1.000000E+01}}
{@A-MEA|0|+3.306078E+00|pino20{@LIM2|+4.000000E+00|+1.000000E+00}}
}
{@BLOCK|pu4703|00
{@A-MEA|0|+1.226704E+01|pino1{@LIM2|+1.400000E+01|+1.000000E+01}}
{@A-MEA|0|+3.306420E+00|pino20{@LIM2|+4.000000E+00|+1.000000E+00}}
}
{@BLOCK|pu4801|00
{@A-MEA|0|+1.226704E+01|pino1{@LIM2|+1.400000E+01|+1.000000E+01}}
{@A-MEA|0|+3.306591E+00|pino20{@LIM2|+4.000000E+00|+1.000000E+00}}
}
{@BLOCK|pu4802|00
{@A-MEA|0|+1.226568E+01|pino1{@LIM2|+1.400000E+01|+1.000000E+01}}
{@A-MEA|0|+3.306078E+00|pino20{@LIM2|+4.000000E+00|+1.000000E+00}}
}
{@BLOCK|pu5001|00
{@A-MEA|0|+1.226568E+01|pino2{@LIM2|+1.400000E+01|+1.000000E+01}}
{@A-MEA|0|+1.806065E+00|pino12{@LIM2|+2.500000E+00|+1.000000E+00}}
{@A-MEA|0|+1.806065E+00|pino16{@LIM2|+2.500000E+00|+1.000000E+00}}
{@A-MEA|0|+3.304369E+00|pino18{@LIM2|+4.000000E+00|+1.500000E+00}}
}
{@BLOCK|pu5101|00
{@A-MEA|0|+1.226431E+01|pino5{@LIM2|+1.400000E+01|+1.000000E+01}}
{@A-MEA|0|+4.292807E+00|pino7{@LIM2|+6.000000E+00|+2.000000E+00}}
{@A-MEA|0|+5.453251E+00|pino10{@LIM2|+6.000000E+00|+4.000000E+00}}
}
{@BLOCK|pu5151|00
{@A-MEA|0|+3.308985E+00|pino3{@LIM2|+4.000000E+00|+2.500000E+00}}
{@A-MEA|0|+1.120606E+00|pino6{@LIM2|+2.500000E+00|+5.000000E-01}}
}
{@BLOCK|pu5301|00
{@A-MEA|0|+1.791640E+00|pino6{@LIM2|+2.500000E+00|+1.000000E+00}}
}
{@BLOCK|u3601|00
{@A-MEA|0|+5.097783E+00|pino1{@LIM2|+5.500000E+00|+4.100000E+00}}
}
{@BLOCK|u4001|00
{@A-MEA|0|+1.024448E+00|pino1{@LIM2|+1.200000E+00|+9.000000E-01}}
{@A-MEA|0|+5.098467E+00|pino3{@LIM2|+5.500000E+00|+4.500000E+00}}
{@A-MEA|0|+1.024149E+00|pino6{@LIM2|+1.200000E+00|+9.000000E-01}}
}
{@BLOCK|u4003|00
{@A-MEA|0|+3.310695E+00|pino1{@LIM2|+4.000000E+00|+2.500000E+00}}
{@A-MEA|0|+5.098467E+00|pino4{@LIM2|+6.000000E+00|+4.000000E+00}}
{@A-MEA|0|+3.310866E+00|pino6{@LIM2|+4.000000E+00|+2.500000E+00}}
{@A-MEA|0|+3.306078E+00|pino14{@LIM2|+4.000000E+00|+2.500000E+00}}
}
{@BLOCK|u4004|00
{@A-MEA|0|+1.792666E+00|pino1{@LIM2|+2.000000E+00|+1.500000E+00}}
{@A-MEA|0|+5.099151E+00|pino3{@LIM2|+5.500000E+00|+4.500000E+00}}
{@A-MEA|0|+1.792238E+00|pino6{@LIM2|+2.000000E+00|+1.500000E+00}}
}
{@BLOCK|u4007|00
{@A-MEA|0|+5.097954E+00|pino1{@LIM2|+5.500000E+00|+4.500000E+00}}
{@A-MEA|0|+5.098467E+00|pino4{@LIM2|+5.500000E+00|+4.500000E+00}}
{@A-MEA|0|+5.098125E+00|pino13{@LIM2|+5.500000E+00|+4.500000E+00}}
}
{@BLOCK|u5501|00
{@A-MEA|0|+3.307104E+00|pino1{@LIM2|+4.000000E+00|+2.500000E+00}}
{@A-MEA|0|+3.306249E+00|pino5{@LIM2|+4.000000E+00|+2.500000E+00}}
}
{@BLOCK|u5702|00
{@A-MEA|0|+1.210265E+00|pino1{@LIM2|+1.500000E+00|+1.000000E+00}}
{@A-MEA|0|+1.791982E+00|pino4{@LIM2|+2.300000E+00|+1.300000E+00}}
}
{@BLOCK|u7102|00
{@A-MEA|0|+3.305395E+00|pino1{@LIM2|+4.000000E+00|+2.500000E+00}}
{@A-MEA|0|+5.100177E+00|pino4{@LIM2|+6.000000E+00|+4.000000E+00}}
{@A-MEA|0|+3.305053E+00|pino7{@LIM2|+4.000000E+00|+2.500000E+00}}
}
{@BLOCK|u7303|00
{@A-MEA|0|+3.311208E+00|vin{@LIM2|+3.800000E+00|+2.800000E+00}}
}
}}