{@BATCH|e14_gen7_amd||4093|1||btest|050101151146~16|ICT0264\engineer|ICT0264|C:/Agilent_ICT/boards/e14_gen7_amd|RevA|sb21s86122r7_250||sb21s86122r7_250
{@BTEST|6683000511|00|050101155022|000021|0|all||n||050101155043||1
{@BLOCK|pc1439|00
{@A-CAP|0|+9.133976E-04{@LIM3|+8.411010E-04|+1.093431E-03|+5.862844E-04}}
}
{@BLOCK|pc1404|00
{@A-CAP|0|+3.469609E-03{@LIM3|+3.210000E-03|+4.173000E-03|+2.237511E-03}}
}
{@BLOCK|pc1461|00
{@A-CAP|0|+2.102913E-04{@LIM3|+2.022010E-04|+2.628613E-04|+1.415407E-04}}
}
{@BLOCK|ca1|00
{@A-CAP|0|+2.324939E-05{@LIM3|+2.040000E-05|+3.060000E-05|+1.020000E-05}}
}
{@BLOCK|ca68|00
{@A-CAP|0|+5.549006E-06{@LIM3|+5.900000E-06|+7.670000E-06|+4.130000E-06}}
}
{@BLOCK|cc550|00
{@A-CAP|0|+9.505824E-05{@LIM3|+8.640000E-05|+1.123200E-04|+6.048000E-05}}
}
{@BLOCK|cc553|00
{@A-CAP|0|+3.951872E-05{@LIM3|+3.110000E-05|+4.043000E-05|+2.177000E-05}}
}
{@BLOCK|cc560|00
{@A-CAP|0|+4.122248E-05{@LIM3|+4.161000E-05|+7.073700E-05|+2.912700E-05}}
}
{@BLOCK|cc568|00
{@A-CAP|0|+1.224864E-04{@LIM3|+1.200000E-04|+1.560000E-04|+8.400000E-05}}
}
{@BLOCK|cc586|00
{@A-CAP|0|+2.552383E-04{@LIM3|+2.642010E-04|+3.434613E-04|+1.849407E-04}}
}
{@BLOCK|cc649|00
{@A-CAP|0|+2.345738E-04{@LIM3|+2.131000E-04|+2.770300E-04|+1.491406E-04}}
}
{@BLOCK|cc613|00
{@A-CAP|0|+1.646087E-04{@LIM3|+1.460000E-04|+1.898000E-04|+1.022000E-04}}
}
{@BLOCK|cd1|00
{@A-CAP|0|+8.598563E-05{@LIM3|+9.120000E-05|+1.185600E-04|+6.384000E-05}}
}
{@BLOCK|ck5|00
{@A-CAP|0|+1.378215E-05{@LIM3|+1.130000E-05|+1.469000E-05|+7.910000E-06}}
}
{@BLOCK|ck101|00
{@A-CAP|0|+1.199473E-05{@LIM3|+1.130000E-05|+1.469000E-05|+7.910000E-06}}
}
{@BLOCK|cn8|00
{@A-CAP|0|+2.435028E-05{@LIM3|+2.120000E-05|+2.756000E-05|+1.484000E-05}}
}
{@BLOCK|cu609|00
{@A-CAP|0|+5.845642E-05{@LIM3|+6.240000E-05|+8.112000E-05|+4.368000E-05}}
}
{@BLOCK|cu1115|00
{@A-CAP|0|+2.038282E-04{@LIM3|+1.988000E-04|+2.584400E-04|+1.391326E-04}}
}
{@BLOCK|cu2|00
{@A-CAP|0|+5.737275E-06{@LIM3|+9.201000E-06|+1.380150E-05|+4.600500E-06}}
}
{@BLOCK|cu24|00
{@A-CAP|0|+5.814781E-06{@LIM3|+5.201000E-06|+8.841700E-06|+4.160800E-06}}
}
{@BLOCK|cu611|00
{@A-CAP|0|+2.771238E-05{@LIM3|+3.000000E-05|+4.500000E-05|+1.500000E-05}}
}
{@BLOCK|cu622|00
{@A-CAP|0|+1.545773E-05{@LIM3|+1.470000E-05|+1.911000E-05|+1.029000E-05}}
}
{@BLOCK|pc1133|00
{@A-CAP|0|+2.658174E-04{@LIM3|+2.931100E-04|+3.810430E-04|+2.051160E-04}}
}
{@BLOCK|pc5344|00
{@A-CAP|0|+7.854252E-05{@LIM3|+8.439500E-05|+1.097135E-04|+5.907650E-05}}
}
{@BLOCK|pc6235|00
{@A-CAP|0|+2.863485E-04{@LIM3|+3.171000E-04|+4.122300E-04|+2.215311E-04}}
}
{@BLOCK|cc359|00
{@A-CAP|0|+9.363699E-08{@LIM3|+1.000000E-07|+1.300000E-07|+7.000000E-08}}
}
{@BLOCK|ca59|00
{@A-CAP|0|+8.551460E-08{@LIM3|+1.000000E-07|+1.200000E-07|+8.000000E-08}}
}
{@BLOCK|cc257|00
{@A-CAP|0|+8.063811E-08{@LIM3|+1.000000E-07|+1.300000E-07|+7.000000E-08}}
}
{@BLOCK|pc6222|00
{@A-CAP|0|+5.006074E-06{@LIM3|+5.601000E-06|+7.281300E-06|+3.920700E-06}}
}
{@BLOCK|ce31|00
{@A-CAP|0|+1.024921E-09{@LIM3|+1.000000E-09|+1.557000E-09|+5.000000E-10}}
}
{@BLOCK|ci207|00
{@A-CAP|0|+2.074833E-05{@LIM3|+2.310000E-05|+3.465000E-05|+1.154681E-05}}
}
{@BLOCK|cr59|00
{@A-CAP|0|+1.053379E-06{@LIM3|+1.202000E-06|+1.562600E-06|+8.414000E-07}}
}
{@BLOCK|ci301|00
{@A-CAP|0|+9.720052E-08{@LIM3|+1.000000E-07|+1.200000E-07|+8.000000E-08}}
}
{@BLOCK|cn21|00
{@A-CAP|0|+1.146495E-06{@LIM3|+1.200000E-06|+1.560000E-06|+8.400000E-07}}
}
{@BLOCK|cl11|00
{@A-CAP|0|+1.005419E-07{@LIM3|+1.000000E-07|+1.450000E-07|+7.000000E-08}}
}
{@BLOCK|ci206|00
{@A-CAP|0|+2.877590E-05{@LIM3|+2.310000E-05|+3.003000E-05|+1.616681E-05}}
}
{@BLOCK|cu4|00
{@A-CAP|0|+9.149977E-08{@LIM3|+1.000000E-07|+1.200000E-07|+8.000000E-08}}
}
{@BLOCK|cu7|00
{@A-CAP|0|+4.459777E-06{@LIM3|+4.800000E-06|+5.760000E-06|+3.840000E-06}}
}
{@BLOCK|cu9|00
{@A-CAP|0|+4.350271E-06{@LIM3|+4.800000E-06|+5.760000E-06|+3.360000E-06}}
}
{@BLOCK|cu29|00
{@A-CAP|0|+5.730283E-06{@LIM3|+6.000000E-06|+1.050000E-05|+1.800000E-06}}
}
{@BLOCK|cu32|00
{@A-CAP|0|+6.384096E-06{@LIM3|+6.700000E-06|+1.139000E-05|+2.010000E-06}}
}
{@BLOCK|cu623|00
{@A-CAP|0|+8.238157E-08{@LIM3|+1.000000E-07|+1.300000E-07|+7.000000E-08}}
}
{@BLOCK|cu625|00
{@A-CAP|0|+7.786080E-08{@LIM3|+1.300000E-07|+2.275000E-07|+3.900000E-08}}
}
{@BLOCK|cu606|00
{@A-CAP|0|+2.629278E-05{@LIM3|+2.410000E-05|+3.133000E-05|+1.686667E-05}}
}
{@BLOCK|cu627|00
{@A-CAP|0|+9.501331E-08{@LIM3|+1.000000E-07|+1.300000E-07|+7.000000E-08}}
}
{@BLOCK|cu1103|00
{@A-CAP|0|+1.449901E-04{@LIM3|+1.502000E-04|+1.952600E-04|+1.049984E-04}}
}
{@BLOCK|cv521|00
{@A-CAP|0|+4.703815E-05{@LIM3|+4.913000E-05|+8.352100E-05|+3.439100E-05}}
}
{@BLOCK|cv600|00
{@A-CAP|0|+9.331359E-08{@LIM3|+1.000000E-07|+1.300000E-07|+7.000000E-08}}
}
{@BLOCK|cv913|00
{@A-CAP|0|+1.104627E-06{@LIM3|+1.100000E-06|+1.430000E-06|+7.700000E-07}}
}
{@BLOCK|cv911|00
{@A-CAP|0|+1.101711E-06{@LIM3|+1.100000E-06|+1.430000E-06|+7.700000E-07}}
}
{@BLOCK|cv915|00
{@A-CAP|0|+9.493870E-08{@LIM3|+1.000000E-07|+1.300000E-07|+7.000000E-08}}
}
{@BLOCK|pc1010|00
{@A-CAP|0|+8.670414E-08{@LIM3|+1.000000E-07|+1.300000E-07|+7.000000E-08}}
}
{@BLOCK|pc5347|00
{@A-CAP|0|+1.008675E-05{@LIM3|+1.001100E-05|+1.301430E-05|+7.007700E-06}}
}
{@BLOCK|pc6206|00
{@A-CAP|0|+9.078060E-08{@LIM3|+1.000000E-07|+1.200000E-07|+7.000000E-08}}
}
{@BLOCK|cc572|00
{@A-CAP|0|+1.918780E-06{@LIM3|+1.820000E-06|+2.184000E-06|+1.456000E-06}}
}
{@BLOCK|ce1|00
{@A-CAP|0|+1.065683E-06{@LIM3|+1.000000E-06|+1.300000E-06|+7.000000E-07}}
}
{@BLOCK|ce21|00
{@A-CAP|0|+1.022794E-06{@LIM3|+1.000000E-06|+1.300000E-06|+7.000000E-07}}
}
{@BLOCK|pc300|00
{@A-CAP|0|+9.313621E-07{@LIM3|+1.000000E-06|+1.300000E-06|+7.000000E-07}}
}
{@BLOCK|pc1004|00
{@A-CAP|0|+1.251876E-06{@LIM3|+1.200000E-06|+1.800000E-06|+6.000000E-07}}
}
{@BLOCK|pc1006|00
{@A-CAP|0|+1.009364E-06{@LIM3|+1.000000E-06|+1.300000E-06|+7.000000E-07}}
}
{@BLOCK|pc1011|00
{@A-CAP|0|+9.408004E-07{@LIM3|+1.000000E-06|+1.200000E-06|+8.000000E-07}}
}
{@BLOCK|pc5321|00
{@A-CAP|0|+2.438895E-06{@LIM3|+2.000000E-06|+3.400000E-06|+6.000000E-07}}
}
{@BLOCK|ca64|00
{@A-CAP|0|+2.306272E-06{@LIM3|+2.800000E-06|+4.200000E-06|+1.400000E-06}}
}
{@BLOCK|ca65|00
{@A-CAP|0|+2.143179E-06{@LIM3|+2.200000E-06|+2.860000E-06|+1.540000E-06}}
}
{@BLOCK|ca400|00
{@A-CAP|0|+1.258513E-09{@LIM3|+1.200000E-09|+1.440000E-09|+9.600000E-10}}
}
{@BLOCK|ca401|00
{@A-CAP|0|+1.259927E-09{@LIM3|+1.200000E-09|+1.412400E-09|+9.600000E-10}}
}
{@BLOCK|ca408|00
{@A-CAP|0|+1.192445E-09{@LIM3|+1.000000E-09|+1.300000E-09|+7.000000E-10}}
}
{@BLOCK|ca409|00
{@A-CAP|0|+1.189802E-09{@LIM3|+1.000000E-09|+1.300000E-09|+7.000000E-10}}
}
{@BLOCK|ca410|00
{@A-CAP|0|+1.205232E-09{@LIM3|+1.000000E-09|+1.300000E-09|+7.000000E-10}}
}
{@BLOCK|ca411|00
{@A-CAP|0|+1.192100E-09{@LIM3|+1.000000E-09|+1.300000E-09|+7.000000E-10}}
}
{@BLOCK|cn19|00
{@A-CAP|0|+1.118686E-09{@LIM3|+1.200000E-09|+1.680000E-09|+9.600000E-10}}
}
{@BLOCK|cc951|00
{@A-CAP|0|+4.480953E-08{@LIM3|+3.400000E-08|+5.780000E-08|+1.700000E-08}}
}
{@BLOCK|cc953|00
{@A-CAP|0|+4.524350E-08{@LIM3|+4.300000E-08|+6.450000E-08|+1.290000E-08}}
}
{@BLOCK|cd7|00
{@A-CAP|0|+9.492259E-09{@LIM3|+1.000000E-08|+1.200000E-08|+8.000000E-09}}
}
{@BLOCK|ci114|00
{@A-CAP|0|+9.800510E-09{@LIM3|+1.000000E-08|+1.200000E-08|+8.000000E-09}}
}
{@BLOCK|cv906|00
{@A-CAP|0|+9.979842E-09{@LIM3|+1.000000E-08|+1.200000E-08|+8.000000E-09}}
}
{@BLOCK|pc1000|00
{@A-CAP|0|+9.791984E-09{@LIM3|+1.000000E-08|+1.200000E-08|+8.000000E-09}}
}
{@BLOCK|cs203|00
{@A-CAP|0|+1.955108E-09{@LIM3|+2.200000E-09|+2.640000E-09|+1.760000E-09}}
}
{@BLOCK|cc251|00
{@A-CAP|0|+3.842447E-09{@LIM3|+3.300000E-09|+4.290000E-09|+2.310000E-09}}
}
{@BLOCK|cc253|00
{@A-CAP|0|+1.903477E-09{@LIM3|+2.200000E-09|+2.640000E-09|+1.760000E-09}}
}
{@BLOCK|cc254|00
{@A-CAP|0|+2.002712E-09{@LIM3|+2.200000E-09|+2.640000E-09|+1.760000E-09}}
}
{@BLOCK|cs202|00
{@A-CAP|0|+1.912121E-09{@LIM3|+2.200000E-09|+2.640000E-09|+1.760000E-09}}
}
{@BLOCK|cu916|00
{@A-CAP|0|+3.575367E-10{@LIM3|+3.400000E-10|+4.327272E-10|+2.720000E-10}}
}
{@BLOCK|cu917|00
{@A-CAP|0|+3.630032E-10{@LIM3|+3.400000E-10|+4.327272E-10|+2.720000E-10}}
}
{@BLOCK|cu922|00
{@A-CAP|0|+3.687656E-10{@LIM3|+3.400000E-10|+4.327272E-10|+2.720000E-10}}
}
{@BLOCK|cu925|00
{@A-CAP|0|+3.799070E-10{@LIM3|+3.400000E-10|+4.327272E-10|+2.720000E-10}}
}
{@BLOCK|pc5302|00
{@A-CAP|0|+4.362787E-08{@LIM3|+4.700000E-08|+5.640000E-08|+3.760000E-08}}
}
{@BLOCK|pr1|00
{@A-RES|0|+9.962284E+03{@LIM3|+1.000000E+04|+1.100000E+04|+9.000000E+03}}
}
{@BLOCK|pr1005|00
{@A-RES|0|+9.991577E+03{@LIM3|+1.000000E+04|+1.100000E+04|+9.000000E+03}}
}
{@BLOCK|pr1036|00
{@A-RES|0|+9.948874E+03{@LIM3|+1.000000E+04|+1.100000E+04|+9.000000E+03}}
}
{@BLOCK|pr5329|00
{@A-RES|0|+9.888757E+03{@LIM3|+1.000000E+04|+1.100000E+04|+9.000000E+03}}
}
{@BLOCK|ra65|00
{@A-RES|0|+9.957490E+03{@LIM3|+1.000000E+04|+1.100000E+04|+9.000000E+03}}
}
{@BLOCK|ra401|00
{@A-RES|0|+9.903454E+03{@LIM3|+1.000000E+04|+1.100000E+04|+9.000000E+03}}
}
{@BLOCK|rc148|00
{@A-RES|0|+1.039083E+04{@LIM3|+1.000000E+04|+1.100000E+04|+9.000000E+03}}
}
{@BLOCK|rc165|00
{@A-RES|0|+9.948448E+03{@LIM3|+1.000000E+04|+1.100000E+04|+9.000000E+03}}
}
{@BLOCK|rc185|00
{@A-RES|0|+1.030630E+04{@LIM3|+1.000000E+04|+1.100000E+04|+9.000000E+03}}
}
{@BLOCK|rc196|00
{@A-RES|0|+1.009951E+04{@LIM3|+1.000000E+04|+1.100000E+04|+9.000000E+03}}
}
{@BLOCK|rc199|00
{@A-RES|0|+9.788961E+03{@LIM3|+1.000000E+04|+1.100000E+04|+9.000000E+03}}
}
{@BLOCK|rc211|00
{@A-RES|0|+9.922479E+03{@LIM3|+1.000000E+04|+1.100000E+04|+9.000000E+03}}
}
{@BLOCK|rc214|00
{@A-RES|0|+1.002840E+04{@LIM3|+1.000000E+04|+1.100000E+04|+9.000000E+03}}
}
{@BLOCK|rc218|00
{@A-RES|0|+9.954297E+03{@LIM3|+1.000000E+04|+1.100000E+04|+9.000000E+03}}
}
{@BLOCK|rc220%ra|00
{@A-RES|0|+1.036423E+04{@LIM3|+1.000000E+04|+1.100000E+04|+9.000000E+03}}
}
{@BLOCK|rc220%rb|00
{@A-RES|0|+1.028354E+04{@LIM3|+1.000000E+04|+1.100000E+04|+9.000000E+03}}
}
{@BLOCK|rc221|00
{@A-RES|0|+9.928824E+03{@LIM3|+1.000000E+04|+1.100000E+04|+9.000000E+03}}
}
{@BLOCK|rc224|00
{@A-RES|0|+9.993398E+03{@LIM3|+1.000000E+04|+1.100000E+04|+9.000000E+03}}
}
{@BLOCK|rc234|00
{@A-RES|0|+1.021697E+04{@LIM3|+1.000000E+04|+1.100000E+04|+9.000000E+03}}
}
{@BLOCK|rc240|00
{@A-RES|0|+9.903481E+03{@LIM3|+1.000000E+04|+1.100000E+04|+9.000000E+03}}
}
{@BLOCK|rc254|00
{@A-RES|0|+1.001261E+04{@LIM3|+1.000000E+04|+1.100000E+04|+9.000000E+03}}
}
{@BLOCK|rc273|00
{@A-RES|0|+9.947811E+03{@LIM3|+1.000000E+04|+1.500000E+04|+5.000000E+03}}
}
{@BLOCK|rc280|00
{@A-RES|0|+1.003367E+04{@LIM3|+1.000000E+04|+1.100000E+04|+9.000000E+03}}
}
{@BLOCK|rc290|00
{@A-RES|0|+9.932922E+03{@LIM3|+1.000000E+04|+1.100000E+04|+9.000000E+03}}
}
{@BLOCK|rc296|00
{@A-RES|0|+8.962054E+03{@LIM3|+1.000000E+04|+1.400000E+04|+6.000000E+03}}
}
{@BLOCK|rc352|00
{@A-RES|0|+1.004395E+04{@LIM3|+1.000000E+04|+1.100000E+04|+9.000000E+03}}
}
{@BLOCK|rc353|00
{@A-RES|0|+9.923533E+03{@LIM3|+1.000000E+04|+1.100000E+04|+9.000000E+03}}
}
{@BLOCK|rc359|00
{@A-RES|0|+9.594324E+03{@LIM3|+1.000000E+04|+1.150000E+04|+8.500000E+03}}
}
{@BLOCK|rc966|00
{@A-RES|0|+9.902954E+03{@LIM3|+1.000000E+04|+1.100000E+04|+9.000000E+03}}
}
{@BLOCK|rc971|00
{@A-RES|0|+1.009994E+04{@LIM3|+1.000000E+04|+1.100000E+04|+9.000000E+03}}
}
{@BLOCK|rc972|00
{@A-RES|0|+1.040825E+04{@LIM3|+1.000000E+04|+1.100000E+04|+9.000000E+03}}
}
{@BLOCK|rd5|00
{@A-RES|0|+9.831206E+03{@LIM3|+1.000000E+04|+1.100000E+04|+9.000000E+03}}
}
{@BLOCK|re17|00
{@A-RES|0|+9.928295E+03{@LIM3|+1.000000E+04|+1.100000E+04|+9.000000E+03}}
}
{@BLOCK|re24|00
{@A-RES|0|+9.888232E+03{@LIM3|+1.000000E+04|+1.100000E+04|+9.000000E+03}}
}
{@BLOCK|re96%ra|00
{@A-RES|0|+9.953765E+03{@LIM3|+1.000000E+04|+1.100000E+04|+9.000000E+03}}
}
{@BLOCK|re96%rb|00
{@A-RES|0|+9.968150E+03{@LIM3|+1.000000E+04|+1.100000E+04|+9.000000E+03}}
}
{@BLOCK|re115|00
{@A-RES|0|+9.919220E+03{@LIM3|+1.000000E+04|+1.100000E+04|+9.000000E+03}}
}
{@BLOCK|re122|00
{@A-RES|0|+9.931471E+03{@LIM3|+1.000000E+04|+1.100000E+04|+9.000000E+03}}
}
{@BLOCK|re232|00
{@A-RES|0|+1.015015E+04{@LIM3|+1.000000E+04|+1.100000E+04|+9.000000E+03}}
}
{@BLOCK|re234|00
{@A-RES|0|+1.003991E+04{@LIM3|+1.000000E+04|+1.100000E+04|+9.000000E+03}}
}
{@BLOCK|ri108|00
{@A-RES|0|+9.992217E+03{@LIM3|+1.000000E+04|+1.100000E+04|+9.000000E+03}}
}
{@BLOCK|ri109|00
{@A-RES|0|+1.004016E+04{@LIM3|+1.000000E+04|+1.100000E+04|+9.000000E+03}}
}
{@BLOCK|rk15|00
{@A-RES|0|+9.870414E+03{@LIM3|+1.000000E+04|+1.100000E+04|+9.000000E+03}}
}
{@BLOCK|cv1|00
{@A-CAP|0|+1.054463E-07{@LIM3|+1.000000E-07|+1.300000E-07|+7.000000E-08}}
}
{@BLOCK|cv2|00
{@A-CAP|0|+8.806583E-08{@LIM3|+7.000000E-08|+1.120000E-07|+2.800000E-08}}
}
{@BLOCK|cv5|00
{@A-CAP|0|+8.227704E-08{@LIM3|+1.000000E-07|+1.300000E-07|+7.000000E-08}}
}
{@BLOCK|cv6|00
{@A-CAP|0|+1.063736E-07{@LIM3|+1.000000E-07|+1.300000E-07|+7.000000E-08}}
}
{@BLOCK|cv9|00
{@A-CAP|0|+1.051831E-07{@LIM3|+1.000000E-07|+1.300000E-07|+7.000000E-08}}
}
{@BLOCK|cv14|00
{@A-CAP|0|+9.059890E-08{@LIM3|+1.000000E-07|+1.300000E-07|+7.000000E-08}}
}
{@BLOCK|pc1012|00
{@A-CAP|0|+9.910059E-07{@LIM3|+1.000000E-06|+1.200000E-06|+8.000000E-07}}
}
{@BLOCK|rs206|00
{@A-RES|0|+9.968409E+03{@LIM3|+1.000000E+04|+1.100000E+04|+9.000000E+03}}
}
{@BLOCK|rk107|00
{@A-RES|0|+1.003529E+04{@LIM3|+1.000000E+04|+1.100000E+04|+9.000000E+03}}
}
{@BLOCK|rl17|00
{@A-RES|0|+9.973488E+03{@LIM3|+1.000000E+04|+1.100000E+04|+9.000000E+03}}
}
{@BLOCK|rl20|00
{@A-RES|0|+9.940483E+03{@LIM3|+1.000000E+04|+1.100000E+04|+9.000000E+03}}
}
{@BLOCK|rl36|00
{@A-RES|0|+9.945260E+03{@LIM3|+1.000000E+04|+1.100000E+04|+9.000000E+03}}
}
{@BLOCK|rn24|00
{@A-RES|0|+1.003637E+04{@LIM3|+1.000000E+04|+1.100000E+04|+9.000000E+03}}
}
{@BLOCK|rn25|00
{@A-RES|0|+1.002071E+04{@LIM3|+1.000000E+04|+1.100000E+04|+9.000000E+03}}
}
{@BLOCK|rn26|00
{@A-RES|0|+9.995971E+03{@LIM3|+1.000000E+04|+1.100000E+04|+9.000000E+03}}
}
{@BLOCK|rt14|00
{@A-RES|0|+1.018735E+04{@LIM3|+1.000000E+04|+1.100000E+04|+9.000000E+03}}
}
{@BLOCK|ru636|00
{@A-RES|0|+9.723427E+03{@LIM3|+1.000000E+04|+1.100000E+04|+9.000000E+03}}
}
{@BLOCK|ru640|00
{@A-RES|0|+9.966549E+03{@LIM3|+1.000000E+04|+1.100000E+04|+9.000000E+03}}
}
{@BLOCK|ru644|00
{@A-RES|0|+9.918142E+03{@LIM3|+1.000000E+04|+1.100000E+04|+9.000000E+03}}
}
{@BLOCK|ru1145|00
{@A-RES|0|+9.929474E+03{@LIM3|+1.000000E+04|+1.150000E+04|+8.500000E+03}}
}
{@BLOCK|ru1146|00
{@A-RES|0|+9.950413E+03{@LIM3|+1.000000E+04|+1.150000E+04|+8.500000E+03}}
}
{@BLOCK|rv906|00
{@A-RES|0|+9.916615E+03{@LIM3|+1.000000E+04|+1.100000E+04|+9.000000E+03}}
}
{@BLOCK|rv909|00
{@A-RES|0|+9.949939E+03{@LIM3|+1.000000E+04|+1.100000E+04|+9.000000E+03}}
}
{@BLOCK|pr100|00
{@A-RES|0|+1.029919E+02{@LIM3|+1.000000E+02|+1.110000E+02|+9.400000E+01}}
}
{@BLOCK|pr101|00
{@A-RES|0|+1.043835E+02{@LIM3|+1.000000E+02|+1.110000E+02|+9.400000E+01}}
}
{@BLOCK|pr1003|00
{@A-JUM|0|+3.934251E+00{@LIM2|+1.500000E+01|+0.000000E+00}}
}
{@BLOCK|pr1004|00
{@A-JUM|0|+3.027275E+00{@LIM2|+1.500000E+01|+0.000000E+00}}
}
{@BLOCK|pr1008|00
{@A-JUM|0|+3.162840E+00{@LIM2|+1.500000E+01|+0.000000E+00}}
}
{@BLOCK|pr1031|00
{@A-JUM|0|+3.059522E+00{@LIM2|+1.500000E+01|+0.000000E+00}}
}
{@BLOCK|pr1034|00
{@A-JUM|0|+2.626898E+00{@LIM2|+1.500000E+01|+0.000000E+00}}
}
{@BLOCK|pr102|00
{@A-RES|0|+9.931671E+05{@LIM3|+1.000000E+06|+1.250000E+06|+7.500000E+05}}
}
{@BLOCK|pr103|00
{@A-RES|0|+1.003367E+04{@LIM3|+1.000000E+04|+1.060000E+04|+9.400000E+03}}
}
{@BLOCK|pr302|00
{@A-RES|0|+9.969751E+03{@LIM3|+1.000000E+04|+1.060000E+04|+9.400000E+03}}
}
{@BLOCK|re1|00
{@A-RES|0|+1.000403E+04{@LIM3|+1.000000E+04|+1.060000E+04|+9.400000E+03}}
}
{@BLOCK|pr1608|00
{@A-RES|0|+9.878001E+04{@LIM3|+1.000000E+05|+1.150000E+05|+8.500000E+04}}
}
{@BLOCK|pr6211|00
{@A-RES|0|+9.925520E+04{@LIM3|+1.000000E+05|+1.250000E+05|+7.500000E+04}}
}
{@BLOCK|ra406|00
{@A-RES|0|+5.118303E+03{@LIM3|+5.110000E+03|+5.416600E+03|+4.803400E+03}}
}
{@BLOCK|rc10|00
{@A-RES|0|+9.849812E+04{@LIM3|+1.000000E+05|+1.150000E+05|+8.500000E+04}}
}
{@BLOCK|rc12|00
{@A-RES|0|+9.946530E+04{@LIM3|+1.000000E+05|+1.150000E+05|+8.500000E+04}}
}
{@BLOCK|rc21|00
{@A-RES|0|+9.871723E+04{@LIM3|+1.000000E+05|+1.150000E+05|+8.500000E+04}}
}
{@BLOCK|rc27|00
{@A-RES|0|+9.996676E+04{@LIM3|+1.000000E+05|+1.150000E+05|+8.500000E+04}}
}
{@BLOCK|rc237|00
{@A-RES|0|+9.880095E+04{@LIM3|+1.000000E+05|+1.150000E+05|+8.500000E+04}}
}
{@BLOCK|re6|00
{@A-RES|0|+9.864624E+04{@LIM3|+1.000000E+05|+1.150000E+05|+8.500000E+04}}
}
{@BLOCK|re13|00
{@A-RES|0|+9.963647E+04{@LIM3|+1.000000E+05|+1.150000E+05|+8.500000E+04}}
}
{@BLOCK|re14|00
{@A-RES|0|+9.971006E+04{@LIM3|+1.000000E+05|+1.150000E+05|+8.500000E+04}}
}
{@BLOCK|re25|00
{@A-RES|0|+9.940164E+04{@LIM3|+1.000000E+05|+1.150000E+05|+8.500000E+04}}
}
{@BLOCK|re32|00
{@A-RES|0|+9.862049E+04{@LIM3|+1.000000E+05|+1.150000E+05|+8.500000E+04}}
}
{@BLOCK|re34|00
{@A-RES|0|+9.802155E+04{@LIM3|+1.000000E+05|+1.150000E+05|+8.500000E+04}}
}
{@BLOCK|re38|00
{@A-RES|0|+1.000214E+05{@LIM3|+1.000000E+05|+1.150000E+05|+8.500000E+04}}
}
{@BLOCK|re43|00
{@A-RES|0|+9.729497E+04{@LIM3|+1.000000E+05|+1.150000E+05|+8.500000E+04}}
}
{@BLOCK|re44|00
{@A-RES|0|+2.783474E+04{@LIM3|+2.500000E+04|+2.875000E+04|+2.125000E+04}}
}
{@BLOCK|re46|00
{@A-RES|0|+1.022593E+05{@LIM3|+1.000000E+05|+1.150000E+05|+8.500000E+04}}
}
{@BLOCK|re47|00
{@A-RES|0|+9.912175E+04{@LIM3|+1.000000E+05|+1.150000E+05|+8.500000E+04}}
}
{@BLOCK|re58|00
{@A-RES|0|+7.530196E+04{@LIM3|+7.500000E+04|+8.250000E+04|+6.750000E+04}}
}
{@BLOCK|re82|00
{@A-RES|0|+9.958221E+04{@LIM3|+1.000000E+05|+1.150000E+05|+8.500000E+04}}
}
{@BLOCK|re83|00
{@A-RES|0|+9.909512E+04{@LIM3|+1.000000E+05|+1.150000E+05|+8.500000E+04}}
}
{@BLOCK|re92|00
{@A-RES|0|+9.977412E+04{@LIM3|+1.000000E+05|+1.150000E+05|+8.500000E+04}}
}
{@BLOCK|re119|00
{@A-RES|0|+9.997749E+04{@LIM3|+1.000000E+05|+1.150000E+05|+8.500000E+04}}
}
{@BLOCK|re235|00
{@A-RES|0|+9.168569E+04{@LIM3|+1.000000E+05|+1.150000E+05|+7.000000E+04}}
}
{@BLOCK|ri111|00
{@A-RES|0|+9.985964E+04{@LIM3|+1.000000E+05|+1.150000E+05|+8.500000E+04}}
}
{@BLOCK|ri204|00
{@A-RES|0|+1.000634E+05{@LIM3|+1.000000E+05|+1.150000E+05|+8.500000E+04}}
}
{@BLOCK|ri302|00
{@A-RES|0|+9.931689E+04{@LIM3|+1.000000E+05|+1.150000E+05|+8.500000E+04}}
}
{@BLOCK|ri306|00
{@A-RES|0|+1.004742E+05{@LIM3|+1.000000E+05|+1.150000E+05|+8.500000E+04}}
}
{@BLOCK|ri309|00
{@A-RES|0|+9.906352E+04{@LIM3|+1.000000E+05|+1.150000E+05|+8.500000E+04}}
}
{@BLOCK|ri315|00
{@A-RES|0|+9.931689E+04{@LIM3|+1.000000E+05|+1.150000E+05|+8.500000E+04}}
}
{@BLOCK|rn30|00
{@A-RES|0|+9.928515E+04{@LIM3|+1.000000E+05|+1.150000E+05|+8.500000E+04}}
}
{@BLOCK|rn37|00
{@A-RES|0|+9.917949E+04{@LIM3|+1.000000E+05|+1.150000E+05|+8.500000E+04}}
}
{@BLOCK|rr12|00
{@A-RES|0|+1.011824E+05{@LIM3|+1.000000E+05|+1.150000E+05|+8.500000E+04}}
}
{@BLOCK|rr17|00
{@A-RES|0|+1.046720E+05{@LIM3|+1.000000E+05|+1.150000E+05|+8.500000E+04}}
}
{@BLOCK|rr50|00
{@A-RES|0|+9.975276E+04{@LIM3|+1.000000E+05|+1.150000E+05|+8.500000E+04}}
}
{@BLOCK|rr52|00
{@A-RES|0|+1.008648E+05{@LIM3|+1.000000E+05|+1.150000E+05|+8.500000E+04}}
}
{@BLOCK|rr56|00
{@A-RES|0|+1.003435E+05{@LIM3|+1.000000E+05|+1.150000E+05|+8.500000E+04}}
}
{@BLOCK|ru14|00
{@A-RES|0|+5.007998E+04{@LIM3|+5.000000E+04|+5.750000E+04|+4.250000E+04}}
}
{@BLOCK|ru93|00
{@A-RES|0|+9.985964E+04{@LIM3|+1.000000E+05|+1.150000E+05|+8.500000E+04}}
}
{@BLOCK|ru94|00
{@A-RES|0|+9.901089E+04{@LIM3|+1.000000E+05|+1.150000E+05|+8.500000E+04}}
}
{@BLOCK|rv6|00
{@A-RES|0|+9.939881E+04{@LIM3|+1.000000E+05|+1.250000E+05|+7.500000E+04}}
}
{@BLOCK|rv7|00
{@A-RES|0|+1.001494E+05{@LIM3|+1.000000E+05|+1.150000E+05|+8.500000E+04}}
}
{@BLOCK|rv9|00
{@A-RES|0|+1.000419E+05{@LIM3|+1.000000E+05|+1.150000E+05|+8.500000E+04}}
}
{@BLOCK|rv16|00
{@A-RES|0|+9.910566E+04{@LIM3|+1.000000E+05|+1.150000E+05|+8.500000E+04}}
}
{@BLOCK|rv511|00
{@A-RES|0|+9.909512E+04{@LIM3|+1.000000E+05|+1.150000E+05|+8.500000E+04}}
}
{@BLOCK|rv917|00
{@A-RES|0|+9.919314E+04{@LIM3|+1.000000E+05|+1.150000E+05|+8.500000E+04}}
}
{@BLOCK|rv923|00
{@A-RES|0|+1.003391E+05{@LIM3|+1.000000E+05|+1.150000E+05|+8.500000E+04}}
}
{@BLOCK|pr6214|00
{@A-RES|0|+1.000750E+05{@LIM3|+1.000000E+05|+1.150000E+05|+8.500000E+04}}
}
{@BLOCK|rs221|00
{@A-RES|0|+1.685657E+04{@LIM3|+1.680000E+04|+1.780800E+04|+1.579200E+04}}
}
{@BLOCK|rs222|00
{@A-RES|0|+1.180531E+04{@LIM3|+1.180000E+04|+1.250800E+04|+1.109200E+04}}
}
{@BLOCK|pr301|00
{@A-RES|0|+9.993777E+04{@LIM3|+1.000000E+05|+1.110000E+05|+8.900000E+04}}
}
{@BLOCK|pr5315|00
{@A-RES|0|+9.997082E+04{@LIM3|+1.000000E+05|+1.110000E+05|+8.900000E+04}}
}
{@BLOCK|pr6225|00
{@A-RES|0|+9.999894E+04{@LIM3|+1.000000E+05|+1.110000E+05|+8.900000E+04}}
}
{@BLOCK|ri114|00
{@A-RES|0|+2.365291E+04{@LIM3|+2.500000E+04|+3.125000E+04|+2.125000E+04}}
}
{@BLOCK|rs224|00
{@A-RES|0|+1.209666E+05{@LIM3|+1.000000E+05|+1.400000E+05|+6.000000E+04}}
}
{@BLOCK|ru50|00
{@A-RES|0|+9.954601E+04{@LIM3|+1.000000E+05|+1.110000E+05|+8.900000E+04}}
}
{@BLOCK|pr1803|00
{@A-RES|0|+1.002276E+03{@LIM3|+1.000000E+03|+1.060000E+03|+9.400000E+02}}
}
{@BLOCK|pr1019|00
{@A-RES|0|+4.981126E+03{@LIM3|+4.700000E+03|+5.170000E+03|+4.230000E+03}}
}
{@BLOCK|pr1020|00
{@A-RES|0|+4.717592E+03{@LIM3|+4.700000E+03|+5.170000E+03|+4.230000E+03}}
}
{@BLOCK|pr1620|00
{@A-RES|0|+4.713469E+03{@LIM3|+4.700000E+03|+5.170000E+03|+4.230000E+03}}
}
{@BLOCK|rb13|00
{@A-RES|0|+4.675951E+03{@LIM3|+4.700000E+03|+5.170000E+03|+4.230000E+03}}
}
{@BLOCK|ri242%r1|00
{@A-RES|0|+4.695049E+03{@LIM3|+4.700000E+03|+5.170000E+03|+4.230000E+03}}
}
{@BLOCK|ri242%r2|00
{@A-RES|0|+4.699789E+03{@LIM3|+4.700000E+03|+5.170000E+03|+4.230000E+03}}
}
{@BLOCK|ri256|00
{@A-RES|0|+4.741913E+03{@LIM3|+4.700000E+03|+5.170000E+03|+4.230000E+03}}
}
{@BLOCK|rk5|00
{@A-RES|0|+4.858450E+03{@LIM3|+4.700000E+03|+5.170000E+03|+4.230000E+03}}
}
{@BLOCK|rk102|00
{@A-RES|0|+4.797867E+03{@LIM3|+4.700000E+03|+5.170000E+03|+4.230000E+03}}
}
{@BLOCK|ru21|00
{@A-RES|0|+4.703112E+03{@LIM3|+4.700000E+03|+5.170000E+03|+4.230000E+03}}
}
{@BLOCK|ru25|00
{@A-RES|0|+4.529026E+03{@LIM3|+4.700000E+03|+5.170000E+03|+4.230000E+03}}
}
{@BLOCK|ru44|00
{@A-RES|0|+4.690556E+03{@LIM3|+4.700000E+03|+5.170000E+03|+4.230000E+03}}
}
{@BLOCK|ru45|00
{@A-RES|0|+4.710250E+03{@LIM3|+4.700000E+03|+5.170000E+03|+4.230000E+03}}
}
{@BLOCK|ru46|00
{@A-RES|0|+4.704063E+03{@LIM3|+4.700000E+03|+5.170000E+03|+4.230000E+03}}
}
{@BLOCK|ru47|00
{@A-RES|0|+4.740706E+03{@LIM3|+4.700000E+03|+5.170000E+03|+4.230000E+03}}
}
{@BLOCK|ru614|00
{@A-RES|0|+4.696026E+03{@LIM3|+4.700000E+03|+5.170000E+03|+4.230000E+03}}
}
{@BLOCK|ru615|00
{@A-RES|0|+4.668729E+03{@LIM3|+4.700000E+03|+5.170000E+03|+4.230000E+03}}
}
{@BLOCK|pr1040|00
{@A-RES|0|+2.001184E+06{@LIM3|+2.000000E+06|+2.500000E+06|+1.500000E+06}}
}
{@BLOCK|ru932|00
{@A-RES|0|+2.023718E+06{@LIM3|+2.000000E+06|+2.500000E+06|+1.500000E+06}}
}
{@BLOCK|pr1041|00
{@A-RES|0|+1.329549E+05{@LIM3|+1.330000E+05|+1.476300E+05|+1.183700E+05}}
}
{@BLOCK|pr1042|00
{@A-RES|0|+4.860380E+04{@LIM3|+4.990000E+04|+5.788400E+04|+4.191600E+04}}
}
{@BLOCK|pr1043|00
{@A-RES|0|+4.846663E+04{@LIM3|+4.990000E+04|+5.788400E+04|+4.191600E+04}}
}
{@BLOCK|pr1604|00
{@A-JUM|0|+2.972589E+00{@LIM2|+1.500000E+01|+0.000000E+00}}
}
{@BLOCK|pr1710|00
{@A-JUM|0|+3.135428E+00{@LIM2|+1.500000E+01|+0.000000E+00}}
}
{@BLOCK|ra407|00
{@A-RES|0|+3.933162E+04{@LIM3|+3.920000E+04|+4.155200E+04|+3.684800E+04}}
}
{@BLOCK|pr5324|00
{@A-RES|0|+1.364002E+05{@LIM3|+1.370000E+05|+1.520700E+05|+1.219300E+05}}
}
{@BLOCK|rc33%r1_4|00
{@A-RES|0|+9.977657E+02{@LIM3|+1.000000E+03|+1.150000E+03|+8.500000E+02}}
}
{@BLOCK|rc33%r2_3|00
{@A-RES|0|+9.994826E+02{@LIM3|+1.000000E+03|+1.100000E+03|+9.000000E+02}}
}
{@BLOCK|rc34%r1_4|00
{@A-RES|0|+9.971075E+02{@LIM3|+1.000000E+03|+1.150000E+03|+8.500000E+02}}
}
{@BLOCK|rc34%r2_3|00
{@A-RES|0|+1.002929E+03{@LIM3|+1.000000E+03|+1.150000E+03|+8.500000E+02}}
}
{@BLOCK|rc552|00
{@A-RES|0|+9.999650E+02{@LIM3|+1.000000E+03|+1.100000E+03|+9.000000E+02}}
}
{@BLOCK|rc951|00
{@A-RES|0|+1.009593E+03{@LIM3|+1.000000E+03|+1.100000E+03|+9.000000E+02}}
}
{@BLOCK|rc960|00
{@A-RES|0|+1.006660E+03{@LIM3|+1.000000E+03|+1.100000E+03|+9.000000E+02}}
}
{@BLOCK|rc961|00
{@A-RES|0|+9.955335E+02{@LIM3|+1.000000E+03|+1.100000E+03|+9.000000E+02}}
}
{@BLOCK|rc962|00
{@A-RES|0|+1.009057E+03{@LIM3|+1.000000E+03|+1.100000E+03|+9.000000E+02}}
}
{@BLOCK|rc963|00
{@A-RES|0|+1.002643E+03{@LIM3|+1.000000E+03|+1.100000E+03|+9.000000E+02}}
}
{@BLOCK|pr6215|00
{@A-RES|0|+1.003652E+06{@LIM3|+1.000000E+06|+1.210000E+06|+7.900000E+05}}
}
{@BLOCK|pr6216|00
{@A-RES|0|+1.001752E+06{@LIM3|+1.000000E+06|+1.210000E+06|+7.900000E+05}}
}
{@BLOCK|pq6203%qf2|00
{@A-NFE|0|+1.148273E+02{@LIM2|+2.000000E+02|+2.000000E+01}}
}
{@BLOCK|prt300|00
{@A-RES|0|+6.585925E+02{@LIM3|+5.400000E+02|+7.290000E+02|+3.510000E+02}}
}
{@BLOCK|prt301|00
{@A-RES|0|+6.477917E+02{@LIM3|+5.400000E+02|+7.290000E+02|+3.510000E+02}}
}
{@BLOCK|prt303|00
{@A-RES|0|+6.423460E+02{@LIM3|+5.400000E+02|+7.290000E+02|+3.510000E+02}}
}
{@BLOCK|prt304|00
{@A-RES|0|+6.589649E+02{@LIM3|+5.400000E+02|+7.290000E+02|+3.510000E+02}}
}
{@BLOCK|prt305|00
{@A-RES|0|+6.432768E+02{@LIM3|+5.400000E+02|+7.290000E+02|+3.510000E+02}}
}
{@BLOCK|rc241%r1_4|00
{@A-RES|0|+2.265363E+03{@LIM3|+2.200000E+03|+2.420000E+03|+1.980000E+03}}
}
{@BLOCK|rc241%r2_3|00
{@A-RES|0|+2.245153E+03{@LIM3|+2.200000E+03|+2.420000E+03|+1.980000E+03}}
}
{@BLOCK|rc242%r1_4|00
{@A-RES|0|+2.190128E+03{@LIM3|+2.200000E+03|+2.420000E+03|+1.980000E+03}}
}
{@BLOCK|rc242%r2_3|00
{@A-RES|0|+2.190025E+03{@LIM3|+2.200000E+03|+2.420000E+03|+1.980000E+03}}
}
{@BLOCK|rc245%r1_4|00
{@A-RES|0|+2.195809E+03{@LIM3|+2.200000E+03|+2.420000E+03|+1.980000E+03}}
}
{@BLOCK|rc245%r2_3|00
{@A-RES|0|+2.184271E+03{@LIM3|+2.200000E+03|+2.420000E+03|+1.980000E+03}}
}
{@BLOCK|rc356%r1_4|00
{@A-RES|0|+2.202482E+03{@LIM3|+2.200000E+03|+2.420000E+03|+1.980000E+03}}
}
{@BLOCK|rc356%r2_3|00
{@A-RES|0|+2.204583E+03{@LIM3|+2.200000E+03|+2.420000E+03|+1.980000E+03}}
}
{@BLOCK|rc609|00
{@A-RES|0|+2.202850E+03{@LIM3|+2.200000E+03|+2.420000E+03|+1.980000E+03}}
}
{@BLOCK|re97%r1_4|00
{@A-RES|0|+2.248623E+03{@LIM3|+2.200000E+03|+2.420000E+03|+1.980000E+03}}
}
{@BLOCK|re97%r2_3|00
{@A-RES|0|+2.249601E+03{@LIM3|+2.200000E+03|+2.420000E+03|+1.980000E+03}}
}
{@BLOCK|re98%r1_4|00
{@A-RES|0|+2.200167E+03{@LIM3|+2.200000E+03|+2.420000E+03|+1.980000E+03}}
}
{@BLOCK|re98%r2_3|00
{@A-RES|0|+2.192190E+03{@LIM3|+2.200000E+03|+2.420000E+03|+1.980000E+03}}
}
{@BLOCK|re100%r2_3|00
{@A-RES|0|+2.218303E+03{@LIM3|+2.200000E+03|+2.420000E+03|+1.980000E+03}}
}
{@BLOCK|ri303%r1_4|00
{@A-RES|0|+2.189337E+03{@LIM3|+2.200000E+03|+2.420000E+03|+1.980000E+03}}
}
{@BLOCK|ri303%r2_3|00
{@A-RES|0|+2.190099E+03{@LIM3|+2.200000E+03|+2.750000E+03|+1.980000E+03}}
}
{@BLOCK|rv904%r1_4|00
{@A-RES|0|+2.198713E+03{@LIM3|+2.200000E+03|+2.420000E+03|+1.980000E+03}}
}
{@BLOCK|rv904%r2_3|00
{@A-RES|0|+2.206005E+03{@LIM3|+2.200000E+03|+2.420000E+03|+1.980000E+03}}
}
{@BLOCK|ra62|00
{@A-RES|0|+3.570743E+01{@LIM3|+3.300000E+01|+4.129999E+01|+2.970000E+01}}
}
{@BLOCK|rc144|00
{@A-RES|0|+3.659368E+01{@LIM3|+3.300000E+01|+4.129999E+01|+2.970000E+01}}
}
{@BLOCK|rc145|00
{@A-RES|0|+3.652115E+01{@LIM3|+3.300000E+01|+4.290000E+01|+2.310000E+01}}
}
{@BLOCK|rc146|00
{@A-RES|0|+3.628261E+01{@LIM3|+3.300000E+01|+4.129999E+01|+2.970000E+01}}
}
{@BLOCK|rc172|00
{@A-RES|0|+3.612696E+01{@LIM3|+3.300000E+01|+4.129999E+01|+2.970000E+01}}
}
{@BLOCK|ra402|00
{@A-RES|0|+6.809353E+03{@LIM3|+6.800000E+03|+7.208000E+03|+6.392000E+03}}
}
{@BLOCK|ri218|00
{@A-RES|0|+1.019473E+02{@LIM3|+1.000000E+02|+1.150000E+02|+9.000000E+01}}
}
{@BLOCK|ri221|00
{@A-RES|0|+1.026019E+02{@LIM3|+1.000000E+02|+1.150000E+02|+9.000000E+01}}
}
{@BLOCK|ri228|00
{@A-RES|0|+1.023380E+02{@LIM3|+1.000000E+02|+1.150000E+02|+9.000000E+01}}
}
{@BLOCK|ri231|00
{@A-RES|0|+1.027485E+02{@LIM3|+1.000000E+02|+1.150000E+02|+9.000000E+01}}
}
{@BLOCK|ri236|00
{@A-RES|0|+1.038097E+02{@LIM3|+1.000000E+02|+1.150000E+02|+9.000000E+01}}
}
{@BLOCK|ru82|00
{@A-RES|0|+1.046991E+02{@LIM3|+1.000000E+02|+1.150000E+02|+9.000000E+01}}
}
{@BLOCK|ru83|00
{@A-RES|0|+1.039850E+02{@LIM3|+1.000000E+02|+1.200000E+02|+8.000000E+01}}
}
{@BLOCK|rt8|00
{@A-RES|0|+2.462536E+01{@LIM3|+2.200000E+01|+2.920001E+01|+1.980000E+01}}
}
{@BLOCK|rt11|00
{@A-RES|0|+2.528206E+01{@LIM3|+2.200000E+01|+2.920001E+01|+1.980000E+01}}
}
{@BLOCK|rc5|00
{@A-RES|0|+2.019250E+03{@LIM3|+2.000000E+03|+2.200000E+03|+1.800000E+03}}
}
{@BLOCK|rc6|00
{@A-RES|0|+2.004060E+03{@LIM3|+2.000000E+03|+2.120000E+03|+1.880000E+03}}
}
{@BLOCK|rc141|00
{@A-RES|0|+2.058784E+04{@LIM3|+2.000000E+04|+2.200000E+04|+1.800000E+04}}
}
{@BLOCK|rc291|00
{@A-RES|0|+2.061334E+04{@LIM3|+2.000000E+04|+2.200000E+04|+1.800000E+04}}
}
{@BLOCK|rc968|00
{@A-RES|0|+1.992891E+04{@LIM3|+2.000000E+04|+2.200000E+04|+1.800000E+04}}
}
{@BLOCK|rc160|00
{@A-RES|0|+1.018774E+01{@LIM3|+1.000000E+01|+1.100000E+01|+9.000000E+00}}
}
{@BLOCK|rc164|00
{@A-RES|0|+1.076061E+01{@LIM3|+1.000000E+01|+1.200000E+01|+8.000000E+00}}
}
{@BLOCK|rc238|00
{@A-RES|0|+8.166981E+03{@LIM3|+8.200000E+03|+9.020000E+03|+7.380000E+03}}
}
{@BLOCK|rc265|00
{@A-RES|0|+3.896050E+05{@LIM3|+4.700000E+05|+6.345000E+05|+2.585000E+05}}
}
{@BLOCK|re3|00
{@A-RES|0|+5.117004E+04{@LIM3|+5.100000E+04|+5.406000E+04|+4.794000E+04}}
}
{@BLOCK|re4|00
{@A-RES|0|+3.290186E+04{@LIM3|+3.300000E+04|+3.498000E+04|+3.102000E+04}}
}
{@BLOCK|ri414|00
{@A-RES|0|+8.093287E+02{@LIM3|+8.060000E+02|+8.543600E+02|+7.576400E+02}}
}
{@BLOCK|ri415|00
{@A-RES|0|+3.691963E+02{@LIM3|+3.650000E+02|+3.869000E+02|+3.431000E+02}}
}
{@BLOCK|rr22|00
{@A-RES|0|+7.787269E+01{@LIM3|+7.500000E+01|+9.000000E+01|+6.000000E+01}}
}
{@BLOCK|ru1115|00
{@A-RES|0|+1.026872E+05{@LIM3|+1.047620E+05|+1.204763E+05|+8.904770E+04}}
}
{@BLOCK|ru1110|00
{@A-RES|0|+1.027869E+05{@LIM3|+1.047620E+05|+1.204763E+05|+8.904770E+04}}
}
{@BLOCK|rv3|00
{@A-RES|0|+2.700250E+03{@LIM3|+2.700000E+03|+2.862000E+03|+2.538000E+03}}
}
{@BLOCK|pq301|00
{@A-NFE|0|+1.017158E+02{@LIM2|+2.000000E+02|+2.000000E+01}}
}
{@BLOCK|pq1000%qf1|00
{@A-NFE|0|+1.192727E+02{@LIM2|+2.000000E+02|+2.000000E+01}}
}
{@BLOCK|pq1000%qf2|00
{@A-NFE|0|+9.555663E+01{@LIM2|+2.000000E+02|+2.000000E+01}}
}
{@BLOCK|pq5307%qf|00
{@A-NFE|0|+5.836980E+01{@LIM2|+2.000000E+02|+2.000000E+01}}
}
{@BLOCK|pq6201%qf|00
{@A-NFE|0|+9.073598E+01{@LIM2|+2.000000E+02|+2.000000E+01}}
}
{@BLOCK|pq6206%qf|00
{@A-NFE|0|+1.184875E+02{@LIM2|+2.000000E+02|+2.000000E+01}}
}
{@BLOCK|qa402|00
{@A-NFE|0|+1.087733E+02{@LIM2|+2.000000E+02|+2.000000E+01}}
}
{@BLOCK|qc1|00
{@A-NFE|0|+3.212649E+01{@LIM2|+2.000000E+02|+2.000000E+01}}
}
{@BLOCK|qc150|00
{@A-NFE|0|+4.110625E+01{@LIM2|+2.000000E+02|+2.000000E+01}}
}
{@BLOCK|qc250%qf1|00
{@A-NFE|0|+7.343943E+01{@LIM2|+2.000000E+02|+2.000000E+01}}
}
{@BLOCK|qc250%qf2|00
{@A-NFE|0|+1.509195E+02{@LIM2|+2.000000E+02|+2.000000E+01}}
}
{@BLOCK|qc256|00
{@A-NFE|0|+5.279206E+01{@LIM2|+2.000000E+02|+2.000000E+01}}
}
{@BLOCK|qc350%qf1|00
{@A-NFE|0|+5.972458E+01{@LIM2|+2.000000E+02|+2.000000E+01}}
}
{@BLOCK|qc350%qf2|00
{@A-NFE|0|+1.513364E+02{@LIM2|+2.000000E+02|+2.000000E+01}}
}
{@BLOCK|qc552|00
{@A-NFE|0|+5.774041E+01{@LIM2|+2.000000E+02|+2.000000E+01}}
}
{@BLOCK|qc553|00
{@A-NFE|0|+3.477491E+01{@LIM2|+2.000000E+02|+2.000000E+01}}
}
{@BLOCK|qi100|00
{@A-NFE|0|+6.063629E+01{@LIM2|+2.000000E+02|+2.000000E+01}}
}
{@BLOCK|ql3|00
{@A-NFE|0|+1.199830E+02{@LIM2|+2.000000E+02|+2.000000E+01}}
}
{@BLOCK|qn1%qf1|00
{@A-NFE|0|+7.151832E+01{@LIM2|+2.000000E+02|+2.000000E+01}}
}
{@BLOCK|qn1%qf2|00
{@A-NFE|0|+7.478392E+01{@LIM2|+2.000000E+02|+2.000000E+01}}
}
{@BLOCK|qr10|00
{@A-NFE|0|+1.272496E+02{@LIM2|+2.000000E+02|+2.000000E+01}}
}
{@BLOCK|qr16|00
{@A-NFE|0|+1.425600E+02{@LIM2|+2.000000E+02|+2.000000E+01}}
}
{@BLOCK|qt4|00
{@A-NFE|0|+1.110271E+02{@LIM2|+2.000000E+02|+2.000000E+01}}
}
{@BLOCK|qu600|00
{@A-NFE|0|+5.726674E+01{@LIM2|+2.000000E+02|+2.000000E+01}}
}
{@BLOCK|qu601|00
{@A-NFE|0|+9.458059E+01{@LIM2|+2.000000E+02|+2.000000E+01}}
}
{@BLOCK|qv901%qf1|00
{@A-NFE|0|+8.503850E+01{@LIM2|+2.000000E+02|+2.000000E+01}}
}
{@BLOCK|qv901%qf2|00
{@A-NFE|0|+1.559250E+02{@LIM2|+2.000000E+02|+2.000000E+01}}
}
{@BLOCK|qv902|00
{@A-NFE|0|+5.440892E+01{@LIM2|+2.000000E+02|+2.000000E+01}}
}
{@BLOCK|pq5301%f2|00
{@A-NFE|0|+4.305311E+01{@LIM2|+2.000000E+02|+2.000000E+01}}
}
{@BLOCK|pq5302%qf|00
{@A-PFE|0|+1.198938E+02{@LIM2|+2.000000E+02|+2.000000E+01}}
}
{@BLOCK|qv600|00
{@A-PFE|0|+8.962046E+01{@LIM2|+2.000000E+02|+2.000000E+01}}
}
{@BLOCK|da405|00
{@A-DIO|0|+7.283263E-01{@LIM2|+8.000000E-01|+4.000000E-01}}
}
{@BLOCK|da406|00
{@A-DIO|0|+7.025509E-01{@LIM2|+8.000000E-01|+4.000000E-01}}
}
{@BLOCK|dc3|00
{@A-DIO|0|+6.802982E-01{@LIM2|+8.000000E-01|+4.000000E-01}}
}
{@BLOCK|dc4|00
{@A-DIO|0|+6.803411E-01{@LIM2|+8.000000E-01|+4.000000E-01}}
}
{@BLOCK|di500|00
{@A-DIO|0|+6.781719E-01{@LIM2|+8.000000E-01|+2.000000E-01}}
}
{@BLOCK|dk1|00
{@A-DIO|0|+5.381899E-01{@LIM2|+8.000000E-01|+4.000000E-01}}
}
{@BLOCK|dk100|00
{@A-DIO|0|+5.245719E-01{@LIM2|+8.000000E-01|+4.000000E-01}}
}
{@BLOCK|du601|00
{@A-DIO|0|+7.684070E-01{@LIM2|+8.000000E-01|+4.000000E-01}}
}
{@BLOCK|du602|00
{@A-DIO|0|+6.002881E-01{@LIM2|+8.000000E-01|+2.000000E-01}}
}
{@BLOCK|du1103|00
{@A-DIO|0|+7.727029E-01{@LIM2|+8.000000E-01|+4.000000E-01}}
}
{@BLOCK|dv4%cr2|00
{@A-DIO|0|+5.788291E-01{@LIM2|+8.000000E-01|+4.000000E-01}}
}
{@BLOCK|dv600%cr2|00
{@A-DIO|0|+6.325278E-01{@LIM2|+8.000000E-01|+4.000000E-01}}
}
{@BLOCK|dv601%cr1|00
{@A-DIO|0|+7.690943E-01{@LIM2|+8.000000E-01|+4.000000E-01}}
}
{@BLOCK|dv601%cr2|00
{@A-DIO|0|+7.340828E-01{@LIM2|+8.000000E-01|+4.000000E-01}}
}
{@BLOCK|dv601%cr5|00
{@A-DIO|0|+5.360849E-01{@LIM2|+8.000000E-01|+4.000000E-01}}
}
{@BLOCK|dv602%cr4|00
{@A-DIO|0|+6.370385E-01{@LIM2|+8.000000E-01|+4.000000E-01}}
}
{@BLOCK|dv602%cr5|00
{@A-DIO|0|+6.374251E-01{@LIM2|+8.000000E-01|+4.000000E-01}}
}
{@BLOCK|pd5%cr1|00
{@A-DIO|0|+5.655977E-01{@LIM2|+8.000000E-01|+4.000000E-01}}
}
{@BLOCK|pd5%cr2|00
{@A-DIO|0|+5.529678E-01{@LIM2|+8.000000E-01|+4.000000E-01}}
}
{@BLOCK|led1%cr_org|00
{@A-DIO|0|+1.963649E+00{@LIM2|+2.600000E+00|+1.600000E+00}}
}
{@BLOCK|led1%cr_whi|00
{@A-DIO|0|+3.019010E+00{@LIM2|+3.500000E+00|+2.350000E+00}}
}
{@BLOCK|pq5301%d1|00
{@A-DIO|0|+6.672386E-01{@LIM2|+8.000000E-01|+4.000000E-01}}
}
{@BLOCK|pq5301%d2|00
{@A-DIO|0|+5.459813E-01{@LIM2|+8.000000E-01|+4.000000E-01}}
}
{@BLOCK|pq300|00
{@A-DIO|0|+6.644033E-01|B-E{@LIM2|+8.000000E-01|+4.000000E-01}}
{@A-DIO|0|+6.929281E-01|B-C{@LIM2|+8.000000E-01|+4.000000E-01}}
}
{@BLOCK|pq303|00
{@A-DIO|0|+6.762171E-01|B-E{@LIM2|+8.050000E-01|+6.030000E-01}}
}
{@BLOCK|da400|00
{@A-DIO|0|+5.835341E-01{@LIM2|+8.000000E-01|+4.000000E-01}}
}
{@BLOCK|da401|00
{@A-DIO|0|+5.333598E-01{@LIM2|+8.000000E-01|+4.000000E-01}}
}
{@BLOCK|da403|00
{@A-DIO|0|+5.764160E-01{@LIM2|+8.000000E-01|+4.000000E-01}}
}
{@BLOCK|di502|00
{@A-DIO|0|+7.777018E-01{@LIM2|+9.500000E-01|+4.000000E-01}}
}
{@BLOCK|du901|00
{@A-DIO|0|+5.794102E-01{@LIM2|+8.000000E-01|+4.000000E-01}}
}
{@BLOCK|du902|00
{@A-DIO|0|+6.464238E-01{@LIM2|+8.000000E-01|+4.000000E-01}}
}
{@BLOCK|du903|00
{@A-DIO|0|+5.800975E-01{@LIM2|+8.000000E-01|+4.000000E-01}}
}
{@BLOCK|du904%ds2|00
{@A-DIO|0|+5.766609E-01{@LIM2|+8.000000E-01|+4.000000E-01}}
}
{@BLOCK|du905|00
{@A-DIO|0|+6.460802E-01{@LIM2|+8.000000E-01|+4.000000E-01}}
}
{@BLOCK|du906|00
{@A-DIO|0|+5.804412E-01{@LIM2|+8.000000E-01|+4.000000E-01}}
}
{@BLOCK|du908|00
{@A-DIO|0|+6.990038E-01{@LIM2|+8.000000E-01|+4.000000E-01}}
}
{@BLOCK|du910|00
{@A-DIO|0|+5.986551E-01{@LIM2|+8.000000E-01|+4.000000E-01}}
}
{@BLOCK|du912|00
{@A-DIO|0|+6.457365E-01{@LIM2|+8.000000E-01|+4.000000E-01}}
}
{@BLOCK|pr1044|00
{@A-RES|0|+4.822116E+04{@LIM3|+4.990000E+04|+5.788400E+04|+4.191600E+04}}
}
{@BLOCK|prt302|00
{@A-RES|0|+6.393123E+02{@LIM3|+5.400000E+02|+7.290000E+02|+3.510000E+02}}
}
{@BLOCK|re100%r1_4|00
{@A-RES|0|+2.203842E+03{@LIM3|+2.200000E+03|+2.420000E+03|+1.980000E+03}}
}
{@BLOCK|rb1|00
{@A-RES|0|+2.577648E+01{@LIM3|+2.200000E+01|+2.920001E+01|+1.980000E+01}}
}
{@BLOCK|rb3|00
{@A-RES|0|+2.553504E+01{@LIM3|+2.200000E+01|+2.920001E+01|+1.980000E+01}}
}
{@BLOCK|dv3%cr1|00
{@A-DIO|0|+5.519658E-01{@LIM2|+8.000000E-01|+4.000000E-01}}
}
{@BLOCK|dv3%cr2|00
{@A-DIO|0|+5.138650E-01{@LIM2|+8.000000E-01|+4.000000E-01}}
}
{@BLOCK|du919%ds2|00
{@A-DIO|0|+5.242152E-01{@LIM2|+8.000000E-01|+4.000000E-01}}
}
{@BLOCK|du913|00
{@A-DIO|0|+5.876580E-01{@LIM2|+8.000000E-01|+4.000000E-01}}
}
{@BLOCK|du916%ds|00
{@A-DIO|0|+4.734937E-01{@LIM2|+8.000000E-01|+4.000000E-01}}
}
{@BLOCK|du919%ds1|00
{@A-DIO|0|+5.797539E-01{@LIM2|+8.000000E-01|+4.000000E-01}}
}
{@BLOCK|du1101|00
{@A-DIO|0|+3.934903E-01{@LIM2|+8.000000E-01|+3.000000E-01}}
}
{@BLOCK|du1102%dsa|00
{@A-DIO|0|+6.488295E-01{@LIM2|+9.000000E-01|+5.000000E-01}}
}
{@BLOCK|du1102%dsb|00
{@A-DIO|0|+6.481421E-01{@LIM2|+9.000000E-01|+4.000000E-01}}
}
{@BLOCK|pd300|00
{@A-DIO|0|+6.103396E-01{@LIM2|+8.000000E-01|+4.000000E-01}}
}
{@BLOCK|pd301|00
{@A-DIO|0|+6.137762E-01{@LIM2|+8.000000E-01|+4.000000E-01}}
}
{@BLOCK|pd302|00
{@A-DIO|0|+5.755683E-01{@LIM2|+8.000000E-01|+4.000000E-01}}
}
{@BLOCK|pd6200|00
{@A-DIO|0|+5.963362E-01{@LIM2|+8.000000E-01|+4.000000E-01}}
}
}}