{@BATCH|e14_gen7_lnl_intel||4073|1||btest|131230055007~16|ICT0263\engineer|ICT0263|C:/Agilent_ICT/boards/e14_gen7_lnl_intel|RevA|sb21v27520_u7||sb21v27520_u7
{@BTEST|6683000777|00|131230081620|000014|0|all||n||131230081634||1
{@BLOCK|ca2|00
{@A-CAP|0|+7.111720E-06{@LIM3|+6.800000E-06|+8.840000E-06|+4.760000E-06}}
}
{@BLOCK|cc14|00
{@A-CAP|0|+1.097273E-07{@LIM3|+1.000000E-07|+1.300000E-07|+7.000000E-08}}
}
{@BLOCK|ci209|00
{@A-CAP|0|+4.781828E-05{@LIM3|+4.900000E-05|+6.615000E-05|+3.185000E-05}}
}
{@BLOCK|cc66|00
{@A-CAP|0|+2.276735E-06{@LIM3|+2.100000E-06|+2.520000E-06|+1.680000E-06}}
}
{@BLOCK|pc522|00
{@A-CAP|0|+6.752269E-06{@LIM3|+6.101000E-06|+7.931300E-06|+4.270700E-06}}
}
{@BLOCK|ce1125|00
{@A-CAP|0|+9.130013E-08{@LIM3|+1.000000E-07|+1.300000E-07|+7.000000E-08}}
}
{@BLOCK|ci105|00
{@A-CAP|0|+9.667559E-06{@LIM3|+1.020000E-05|+1.326000E-05|+7.140000E-06}}
}
{@BLOCK|ci208|00
{@A-CAP|0|+4.442422E-05{@LIM3|+4.391000E-05|+5.708300E-05|+3.073094E-05}}
}
{@BLOCK|pc535|00
{@A-CAP|0|+4.232826E-04{@LIM3|+4.254000E-04|+5.530200E-04|+2.971912E-04}}
}
{@BLOCK|cn5|00
{@A-CAP|0|+2.483503E-05{@LIM3|+2.420000E-05|+3.146000E-05|+1.694000E-05}}
}
{@BLOCK|pc400|00
{@A-CAP|0|+1.157958E-04{@LIM3|+1.051000E-04|+1.366300E-04|+7.357000E-05}}
}
{@BLOCK|cu648|00
{@A-CAP|0|+2.130281E-06{@LIM3|+2.300000E-06|+2.990000E-06|+1.610000E-06}}
}
{@BLOCK|cu661|00
{@A-CAP|0|+2.049991E-06{@LIM3|+2.300000E-06|+2.990000E-06|+1.610000E-06}}
}
{@BLOCK|cu11|00
{@A-CAP|0|+1.001739E-05{@LIM3|+1.080000E-05|+1.404000E-05|+7.560000E-06}}
}
{@BLOCK|cu3|00
{@A-CAP|0|+1.003899E-05{@LIM3|+1.080000E-05|+1.404000E-05|+7.560000E-06}}
}
{@BLOCK|cu1004|00
{@A-CAP|0|+1.310345E-04{@LIM3|+1.502000E-04|+1.952600E-04|+1.049984E-04}}
}
{@BLOCK|cv12|00
{@A-CAP|0|+6.071804E-06{@LIM3|+5.800000E-06|+7.540000E-06|+4.060000E-06}}
}
{@BLOCK|cv175|00
{@A-CAP|0|+1.040968E-06{@LIM3|+1.100000E-06|+1.430000E-06|+7.700000E-07}}
}
{@BLOCK|cv156|00
{@A-CAP|0|+1.018670E-06{@LIM3|+1.100000E-06|+1.430000E-06|+7.700000E-07}}
}
{@BLOCK|cv500|00
{@A-CAP|0|+2.251587E-07{@LIM3|+2.000000E-07|+2.600000E-07|+1.400000E-07}}
}
{@BLOCK|cv541|00
{@A-CAP|0|+1.565707E-05{@LIM3|+1.513000E-05|+1.966900E-05|+1.059100E-05}}
}
{@BLOCK|pc300|00
{@A-CAP|0|+1.440920E-04{@LIM3|+1.376000E-04|+1.788800E-04|+9.632000E-05}}
}
{@BLOCK|pc334|00
{@A-CAP|0|+6.286056E-06{@LIM3|+5.611000E-06|+6.733200E-06|+4.488800E-06}}
}
{@BLOCK|pc409|00
{@A-CAP|0|+1.144581E-07{@LIM3|+1.000000E-07|+1.200000E-07|+8.000000E-08}}
}
{@BLOCK|pc500|00
{@A-CAP|0|+9.309889E-08{@LIM3|+1.000000E-07|+1.200000E-07|+8.000000E-08}}
}
{@BLOCK|pc506|00
{@A-CAP|0|+9.379867E-08{@LIM3|+1.000000E-07|+1.200000E-07|+8.000000E-08}}
}
{@BLOCK|pc1048|00
{@A-CAP|0|+1.212727E-03{@LIM3|+1.144000E-03|+1.487200E-03|+7.992167E-04}}
}
{@BLOCK|pc1126|00
{@A-CAP|0|+1.065278E-07{@LIM3|+1.000000E-07|+1.200000E-07|+8.000000E-08}}
}
{@BLOCK|pc1229|00
{@A-CAP|0|+1.168828E-07{@LIM3|+1.000000E-07|+1.200000E-07|+8.000000E-08}}
}
{@BLOCK|pc1234|00
{@A-CAP|0|+1.111080E-07{@LIM3|+1.000000E-07|+1.200000E-07|+8.000000E-08}}
}
{@BLOCK|ca29|00
{@A-CAP|0|+2.851084E-06{@LIM3|+2.200000E-06|+2.860000E-06|+1.540000E-06}}
}
{@BLOCK|ca413|00
{@A-CAP|0|+2.707675E-06{@LIM3|+2.200000E-06|+2.860000E-06|+1.540000E-06}}
}
{@BLOCK|ca414|00
{@A-CAP|0|+2.741477E-06{@LIM3|+2.200000E-06|+2.860000E-06|+1.540000E-06}}
}
{@BLOCK|cc29|00
{@A-CAP|0|+3.815332E-05{@LIM3|+3.440000E-05|+4.644000E-05|+2.236000E-05}}
}
{@BLOCK|cc31|00
{@A-CAP|0|+4.036620E-05{@LIM3|+3.440000E-05|+4.644000E-05|+2.236000E-05}}
}
{@BLOCK|cc35|00
{@A-CAP|0|+1.884789E-05{@LIM3|+2.440000E-05|+3.294000E-05|+1.586000E-05}}
}
{@BLOCK|pc355|00
{@A-CAP|0|+2.822601E-06{@LIM3|+2.200000E-06|+3.740000E-06|+1.100000E-06}}
}
{@BLOCK|pc1422|00
{@A-CAP|0|+1.092017E-04{@LIM3|+1.166000E-04|+1.982200E-04|+5.830000E-05}}
}
{@BLOCK|pc1107|00
{@A-CAP|0|+4.257976E-05{@LIM3|+4.220000E-05|+5.486000E-05|+2.954000E-05}}
}
{@BLOCK|pc1660|00
{@A-CAP|0|+1.933712E-04{@LIM3|+1.736000E-04|+2.951200E-04|+5.208000E-05}}
}
{@BLOCK|pc1204|00
{@A-CAP|0|+1.303060E-04{@LIM3|+1.076000E-04|+1.398800E-04|+7.532000E-05}}
}
{@BLOCK|ru698|00
{@A-CAP|0|+2.396991E-06{@LIM3|+2.200000E-06|+2.860000E-06|+1.540000E-06}}
}
{@BLOCK|cc51|00
{@A-CAP|0|+7.892728E-05{@LIM3|+6.000000E-05|+8.100000E-05|+4.199172E-05}}
}
{@BLOCK|cc55|00
{@A-CAP|0|+7.773693E-05{@LIM3|+6.500000E-05|+8.775000E-05|+4.549103E-05}}
}
{@BLOCK|ce24|00
{@A-CAP|0|+1.134178E-06{@LIM3|+1.000000E-06|+1.300000E-06|+7.000000E-07}}
}
{@BLOCK|ce40|00
{@A-CAP|0|+1.135172E-09{@LIM3|+1.000000E-09|+1.177000E-09|+8.000000E-10}}
}
{@BLOCK|pc354|00
{@A-CAP|0|+1.027338E-06{@LIM3|+1.000000E-06|+1.300000E-06|+7.000000E-07}}
}
{@BLOCK|pc1831|00
{@A-CAP|0|+4.887959E-04{@LIM3|+5.140000E-04|+6.682000E-04|+3.587335E-04}}
}
{@BLOCK|pc1825|00
{@A-CAP|0|+7.289953E-04{@LIM3|+6.790000E-04|+8.827000E-04|+4.743603E-04}}
}
{@BLOCK|pc1828|00
{@A-CAP|0|+5.691790E-04{@LIM3|+5.360000E-04|+6.968000E-04|+3.744582E-04}}
}
{@BLOCK|pc523|00
{@A-CAP|0|+4.953009E-06{@LIM3|+4.700000E-06|+6.110000E-06|+3.290000E-06}}
}
{@BLOCK|pc1053|00
{@A-CAP|0|+4.976078E-06{@LIM3|+4.700000E-06|+6.110000E-06|+3.290000E-06}}
}
{@BLOCK|cr37|00
{@A-CAP|0|+1.175805E-05{@LIM3|+1.100000E-05|+1.430000E-05|+7.700000E-06}}
}
{@BLOCK|cu5|00
{@A-CAP|0|+1.223963E-05{@LIM3|+1.200000E-05|+1.560000E-05|+8.400000E-06}}
}
{@BLOCK|pc323|00
{@A-CAP|0|+6.540642E-05{@LIM3|+6.491400E-05|+8.438820E-05|+4.543980E-05}}
}
{@BLOCK|pc402|00
{@A-CAP|0|+1.280342E-04{@LIM3|+1.400000E-04|+1.820000E-04|+9.800000E-05}}
}
{@BLOCK|pc1008|00
{@A-CAP|0|+8.203097E-05{@LIM3|+8.000000E-05|+1.040000E-04|+5.600000E-05}}
}
{@BLOCK|ca417|00
{@A-CAP|0|+8.216217E-10{@LIM3|+7.800000E-10|+9.279707E-10|+6.240000E-10}}
}
{@BLOCK|ca412|00
{@A-CAP|0|+7.736459E-10{@LIM3|+7.800000E-10|+9.279707E-10|+6.240000E-10}}
}
{@BLOCK|ce1126|00
{@A-CAP|0|+9.594968E-09{@LIM3|+1.000000E-08|+1.200000E-08|+8.000000E-09}}
}
{@BLOCK|cc17|00
{@A-CAP|0|+1.131854E-06{@LIM3|+1.000000E-06|+1.200000E-06|+8.000000E-07}}
}
{@BLOCK|cc98|00
{@A-CAP|0|+1.100350E-06{@LIM3|+1.000000E-06|+1.200000E-06|+8.000000E-07}}
}
{@BLOCK|pc1232|00
{@A-CAP|0|+2.529409E-07{@LIM3|+2.200000E-07|+2.640000E-07|+1.760000E-07}}
}
{@BLOCK|cu1|00
{@A-CAP|0|+3.988143E-10{@LIM3|+4.500000E-10|+5.543181E-10|+3.600000E-10}}
}
{@BLOCK|cu2|00
{@A-CAP|0|+3.927823E-10{@LIM3|+4.500000E-10|+5.543181E-10|+3.600000E-10}}
}
{@BLOCK|cu8|00
{@A-CAP|0|+3.994174E-10{@LIM3|+4.500000E-10|+5.543181E-10|+3.600000E-10}}
}
{@BLOCK|pc1005|00
{@A-CAP|0|+4.860762E-07{@LIM3|+4.700000E-07|+5.640000E-07|+3.760000E-07}}
}
{@BLOCK|pc1006|00
{@A-CAP|0|+4.417538E-07{@LIM3|+4.700000E-07|+5.640000E-07|+3.760000E-07}}
}
{@BLOCK|pc122|00
{@A-CAP|0|+2.374467E-06{@LIM3|+2.200000E-06|+2.640000E-06|+1.760000E-06}}
}
{@BLOCK|pc331|00
{@A-CAP|0|+4.437482E-08{@LIM3|+4.700000E-08|+5.640000E-08|+3.760000E-08}}
}
{@BLOCK|pc332|00
{@A-CAP|0|+4.516375E-08{@LIM3|+4.700000E-08|+5.640000E-08|+3.760000E-08}}
}
{@BLOCK|pc524|00
{@A-CAP|0|+3.612955E-10{@LIM3|+3.300000E-10|+4.455000E-10|+2.145000E-10}}
}
{@BLOCK|pr1129|00
{@A-RES|0|+9.814555E+03{@LIM3|+1.000000E+04|+1.100000E+04|+9.000000E+03}}
}
{@BLOCK|pr1234|00
{@A-RES|0|+9.968620E+03{@LIM3|+1.000000E+04|+1.100000E+04|+9.000000E+03}}
}
{@BLOCK|pr1271|00
{@A-RES|0|+9.961101E+03{@LIM3|+1.000000E+04|+1.100000E+04|+9.000000E+03}}
}
{@BLOCK|ra20|00
{@A-RES|0|+9.923452E+03{@LIM3|+1.000000E+04|+1.100000E+04|+9.000000E+03}}
}
{@BLOCK|rc56|00
{@A-RES|0|+9.740111E+03{@LIM3|+1.000000E+04|+1.100000E+04|+9.000000E+03}}
}
{@BLOCK|rc57|00
{@A-RES|0|+9.749196E+03{@LIM3|+1.000000E+04|+1.100000E+04|+9.000000E+03}}
}
{@BLOCK|rc179|00
{@A-RES|0|+1.002132E+04{@LIM3|+1.000000E+04|+1.100000E+04|+9.000000E+03}}
}
{@BLOCK|rc207|00
{@A-RES|0|+1.004271E+04{@LIM3|+1.000000E+04|+1.100000E+04|+9.000000E+03}}
}
{@BLOCK|rc234|00
{@A-RES|0|+9.862173E+03{@LIM3|+1.000000E+04|+1.100000E+04|+9.000000E+03}}
}
{@BLOCK|rc244|00
{@A-RES|0|+9.905317E+03{@LIM3|+1.000000E+04|+1.100000E+04|+9.000000E+03}}
}
{@BLOCK|rc411|00
{@A-RES|0|+9.694527E+02{@LIM3|+1.000000E+03|+1.100000E+03|+9.000000E+02}}
}
{@BLOCK|rc401|00
{@A-RES|0|+1.011561E+04{@LIM3|+1.000000E+04|+1.100000E+04|+9.000000E+03}}
}
{@BLOCK|re98|00
{@A-RES|0|+9.945154E+03{@LIM3|+1.000000E+04|+1.100000E+04|+9.000000E+03}}
}
{@BLOCK|re159|00
{@A-RES|0|+9.864073E+03{@LIM3|+1.000000E+04|+1.250000E+04|+7.500000E+03}}
}
{@BLOCK|re1125|00
{@A-RES|0|+9.994971E+03{@LIM3|+1.000000E+04|+1.100000E+04|+9.000000E+03}}
}
{@BLOCK|ri111|00
{@A-RES|0|+9.899506E+03{@LIM3|+1.000000E+04|+1.100000E+04|+9.000000E+03}}
}
{@BLOCK|ri309|00
{@A-RES|0|+1.004593E+04{@LIM3|+1.000000E+04|+1.100000E+04|+9.000000E+03}}
}
{@BLOCK|ri812|00
{@A-RES|0|+9.842541E+03{@LIM3|+1.000000E+04|+1.100000E+04|+9.000000E+03}}
}
{@BLOCK|ri815|00
{@A-RES|0|+9.934006E+03{@LIM3|+1.000000E+04|+1.100000E+04|+9.000000E+03}}
}
{@BLOCK|rk3|00
{@A-RES|0|+1.002185E+04{@LIM3|+1.000000E+04|+1.100000E+04|+9.000000E+03}}
}
{@BLOCK|rn2|00
{@A-RES|0|+1.007175E+04{@LIM3|+1.000000E+04|+1.100000E+04|+9.000000E+03}}
}
{@BLOCK|rn10|00
{@A-RES|0|+1.013687E+04{@LIM3|+1.000000E+04|+1.100000E+04|+9.000000E+03}}
}
{@BLOCK|rn36|00
{@A-RES|0|+9.924049E+03{@LIM3|+1.000000E+04|+1.100000E+04|+9.000000E+03}}
}
{@BLOCK|rt10|00
{@A-RES|0|+9.658988E+03{@LIM3|+1.000000E+04|+1.350000E+04|+6.500000E+03}}
}
{@BLOCK|ru25|00
{@A-RES|0|+9.953979E+03{@LIM3|+1.000000E+04|+1.100000E+04|+9.000000E+03}}
}
{@BLOCK|ru606|00
{@A-RES|0|+9.907878E+03{@LIM3|+1.000000E+04|+1.100000E+04|+9.000000E+03}}
}
{@BLOCK|ru633|00
{@A-RES|0|+1.002132E+04{@LIM3|+1.000000E+04|+1.100000E+04|+9.000000E+03}}
}
{@BLOCK|ru733|00
{@A-RES|0|+9.999640E+03{@LIM3|+1.000000E+04|+1.100000E+04|+9.000000E+03}}
}
{@BLOCK|ru902|00
{@A-RES|0|+1.001438E+04{@LIM3|+1.000000E+04|+1.100000E+04|+9.000000E+03}}
}
{@BLOCK|ru903|00
{@A-RES|0|+9.939996E+03{@LIM3|+1.000000E+04|+1.100000E+04|+9.000000E+03}}
}
{@BLOCK|ru1095|00
{@A-RES|0|+9.969275E+03{@LIM3|+1.000000E+04|+1.100000E+04|+9.000000E+03}}
}
{@BLOCK|rv19|00
{@A-RES|0|+1.017977E+04{@LIM3|+1.000000E+04|+1.100000E+04|+9.000000E+03}}
}
{@BLOCK|rv22|00
{@A-RES|0|+9.916391E+03{@LIM3|+1.000000E+04|+1.100000E+04|+9.000000E+03}}
}
{@BLOCK|rv36|00
{@A-RES|0|+9.902300E+03{@LIM3|+1.000000E+04|+1.100000E+04|+9.000000E+03}}
}
{@BLOCK|pr334|00
{@A-RES|0|+1.001714E+05{@LIM3|+1.000000E+05|+1.110000E+05|+8.900000E+04}}
}
{@BLOCK|pr336|00
{@A-RES|0|+9.903562E+05{@LIM3|+1.000000E+06|+1.210000E+06|+7.900000E+05}}
}
{@BLOCK|pr515|00
{@A-RES|0|+1.002498E+06{@LIM3|+1.000000E+06|+1.210000E+06|+7.900000E+05}}
}
{@BLOCK|pr516|00
{@A-RES|0|+1.000510E+06{@LIM3|+1.000000E+06|+1.210000E+06|+7.900000E+05}}
}
{@BLOCK|pr322|00
{@A-RES|0|+9.958572E+04{@LIM3|+1.000000E+05|+1.110000E+05|+8.900000E+04}}
}
{@BLOCK|pr400|00
{@A-RES|0|+9.972553E+04{@LIM3|+1.000000E+05|+1.110000E+05|+8.900000E+04}}
}
{@BLOCK|pr513|00
{@A-RES|0|+9.957278E+04{@LIM3|+1.000000E+05|+1.110000E+05|+8.900000E+04}}
}
{@BLOCK|pr514|00
{@A-RES|0|+9.988696E+04{@LIM3|+1.000000E+05|+1.110000E+05|+8.900000E+04}}
}
{@BLOCK|pt127|00
{@A-RES|0|+1.045081E+05{@LIM3|+1.000000E+05|+1.350000E+05|+6.500000E+04}}
}
{@BLOCK|pr131|00
{@A-RES|0|+1.653572E+04{@LIM3|+1.650000E+04|+1.749000E+04|+1.551000E+04}}
}
{@BLOCK|ra407|00
{@A-RES|0|+1.023608E+01{@LIM3|+1.000000E+01|+1.350000E+01|+6.500000E+00}}
}
{@BLOCK|pr315|00
{@A-RES|0|+9.754604E+00{@LIM3|+1.000000E+01|+1.350000E+01|+6.500000E+00}}
}
{@BLOCK|pr317|00
{@A-RES|0|+1.711984E+05{@LIM3|+1.740000E+05|+1.931400E+05|+1.548600E+05}}
}
{@BLOCK|pr401|00
{@A-JUM|0|+3.289161E+00{@LIM2|+1.500000E+01|+0.000000E+00}}
}
{@BLOCK|pr330|00
{@A-RES|0|+1.000544E+05{@LIM3|+1.000000E+05|+1.150000E+05|+8.500000E+04}}
}
{@BLOCK|pr511|00
{@A-RES|0|+1.000032E+05{@LIM3|+1.000000E+05|+1.150000E+05|+8.500000E+04}}
}
{@BLOCK|pr1010|00
{@A-RES|0|+9.973610E+04{@LIM3|+1.000000E+05|+1.150000E+05|+8.500000E+04}}
}
{@BLOCK|pr1022|00
{@A-RES|0|+8.948109E+04{@LIM3|+1.000000E+05|+1.150000E+05|+8.500000E+04}}
}
{@BLOCK|pr1120|00
{@A-RES|0|+1.000231E+05{@LIM3|+1.000000E+05|+1.150000E+05|+8.500000E+04}}
}
{@BLOCK|pr1146|00
{@A-RES|0|+1.009631E+05{@LIM3|+1.000000E+05|+1.150000E+05|+8.500000E+04}}
}
{@BLOCK|pr1147|00
{@A-RES|0|+1.009033E+05{@LIM3|+1.000000E+05|+1.150000E+05|+8.500000E+04}}
}
{@BLOCK|pr1151|00
{@A-RES|0|+9.921007E+04{@LIM3|+1.000000E+05|+1.150000E+05|+8.500000E+04}}
}
{@BLOCK|pr1191|00
{@A-RES|0|+9.983138E+04{@LIM3|+1.000000E+05|+1.150000E+05|+8.500000E+04}}
}
{@BLOCK|pr1232|00
{@A-RES|0|+9.925685E+04{@LIM3|+1.000000E+05|+1.150000E+05|+8.500000E+04}}
}
{@BLOCK|pr1237|00
{@A-RES|0|+1.027799E+05{@LIM3|+1.000000E+05|+1.150000E+05|+8.500000E+04}}
}
{@BLOCK|pr1238|00
{@A-RES|0|+1.013349E+05{@LIM3|+1.000000E+05|+1.150000E+05|+8.500000E+04}}
}
{@BLOCK|pu120%ra|00
{@A-RES|0|+9.714573E+04{@LIM3|+1.000000E+05|+1.250000E+05|+7.500000E+04}}
}
{@BLOCK|rb25|00
{@A-RES|0|+1.006119E+05{@LIM3|+1.000000E+05|+1.150000E+05|+8.500000E+04}}
}
{@BLOCK|rc10|00
{@A-RES|0|+9.967268E+04{@LIM3|+1.000000E+05|+1.150000E+05|+8.500000E+04}}
}
{@BLOCK|rc116|00
{@A-RES|0|+1.000995E+05{@LIM3|+1.000000E+05|+1.150000E+05|+8.500000E+04}}
}
{@BLOCK|rc235|00
{@A-RES|0|+1.010011E+05{@LIM3|+1.000000E+05|+1.150000E+05|+8.500000E+04}}
}
{@BLOCK|rc236|00
{@A-RES|0|+9.990561E+04{@LIM3|+1.000000E+05|+1.150000E+05|+8.500000E+04}}
}
{@BLOCK|rc237|00
{@A-RES|0|+1.012813E+05{@LIM3|+1.000000E+05|+1.150000E+05|+8.500000E+04}}
}
{@BLOCK|rc248|00
{@A-RES|0|+8.881750E+04{@LIM3|+1.000000E+05|+1.150000E+05|+8.500000E+04}}
}
{@BLOCK|rc254|00
{@A-RES|0|+9.822574E+04{@LIM3|+1.000000E+05|+1.150000E+05|+8.500000E+04}}
}
{@BLOCK|rc304|00
{@A-RES|0|+9.921830E+04{@LIM3|+1.000000E+05|+1.150000E+05|+8.500000E+04}}
}
{@BLOCK|rc329|00
{@A-RES|0|+1.001583E+05{@LIM3|+1.000000E+05|+1.150000E+05|+8.500000E+04}}
}
{@BLOCK|rc387|00
{@A-RES|0|+1.008038E+05{@LIM3|+1.000000E+05|+1.150000E+05|+8.500000E+04}}
}
{@BLOCK|re13|00
{@A-RES|0|+9.971495E+04{@LIM3|+1.000000E+05|+1.150000E+05|+8.500000E+04}}
}
{@BLOCK|re14|00
{@A-RES|0|+9.960935E+04{@LIM3|+1.000000E+05|+1.150000E+05|+8.500000E+04}}
}
{@BLOCK|re51|00
{@A-RES|0|+1.004498E+05{@LIM3|+1.000000E+05|+1.150000E+05|+8.500000E+04}}
}
{@BLOCK|re58|00
{@A-RES|0|+1.002383E+05{@LIM3|+1.000000E+05|+1.150000E+05|+8.500000E+04}}
}
{@BLOCK|re89|00
{@A-RES|0|+1.003319E+05{@LIM3|+1.000000E+05|+1.150000E+05|+8.500000E+04}}
}
{@BLOCK|re153|00
{@A-RES|0|+9.938830E+04{@LIM3|+1.000000E+05|+1.150000E+05|+8.500000E+04}}
}
{@BLOCK|re1006|00
{@A-RES|0|+9.793934E+04{@LIM3|+1.000000E+05|+1.150000E+05|+8.500000E+04}}
}
{@BLOCK|re1036|00
{@A-RES|0|+9.999316E+04{@LIM3|+1.000000E+05|+1.150000E+05|+8.500000E+04}}
}
{@BLOCK|re1057|00
{@A-RES|0|+1.007619E+05{@LIM3|+1.000000E+05|+1.150000E+05|+8.500000E+04}}
}
{@BLOCK|re1100|00
{@A-RES|0|+1.003426E+05{@LIM3|+1.000000E+05|+1.150000E+05|+8.500000E+04}}
}
{@BLOCK|re1101|00
{@A-RES|0|+1.004208E+05{@LIM3|+1.000000E+05|+1.150000E+05|+8.500000E+04}}
}
{@BLOCK|re1102|00
{@A-RES|0|+1.011303E+05{@LIM3|+1.000000E+05|+1.150000E+05|+8.500000E+04}}
}
{@BLOCK|re1128|00
{@A-RES|0|+9.974668E+04{@LIM3|+1.000000E+05|+1.150000E+05|+8.500000E+04}}
}
{@BLOCK|re1131|00
{@A-RES|0|+1.014028E+05{@LIM3|+1.000000E+05|+1.150000E+05|+8.500000E+04}}
}
{@BLOCK|ri109|00
{@A-RES|0|+1.013373E+05{@LIM3|+1.000000E+05|+1.150000E+05|+8.500000E+04}}
}
{@BLOCK|ri238|00
{@A-RES|0|+1.006864E+05{@LIM3|+1.000000E+05|+1.150000E+05|+8.500000E+04}}
}
{@BLOCK|ri304|00
{@A-RES|0|+9.939880E+04{@LIM3|+1.000000E+05|+1.150000E+05|+8.500000E+04}}
}
{@BLOCK|rn15|00
{@A-RES|0|+9.816423E+04{@LIM3|+1.000000E+05|+1.150000E+05|+8.500000E+04}}
}
{@BLOCK|rr24|00
{@A-RES|0|+1.005464E+05{@LIM3|+1.000000E+05|+1.150000E+05|+8.500000E+04}}
}
{@BLOCK|pq901|00
{@A-NFE|0|+4.559864E+01{@LIM2|+2.000000E+02|+2.000000E+01}}
}
{@BLOCK|ru929|00
{@A-RES|0|+1.004041E+05{@LIM3|+1.000000E+05|+1.150000E+05|+8.500000E+04}}
}
{@BLOCK|rv24|00
{@A-RES|0|+1.005638E+05{@LIM3|+1.000000E+05|+1.150000E+05|+8.500000E+04}}
}
{@BLOCK|rv42|00
{@A-RES|0|+9.946754E+04{@LIM3|+1.000000E+05|+1.150000E+05|+8.500000E+04}}
}
{@BLOCK|rv155|00
{@A-RES|0|+1.005357E+05{@LIM3|+1.000000E+05|+1.150000E+05|+8.500000E+04}}
}
{@BLOCK|rv162|00
{@A-RES|0|+9.971495E+04{@LIM3|+1.000000E+05|+1.150000E+05|+8.500000E+04}}
}
{@BLOCK|rv163|00
{@A-RES|0|+1.000544E+05{@LIM3|+1.000000E+05|+1.150000E+05|+8.500000E+04}}
}
{@BLOCK|rv173|00
{@A-RES|0|+9.903248E+04{@LIM3|+1.000000E+05|+1.150000E+05|+8.500000E+04}}
}
{@BLOCK|rv190|00
{@A-RES|0|+9.914130E+04{@LIM3|+1.000000E+05|+1.150000E+05|+8.500000E+04}}
}
{@BLOCK|rv543|00
{@A-RES|0|+9.881356E+04{@LIM3|+1.000000E+05|+1.150000E+05|+8.500000E+04}}
}
{@BLOCK|pr331|00
{@A-RES|0|+1.354268E+05{@LIM3|+1.370000E+05|+1.520700E+05|+1.219300E+05}}
}
{@BLOCK|pr404|00
{@A-RES|0|+9.281376E+05{@LIM3|+1.000000E+06|+1.250000E+06|+7.500000E+05}}
}
{@BLOCK|rc330|00
{@A-RES|0|+9.883803E+05{@LIM3|+1.000000E+06|+1.250000E+06|+7.500000E+05}}
}
{@BLOCK|pr501|00
{@A-RES|0|+6.789956E+05{@LIM3|+6.800000E+05|+7.548000E+05|+6.052000E+05}}
}
{@BLOCK|rc238|00
{@A-RES|0|+9.977143E+02{@LIM3|+1.000000E+03|+1.100000E+03|+9.000000E+02}}
}
{@BLOCK|rc239|00
{@A-RES|0|+1.025462E+03{@LIM3|+1.000000E+03|+1.100000E+03|+9.000000E+02}}
}
{@BLOCK|rc243|00
{@A-RES|0|+9.944431E+02{@LIM3|+1.000000E+03|+1.100000E+03|+9.000000E+02}}
}
{@BLOCK|rc297|00
{@A-RES|0|+9.924487E+02{@LIM3|+1.000000E+03|+1.100000E+03|+9.000000E+02}}
}
{@BLOCK|pq500%qf2|00
{@A-NFE|0|+8.995328E+01{@LIM2|+2.000000E+02|+2.000000E+01}}
}
{@BLOCK|ra412|00
{@A-RES|0|+1.030425E+02{@LIM3|+1.000000E+02|+1.150000E+02|+9.000000E+01}}
}
{@BLOCK|ra413|00
{@A-RES|0|+1.025491E+02{@LIM3|+1.000000E+02|+1.150000E+02|+9.000000E+01}}
}
{@BLOCK|ri204|00
{@A-RES|0|+1.014181E+02{@LIM3|+1.000000E+02|+1.150000E+02|+9.000000E+01}}
}
{@BLOCK|pr1154|00
{@A-RES|0|+1.225899E+02{@LIM3|+1.200000E+02|+1.297000E+02|+1.128000E+02}}
}
{@BLOCK|ra21|00
{@A-RES|0|+4.700575E+03{@LIM3|+4.700000E+03|+5.170000E+03|+4.230000E+03}}
}
{@BLOCK|re39|00
{@A-RES|0|+4.728220E+03{@LIM3|+4.700000E+03|+5.170000E+03|+4.230000E+03}}
}
{@BLOCK|re40|00
{@A-RES|0|+4.702925E+03{@LIM3|+4.700000E+03|+5.170000E+03|+4.230000E+03}}
}
{@BLOCK|ri234%r1|00
{@A-RES|0|+4.708340E+03{@LIM3|+4.700000E+03|+5.170000E+03|+4.230000E+03}}
}
{@BLOCK|ri234%r2|00
{@A-RES|0|+4.702690E+03{@LIM3|+4.700000E+03|+5.170000E+03|+4.230000E+03}}
}
{@BLOCK|rpe6%r2|00
{@A-RES|0|+4.806009E+03{@LIM3|+4.700000E+03|+5.170000E+03|+4.230000E+03}}
}
{@BLOCK|rpe7%r1|00
{@A-RES|0|+4.714003E+03{@LIM3|+4.700000E+03|+5.170000E+03|+4.230000E+03}}
}
{@BLOCK|rpe7%r2|00
{@A-RES|0|+4.703161E+03{@LIM3|+4.700000E+03|+5.170000E+03|+4.230000E+03}}
}
{@BLOCK|cv531|00
{@A-CAP|0|+9.556880E-08{@LIM3|+1.000000E-07|+1.200000E-07|+8.000000E-08}}
}
{@BLOCK|cs205|00
{@A-CAP|0|+2.360844E-09{@LIM3|+2.200000E-09|+2.640000E-09|+1.760000E-09}}
}
{@BLOCK|pr1242|00
{@A-RES|0|+1.013698E+05{@LIM3|+1.000000E+05|+1.150000E+05|+8.500000E+04}}
}
{@BLOCK|rb23|00
{@A-RES|0|+1.010439E+03{@LIM3|+1.000000E+03|+1.100000E+03|+9.000000E+02}}
}
{@BLOCK|rc87|00
{@A-RES|0|+3.646344E+01{@LIM3|+3.300000E+01|+4.129999E+01|+2.970000E+01}}
}
{@BLOCK|rc88|00
{@A-RES|0|+3.568675E+01{@LIM3|+3.300000E+01|+4.129999E+01|+2.970000E+01}}
}
{@BLOCK|rc91|00
{@A-RES|0|+3.537575E+01{@LIM3|+3.300000E+01|+4.129999E+01|+2.970000E+01}}
}
{@BLOCK|rc93|00
{@A-RES|0|+3.482756E+01{@LIM3|+3.300000E+01|+4.129999E+01|+2.970000E+01}}
}
{@BLOCK|pt122|00
{@A-RES|0|+6.326776E+02{@LIM3|+5.400000E+02|+7.290000E+02|+3.510000E+02}}
}
{@BLOCK|pt123|00
{@A-RES|0|+6.307676E+02{@LIM3|+5.400000E+02|+7.290000E+02|+3.510000E+02}}
}
{@BLOCK|ra5|00
{@A-RES|0|+5.102700E+03{@LIM3|+5.110000E+03|+5.416600E+03|+4.803400E+03}}
}
{@BLOCK|ra13|00
{@A-RES|0|+3.918424E+04{@LIM3|+3.920000E+04|+4.155200E+04|+3.684800E+04}}
}
{@BLOCK|rc206|00
{@A-RES|0|+2.000786E+04{@LIM3|+2.000000E+04|+2.120000E+04|+1.880000E+04}}
}
{@BLOCK|rc333|00
{@A-RES|0|+2.482518E+01{@LIM3|+2.200000E+01|+2.970000E+01|+1.980000E+01}}
}
{@BLOCK|rc334|00
{@A-RES|0|+2.480754E+01{@LIM3|+2.200000E+01|+2.970000E+01|+1.980000E+01}}
}
{@BLOCK|rc345|00
{@A-RES|0|+2.538191E+01{@LIM3|+2.200000E+01|+2.920001E+01|+1.980000E+01}}
}
{@BLOCK|rc43|00
{@A-RES|0|+2.244156E+03{@LIM3|+2.200000E+03|+2.420000E+03|+1.980000E+03}}
}
{@BLOCK|rc241|00
{@A-RES|0|+2.266218E+03{@LIM3|+2.200000E+03|+2.420000E+03|+1.980000E+03}}
}
{@BLOCK|rc300|00
{@A-RES|0|+2.217914E+03{@LIM3|+2.200000E+03|+2.420000E+03|+1.980000E+03}}
}
{@BLOCK|rc376|00
{@A-RES|0|+2.189622E+03{@LIM3|+2.200000E+03|+2.420000E+03|+1.980000E+03}}
}
{@BLOCK|re15|00
{@A-RES|0|+2.264227E+03{@LIM3|+2.200000E+03|+2.420000E+03|+1.980000E+03}}
}
{@BLOCK|re16|00
{@A-RES|0|+2.286923E+03{@LIM3|+2.200000E+03|+2.420000E+03|+1.980000E+03}}
}
{@BLOCK|re22|00
{@A-RES|0|+2.275758E+03{@LIM3|+2.200000E+03|+2.420000E+03|+1.980000E+03}}
}
{@BLOCK|re23|00
{@A-RES|0|+2.257299E+03{@LIM3|+2.200000E+03|+2.420000E+03|+1.980000E+03}}
}
{@BLOCK|re1042|00
{@A-RES|0|+2.099498E+03{@LIM3|+2.200000E+03|+2.420000E+03|+1.980000E+03}}
}
{@BLOCK|re1043|00
{@A-RES|0|+2.192298E+03{@LIM3|+2.200000E+03|+2.420000E+03|+1.980000E+03}}
}
{@BLOCK|rpc3%r1|00
{@A-RES|0|+2.196576E+03{@LIM3|+2.200000E+03|+2.420000E+03|+1.980000E+03}}
}
{@BLOCK|rpc3%r2|00
{@A-RES|0|+2.198219E+03{@LIM3|+2.200000E+03|+2.420000E+03|+1.980000E+03}}
}
{@BLOCK|rpc4%r1|00
{@A-RES|0|+2.200173E+03{@LIM3|+2.200000E+03|+2.420000E+03|+1.980000E+03}}
}
{@BLOCK|rpc4%r2|00
{@A-RES|0|+2.207297E+03{@LIM3|+2.200000E+03|+2.420000E+03|+1.980000E+03}}
}
{@BLOCK|rpv150%r1|00
{@A-RES|0|+2.190846E+03{@LIM3|+2.200000E+03|+2.420000E+03|+1.980000E+03}}
}
{@BLOCK|ru20|00
{@A-RES|0|+2.229458E+03{@LIM3|+2.200000E+03|+2.420000E+03|+1.980000E+03}}
}
{@BLOCK|ru21|00
{@A-RES|0|+2.159496E+03{@LIM3|+2.200000E+03|+2.420000E+03|+1.980000E+03}}
}
{@BLOCK|ru23|00
{@A-RES|0|+2.233876E+03{@LIM3|+2.200000E+03|+2.420000E+03|+1.980000E+03}}
}
{@BLOCK|ru24|00
{@A-RES|0|+2.193227E+03{@LIM3|+2.200000E+03|+2.420000E+03|+1.980000E+03}}
}
{@BLOCK|ru26|00
{@A-RES|0|+2.233502E+03{@LIM3|+2.200000E+03|+2.420000E+03|+1.980000E+03}}
}
{@BLOCK|ru27|00
{@A-RES|0|+2.227156E+03{@LIM3|+2.200000E+03|+2.420000E+03|+1.980000E+03}}
}
{@BLOCK|ru616|00
{@A-RES|0|+2.225997E+03{@LIM3|+2.200000E+03|+2.420000E+03|+1.980000E+03}}
}
{@BLOCK|ru620|00
{@A-RES|0|+2.220637E+03{@LIM3|+2.200000E+03|+2.420000E+03|+1.980000E+03}}
}
{@BLOCK|ru623|00
{@A-RES|0|+2.192787E+03{@LIM3|+2.200000E+03|+2.420000E+03|+1.980000E+03}}
}
{@BLOCK|ru624|00
{@A-RES|0|+2.194526E+03{@LIM3|+2.200000E+03|+2.420000E+03|+1.980000E+03}}
}
{@BLOCK|ru632|00
{@A-RES|0|+2.219903E+03{@LIM3|+2.200000E+03|+2.420000E+03|+1.980000E+03}}
}
{@BLOCK|ru687|00
{@A-RES|0|+2.205544E+03{@LIM3|+2.200000E+03|+2.420000E+03|+1.980000E+03}}
}
{@BLOCK|ru688|00
{@A-RES|0|+2.188293E+03{@LIM3|+2.200000E+03|+2.420000E+03|+1.980000E+03}}
}
{@BLOCK|rc201|00
{@A-RES|0|+7.378299E+04{@LIM3|+7.500000E+04|+8.250000E+04|+6.750000E+04}}
}
{@BLOCK|ri813|00
{@A-RES|0|+4.673487E+04{@LIM3|+4.700000E+04|+5.170000E+04|+4.230000E+04}}
}
{@BLOCK|ru655|00
{@A-RES|0|+4.726164E+04{@LIM3|+4.700000E+04|+5.170000E+04|+4.230000E+04}}
}
{@BLOCK|rv520|00
{@A-RES|0|+4.878428E+04{@LIM3|+4.700000E+04|+5.170000E+04|+4.230000E+04}}
}
{@BLOCK|ru657|00
{@A-RES|0|+1.201081E+04{@LIM3|+1.200000E+04|+1.272000E+04|+1.128000E+04}}
}
{@BLOCK|rv156|00
{@A-RES|0|+2.706316E+03{@LIM3|+2.700000E+03|+2.970000E+03|+2.430000E+03}}
}
{@BLOCK|rv500|00
{@A-RES|0|+1.533446E+03{@LIM3|+1.500000E+03|+1.650000E+03|+1.350000E+03}}
}
{@BLOCK|rv501|00
{@A-RES|0|+1.515754E+03{@LIM3|+1.500000E+03|+1.650000E+03|+1.350000E+03}}
}
{@BLOCK|rv525|00
{@A-RES|0|+4.981369E+03{@LIM3|+4.990000E+03|+5.289400E+03|+4.690600E+03}}
}
{@BLOCK|pq307%qf|00
{@A-NFE|0|+1.423710E+02{@LIM2|+2.000000E+02|+2.000000E+01}}
}
{@BLOCK|pq302%qf1|00
{@A-NFE|0|+5.867705E+01{@LIM2|+2.000000E+02|+2.000000E+01}}
}
{@BLOCK|pq302%qf2|00
{@A-NFE|0|+1.334854E+02{@LIM2|+2.000000E+02|+2.000000E+01}}
}
{@BLOCK|pq503%qf|00
{@A-NFE|0|+1.052320E+02{@LIM2|+2.000000E+02|+2.000000E+01}}
}
{@BLOCK|pq1100%qf1|00
{@A-NFE|0|+9.494982E+01{@LIM2|+2.000000E+02|+2.000000E+01}}
}
{@BLOCK|pq1100%qf2|00
{@A-NFE|0|+8.842285E+01{@LIM2|+2.000000E+02|+2.000000E+01}}
}
{@BLOCK|qc11%qf1|00
{@A-NFE|0|+1.312668E+02{@LIM2|+2.000000E+02|+2.000000E+01}}
}
{@BLOCK|qc11%qf2|00
{@A-NFE|0|+6.781106E+01{@LIM2|+2.000000E+02|+2.000000E+01}}
}
{@BLOCK|qc16|00
{@A-NFE|0|+8.073565E+01{@LIM2|+2.000000E+02|+2.000000E+01}}
}
{@BLOCK|qc30%qf1|00
{@A-NFE|0|+1.475226E+02{@LIM2|+2.000000E+02|+2.000000E+01}}
}
{@BLOCK|qc30%qf2|00
{@A-NFE|0|+1.063765E+02{@LIM2|+2.000000E+02|+2.000000E+01}}
}
{@BLOCK|qc36|00
{@A-NFE|0|+7.759875E+01{@LIM2|+2.000000E+02|+2.000000E+01}}
}
{@BLOCK|qc38|00
{@A-NFE|0|+1.025882E+02{@LIM2|+4.000000E+02|+2.000000E+01}}
}
{@BLOCK|qe7%qf1|00
{@A-NFE|0|+7.552826E+01{@LIM2|+2.000000E+02|+2.000000E+01}}
}
{@BLOCK|qe7%qf2|00
{@A-NFE|0|+8.640793E+01{@LIM2|+2.000000E+02|+2.000000E+01}}
}
{@BLOCK|qe10%qf1|00
{@A-NFE|0|+6.200566E+01{@LIM2|+2.000000E+02|+2.000000E+01}}
}
{@BLOCK|qe10%qf2|00
{@A-NFE|0|+8.874116E+01{@LIM2|+2.000000E+02|+2.000000E+01}}
}
{@BLOCK|qi300|00
{@A-NFE|0|+5.200369E+01{@LIM2|+2.000000E+02|+2.000000E+01}}
}
{@BLOCK|qi801%qf1|00
{@A-NFE|0|+7.911185E+01{@LIM2|+2.000000E+02|+2.000000E+01}}
}
{@BLOCK|ql1%qf1|00
{@A-NFE|0|+9.086996E+01{@LIM2|+2.000000E+02|+2.000000E+01}}
}
{@BLOCK|ql1%qf2|00
{@A-NFE|0|+8.905180E+01{@LIM2|+2.000000E+02|+2.000000E+01}}
}
{@BLOCK|qr500|00
{@A-NFE|0|+7.525733E+01{@LIM2|+2.000000E+02|+2.000000E+01}}
}
{@BLOCK|qu601|00
{@A-NFE|0|+4.517845E+01{@LIM2|+2.000000E+02|+2.000000E+01}}
}
{@BLOCK|qu602|00
{@A-NFE|0|+4.638160E+01{@LIM2|+2.000000E+02|+2.000000E+01}}
}
{@BLOCK|qu603|00
{@A-NFE|0|+4.591211E+01{@LIM2|+2.000000E+02|+2.000000E+01}}
}
{@BLOCK|qu608|00
{@A-NFE|0|+4.964977E+01{@LIM2|+2.000000E+02|+2.000000E+01}}
}
{@BLOCK|qu609|00
{@A-NFE|0|+4.228427E+01{@LIM2|+2.000000E+02|+2.000000E+01}}
}
{@BLOCK|qv4%qf1|00
{@A-NFE|0|+7.455874E+01{@LIM2|+2.000000E+02|+2.000000E+01}}
}
{@BLOCK|qv150%qf2|00
{@A-NFE|0|+1.265695E+02{@LIM2|+2.000000E+02|+2.000000E+01}}
}
{@BLOCK|pq303%qf|00
{@A-PFE|0|+1.053271E+02{@LIM2|+2.000000E+02|+2.000000E+01}}
}
{@BLOCK|qv502|00
{@A-PFE|0|+8.572979E+01{@LIM2|+2.000000E+02|+2.000000E+01}}
}
{@BLOCK|da2|00
{@A-DIO|0|+4.613318E-01{@LIM2|+6.000000E-01|+2.000000E-01}}
}
{@BLOCK|da3|00
{@A-DIO|0|+4.636293E-01{@LIM2|+6.000000E-01|+2.000000E-01}}
}
{@BLOCK|da400|00
{@A-DIO|0|+5.582953E-01{@LIM2|+8.000000E-01|+4.000000E-01}}
}
{@BLOCK|da401|00
{@A-DIO|0|+5.533174E-01{@LIM2|+8.000000E-01|+4.000000E-01}}
}
{@BLOCK|da403|00
{@A-DIO|0|+4.701389E-01{@LIM2|+8.000000E-01|+4.000000E-01}}
}
{@BLOCK|da405|00
{@A-DIO|0|+5.557851E-01{@LIM2|+8.000000E-01|+4.000000E-01}}
}
{@BLOCK|da406|00
{@A-DIO|0|+6.067132E-01{@LIM2|+8.000000E-01|+4.000000E-01}}
}
{@BLOCK|dc2|00
{@A-DIO|0|+5.126855E-01{@LIM2|+8.000000E-01|+4.000000E-01}}
}
{@BLOCK|dc6|00
{@A-DIO|0|+4.813712E-01{@LIM2|+8.000000E-01|+4.000000E-01}}
}
{@BLOCK|de1|00
{@A-DIO|0|+4.458874E-01{@LIM2|+6.000000E-01|+2.000000E-01}}
}
{@BLOCK|de6|00
{@A-DIO|0|+4.280179E-01{@LIM2|+6.000000E-01|+2.000000E-01}}
}
{@BLOCK|de10|00
{@A-DIO|0|+6.639467E-01{@LIM2|+8.000000E-01|+4.000000E-01}}
}
{@BLOCK|du1|00
{@A-DIO|0|+3.767951E-01{@LIM2|+6.000000E-01|+2.000000E-01}}
}
{@BLOCK|du2|00
{@A-DIO|0|+3.833213E-01{@LIM2|+6.000000E-01|+2.500000E-01}}
}
{@BLOCK|du3|00
{@A-DIO|0|+5.704397E-01{@LIM2|+8.000000E-01|+4.000000E-01}}
}
{@BLOCK|du916|00
{@A-DIO|0|+6.911478E-01{@LIM2|+8.000000E-01|+4.000000E-01}}
}
{@BLOCK|du918|00
{@A-DIO|0|+6.893811E-01{@LIM2|+8.000000E-01|+4.000000E-01}}
}
{@BLOCK|du919|00
{@A-DIO|0|+5.810904E-01{@LIM2|+8.000000E-01|+4.000000E-01}}
}
{@BLOCK|du925|00
{@A-DIO|0|+6.821482E-01{@LIM2|+8.000000E-01|+4.000000E-01}}
}
{@BLOCK|du926|00
{@A-DIO|0|+6.819780E-01{@LIM2|+8.000000E-01|+4.000000E-01}}
}
{@BLOCK|du927|00
{@A-DIO|0|+6.821482E-01{@LIM2|+8.000000E-01|+4.000000E-01}}
}
{@BLOCK|du1002|00
{@A-DIO|0|+5.901749E-01{@LIM2|+8.000000E-01|+4.000000E-01}}
}
{@BLOCK|dv153|00
{@A-DIO|0|+5.481267E-01{@LIM2|+8.000000E-01|+4.000000E-01}}
}
{@BLOCK|pd1001|00
{@A-DIO|0|+6.021608E-01{@LIM2|+8.000000E-01|+4.000000E-01}}
}
{@BLOCK|pd1200|00
{@A-DIO|0|+6.992094E-01{@LIM2|+8.000000E-01|+4.000000E-01}}
}
{@BLOCK|du1000%cr1|00
{@A-DIO|0|+6.672881E-01{@LIM2|+9.500000E-01|+5.500000E-01}}
}
{@BLOCK|du1000%cr2|00
{@A-DIO|0|+6.651998E-01{@LIM2|+9.500000E-01|+5.500000E-01}}
}
{@BLOCK|du1000%cr3|00
{@A-DIO|0|+6.892109E-01{@LIM2|+8.000000E-01|+4.000000E-01}}
}
{@BLOCK|du1000%cr4|00
{@A-DIO|0|+6.869134E-01{@LIM2|+8.000000E-01|+4.000000E-01}}
}
{@BLOCK|dv501%cr1|00
{@A-DIO|0|+6.971519E-01{@LIM2|+9.500000E-01|+5.500000E-01}}
}
{@BLOCK|dv501%cr2|00
{@A-DIO|0|+7.113007E-01{@LIM2|+9.500000E-01|+5.500000E-01}}
}
{@BLOCK|dv501%cr4|00
{@A-DIO|0|+7.589678E-01{@LIM2|+9.500000E-01|+5.500000E-01}}
}
{@BLOCK|dv501%cr5|00
{@A-DIO|0|+8.580090E-01{@LIM2|+9.500000E-01|+5.500000E-01}}
}
{@BLOCK|ue3%cr|00
{@A-DIO|0|+5.597419E-01{@LIM2|+8.000000E-01|+4.000000E-01}}
}
{@BLOCK|led1%cr_org|00
{@A-DIO|0|+3.228575E+00{@LIM2|+3.800000E+00|+2.600000E+00}}
}
{@BLOCK|led1%cr_whi|00
{@A-DIO|0|+2.040560E+00{@LIM2|+2.500000E+00|+1.500000E+00}}
}
{@BLOCK|rn8|00
{@A-RES|0|+3.508348E+01{@LIM3|+3.300000E+01|+4.129999E+01|+2.970000E+01}}
}
{@BLOCK|du928%ds|00
{@A-DIO|0|+4.987423E-01{@LIM2|+8.000000E-01|+4.000000E-01}}
}
{@BLOCK|du929%ds|00
{@A-DIO|0|+4.966538E-01{@LIM2|+8.000000E-01|+4.000000E-01}}
}
{@BLOCK|du1005%ds1|00
{@A-DIO|0|+5.320433E-01{@LIM2|+8.000000E-01|+4.000000E-01}}
}
{@BLOCK|du1005%ds2|00
{@A-DIO|0|+5.313625E-01{@LIM2|+8.000000E-01|+4.000000E-01}}
}
}}