{@BATCH|t14_gen6_intel||4086|1||btest|140103003659~16|ICT0263\engineer|ICT0263|C:/Agilent_ICT/boards/t14_gen6_lnl_intel|RevA|sb21v35591_ult5||sb21v35591_ult5
{@BTEST|6683001769|00|140103022728|000023|0|all||n||140103022751||1
{@BLOCK|f45002|00
{@A-FUS|0|+2.736924E+00{@LIM2|+1.600000E+01|+0.000000E+00}}
}
{@BLOCK|f46001|00
{@A-FUS|0|+2.567025E+00{@LIM2|+1.600000E+01|+0.000000E+00}}
}
{@BLOCK|f46002|00
{@A-FUS|0|+3.066625E+00{@LIM2|+1.600000E+01|+0.000000E+00}}
}
{@BLOCK|f46003|00
{@A-FUS|0|+2.592703E+00{@LIM2|+1.600000E+01|+0.000000E+00}}
}
{@BLOCK|f47001|00
{@A-FUS|0|+2.928857E+00{@LIM2|+1.600000E+01|+0.000000E+00}}
}
{@BLOCK|f51001|00
{@A-FUS|0|+2.858558E+00{@LIM2|+1.600000E+01|+0.000000E+00}}
}
{@BLOCK|f51002|00
{@A-FUS|0|+2.716671E+00{@LIM2|+1.600000E+01|+0.000000E+00}}
}
{@BLOCK|f51003|00
{@A-FUS|0|+2.794618E+00{@LIM2|+1.600000E+01|+0.000000E+00}}
}
{@BLOCK|f68004|00
{@A-FUS|0|+2.734415E+00{@LIM2|+1.600000E+01|+0.000000E+00}}
}
{@BLOCK|f68005|00
{@A-FUS|0|+3.190451E+00{@LIM2|+1.600000E+01|+0.000000E+00}}
}
{@BLOCK|f93001|00
{@A-FUS|0|+2.830752E+00{@LIM2|+1.600000E+01|+0.000000E+00}}
}
{@BLOCK|f94001|00
{@A-FUS|0|+2.337242E+00{@LIM2|+1.600000E+01|+0.000000E+00}}
}
{@BLOCK|f94002|00
{@A-FUS|0|+2.752075E+00{@LIM2|+1.600000E+01|+0.000000E+00}}
}
{@BLOCK|f94003|00
{@A-FUS|0|+3.036383E+00{@LIM2|+1.600000E+01|+0.000000E+00}}
}
{@BLOCK|f94004|00
{@A-FUS|0|+2.646472E+00{@LIM2|+1.600000E+01|+0.000000E+00}}
}
{@BLOCK|f95003|00
{@A-FUS|0|+3.278672E+00{@LIM2|+1.600000E+01|+0.000000E+00}}
}
{@BLOCK|pf0001|00
{@A-FUS|0|+3.508335E+00{@LIM2|+2.500000E+01|+0.000000E+00}}
}
{@BLOCK|pf0002|00
{@A-FUS|0|+2.935342E+00{@LIM2|+1.600000E+01|+0.000000E+00}}
}
{@BLOCK|f49001|00
{@A-FUS|0|+2.648620E+00{@LIM2|+1.600000E+01|+0.000000E+00}}
}
{@BLOCK|f68001|00
{@A-FUS|0|+2.585802E+00{@LIM2|+1.600000E+01|+0.000000E+00}}
}
{@BLOCK|f68002|00
{@A-FUS|0|+2.681804E+00{@LIM2|+1.600000E+01|+0.000000E+00}}
}
{@BLOCK|f68003|00
{@A-FUS|0|+2.547963E+00{@LIM2|+1.600000E+01|+0.000000E+00}}
}
{@BLOCK|f95001|00
{@A-FUS|0|+2.381271E+00{@LIM2|+1.600000E+01|+0.000000E+00}}
}
{@BLOCK|f95002|00
{@A-FUS|0|+2.439788E+00{@LIM2|+1.600000E+01|+0.000000E+00}}
}
{@BLOCK|f95004|00
{@A-FUS|0|+2.558861E+00{@LIM2|+1.600000E+01|+0.000000E+00}}
}
{@BLOCK|l49001|00
{@A-JUM|0|+4.054039E+00{@LIM2|+1.500000E+01|+0.000000E+00}}
}
{@BLOCK|pf0101|00
{@A-FUS|0|+2.556319E+00{@LIM2|+1.600000E+01|+0.000000E+00}}
}
{@BLOCK|l15001|00
{@A-JUM|0|+2.728787E+00{@LIM2|+1.500000E+01|+0.000000E+00}}
}
{@BLOCK|l55001|00
{@A-JUM|0|+5.057421E+00{@LIM2|+1.500000E+01|+0.000000E+00}}
}
{@BLOCK|l57001|00
{@A-JUM|0|+3.056608E+00{@LIM2|+1.500000E+01|+0.000000E+00}}
}
{@BLOCK|l63001%jp1|00
{@A-JUM|0|+4.258632E+00{@LIM2|+1.500000E+01|+0.000000E+00}}
}
{@BLOCK|l63001%jp2|00
{@A-JUM|0|+4.224703E+00{@LIM2|+1.500000E+01|+0.000000E+00}}
}
{@BLOCK|l76001|00
{@A-JUM|0|+3.202977E+00{@LIM2|+1.500000E+01|+0.000000E+00}}
}
{@BLOCK|l86001|00
{@A-JUM|0|+2.820381E+00{@LIM2|+1.500000E+01|+0.000000E+00}}
}
{@BLOCK|l86002|00
{@A-JUM|0|+3.205451E+00{@LIM2|+1.500000E+01|+0.000000E+00}}
}
{@BLOCK|l86003|00
{@A-JUM|0|+4.356201E+00{@LIM2|+1.500000E+01|+0.000000E+00}}
}
{@BLOCK|l95001%jp2|00
{@A-JUM|0|+4.281363E+00{@LIM2|+1.500000E+01|+0.000000E+00}}
}
{@BLOCK|pj0301|00
{@A-JUM|0|+2.989218E+00{@LIM2|+1.500000E+01|+0.000000E+00}}
}
{@BLOCK|pj0401|00
{@A-JUM|0|+3.388070E+00{@LIM2|+1.500000E+01|+0.000000E+00}}
}
{@BLOCK|pj0701|00
{@A-JUM|0|+2.940950E+00{@LIM2|+1.500000E+01|+0.000000E+00}}
}
{@BLOCK|pj0801|00
{@A-JUM|0|+2.527618E+00{@LIM2|+1.500000E+01|+0.000000E+00}}
}
{@BLOCK|pl0202|00
{@A-JUM|0|+2.993530E+00{@LIM2|+1.500000E+01|+0.000000E+00}}
}
{@BLOCK|pl0301|00
{@A-JUM|0|+3.066034E+00{@LIM2|+1.500000E+01|+0.000000E+00}}
}
{@BLOCK|pl0401|00
{@A-JUM|0|+3.122198E+00{@LIM2|+1.500000E+01|+0.000000E+00}}
}
{@BLOCK|pl0701|00
{@A-JUM|0|+2.953873E+00{@LIM2|+1.500000E+01|+0.000000E+00}}
}
{@BLOCK|pl0901|00
{@A-JUM|0|+3.539201E+00{@LIM2|+1.500000E+01|+0.000000E+00}}
}
{@BLOCK|pl1301|00
{@A-JUM|0|+2.729099E+00{@LIM2|+1.500000E+01|+0.000000E+00}}
}
{@BLOCK|pl1306|00
{@A-JUM|0|+2.643248E+00{@LIM2|+2.500000E+01|+0.000000E+00}}
}
{@BLOCK|pr0001|00
{@A-JUM|0|+2.650882E+00{@LIM2|+1.500000E+01|+0.000000E+00}}
}
{@BLOCK|pr0219|00
{@A-JUM|0|+2.861427E+00{@LIM2|+1.500000E+01|+0.000000E+00}}
}
{@BLOCK|pr0310|00
{@A-JUM|0|+3.008817E+00{@LIM2|+1.500000E+01|+0.000000E+00}}
}
{@BLOCK|pr0412|00
{@A-JUM|0|+3.102812E+00{@LIM2|+1.500000E+01|+0.000000E+00}}
}
{@BLOCK|pr0506|00
{@A-JUM|0|+2.884124E+00{@LIM2|+1.500000E+01|+0.000000E+00}}
}
{@BLOCK|pr0707|00
{@A-JUM|0|+3.046851E+00{@LIM2|+1.500000E+01|+0.000000E+00}}
}
{@BLOCK|pr0921|00
{@A-JUM|0|+3.066330E+00{@LIM2|+1.500000E+01|+0.000000E+00}}
}
{@BLOCK|pr0922|00
{@A-JUM|0|+3.322845E+00{@LIM2|+1.500000E+01|+0.000000E+00}}
}
{@BLOCK|pr1011|00
{@A-JUM|0|+4.312702E+00{@LIM2|+1.500000E+01|+0.000000E+00}}
}
{@BLOCK|pr1012|00
{@A-JUM|0|+4.393092E+00{@LIM2|+1.500000E+01|+0.000000E+00}}
}
{@BLOCK|pr1017|00
{@A-JUM|0|+2.762908E+00{@LIM2|+1.500000E+01|+0.000000E+00}}
}
{@BLOCK|pr1110|00
{@A-JUM|0|+3.245120E+00{@LIM2|+1.500000E+01|+0.000000E+00}}
}
{@BLOCK|pr1111|00
{@A-JUM|0|+3.618085E+00{@LIM2|+1.500000E+01|+0.000000E+00}}
}
{@BLOCK|pr1116|00
{@A-JUM|0|+2.720388E+00{@LIM2|+1.500000E+01|+0.000000E+00}}
}
{@BLOCK|pr1210|00
{@A-JUM|0|+4.496359E+00{@LIM2|+1.500000E+01|+0.000000E+00}}
}
{@BLOCK|pr1211|00
{@A-JUM|0|+4.491281E+00{@LIM2|+1.500000E+01|+0.000000E+00}}
}
{@BLOCK|pr1216|00
{@A-JUM|0|+2.747006E+00{@LIM2|+1.500000E+01|+0.000000E+00}}
}
{@BLOCK|pr1309|00
{@A-JUM|0|+4.479688E+00{@LIM2|+1.500000E+01|+0.000000E+00}}
}
{@BLOCK|pr1310|00
{@A-JUM|0|+4.629387E+00{@LIM2|+1.500000E+01|+0.000000E+00}}
}
{@BLOCK|pr1316|00
{@A-JUM|0|+2.745426E+00{@LIM2|+1.500000E+01|+0.000000E+00}}
}
{@BLOCK|pr1615|00
{@A-JUM|0|+2.639155E+00{@LIM2|+1.500000E+01|+0.000000E+00}}
}
{@BLOCK|pr1618|00
{@A-JUM|0|+2.537023E+00{@LIM2|+1.500000E+01|+0.000000E+00}}
}
{@BLOCK|pr1620|00
{@A-JUM|0|+3.858384E+00{@LIM2|+1.500000E+01|+0.000000E+00}}
}
{@BLOCK|pr1626|00
{@A-JUM|0|+4.480108E+00{@LIM2|+1.500000E+01|+0.000000E+00}}
}
{@BLOCK|pr1634|00
{@A-JUM|0|+3.262869E+00{@LIM2|+1.500000E+01|+0.000000E+00}}
}
{@BLOCK|pr1641|00
{@A-JUM|0|+3.475032E+00{@LIM2|+1.500000E+01|+0.000000E+00}}
}
{@BLOCK|l93001%jp1|00
{@A-JUM|0|+4.128280E+00{@LIM2|+1.700000E+01|+0.000000E+00}}
}
{@BLOCK|l93001%jp2|00
{@A-JUM|0|+3.647478E+00{@LIM2|+1.500000E+01|+0.000000E+00}}
}
{@BLOCK|pr0229|00
{@A-JUM|0|+2.142291E+00{@LIM2|+1.500000E+01|+0.000000E+00}}
}
{@BLOCK|pr1612|00
{@A-JUM|0|+3.290253E+00{@LIM2|+2.500000E+01|+0.000000E+00}}
}
{@BLOCK|pr2002|00
{@A-JUM|0|+2.073928E+00{@LIM2|+1.500000E+01|+0.000000E+00}}
}
{@BLOCK|pr2004|00
{@A-JUM|0|+2.282945E+00{@LIM2|+1.500000E+01|+0.000000E+00}}
}
{@BLOCK|pr2009|00
{@A-JUM|0|+3.700850E+00{@LIM2|+1.500000E+01|+0.000000E+00}}
}
{@BLOCK|pr2011|00
{@A-JUM|0|+2.227369E+00{@LIM2|+1.500000E+01|+0.000000E+00}}
}
{@BLOCK|pr1643|00
{@A-JUM|0|+3.559660E+00{@LIM2|+2.500000E+01|+0.000000E+00}}
}
{@BLOCK|pr2301|00
{@A-JUM|0|+2.979978E+00{@LIM2|+1.500000E+01|+0.000000E+00}}
}
{@BLOCK|pr2302|00
{@A-JUM|0|+2.944579E+00{@LIM2|+1.500000E+01|+0.000000E+00}}
}
{@BLOCK|pr2303|00
{@A-JUM|0|+2.604588E+00{@LIM2|+1.500000E+01|+0.000000E+00}}
}
{@BLOCK|r06018|00
{@A-JUM|0|+4.776974E+00{@LIM2|+1.500000E+01|+0.000000E+00}}
}
{@BLOCK|r06019|00
{@A-JUM|0|+4.940921E+00{@LIM2|+1.500000E+01|+0.000000E+00}}
}
{@BLOCK|r08003|00
{@A-JUM|0|+2.829409E+00{@LIM2|+1.500000E+01|+0.000000E+00}}
}
{@BLOCK|r08005|00
{@A-JUM|0|+2.812072E+00{@LIM2|+1.500000E+01|+0.000000E+00}}
}
{@BLOCK|r08006|00
{@A-JUM|0|+2.939501E+00{@LIM2|+1.500000E+01|+0.000000E+00}}
}
{@BLOCK|r12018|00
{@A-JUM|0|+3.486201E+00{@LIM2|+1.500000E+01|+0.000000E+00}}
}
{@BLOCK|r15009|00
{@A-JUM|0|+2.734415E+00{@LIM2|+1.500000E+01|+0.000000E+00}}
}
{@BLOCK|r22103|00
{@A-JUM|0|+3.002381E+00{@LIM2|+1.500000E+01|+0.000000E+00}}
}
{@BLOCK|r22104|00
{@A-JUM|0|+3.039768E+00{@LIM2|+1.500000E+01|+0.000000E+00}}
}
{@BLOCK|r22105|00
{@A-JUM|0|+2.892163E+00{@LIM2|+1.500000E+01|+0.000000E+00}}
}
{@BLOCK|r22106|00
{@A-JUM|0|+3.045102E+00{@LIM2|+1.500000E+01|+0.000000E+00}}
}
{@BLOCK|r22107|00
{@A-JUM|0|+2.972739E+00{@LIM2|+1.500000E+01|+0.000000E+00}}
}
{@BLOCK|r22108|00
{@A-JUM|0|+2.553310E+00{@LIM2|+1.500000E+01|+0.000000E+00}}
}
{@BLOCK|r22109|00
{@A-JUM|0|+2.645299E+00{@LIM2|+1.500000E+01|+0.000000E+00}}
}
{@BLOCK|r22110|00
{@A-JUM|0|+3.028003E+00{@LIM2|+1.500000E+01|+0.000000E+00}}
}
{@BLOCK|r22208|00
{@A-JUM|0|+5.503587E+00{@LIM2|+1.500000E+01|+0.000000E+00}}
}
{@BLOCK|r22209|00
{@A-JUM|0|+5.424763E+00{@LIM2|+1.200000E+02|+0.000000E+00}}
}
{@BLOCK|r22210|00
{@A-JUM|0|+5.298291E+00{@LIM2|+1.500000E+01|+0.000000E+00}}
}
{@BLOCK|r22211|00
{@A-JUM|0|+5.542255E+00{@LIM2|+1.500000E+01|+0.000000E+00}}
}
{@BLOCK|r22212|00
{@A-JUM|0|+5.518223E+00{@LIM2|+1.500000E+01|+0.000000E+00}}
}
{@BLOCK|r22213|00
{@A-JUM|0|+9.543890E+04{@LIM2|+9.999999E+99|+1.500000E+01}}
}
{@BLOCK|r41013|00
{@A-JUM|0|+2.698851E+00{@LIM2|+1.500000E+01|+0.000000E+00}}
}
{@BLOCK|r41032|00
{@A-JUM|0|+2.358494E+00{@LIM2|+1.500000E+01|+0.000000E+00}}
}
{@BLOCK|r44007|00
{@A-JUM|0|+3.268568E+00{@LIM2|+1.500000E+01|+0.000000E+00}}
}
{@BLOCK|r44015|00
{@A-JUM|0|+2.455571E+00{@LIM2|+1.500000E+01|+0.000000E+00}}
}
{@BLOCK|r44020|00
{@A-JUM|0|+4.967148E+00{@LIM2|+1.500000E+01|+0.000000E+00}}
}
{@BLOCK|r44021|00
{@A-JUM|0|+4.801001E+00{@LIM2|+1.500000E+01|+0.000000E+00}}
}
{@BLOCK|r45002|00
{@A-JUM|0|+2.584000E+00{@LIM2|+1.500000E+01|+0.000000E+00}}
}
{@BLOCK|r45003|00
{@A-JUM|0|+2.360827E+00{@LIM2|+1.500000E+01|+0.000000E+00}}
}
{@BLOCK|r46002|00
{@A-JUM|0|+2.524142E+00{@LIM2|+1.500000E+01|+0.000000E+00}}
}
{@BLOCK|r46003|00
{@A-JUM|0|+2.470570E+00{@LIM2|+1.500000E+01|+0.000000E+00}}
}
{@BLOCK|r47001|00
{@A-JUM|0|+2.650882E+00{@LIM2|+1.500000E+01|+0.000000E+00}}
}
{@BLOCK|r48001|00
{@A-JUM|0|+3.668705E+00{@LIM2|+1.500000E+01|+0.000000E+00}}
}
{@BLOCK|r51102|00
{@A-JUM|0|+2.508751E+00{@LIM2|+1.500000E+01|+0.000000E+00}}
}
{@BLOCK|r51211|00
{@A-JUM|0|+2.798550E+00{@LIM2|+1.500000E+01|+0.000000E+00}}
}
{@BLOCK|r51217|00
{@A-JUM|0|+3.308447E+00{@LIM2|+1.500000E+01|+0.000000E+00}}
}
{@BLOCK|r51218|00
{@A-JUM|0|+4.772190E+04{@LIM2|+9.999999E+99|+1.500000E+01}}
}
{@BLOCK|r53001|00
{@A-JUM|0|+2.613431E+00{@LIM2|+1.500000E+01|+0.000000E+00}}
}
{@BLOCK|r53002|00
{@A-JUM|0|+2.652355E+00{@LIM2|+1.500000E+01|+0.000000E+00}}
}
{@BLOCK|r53003|00
{@A-JUM|0|+3.119953E+00{@LIM2|+1.500000E+01|+0.000000E+00}}
}
{@BLOCK|r54104|00
{@A-JUM|0|+4.009776E+00{@LIM2|+1.500000E+01|+0.000000E+00}}
}
{@BLOCK|r55002|00
{@A-JUM|0|+2.533253E+00{@LIM2|+1.500000E+01|+0.000000E+00}}
}
{@BLOCK|r55004|00
{@A-JUM|0|+2.462921E+00{@LIM2|+1.500000E+01|+0.000000E+00}}
}
{@BLOCK|r57002|00
{@A-JUM|0|+2.322456E+00{@LIM2|+1.500000E+01|+0.000000E+00}}
}
{@BLOCK|r12011|00
{@A-JUM|0|+2.416040E+00{@LIM2|+1.500000E+01|+0.000000E+00}}
}
{@BLOCK|r17001|00
{@A-JUM|0|+2.190564E+00{@LIM2|+1.500000E+01|+0.000000E+00}}
}
{@BLOCK|r41019|00
{@A-JUM|0|+3.794131E+00{@LIM2|+1.500000E+01|+0.000000E+00}}
}
{@BLOCK|r41025|00
{@A-JUM|0|+3.780606E+00{@LIM2|+1.500000E+01|+0.000000E+00}}
}
{@BLOCK|r42005|00
{@A-JUM|0|+2.274044E+00{@LIM2|+1.500000E+01|+0.000000E+00}}
}
{@BLOCK|r46001|00
{@A-JUM|0|+2.205681E+00{@LIM2|+1.500000E+01|+0.000000E+00}}
}
{@BLOCK|r59002|00
{@A-JUM|0|+2.248621E+00{@LIM2|+1.500000E+01|+0.000000E+00}}
}
{@BLOCK|r59007|00
{@A-JUM|0|+2.369422E+00{@LIM2|+1.500000E+01|+0.000000E+00}}
}
{@BLOCK|r58002|00
{@A-JUM|0|+2.861643E+00{@LIM2|+1.500000E+01|+0.000000E+00}}
}
{@BLOCK|r59003|00
{@A-JUM|0|+2.421926E+00{@LIM2|+1.500000E+01|+0.000000E+00}}
}
{@BLOCK|r59010|00
{@A-JUM|0|+2.447512E+00{@LIM2|+1.500000E+01|+0.000000E+00}}
}
{@BLOCK|r59011|00
{@A-JUM|0|+2.571193E+00{@LIM2|+1.500000E+01|+0.000000E+00}}
}
{@BLOCK|r59017|00
{@A-JUM|0|+3.119545E+00{@LIM2|+1.500000E+01|+0.000000E+00}}
}
{@BLOCK|r61209|00
{@A-JUM|0|+2.315246E+00{@LIM2|+1.500000E+01|+0.000000E+00}}
}
{@BLOCK|r63101|00
{@A-JUM|0|+2.666880E+00{@LIM2|+1.500000E+01|+0.000000E+00}}
}
{@BLOCK|r63102|00
{@A-JUM|0|+2.582043E+00{@LIM2|+1.500000E+01|+0.000000E+00}}
}
{@BLOCK|r59008|00
{@A-JUM|0|+2.595583E+00{@LIM2|+1.500000E+01|+0.000000E+00}}
}
{@BLOCK|r59009|00
{@A-JUM|0|+2.485268E+00{@LIM2|+1.500000E+01|+0.000000E+00}}
}
{@BLOCK|r70117|00
{@A-JUM|0|+4.260387E+00{@LIM2|+1.500000E+01|+0.000000E+00}}
}
{@BLOCK|r72006|00
{@A-JUM|0|+3.797836E+00{@LIM2|+1.500000E+01|+0.000000E+00}}
}
{@BLOCK|r72007|00
{@A-JUM|0|+3.712037E+00{@LIM2|+1.500000E+01|+0.000000E+00}}
}
{@BLOCK|r74001|00
{@A-JUM|0|+2.403347E+00{@LIM2|+1.500000E+01|+0.000000E+00}}
}
{@BLOCK|r74103|00
{@A-JUM|0|+2.318562E+00{@LIM2|+1.500000E+01|+0.000000E+00}}
}
{@BLOCK|r74111|00
{@A-JUM|0|+2.406818E+00{@LIM2|+1.500000E+01|+0.000000E+00}}
}
{@BLOCK|r64223|00
{@A-JUM|0|+2.689422E+00{@LIM2|+1.500000E+01|+0.000000E+00}}
}
{@BLOCK|r70001|00
{@A-JUM|0|+2.634202E+00{@LIM2|+1.500000E+01|+0.000000E+00}}
}
{@BLOCK|r72001|00
{@A-JUM|0|+2.680660E+00{@LIM2|+1.500000E+01|+0.000000E+00}}
}
{@BLOCK|r74108|00
{@A-JUM|0|+2.689422E+00{@LIM2|+1.500000E+01|+0.000000E+00}}
}
{@BLOCK|r74112|00
{@A-JUM|0|+2.677653E+00{@LIM2|+1.500000E+01|+0.000000E+00}}
}
{@BLOCK|r76001|00
{@A-JUM|0|+2.792655E+00{@LIM2|+1.500000E+01|+0.000000E+00}}
}
{@BLOCK|r76101|00
{@A-JUM|0|+2.824721E+00{@LIM2|+1.500000E+01|+0.000000E+00}}
}
{@BLOCK|r83001|00
{@A-JUM|0|+2.678254E+00{@LIM2|+1.500000E+01|+0.000000E+00}}
}
{@BLOCK|r83002|00
{@A-JUM|0|+2.683977E+00{@LIM2|+1.500000E+01|+0.000000E+00}}
}
{@BLOCK|r83004|00
{@A-JUM|0|+2.646766E+00{@LIM2|+1.500000E+01|+0.000000E+00}}
}
{@BLOCK|r83105|00
{@A-JUM|0|+3.911832E+00{@LIM2|+1.500000E+01|+0.000000E+00}}
}
{@BLOCK|r83106|00
{@A-JUM|0|+2.476724E+00{@LIM2|+1.500000E+01|+0.000000E+00}}
}
{@BLOCK|r83110|00
{@A-JUM|0|+4.197208E+00{@LIM2|+1.500000E+01|+0.000000E+00}}
}
{@BLOCK|r85103|00
{@A-JUM|0|+2.363165E+00{@LIM2|+1.500000E+01|+0.000000E+00}}
}
{@BLOCK|r85104|00
{@A-JUM|0|+2.927600E+00{@LIM2|+1.500000E+01|+0.000000E+00}}
}
{@BLOCK|r85105|00
{@A-JUM|0|+2.485236E+00{@LIM2|+1.500000E+01|+0.000000E+00}}
}
{@BLOCK|r92005|00
{@A-JUM|0|+2.591577E+00{@LIM2|+1.500000E+01|+0.000000E+00}}
}
{@BLOCK|r92006|00
{@A-JUM|0|+2.753980E+00{@LIM2|+1.500000E+01|+0.000000E+00}}
}
{@BLOCK|r92007|00
{@A-JUM|0|+2.840141E+00{@LIM2|+1.500000E+01|+0.000000E+00}}
}
{@BLOCK|r92008|00
{@A-JUM|0|+2.585960E+00{@LIM2|+1.500000E+01|+0.000000E+00}}
}
{@BLOCK|r94001|00
{@A-JUM|0|+2.788413E+00{@LIM2|+1.500000E+01|+0.000000E+00}}
}
{@BLOCK|r94101|00
{@A-JUM|0|+2.590733E+00{@LIM2|+1.500000E+02|+0.000000E+00}}
}
{@BLOCK|r94102|00
{@A-JUM|0|+2.249975E+00{@LIM2|+1.050000E+02|+0.000000E+00}}
}
{@BLOCK|r95004|00
{@A-JUM|0|+2.651471E+00{@LIM2|+1.500000E+01|+0.000000E+00}}
}
{@BLOCK|r98001|00
{@A-JUM|0|+3.076410E+00{@LIM2|+1.500000E+01|+0.000000E+00}}
}
{@BLOCK|sw12001%jpa|00
{@A-JUM|0|+4.002210E+00{@LIM2|+1.500000E+01|+0.000000E+00}}
}
{@BLOCK|pr0417|00
{@A-JUM|0|+3.181098E+01{@LIM2|+9.999999E+99|+1.500000E+01}}
}
{@BLOCK|pr0505|00
{@A-JUM|0|+5.344273E+06{@LIM2|+9.999999E+99|+1.000000E+04}}
}
{@BLOCK|pr0924|00
{@A-JUM|0|+1.033547E+07{@LIM2|+9.999999E+99|+1.000000E+04}}
}
{@BLOCK|pr1004|00
{@A-JUM|0|+2.718528E+00{@LIM2|+1.500000E+01|+0.000000E+00}}
}
{@BLOCK|pr1642|00
{@A-JUM|0|-2.027343E+06{@LIM2|+9.999999E+99|+1.000000E+04}}
}
{@BLOCK|pr2201|00
{@A-JUM|0|+2.133455E+04{@LIM2|+9.999999E+99|+9.000000E+00}}
}
{@BLOCK|r74114|00
{@A-JUM|0|+2.252529E+00{@LIM2|+1.500000E+01|+0.000000E+00}}
}
{@BLOCK|r95001|00
{@A-JUM|0|+2.321331E+00{@LIM2|+1.500000E+01|+0.000000E+00}}
}
{@BLOCK|r95002|00
{@A-JUM|0|+2.295523E+00{@LIM2|+1.500000E+01|+0.000000E+00}}
}
{@BLOCK|pr2010|00
{@A-JUM|0|+2.726577E+05{@LIM2|+9.999999E+99|+9.360000E+03}}
}
{@BLOCK|pr2022|00
{@A-JUM|0|+1.363801E+06{@LIM2|+9.999999E+99|+1.000000E+04}}
}
{@BLOCK|r06020|00
{@A-JUM|0|-7.979173E+06{@LIM2|+9.999999E+99|+1.000000E+04}}
}
{@BLOCK|r06021|00
{@A-JUM|0|+2.509611E+00{@LIM2|+1.500000E+01|+0.000000E+00}}
}
{@BLOCK|r12004|00
{@A-JUM|0|-2.903880E+09{@LIM2|+9.999999E+99|+1.000000E+04}}
}
{@BLOCK|r06016|00
{@A-JUM|0|+1.424965E+07{@LIM2|+9.999999E+99|+1.000000E+04}}
}
{@BLOCK|r06017|00
{@A-JUM|0|+1.424965E+07{@LIM2|+9.999999E+99|+1.000000E+04}}
}
{@BLOCK|r07008|00
{@A-JUM|0|-6.108701E+06{@LIM2|+9.999999E+99|+1.000000E+04}}
}
{@BLOCK|r08004|00
{@A-JUM|0|+7.464799E+06{@LIM2|+9.999999E+99|+1.000000E+04}}
}
{@BLOCK|r19003|00
{@A-JUM|0|+2.897264E+00{@LIM2|+1.500000E+01|+0.000000E+00}}
}
{@BLOCK|r51101|00
{@A-JUM|0|+3.614938E+05{@LIM2|+9.999999E+99|+1.680000E+02}}
}
{@BLOCK|r55003|00
{@A-JUM|0|+1.424965E+07{@LIM2|+9.999999E+99|+1.000000E+04}}
}
{@BLOCK|r59001|00
{@A-JUM|0|+2.792738E+04{@LIM2|+9.999999E+99|+1.500000E+01}}
}
{@BLOCK|r41030|00
{@A-JUM|0|+1.964780E+08{@LIM2|+9.999999E+99|+1.000000E+04}}
}
{@BLOCK|r41031|00
{@A-JUM|0|+9.502430E+07{@LIM2|+9.999999E+99|+1.000000E+04}}
}
{@BLOCK|r49001|00
{@A-JUM|0|-1.730594E+08{@LIM2|+9.999999E+99|+6.680000E+03}}
}
{@BLOCK|r70118|00
{@A-JUM|0|-1.730594E+08{@LIM2|+9.999999E+99|+1.000000E+04}}
}
{@BLOCK|r70119|00
{@A-JUM|0|-2.903880E+09{@LIM2|+9.999999E+99|+1.000000E+04}}
}
{@BLOCK|r70120|00
{@A-JUM|0|-1.730594E+08{@LIM2|+9.999999E+99|+1.000000E+04}}
}
{@BLOCK|r70122|00
{@A-JUM|0|-4.173777E+06{@LIM2|+9.999999E+99|+1.710000E+02}}
}
{@BLOCK|r74109|00
{@A-JUM|0|-8.918731E+07{@LIM2|+9.999999E+99|+1.000000E+04}}
}
{@BLOCK|r70121|00
{@A-JUM|0|+2.612011E+07{@LIM2|+9.999999E+99|+1.000000E+04}}
}
{@BLOCK|r70123|00
{@A-JUM|0|+2.293573E+07{@LIM2|+9.999999E+99|+1.000000E+04}}
}
{@BLOCK|r74113|00
{@A-JUM|0|+9.797235E+06{@LIM2|+9.999999E+99|+1.000000E+04}}
}
{@BLOCK|r74115|00
{@A-JUM|0|+2.293515E+07{@LIM2|+9.999999E+99|+4.930000E+03}}
}
{@BLOCK|r74117|00
{@A-JUM|0|+1.161125E+07{@LIM2|+9.999999E+99|+1.000000E+04}}
}
{@BLOCK|r74118|00
{@A-JUM|0|-6.725210E+07{@LIM2|+9.999999E+99|+1.000000E+04}}
}
{@BLOCK|r74119|00
{@A-JUM|0|-6.313709E+06{@LIM2|+9.999999E+99|+1.000000E+04}}
}
{@BLOCK|r83101|00
{@A-JUM|0|+9.898209E+03{@LIM2|+9.999999E+99|+4.840000E+03}}
}
{@BLOCK|r94103|00
{@A-JUM|0|+2.293573E+07{@LIM2|+9.999999E+99|+1.000000E+04}}
}
{@BLOCK|jusb1_sp|00
{@A-JUM|0|+2.489702E+00{@LIM2|+4.920000E+02|+0.000000E+00}}
}
{@BLOCK|jusbc1_sp|00
{@A-JUM|0|+2.452180E+00{@LIM2|+4.920000E+02|+0.000000E+00}}
}
{@BLOCK|jusbc2_sp|00
{@A-JUM|0|+2.491176E+00{@LIM2|+4.920000E+02|+0.000000E+00}}
}
{@BLOCK|jhdmi1_sp|00
{@A-JUM|0|+2.380238E+00{@LIM2|+4.920000E+02|+0.000000E+00}}
}
{@BLOCK|jhp1_sp|00
{@A-JUM|0|+2.398460E+00{@LIM2|+4.920000E+02|+0.000000E+00}}
}
{@BLOCK|jrtc1_sp|00
{@A-JUM|0|+2.912449E+00{@LIM2|+4.920000E+02|+0.000000E+00}}
}
{@BLOCK|jbatt1_sp|00
{@A-JUM|0|+2.725906E+00{@LIM2|+4.920000E+02|+0.000000E+00}}
}
{@BLOCK|r74110|00
{@A-JUM|0|+3.099747E+07{@LIM2|+9.999999E+99|+5.650000E+03}}
}
{@BLOCK|r76218|00
{@A-JUM|0|+2.652970E+07{@LIM2|+9.999999E+99|+1.000000E+04}}
}
{@BLOCK|uwlan1_sp|00
{@A-JUM|0|+2.895555E+00{@LIM2|+4.920000E+02|+0.000000E+00}}
}
{@BLOCK|h43_sp|00
{@A-JUM|0|+2.692265E+00{@LIM2|+4.920000E+02|+0.000000E+00}}
}
{@BLOCK|h44_sp|00
{@A-JUM|0|+2.802158E+00{@LIM2|+4.920000E+02|+0.000000E+00}}
}
{@BLOCK|st5_sp|00
{@A-JUM|0|+2.917065E+00{@LIM2|+4.920000E+02|+0.000000E+00}}
}
{@BLOCK|st6_sp|00
{@A-JUM|0|+2.908135E+00{@LIM2|+4.920000E+02|+0.000000E+00}}
}
{@BLOCK|st7_sp|00
{@A-JUM|0|+2.790741E+00{@LIM2|+4.920000E+02|+0.000000E+00}}
}
{@BLOCK|st8_sp|00
{@A-JUM|0|+2.810180E+00{@LIM2|+4.920000E+02|+0.000000E+00}}
}
{@TS|0|000|000|000|shorts
}
{@BLOCK|c15038|00
{@A-CAP|0|+2.446178E-06{@LIM3|+2.100000E-06|+2.730000E-06|+1.470000E-06}}
}
{@BLOCK|pc1516|00
{@A-CAP|0|+4.173712E-04{@LIM3|+4.401010E-04|+5.721313E-04|+3.080100E-04}}
}
{@BLOCK|pc0802|00
{@A-CAP|0|+7.135724E-05{@LIM3|+6.620200E-05|+8.606260E-05|+4.633226E-05}}
}
{@BLOCK|c18001|00
{@A-CAP|0|+1.148248E-07{@LIM3|+1.180000E-07|+1.770000E-07|+5.900000E-08}}
}
{@BLOCK|c42001|00
{@A-CAP|0|+1.012755E-07{@LIM3|+1.000000E-07|+1.200000E-07|+8.000000E-08}}
}
{@BLOCK|c42002|00
{@A-CAP|0|+9.926297E-08{@LIM3|+9.000000E-08|+1.530000E-07|+2.700000E-08}}
}
{@BLOCK|c42003|00
{@A-CAP|0|+1.005109E-07{@LIM3|+1.000000E-07|+1.200000E-07|+8.000000E-08}}
}
{@BLOCK|c42004|00
{@A-CAP|0|+9.820068E-08{@LIM3|+1.000000E-07|+1.200000E-07|+8.000000E-08}}
}
{@BLOCK|c42005|00
{@A-CAP|0|+1.011867E-07{@LIM3|+1.000000E-07|+1.200000E-07|+8.000000E-08}}
}
{@BLOCK|c42006|00
{@A-CAP|0|+1.023210E-07{@LIM3|+1.000000E-07|+1.200000E-07|+8.000000E-08}}
}
{@BLOCK|c44010|00
{@A-CAP|0|+1.563601E-06{@LIM3|+1.540000E-06|+2.002000E-06|+1.078000E-06}}
}
{@BLOCK|c51105|00
{@A-CAP|0|+4.834509E-06{@LIM3|+3.910000E-06|+5.083000E-06|+2.737000E-06}}
}
{@BLOCK|c44009|00
{@A-CAP|0|+1.120244E-07{@LIM3|+1.000000E-07|+1.200000E-07|+8.000000E-08}}
}
{@BLOCK|c50401|00
{@A-CAP|0|+1.112342E-07{@LIM3|+1.000000E-07|+1.200000E-07|+8.000000E-08}}
}
{@BLOCK|c51101|00
{@A-CAP|0|+9.724393E-08{@LIM3|+1.000000E-07|+1.200000E-07|+8.000000E-08}}
}
{@BLOCK|c53104|00
{@A-CAP|0|+7.307784E-06{@LIM3|+6.440000E-06|+8.372000E-06|+4.508000E-06}}
}
{@BLOCK|c53125|00
{@A-CAP|0|+4.414602E-06{@LIM3|+4.800000E-06|+6.240000E-06|+3.360000E-06}}
}
{@BLOCK|pc0317|00
{@A-CAP|0|+1.725618E-04{@LIM3|+1.603050E-04|+2.083965E-04|+1.121914E-04}}
}
{@BLOCK|c63101|00
{@A-CAP|0|+1.423519E-06{@LIM3|+1.500000E-06|+1.950000E-06|+1.050000E-06}}
}
{@BLOCK|pc0510|00
{@A-CAP|0|+1.480913E-04{@LIM3|+1.437120E-04|+1.868256E-04|+1.005786E-04}}
}
{@BLOCK|c63403|00
{@A-CAP|0|+2.296933E-07{@LIM3|+2.000000E-07|+2.400000E-07|+1.600000E-07}}
}
{@BLOCK|c64101|00
{@A-CAP|0|+1.441033E-06{@LIM3|+1.500000E-06|+1.800000E-06|+1.050000E-06}}
}
{@BLOCK|c67201|00
{@A-CAP|0|+1.368936E-04{@LIM3|+1.502000E-04|+1.952600E-04|+1.049984E-04}}
}
{@BLOCK|c15002|00
{@A-CAP|0|+1.179285E-04{@LIM3|+1.146020E-04|+1.489826E-04|+8.020558E-05}}
}
{@BLOCK|c53126|00
{@A-CAP|0|+1.109839E-06{@LIM3|+1.000000E-06|+1.300000E-06|+7.000000E-07}}
}
{@BLOCK|c94001|00
{@A-CAP|0|+1.044009E-07{@LIM3|+1.000000E-07|+1.300000E-07|+7.000000E-08}}
}
{@BLOCK|c94002|00
{@A-CAP|0|+1.086799E-07{@LIM3|+1.000000E-07|+1.300000E-07|+8.000000E-08}}
}
{@BLOCK|c94003|00
{@A-CAP|0|+9.875280E-08{@LIM3|+1.000000E-07|+1.200000E-07|+8.000000E-08}}
}
{@BLOCK|c94004|00
{@A-CAP|0|+9.788198E-08{@LIM3|+1.000000E-07|+1.300000E-07|+7.000000E-08}}
}
{@BLOCK|c94005|00
{@A-CAP|0|+1.064089E-07{@LIM3|+1.000000E-07|+1.200000E-07|+8.000000E-08}}
}
{@BLOCK|c94007|00
{@A-CAP|0|+1.018621E-07{@LIM3|+1.000000E-07|+1.300000E-07|+7.000000E-08}}
}
{@BLOCK|c94008|00
{@A-CAP|0|+9.945755E-08{@LIM3|+1.000000E-07|+1.300000E-07|+7.000000E-08}}
}
{@BLOCK|c94009|00
{@A-CAP|0|+1.003889E-07{@LIM3|+1.000000E-07|+1.200000E-07|+8.000000E-08}}
}
{@BLOCK|c94010|00
{@A-CAP|0|+9.537780E-08{@LIM3|+1.000000E-07|+1.300000E-07|+7.000000E-08}}
}
{@BLOCK|c92004|00
{@A-CAP|0|+2.651705E-05{@LIM3|+3.231200E-05|+4.200560E-05|+2.261394E-05}}
}
{@BLOCK|c72001|00
{@A-CAP|0|+3.498892E-05{@LIM3|+3.032000E-05|+3.941600E-05|+2.122400E-05}}
}
{@BLOCK|c76103|00
{@A-CAP|0|+2.192575E-05{@LIM3|+2.340000E-05|+3.042000E-05|+1.637677E-05}}
}
{@BLOCK|c76106|00
{@A-CAP|0|+1.823915E-05{@LIM3|+1.710000E-05|+2.223000E-05|+1.196764E-05}}
}
{@BLOCK|c92007|00
{@A-CAP|0|+1.778988E-07{@LIM3|+1.500000E-07|+1.950000E-07|+1.050000E-07}}
}
{@BLOCK|c94101|00
{@A-CAP|0|+1.341829E-06{@LIM3|+1.410000E-06|+1.833000E-06|+9.870000E-07}}
}
{@BLOCK|c94108|00
{@A-CAP|0|+1.174740E-06{@LIM3|+1.200000E-06|+1.560000E-06|+8.400000E-07}}
}
{@BLOCK|pc0234|00
{@A-CAP|0|+1.279828E-04{@LIM3|+1.116290E-04|+1.451177E-04|+7.812490E-05}}
}
{@BLOCK|c94307|00
{@A-CAP|0|+1.138678E-09{@LIM3|+1.047000E-09|+1.413450E-09|+6.805500E-10}}
}
{@BLOCK|c95305|00
{@A-CAP|0|+1.263058E-07{@LIM3|+1.022000E-07|+1.379700E-07|+6.643000E-08}}
}
{@BLOCK|pc0003|00
{@A-CAP|0|+9.492720E-08{@LIM3|+1.000000E-07|+1.300000E-07|+7.000000E-08}}
}
{@BLOCK|c59012|00
{@A-CAP|0|+8.707179E-06{@LIM3|+8.800000E-06|+1.056000E-05|+7.040000E-06}}
}
{@BLOCK|c59006|00
{@A-CAP|0|+1.020569E-05{@LIM3|+8.800000E-06|+1.056000E-05|+7.040000E-06}}
}
{@BLOCK|pc0221|00
{@A-CAP|0|+2.085912E-05{@LIM3|+1.770000E-05|+2.124000E-05|+1.416000E-05}}
}
{@BLOCK|c59013|00
{@A-CAP|0|+2.036486E-04{@LIM3|+1.961020E-04|+2.549326E-04|+1.372443E-04}}
}
{@BLOCK|pc0939|00
{@A-CAP|0|+8.263568E-04{@LIM3|+9.212100E-04|+1.197573E-03|+6.435720E-04}}
}
{@BLOCK|pc1213|00
{@A-CAP|0|+9.851625E-08{@LIM3|+1.001000E-07|+1.301300E-07|+7.007000E-08}}
}
{@BLOCK|c95303|00
{@A-CAP|0|+4.504689E-10{@LIM3|+4.570000E-10|+5.629408E-10|+3.656000E-10}}
}
{@BLOCK|c45301|00
{@A-CAP|0|+1.038929E-08{@LIM3|+1.000000E-08|+1.200000E-08|+8.000000E-09}}
}
{@BLOCK|pc1402|00
{@A-CAP|0|+5.679271E-04{@LIM3|+5.770000E-04|+7.501000E-04|+4.038204E-04}}
}
{@BLOCK|pc1502|00
{@A-CAP|0|+1.455807E-03{@LIM3|+1.983000E-03|+2.974500E-03|+9.915000E-04}}
}
{@BLOCK|pc1106|00
{@A-CAP|0|+5.471641E-06{@LIM3|+4.700000E-06|+6.110000E-06|+3.290000E-06}}
}
{@BLOCK|pc1469|00
{@A-CAP|0|+8.737663E-05{@LIM3|+8.800000E-05|+1.144000E-04|+6.158786E-05}}
}
{@BLOCK|c17007|00
{@A-CAP|0|+3.960292E-04{@LIM3|+4.007000E-04|+5.209100E-04|+2.804347E-04}}
}
{@BLOCK|c44005|00
{@A-CAP|0|+1.043863E-06{@LIM3|+1.000000E-06|+1.300000E-06|+7.000000E-07}}
}
{@BLOCK|c50103|00
{@A-CAP|0|+1.069496E-06{@LIM3|+1.000000E-06|+1.300000E-06|+7.000000E-07}}
}
{@BLOCK|c50104|00
{@A-CAP|0|+1.079570E-06{@LIM3|+1.000000E-06|+1.300000E-06|+7.000000E-07}}
}
{@BLOCK|c54101|00
{@A-CAP|0|+8.940511E-06{@LIM3|+8.600000E-06|+1.118000E-05|+6.020000E-06}}
}
{@BLOCK|c94109|00
{@A-CAP|0|+1.016379E-06{@LIM3|+1.000000E-06|+1.300000E-06|+7.000000E-07}}
}
{@BLOCK|c15045|00
{@A-CAP|0|+1.608190E-05{@LIM3|+1.720000E-05|+2.236000E-05|+1.204000E-05}}
}
{@BLOCK|c15058|00
{@A-CAP|0|+1.532878E-05{@LIM3|+1.220000E-05|+1.708000E-05|+8.540000E-06}}
}
{@BLOCK|pc1584|00
{@A-CAP|0|+1.578435E-04{@LIM3|+1.348000E-04|+1.752400E-04|+9.434140E-05}}
}
{@BLOCK|c16016|00
{@A-CAP|0|+2.594835E-05{@LIM3|+2.240000E-05|+2.912000E-05|+1.568000E-05}}
}
{@BLOCK|c16018|00
{@A-CAP|0|+2.281666E-05{@LIM3|+2.140000E-05|+2.782000E-05|+1.498000E-05}}
}
{@BLOCK|c16020|00
{@A-CAP|0|+2.433759E-05{@LIM3|+2.240000E-05|+2.912000E-05|+1.568000E-05}}
}
{@BLOCK|c16022|00
{@A-CAP|0|+2.301739E-05{@LIM3|+1.940000E-05|+2.522000E-05|+1.358000E-05}}
}
{@BLOCK|pc1206|00
{@A-CAP|0|+2.506324E-05{@LIM3|+1.950000E-05|+2.632500E-05|+1.267500E-05}}
}
{@BLOCK|pc1591|00
{@A-CAP|0|+9.515289E-05{@LIM3|+8.080000E-05|+1.050400E-04|+5.654885E-05}}
}
{@BLOCK|c55111|00
{@A-CAP|0|+1.268863E-05{@LIM3|+1.220000E-05|+1.586000E-05|+8.540000E-06}}
}
{@BLOCK|c57109|00
{@A-CAP|0|+1.291996E-05{@LIM3|+1.220000E-05|+1.586000E-05|+8.540000E-06}}
}
{@BLOCK|c59004|00
{@A-CAP|0|+1.084080E-05{@LIM3|+1.000000E-05|+1.300000E-05|+7.000000E-06}}
}
{@BLOCK|pc0203|00
{@A-CAP|0|+6.951720E-05{@LIM3|+6.843300E-05|+8.896290E-05|+4.789366E-05}}
}
{@BLOCK|pc0940|00
{@A-CAP|0|+8.620628E-05{@LIM3|+8.800000E-05|+1.144000E-04|+6.158786E-05}}
}
{@BLOCK|c55114|00
{@A-CAP|0|+9.469813E-05{@LIM3|+9.240000E-05|+1.201200E-04|+6.466725E-05}}
}
{@BLOCK|c55121|00
{@A-CAP|0|+1.756901E-04{@LIM3|+1.386000E-04|+1.801800E-04|+9.700087E-05}}
}
{@BLOCK|c57112|00
{@A-CAP|0|+9.829299E-05{@LIM3|+9.240000E-05|+1.201200E-04|+6.466725E-05}}
}
{@BLOCK|c57119|00
{@A-CAP|0|+1.582984E-04{@LIM3|+1.386000E-04|+1.801800E-04|+9.700087E-05}}
}
{@BLOCK|pc1438|00
{@A-CAP|0|+3.538022E-04{@LIM3|+3.740000E-04|+4.862000E-04|+2.617484E-04}}
}
{@BLOCK|pc1559|00
{@A-CAP|0|+1.127258E-04{@LIM3|+1.100000E-04|+1.430000E-04|+7.698482E-05}}
}
{@BLOCK|pc0306|00
{@A-CAP|0|+2.222344E-06{@LIM3|+2.200000E-06|+2.860000E-06|+1.540000E-06}}
}
{@BLOCK|pc0924|00
{@A-CAP|0|+5.324573E-07{@LIM3|+4.650000E-07|+6.277500E-07|+3.720000E-07}}
}
{@BLOCK|pc0926|00
{@A-CAP|0|+4.965216E-07{@LIM3|+4.700000E-07|+5.640000E-07|+3.760000E-07}}
}
{@BLOCK|c51103|00
{@A-CAP|0|+2.359047E-06{@LIM3|+2.200000E-06|+2.640000E-06|+1.760000E-06}}
}
{@BLOCK|c55109|00
{@A-CAP|0|+2.369172E-06{@LIM3|+2.200000E-06|+2.640000E-06|+1.540000E-06}}
}
{@BLOCK|c57107|00
{@A-CAP|0|+2.410279E-06{@LIM3|+2.200000E-06|+2.640000E-06|+1.760000E-06}}
}
{@BLOCK|c83405|00
{@A-CAP|0|+2.206466E-06{@LIM3|+2.200000E-06|+2.640000E-06|+1.540000E-06}}
}
{@BLOCK|c83406|00
{@A-CAP|0|+2.203945E-06{@LIM3|+2.200000E-06|+2.640000E-06|+1.760000E-06}}
}
{@BLOCK|pc0230|00
{@A-CAP|0|+3.032383E-06{@LIM3|+2.800000E-06|+4.200000E-06|+1.400000E-06}}
}
{@BLOCK|pc0901|00
{@A-CAP|0|+6.796363E-05{@LIM3|+5.980000E-05|+8.073000E-05|+4.186000E-05}}
}
{@BLOCK|pc0231|00
{@A-CAP|0|+2.907567E-06{@LIM3|+2.800000E-06|+3.640000E-06|+2.240000E-06}}
}
{@BLOCK|c55103|00
{@A-CAP|0|+7.748759E-10{@LIM3|+6.200000E-10|+8.370000E-10|+4.030000E-10}}
}
{@BLOCK|pc0905|00
{@A-CAP|0|+5.276196E-06{@LIM3|+4.700000E-06|+6.110000E-06|+3.290000E-06}}
}
{@BLOCK|c59007|00
{@A-CAP|0|+4.556903E-10{@LIM3|+4.500000E-10|+5.850000E-10|+3.150000E-10}}
}
{@BLOCK|c59008|00
{@A-CAP|0|+4.342662E-10{@LIM3|+4.500000E-10|+5.850000E-10|+3.150000E-10}}
}
{@BLOCK|c59017|00
{@A-CAP|0|+4.122329E-10{@LIM3|+3.300000E-10|+4.455000E-10|+2.145000E-10}}
}
{@BLOCK|c59018|00
{@A-CAP|0|+4.049198E-10{@LIM3|+4.300000E-10|+5.590000E-10|+3.010000E-10}}
}
{@BLOCK|pc0102|00
{@A-CAP|0|+2.065797E-09{@LIM3|+2.200000E-09|+2.640000E-09|+1.760000E-09}}
}
{@BLOCK|c83414|00
{@A-CAP|0|+1.122458E-09{@LIM3|+1.000000E-09|+1.300000E-09|+7.000000E-10}}
}
{@BLOCK|c83415|00
{@A-CAP|0|+1.140971E-09{@LIM3|+1.000000E-09|+1.300000E-09|+7.000000E-10}}
}
{@BLOCK|c83416|00
{@A-CAP|0|+1.125980E-09{@LIM3|+1.000000E-09|+1.300000E-09|+7.000000E-10}}
}
{@BLOCK|c83417|00
{@A-CAP|0|+1.230166E-09{@LIM3|+1.000000E-09|+1.350000E-09|+7.000000E-10}}
}
{@BLOCK|c84401|00
{@A-CAP|0|+1.077235E-09{@LIM3|+1.000000E-09|+1.177000E-09|+8.000000E-10}}
}
{@BLOCK|c84402|00
{@A-CAP|0|+1.070709E-09{@LIM3|+1.000000E-09|+1.177000E-09|+8.000000E-10}}
}
{@BLOCK|c94306|00
{@A-CAP|0|+1.201795E-09{@LIM3|+1.000000E-09|+1.250000E-09|+8.000000E-10}}
}
{@BLOCK|pc0005|00
{@A-CAP|0|+1.169579E-09{@LIM3|+1.000000E-09|+1.300000E-09|+7.000000E-10}}
}
{@BLOCK|pr0003|00
{@A-RES|0|+9.753105E+04{@LIM3|+1.000000E+05|+1.150000E+05|+8.500000E+04}}
}
{@BLOCK|pr0007|00
{@A-RES|0|+9.953555E+04{@LIM3|+1.000000E+05|+1.150000E+05|+8.500000E+04}}
}
{@BLOCK|pr0212|00
{@A-RES|0|+1.001183E+05{@LIM3|+1.000000E+05|+1.150000E+05|+8.500000E+04}}
}
{@BLOCK|pr0802|00
{@A-RES|0|+1.011629E+05{@LIM3|+1.000000E+05|+1.150000E+05|+8.500000E+04}}
}
{@BLOCK|pr1601|00
{@A-RES|0|+9.896995E+04{@LIM3|+1.000000E+05|+1.150000E+05|+8.500000E+04}}
}
{@BLOCK|pr1602|00
{@A-RES|0|+1.008591E+05{@LIM3|+1.000000E+05|+1.150000E+05|+8.500000E+04}}
}
{@BLOCK|pr1603|00
{@A-RES|0|+9.956717E+04{@LIM3|+1.000000E+05|+1.150000E+05|+8.500000E+04}}
}
{@BLOCK|pr1604|00
{@A-RES|0|+9.826679E+04{@LIM3|+1.000000E+05|+1.150000E+05|+8.500000E+04}}
}
{@BLOCK|pr1648|00
{@A-RES|0|+9.959866E+04{@LIM3|+1.000000E+05|+1.150000E+05|+8.500000E+04}}
}
{@BLOCK|r05008|00
{@A-RES|0|+9.817448E+04{@LIM3|+1.000000E+05|+1.150000E+05|+8.500000E+04}}
}
{@BLOCK|r05011|00
{@A-RES|0|+9.905801E+04{@LIM3|+1.000000E+05|+1.150000E+05|+8.500000E+04}}
}
{@BLOCK|r05013|00
{@A-RES|0|+9.027264E+04{@LIM3|+1.000000E+05|+1.250000E+05|+7.500000E+04}}
}
{@BLOCK|r05014|00
{@A-RES|0|+9.921830E+04{@LIM3|+1.000000E+05|+1.150000E+05|+8.500000E+04}}
}
{@BLOCK|r12006|00
{@A-RES|0|+9.692997E+04{@LIM3|+1.000000E+05|+1.150000E+05|+8.500000E+04}}
}
{@BLOCK|r12016|00
{@A-RES|0|+9.929236E+03{@LIM3|+1.000000E+04|+1.100000E+04|+9.000000E+03}}
}
{@BLOCK|r12010|00
{@A-RES|0|+9.825653E+04{@LIM3|+1.000000E+05|+1.150000E+05|+8.500000E+04}}
}
{@BLOCK|r12012|00
{@A-RES|0|+9.568741E+04{@LIM3|+1.000000E+05|+1.150000E+05|+8.500000E+04}}
}
{@BLOCK|pr1315|00
{@A-RES|0|+4.821252E+02{@LIM3|+5.201000E+02|+6.501250E+02|+3.640700E+02}}
}
{@BLOCK|r41008|00
{@A-RES|0|+9.939880E+04{@LIM3|+1.000000E+05|+1.150000E+05|+8.500000E+04}}
}
{@BLOCK|r42009|00
{@A-RES|0|+9.888671E+04{@LIM3|+1.000000E+05|+1.150000E+05|+8.500000E+04}}
}
{@BLOCK|r42010|00
{@A-RES|0|+9.882436E+04{@LIM3|+1.000000E+05|+1.150000E+05|+8.500000E+04}}
}
{@BLOCK|r42028|00
{@A-RES|0|+1.008808E+05{@LIM3|+1.000000E+05|+1.150000E+05|+8.500000E+04}}
}
{@BLOCK|r43012|00
{@A-RES|0|+9.924148E+04{@LIM3|+1.000000E+05|+1.150000E+05|+8.500000E+04}}
}
{@BLOCK|r43013|00
{@A-RES|0|+1.007619E+05{@LIM3|+1.000000E+05|+1.150000E+05|+8.500000E+04}}
}
{@BLOCK|r43015|00
{@A-RES|0|+1.008267E+05{@LIM3|+1.000000E+05|+1.150000E+05|+8.500000E+04}}
}
{@BLOCK|r43018|00
{@A-RES|0|+9.975421E+04{@LIM3|+1.000000E+05|+1.150000E+05|+8.500000E+04}}
}
{@BLOCK|r43019|00
{@A-RES|0|+9.960935E+04{@LIM3|+1.000000E+05|+1.150000E+05|+8.500000E+04}}
}
{@BLOCK|r43020|00
{@A-RES|0|+1.002222E+05{@LIM3|+1.000000E+05|+1.150000E+05|+8.500000E+04}}
}
{@BLOCK|r43024|00
{@A-RES|0|+9.962246E+04{@LIM3|+1.000000E+05|+1.150000E+05|+8.500000E+04}}
}
{@BLOCK|r43028|00
{@A-RES|0|+1.012609E+05{@LIM3|+1.000000E+05|+1.150000E+05|+8.500000E+04}}
}
{@BLOCK|r43032|00
{@A-RES|0|+5.262574E+04{@LIM3|+5.000000E+04|+5.750000E+04|+4.250000E+04}}
}
{@BLOCK|r43033|00
{@A-RES|0|+9.906377E+04{@LIM3|+1.000000E+05|+1.150000E+05|+8.500000E+04}}
}
{@BLOCK|r43035|00
{@A-RES|0|+9.873100E+04{@LIM3|+1.000000E+05|+1.150000E+05|+8.500000E+04}}
}
{@BLOCK|r45232|00
{@A-RES|0|+9.924148E+04{@LIM3|+1.000000E+05|+1.150000E+05|+8.500000E+04}}
}
{@BLOCK|r45233|00
{@A-RES|0|+9.992684E+04{@LIM3|+1.000000E+05|+1.150000E+05|+8.500000E+04}}
}
{@BLOCK|r46205|00
{@A-RES|0|+9.918914E+04{@LIM3|+1.000000E+05|+1.150000E+05|+8.500000E+04}}
}
{@BLOCK|r46209|00
{@A-RES|0|+6.629092E+04{@LIM3|+6.000000E+04|+8.100000E+04|+3.900000E+04}}
}
{@BLOCK|pc0202|00
{@A-CAP|0|+4.375658E-08{@LIM3|+4.700000E-08|+5.640000E-08|+3.760000E-08}}
}
{@BLOCK|r41012|00
{@A-RES|0|+1.016756E+05{@LIM3|+1.000000E+05|+1.150000E+05|+8.500000E+04}}
}
{@BLOCK|r42008|00
{@A-RES|0|+9.998429E+04{@LIM3|+1.000000E+05|+1.150000E+05|+8.500000E+04}}
}
{@BLOCK|r42020|00
{@A-RES|0|+9.901542E+04{@LIM3|+1.000000E+05|+1.150000E+05|+8.500000E+04}}
}
{@BLOCK|r44003|00
{@A-RES|0|+9.906875E+04{@LIM3|+1.000000E+05|+1.150000E+05|+8.500000E+04}}
}
{@BLOCK|r45231|00
{@A-RES|0|+9.930410E+04{@LIM3|+1.000000E+05|+1.150000E+05|+8.500000E+04}}
}
{@BLOCK|r46201|00
{@A-RES|0|+1.022636E+05{@LIM3|+1.000000E+05|+1.150000E+05|+8.500000E+04}}
}
{@BLOCK|r50004|00
{@A-RES|0|+9.963764E+04{@LIM3|+1.000000E+05|+1.150000E+05|+8.500000E+04}}
}
{@BLOCK|r46210|00
{@A-RES|0|+6.536655E+04{@LIM3|+6.000000E+04|+8.100000E+04|+3.900000E+04}}
}
{@BLOCK|r46211|00
{@A-RES|0|+6.548103E+04{@LIM3|+6.000000E+04|+8.100000E+04|+3.900000E+04}}
}
{@BLOCK|r51216|00
{@A-RES|0|+1.003105E+05{@LIM3|+1.000000E+05|+1.150000E+05|+8.500000E+04}}
}
{@BLOCK|r51219|00
{@A-RES|0|+1.002238E+05{@LIM3|+1.000000E+05|+1.150000E+05|+8.500000E+04}}
}
{@BLOCK|r05015|00
{@A-RES|0|+9.971495E+04{@LIM3|+1.000000E+05|+1.110000E+05|+8.900000E+04}}
}
{@BLOCK|r58003|00
{@A-RES|0|+9.970879E+04{@LIM3|+1.000000E+05|+1.150000E+05|+8.500000E+04}}
}
{@BLOCK|r58012|00
{@A-RES|0|+9.919961E+04{@LIM3|+1.000000E+05|+1.150000E+05|+8.500000E+04}}
}
{@BLOCK|r58015|00
{@A-RES|0|+9.757355E+04{@LIM3|+1.000000E+05|+1.150000E+05|+8.500000E+04}}
}
{@BLOCK|r58016|00
{@A-RES|0|+9.743204E+04{@LIM3|+1.000000E+05|+1.150000E+05|+8.500000E+04}}
}
{@BLOCK|r59019|00
{@A-RES|0|+9.996238E+04{@LIM3|+1.000000E+05|+1.150000E+05|+8.500000E+04}}
}
{@BLOCK|r59020|00
{@A-RES|0|+9.955526E+04{@LIM3|+1.000000E+05|+1.250000E+05|+7.500000E+04}}
}
{@BLOCK|r59021|00
{@A-RES|0|+9.928338E+04{@LIM3|+1.000000E+05|+1.150000E+05|+8.500000E+04}}
}
{@BLOCK|r59022|00
{@A-RES|0|+9.957771E+04{@LIM3|+1.000000E+05|+1.150000E+05|+8.500000E+04}}
}
{@BLOCK|r59028|00
{@A-RES|0|+9.950396E+04{@LIM3|+1.000000E+05|+1.150000E+05|+8.500000E+04}}
}
{@BLOCK|r59029|00
{@A-RES|0|+1.003748E+05{@LIM3|+1.000000E+05|+1.150000E+05|+8.500000E+04}}
}
{@BLOCK|r59030|00
{@A-RES|0|+1.000438E+05{@LIM3|+1.000000E+05|+1.150000E+05|+8.500000E+04}}
}
{@BLOCK|r72002|00
{@A-RES|0|+9.858023E+04{@LIM3|+1.000000E+05|+1.150000E+05|+8.500000E+04}}
}
{@BLOCK|r76217|00
{@A-RES|0|+9.869991E+04{@LIM3|+1.000000E+05|+1.150000E+05|+8.500000E+04}}
}
{@BLOCK|r84204|00
{@A-RES|0|+9.978019E+04{@LIM3|+1.000000E+05|+1.150000E+05|+8.500000E+04}}
}
{@BLOCK|r85205|00
{@A-RES|0|+1.001452E+05{@LIM3|+1.000000E+05|+1.150000E+05|+8.500000E+04}}
}
{@BLOCK|r05012|00
{@A-RES|0|+9.986318E+04{@LIM3|+1.000000E+05|+1.110000E+05|+8.900000E+04}}
}
{@BLOCK|pr0006|00
{@A-RES|0|+3.285743E+04{@LIM3|+3.300000E+04|+3.795000E+04|+2.805000E+04}}
}
{@BLOCK|r74205|00
{@A-RES|0|+3.272238E+04{@LIM3|+3.300000E+04|+3.630000E+04|+2.970000E+04}}
}
{@BLOCK|pr0008|00
{@A-RES|0|+9.754506E+03{@LIM3|+1.000000E+04|+1.100000E+04|+9.000000E+03}}
}
{@BLOCK|pr0012|00
{@A-RES|0|+1.003575E+04{@LIM3|+1.000000E+04|+1.100000E+04|+9.000000E+03}}
}
{@BLOCK|pr1016|00
{@A-RES|0|+9.956086E+03{@LIM3|+1.000000E+04|+1.100000E+04|+9.000000E+03}}
}
{@BLOCK|pr1109|00
{@A-RES|0|+9.999478E+03{@LIM3|+1.000000E+04|+1.100000E+04|+9.000000E+03}}
}
{@BLOCK|pr1215|00
{@A-RES|0|+1.010692E+04{@LIM3|+1.000000E+04|+1.100000E+04|+9.000000E+03}}
}
{@BLOCK|pr1314|00
{@A-RES|0|+9.969804E+03{@LIM3|+1.000000E+04|+1.100000E+04|+9.000000E+03}}
}
{@BLOCK|pr1628|00
{@A-RES|0|+9.963468E+03{@LIM3|+1.000000E+04|+1.100000E+04|+9.000000E+03}}
}
{@BLOCK|r05016|00
{@A-RES|0|+9.573938E+03{@LIM3|+1.000000E+04|+1.100000E+04|+9.000000E+03}}
}
{@BLOCK|r05017|00
{@A-RES|0|+9.912023E+03{@LIM3|+1.000000E+04|+1.100000E+04|+9.000000E+03}}
}
{@BLOCK|r92002|00
{@A-RES|0|+9.627395E+04{@LIM3|+1.000000E+05|+1.350000E+05|+6.500000E+04}}
}
{@BLOCK|r11001|00
{@A-RES|0|+9.908856E+03{@LIM3|+1.000000E+04|+1.100000E+04|+9.000000E+03}}
}
{@BLOCK|r41001|00
{@A-RES|0|+1.005284E+04{@LIM3|+1.000000E+04|+1.100000E+04|+9.000000E+03}}
}
{@BLOCK|r41002|00
{@A-RES|0|+1.002491E+04{@LIM3|+1.000000E+04|+1.100000E+04|+9.000000E+03}}
}
{@BLOCK|r42004|00
{@A-RES|0|+9.974379E+03{@LIM3|+1.000000E+04|+1.100000E+04|+9.000000E+03}}
}
{@BLOCK|r42006|00
{@A-RES|0|+9.933996E+03{@LIM3|+1.000000E+04|+1.100000E+04|+9.000000E+03}}
}
{@BLOCK|r43004|00
{@A-RES|0|+9.913660E+03{@LIM3|+1.000000E+04|+1.100000E+04|+9.000000E+03}}
}
{@BLOCK|r43005|00
{@A-RES|0|+1.001182E+04{@LIM3|+1.000000E+04|+1.100000E+04|+9.000000E+03}}
}
{@BLOCK|r07011|00
{@A-RES|0|+9.978793E+03{@LIM3|+1.000000E+04|+1.100000E+04|+8.000000E+03}}
}
{@BLOCK|r07019|00
{@A-RES|0|+1.002399E+04{@LIM3|+1.000000E+04|+1.100000E+04|+9.000000E+03}}
}
{@BLOCK|r09001|00
{@A-RES|0|+9.905761E+03{@LIM3|+1.000000E+04|+1.100000E+04|+9.000000E+03}}
}
{@BLOCK|r12009|00
{@A-RES|0|+9.978793E+03{@LIM3|+1.000000E+04|+1.100000E+04|+9.000000E+03}}
}
{@BLOCK|r12015|00
{@A-RES|0|+1.077060E+04{@LIM3|+1.000000E+04|+1.100000E+04|+9.000000E+03}}
}
{@BLOCK|r18001|00
{@A-RES|0|+9.850528E+03{@LIM3|+1.000000E+04|+1.100000E+04|+9.000000E+03}}
}
{@BLOCK|r44012|00
{@A-RES|0|+9.904463E+03{@LIM3|+1.000000E+04|+1.100000E+04|+9.000000E+03}}
}
{@BLOCK|r44017|00
{@A-RES|0|+1.001812E+04{@LIM3|+1.000000E+04|+1.100000E+04|+9.000000E+03}}
}
{@BLOCK|r43023|00
{@A-RES|0|+9.983577E+03{@LIM3|+1.000000E+04|+1.100000E+04|+9.000000E+03}}
}
{@BLOCK|r45202|00
{@A-RES|0|+9.987912E+03{@LIM3|+1.000000E+04|+1.100000E+04|+9.000000E+03}}
}
{@BLOCK|r45203|00
{@A-RES|0|+1.004571E+04{@LIM3|+1.000000E+04|+1.100000E+04|+9.000000E+03}}
}
{@BLOCK|r45204|00
{@A-RES|0|+9.968435E+03{@LIM3|+1.000000E+04|+1.100000E+04|+9.000000E+03}}
}
{@BLOCK|r45205|00
{@A-RES|0|+9.998223E+03{@LIM3|+1.000000E+04|+1.100000E+04|+9.000000E+03}}
}
{@BLOCK|r45206|00
{@A-RES|0|+1.010417E+04{@LIM3|+1.000000E+04|+1.100000E+04|+9.000000E+03}}
}
{@BLOCK|r45207|00
{@A-RES|0|+1.003366E+04{@LIM3|+1.000000E+04|+1.100000E+04|+9.000000E+03}}
}
{@BLOCK|r45208|00
{@A-RES|0|+1.006494E+04{@LIM3|+1.000000E+04|+1.100000E+04|+9.000000E+03}}
}
{@BLOCK|r46204|00
{@A-RES|0|+1.006098E+04{@LIM3|+1.000000E+04|+1.100000E+04|+9.000000E+03}}
}
{@BLOCK|r46206|00
{@A-RES|0|+1.007229E+04{@LIM3|+1.000000E+04|+1.100000E+04|+9.000000E+03}}
}
{@BLOCK|r48202|00
{@A-RES|0|+1.077183E+04{@LIM3|+1.000000E+04|+1.100000E+04|+9.000000E+03}}
}
{@BLOCK|r53222|00
{@A-RES|0|+1.001918E+04{@LIM3|+1.000000E+04|+1.100000E+04|+9.000000E+03}}
}
{@BLOCK|r54215|00
{@A-RES|0|+1.004156E+04{@LIM3|+1.000000E+04|+1.100000E+04|+9.000000E+03}}
}
{@BLOCK|r56206|00
{@A-RES|0|+1.009661E+04{@LIM3|+1.000000E+04|+1.100000E+04|+9.000000E+03}}
}
{@BLOCK|r56208|00
{@A-RES|0|+9.990451E+03{@LIM3|+1.000000E+04|+1.100000E+04|+9.000000E+03}}
}
{@BLOCK|r59004|00
{@A-RES|0|+1.000799E+04{@LIM3|+1.000000E+04|+1.100000E+04|+9.000000E+03}}
}
{@BLOCK|r45209|00
{@A-RES|0|+1.005284E+04{@LIM3|+1.000000E+04|+1.100000E+04|+9.000000E+03}}
}
{@BLOCK|r46212|00
{@A-RES|0|+1.000692E+04{@LIM3|+1.000000E+04|+1.100000E+04|+9.000000E+03}}
}
{@BLOCK|r46214|00
{@A-RES|0|+1.005614E+04{@LIM3|+1.000000E+04|+1.100000E+04|+9.000000E+03}}
}
{@BLOCK|r58001|00
{@A-RES|0|+1.002763E+04{@LIM3|+1.000000E+04|+1.150000E+04|+8.500000E+03}}
}
{@BLOCK|r70208|00
{@A-RES|0|+9.967355E+03{@LIM3|+1.000000E+04|+1.100000E+04|+9.000000E+03}}
}
{@BLOCK|r76209|00
{@A-RES|0|+9.994491E+03{@LIM3|+1.000000E+04|+1.100000E+04|+9.000000E+03}}
}
{@BLOCK|r76214|00
{@A-RES|0|+9.947608E+03{@LIM3|+1.000000E+04|+1.100000E+04|+9.000000E+03}}
}
{@BLOCK|r84203|00
{@A-RES|0|+9.976541E+03{@LIM3|+1.000000E+04|+1.100000E+04|+9.000000E+03}}
}
{@BLOCK|r74210|00
{@A-RES|0|+9.957667E+03{@LIM3|+1.000000E+04|+1.100000E+04|+9.000000E+03}}
}
{@BLOCK|r74213|00
{@A-RES|0|+1.005506E+04{@LIM3|+1.000000E+04|+1.100000E+04|+9.000000E+03}}
}
{@BLOCK|r76210|00
{@A-RES|0|+1.001065E+04{@LIM3|+1.000000E+04|+1.100000E+04|+9.000000E+03}}
}
{@BLOCK|r76213|00
{@A-RES|0|+1.006416E+04{@LIM3|+1.000000E+04|+1.100000E+04|+9.000000E+03}}
}
{@BLOCK|r83203|00
{@A-RES|0|+9.904196E+03{@LIM3|+1.000000E+04|+1.100000E+04|+9.000000E+03}}
}
{@BLOCK|r83204|00
{@A-RES|0|+1.006630E+04{@LIM3|+1.000000E+04|+1.150000E+04|+8.500000E+03}}
}
{@BLOCK|r94206|00
{@A-RES|0|+1.006018E+04{@LIM3|+1.000000E+04|+1.100000E+04|+9.000000E+03}}
}
{@BLOCK|r06005|00
{@A-RES|0|+4.699919E+03{@LIM3|+4.700000E+03|+5.170000E+03|+4.230000E+03}}
}
{@BLOCK|r98205|00
{@A-RES|0|+9.997353E+03{@LIM3|+1.000000E+04|+1.100000E+04|+9.000000E+03}}
}
{@BLOCK|pr0009|00
{@A-RES|0|+9.966212E+04{@LIM3|+1.000000E+05|+1.110000E+05|+8.900000E+04}}
}
{@BLOCK|pr0710|00
{@A-RES|0|+9.946187E+04{@LIM3|+1.000000E+05|+1.110000E+05|+8.900000E+04}}
}
{@BLOCK|pr1107|00
{@A-RES|0|+1.001503E+05{@LIM3|+1.000000E+05|+1.110000E+05|+8.900000E+04}}
}
{@BLOCK|r92001|00
{@A-RES|0|+9.941779E+04{@LIM3|+1.000000E+05|+1.110000E+05|+8.900000E+04}}
}
{@BLOCK|r07003|00
{@A-RES|0|+9.997299E+02{@LIM3|+1.000000E+03|+1.100000E+03|+9.000000E+02}}
}
{@BLOCK|r07005|00
{@A-RES|0|+9.942328E+02{@LIM3|+1.000000E+03|+1.100000E+03|+9.000000E+02}}
}
{@BLOCK|r07007|00
{@A-RES|0|+1.001594E+03{@LIM3|+1.000000E+03|+1.100000E+03|+9.000000E+02}}
}
{@BLOCK|r07009|00
{@A-RES|0|+1.010637E+03{@LIM3|+1.000000E+03|+1.100000E+03|+9.000000E+02}}
}
{@BLOCK|r07010|00
{@A-RES|0|+1.008956E+03{@LIM3|+1.000000E+03|+1.100000E+03|+9.000000E+02}}
}
{@BLOCK|r12008|00
{@A-RES|0|+9.957595E+02{@LIM3|+1.000000E+03|+1.100000E+03|+9.000000E+02}}
}
{@BLOCK|r20002|00
{@A-RES|0|+9.985620E+02{@LIM3|+1.000000E+03|+1.100000E+03|+9.000000E+02}}
}
{@BLOCK|r20014|00
{@A-RES|0|+1.024456E+03{@LIM3|+1.000000E+03|+1.100000E+03|+9.000000E+02}}
}
{@BLOCK|r20015|00
{@A-RES|0|+1.005664E+03{@LIM3|+1.000000E+03|+1.100000E+03|+9.000000E+02}}
}
{@BLOCK|r20016|00
{@A-RES|0|+1.009823E+03{@LIM3|+1.000000E+03|+1.100000E+03|+9.000000E+02}}
}
{@BLOCK|r43017|00
{@A-RES|0|+1.011561E+03{@LIM3|+1.000000E+03|+1.100000E+03|+9.000000E+02}}
}
{@BLOCK|r50207|00
{@A-RES|0|+9.187024E+02{@LIM3|+1.000000E+03|+1.100000E+03|+9.000000E+02}}
}
{@BLOCK|r58008|00
{@A-RES|0|+1.005503E+03{@LIM3|+1.000000E+03|+1.100000E+03|+9.000000E+02}}
}
{@BLOCK|r58009|00
{@A-RES|0|+9.968680E+02{@LIM3|+1.000000E+03|+1.100000E+03|+9.000000E+02}}
}
{@BLOCK|r76206|00
{@A-RES|0|+1.000847E+03{@LIM3|+1.000000E+03|+1.100000E+03|+9.000000E+02}}
}
{@BLOCK|r45201|00
{@A-RES|0|+1.999265E+04{@LIM3|+2.000000E+04|+2.200000E+04|+1.800000E+04}}
}
{@BLOCK|r50002|00
{@A-RES|0|+2.011708E+04{@LIM3|+2.000000E+04|+2.200000E+04|+1.800000E+04}}
}
{@BLOCK|r50003|00
{@A-RES|0|+1.982159E+04{@LIM3|+2.000000E+04|+2.200000E+04|+1.800000E+04}}
}
{@BLOCK|pr1653|00
{@A-RES|0|+9.834713E+05{@LIM3|+1.000000E+06|+1.250000E+06|+7.500000E+05}}
}
{@BLOCK|r58013|00
{@A-RES|0|+9.866363E+05{@LIM3|+1.000000E+06|+1.250000E+06|+7.500000E+05}}
}
{@BLOCK|pr0803|00
{@A-JUM|0|+3.132843E+00{@LIM2|+1.500000E+01|+0.000000E+00}}
}
{@BLOCK|pr0809|00
{@A-JUM|0|+3.574961E+00{@LIM2|+1.500000E+01|+0.000000E+00}}
}
{@BLOCK|r14002|00
{@A-JUM|0|+4.044554E+00{@LIM2|+1.500000E+01|+0.000000E+00}}
}
{@BLOCK|r15007|00
{@A-JUM|0|+3.539959E+00{@LIM2|+1.500000E+01|+0.000000E+00}}
}
{@BLOCK|r16001|00
{@A-JUM|0|+3.559231E+00{@LIM2|+1.500000E+01|+0.000000E+00}}
}
{@BLOCK|r16002|00
{@A-JUM|0|+3.429805E+00{@LIM2|+1.500000E+01|+0.000000E+00}}
}
{@BLOCK|r17002|00
{@A-JUM|0|+3.137168E+00{@LIM2|+1.500000E+01|+0.000000E+00}}
}
{@BLOCK|r17003|00
{@A-JUM|0|+3.352468E+00{@LIM2|+1.500000E+01|+0.000000E+00}}
}
{@BLOCK|r17004|00
{@A-JUM|0|+3.024061E+00{@LIM2|+1.500000E+01|+0.000000E+00}}
}
{@BLOCK|r17006|00
{@A-JUM|0|+2.938053E+00{@LIM2|+1.500000E+01|+0.000000E+00}}
}
{@BLOCK|pr1649|00
{@A-RES|0|+1.039066E+02{@LIM3|+1.000000E+02|+1.150000E+02|+9.000000E+01}}
}
{@BLOCK|pr1650|00
{@A-RES|0|+1.349288E+02{@LIM3|+1.000000E+02|+1.550000E+02|+4.500000E+01}}
}
{@BLOCK|r13001|00
{@A-RES|0|+1.040550E+02{@LIM3|+1.000000E+02|+1.150000E+02|+9.000000E+01}}
}
{@BLOCK|r45227|00
{@A-RES|0|+1.032683E+02{@LIM3|+1.000000E+02|+1.150000E+02|+9.000000E+01}}
}
{@BLOCK|r45229|00
{@A-RES|0|+1.014399E+02{@LIM3|+1.000000E+02|+1.150000E+02|+9.000000E+01}}
}
{@BLOCK|r45230|00
{@A-RES|0|+1.015328E+02{@LIM3|+1.000000E+02|+1.150000E+02|+9.000000E+01}}
}
{@BLOCK|pr0206|00
{@A-RES|0|+1.001183E+04{@LIM3|+1.470000E+04|+1.852200E+04|+9.408000E+03}}
}
{@BLOCK|r43031|00
{@A-RES|0|+7.788752E+01{@LIM3|+7.500000E+01|+8.750002E+01|+6.750000E+01}}
}
{@BLOCK|pr0208|00
{@A-RES|0|+1.019661E+01{@LIM3|+1.000000E+01|+1.350000E+01|+6.500000E+00}}
}
{@BLOCK|pr0230|00
{@A-RES|0|+1.013795E+01{@LIM3|+1.000000E+01|+1.350000E+01|+6.500000E+00}}
}
{@BLOCK|pr0210|00
{@A-RES|0|+1.744389E+05{@LIM3|+1.370000E+05|+1.849500E+05|+8.905000E+04}}
}
{@BLOCK|pr1206|00
{@A-RES|0|+9.987915E+03{@LIM3|+1.000000E+04|+1.060000E+04|+9.400000E+03}}
}
{@BLOCK|rt42001|00
{@A-RES|0|+1.025330E+04{@LIM3|+1.000000E+04|+1.500000E+04|+5.000000E+03}}
}
{@BLOCK|rt42002|00
{@A-RES|0|+1.013871E+04{@LIM3|+1.000000E+04|+1.500000E+04|+5.000000E+03}}
}
{@BLOCK|rt42003|00
{@A-RES|0|+1.023414E+04{@LIM3|+1.000000E+04|+1.500000E+04|+5.000000E+03}}
}
{@BLOCK|rt42004|00
{@A-RES|0|+1.032651E+04{@LIM3|+1.000000E+04|+1.500000E+04|+5.000000E+03}}
}
{@BLOCK|rt42005|00
{@A-RES|0|+1.011930E+04{@LIM3|+1.000000E+04|+1.500000E+04|+5.000000E+03}}
}
{@BLOCK|rt42006|00
{@A-RES|0|+1.031817E+04{@LIM3|+1.000000E+04|+1.500000E+04|+5.000000E+03}}
}
{@BLOCK|r44010|00
{@A-RES|0|+5.012915E+02{@LIM3|+4.990000E+02|+5.289400E+02|+4.690600E+02}}
}
{@BLOCK|r44011|00
{@A-RES|0|+4.999055E+02{@LIM3|+4.990000E+02|+5.289400E+02|+4.690600E+02}}
}
{@BLOCK|r64202|00
{@A-RES|0|+9.886353E+05{@LIM3|+1.000000E+06|+1.210000E+06|+7.900000E+05}}
}
{@BLOCK|pr1101|00
{@A-JUM|0|+4.045239E+00{@LIM2|+1.500000E+01|+0.000000E+00}}
}
{@BLOCK|pr1605|00
{@A-RES|0|+1.226539E+02{@LIM3|+1.200000E+02|+1.297000E+02|+1.128000E+02}}
}
{@BLOCK|pr1629|00
{@A-RES|0|+8.488498E+01{@LIM3|+8.200000E+01|+9.192003E+01|+7.708000E+01}}
}
{@BLOCK|pr1651|00
{@A-RES|0|+4.755432E+02{@LIM3|+4.700000E+02|+6.110000E+02|+4.230000E+02}}
}
{@BLOCK|pr1652|00
{@A-RES|0|+4.979006E+01{@LIM3|+4.700000E+01|+5.670000E+01|+4.230000E+01}}
}
{@BLOCK|r83202|00
{@A-RES|0|+4.946745E+01{@LIM3|+4.700000E+01|+5.670000E+01|+4.230000E+01}}
}
{@BLOCK|prt0001|00
{@A-RES|0|+6.400859E+02{@LIM3|+5.400000E+02|+7.290000E+02|+3.510000E+02}}
}
{@BLOCK|prt0002|00
{@A-RES|0|+6.506727E+02{@LIM3|+5.400000E+02|+7.290000E+02|+3.510000E+02}}
}
{@BLOCK|pr0305|00
{@A-RES|0|+1.000822E+05{@LIM3|+1.000000E+05|+1.110000E+05|+8.000000E+04}}
}
{@BLOCK|r44013|00
{@A-RES|0|+9.975587E+02{@LIM3|+1.000000E+03|+1.100000E+03|+9.000000E+02}}
}
{@BLOCK|r44016|00
{@A-RES|0|+1.007119E+03{@LIM3|+1.000000E+03|+1.100000E+03|+9.000000E+02}}
}
{@BLOCK|r44004|00
{@A-RES|0|+1.000171E+06{@LIM3|+1.000000E+06|+1.250000E+06|+7.500000E+05}}
}
{@BLOCK|r76211|00
{@A-RES|0|+5.044055E+02{@LIM3|+4.990000E+02|+5.289400E+02|+4.690600E+02}}
}
{@BLOCK|r76212|00
{@A-RES|0|+5.019153E+02{@LIM3|+4.990000E+02|+5.289400E+02|+4.690600E+02}}
}
{@BLOCK|r11004|00
{@A-RES|0|+1.995689E+05{@LIM3|+2.000000E+05|+2.220000E+05|+1.780000E+05}}
}
{@BLOCK|prt0003|00
{@A-RES|0|+6.087542E+02{@LIM3|+5.400000E+02|+7.290000E+02|+3.510000E+02}}
}
{@BLOCK|prt0007|00
{@A-RES|0|+6.181605E+02{@LIM3|+5.400000E+02|+7.290000E+02|+3.510000E+02}}
}
{@BLOCK|prt0009|00
{@A-RES|0|+6.177950E+02{@LIM3|+5.400000E+02|+7.290000E+02|+3.510000E+02}}
}
{@BLOCK|prt0010|00
{@A-RES|0|+5.909259E+02{@LIM3|+5.400000E+02|+7.290000E+02|+3.510000E+02}}
}
{@BLOCK|r06001|00
{@A-RES|0|+3.413875E+02{@LIM3|+3.300000E+02|+3.630000E+02|+2.970000E+02}}
}
{@BLOCK|r06002|00
{@A-RES|0|+3.411804E+02{@LIM3|+3.300000E+02|+3.630000E+02|+2.970000E+02}}
}
{@BLOCK|r06003|00
{@A-RES|0|+2.193912E+03{@LIM3|+2.200000E+03|+2.420000E+03|+1.980000E+03}}
}
{@BLOCK|r06004|00
{@A-RES|0|+2.240738E+03{@LIM3|+2.200000E+03|+2.420000E+03|+1.980000E+03}}
}
{@BLOCK|r07016|00
{@A-RES|0|+2.222554E+03{@LIM3|+2.200000E+03|+2.420000E+03|+1.980000E+03}}
}
{@BLOCK|prt0004|00
{@A-RES|0|+6.157495E+02{@LIM3|+5.400000E+02|+7.290000E+02|+3.510000E+02}}
}
{@BLOCK|prt0005|00
{@A-RES|0|+5.972868E+02{@LIM3|+5.400000E+02|+7.290000E+02|+3.510000E+02}}
}
{@BLOCK|prt0006|00
{@A-RES|0|+6.093189E+02{@LIM3|+5.400000E+02|+7.290000E+02|+3.510000E+02}}
}
{@BLOCK|prt0008|00
{@A-RES|0|+5.995846E+02{@LIM3|+5.400000E+02|+7.290000E+02|+3.510000E+02}}
}
{@BLOCK|prt0012|00
{@A-RES|0|+5.942758E+02{@LIM3|+5.400000E+02|+7.290000E+02|+3.510000E+02}}
}
{@BLOCK|prt0014|00
{@A-RES|0|+6.059460E+02{@LIM3|+5.400000E+02|+7.290000E+02|+3.510000E+02}}
}
{@BLOCK|prt0015|00
{@A-RES|0|+6.436539E+02{@LIM3|+5.400000E+02|+7.290000E+02|+3.510000E+02}}
}
{@BLOCK|r41003|00
{@A-RES|0|+2.224396E+03{@LIM3|+2.200000E+03|+2.420000E+03|+1.980000E+03}}
}
{@BLOCK|r20004|00
{@A-RES|0|+2.254850E+03{@LIM3|+2.200000E+03|+2.420000E+03|+1.980000E+03}}
}
{@BLOCK|r20005|00
{@A-RES|0|+2.257949E+03{@LIM3|+2.200000E+03|+2.420000E+03|+1.980000E+03}}
}
{@BLOCK|r20006|00
{@A-RES|0|+2.213009E+03{@LIM3|+2.200000E+03|+2.420000E+03|+1.980000E+03}}
}
{@BLOCK|r43022|00
{@A-RES|0|+2.197911E+03{@LIM3|+2.200000E+03|+2.420000E+03|+1.980000E+03}}
}
{@BLOCK|r46202|00
{@A-RES|0|+2.245766E+03{@LIM3|+2.200000E+03|+2.420000E+03|+1.980000E+03}}
}
{@BLOCK|r46203|00
{@A-RES|0|+2.202645E+03{@LIM3|+2.200000E+03|+2.420000E+03|+1.980000E+03}}
}
{@BLOCK|r46207|00
{@A-RES|0|+2.211137E+03{@LIM3|+2.200000E+03|+2.420000E+03|+1.980000E+03}}
}
{@BLOCK|r46208|00
{@A-RES|0|+2.242126E+03{@LIM3|+2.200000E+03|+2.420000E+03|+1.980000E+03}}
}
{@BLOCK|r46215|00
{@A-RES|0|+2.261315E+03{@LIM3|+2.200000E+03|+2.420000E+03|+1.980000E+03}}
}
{@BLOCK|r46216|00
{@A-RES|0|+2.193605E+03{@LIM3|+2.200000E+03|+2.420000E+03|+1.980000E+03}}
}
{@BLOCK|r54210|00
{@A-RES|0|+2.196474E+03{@LIM3|+2.200000E+03|+2.420000E+03|+1.980000E+03}}
}
{@BLOCK|r54211|00
{@A-RES|0|+2.267310E+03{@LIM3|+2.200000E+03|+2.420000E+03|+1.980000E+03}}
}
{@BLOCK|r59005|00
{@A-RES|0|+2.251572E+03{@LIM3|+2.200000E+03|+2.420000E+03|+1.980000E+03}}
}
{@BLOCK|r59006|00
{@A-RES|0|+2.267857E+03{@LIM3|+2.200000E+03|+2.420000E+03|+1.980000E+03}}
}
{@BLOCK|r74209|00
{@A-RES|0|+2.192992E+03{@LIM3|+2.200000E+03|+2.420000E+03|+1.980000E+03}}
}
{@BLOCK|r85202|00
{@A-RES|0|+2.201996E+03{@LIM3|+2.200000E+03|+2.420000E+03|+1.980000E+03}}
}
{@BLOCK|r41004|00
{@A-RES|0|+2.246336E+03{@LIM3|+2.200000E+03|+2.420000E+03|+1.980000E+03}}
}
{@BLOCK|r42002|00
{@A-RES|0|+2.257137E+03{@LIM3|+2.200000E+03|+2.420000E+03|+1.980000E+03}}
}
{@BLOCK|r42003|00
{@A-RES|0|+2.206050E+03{@LIM3|+2.200000E+03|+2.420000E+03|+1.980000E+03}}
}
{@BLOCK|r41005|00
{@A-RES|0|+4.685625E+03{@LIM3|+4.700000E+03|+5.170000E+03|+4.230000E+03}}
}
{@BLOCK|r41006|00
{@A-RES|0|+4.707440E+03{@LIM3|+4.700000E+03|+5.170000E+03|+4.230000E+03}}
}
{@BLOCK|r50208|00
{@A-RES|0|+4.602801E+03{@LIM3|+4.700000E+03|+5.170000E+03|+4.230000E+03}}
}
{@BLOCK|r11002|00
{@A-RES|0|+3.515575E+01{@LIM3|+3.300000E+01|+4.129999E+01|+2.970000E+01}}
}
{@BLOCK|r12002|00
{@A-RES|0|+3.697554E+01{@LIM3|+3.300000E+01|+4.129999E+01|+2.970000E+01}}
}
{@BLOCK|r41028|00
{@A-RES|0|+4.698697E+03{@LIM3|+4.700000E+03|+5.170000E+03|+4.230000E+03}}
}
{@BLOCK|r41029|00
{@A-RES|0|+4.717786E+03{@LIM3|+4.700000E+03|+5.170000E+03|+4.230000E+03}}
}
{@BLOCK|r45235|00
{@A-RES|0|+4.719679E+03{@LIM3|+4.700000E+03|+5.170000E+03|+4.230000E+03}}
}
{@BLOCK|r45236|00
{@A-RES|0|+4.713766E+03{@LIM3|+4.700000E+03|+5.170000E+03|+4.230000E+03}}
}
{@BLOCK|r08001|00
{@A-RES|0|+5.140750E+01{@LIM3|+4.990000E+01|+5.789398E+01|+4.690600E+01}}
}
{@BLOCK|r10002|00
{@A-RES|0|+2.682685E+01{@LIM3|+2.400000E+01|+3.139999E+01|+2.160000E+01}}
}
{@BLOCK|r10004|00
{@A-RES|0|+7.174550E+04{@LIM3|+7.500000E+04|+8.250000E+04|+6.750000E+04}}
}
{@BLOCK|r22201|00
{@A-RES|0|+2.401485E+03{@LIM3|+2.400000E+03|+2.544000E+03|+2.256000E+03}}
}
{@BLOCK|r22202|00
{@A-RES|0|+2.403940E+03{@LIM3|+2.400000E+03|+2.544000E+03|+2.256000E+03}}
}
{@BLOCK|r22203|00
{@A-RES|0|+2.396102E+03{@LIM3|+2.400000E+03|+2.544000E+03|+2.256000E+03}}
}
{@BLOCK|r22204|00
{@A-RES|0|+2.403448E+03{@LIM3|+2.400000E+03|+2.544000E+03|+2.256000E+03}}
}
{@BLOCK|r22205|00
{@A-RES|0|+1.210279E+03{@LIM3|+1.200000E+03|+1.320000E+03|+1.080000E+03}}
}
{@BLOCK|r22206|00
{@A-RES|0|+1.200150E+03{@LIM3|+1.200000E+03|+1.320000E+03|+1.080000E+03}}
}
{@BLOCK|r42014|00
{@A-RES|0|+4.571468E+01{@LIM3|+4.300000E+01|+5.230000E+01|+3.870000E+01}}
}
{@BLOCK|r42015|00
{@A-RES|0|+4.510643E+01{@LIM3|+4.300000E+01|+5.230000E+01|+3.870000E+01}}
}
{@BLOCK|r42017|00
{@A-RES|0|+4.521998E+01{@LIM3|+4.300000E+01|+5.805000E+01|+3.870000E+01}}
}
{@BLOCK|r12003|00
{@A-RES|0|+3.585616E+01{@LIM3|+3.300000E+01|+4.129999E+01|+2.970000E+01}}
}
{@BLOCK|r72003|00
{@A-RES|0|+3.557515E+01{@LIM3|+3.300000E+01|+4.129999E+01|+2.970000E+01}}
}
{@BLOCK|r83206|00
{@A-RES|0|+3.487917E+01{@LIM3|+3.300000E+01|+4.129999E+01|+2.970000E+01}}
}
{@BLOCK|r42013|00
{@A-RES|0|+1.022689E+01{@LIM3|+1.000000E+01|+1.350000E+01|+7.500000E+00}}
}
{@BLOCK|r10001|00
{@A-RES|0|+2.664231E+01{@LIM3|+2.400000E+01|+3.139999E+01|+2.160000E+01}}
}
{@BLOCK|r11005|00
{@A-RES|0|+1.005838E+07{@LIM3|+1.000000E+07|+1.250000E+07|+7.500000E+06}}
}
{@BLOCK|r72004|00
{@A-RES|0|+4.544623E+01{@LIM3|+4.300000E+01|+5.230000E+01|+3.870000E+01}}
}
{@BLOCK|r72005|00
{@A-RES|0|+4.555632E+01{@LIM3|+4.300000E+01|+5.230000E+01|+3.870000E+01}}
}
{@BLOCK|r42021|00
{@A-RES|0|+3.332368E+03{@LIM3|+3.320000E+03|+3.519200E+03|+3.120800E+03}}
}
{@BLOCK|r42022|00
{@A-RES|0|+3.312067E+03{@LIM3|+3.320000E+03|+3.519200E+03|+3.120800E+03}}
}
{@BLOCK|r42023|00
{@A-RES|0|+3.364549E+03{@LIM3|+3.320000E+03|+3.519200E+03|+3.120800E+03}}
}
{@BLOCK|r42024|00
{@A-RES|0|+3.360222E+03{@LIM3|+3.320000E+03|+3.519200E+03|+3.120800E+03}}
}
{@BLOCK|r42025|00
{@A-RES|0|+3.341363E+03{@LIM3|+3.320000E+03|+3.519200E+03|+3.120800E+03}}
}
{@BLOCK|r42026|00
{@A-RES|0|+3.328123E+03{@LIM3|+3.320000E+03|+3.519200E+03|+3.120800E+03}}
}
{@BLOCK|r51210|00
{@A-RES|0|+2.428052E+01{@LIM3|+2.500000E+01|+3.375000E+01|+2.250000E+01}}
}
{@BLOCK|r53207|00
{@A-RES|0|+2.707562E+03{@LIM3|+2.700000E+03|+2.970000E+03|+2.430000E+03}}
}
{@BLOCK|r53208|00
{@A-RES|0|+2.747258E+03{@LIM3|+2.700000E+03|+2.970000E+03|+2.430000E+03}}
}
{@BLOCK|r53209|00
{@A-RES|0|+2.651094E+03{@LIM3|+2.700000E+03|+2.970000E+03|+2.430000E+03}}
}
{@BLOCK|r53210|00
{@A-RES|0|+2.664763E+03{@LIM3|+2.700000E+03|+2.970000E+03|+2.430000E+03}}
}
{@BLOCK|r53215|00
{@A-RES|0|+6.190837E+04{@LIM3|+6.190000E+04|+6.561400E+04|+5.818600E+04}}
}
{@BLOCK|r53221|00
{@A-RES|0|+5.004425E+03{@LIM3|+4.990000E+03|+5.289400E+03|+4.690600E+03}}
}
{@BLOCK|r58021|00
{@A-RES|0|+6.790988E+02{@LIM3|+6.800000E+02|+7.208000E+02|+6.392000E+02}}
}
{@BLOCK|r61210|00
{@A-RES|0|+5.174337E+01{@LIM3|+5.100000E+01|+5.905999E+01|+4.794000E+01}}
}
{@BLOCK|r64203|00
{@A-RES|0|+4.983902E+04{@LIM3|+4.990000E+04|+5.289400E+04|+4.690600E+04}}
}
{@BLOCK|r76207|00
{@A-RES|0|+3.016679E+03{@LIM3|+3.010000E+03|+3.190600E+03|+2.829400E+03}}
}
{@BLOCK|r83103|00
{@A-RES|0|+9.516429E+03{@LIM3|+9.530000E+03|+1.010180E+04|+8.958200E+03}}
}
{@BLOCK|r85201|00
{@A-RES|0|+2.188832E+04{@LIM3|+2.200000E+04|+2.860000E+04|+1.540000E+04}}
}
{@BLOCK|pq0002|00
{@A-NFE|0|+1.138585E+02{@LIM2|+3.100000E+02|+2.000000E+01}}
}
{@BLOCK|pq0004|00
{@A-NFE|0|+1.228452E+02{@LIM2|+2.000000E+02|+2.000000E+01}}
}
{@BLOCK|pq0102|00
{@A-NFE|0|+1.134990E+02{@LIM2|+2.000000E+02|+2.000000E+01}}
}
{@BLOCK|pq0901%qf|00
{@A-NFE|0|+5.385415E+04{@LIM2|+2.000000E+05|+2.000000E+01}}
}
{@BLOCK|pq1602|00
{@A-NFE|0|+1.042614E+02{@LIM2|+2.000000E+02|+2.000000E+01}}
}
{@BLOCK|pq1603|00
{@A-NFE|0|+1.170318E+02{@LIM2|+2.000000E+02|+2.000000E+01}}
}
{@BLOCK|pq1604|00
{@A-NFE|0|+9.622694E+01{@LIM2|+2.000000E+02|+2.000000E+01}}
}
{@BLOCK|pq1605|00
{@A-NFE|0|+1.004841E+02{@LIM2|+2.000000E+02|+2.000000E+01}}
}
{@BLOCK|q05001|00
{@A-NFE|0|+7.875913E+01{@LIM2|+2.000000E+02|+2.000000E+01}}
}
{@BLOCK|q05002|00
{@A-NFE|0|+6.955294E+01{@LIM2|+2.000000E+02|+2.000000E+01}}
}
{@BLOCK|q7601%qf2|00
{@A-NFE|0|+9.008818E+01{@LIM2|+2.000000E+02|+2.000000E+01}}
}
{@BLOCK|q7602%qf1|00
{@A-NFE|0|+8.242762E+01{@LIM2|+2.000000E+02|+2.000000E+01}}
}
{@BLOCK|q7602%qf2|00
{@A-NFE|0|+1.462568E+02{@LIM2|+2.000000E+02|+2.000000E+01}}
}
{@BLOCK|q46001|00
{@A-NFE|0|+9.451529E+01{@LIM2|+2.000000E+02|+2.000000E+01}}
}
{@BLOCK|q46002|00
{@A-NFE|0|+9.057884E+01{@LIM2|+2.000000E+02|+2.000000E+01}}
}
{@BLOCK|q46003|00
{@A-NFE|0|+8.931974E+01{@LIM2|+2.000000E+02|+2.000000E+01}}
}
{@BLOCK|q53001|00
{@A-NFE|0|+1.011304E+02{@LIM2|+2.000000E+02|+2.000000E+01}}
}
{@BLOCK|q53002|00
{@A-NFE|0|+1.063232E+02{@LIM2|+2.000000E+02|+2.000000E+01}}
}
{@BLOCK|q58004|00
{@A-NFE|0|+8.517576E+01{@LIM2|+2.000000E+02|+2.000000E+01}}
}
{@BLOCK|q58007|00
{@A-NFE|0|+8.439604E+01{@LIM2|+2.000000E+02|+2.000000E+01}}
}
{@BLOCK|q76003|00
{@A-NFE|0|+1.144577E+02{@LIM2|+2.000000E+02|+2.000000E+01}}
}
{@BLOCK|q76004|00
{@A-NFE|0|+1.085894E+02{@LIM2|+2.000000E+02|+2.000000E+01}}
}
{@BLOCK|pq0203%qf|00
{@A-PFE|0|+1.172158E+02{@LIM2|+2.300000E+02|+2.000000E+01}}
}
{@BLOCK|d07001|00
{@A-DIO|0|+5.894440E-01{@LIM2|+8.000000E-01|+4.000000E-01}}
}
{@BLOCK|d50003|00
{@A-DIO|0|+5.713145E-01{@LIM2|+8.000000E-01|+4.000000E-01}}
}
{@BLOCK|d51001|00
{@A-DIO|0|+5.240028E-01{@LIM2|+8.000000E-01|+4.000000E-01}}
}
{@BLOCK|d51002|00
{@A-DIO|0|+5.380432E-01{@LIM2|+8.000000E-01|+4.000000E-01}}
}
{@BLOCK|d51005|00
{@A-DIO|0|+5.360435E-01{@LIM2|+8.000000E-01|+4.000000E-01}}
}
{@BLOCK|d51008|00
{@A-DIO|0|+5.531472E-01{@LIM2|+8.000000E-01|+4.000000E-01}}
}
{@BLOCK|d83002|00
{@A-DIO|0|+5.587208E-01{@LIM2|+8.000000E-01|+4.000000E-01}}
}
{@BLOCK|d92001|00
{@A-DIO|0|+6.223881E-01{@LIM2|+8.000000E-01|+4.000000E-01}}
}
{@BLOCK|d92002|00
{@A-DIO|0|+5.234513E-01{@LIM2|+8.000000E-01|+4.000000E-01}}
}
{@BLOCK|d92003|00
{@A-DIO|0|+5.251090E-01{@LIM2|+8.000000E-01|+4.000000E-01}}
}
{@BLOCK|d92004|00
{@A-DIO|0|+4.877957E-01{@LIM2|+8.000000E-01|+4.000000E-01}}
}
{@BLOCK|d94001|00
{@A-DIO|0|+5.797813E-01{@LIM2|+8.000000E-01|+4.000000E-01}}
}
{@BLOCK|d94002|00
{@A-DIO|0|+5.771434E-01{@LIM2|+8.000000E-01|+4.000000E-01}}
}
{@BLOCK|pd0002|00
{@A-DIO|0|+5.268109E-01{@LIM2|+8.000000E-01|+4.000000E-01}}
}
{@BLOCK|r50001|00
{@A-RES|0|+3.945755E+02{@LIM3|+3.920000E+02|+4.155200E+02|+3.684800E+02}}
}
{@BLOCK|r74201|00
{@A-RES|0|+2.441447E+01{@LIM3|+2.200000E+01|+2.920001E+01|+1.980000E+01}}
}
{@BLOCK|r74202|00
{@A-RES|0|+2.447543E+01{@LIM3|+2.200000E+01|+2.920001E+01|+1.980000E+01}}
}
{@BLOCK|r74203|00
{@A-RES|0|+2.489870E+01{@LIM3|+2.200000E+01|+2.920001E+01|+1.980000E+01}}
}
{@BLOCK|q7601%qf1|00
{@A-NFE|0|+8.178008E+01{@LIM2|+2.000000E+02|+2.000000E+01}}
}
{@BLOCK|q70001|00
{@A-NFE|0|+9.752256E+01{@LIM2|+2.000000E+02|+2.000000E+01}}
}
{@BLOCK|d70001|00
{@A-DIO|0|+4.843934E-01{@LIM2|+8.000000E-01|+4.000000E-01}}
}
{@BLOCK|pd2001|00
{@A-DIO|0|+1.330952E+00{@LIM2|+1.800000E+00|+1.000000E+00}}
}
{@BLOCK|pd0003|00
{@A-DIO|0|+7.152919E-01{@LIM2|+8.000000E-01|+4.000000E-01}}
}
{@BLOCK|pd1601|00
{@A-DIO|0|+5.345969E-01{@LIM2|+8.000000E-01|+4.000000E-01}}
}
{@BLOCK|d53005%cr1|00
{@A-DIO|0|+6.878920E-01{@LIM2|+8.000000E-01|+4.000000E-01}}
}
{@BLOCK|d53005%cr2|00
{@A-DIO|0|+7.256733E-01{@LIM2|+8.000000E-01|+4.000000E-01}}
}
{@BLOCK|d53005%cr4|00
{@A-DIO|0|+7.248649E-01{@LIM2|+8.000000E-01|+4.000000E-01}}
}
{@BLOCK|d59003%cr1|00
{@A-DIO|0|+4.886041E-01{@LIM2|+8.000000E-01|+4.000000E-01}}
}
{@BLOCK|d59004%cr1|00
{@A-DIO|0|+4.909867E-01{@LIM2|+8.000000E-01|+4.000000E-01}}
}
{@BLOCK|led1%org|00
{@A-DIO|0|+2.150000E+00{@LIM2|+2.200000E+00|+1.200000E+00}}
}
{@BLOCK|led1%white|00
{@A-DIO|0|+2.872681E+00{@LIM2|+3.500000E+00|+2.500000E+00}}
}
{@BLOCK|pq0001|00
{@A-DIO|0|+6.963162E-01|B-E{@LIM2|+8.040000E-01|+6.010000E-01}}
{@A-DIO|0|+6.881898E-01|B-C{@LIM2|+8.050000E-01|+6.020000E-01}}
}
{@BLOCK|d63005|00
{@A-DIO|0|+5.131611E-01{@LIM2|+8.000000E-01|+4.000000E-01}}
}
{@BLOCK|d63012|00
{@A-DIO|0|+4.401356E-01{@LIM2|+8.000000E-01|+4.000000E-01}}
}
{@BLOCK|d63016|00
{@A-DIO|0|+5.453188E-01{@LIM2|+8.000000E-01|+4.000000E-01}}
}
{@BLOCK|d63017|00
{@A-DIO|0|+5.456592E-01{@LIM2|+8.000000E-01|+4.000000E-01}}
}
{@BLOCK|d63018|00
{@A-DIO|0|+5.252353E-01{@LIM2|+8.000000E-01|+4.000000E-01}}
}
{@BLOCK|d63019|00
{@A-DIO|0|+6.809809E-01{@LIM2|+8.000000E-01|+4.000000E-01}}
}
{@BLOCK|d64005|00
{@A-DIO|0|+5.260965E-01{@LIM2|+8.000000E-01|+4.000000E-01}}
}
{@BLOCK|d64018|00
{@A-DIO|0|+6.700880E-01{@LIM2|+8.000000E-01|+4.000000E-01}}
}
{@BLOCK|d64019|00
{@A-DIO|0|+6.700880E-01{@LIM2|+8.000000E-01|+4.000000E-01}}
}
{@BLOCK|d67002|00
{@A-DIO|0|+6.163039E-01{@LIM2|+9.000000E-01|+5.000000E-01}}
}
{@BLOCK|d84001|00
{@A-DIO|0|+5.919649E-01{@LIM2|+8.000000E-01|+4.000000E-01}}
}
{@BLOCK|d84002|00
{@A-DIO|0|+5.577542E-01{@LIM2|+8.000000E-01|+4.000000E-01}}
}
{@BLOCK|d84004|00
{@A-DIO|0|+5.787369E-01{@LIM2|+8.000000E-01|+4.000000E-01}}
}
{@BLOCK|d84005|00
{@A-DIO|0|+5.614986E-01{@LIM2|+8.000000E-01|+4.000000E-01}}
}
{@BLOCK|d53003%ds1|00
{@A-DIO|0|+5.175864E-01{@LIM2|+8.000000E-01|+4.000000E-01}}
}
{@BLOCK|d53003%ds3|00
{@A-DIO|0|+5.177566E-01{@LIM2|+8.000000E-01|+4.000000E-01}}
}
{@BLOCK|d53003%ds4|00
{@A-DIO|0|+5.177566E-01{@LIM2|+8.000000E-01|+4.000000E-01}}
}
{@BLOCK|d53004%ds1|00
{@A-DIO|0|+5.174162E-01{@LIM2|+8.000000E-01|+4.000000E-01}}
}
{@BLOCK|d53004%ds2|00
{@A-DIO|0|+5.167353E-01{@LIM2|+8.000000E-01|+4.000000E-01}}
}
{@BLOCK|d53004%ds3|00
{@A-DIO|0|+5.170757E-01{@LIM2|+8.000000E-01|+4.000000E-01}}
}
{@BLOCK|d67003%ds1|00
{@A-DIO|0|+1.089178E+00{@LIM2|+1.800000E+00|+1.000000E+00}}
}
{@BLOCK|pd2002|00
{@A-DIO|0|+5.831861E-01{@LIM2|+8.000000E-01|+4.000000E-01}}
}
{@BLOCK|d67003%ds3|00
{@A-DIO|0|+6.341752E-01{@LIM2|+8.000000E-01|+4.000000E-01}}
}
{@BLOCK|d67003%ds4|00
{@A-DIO|0|+6.341752E-01{@LIM2|+8.000000E-01|+4.000000E-01}}
}
{@BLOCK|pd0901|00
{@A-DIO|0|+3.734325E-01{@LIM2|+6.000000E-01|+2.000000E-01}}
}
{@BLOCK|c48101|00
{@A-CAP|0|+4.658130E-05{@LIM3|+4.732000E-05|+6.151600E-05|+3.312400E-05}}
}
{@BLOCK|c45102|00
{@A-CAP|0|+5.296871E-05{@LIM3|+5.920000E-05|+7.992000E-05|+3.848000E-05}}
}
{@BLOCK|testjet|00
{@TJET|00|0000|jcp1
}
{@TJET|00|0000|jfan1
}
{@TJET|00|0000|jiob1
}
{@TJET|00|0000|jkbl1
}
{@TJET|00|0000|jnfc1
}
{@TJET|00|0000|jpsen1
}
{@TJET|00|0000|jpsen2
}
{@TJET|00|0000|jsc1
}
{@TJET|00|0000|jspk1
}
{@TJET|00|0000|jssd1
}
{@TJET|00|0000|jtp1
}
{@TJET|00|0000|jwwan1
}
{@TJET|00|0000|pu1001
}
{@TJET|00|0000|pu1101
}
{@TJET|00|0000|pu1201
}
{@TJET|00|0000|pu1301
}
{@TJET|00|0000|u7601
}
{@TJET|00|0000|u9801
}
{@TJET|00|0000|uec1
}
{@TJET|00|0000|uhbr1
}
{@TJET|00|0000|uhbr2
}
{@TJET|00|0000|upd1
}
}
{@BLOCK|power_nodes|00
{@A-MEA|0|+1.201443E+01|VINT20_IN{@LIM2|+1.400000E+01|+1.000000E+01}}
{@A-MEA|0|+1.243224E+01|VSYS18{@LIM2|+1.400000E+01|+1.000000E+01}}
{@A-MEA|0|+3.371375E+00|VCC3M{@LIM2|+4.000000E+00|+2.500000E+00}}
{@A-MEA|0|+5.101145E+00|VCC5M{@LIM2|+6.000000E+00|+4.500000E+00}}
{@A-MEA|0|+1.816877E+00|VCC1R8_PRIM{@LIM2|+2.500000E+00|+1.200000E+00}}
}
{@D-T|0|384||0|u2201
}
{@D-T|0|384||0|u2202
}
{@D-T|0|384||0|u7003
}
{@D-T|0|384||0|u11001
}
{@D-T|0|384||0|u12001
}
{@D-T|0|384||0|u41001
}
{@D-T|0|384||0|u5002
}
{@D-T|0|384||0|u7004
}
{@BLOCK|pq0007|00
{@A-MEA|0|+1.201443E+01|pino6{@LIM2|+1.400000E+01|+1.000000E+01}}
}
{@BLOCK|pq0008|00
{@A-MEA|0|+1.201307E+01|pino6{@LIM2|+1.400000E+01|+1.000000E+01}}
}
{@BLOCK|pu0002|00
{@A-MEA|0|+3.285933E+00|pino1{@LIM2|+4.000000E+00|+2.500000E+00}}
{@A-MEA|0|+2.823662E-01|pino4{@LIM2|+1.000000E+00|-1.000000E+00}}
{@A-MEA|0|+3.306868E+00|pino5{@LIM2|+4.000000E+00|+2.500000E+00}}
}
{@BLOCK|pu0201|00
{@A-MEA|0|+1.201171E+01|pino1{@LIM2|+1.230000E+01|+1.170000E+01}}
}
{@BLOCK|pu0301|00
{@A-MEA|0|+1.243224E+01|pino1{@LIM2|+1.250000E+01|+1.150000E+01}}
{@A-MEA|0|+5.188358E+00|pino7{@LIM2|+5.600000E+00|+4.500000E+00}}
}
{@BLOCK|pu0401|00
{@A-MEA|0|+1.243224E+01|pino1{@LIM2|+1.400000E+01|+1.000000E+01}}
{@A-MEA|0|+5.333708E+00|pino9{@LIM2|+6.000000E+00|+4.000000E+00}}
}
{@BLOCK|pu0501|00
{@A-MEA|0|+1.243088E+01|pino2{@LIM2|+1.250000E+01|+1.150000E+01}}
{@A-MEA|0|+3.371375E+00|pino14{@LIM2|+3.800000E+00|+3.000000E+00}}
}
{@BLOCK|pu0701|00
{@A-MEA|0|+1.835514E+00|pino5{@LIM2|+2.500000E+00|+1.000000E+00}}
{@A-MEA|0|+5.100634E+00|pino6{@LIM2|+5.500000E+00|+4.500000E+00}}
}
{@BLOCK|pu0801|00
{@A-MEA|0|+1.817133E+00|pino2{@LIM2|+2.500000E+00|+1.000000E+00}}
}
{@BLOCK|pu2001|00
{@A-MEA|0|+3.371205E+00|pino1{@LIM2|+3.500000E+00|+2.500000E+00}}
{@A-MEA|0|+5.100464E+00|pino4{@LIM2|+5.500000E+00|+4.500000E+00}}
{@A-MEA|0|+3.371375E+00|pino6{@LIM2|+3.500000E+00|+2.500000E+00}}
{@A-MEA|0|+3.371034E+00|pino13{@LIM2|+3.500000E+00|+2.500000E+00}}
}
{@BLOCK|pu2002|00
{@A-MEA|0|+3.371034E+00|pino3{@LIM2|+3.700000E+00|+2.500000E+00}}
}
{@BLOCK|pu2301|00
{@A-MEA|0|+3.371034E+00|pino1{@LIM2|+3.500000E+00|+2.500000E+00}}
{@A-MEA|0|+5.099783E+00|pino4{@LIM2|+5.500000E+00|+4.500000E+00}}
{@A-MEA|0|+3.370864E+00|pino6{@LIM2|+3.500000E+00|+2.500000E+00}}
{@A-MEA|0|+3.370864E+00|pino8{@LIM2|+3.500000E+00|+2.500000E+00}}
{@A-MEA|0|+3.371715E+00|pino13{@LIM2|+3.500000E+00|+2.500000E+00}}
}
{@BLOCK|pu2302|00
{@A-MEA|0|+5.101315E+00|pino1{@LIM2|+5.500000E+00|+4.500000E+00}}
{@A-MEA|0|+5.100804E+00|pino4{@LIM2|+5.500000E+00|+4.500000E+00}}
{@A-MEA|0|+1.816877E+00|pino6{@LIM2|+2.500000E+00|+1.000000E+00}}
{@A-MEA|0|+1.816792E+00|pino8{@LIM2|+2.500000E+00|+1.000000E+00}}
{@A-MEA|0|+5.100294E+00|pino13{@LIM2|+5.500000E+00|+4.500000E+00}}
}
{@BLOCK|u4401|00
{@A-MEA|0|+1.805389E+00|pino1{@LIM2|+2.500000E+00|+1.000000E+00}}
{@A-MEA|0|+3.306527E+00|pino4{@LIM2|+4.000000E+00|+2.500000E+00}}
}
{@BLOCK|u5001|00
{@A-MEA|0|+1.513102E+00|pino1{@LIM2|+2.200000E+00|+1.000000E+00}}
}
{@BLOCK|u5102|00
{@A-MEA|0|+3.302783E+00|pino1{@LIM2|+3.500000E+00|+2.500000E+00}}
{@A-MEA|0|+4.718018E+00|pino6{@LIM2|+5.500000E+00|+4.500000E+00}}
}
{@BLOCK|u5301|00
{@A-MEA|0|+1.201258E+00|pino1{@LIM2|+2.000000E+00|+8.000000E-01}}
{@A-MEA|0|+1.816622E+00|pino4{@LIM2|+2.500000E+00|+1.000000E+00}}
}
{@BLOCK|u5302|00
{@A-MEA|0|+3.370694E+00|pino1{@LIM2|+3.600000E+00|+2.500000E+00}}
{@A-MEA|0|+1.201045E+00|pino6{@LIM2|+1.500000E+00|+1.000000E+00}}
}
{@BLOCK|u5303|00
{@A-MEA|0|+5.099953E+00|pino1{@LIM2|+5.700000E+00|+4.500000E+00}}
{@A-MEA|0|+5.100123E+00|pino6{@LIM2|+5.700000E+00|+4.500000E+00}}
}
{@BLOCK|u5501|00
{@A-MEA|0|+3.369843E+00|pino1{@LIM2|+4.000000E+00|+2.500000E+00}}
{@A-MEA|0|+5.099783E+00|pino4{@LIM2|+6.000000E+00|+4.000000E+00}}
{@A-MEA|0|+9.007126E-01|pino8{@LIM2|+2.500000E+00|+1.000000E-01}}
}
{@BLOCK|u5701|00
{@A-MEA|0|+3.369673E+00|pino1{@LIM2|+4.000000E+00|+2.500000E+00}}
{@A-MEA|0|+5.099953E+00|pino4{@LIM2|+6.000000E+00|+4.000000E+00}}
}
{@BLOCK|u6701|00
{@A-MEA|0|+5.100974E+00|pino1{@LIM2|+6.000000E+00|+4.000000E+00}}
{@A-MEA|0|+5.099783E+00|pino12{@LIM2|+6.000000E+00|+4.000000E+00}}
}
{@BLOCK|u8301|00
{@A-MEA|0|+1.812537E+00|pino20{@LIM2|+2.300000E+00|+1.500000E+00}}
{@A-MEA|0|+5.095868E+00|pino33{@LIM2|+5.500000E+00|+4.500000E+00}}
{@A-MEA|0|+5.096209E+00|pino41{@LIM2|+5.500000E+00|+4.500000E+00}}
}
{@BLOCK|u9401|00
{@A-MEA|0|+1.796538E+00|pino1{@LIM2|+2.500000E+00|+1.000000E+00}}
{@A-MEA|0|+3.371885E+00|pino4{@LIM2|+4.000000E+00|+2.500000E+00}}
}
{@BLOCK|u9801|00
{@A-MEA|0|+1.816622E+00|pino1{@LIM2|+2.500000E+00|+1.000000E+00}}
{@A-MEA|0|+1.816792E+00|pino14{@LIM2|+2.500000E+00|+1.000000E+00}}
}
{@BLOCK|u58001|00
{@A-MEA|0|+3.371205E+00|pino21{@LIM2|+3.500000E+00|+2.800000E+00}}
{@A-MEA|0|+3.371205E+00|pino27{@LIM2|+3.500000E+00|+2.500000E+00}}
}
{@BLOCK|u59001|00
{@A-MEA|0|+1.814409E+00|pino1{@LIM2|+2.500000E+00|+1.000000E+00}}
{@A-MEA|0|+3.371885E+00|pino4{@LIM2|+3.500000E+00|+2.500000E+00}}
}
{@BLOCK|u92001|00
{@A-MEA|0|+3.371545E+00|pino1{@LIM2|+3.500000E+00|+2.500000E+00}}
{@A-MEA|0|+5.100464E+00|pino4{@LIM2|+5.500000E+00|+4.500000E+00}}
{@A-MEA|0|+3.371715E+00|pino14{@LIM2|+3.500000E+00|+2.500000E+00}}
}
{@BLOCK|u92002|00
{@A-MEA|0|+3.371375E+00|pino1{@LIM2|+4.000000E+00|+2.500000E+00}}
{@A-MEA|0|+5.100464E+00|pino4{@LIM2|+6.000000E+00|+4.000000E+00}}
{@A-MEA|0|+3.371205E+00|pino6{@LIM2|+4.000000E+00|+2.500000E+00}}
{@A-MEA|0|+3.371205E+00|pino9{@LIM2|+4.000000E+00|+2.500000E+00}}
{@A-MEA|0|+3.372056E+00|pino14{@LIM2|+4.000000E+00|+2.500000E+00}}
}
{@BLOCK|u92003|00
{@A-MEA|0|+5.100123E+00|pino1{@LIM2|+5.500000E+00|+4.500000E+00}}
{@A-MEA|0|+5.100294E+00|pino4{@LIM2|+5.500000E+00|+4.500000E+00}}
{@A-MEA|0|+3.371034E+00|pino6{@LIM2|+3.500000E+00|+2.500000E+00}}
{@A-MEA|0|+5.100294E+00|pino14{@LIM2|+5.500000E+00|+4.500000E+00}}
}
}}