{@BATCH|p3_twr2||3363|1||btest|131229160025~16|ICT0263\engineer|ICT0263|C:/Agilent_ICT/boards/p3_twr2|RevA|sb21d14135||sb21d14135
{@BTEST|6683000028|00|131229183952|000029|0|all||n||131229184021||1
{@BLOCK|c607|00
{@A-CAP|0|+1.118510E-09{@LIM3|+1.000000E-09|+1.200000E-09|+8.000000E-10}}
}
{@BLOCK|c608|00
{@A-CAP|0|+1.114503E-09{@LIM3|+1.000000E-09|+1.177000E-09|+8.000000E-10}}
}
{@BLOCK|c4003|00
{@A-CAP|0|+1.451846E-09{@LIM3|+1.300000E-09|+1.530100E-09|+1.040000E-09}}
}
{@BLOCK|c4007|00
{@A-CAP|0|+1.466908E-09{@LIM3|+1.300000E-09|+1.530100E-09|+1.040000E-09}}
}
{@BLOCK|c4008|00
{@A-CAP|0|+1.459080E-09{@LIM3|+1.300000E-09|+1.530100E-09|+1.040000E-09}}
}
{@BLOCK|c4018|00
{@A-CAP|0|+1.410576E-09{@LIM3|+1.300000E-09|+1.530100E-09|+1.040000E-09}}
}
{@BLOCK|c4019|00
{@A-CAP|0|+1.425943E-09{@LIM3|+1.300000E-09|+1.530100E-09|+1.040000E-09}}
}
{@BLOCK|c4034|00
{@A-CAP|0|+1.462394E-09{@LIM3|+1.300000E-09|+1.530100E-09|+1.040000E-09}}
}
{@BLOCK|c4035|00
{@A-CAP|0|+1.412977E-09{@LIM3|+1.300000E-09|+1.530100E-09|+1.040000E-09}}
}
{@BLOCK|c4082|00
{@A-CAP|0|+1.479539E-09{@LIM3|+1.300000E-09|+1.530100E-09|+1.040000E-09}}
}
{@BLOCK|pt4503|00
{@A-CAP|0|+6.287540E-04{@LIM3|+6.777010E-04|+8.810113E-04|+4.720038E-04}}
}
{@BLOCK|pt4504|00
{@A-CAP|0|+5.016699E-04{@LIM3|+5.853010E-04|+7.608913E-04|+4.076493E-04}}
}
{@BLOCK|pc4601|00
{@A-CAP|0|+1.169896E-09{@LIM3|+1.000000E-09|+1.250000E-09|+8.000000E-10}}
}
{@BLOCK|pt4701|00
{@A-CAP|0|+1.810577E-03{@LIM3|+1.872000E-03|+2.433600E-03|+1.307221E-03}}
}
{@BLOCK|pt4802|00
{@A-CAP|0|+1.238630E-03{@LIM3|+1.399000E-03|+1.818700E-03|+9.743727E-04}}
}
{@BLOCK|pt5203|00
{@A-CAP|0|+1.495115E-03{@LIM3|+1.652000E-03|+2.147600E-03|+1.150582E-03}}
}
{@BLOCK|tc1101|00
{@A-CAP|0|+6.751951E-04{@LIM3|+7.360000E-04|+9.568000E-04|+5.126078E-04}}
}
{@BLOCK|c1210|00
{@A-CAP|0|+8.634705E-08{@LIM3|+1.000000E-07|+1.200000E-07|+8.000000E-08}}
}
{@BLOCK|c1701|00
{@A-CAP|0|+1.094382E-07{@LIM3|+1.000000E-07|+1.200000E-07|+8.000000E-08}}
}
{@BLOCK|c1702|00
{@A-CAP|0|+1.075188E-07{@LIM3|+1.000000E-07|+1.200000E-07|+8.000000E-08}}
}
{@BLOCK|c1703|00
{@A-CAP|0|+1.094809E-07{@LIM3|+1.000000E-07|+1.200000E-07|+8.000000E-08}}
}
{@BLOCK|c1704|00
{@A-CAP|0|+1.115070E-07{@LIM3|+1.000000E-07|+1.200000E-07|+8.000000E-08}}
}
{@BLOCK|c1901|00
{@A-CAP|0|+1.119461E-07{@LIM3|+1.000000E-07|+1.200000E-07|+8.000000E-08}}
}
{@BLOCK|c1902|00
{@A-CAP|0|+1.108719E-07{@LIM3|+1.000000E-07|+1.200000E-07|+8.000000E-08}}
}
{@BLOCK|c1903|00
{@A-CAP|0|+1.116817E-07{@LIM3|+1.000000E-07|+1.200000E-07|+8.000000E-08}}
}
{@BLOCK|c1904|00
{@A-CAP|0|+1.137550E-07{@LIM3|+1.000000E-07|+1.200000E-07|+8.000000E-08}}
}
{@BLOCK|c1907|00
{@A-CAP|0|+9.203825E-08{@LIM3|+1.000000E-07|+1.200000E-07|+8.000000E-08}}
}
{@BLOCK|c2008|00
{@A-CAP|0|+8.928220E-08{@LIM3|+1.000000E-07|+1.200000E-07|+8.000000E-08}}
}
{@BLOCK|c2404|00
{@A-CAP|0|+1.041837E-05{@LIM3|+1.220000E-05|+1.586000E-05|+8.540000E-06}}
}
{@BLOCK|c2211|00
{@A-CAP|0|+9.096008E-08{@LIM3|+1.000000E-07|+1.200000E-07|+8.000000E-08}}
}
{@BLOCK|tc9302|00
{@A-CAP|0|+3.927539E-04{@LIM3|+4.226500E-04|+5.494450E-04|+2.951373E-04}}
}
{@BLOCK|c2224|00
{@A-CAP|0|+1.799734E-04{@LIM3|+1.874000E-04|+2.436200E-04|+1.311541E-04}}
}
{@BLOCK|c3736|00
{@A-CAP|0|+1.476126E-04{@LIM3|+1.368400E-04|+1.778920E-04|+9.576912E-05}}
}
{@BLOCK|tc2604|00
{@A-CAP|0|+1.250945E-03{@LIM3|+1.382000E-03|+1.796600E-03|+9.650534E-04}}
}
{@BLOCK|c2701|00
{@A-CAP|0|+2.142342E-05{@LIM3|+2.020000E-05|+2.626000E-05|+1.414000E-05}}
}
{@BLOCK|c2726|00
{@A-CAP|0|+4.179660E-05{@LIM3|+4.222000E-05|+5.488600E-05|+2.955400E-05}}
}
{@BLOCK|c3116|00
{@A-CAP|0|+2.817759E-05{@LIM3|+3.130000E-05|+4.069000E-05|+2.191000E-05}}
}
{@BLOCK|c3117|00
{@A-CAP|0|+1.058612E-07{@LIM3|+1.000000E-07|+1.200000E-07|+8.000000E-08}}
}
{@BLOCK|c3118|00
{@A-CAP|0|+2.116107E-07{@LIM3|+2.000000E-07|+2.400000E-07|+1.600000E-07}}
}
{@BLOCK|c3103|00
{@A-CAP|0|+5.424772E-06{@LIM3|+5.400000E-06|+7.020000E-06|+3.780000E-06}}
}
{@BLOCK|c3201|00
{@A-CAP|0|+4.818807E-07{@LIM3|+4.300000E-07|+5.160000E-07|+3.440000E-07}}
}
{@BLOCK|c3203|00
{@A-CAP|0|+1.090195E-07{@LIM3|+1.000000E-07|+1.200000E-07|+8.000000E-08}}
}
{@BLOCK|c3204|00
{@A-CAP|0|+1.047472E-07{@LIM3|+1.000000E-07|+1.200000E-07|+8.000000E-08}}
}
{@BLOCK|c3207|00
{@A-CAP|0|+1.044791E-07{@LIM3|+1.000000E-07|+1.200000E-07|+8.000000E-08}}
}
{@BLOCK|tc3201|00
{@A-CAP|0|+4.001119E-04{@LIM3|+4.702000E-04|+6.112600E-04|+3.277501E-04}}
}
{@BLOCK|c3303|00
{@A-CAP|0|+8.902445E-08{@LIM3|+1.000000E-07|+1.200000E-07|+8.000000E-08}}
}
{@BLOCK|c3403|00
{@A-CAP|0|+1.064835E-07{@LIM3|+1.000000E-07|+1.200000E-07|+8.000000E-08}}
}
{@BLOCK|c3418|00
{@A-CAP|0|+1.038178E-07{@LIM3|+1.000000E-07|+1.200000E-07|+8.000000E-08}}
}
{@BLOCK|c3419|00
{@A-CAP|0|+1.083855E-07{@LIM3|+1.000000E-07|+1.300000E-07|+8.000000E-08}}
}
{@BLOCK|tc3401|00
{@A-CAP|0|+4.341696E-04{@LIM3|+4.702000E-04|+6.112600E-04|+3.277501E-04}}
}
{@BLOCK|c3717|00
{@A-CAP|0|+1.056862E-07{@LIM3|+1.000000E-07|+1.200000E-07|+8.000000E-08}}
}
{@BLOCK|c3718|00
{@A-CAP|0|+1.067621E-07{@LIM3|+1.000000E-07|+1.200000E-07|+8.000000E-08}}
}
{@BLOCK|c2005|00
{@A-CAP|0|+9.895473E-09{@LIM3|+1.000000E-08|+1.200000E-08|+8.000000E-09}}
}
{@BLOCK|c4006|00
{@A-CAP|0|+1.065950E-07{@LIM3|+1.000000E-07|+1.200000E-07|+8.000000E-08}}
}
{@BLOCK|c4011|00
{@A-CAP|0|+1.151759E-07{@LIM3|+1.200000E-07|+2.040000E-07|+3.600000E-08}}
}
{@BLOCK|c4041|00
{@A-CAP|0|+2.172010E-07{@LIM3|+2.000000E-07|+2.400000E-07|+1.600000E-07}}
}
{@BLOCK|c4044|00
{@A-CAP|0|+1.046103E-07{@LIM3|+1.000000E-07|+1.200000E-07|+8.000000E-08}}
}
{@BLOCK|c4073|00
{@A-CAP|0|+1.008976E-07{@LIM3|+1.000000E-07|+1.200000E-07|+8.000000E-08}}
}
{@BLOCK|pt4501|00
{@A-CAP|0|+6.820119E-04{@LIM3|+6.715000E-04|+8.729500E-04|+4.689098E-04}}
}
{@BLOCK|c4317|00
{@A-CAP|0|+1.100495E-07{@LIM3|+1.000000E-07|+1.200000E-07|+8.000000E-08}}
}
{@BLOCK|c4326|00
{@A-CAP|0|+1.099546E-07{@LIM3|+1.000000E-07|+1.200000E-07|+8.000000E-08}}
}
{@BLOCK|c4327|00
{@A-CAP|0|+1.087403E-07{@LIM3|+1.000000E-07|+1.200000E-07|+8.000000E-08}}
}
{@BLOCK|c4328|00
{@A-CAP|0|+9.528187E-08{@LIM3|+1.000000E-07|+1.300000E-07|+7.000000E-08}}
}
{@BLOCK|c4332|00
{@A-CAP|0|+1.092021E-07{@LIM3|+1.000000E-07|+1.200000E-07|+8.000000E-08}}
}
{@BLOCK|c5732|00
{@A-CAP|0|+1.965138E-05{@LIM3|+2.140000E-05|+2.782000E-05|+1.498000E-05}}
}
{@BLOCK|c5707|00
{@A-CAP|0|+1.069110E-07{@LIM3|+1.000000E-07|+1.200000E-07|+8.000000E-08}}
}
{@BLOCK|c5710|00
{@A-CAP|0|+9.852488E-08{@LIM3|+1.000000E-07|+1.200000E-07|+8.000000E-08}}
}
{@BLOCK|c5756|00
{@A-CAP|0|+2.155935E-07{@LIM3|+2.000000E-07|+2.400000E-07|+1.600000E-07}}
}
{@BLOCK|c5795|00
{@A-CAP|0|+2.375454E-05{@LIM3|+2.470000E-05|+3.211000E-05|+1.729000E-05}}
}
{@BLOCK|c5805|00
{@A-CAP|0|+2.037059E-07{@LIM3|+2.000000E-07|+2.400000E-07|+1.600000E-07}}
}
{@BLOCK|tc7301|00
{@A-CAP|0|+5.632608E-04{@LIM3|+5.151000E-04|+6.696300E-04|+3.590474E-04}}
}
{@BLOCK|c7306|00
{@A-CAP|0|+9.973003E-08{@LIM3|+1.000000E-07|+1.200000E-07|+8.000000E-08}}
}
{@BLOCK|c9001|00
{@A-CAP|0|+1.025162E-07{@LIM3|+1.000000E-07|+1.200000E-07|+8.000000E-08}}
}
{@BLOCK|c9107|00
{@A-CAP|0|+1.112249E-07{@LIM3|+1.000000E-07|+1.200000E-07|+8.000000E-08}}
}
{@BLOCK|c9108|00
{@A-CAP|0|+9.953262E-08{@LIM3|+1.000000E-07|+1.200000E-07|+8.000000E-08}}
}
{@BLOCK|tc3402|00
{@A-CAP|0|+4.465004E-04{@LIM3|+4.704000E-04|+6.115200E-04|+3.278895E-04}}
}
{@BLOCK|c9255|00
{@A-CAP|0|+1.113543E-07{@LIM3|+1.000000E-07|+1.200000E-07|+8.000000E-08}}
}
{@BLOCK|tc9405|00
{@A-CAP|0|+4.743215E-04{@LIM3|+4.921000E-04|+6.397300E-04|+3.430154E-04}}
}
{@BLOCK|tc9403|00
{@A-CAP|0|+2.097302E-04{@LIM3|+2.201000E-04|+2.861300E-04|+1.537654E-04}}
}
{@BLOCK|c9463|00
{@A-CAP|0|+9.405936E-08{@LIM3|+1.000000E-07|+1.200000E-07|+8.000000E-08}}
}
{@BLOCK|c9531|00
{@A-CAP|0|+1.057246E-07{@LIM3|+1.000000E-07|+1.200000E-07|+8.000000E-08}}
}
{@BLOCK|c9549|00
{@A-CAP|0|+1.097216E-07{@LIM3|+1.000000E-07|+1.200000E-07|+8.000000E-08}}
}
{@BLOCK|c3306|00
{@A-CAP|0|+6.726269E-05{@LIM3|+6.610000E-05|+8.593000E-05|+4.626088E-05}}
}
{@BLOCK|tc3302|00
{@A-CAP|0|+4.034085E-04{@LIM3|+4.701000E-04|+6.111300E-04|+3.276804E-04}}
}
{@BLOCK|tc3701|00
{@A-CAP|0|+4.593075E-04{@LIM3|+4.701000E-04|+6.111300E-04|+3.276804E-04}}
}
{@BLOCK|tc3702|00
{@A-CAP|0|+4.235279E-04{@LIM3|+4.801000E-04|+6.241300E-04|+3.346508E-04}}
}
{@BLOCK|ec6401|00
{@A-CAP|0|+1.047717E-07{@LIM3|+1.000000E-07|+1.200000E-07|+8.000000E-08}}
}
{@BLOCK|ec9001|00
{@A-CAP|0|+1.037746E-07{@LIM3|+1.000000E-07|+1.200000E-07|+8.000000E-08}}
}
{@BLOCK|pc4516|00
{@A-CAP|0|+1.013203E-07{@LIM3|+7.000000E-08|+1.050000E-07|+3.500000E-08}}
}
{@BLOCK|pc4517|00
{@A-CAP|0|+1.012002E-07{@LIM3|+8.000000E-08|+1.360000E-07|+4.000000E-08}}
}
{@BLOCK|pc4804|00
{@A-CAP|0|+1.020259E-06{@LIM3|+8.000000E-07|+1.360000E-06|+2.000000E-07}}
}
{@BLOCK|pc4805|00
{@A-CAP|0|+9.757868E-08{@LIM3|+1.000000E-07|+1.200000E-07|+8.000000E-08}}
}
{@BLOCK|pc5104|00
{@A-CAP|0|+9.709837E-08{@LIM3|+8.000000E-08|+1.360000E-07|+4.000000E-08}}
}
{@BLOCK|pc5207|00
{@A-CAP|0|+1.065422E-07{@LIM3|+1.000000E-07|+1.200000E-07|+8.000000E-08}}
}
{@BLOCK|pt5201|00
{@A-CAP|0|+1.147685E-03{@LIM3|+1.198000E-03|+1.557400E-03|+8.343806E-04}}
}
{@BLOCK|pc5309|00
{@A-CAP|0|+9.678618E-08{@LIM3|+8.000000E-08|+1.360000E-07|+4.000000E-08}}
}
{@BLOCK|pc5303|00
{@A-CAP|0|+1.578495E-04{@LIM3|+1.600000E-04|+2.080000E-04|+1.119526E-04}}
}
{@BLOCK|c1203|00
{@A-CAP|0|+3.765126E-05{@LIM3|+3.400000E-05|+4.420000E-05|+2.379531E-05}}
}
{@BLOCK|c2922|00
{@A-CAP|0|+2.473901E-05{@LIM3|+2.200000E-05|+2.860000E-05|+1.539696E-05}}
}
{@BLOCK|pt5301|00
{@A-CAP|0|+5.967364E-04{@LIM3|+6.480000E-04|+8.424000E-04|+4.513177E-04}}
}
{@BLOCK|c4068|00
{@A-CAP|0|+9.869177E-07{@LIM3|+1.000000E-06|+1.200000E-06|+8.000000E-07}}
}
{@BLOCK|pt5002|00
{@A-CAP|0|+1.301369E-03{@LIM3|+1.412000E-03|+1.835600E-03|+9.834269E-04}}
}
{@BLOCK|pt4705|00
{@A-CAP|0|+4.949121E-03{@LIM3|+5.393000E-03|+7.010900E-03|+3.747288E-03}}
}
{@BLOCK|c2784|00
{@A-CAP|0|+1.070835E-06{@LIM3|+1.000000E-06|+1.200000E-06|+8.000000E-07}}
}
{@BLOCK|c4010|00
{@A-CAP|0|+9.957220E-07{@LIM3|+1.000000E-06|+1.200000E-06|+8.000000E-07}}
}
{@BLOCK|c4067|00
{@A-CAP|0|+1.256404E-06{@LIM3|+1.000000E-06|+1.500000E-06|+5.000000E-07}}
}
{@BLOCK|c4331|00
{@A-CAP|0|+8.733224E-07{@LIM3|+1.000000E-06|+1.200000E-06|+8.000000E-07}}
}
{@BLOCK|c7107|00
{@A-CAP|0|+8.577008E-07{@LIM3|+1.000000E-06|+1.200000E-06|+8.000000E-07}}
}
{@BLOCK|c6502|00
{@A-CAP|0|+2.476298E-09{@LIM3|+2.200000E-09|+2.640000E-09|+1.760000E-09}}
}
{@BLOCK|c6508|00
{@A-CAP|0|+2.301776E-09{@LIM3|+2.200000E-09|+2.640000E-09|+1.760000E-09}}
}
{@BLOCK|c2423|00
{@A-CAP|0|+4.793660E-06{@LIM3|+4.700000E-06|+6.110000E-06|+3.290000E-06}}
}
{@BLOCK|c4005|00
{@A-CAP|0|+5.338988E-06{@LIM3|+4.700000E-06|+6.110000E-06|+3.290000E-06}}
}
{@BLOCK|pc5106|00
{@A-CAP|0|+4.906225E-06{@LIM3|+4.700000E-06|+6.110000E-06|+3.290000E-06}}
}
{@BLOCK|pc5310|00
{@A-CAP|0|+4.816411E-06{@LIM3|+4.700000E-06|+6.110000E-06|+3.290000E-06}}
}
{@BLOCK|c2217|00
{@A-CAP|0|+2.263967E-06{@LIM3|+2.200000E-06|+2.860000E-06|+1.540000E-06}}
}
{@BLOCK|c2730|00
{@A-CAP|0|+8.133676E-06{@LIM3|+1.000000E-05|+1.300000E-05|+7.000000E-06}}
}
{@BLOCK|c5784|00
{@A-CAP|0|+2.527693E-05{@LIM3|+3.000000E-05|+3.900000E-05|+2.100000E-05}}
}
{@BLOCK|pc4524|00
{@A-CAP|0|+8.584865E-06{@LIM3|+7.000000E-06|+9.450000E-06|+4.900000E-06}}
}
{@BLOCK|c6501|00
{@A-CAP|0|+3.832895E-10{@LIM3|+3.200000E-10|+4.072726E-10|+2.560000E-10}}
}
{@BLOCK|c2411|00
{@A-CAP|0|+8.015565E-06{@LIM3|+1.010200E-05|+1.313260E-05|+7.071400E-06}}
}
{@BLOCK|c2774|00
{@A-CAP|0|+9.556739E-06{@LIM3|+1.010000E-05|+1.313000E-05|+7.070000E-06}}
}
{@BLOCK|c5628|00
{@A-CAP|0|+2.109643E-07{@LIM3|+2.000000E-07|+2.400000E-07|+1.600000E-07}}
}
{@BLOCK|c5751|00
{@A-CAP|0|+2.064914E-07{@LIM3|+2.000000E-07|+2.400000E-07|+1.600000E-07}}
}
{@BLOCK|c2771|00
{@A-CAP|0|+2.197317E-06{@LIM3|+2.200000E-06|+2.860000E-06|+1.540000E-06}}
}
{@BLOCK|c2766|00
{@A-CAP|0|+9.700279E-06{@LIM3|+1.000000E-05|+1.300000E-05|+7.000000E-06}}
}
{@BLOCK|c2770|00
{@A-CAP|0|+9.813538E-06{@LIM3|+1.000000E-05|+1.300000E-05|+7.000000E-06}}
}
{@BLOCK|c2948|00
{@A-CAP|0|+4.556893E-06{@LIM3|+3.700000E-06|+6.290000E-06|+1.110000E-06}}
}
{@BLOCK|c2949|00
{@A-CAP|0|+4.475710E-06{@LIM3|+3.600000E-06|+6.120000E-06|+1.080000E-06}}
}
{@BLOCK|r1737|00
{@A-RES|0|+9.980381E+03{@LIM3|+1.000000E+04|+1.060000E+04|+9.400000E+03}}
}
{@BLOCK|r2030|00
{@A-RES|0|+9.751217E+03{@LIM3|+1.000000E+04|+1.060000E+04|+9.400000E+03}}
}
{@BLOCK|r2916|00
{@A-RES|0|+1.001609E+04{@LIM3|+1.000000E+04|+1.060000E+04|+9.400000E+03}}
}
{@BLOCK|r3931|00
{@A-RES|0|+1.001332E+04{@LIM3|+1.000000E+04|+1.060000E+04|+9.400000E+03}}
}
{@BLOCK|r4030|00
{@A-RES|0|+1.001944E+04{@LIM3|+1.000000E+04|+1.100000E+04|+9.000000E+03}}
}
{@BLOCK|r4056|00
{@A-RES|0|+1.001519E+04{@LIM3|+1.000000E+04|+1.060000E+04|+9.400000E+03}}
}
{@BLOCK|r4057|00
{@A-RES|0|+9.986802E+03{@LIM3|+1.000000E+04|+1.100000E+04|+9.000000E+03}}
}
{@BLOCK|pc5323|00
{@A-CAP|0|+4.568417E-10{@LIM3|+4.700000E-10|+5.675001E-10|+3.760000E-10}}
}
{@BLOCK|pr5206|00
{@A-RES|0|+1.108907E+04{@LIM3|+1.000000E+04|+1.260000E+04|+7.400000E+03}}
}
{@BLOCK|r2928|00
{@A-RES|0|+1.006769E+04{@LIM3|+1.000000E+04|+1.060000E+04|+9.400000E+03}}
}
{@BLOCK|r2948|00
{@A-RES|0|+1.009863E+04{@LIM3|+1.000000E+04|+1.060000E+04|+9.400000E+03}}
}
{@BLOCK|r4019|00
{@A-RES|0|+1.001891E+04{@LIM3|+1.000000E+04|+1.060000E+04|+9.400000E+03}}
}
{@BLOCK|r4020|00
{@A-RES|0|+1.003296E+04{@LIM3|+1.000000E+04|+1.100000E+04|+9.000000E+03}}
}
{@BLOCK|r4039|00
{@A-RES|0|+9.978431E+03{@LIM3|+1.000000E+04|+1.100000E+04|+9.000000E+03}}
}
{@BLOCK|r4077|00
{@A-RES|0|+1.000310E+04{@LIM3|+1.000000E+04|+1.100000E+04|+9.000000E+03}}
}
{@BLOCK|r4063|00
{@A-RES|0|+1.000570E+04{@LIM3|+1.000000E+04|+1.100000E+04|+9.000000E+03}}
}
{@BLOCK|r4068|00
{@A-RES|0|+1.000758E+04{@LIM3|+1.000000E+04|+1.100000E+04|+9.000000E+03}}
}
{@BLOCK|r4069|00
{@A-RES|0|+1.000701E+04{@LIM3|+1.000000E+04|+1.060000E+04|+9.400000E+03}}
}
{@BLOCK|r1925|00
{@A-RES|0|+9.991820E+03{@LIM3|+1.000000E+04|+1.100000E+04|+9.000000E+03}}
}
{@BLOCK|r7333|00
{@A-RES|0|+1.000533E+04{@LIM3|+1.000000E+04|+1.060000E+04|+9.400000E+03}}
}
{@BLOCK|r7341|00
{@A-RES|0|+1.004271E+04{@LIM3|+1.000000E+04|+1.060000E+04|+9.400000E+03}}
}
{@BLOCK|r7353|00
{@A-RES|0|+1.003774E+04{@LIM3|+1.000000E+04|+1.060000E+04|+9.400000E+03}}
}
{@BLOCK|r7355|00
{@A-RES|0|+9.988860E+03{@LIM3|+1.000000E+04|+1.060000E+04|+9.400000E+03}}
}
{@BLOCK|r6417|00
{@A-RES|0|+9.851925E+03{@LIM3|+1.000000E+04|+1.060000E+04|+9.400000E+03}}
}
{@BLOCK|r6420|00
{@A-RES|0|+1.000113E+04{@LIM3|+1.000000E+04|+1.100000E+04|+9.000000E+03}}
}
{@BLOCK|r9120|00
{@A-RES|0|+1.002127E+04{@LIM3|+1.000000E+04|+1.060000E+04|+9.400000E+03}}
}
{@BLOCK|r9121|00
{@A-RES|0|+1.011059E+04{@LIM3|+1.000000E+04|+1.350000E+04|+6.500000E+03}}
}
{@BLOCK|pr5409|00
{@A-RES|0|+9.945135E+04{@LIM3|+1.000000E+05|+1.150000E+05|+8.500000E+04}}
}
{@BLOCK|r604|00
{@A-RES|0|+1.004847E+05{@LIM3|+1.000000E+05|+1.150000E+05|+8.500000E+04}}
}
{@BLOCK|q605%qf2|00
{@A-NFE|0|+8.658788E+01{@LIM2|+2.000000E+02|+2.000000E+01}}
}
{@BLOCK|r1960|00
{@A-RES|0|+9.863133E+04{@LIM3|+1.000000E+05|+1.150000E+05|+8.500000E+04}}
}
{@BLOCK|pr5222|00
{@A-RES|0|+9.992152E+02{@LIM3|+1.000000E+03|+1.060000E+03|+9.400000E+02}}
}
{@BLOCK|pr4517|00
{@A-RES|0|+9.965156E+04{@LIM3|+1.000000E+05|+1.150000E+05|+8.500000E+04}}
}
{@BLOCK|r603|00
{@A-RES|0|+9.893853E+04{@LIM3|+1.000000E+05|+1.150000E+05|+8.500000E+04}}
}
{@BLOCK|r607|00
{@A-RES|0|+9.908363E+04{@LIM3|+1.000000E+05|+1.150000E+05|+8.500000E+04}}
}
{@BLOCK|r1821|00
{@A-RES|0|+8.425259E+04{@LIM3|+8.000000E+04|+1.080000E+05|+5.200000E+04}}
}
{@BLOCK|r1961|00
{@A-RES|0|+1.018332E+05{@LIM3|+1.000000E+05|+1.150000E+05|+8.500000E+04}}
}
{@BLOCK|r2018|00
{@A-RES|0|+9.913306E+04{@LIM3|+1.000000E+05|+1.150000E+05|+8.500000E+04}}
}
{@BLOCK|r2145|00
{@A-RES|0|+1.062452E+05{@LIM3|+1.000000E+05|+1.150000E+05|+8.500000E+04}}
}
{@BLOCK|r2021|00
{@A-RES|0|+8.539745E+04{@LIM3|+8.800000E+04|+1.364000E+05|+4.400000E+04}}
}
{@BLOCK|r2026|00
{@A-RES|0|+7.607348E+04{@LIM3|+8.400000E+04|+1.302000E+05|+3.864000E+04}}
}
{@BLOCK|r2508|00
{@A-RES|0|+4.510789E+03{@LIM3|+4.700000E+03|+5.170000E+03|+4.230000E+03}}
}
{@BLOCK|r2126|00
{@A-RES|0|+9.948165E+04{@LIM3|+1.000000E+05|+1.150000E+05|+8.500000E+04}}
}
{@BLOCK|r3302|00
{@A-RES|0|+9.674150E+04{@LIM3|+1.000000E+05|+1.150000E+05|+8.500000E+04}}
}
{@BLOCK|r3430|00
{@A-RES|0|+1.001551E+05{@LIM3|+1.000000E+05|+1.150000E+05|+8.500000E+04}}
}
{@BLOCK|r4061|00
{@A-RES|0|+1.002221E+05{@LIM3|+1.000000E+05|+1.150000E+05|+8.500000E+04}}
}
{@BLOCK|r5772|00
{@A-RES|0|+1.001149E+05{@LIM3|+1.000000E+05|+1.150000E+05|+8.500000E+04}}
}
{@BLOCK|r2741|00
{@A-RES|0|+9.967525E+04{@LIM3|+1.000000E+05|+1.150000E+05|+8.500000E+04}}
}
{@BLOCK|r2759|00
{@A-RES|0|+9.971752E+04{@LIM3|+1.000000E+05|+1.150000E+05|+8.500000E+04}}
}
{@BLOCK|r2776|00
{@A-RES|0|+7.881019E+04{@LIM3|+1.000000E+05|+1.300000E+05|+7.000000E+04}}
}
{@BLOCK|r5711|00
{@A-RES|0|+1.004172E+05{@LIM3|+1.000000E+05|+1.150000E+05|+8.500000E+04}}
}
{@BLOCK|r5788|00
{@A-RES|0|+1.008695E+05{@LIM3|+1.000000E+05|+1.150000E+05|+8.500000E+04}}
}
{@BLOCK|r5843|00
{@A-RES|0|+1.018440E+05{@LIM3|+1.000000E+05|+1.150000E+05|+8.500000E+04}}
}
{@BLOCK|r6117|00
{@A-RES|0|+9.935680E+04{@LIM3|+1.000000E+05|+1.150000E+05|+8.500000E+04}}
}
{@BLOCK|r6120|00
{@A-RES|0|+1.040849E+05{@LIM3|+1.000000E+05|+1.150000E+05|+8.500000E+04}}
}
{@BLOCK|r5810|00
{@A-RES|0|+1.003005E+05{@LIM3|+1.000000E+05|+1.150000E+05|+8.500000E+04}}
}
{@BLOCK|r9008|00
{@A-RES|0|+9.921839E+04{@LIM3|+1.000000E+05|+1.150000E+05|+8.500000E+04}}
}
{@BLOCK|r9467|00
{@A-RES|0|+1.036833E+05{@LIM3|+1.000000E+05|+1.150000E+05|+8.500000E+04}}
}
{@BLOCK|r502|00
{@A-RES|0|+2.023278E+02{@LIM3|+2.000000E+02|+2.170000E+02|+1.880000E+02}}
}
{@BLOCK|r1604|00
{@A-RES|0|+2.020255E+02{@LIM3|+2.000000E+02|+2.170000E+02|+1.880000E+02}}
}
{@BLOCK|r2035|00
{@A-RES|0|+2.028634E+02{@LIM3|+2.000000E+02|+2.170000E+02|+1.880000E+02}}
}
{@BLOCK|r2036|00
{@A-RES|0|+2.039795E+02{@LIM3|+2.000000E+02|+2.170000E+02|+1.880000E+02}}
}
{@BLOCK|r2037|00
{@A-RES|0|+2.023812E+02{@LIM3|+2.000000E+02|+2.170000E+02|+1.880000E+02}}
}
{@BLOCK|pr4657|00
{@A-RES|0|+3.920286E+04{@LIM3|+3.920000E+04|+4.155200E+04|+3.684800E+04}}
}
{@BLOCK|r5703|00
{@A-RES|0|+8.857758E+05{@LIM3|+1.000000E+06|+1.250000E+06|+7.500000E+05}}
}
{@BLOCK|r5801|00
{@A-RES|0|+9.943409E+05{@LIM3|+1.000000E+06|+1.250000E+06|+7.500000E+05}}
}
{@BLOCK|r5852|00
{@A-RES|0|+1.180248E+06{@LIM3|+1.100000E+06|+1.485000E+06|+8.250000E+05}}
}
{@BLOCK|r6508|00
{@A-RES|0|+9.745626E+05{@LIM3|+1.000000E+06|+1.250000E+06|+7.500000E+05}}
}
{@BLOCK|r2027|00
{@A-RES|0|+9.868528E+02{@LIM3|+1.000000E+03|+1.100000E+03|+9.000000E+02}}
}
{@BLOCK|r2028|00
{@A-RES|0|+1.052766E+03{@LIM3|+1.000000E+03|+1.150000E+03|+9.000000E+02}}
}
{@BLOCK|r2452|00
{@A-RES|0|+1.041978E+03{@LIM3|+1.000000E+03|+1.100000E+03|+9.000000E+02}}
}
{@BLOCK|r9006|00
{@A-RES|0|+1.005080E+05{@LIM3|+1.000000E+05|+1.150000E+05|+8.500000E+04}}
}
{@BLOCK|r9464|00
{@A-RES|0|+9.795974E+04{@LIM3|+1.000000E+05|+1.150000E+05|+8.500000E+04}}
}
{@BLOCK|pr4604|00
{@A-RES|0|+1.014237E+03{@LIM3|+9.090900E+02|+1.090908E+03|+7.272720E+02}}
}
{@BLOCK|r1746|00
{@A-RES|0|+1.003571E+03{@LIM3|+1.000000E+03|+1.100000E+03|+9.000000E+02}}
}
{@BLOCK|r1747|00
{@A-RES|0|+1.001167E+03{@LIM3|+1.000000E+03|+1.100000E+03|+9.000000E+02}}
}
{@BLOCK|r2457|00
{@A-RES|0|+1.033226E+03{@LIM3|+1.000000E+03|+1.100000E+03|+9.000000E+02}}
}
{@BLOCK|r2470|00
{@A-RES|0|+1.018689E+03{@LIM3|+1.000000E+03|+1.150000E+03|+9.000000E+02}}
}
{@BLOCK|r2483|00
{@A-RES|0|+1.017637E+03{@LIM3|+1.000000E+03|+1.100000E+03|+9.000000E+02}}
}
{@BLOCK|r2456|00
{@A-RES|0|+9.963482E+02{@LIM3|+1.000000E+03|+1.100000E+03|+9.000000E+02}}
}
{@BLOCK|r2464|00
{@A-RES|0|+1.009793E+03{@LIM3|+1.000000E+03|+1.100000E+03|+9.000000E+02}}
}
{@BLOCK|r2474|00
{@A-RES|0|+1.024568E+03{@LIM3|+1.000000E+03|+1.100000E+03|+9.000000E+02}}
}
{@BLOCK|r2721|00
{@A-RES|0|+1.027590E+03{@LIM3|+1.000000E+03|+1.100000E+03|+9.000000E+02}}
}
{@BLOCK|r2769|00
{@A-RES|0|+1.012720E+03{@LIM3|+1.000000E+03|+1.100000E+03|+9.000000E+02}}
}
{@BLOCK|r2918|00
{@A-RES|0|+1.003601E+03{@LIM3|+1.000000E+03|+1.100000E+03|+9.000000E+02}}
}
{@BLOCK|r2929|00
{@A-RES|0|+1.014844E+03{@LIM3|+1.000000E+03|+1.100000E+03|+9.000000E+02}}
}
{@BLOCK|r3138|00
{@A-RES|0|+9.985879E+02{@LIM3|+1.000000E+03|+1.100000E+03|+9.000000E+02}}
}
{@BLOCK|r2488|00
{@A-RES|0|+1.011662E+03{@LIM3|+1.000000E+03|+1.100000E+03|+9.000000E+02}}
}
{@BLOCK|r2489|00
{@A-RES|0|+9.958500E+02{@LIM3|+1.000000E+03|+1.100000E+03|+9.000000E+02}}
}
{@BLOCK|r2520|00
{@A-RES|0|+9.918729E+02{@LIM3|+1.000000E+03|+1.100000E+03|+9.000000E+02}}
}
{@BLOCK|r2911|00
{@A-RES|0|+9.965511E+02{@LIM3|+1.000000E+03|+1.100000E+03|+9.000000E+02}}
}
{@BLOCK|r2972|00
{@A-RES|0|+1.001860E+03{@LIM3|+1.000000E+03|+1.100000E+03|+9.000000E+02}}
}
{@BLOCK|r5735|00
{@A-RES|0|+1.000901E+03{@LIM3|+1.000000E+03|+1.100000E+03|+9.000000E+02}}
}
{@BLOCK|r6403|00
{@A-RES|0|+1.007226E+03{@LIM3|+1.000000E+03|+1.100000E+03|+9.000000E+02}}
}
{@BLOCK|r6408|00
{@A-RES|0|+1.006957E+03{@LIM3|+1.000000E+03|+1.100000E+03|+9.000000E+02}}
}
{@BLOCK|r9920|00
{@A-RES|0|+9.867998E+02{@LIM3|+1.000000E+03|+1.100000E+03|+9.000000E+02}}
}
{@BLOCK|pr4608|00
{@A-RES|0|+8.331333E+01{@LIM3|+8.000000E+01|+8.730000E+01|+7.520000E+01}}
}
{@BLOCK|pr4609|00
{@A-RES|0|+8.462161E+01{@LIM3|+8.200000E+01|+9.520003E+01|+7.380000E+01}}
}
{@BLOCK|r5787|00
{@A-RES|0|+9.963693E+00{@LIM3|+1.000000E+01|+1.150000E+01|+8.500000E+00}}
}
{@BLOCK|r304|00
{@A-RES|0|+5.051907E+01{@LIM3|+4.990000E+01|+5.789398E+01|+4.690600E+01}}
}
{@BLOCK|r803|00
{@A-RES|0|+5.033143E+01{@LIM3|+4.990000E+01|+5.789398E+01|+4.690600E+01}}
}
{@BLOCK|r811|00
{@A-RES|0|+5.059396E+01{@LIM3|+4.990000E+01|+5.789398E+01|+4.690600E+01}}
}
{@BLOCK|r1937|00
{@A-RES|0|+5.046926E+01{@LIM3|+4.990000E+01|+5.789398E+01|+4.690600E+01}}
}
{@BLOCK|r7314|00
{@A-RES|0|+1.001754E+03{@LIM3|+1.000000E+03|+1.100000E+03|+9.000000E+02}}
}
{@BLOCK|r9905|00
{@A-RES|0|+9.884320E+02{@LIM3|+1.000000E+03|+1.100000E+03|+9.000000E+02}}
}
{@BLOCK|r24032|00
{@A-RES|0|+1.022331E+03{@LIM3|+1.000000E+03|+1.100000E+03|+9.000000E+02}}
}
{@BLOCK|pr4611|00
{@A-RES|0|+1.110269E+01{@LIM3|+1.090000E+01|+1.471500E+01|+7.085000E+00}}
}
{@BLOCK|pr5106|00
{@A-RES|0|+1.006903E+01{@LIM3|+1.000000E+01|+1.050000E+01|+9.500000E+00}}
}
{@BLOCK|r683|00
{@A-RES|0|+1.039933E+01{@LIM3|+1.000000E+01|+1.350000E+01|+6.500000E+00}}
}
{@BLOCK|r2962|00
{@A-RES|0|+4.812612E+01{@LIM3|+4.700000E+01|+5.482000E+01|+4.418000E+01}}
}
{@BLOCK|r2963|00
{@A-RES|0|+4.781602E+01{@LIM3|+4.700000E+01|+5.482000E+01|+4.418000E+01}}
}
{@BLOCK|pr5301|00
{@A-RES|0|+1.014466E+05{@LIM3|+1.000000E+05|+1.110000E+05|+8.900000E+04}}
}
{@BLOCK|pr5333|00
{@A-RES|0|+1.004713E+05{@LIM3|+1.000000E+05|+1.110000E+05|+8.900000E+04}}
}
{@BLOCK|r2757|00
{@A-RES|0|+9.999059E+04{@LIM3|+1.000000E+05|+1.110000E+05|+8.900000E+04}}
}
{@BLOCK|r2758|00
{@A-RES|0|+9.908607E+04{@LIM3|+1.000000E+05|+1.110000E+05|+8.900000E+04}}
}
{@BLOCK|r7352|00
{@A-RES|0|+1.008683E+05{@LIM3|+1.000000E+05|+1.110000E+05|+8.900000E+04}}
}
{@BLOCK|r2965|00
{@A-RES|0|+9.960232E+02{@LIM3|+1.000000E+03|+1.060000E+03|+9.400000E+02}}
}
{@BLOCK|r2966|00
{@A-RES|0|+9.995704E+02{@LIM3|+1.000000E+03|+1.060000E+03|+9.400000E+02}}
}
{@BLOCK|r3722|00
{@A-RES|0|+1.024345E+03{@LIM3|+1.000000E+03|+1.060000E+03|+9.400000E+02}}
}
{@BLOCK|r1917|00
{@A-RES|0|+8.048505E+04{@LIM3|+1.000000E+05|+1.200000E+05|+8.000000E+04}}
}
{@BLOCK|r4002|00
{@A-RES|0|+1.004847E+05{@LIM3|+1.000000E+05|+1.110000E+05|+8.900000E+04}}
}
{@BLOCK|q4007%qf1|00
{@A-NFE|0|+1.107809E+02{@LIM2|+2.000000E+02|+2.000000E+01}}
}
{@BLOCK|r5710|00
{@A-RES|0|+4.387334E+03{@LIM3|+4.990000E+03|+5.738500E+03|+4.241500E+03}}
}
{@BLOCK|r5853|00
{@A-RES|0|+4.379656E+03{@LIM3|+4.990000E+03|+5.738500E+03|+4.241500E+03}}
}
{@BLOCK|q7301%qf1|00
{@A-NFE|0|+1.067628E+02{@LIM2|+2.000000E+02|+2.000000E+01}}
}
{@BLOCK|r9207|00
{@A-RES|0|+9.991304E+02{@LIM3|+1.000000E+03|+1.060000E+03|+9.400000E+02}}
}
{@BLOCK|r302|00
{@A-RES|0|+1.003914E+04{@LIM3|+1.000000E+04|+1.100000E+04|+9.000000E+03}}
}
{@BLOCK|r4303|00
{@A-RES|0|+1.003438E+03{@LIM3|+1.000000E+03|+1.060000E+03|+9.400000E+02}}
}
{@BLOCK|r7334|00
{@A-RES|0|+1.012923E+03{@LIM3|+1.000000E+03|+1.060000E+03|+9.400000E+02}}
}
{@BLOCK|r7356|00
{@A-RES|0|+1.000629E+03{@LIM3|+1.000000E+03|+1.060000E+03|+9.400000E+02}}
}
{@BLOCK|r7374|00
{@A-RES|0|+1.022507E+03{@LIM3|+1.000000E+03|+1.060000E+03|+9.400000E+02}}
}
{@BLOCK|r40005|00
{@A-RES|0|+1.004054E+03{@LIM3|+1.000000E+03|+1.060000E+03|+9.400000E+02}}
}
{@BLOCK|r625|00
{@A-RES|0|+1.030650E+02{@LIM3|+1.000000E+02|+1.110000E+02|+9.400000E+01}}
}
{@BLOCK|pr5203|00
{@A-RES|0|+1.000001E+04{@LIM3|+1.000000E+04|+1.100000E+04|+9.000000E+03}}
}
{@BLOCK|r306|00
{@A-RES|0|+1.037330E+04{@LIM3|+1.000000E+04|+1.100000E+04|+9.000000E+03}}
}
{@BLOCK|r307|00
{@A-RES|0|+1.001310E+04{@LIM3|+1.000000E+04|+1.100000E+04|+9.000000E+03}}
}
{@BLOCK|r620|00
{@A-RES|0|+9.910991E+03{@LIM3|+1.000000E+04|+1.100000E+04|+9.000000E+03}}
}
{@BLOCK|r663|00
{@A-RES|0|+9.819799E+03{@LIM3|+1.000000E+04|+1.200000E+04|+8.000000E+03}}
}
{@BLOCK|r667|00
{@A-RES|0|+1.018102E+04{@LIM3|+1.000000E+04|+1.100000E+04|+9.000000E+03}}
}
{@BLOCK|r687|00
{@A-RES|0|+1.025793E+04{@LIM3|+1.000000E+04|+1.100000E+04|+9.000000E+03}}
}
{@BLOCK|r1203|00
{@A-RES|0|+9.952801E+03{@LIM3|+1.000000E+04|+1.100000E+04|+9.000000E+03}}
}
{@BLOCK|r1207|00
{@A-RES|0|+9.990081E+03{@LIM3|+1.000000E+04|+1.100000E+04|+9.000000E+03}}
}
{@BLOCK|r1610|00
{@A-RES|0|+9.918469E+03{@LIM3|+1.000000E+04|+1.100000E+04|+9.000000E+03}}
}
{@BLOCK|r608|00
{@A-RES|0|+1.004379E+04{@LIM3|+1.000000E+04|+1.100000E+04|+9.000000E+03}}
}
{@BLOCK|r629|00
{@A-RES|0|+9.951346E+03{@LIM3|+1.000000E+04|+1.100000E+04|+9.000000E+03}}
}
{@BLOCK|r630|00
{@A-RES|0|+9.998947E+03{@LIM3|+1.000000E+04|+1.100000E+04|+9.000000E+03}}
}
{@BLOCK|r631|00
{@A-RES|0|+1.000373E+04{@LIM3|+1.000000E+04|+1.100000E+04|+9.000000E+03}}
}
{@BLOCK|r632|00
{@A-RES|0|+9.958721E+03{@LIM3|+1.000000E+04|+1.100000E+04|+9.000000E+03}}
}
{@BLOCK|r1608|00
{@A-RES|0|+9.957140E+03{@LIM3|+1.000000E+04|+1.100000E+04|+9.000000E+03}}
}
{@BLOCK|r1620|00
{@A-RES|0|+9.748629E+03{@LIM3|+1.000000E+04|+1.100000E+04|+9.000000E+03}}
}
{@BLOCK|r1624|00
{@A-RES|0|+9.988103E+03{@LIM3|+1.000000E+04|+1.100000E+04|+9.000000E+03}}
}
{@BLOCK|r1708|00
{@A-RES|0|+9.947663E+03{@LIM3|+1.000000E+04|+1.100000E+04|+9.000000E+03}}
}
{@BLOCK|r1728|00
{@A-RES|0|+9.869131E+03{@LIM3|+1.000000E+04|+1.100000E+04|+9.000000E+03}}
}
{@BLOCK|r1729|00
{@A-RES|0|+9.948715E+03{@LIM3|+1.000000E+04|+1.100000E+04|+9.000000E+03}}
}
{@BLOCK|r9110|00
{@A-RES|0|+3.183285E+03{@LIM3|+3.197000E+03|+3.516700E+03|+2.877300E+03}}
}
{@BLOCK|r1731|00
{@A-RES|0|+1.036472E+04{@LIM3|+1.000000E+04|+1.100000E+04|+9.000000E+03}}
}
{@BLOCK|r1732|00
{@A-RES|0|+1.049014E+04{@LIM3|+1.000000E+04|+1.100000E+04|+9.000000E+03}}
}
{@BLOCK|r1740|00
{@A-RES|0|+1.001812E+04{@LIM3|+1.000000E+04|+1.100000E+04|+9.000000E+03}}
}
{@BLOCK|r1741|00
{@A-RES|0|+9.970860E+03{@LIM3|+1.000000E+04|+1.100000E+04|+9.000000E+03}}
}
{@BLOCK|r1742|00
{@A-RES|0|+1.002559E+04{@LIM3|+1.000000E+04|+1.100000E+04|+9.000000E+03}}
}
{@BLOCK|r1744|00
{@A-RES|0|+9.976557E+03{@LIM3|+1.000000E+04|+1.100000E+04|+9.000000E+03}}
}
{@BLOCK|r1834|00
{@A-RES|0|+9.948715E+03{@LIM3|+1.000000E+04|+1.100000E+04|+9.000000E+03}}
}
{@BLOCK|r1835|00
{@A-RES|0|+1.005023E+04{@LIM3|+1.000000E+04|+1.100000E+04|+9.000000E+03}}
}
{@BLOCK|r1836|00
{@A-RES|0|+9.973503E+03{@LIM3|+1.000000E+04|+1.100000E+04|+9.000000E+03}}
}
{@BLOCK|r1837|00
{@A-RES|0|+9.967163E+03{@LIM3|+1.000000E+04|+1.100000E+04|+9.000000E+03}}
}
{@BLOCK|r1839|00
{@A-RES|0|+9.905506E+03{@LIM3|+1.000000E+04|+1.100000E+04|+9.000000E+03}}
}
{@BLOCK|r1908|00
{@A-RES|0|+1.065893E+04{@LIM3|+1.000000E+04|+1.100000E+04|+9.000000E+03}}
}
{@BLOCK|r1622|00
{@A-RES|0|+9.987199E+03{@LIM3|+1.000000E+04|+1.100000E+04|+9.000000E+03}}
}
{@BLOCK|r1625|00
{@A-RES|0|+1.086733E+04{@LIM3|+1.000000E+04|+1.100000E+04|+9.000000E+03}}
}
{@BLOCK|r1628|00
{@A-RES|0|+1.053933E+04{@LIM3|+1.000000E+04|+1.100000E+04|+9.000000E+03}}
}
{@BLOCK|r1909|00
{@A-RES|0|+1.043653E+04{@LIM3|+1.000000E+04|+1.100000E+04|+9.000000E+03}}
}
{@BLOCK|r1910|00
{@A-RES|0|+1.045491E+04{@LIM3|+1.000000E+04|+1.100000E+04|+9.000000E+03}}
}
{@BLOCK|r1920|00
{@A-RES|0|+1.036423E+04{@LIM3|+1.000000E+04|+1.100000E+04|+9.000000E+03}}
}
{@BLOCK|r1921|00
{@A-RES|0|+1.035607E+04{@LIM3|+1.000000E+04|+1.100000E+04|+9.000000E+03}}
}
{@BLOCK|r1922|00
{@A-RES|0|+9.582563E+03{@LIM3|+1.000000E+04|+1.100000E+04|+9.000000E+03}}
}
{@BLOCK|r1940|00
{@A-RES|0|+9.948715E+03{@LIM3|+1.000000E+04|+1.100000E+04|+9.000000E+03}}
}
{@BLOCK|r1944|00
{@A-RES|0|+9.622047E+03{@LIM3|+1.000000E+04|+1.100000E+04|+9.000000E+03}}
}
{@BLOCK|r1951|00
{@A-RES|0|+9.640784E+03{@LIM3|+1.000000E+04|+1.100000E+04|+9.000000E+03}}
}
{@BLOCK|r1952|00
{@A-RES|0|+9.562867E+03{@LIM3|+1.000000E+04|+1.100000E+04|+9.000000E+03}}
}
{@BLOCK|r1959|00
{@A-RES|0|+1.000301E+04{@LIM3|+1.000000E+04|+1.150000E+04|+8.500000E+03}}
}
{@BLOCK|r2031|00
{@A-RES|0|+9.966107E+03{@LIM3|+1.000000E+04|+1.100000E+04|+9.000000E+03}}
}
{@BLOCK|r2057|00
{@A-RES|0|+1.006420E+04{@LIM3|+1.000000E+04|+1.100000E+04|+9.000000E+03}}
}
{@BLOCK|r2418|00
{@A-RES|0|+1.001012E+04{@LIM3|+1.000000E+04|+1.100000E+04|+9.000000E+03}}
}
{@BLOCK|r1923|00
{@A-RES|0|+9.561652E+03{@LIM3|+1.000000E+04|+1.100000E+04|+9.000000E+03}}
}
{@BLOCK|r1924|00
{@A-RES|0|+9.528974E+03{@LIM3|+1.000000E+04|+1.100000E+04|+9.000000E+03}}
}
{@BLOCK|r2068|00
{@A-RES|0|+1.003256E+04{@LIM3|+1.000000E+04|+1.100000E+04|+9.000000E+03}}
}
{@BLOCK|r3401|00
{@A-RES|0|+9.905456E+03{@LIM3|+1.000000E+04|+1.100000E+04|+9.000000E+03}}
}
{@BLOCK|r3411|00
{@A-RES|0|+1.006659E+04{@LIM3|+1.000000E+04|+1.100000E+04|+9.000000E+03}}
}
{@BLOCK|r3420|00
{@A-RES|0|+9.859814E+03{@LIM3|+1.000000E+04|+1.100000E+04|+9.000000E+03}}
}
{@BLOCK|r3702|00
{@A-RES|0|+1.004605E+04{@LIM3|+1.000000E+04|+1.100000E+04|+9.000000E+03}}
}
{@BLOCK|r4017|00
{@A-RES|0|+1.010362E+04{@LIM3|+1.000000E+04|+1.100000E+04|+9.000000E+03}}
}
{@BLOCK|r4035|00
{@A-RES|0|+9.910991E+03{@LIM3|+1.000000E+04|+1.100000E+04|+9.000000E+03}}
}
{@BLOCK|r4042|00
{@A-RES|0|+9.995507E+03{@LIM3|+1.000000E+04|+1.100000E+04|+9.000000E+03}}
}
{@BLOCK|r4320|00
{@A-RES|0|+1.000328E+04{@LIM3|+1.000000E+04|+1.100000E+04|+9.000000E+03}}
}
{@BLOCK|r4323|00
{@A-RES|0|+9.983918E+03{@LIM3|+1.000000E+04|+1.100000E+04|+9.000000E+03}}
}
{@BLOCK|r4327|00
{@A-RES|0|+9.946789E+03{@LIM3|+1.000000E+04|+1.100000E+04|+9.000000E+03}}
}
{@BLOCK|r5736|00
{@A-RES|0|+9.033159E+03{@LIM3|+1.000000E+04|+1.100000E+04|+9.000000E+03}}
}
{@BLOCK|r5770|00
{@A-RES|0|+1.001073E+04{@LIM3|+1.000000E+04|+1.100000E+04|+9.000000E+03}}
}
{@BLOCK|r5774|00
{@A-RES|0|+9.974379E+03{@LIM3|+1.000000E+04|+1.100000E+04|+9.000000E+03}}
}
{@BLOCK|r2455|00
{@A-RES|0|+1.000959E+04{@LIM3|+1.000000E+04|+1.100000E+04|+9.000000E+03}}
}
{@BLOCK|r2459|00
{@A-RES|0|+1.002292E+04{@LIM3|+1.000000E+04|+1.100000E+04|+9.000000E+03}}
}
{@BLOCK|r2709|00
{@A-RES|0|+1.038678E+04{@LIM3|+1.000000E+04|+1.100000E+04|+9.000000E+03}}
}
{@BLOCK|r3445|00
{@A-RES|0|+9.956780E+03{@LIM3|+1.000000E+04|+1.100000E+04|+9.000000E+03}}
}
{@BLOCK|r5705|00
{@A-RES|0|+9.926667E+03{@LIM3|+1.000000E+04|+1.100000E+04|+9.000000E+03}}
}
{@BLOCK|r5807|00
{@A-RES|0|+1.006205E+04{@LIM3|+1.000000E+04|+1.100000E+04|+9.000000E+03}}
}
{@BLOCK|r6102|00
{@A-RES|0|+9.907326E+03{@LIM3|+1.000000E+04|+1.100000E+04|+9.000000E+03}}
}
{@BLOCK|r6103|00
{@A-RES|0|+1.007283E+04{@LIM3|+1.000000E+04|+1.100000E+04|+9.000000E+03}}
}
{@BLOCK|r6104|00
{@A-RES|0|+9.984089E+03{@LIM3|+1.000000E+04|+1.100000E+04|+9.000000E+03}}
}
{@BLOCK|r7125|00
{@A-RES|0|+9.899506E+03{@LIM3|+1.000000E+04|+1.100000E+04|+9.000000E+03}}
}
{@BLOCK|r7126|00
{@A-RES|0|+9.912023E+03{@LIM3|+1.000000E+04|+1.100000E+04|+9.000000E+03}}
}
{@BLOCK|r7127|00
{@A-RES|0|+1.036244E+04{@LIM3|+1.000000E+04|+1.100000E+04|+9.000000E+03}}
}
{@BLOCK|r7138|00
{@A-RES|0|+9.969275E+03{@LIM3|+1.000000E+04|+1.100000E+04|+9.000000E+03}}
}
{@BLOCK|r9313|00
{@A-RES|0|+1.058218E+04{@LIM3|+1.000000E+04|+1.100000E+04|+9.000000E+03}}
}
{@BLOCK|r9419|00
{@A-RES|0|+1.002002E+04{@LIM3|+1.000000E+04|+1.100000E+04|+9.000000E+03}}
}
{@BLOCK|r9423|00
{@A-RES|0|+1.015795E+04{@LIM3|+1.000000E+04|+1.100000E+04|+9.000000E+03}}
}
{@BLOCK|r5779|00
{@A-RES|0|+9.996482E+03{@LIM3|+1.000000E+04|+1.100000E+04|+9.000000E+03}}
}
{@BLOCK|r5781|00
{@A-RES|0|+1.001510E+04{@LIM3|+1.000000E+04|+1.100000E+04|+9.000000E+03}}
}
{@BLOCK|r24038|00
{@A-RES|0|+4.712362E+03{@LIM3|+4.700000E+03|+5.170000E+03|+4.230000E+03}}
}
{@BLOCK|r7308|00
{@A-RES|0|+1.018120E+04{@LIM3|+1.000000E+04|+1.100000E+04|+9.000000E+03}}
}
{@BLOCK|r9002|00
{@A-RES|0|+9.962298E+03{@LIM3|+1.000000E+04|+1.100000E+04|+9.000000E+03}}
}
{@BLOCK|r9418|00
{@A-RES|0|+9.527944E+03{@LIM3|+1.000000E+04|+1.100000E+04|+9.000000E+03}}
}
{@BLOCK|r24024|00
{@A-RES|0|+1.002444E+04{@LIM3|+1.000000E+04|+1.100000E+04|+9.000000E+03}}
}
{@BLOCK|r24028|00
{@A-RES|0|+1.005559E+04{@LIM3|+1.000000E+04|+1.100000E+04|+9.000000E+03}}
}
{@BLOCK|r9449|00
{@A-RES|0|+1.013523E+04{@LIM3|+1.000000E+04|+1.100000E+04|+9.000000E+03}}
}
{@BLOCK|r9475|00
{@A-RES|0|+1.051182E+04{@LIM3|+1.000000E+04|+1.100000E+04|+9.000000E+03}}
}
{@BLOCK|r9478|00
{@A-RES|0|+1.044529E+04{@LIM3|+1.000000E+04|+1.100000E+04|+9.000000E+03}}
}
{@BLOCK|r24021|00
{@A-RES|0|+1.002826E+04{@LIM3|+1.000000E+04|+1.100000E+04|+9.000000E+03}}
}
{@BLOCK|rn6401%r1|00
{@A-RES|0|+9.804066E+03{@LIM3|+1.000000E+04|+1.100000E+04|+9.000000E+03}}
}
{@BLOCK|rn6402%r1|00
{@A-RES|0|+9.542916E+03{@LIM3|+1.000000E+04|+1.200000E+04|+8.500000E+03}}
}
{@BLOCK|rn6402%r2|00
{@A-RES|0|+9.993229E+03{@LIM3|+1.000000E+04|+1.100000E+04|+9.000000E+03}}
}
{@BLOCK|rn6403%r1|00
{@A-RES|0|+9.952354E+03{@LIM3|+1.000000E+04|+1.100000E+04|+9.000000E+03}}
}
{@BLOCK|rn6401%r2|00
{@A-RES|0|+1.019642E+04{@LIM3|+1.000000E+04|+1.150000E+04|+8.500000E+03}}
}
{@BLOCK|pr4635|00
{@A-RES|0|+7.146773E+04{@LIM3|+7.150000E+04|+7.579000E+04|+6.721000E+04}}
}
{@BLOCK|pr4689|00
{@A-RES|0|+1.999912E+03{@LIM3|+2.000000E+03|+2.120000E+03|+1.880000E+03}}
}
{@BLOCK|r2009|00
{@A-RES|0|+1.944247E+04{@LIM3|+2.000000E+04|+2.320000E+04|+1.480000E+04}}
}
{@BLOCK|pr5005|00
{@A-RES|0|+5.193123E+01{@LIM3|+5.100000E+01|+5.905999E+01|+4.794000E+01}}
}
{@BLOCK|pr5207|00
{@A-RES|0|+7.493260E+04{@LIM3|+7.500000E+04|+7.950000E+04|+7.050000E+04}}
}
{@BLOCK|r3703|00
{@A-RES|0|+4.727785E+05{@LIM3|+4.700000E+05|+5.405000E+05|+3.995000E+05}}
}
{@BLOCK|r4043|00
{@A-RES|0|+3.920955E+04{@LIM3|+4.020000E+04|+4.261200E+04|+3.778800E+04}}
}
{@BLOCK|r5768|00
{@A-RES|0|+4.716324E+04{@LIM3|+4.700000E+04|+4.982000E+04|+4.418000E+04}}
}
{@BLOCK|r688|00
{@A-RES|0|+4.729459E+03{@LIM3|+4.700000E+03|+4.982000E+03|+4.418000E+03}}
}
{@BLOCK|r2507|00
{@A-RES|0|+4.805815E+03{@LIM3|+4.700000E+03|+4.982000E+03|+4.418000E+03}}
}
{@BLOCK|r606|00
{@A-RES|0|+2.208804E+03{@LIM3|+2.200000E+03|+2.420000E+03|+1.980000E+03}}
}
{@BLOCK|r615|00
{@A-RES|0|+2.186099E+03{@LIM3|+2.200000E+03|+2.640000E+03|+1.760000E+03}}
}
{@BLOCK|r658|00
{@A-RES|0|+2.216466E+03{@LIM3|+2.200000E+03|+2.420000E+03|+1.980000E+03}}
}
{@BLOCK|r1953|00
{@A-RES|0|+2.209714E+03{@LIM3|+2.200000E+03|+2.420000E+03|+1.980000E+03}}
}
{@BLOCK|r1954|00
{@A-RES|0|+2.198870E+03{@LIM3|+2.200000E+03|+2.420000E+03|+1.980000E+03}}
}
{@BLOCK|rn6403%r2|00
{@A-RES|0|+9.934384E+03{@LIM3|+1.000000E+04|+1.100000E+04|+9.000000E+03}}
}
{@BLOCK|pr4656|00
{@A-RES|0|+2.000642E+03{@LIM3|+2.000000E+03|+2.120000E+03|+1.880000E+03}}
}
{@BLOCK|r2475|00
{@A-RES|0|+4.707868E+03{@LIM3|+4.700000E+03|+4.982000E+03|+4.418000E+03}}
}
{@BLOCK|r601|00
{@A-RES|0|+1.811040E+01{@LIM3|+1.800000E+01|+2.408000E+01|+1.692000E+01}}
}
{@BLOCK|r1957|00
{@A-RES|0|+2.248236E+03{@LIM3|+2.200000E+03|+2.420000E+03|+1.980000E+03}}
}
{@BLOCK|r1958|00
{@A-RES|0|+2.304527E+03{@LIM3|+2.200000E+03|+2.420000E+03|+1.980000E+03}}
}
{@BLOCK|r2118|00
{@A-RES|0|+2.348366E+03{@LIM3|+2.200000E+03|+2.420000E+03|+1.980000E+03}}
}
{@BLOCK|r2960|00
{@A-RES|0|+2.217287E+03{@LIM3|+2.200000E+03|+2.420000E+03|+1.980000E+03}}
}
{@BLOCK|r2961|00
{@A-RES|0|+2.233714E+03{@LIM3|+2.200000E+03|+2.860000E+03|+1.980000E+03}}
}
{@BLOCK|rn5701%r1|00
{@A-RES|0|+2.201408E+03{@LIM3|+2.200000E+03|+2.420000E+03|+1.980000E+03}}
}
{@BLOCK|rn5701%r2|00
{@A-RES|0|+2.257841E+03{@LIM3|+2.200000E+03|+2.420000E+03|+1.980000E+03}}
}
{@BLOCK|rn5703%r1|00
{@A-RES|0|+2.183928E+03{@LIM3|+2.200000E+03|+2.530000E+03|+1.870000E+03}}
}
{@BLOCK|rn5703%r2|00
{@A-RES|0|+2.185993E+03{@LIM3|+2.200000E+03|+2.420000E+03|+1.980000E+03}}
}
{@BLOCK|rn5704%r1|00
{@A-RES|0|+2.179880E+03{@LIM3|+2.200000E+03|+2.420000E+03|+1.980000E+03}}
}
{@BLOCK|rn5704%r2|00
{@A-RES|0|+2.206365E+03{@LIM3|+2.200000E+03|+2.420000E+03|+1.980000E+03}}
}
{@BLOCK|rn5803%r1|00
{@A-RES|0|+2.220951E+03{@LIM3|+2.200000E+03|+2.420000E+03|+1.980000E+03}}
}
{@BLOCK|rn5803%r2|00
{@A-RES|0|+2.166625E+03{@LIM3|+2.200000E+03|+2.420000E+03|+1.980000E+03}}
}
{@BLOCK|rn5804%r1|00
{@A-RES|0|+2.250180E+03{@LIM3|+2.200000E+03|+2.420000E+03|+1.980000E+03}}
}
{@BLOCK|rn5804%r2|00
{@A-RES|0|+2.189657E+03{@LIM3|+2.200000E+03|+2.420000E+03|+1.980000E+03}}
}
{@BLOCK|rn9001%r1|00
{@A-RES|0|+2.221371E+03{@LIM3|+2.200000E+03|+2.420000E+03|+1.980000E+03}}
}
{@BLOCK|rn9001%r2|00
{@A-RES|0|+2.176148E+03{@LIM3|+2.200000E+03|+2.420000E+03|+1.980000E+03}}
}
{@BLOCK|rn9002%r1|00
{@A-RES|0|+2.211241E+03{@LIM3|+2.200000E+03|+2.420000E+03|+1.980000E+03}}
}
{@BLOCK|rn9002%r2|00
{@A-RES|0|+2.188094E+03{@LIM3|+2.200000E+03|+2.420000E+03|+1.980000E+03}}
}
{@BLOCK|rn9201%r1|00
{@A-RES|0|+2.237646E+03{@LIM3|+2.200000E+03|+2.420000E+03|+1.980000E+03}}
}
{@BLOCK|r3136|00
{@A-RES|0|+2.233793E+03{@LIM3|+2.200000E+03|+2.420000E+03|+1.980000E+03}}
}
{@BLOCK|r3137|00
{@A-RES|0|+2.200352E+03{@LIM3|+2.200000E+03|+2.420000E+03|+1.980000E+03}}
}
{@BLOCK|rn5702%r1|00
{@A-RES|0|+2.202573E+03{@LIM3|+2.200000E+03|+2.420000E+03|+1.980000E+03}}
}
{@BLOCK|rn5702%r2|00
{@A-RES|0|+2.232935E+03{@LIM3|+2.200000E+03|+2.420000E+03|+1.980000E+03}}
}
{@BLOCK|rn9511%r1|00
{@A-RES|0|+2.183538E+03{@LIM3|+2.200000E+03|+2.420000E+03|+1.980000E+03}}
}
{@BLOCK|rn9511%r2|00
{@A-RES|0|+2.210289E+03{@LIM3|+2.200000E+03|+2.420000E+03|+1.980000E+03}}
}
{@BLOCK|rn9511%r3|00
{@A-RES|0|+2.213160E+03{@LIM3|+2.200000E+03|+2.420000E+03|+1.980000E+03}}
}
{@BLOCK|rn9512%r1|00
{@A-RES|0|+2.214652E+03{@LIM3|+2.200000E+03|+2.420000E+03|+1.980000E+03}}
}
{@BLOCK|rn9512%r2|00
{@A-RES|0|+2.210289E+03{@LIM3|+2.200000E+03|+2.420000E+03|+1.980000E+03}}
}
{@BLOCK|rn9512%r3|00
{@A-RES|0|+2.192592E+03{@LIM3|+2.200000E+03|+2.420000E+03|+1.980000E+03}}
}
{@BLOCK|rn9512%r4|00
{@A-RES|0|+2.199405E+03{@LIM3|+2.200000E+03|+2.420000E+03|+1.980000E+03}}
}
{@BLOCK|rn9513%r1|00
{@A-RES|0|+2.203830E+03{@LIM3|+2.200000E+03|+2.420000E+03|+1.980000E+03}}
}
{@BLOCK|rn9513%r2|00
{@A-RES|0|+2.206156E+03{@LIM3|+2.200000E+03|+2.420000E+03|+1.980000E+03}}
}
{@BLOCK|rn9513%r3|00
{@A-RES|0|+2.220210E+03{@LIM3|+2.200000E+03|+2.420000E+03|+1.980000E+03}}
}
{@BLOCK|rn9513%r4|00
{@A-RES|0|+2.212841E+03{@LIM3|+2.200000E+03|+2.420000E+03|+1.980000E+03}}
}
{@BLOCK|rn9514%r2|00
{@A-RES|0|+2.214972E+03{@LIM3|+2.200000E+03|+2.420000E+03|+1.980000E+03}}
}
{@BLOCK|rn9514%r3|00
{@A-RES|0|+2.210714E+03{@LIM3|+2.200000E+03|+2.420000E+03|+1.980000E+03}}
}
{@BLOCK|rn9514%r4|00
{@A-RES|0|+2.210289E+03{@LIM3|+2.200000E+03|+2.420000E+03|+1.980000E+03}}
}
{@BLOCK|r2606|00
{@A-RES|0|+1.041288E+02{@LIM3|+1.000000E+02|+1.150000E+02|+9.000000E+01}}
}
{@BLOCK|r2612|00
{@A-RES|0|+1.033521E+02{@LIM3|+1.000000E+02|+1.150000E+02|+9.000000E+01}}
}
{@BLOCK|r2618|00
{@A-RES|0|+1.012345E+02{@LIM3|+1.000000E+02|+1.150000E+02|+9.000000E+01}}
}
{@BLOCK|r2624|00
{@A-RES|0|+1.021775E+02{@LIM3|+1.000000E+02|+1.150000E+02|+9.000000E+01}}
}
{@BLOCK|r3416|00
{@A-RES|0|+1.046176E+02{@LIM3|+1.000000E+02|+1.150000E+02|+9.000000E+01}}
}
{@BLOCK|r4009|00
{@A-RES|0|+1.053044E+02{@LIM3|+1.000000E+02|+1.150000E+02|+9.000000E+01}}
}
{@BLOCK|rn9202%r1|00
{@A-RES|0|+2.223682E+03{@LIM3|+2.200000E+03|+2.420000E+03|+1.980000E+03}}
}
{@BLOCK|rn9202%r2|00
{@A-RES|0|+2.191255E+03{@LIM3|+2.200000E+03|+2.420000E+03|+1.980000E+03}}
}
{@BLOCK|r4007|00
{@A-RES|0|+1.122465E+02{@LIM3|+1.000000E+02|+1.150000E+02|+9.000000E+01}}
}
{@BLOCK|r617|00
{@A-RES|0|+7.510275E+04{@LIM3|+7.500000E+04|+8.250000E+04|+6.750000E+04}}
}
{@BLOCK|r2771|00
{@A-RES|0|+1.980582E+05{@LIM3|+2.000000E+05|+2.300000E+05|+1.700000E+05}}
}
{@BLOCK|r675|00
{@A-RES|0|+1.844214E+01{@LIM3|+1.700000E+01|+2.436666E+01|+1.530000E+01}}
}
{@BLOCK|r676|00
{@A-RES|0|+1.803032E+01{@LIM3|+1.500000E+01|+2.149999E+01|+1.350000E+01}}
}
{@BLOCK|r677|00
{@A-RES|0|+1.807458E+01{@LIM3|+1.500000E+01|+2.149999E+01|+1.350000E+01}}
}
{@BLOCK|r678|00
{@A-RES|0|+1.821994E+01{@LIM3|+1.500000E+01|+2.149999E+01|+1.350000E+01}}
}
{@BLOCK|r2493|00
{@A-RES|0|+1.818128E+01{@LIM3|+1.500000E+01|+2.149999E+01|+1.350000E+01}}
}
{@BLOCK|r2122|00
{@A-RES|0|+4.717105E+03{@LIM3|+4.700000E+03|+5.170000E+03|+4.230000E+03}}
}
{@BLOCK|r2601|00
{@A-RES|0|+5.016781E+03{@LIM3|+4.700000E+03|+5.170000E+03|+4.230000E+03}}
}
{@BLOCK|r2607|00
{@A-RES|0|+5.384837E+03{@LIM3|+5.100000E+03|+5.610000E+03|+4.590000E+03}}
}
{@BLOCK|r2613|00
{@A-RES|0|+5.004677E+03{@LIM3|+4.700000E+03|+5.170000E+03|+4.230000E+03}}
}
{@BLOCK|r2619|00
{@A-RES|0|+4.977774E+03{@LIM3|+4.700000E+03|+5.405000E+03|+3.995000E+03}}
}
{@BLOCK|r2964|00
{@A-RES|0|+4.672323E+03{@LIM3|+4.700000E+03|+5.170000E+03|+4.230000E+03}}
}
{@BLOCK|r24017|00
{@A-RES|0|+1.037945E+02{@LIM3|+1.000000E+02|+1.150000E+02|+9.000000E+01}}
}
{@BLOCK|r1825|00
{@A-RES|0|+6.683469E+04{@LIM3|+7.500000E+04|+9.000000E+04|+6.000000E+04}}
}
{@BLOCK|r6401|00
{@A-RES|0|+3.302807E+02{@LIM3|+3.300000E+02|+3.630000E+02|+2.970000E+02}}
}
{@BLOCK|r6407|00
{@A-RES|0|+3.323339E+02{@LIM3|+3.300000E+02|+3.630000E+02|+2.970000E+02}}
}
{@BLOCK|r6409|00
{@A-RES|0|+3.276721E+02{@LIM3|+3.300000E+02|+3.630000E+02|+2.970000E+02}}
}
{@BLOCK|r6410|00
{@A-RES|0|+3.321418E+02{@LIM3|+3.300000E+02|+3.630000E+02|+2.970000E+02}}
}
{@BLOCK|r2120|00
{@A-RES|0|+4.898404E+03{@LIM3|+4.700000E+03|+5.170000E+03|+4.230000E+03}}
}
{@BLOCK|r3147|00
{@A-RES|0|+4.613022E+03{@LIM3|+4.700000E+03|+5.170000E+03|+4.230000E+03}}
}
{@BLOCK|r4314|00
{@A-RES|0|+4.707546E+03{@LIM3|+4.700000E+03|+5.170000E+03|+4.230000E+03}}
}
{@BLOCK|rn2402%r1|00
{@A-RES|0|+4.720627E+03{@LIM3|+4.700000E+03|+5.170000E+03|+4.230000E+03}}
}
{@BLOCK|rn2402%r2|00
{@A-RES|0|+4.722286E+03{@LIM3|+4.700000E+03|+5.170000E+03|+4.230000E+03}}
}
{@BLOCK|r2143|00
{@A-RES|0|+2.103410E+04{@LIM3|+2.000000E+04|+2.200000E+04|+1.800000E+04}}
}
{@BLOCK|r2602|00
{@A-RES|0|+1.987405E+04{@LIM3|+2.000000E+04|+2.200000E+04|+1.800000E+04}}
}
{@BLOCK|r2608|00
{@A-RES|0|+1.994232E+04{@LIM3|+2.000000E+04|+2.200000E+04|+1.800000E+04}}
}
{@BLOCK|r2621|00
{@A-RES|0|+2.023667E+04{@LIM3|+2.000000E+04|+2.200000E+04|+1.800000E+04}}
}
{@BLOCK|r5706|00
{@A-RES|0|+2.014164E+04{@LIM3|+2.000000E+04|+2.200000E+04|+1.800000E+04}}
}
{@BLOCK|r4318|00
{@A-RES|0|+4.712952E+03{@LIM3|+4.700000E+03|+5.170000E+03|+4.230000E+03}}
}
{@BLOCK|r5809|00
{@A-RES|0|+4.709608E+03{@LIM3|+4.700000E+03|+5.170000E+03|+4.230000E+03}}
}
{@BLOCK|r924|00
{@A-RES|0|+2.034879E+04{@LIM3|+2.000000E+04|+2.200000E+04|+1.800000E+04}}
}
{@BLOCK|r2614|00
{@A-RES|0|+2.019977E+04{@LIM3|+2.000000E+04|+2.200000E+04|+1.800000E+04}}
}
{@BLOCK|r4085|00
{@A-RES|0|+2.028834E+04{@LIM3|+2.000000E+04|+2.200000E+04|+1.800000E+04}}
}
{@BLOCK|r7315|00
{@A-RES|0|+1.976824E+04{@LIM3|+2.000000E+04|+2.200000E+04|+1.800000E+04}}
}
{@BLOCK|r24010|00
{@A-RES|0|+1.668392E+04{@LIM3|+2.000000E+04|+2.700000E+04|+1.300000E+04}}
}
{@BLOCK|r24026|00
{@A-RES|0|+2.037583E+04{@LIM3|+2.000000E+04|+2.200000E+04|+1.800000E+04}}
}
{@BLOCK|r5805|00
{@A-RES|0|+2.005746E+04{@LIM3|+2.000000E+04|+2.200000E+04|+1.800000E+04}}
}
{@BLOCK|r1205|00
{@A-RES|0|+2.492545E+01{@LIM3|+2.200000E+01|+2.920001E+01|+1.980000E+01}}
}
{@BLOCK|r1209|00
{@A-RES|0|+2.482434E+01{@LIM3|+2.200000E+01|+2.920001E+01|+1.980000E+01}}
}
{@BLOCK|r2005|00
{@A-RES|0|+2.563876E+01{@LIM3|+2.200000E+01|+2.920001E+01|+1.980000E+01}}
}
{@BLOCK|r2060|00
{@A-RES|0|+2.527843E+01{@LIM3|+2.200000E+01|+2.920001E+01|+1.980000E+01}}
}
{@BLOCK|r2770|00
{@A-RES|0|+2.005161E+05{@LIM3|+2.000000E+05|+2.220000E+05|+1.780000E+05}}
}
{@BLOCK|r1901|00
{@A-RES|0|+3.583883E+01{@LIM3|+3.300000E+01|+4.129999E+01|+2.970000E+01}}
}
{@BLOCK|r1941|00
{@A-RES|0|+3.598525E+01{@LIM3|+3.300000E+01|+4.129999E+01|+2.970000E+01}}
}
{@BLOCK|r1942|00
{@A-RES|0|+3.572066E+01{@LIM3|+3.300000E+01|+4.129999E+01|+2.970000E+01}}
}
{@BLOCK|r2735|00
{@A-RES|0|+3.570036E+01{@LIM3|+3.300000E+01|+4.129999E+01|+2.970000E+01}}
}
{@BLOCK|r6113|00
{@A-RES|0|+3.588796E+01{@LIM3|+3.300000E+01|+4.129999E+01|+2.970000E+01}}
}
{@BLOCK|r9409|00
{@A-RES|0|+3.762591E+01{@LIM3|+3.300000E+01|+4.129999E+01|+2.970000E+01}}
}
{@BLOCK|rn9515%r1|00
{@A-RES|0|+3.597426E+01{@LIM3|+3.300000E+01|+4.129999E+01|+2.970000E+01}}
}
{@BLOCK|rn9516%r1|00
{@A-RES|0|+3.607617E+01{@LIM3|+3.300000E+01|+4.129999E+01|+2.970000E+01}}
}
{@BLOCK|rn9517%r1|00
{@A-RES|0|+3.622732E+01{@LIM3|+3.300000E+01|+4.129999E+01|+2.970000E+01}}
}
{@BLOCK|rn9519%r1|00
{@A-RES|0|+3.565309E+01{@LIM3|+3.300000E+01|+4.129999E+01|+2.970000E+01}}
}
{@BLOCK|r1211|00
{@A-RES|0|+1.960657E+05{@LIM3|+2.000000E+05|+2.220000E+05|+1.780000E+05}}
}
{@BLOCK|r1704|00
{@A-RES|0|+3.738205E+01{@LIM3|+3.300000E+01|+4.295000E+01|+2.970000E+01}}
}
{@BLOCK|r3201|00
{@A-RES|0|+3.670893E+01{@LIM3|+3.300000E+01|+4.129999E+01|+2.970000E+01}}
}
{@BLOCK|r1808|00
{@A-RES|0|+1.065500E+01{@LIM3|+1.000000E+01|+1.200000E+01|+8.000000E+00}}
}
{@BLOCK|r3412|00
{@A-RES|0|+4.981260E+04{@LIM3|+4.990000E+04|+5.289400E+04|+4.690600E+04}}
}
{@BLOCK|r1933|00
{@A-RES|0|+2.191861E+03{@LIM3|+2.200000E+03|+2.332000E+03|+2.068000E+03}}
}
{@BLOCK|r1934|00
{@A-RES|0|+2.196780E+03{@LIM3|+2.200000E+03|+2.332000E+03|+2.068000E+03}}
}
{@BLOCK|r2480|00
{@A-RES|0|+4.948541E+01{@LIM3|+4.700000E+01|+5.670000E+01|+4.230000E+01}}
}
{@BLOCK|r3304|00
{@A-RES|0|+3.376131E+01{@LIM3|+3.300000E+01|+3.998000E+01|+3.102000E+01}}
}
{@BLOCK|r9203|00
{@A-RES|0|+3.324294E+01{@LIM3|+3.300000E+01|+4.657999E+01|+1.980000E+01}}
}
{@BLOCK|r9205|00
{@A-RES|0|+3.302125E+01{@LIM3|+3.300000E+01|+3.998000E+01|+3.102000E+01}}
}
{@BLOCK|r9206|00
{@A-RES|0|+3.496387E+01{@LIM3|+3.300000E+01|+3.998000E+01|+3.102000E+01}}
}
{@BLOCK|r2468|00
{@A-RES|0|+2.021499E+06{@LIM3|+2.000000E+06|+2.500000E+06|+1.500000E+06}}
}
{@BLOCK|r2605|00
{@A-RES|0|+8.540039E+03{@LIM3|+8.200000E+03|+9.020000E+03|+7.380000E+03}}
}
{@BLOCK|r2611|00
{@A-RES|0|+8.491926E+03{@LIM3|+8.200000E+03|+9.020000E+03|+7.380000E+03}}
}
{@BLOCK|r2617|00
{@A-RES|0|+8.483139E+03{@LIM3|+8.200000E+03|+9.020000E+03|+7.380000E+03}}
}
{@BLOCK|r1802|00
{@A-RES|0|+1.010119E+01{@LIM3|+1.000000E+01|+1.200000E+01|+6.500000E+00}}
}
{@BLOCK|r1804|00
{@A-RES|0|+1.074428E+01{@LIM3|+1.000000E+01|+1.250000E+01|+8.500000E+00}}
}
{@BLOCK|r1805|00
{@A-RES|0|+1.005991E+01{@LIM3|+1.000000E+01|+1.150000E+01|+8.500000E+00}}
}
{@BLOCK|r2402|00
{@A-RES|0|+5.031787E+01{@LIM3|+6.400000E+01|+9.640851E+01|+3.200000E+01}}
}
{@BLOCK|r2404|00
{@A-RES|0|+4.981257E+01{@LIM3|+4.700000E+01|+5.670000E+01|+4.230000E+01}}
}
{@BLOCK|r2453|00
{@A-RES|0|+3.310755E+01{@LIM3|+3.300000E+01|+3.998000E+01|+3.102000E+01}}
}
{@BLOCK|r2984|00
{@A-RES|0|+7.775900E+01{@LIM3|+7.500000E+01|+8.750002E+01|+6.750000E+01}}
}
{@BLOCK|r2985|00
{@A-RES|0|+7.903379E+01{@LIM3|+7.500000E+01|+8.750002E+01|+6.750000E+01}}
}
{@BLOCK|r2622|00
{@A-RES|0|+8.296130E+03{@LIM3|+8.200000E+03|+9.020000E+03|+7.380000E+03}}
}
{@BLOCK|r7369|00
{@A-RES|0|+8.308290E+03{@LIM3|+8.200000E+03|+9.020000E+03|+7.380000E+03}}
}
{@BLOCK|r2763|00
{@A-RES|0|+5.680172E+02{@LIM3|+5.600000E+02|+5.936000E+02|+5.264000E+02}}
}
{@BLOCK|r6404|00
{@A-RES|0|+7.801278E+01{@LIM3|+7.500000E+01|+8.750002E+01|+6.750000E+01}}
}
{@BLOCK|r5808|00
{@A-RES|0|+1.597284E+04{@LIM3|+1.500000E+04|+1.725000E+04|+1.275000E+04}}
}
{@BLOCK|r7307|00
{@A-RES|0|+5.159473E+02{@LIM3|+5.100000E+02|+5.610000E+02|+4.590000E+02}}
}
{@BLOCK|r3210|00
{@A-RES|0|+3.333218E+02{@LIM3|+3.300000E+02|+3.498000E+02|+3.102000E+02}}
}
{@BLOCK|r3254|00
{@A-RES|0|+3.334426E+02{@LIM3|+3.300000E+02|+3.498000E+02|+3.102000E+02}}
}
{@BLOCK|r3402|00
{@A-RES|0|+5.600814E+05{@LIM3|+5.600000E+05|+6.440000E+05|+4.760000E+05}}
}
{@BLOCK|r3704|00
{@A-RES|0|+5.598071E+05{@LIM3|+5.600000E+05|+6.440000E+05|+4.760000E+05}}
}
{@BLOCK|r3425|00
{@A-RES|0|+2.057766E+01{@LIM3|+2.000000E+01|+2.620000E+01|+1.880000E+01}}
}
{@BLOCK|r3426|00
{@A-RES|0|+2.050584E+01{@LIM3|+2.000000E+01|+2.620000E+01|+1.880000E+01}}
}
{@BLOCK|r3715|00
{@A-RES|0|+6.777585E+04{@LIM3|+6.800000E+04|+7.480000E+04|+6.120000E+04}}
}
{@BLOCK|r3723|00
{@A-RES|0|+6.747801E+04{@LIM3|+6.800000E+04|+7.480000E+04|+6.120000E+04}}
}
{@BLOCK|r7305|00
{@A-RES|0|+3.014852E+04{@LIM3|+3.000000E+04|+3.180000E+04|+2.820000E+04}}
}
{@BLOCK|r9417|00
{@A-RES|0|+2.961380E+04{@LIM3|+3.000000E+04|+3.180000E+04|+2.820000E+04}}
}
{@BLOCK|r4033|00
{@A-RES|0|+1.205193E+04{@LIM3|+1.200000E+04|+1.320000E+04|+1.080000E+04}}
}
{@BLOCK|r5767|00
{@A-RES|0|+2.236676E+01{@LIM3|+2.200000E+01|+2.832001E+01|+2.068000E+01}}
}
{@BLOCK|r5773|00
{@A-RES|0|+2.245994E+01{@LIM3|+2.200000E+01|+2.832001E+01|+2.068000E+01}}
}
{@BLOCK|r5775|00
{@A-RES|0|+2.236839E+01{@LIM3|+2.200000E+01|+2.832001E+01|+2.068000E+01}}
}
{@BLOCK|r7354|00
{@A-RES|0|+9.117630E+05{@LIM3|+9.100000E+05|+1.046500E+06|+7.735000E+05}}
}
{@BLOCK|r9468|00
{@A-RES|0|+1.524474E+02{@LIM3|+1.500000E+02|+1.640000E+02|+1.410000E+02}}
}
{@BLOCK|r9501|00
{@A-RES|0|+1.995357E+03{@LIM3|+2.000000E+03|+2.200000E+03|+1.800000E+03}}
}
{@BLOCK|r24011|00
{@A-RES|0|+3.306618E+03{@LIM3|+3.300000E+03|+3.498000E+03|+3.102000E+03}}
}
{@BLOCK|r3139|00
{@A-RES|0|+2.999557E+03{@LIM3|+3.010000E+03|+3.190600E+03|+2.829400E+03}}
}
{@BLOCK|r6323|00
{@A-RES|0|+3.026035E+02{@LIM3|+3.000000E+02|+3.180000E+02|+2.820000E+02}}
}
{@BLOCK|rn9515%r3|00
{@A-RES|0|+3.569629E+01{@LIM3|+4.000000E+01|+5.000000E+01|+3.000000E+01}}
}
{@BLOCK|rn9515%r4|00
{@A-RES|0|+3.591498E+01{@LIM3|+3.600000E+01|+5.040000E+01|+3.240000E+01}}
}
{@BLOCK|rn9516%r3|00
{@A-RES|0|+3.646574E+01{@LIM3|+3.700000E+01|+4.070000E+01|+3.330000E+01}}
}
{@BLOCK|rn9516%r4|00
{@A-RES|0|+3.559702E+01{@LIM3|+3.600000E+01|+4.680000E+01|+3.240000E+01}}
}
{@BLOCK|rn9517%r2|00
{@A-RES|0|+3.597720E+01{@LIM3|+3.600000E+01|+3.960000E+01|+3.240000E+01}}
}
{@BLOCK|rn9517%r3|00
{@A-RES|0|+3.588978E+01{@LIM3|+3.700000E+01|+5.550000E+01|+1.850000E+01}}
}
{@BLOCK|rn9517%r4|00
{@A-RES|0|+3.610485E+01{@LIM3|+3.600000E+01|+3.960000E+01|+3.240000E+01}}
}
{@BLOCK|rn9519%r2|00
{@A-RES|0|+3.559218E+01{@LIM3|+3.700000E+01|+4.070000E+01|+3.330000E+01}}
}
{@BLOCK|rn9519%r3|00
{@A-RES|0|+3.576278E+01{@LIM3|+3.800000E+01|+4.180000E+01|+3.420000E+01}}
}
{@BLOCK|rn9519%r4|00
{@A-RES|0|+3.537860E+01{@LIM3|+3.600000E+01|+3.960000E+01|+3.240000E+01}}
}
{@BLOCK|q301|00
{@A-NFE|0|+1.804937E+02{@LIM2|+2.200000E+02|+2.000000E+01}}
}
{@BLOCK|q302|00
{@A-NFE|0|+1.161936E+02{@LIM2|+2.000000E+02|+2.000000E+01}}
}
{@BLOCK|q1602|00
{@A-NFE|0|+2.180248E+01{@LIM2|+2.000000E+02|+2.000000E+01}}
}
{@BLOCK|q1603|00
{@A-NFE|0|+1.468791E+02{@LIM2|+2.200000E+02|+2.000000E+01}}
}
{@BLOCK|pu4502%qf|00
{@A-NFE|0|+5.664620E+01{@LIM2|+3.500000E+02|+2.000000E+01}}
}
{@BLOCK|pu4503%qf|00
{@A-NFE|0|+1.994257E+02{@LIM2|+2.400000E+02|+2.000000E+01}}
}
{@BLOCK|pu4504%qf|00
{@A-NFE|0|+9.542962E+01{@LIM2|+2.000000E+02|+2.000000E+01}}
}
{@BLOCK|pu5202%qf1|00
{@A-NFE|0|+4.313840E+01{@LIM2|+2.000000E+02|+2.000000E+01}}
}
{@BLOCK|q605%qf1|00
{@A-NFE|0|+1.635719E+02{@LIM2|+2.000000E+02|+2.000000E+01}}
}
{@BLOCK|q606%qf1|00
{@A-NFE|0|+1.011627E+02{@LIM2|+2.000000E+02|+2.000000E+01}}
}
{@BLOCK|q1901%qf1|00
{@A-NFE|0|+6.865822E+01{@LIM2|+3.500000E+02|+2.000000E+01}}
}
{@BLOCK|q1901%qf2|00
{@A-NFE|0|+4.512485E+01{@LIM2|+2.000000E+02|+2.000000E+01}}
}
{@BLOCK|q1902%qf1|00
{@A-NFE|0|+1.205353E+02{@LIM2|+2.000000E+02|+2.000000E+01}}
}
{@BLOCK|q1902%qf2|00
{@A-NFE|0|+1.173434E+02{@LIM2|+2.500000E+02|+2.000000E+01}}
}
{@BLOCK|q2402|00
{@A-NFE|0|+1.247175E+02{@LIM2|+2.000000E+02|+2.000000E+01}}
}
{@BLOCK|q2502|00
{@A-NFE|0|+9.520512E+01{@LIM2|+2.000000E+02|+2.000000E+01}}
}
{@BLOCK|q2713|00
{@A-NFE|0|+1.532753E+02{@LIM2|+2.000000E+02|+2.000000E+01}}
}
{@BLOCK|q2718|00
{@A-NFE|0|+1.249842E+02{@LIM2|+2.000000E+02|+2.000000E+01}}
}
{@BLOCK|q3401|00
{@A-NFE|0|+1.080103E+02{@LIM2|+2.000000E+02|+2.000000E+01}}
}
{@BLOCK|q3404|00
{@A-NFE|0|+1.584033E+02{@LIM2|+2.400000E+02|+2.000000E+01}}
}
{@BLOCK|q4001%qf1|00
{@A-NFE|0|+6.436297E+01{@LIM2|+2.000000E+02|+2.000000E+01}}
}
{@BLOCK|q4003|00
{@A-NFE|0|+1.052774E+02{@LIM2|+2.000000E+02|+2.000000E+01}}
}
{@BLOCK|q4005|00
{@A-NFE|0|+1.087980E+02{@LIM2|+2.000000E+02|+2.000000E+01}}
}
{@BLOCK|q4006|00
{@A-NFE|0|+1.009976E+02{@LIM2|+2.000000E+02|+2.000000E+01}}
}
{@BLOCK|q4007%qf2|00
{@A-NFE|0|+8.347577E+01{@LIM2|+2.000000E+02|+2.000000E+01}}
}
{@BLOCK|q4011|00
{@A-NFE|0|+1.202159E+02{@LIM2|+2.000000E+02|+2.000000E+01}}
}
{@BLOCK|q4014|00
{@A-NFE|0|+1.185320E+02{@LIM2|+2.000000E+02|+2.000000E+01}}
}
{@BLOCK|q4015|00
{@A-NFE|0|+4.937067E+01{@LIM2|+2.000000E+02|+2.000000E+01}}
}
{@BLOCK|q4028%qf1|00
{@A-NFE|0|+1.222629E+02{@LIM2|+2.000000E+02|+2.000000E+01}}
}
{@BLOCK|q4028%qf2|00
{@A-NFE|0|+1.005738E+02{@LIM2|+2.000000E+02|+2.000000E+01}}
}
{@BLOCK|q4101|00
{@A-NFE|0|+1.064543E+02{@LIM2|+2.000000E+02|+2.000000E+01}}
}
{@BLOCK|q4302|00
{@A-NFE|0|+4.173488E+01{@LIM2|+2.000000E+02|+2.000000E+01}}
}
{@BLOCK|q4306|00
{@A-NFE|0|+1.132275E+02{@LIM2|+2.000000E+02|+2.000000E+01}}
}
{@BLOCK|q4307|00
{@A-NFE|0|+1.211112E+02{@LIM2|+2.000000E+02|+2.000000E+01}}
}
{@BLOCK|q5601|00
{@A-NFE|0|+1.308678E+02{@LIM2|+2.000000E+02|+2.000000E+01}}
}
{@BLOCK|q5702%qf1|00
{@A-NFE|0|+2.074928E+02{@LIM2|+4.000000E+02|+2.000000E+01}}
}
{@BLOCK|q2909|00
{@A-NFE|0|+1.096435E+02{@LIM2|+2.000000E+02|+2.000000E+01}}
}
{@BLOCK|q3116%qf1|00
{@A-NFE|0|+5.217740E+01{@LIM2|+2.000000E+02|+2.000000E+01}}
}
{@BLOCK|q3116%qf2|00
{@A-NFE|0|+1.079537E+02{@LIM2|+2.500000E+02|+2.000000E+01}}
}
{@BLOCK|q4013%qf2|00
{@A-NFE|0|+1.136145E+02{@LIM2|+2.000000E+02|+2.000000E+01}}
}
{@BLOCK|q4305|00
{@A-NFE|0|+1.388519E+02{@LIM2|+2.000000E+02|+2.000000E+01}}
}
{@BLOCK|q5704%qf1|00
{@A-NFE|0|+1.639458E+02{@LIM2|+4.000000E+02|+2.000000E+01}}
}
{@BLOCK|q5704%qf2|00
{@A-NFE|0|+1.718039E+02{@LIM2|+5.000000E+02|+2.000000E+01}}
}
{@BLOCK|q5808%qf1|00
{@A-NFE|0|+1.710153E+02{@LIM2|+4.000000E+02|+2.000000E+01}}
}
{@BLOCK|q5702%qf2|00
{@A-NFE|0|+2.047669E+02{@LIM2|+4.000000E+02|+2.000000E+01}}
}
{@BLOCK|q5703%qf1|00
{@A-NFE|0|+9.781602E+01{@LIM2|+2.000000E+02|+2.000000E+01}}
}
{@BLOCK|q5703%qf2|00
{@A-NFE|0|+1.160562E+02{@LIM2|+2.000000E+02|+2.000000E+01}}
}
{@BLOCK|q5707%qf1|00
{@A-NFE|0|+1.151976E+02{@LIM2|+2.000000E+02|+2.000000E+01}}
}
{@BLOCK|q6401%qf1|00
{@A-NFE|0|+1.135340E+02{@LIM2|+2.000000E+02|+2.000000E+01}}
}
{@BLOCK|q6401%qf2|00
{@A-NFE|0|+9.983238E+01{@LIM2|+2.000000E+02|+2.000000E+01}}
}
{@BLOCK|q6402|00
{@A-NFE|0|+1.240924E+02{@LIM2|+2.000000E+02|+2.000000E+01}}
}
{@BLOCK|q6404|00
{@A-NFE|0|+1.138407E+02{@LIM2|+2.000000E+02|+2.000000E+01}}
}
{@BLOCK|q7101|00
{@A-NFE|0|+1.168681E+02{@LIM2|+2.000000E+02|+2.000000E+01}}
}
{@BLOCK|q7102|00
{@A-NFE|0|+1.244056E+02{@LIM2|+2.000000E+02|+2.000000E+01}}
}
{@BLOCK|q7104|00
{@A-NFE|0|+1.267379E+02{@LIM2|+2.000000E+02|+2.000000E+01}}
}
{@BLOCK|q7301%qf2|00
{@A-NFE|0|+1.309629E+02{@LIM2|+2.400000E+02|+2.000000E+01}}
}
{@BLOCK|q9104%qf1|00
{@A-NFE|0|+1.182194E+02{@LIM2|+2.000000E+02|+2.000000E+01}}
}
{@BLOCK|q9104%qf2|00
{@A-NFE|0|+8.041397E+01{@LIM2|+2.000000E+02|+2.000000E+01}}
}
{@BLOCK|q9402|00
{@A-NFE|0|+1.351220E+02{@LIM2|+2.000000E+02|+2.000000E+01}}
}
{@BLOCK|q9405%qf1|00
{@A-NFE|0|+1.053760E+02{@LIM2|+2.000000E+02|+2.000000E+01}}
}
{@BLOCK|q5808%qf2|00
{@A-NFE|0|+1.701075E+02{@LIM2|+2.500000E+02|+2.000000E+01}}
}
{@BLOCK|q7103|00
{@A-NFE|0|+1.077999E+02{@LIM2|+2.000000E+02|+2.000000E+01}}
}
{@BLOCK|q7105|00
{@A-NFE|0|+1.240842E+02{@LIM2|+2.000000E+02|+2.000000E+01}}
}
{@BLOCK|q9001|00
{@A-NFE|0|+1.265863E+02{@LIM2|+2.000000E+02|+2.000000E+01}}
}
{@BLOCK|q9002%qf1|00
{@A-NFE|0|+1.167446E+02{@LIM2|+2.000000E+02|+2.000000E+01}}
}
{@BLOCK|q9002%qf2|00
{@A-NFE|0|+1.174931E+02{@LIM2|+2.000000E+02|+2.000000E+01}}
}
{@BLOCK|q9411|00
{@A-NFE|0|+1.190020E+02{@LIM2|+2.000000E+02|+2.000000E+01}}
}
{@BLOCK|d2201|00
{@A-DIO|0|+1.961394E-01{@LIM2|+8.000000E-01|+1.000000E-01}}
}
{@BLOCK|q9405%qf2|00
{@A-NFE|0|+1.577675E+02{@LIM2|+2.000000E+02|+2.000000E+01}}
}
{@BLOCK|d2501%cr1|00
{@A-DIO|0|+5.506032E-01{@LIM2|+8.000000E-01|+4.000000E-01}}
}
{@BLOCK|d2501%cr2|00
{@A-DIO|0|+5.527783E-01{@LIM2|+8.500000E-01|+4.000000E-01}}
}
{@BLOCK|ed3215%ds|00
{@A-DIO|0|+2.695818E-01{@LIM2|+8.000000E-01|+2.000000E-01}}
}
{@BLOCK|d3405|00
{@A-DIO|0|+7.491458E-01{@LIM2|+8.000000E-01|+4.000000E-01}}
}
{@BLOCK|d3406|00
{@A-DIO|0|+6.893742E-01{@LIM2|+8.000000E-01|+4.000000E-01}}
}
{@BLOCK|d4001|00
{@A-DIO|0|+4.792601E-01{@LIM2|+8.000000E-01|+2.000000E-01}}
}
{@BLOCK|d5701|00
{@A-DIO|0|+4.577702E-01{@LIM2|+8.000000E-01|+2.000000E-01}}
}
{@BLOCK|d2601|00
{@A-DIO|0|+4.475467E-01{@LIM2|+8.000000E-01|+2.000000E-01}}
}
{@BLOCK|d2602|00
{@A-DIO|0|+4.463554E-01{@LIM2|+8.000000E-01|+2.000000E-01}}
}
{@BLOCK|d2603|00
{@A-DIO|0|+4.512057E-01{@LIM2|+8.000000E-01|+2.000000E-01}}
}
{@BLOCK|d2613|00
{@A-DIO|0|+4.572048E-01{@LIM2|+8.000000E-01|+4.000000E-01}}
}
{@BLOCK|d2615|00
{@A-DIO|0|+4.462704E-01{@LIM2|+8.000000E-01|+2.000000E-01}}
}
{@BLOCK|d2616|00
{@A-DIO|0|+4.540138E-01{@LIM2|+8.000000E-01|+2.000000E-01}}
}
{@BLOCK|d2969%cr1|00
{@A-DIO|0|+5.514879E-01{@LIM2|+9.000000E-01|+4.000000E-01}}
}
{@BLOCK|d6401%cr1|00
{@A-DIO|0|+5.870568E-01{@LIM2|+8.000000E-01|+4.000000E-01}}
}
{@BLOCK|d9222|00
{@A-DIO|0|+6.930283E-01{@LIM2|+8.000000E-01|+4.000000E-01}}
}
{@BLOCK|d9521|00
{@A-DIO|0|+4.305815E-01{@LIM2|+8.000000E-01|+2.000000E-01}}
}
{@BLOCK|d9522|00
{@A-DIO|0|+6.113753E-01{@LIM2|+8.000000E-01|+4.000000E-01}}
}
{@BLOCK|ed3304%cr1|00
{@A-DIO|0|+7.769870E-01{@LIM2|+8.000000E-01|+4.000000E-01}}
}
{@BLOCK|ed3304%cr2|00
{@A-DIO|0|+7.765954E-01{@LIM2|+8.000000E-01|+4.000000E-01}}
}
{@BLOCK|ed3304%cr4|00
{@A-DIO|0|+7.767694E-01{@LIM2|+8.000000E-01|+4.000000E-01}}
}
{@BLOCK|ed3304%cr6|00
{@A-DIO|0|+6.316907E-01{@LIM2|+8.000000E-01|+4.000000E-01}}
}
{@BLOCK|ed3304%cr8|00
{@A-DIO|0|+6.338658E-01{@LIM2|+8.000000E-01|+4.000000E-01}}
}
{@BLOCK|ed3305|00
{@A-DIO|0|+6.246869E-01{@LIM2|+8.000000E-01|+4.000000E-01}}
}
{@BLOCK|ed3306|00
{@A-DIO|0|+6.423487E-01{@LIM2|+8.000000E-01|+4.000000E-01}}
}
{@BLOCK|ed3401%cr1|00
{@A-DIO|0|+4.413265E-01{@LIM2|+8.000000E-01|+4.000000E-01}}
}
{@BLOCK|ed3401%cr2|00
{@A-DIO|0|+4.410220E-01{@LIM2|+8.000000E-01|+4.000000E-01}}
}
{@BLOCK|ed3402%cr2|00
{@A-DIO|0|+9.074056E-01{@LIM2|+1.200000E+00|+4.000000E-01}}
}
{@BLOCK|ed3403%cr1|00
{@A-DIO|0|+7.824247E-01{@LIM2|+8.000000E-01|+4.000000E-01}}
}
{@BLOCK|ed3403%cr2|00
{@A-DIO|0|+7.783790E-01{@LIM2|+8.000000E-01|+4.000000E-01}}
}
{@BLOCK|ed3403%cr3|00
{@A-DIO|0|+7.782050E-01{@LIM2|+8.000000E-01|+4.000000E-01}}
}
{@BLOCK|ed3403%cr4|00
{@A-DIO|0|+7.822507E-01{@LIM2|+8.000000E-01|+4.000000E-01}}
}
{@BLOCK|ed3403%cr6|00
{@A-DIO|0|+7.426640E-01{@LIM2|+1.200000E+00|+4.000000E-01}}
}
{@BLOCK|ed3403%cr7|00
{@A-DIO|0|+6.767151E-01{@LIM2|+8.000000E-01|+4.000000E-01}}
}
{@BLOCK|ed3403%cr8|00
{@A-DIO|0|+4.880040E-01{@LIM2|+9.000000E-01|+4.000000E-01}}
}
{@BLOCK|ed3703%cr1|00
{@A-DIO|0|+7.768565E-01{@LIM2|+8.000000E-01|+4.000000E-01}}
}
{@BLOCK|ed3703%cr2|00
{@A-DIO|0|+7.769870E-01{@LIM2|+8.000000E-01|+4.000000E-01}}
}
{@BLOCK|ed3703%cr3|00
{@A-DIO|0|+7.766824E-01{@LIM2|+8.000000E-01|+4.000000E-01}}
}
{@BLOCK|ed3703%cr4|00
{@A-DIO|0|+7.767259E-01{@LIM2|+8.000000E-01|+4.000000E-01}}
}
{@BLOCK|d6401%cr2|00
{@A-DIO|0|+5.891415E-01{@LIM2|+8.000000E-01|+4.000000E-01}}
}
{@BLOCK|d6402%cr1|00
{@A-DIO|0|+5.621245E-01{@LIM2|+8.000000E-01|+4.000000E-01}}
}
{@BLOCK|d6402%cr2|00
{@A-DIO|0|+5.636562E-01{@LIM2|+8.000000E-01|+4.000000E-01}}
}
{@BLOCK|d9001%cr1|00
{@A-DIO|0|+5.528494E-01{@LIM2|+8.000000E-01|+4.000000E-01}}
}
{@BLOCK|d9001%cr2|00
{@A-DIO|0|+5.488074E-01{@LIM2|+8.000000E-01|+4.000000E-01}}
}
{@BLOCK|ed2914|00
{@A-DIO|0|+5.293509E-01{@LIM2|+8.000000E-01|+2.000000E-01}}
}
{@BLOCK|ed3701%cr2|00
{@A-DIO|0|+6.905299E-01{@LIM2|+9.000000E-01|+2.000000E-01}}
}
{@BLOCK|ed3704%cr1|00
{@A-DIO|0|+7.335018E-01{@LIM2|+9.000000E-01|+4.000000E-01}}
}
{@BLOCK|ed3703%cr5|00
{@A-DIO|0|+6.873731E-01{@LIM2|+9.000000E-01|+4.000000E-01}}
}
{@BLOCK|ed3703%cr6|00
{@A-DIO|0|+7.419679E-01{@LIM2|+9.000000E-01|+4.000000E-01}}
}
{@BLOCK|ed3703%cr7|00
{@A-DIO|0|+7.420985E-01{@LIM2|+9.000000E-01|+4.000000E-01}}
}
{@BLOCK|ed3703%cr8|00
{@A-DIO|0|+7.428380E-01{@LIM2|+9.000000E-01|+4.000000E-01}}
}
{@BLOCK|ed3709%cr1|00
{@A-DIO|0|+7.772045E-01{@LIM2|+8.000000E-01|+4.000000E-01}}
}
{@BLOCK|ed3709%cr2|00
{@A-DIO|0|+7.765519E-01{@LIM2|+8.000000E-01|+4.000000E-01}}
}
{@BLOCK|ed3709%cr3|00
{@A-DIO|0|+7.764214E-01{@LIM2|+8.000000E-01|+4.000000E-01}}
}
{@BLOCK|ed3709%cr4|00
{@A-DIO|0|+7.765084E-01{@LIM2|+8.000000E-01|+4.000000E-01}}
}
{@BLOCK|ed3709%cr5|00
{@A-DIO|0|+6.672317E-01{@LIM2|+9.000000E-01|+4.000000E-01}}
}
{@BLOCK|ed3709%cr6|00
{@A-DIO|0|+6.666227E-01{@LIM2|+9.000000E-01|+4.000000E-01}}
}
{@BLOCK|ed3709%cr7|00
{@A-DIO|0|+6.669272E-01{@LIM2|+9.000000E-01|+4.000000E-01}}
}
{@BLOCK|ed3709%cr8|00
{@A-DIO|0|+6.686238E-01{@LIM2|+9.000000E-01|+4.000000E-01}}
}
{@BLOCK|ed5702%cr1|00
{@A-DIO|0|+6.303856E-01{@LIM2|+8.000000E-01|+4.000000E-01}}
}
{@BLOCK|ed5702%cr2|00
{@A-DIO|0|+6.244259E-01{@LIM2|+9.000000E-01|+2.000000E-01}}
}
{@BLOCK|ed5704%cr1|00
{@A-DIO|0|+7.769000E-01{@LIM2|+8.000000E-01|+4.000000E-01}}
}
{@BLOCK|ed5704%cr2|00
{@A-DIO|0|+7.407499E-01{@LIM2|+8.000000E-01|+4.000000E-01}}
}
{@BLOCK|ed5704%cr4|00
{@A-DIO|0|+5.680475E-01{@LIM2|+8.000000E-01|+4.000000E-01}}
}
{@BLOCK|ed5704%cr5|00
{@A-DIO|0|+4.801302E-01{@LIM2|+8.000000E-01|+4.000000E-01}}
}
{@BLOCK|ed5704%cr6|00
{@A-DIO|0|+4.728219E-01{@LIM2|+8.000000E-01|+2.000000E-01}}
}
{@BLOCK|ed5704%cr8|00
{@A-DIO|0|+5.834906E-01{@LIM2|+8.000000E-01|+4.000000E-01}}
}
{@BLOCK|ed5707%cr2|00
{@A-DIO|0|+6.434362E-01{@LIM2|+8.000000E-01|+4.000000E-01}}
}
{@BLOCK|ed5707%cr6|00
{@A-DIO|0|+5.893199E-01{@LIM2|+9.000000E-01|+4.000000E-01}}
}
{@BLOCK|ed5803%cr2|00
{@A-DIO|0|+6.919408E-01{@LIM2|+8.000000E-01|+4.000000E-01}}
}
{@BLOCK|ed5803%cr7|00
{@A-DIO|0|+7.142573E-01{@LIM2|+8.000000E-01|+4.000000E-01}}
}
{@BLOCK|ed5805%cr2|00
{@A-DIO|0|+7.159103E-01{@LIM2|+9.000000E-01|+4.000000E-01}}
}
{@BLOCK|ed5805%cr5|00
{@A-DIO|0|+7.063399E-01{@LIM2|+8.000000E-01|+4.000000E-01}}
}
{@BLOCK|ed5805%cr6|00
{@A-DIO|0|+8.074818E-01{@LIM2|+1.100000E+00|+4.000000E-01}}
}
{@BLOCK|ed5805%cr8|00
{@A-DIO|0|+8.075688E-01{@LIM2|+1.100000E+00|+4.000000E-01}}
}
{@BLOCK|ed6402%cr1|00
{@A-DIO|0|+7.708532E-01{@LIM2|+8.000000E-01|+4.000000E-01}}
}
{@BLOCK|ed6402%cr2|00
{@A-DIO|0|+7.750294E-01{@LIM2|+8.200000E-01|+4.000000E-01}}
}
{@BLOCK|ed6501|00
{@A-DIO|0|+7.128652E-01{@LIM2|+8.000000E-01|+4.000000E-01}}
}
{@BLOCK|ed6502|00
{@A-DIO|0|+7.108206E-01{@LIM2|+8.000000E-01|+4.000000E-01}}
}
{@BLOCK|ed6503|00
{@A-DIO|0|+6.450458E-01{@LIM2|+8.000000E-01|+4.000000E-01}}
}
{@BLOCK|ed6504|00
{@A-DIO|0|+7.211306E-01{@LIM2|+8.000000E-01|+4.000000E-01}}
}
{@BLOCK|ed7301%cr1|00
{@A-DIO|0|+7.763779E-01{@LIM2|+8.000000E-01|+4.000000E-01}}
}
{@BLOCK|ed7301%cr2|00
{@A-DIO|0|+7.612828E-01{@LIM2|+9.000000E-01|+5.000000E-01}}
}
{@BLOCK|ed7301%cr3|00
{@A-DIO|0|+7.901680E-01{@LIM2|+8.500000E-01|+4.000000E-01}}
}
{@BLOCK|ed7301%cr4|00
{@A-DIO|0|+7.769435E-01{@LIM2|+8.000000E-01|+4.000000E-01}}
}
{@BLOCK|ed7301%cr5|00
{@A-DIO|0|+6.771937E-01{@LIM2|+8.000000E-01|+4.000000E-01}}
}
{@BLOCK|ed7301%cr6|00
{@A-DIO|0|+7.205650E-01{@LIM2|+8.000000E-01|+4.000000E-01}}
}
{@BLOCK|ed7301%cr7|00
{@A-DIO|0|+7.014677E-01{@LIM2|+8.000000E-01|+4.000000E-01}}
}
{@BLOCK|ed7301%cr8|00
{@A-DIO|0|+6.825444E-01{@LIM2|+8.000000E-01|+4.000000E-01}}
}
{@BLOCK|ed7311%cr1|00
{@A-DIO|0|+7.288739E-01{@LIM2|+9.000000E-01|+4.000000E-01}}
}
{@BLOCK|ed7311%cr2|00
{@A-DIO|0|+7.286129E-01{@LIM2|+9.000000E-01|+4.000000E-01}}
}
{@BLOCK|ed9202%cr1|00
{@A-DIO|0|+7.779005E-01{@LIM2|+8.000000E-01|+4.000000E-01}}
}
{@BLOCK|ed9202%cr2|00
{@A-DIO|0|+7.795101E-01{@LIM2|+8.000000E-01|+4.000000E-01}}
}
{@BLOCK|ed9202%cr3|00
{@A-DIO|0|+7.786835E-01{@LIM2|+9.000000E-01|+4.000000E-01}}
}
{@BLOCK|ed9202%cr4|00
{@A-DIO|0|+7.787270E-01{@LIM2|+8.000000E-01|+4.000000E-01}}
}
{@BLOCK|ed9202%cr5|00
{@A-DIO|0|+6.462638E-01{@LIM2|+8.000000E-01|+4.000000E-01}}
}
{@BLOCK|ed9202%cr6|00
{@A-DIO|0|+6.470469E-01{@LIM2|+8.000000E-01|+4.000000E-01}}
}
{@BLOCK|ed9202%cr7|00
{@A-DIO|0|+6.470034E-01{@LIM2|+8.000000E-01|+4.000000E-01}}
}
{@BLOCK|ed9202%cr8|00
{@A-DIO|0|+6.486129E-01{@LIM2|+8.000000E-01|+4.000000E-01}}
}
{@BLOCK|ed9204|00
{@A-DIO|0|+6.624900E-01{@LIM2|+8.000000E-01|+4.000000E-01}}
}
{@BLOCK|ed9205|00
{@A-DIO|0|+5.235885E-01{@LIM2|+8.000000E-01|+4.000000E-01}}
}
{@BLOCK|hled1%cr|00
{@A-DIO|0|+2.750737E+00{@LIM2|+3.500000E+00|+2.500000E+00}}
}
{@BLOCK|q3402|00
{@A-DIO|0|+7.002497E-01|B-E{@LIM2|+8.050000E-01|+6.030000E-01}}
{@A-DIO|0|+6.849805E-01|B-C{@LIM2|+8.050000E-01|+6.030000E-01}}
}
{@BLOCK|q5701%q2|00
{@A-DIO|0|+6.888087E-01|B-E{@LIM2|+8.020000E-01|+6.000000E-01}}
{@A-DIO|0|+6.583573E-01|B-C{@LIM2|+8.040000E-01|+6.020000E-01}}
}
{@BLOCK|q5804%q1|00
{@A-DIO|0|+6.943769E-01|B-E{@LIM2|+8.030000E-01|+6.000000E-01}}
{@A-DIO|0|+6.774547E-01|B-C{@LIM2|+8.040000E-01|+6.020000E-01}}
}
{@BLOCK|q5804%q2|00
{@A-DIO|0|+6.878951E-01|B-E{@LIM2|+8.020000E-01|+6.000000E-01}}
{@A-DIO|0|+6.607064E-01|B-C{@LIM2|+8.040000E-01|+6.020000E-01}}
}
{@BLOCK|q2915|00
{@A-DIO|0|+7.321800E-01|B-E{@LIM2|+8.060000E-01|+6.030000E-01}}
{@A-DIO|0|+7.277863E-01|B-C{@LIM2|+8.060000E-01|+6.030000E-01}}
}
{@BLOCK|q2916|00
{@A-DIO|0|+7.387488E-01|B-E{@LIM2|+8.040000E-01|+6.020000E-01}}
{@A-DIO|0|+7.385748E-01|B-C{@LIM2|+8.030000E-01|+6.000000E-01}}
}
{@BLOCK|q2917|00
{@A-DIO|0|+7.381833E-01|B-E{@LIM2|+8.050000E-01|+6.030000E-01}}
{@A-DIO|0|+7.386618E-01|B-C{@LIM2|+8.040000E-01|+6.010000E-01}}
}
{@BLOCK|ed5704%ds|00
{@A-DIO|0|+5.933692E-01{@LIM2|+8.000000E-01|+4.000000E-01}}
}
{@BLOCK|ed5707%ds|00
{@A-DIO|0|+5.879085E-01{@LIM2|+8.000000E-01|+4.000000E-01}}
}
{@BLOCK|ed5803%ds|00
{@A-DIO|0|+5.994366E-01{@LIM2|+8.000000E-01|+4.000000E-01}}
}
{@BLOCK|ed5805%ds|00
{@A-DIO|0|+7.062771E-01{@LIM2|+9.000000E-01|+4.000000E-01}}
}
{@BLOCK|ed6314|00
{@A-ZEN|0|+3.213079E+00{@LIM3|+3.300000E+00|+3.517140E+00|+3.162390E+00}}
}
{@BLOCK|ed3704%cr2|00
{@A-DIO|0|+6.889982E-01{@LIM2|+9.000000E-01|+2.000000E-01}}
}
{@BLOCK|ed3705%cr1|00
{@A-DIO|0|+4.445259E-01{@LIM2|+8.000000E-01|+4.000000E-01}}
}
{@BLOCK|ed3708%cr1|00
{@A-DIO|0|+9.072192E-01{@LIM2|+1.200000E+00|+4.000000E-01}}
}
{@BLOCK|ed3708%cr2|00
{@A-DIO|0|+9.049643E-01{@LIM2|+1.200000E+00|+6.000000E-01}}
}
{@BLOCK|q2919|00
{@A-DIO|0|+7.349484E-01|B-E{@LIM2|+8.050000E-01|+6.030000E-01}}
{@A-DIO|0|+7.320553E-01|B-C{@LIM2|+8.060000E-01|+6.030000E-01}}
}
{@BLOCK|capacitor_power_check|00
{@A-MEA|0|+1.169122E+00|tc9407_voltage{@LIM2|+5.500000E+00|+5.000000E-01}}
{@A-MEA|0|+2.344773E+00|tc9301_voltage{@LIM2|+5.500000E+00|+5.000000E-01}}
{@A-MEA|0|+2.631333E-01|tc9407_polarity{@LIM2|+2.000000E+00|-2.000000E+00}}
{@A-MEA|0|+3.824454E-01|tc9301_polarity{@LIM2|+2.000000E+00|-2.000000E+00}}
{@A-MEA|0|+5.737532E-01|tc9403_polarity{@LIM2|+2.000000E+00|-2.000000E+00}}
{@A-MEA|0|+4.990172E+00|tc9408_voltage{@LIM2|+5.500000E+00|+4.500000E+00}}
{@A-MEA|0|+6.968098E-01|tc9408_polarity{@LIM2|+2.000000E+00|-2.000000E+00}}
{@A-MEA|0|+5.238839E-01|tc9405_polarity{@LIM2|+2.000000E+00|-2.000000E+00}}
{@A-MEA|0|+6.226014E-01|tc3302_polarity{@LIM2|+2.000000E+00|-2.000000E+00}}
{@A-MEA|0|+4.467650E+00|tc2602_voltage{@LIM2|+5.500000E+00|+3.500000E+00}}
{@A-MEA|0|+5.398829E-01|tc2602_polarity{@LIM2|+2.000000E+00|-2.000000E+00}}
{@A-MEA|0|+4.782815E+00|tc9403_voltage{@LIM2|+5.500000E+00|+4.500000E+00}}
{@A-MEA|0|+3.298517E+00|tc9405_voltage{@LIM2|+4.000000E+00|+2.500000E+00}}
{@A-MEA|0|+4.996499E+00|tc3302_voltage{@LIM2|+5.500000E+00|+4.500000E+00}}
{@A-MEA|0|+4.813093E+00|tc2601_voltage{@LIM2|+5.500000E+00|+4.500000E+00}}
}
{@BLOCK|power_nodes|00
{@A-MEA|0|+1.200137E+01|+12V_CPU_ATX{@LIM2|+1.310000E+01|+8.900000E+00}}
{@A-MEA|0|+3.299549E+00|+3D3V_BAT_PWR{@LIM2|+4.000000E+00|+2.500000E+00}}
{@A-MEA|0|+1.200833E+01|+12V_MAIN_ATX{@LIM2|+1.310000E+01|+8.900000E+00}}
{@A-MEA|0|+5.090116E+00|+5V_S5{@LIM2|+6.000000E+00|+4.000000E+00}}
{@A-MEA|0|+1.271516E+00|+1D25V_VCCPRIM_IO_S5{@LIM2|+1.800000E+00|+8.000000E-01}}
{@A-MEA|0|+3.393331E+00|+3D3V_DSW{@LIM2|+4.000000E+00|+2.500000E+00}}
{@A-MEA|0|+1.823430E+00|+PWR_1P8V_PCH{@LIM2|+2.500000E+00|+1.000000E+00}}
{@A-MEA|0|+8.701612E-01|+0D77V_VNNAON_S5{@LIM2|+1.500000E+00|+3.000000E-01}}
}
{@D-T|0|384||0|u3905
}
{@D-T|0|384||0|u6101
}
{@D-T|0|384||0|u9406
}
{@BLOCK|pu4701|00
{@A-MEA|0|+5.089245E+00|pino3{@LIM2|+6.000000E+00|+1.000000E-01}}
{@A-MEA|0|+1.200137E+01|pino8{@LIM2|+1.350000E+01|+1.050000E+01}}
}
{@BLOCK|pu4702|00
{@A-MEA|0|+1.976565E-01|pino3{@LIM2|+6.000000E+00|+1.000000E-01}}
{@A-MEA|0|+1.200137E+01|pino8{@LIM2|+1.350000E+01|+1.050000E+01}}
}
{@BLOCK|pu4703|00
{@A-MEA|0|+5.033737E+00|pino3{@LIM2|+6.000000E+00|+1.000000E-01}}
{@A-MEA|0|+1.200137E+01|pino8{@LIM2|+1.350000E+01|+1.050000E+01}}
}
{@BLOCK|pu4704|00
{@A-MEA|0|+5.088549E+00|pino3{@LIM2|+6.000000E+00|+1.000000E-01}}
{@A-MEA|0|+1.200276E+01|pino8{@LIM2|+1.350000E+01|+1.050000E+01}}
}
{@BLOCK|pu4705|00
{@A-MEA|0|+5.089420E+00|pino3{@LIM2|+6.000000E+00|+1.000000E-01}}
{@A-MEA|0|+1.200137E+01|pino8{@LIM2|+1.350000E+01|+1.050000E+01}}
}
{@BLOCK|pu4707|00
{@A-MEA|0|+6.648171E+00|pino3{@LIM2|+7.500000E+00|+1.000000E-01}}
{@A-MEA|0|+1.200137E+01|pino8{@LIM2|+1.350000E+01|+1.050000E+01}}
}
{@BLOCK|pu5001|00
{@A-MEA|0|+1.200137E+01|pino8{@LIM2|+1.350000E+01|+1.050000E+01}}
{@A-MEA|0|+3.537942E+00|pino24{@LIM2|+6.000000E+00|+5.000000E-01}}
}
{@BLOCK|pu5101|00
{@A-MEA|0|+1.200833E+01|pino2{@LIM2|+1.350000E+01|+1.050000E+01}}
{@A-MEA|0|+6.960366E-04|pino7{@LIM2|+4.000000E+00|-1.000000E+00}}
{@A-MEA|0|+7.360587E-02|pino10{@LIM2|+4.000000E+00|-1.000000E+00}}
{@A-MEA|0|+3.392650E+00|pino12{@LIM2|+4.000000E+00|+2.500000E+00}}
{@A-MEA|0|+8.043061E-01|pino15{@LIM2|+1.500000E+00|+5.000000E-01}}
}
{@BLOCK|pu5201|00
{@A-MEA|0|+3.393178E+00|pino1{@LIM2|+4.000000E+00|+2.500000E+00}}
{@A-MEA|0|+5.086983E+00|pino7{@LIM2|+6.000000E+00|+4.000000E+00}}
{@A-MEA|0|+8.176177E-01|pino8{@LIM2|+1.800000E+00|+5.000000E-01}}
}
{@BLOCK|pu5203|00
{@A-MEA|0|+1.199859E+01|pino11{@LIM2|+1.400000E+01|+1.050000E+01}}
{@A-MEA|0|+5.090986E+00|pino32{@LIM2|+6.000000E+00|-1.000000E+00}}
}
{@BLOCK|pu5302|00
{@A-MEA|0|+1.200694E+01|pino2{@LIM2|+1.450000E+01|+1.050000E+01}}
{@A-MEA|0|+5.947613E+00|pino7{@LIM2|+6.500000E+00|+2.500000E+00}}
{@A-MEA|0|+3.391786E+00|pino12{@LIM2|+4.000000E+00|-1.000000E+00}}
{@A-MEA|0|+1.826768E+00|pino15{@LIM2|+2.500000E+00|+1.000000E+00}}
}
{@BLOCK|pu5303|00
{@A-MEA|0|+1.199998E+01|pino1{@LIM2|+1.400000E+01|+1.050000E+01}}
{@A-MEA|0|+3.393178E+00|pino3{@LIM2|+4.000000E+00|-1.000000E+00}}
{@A-MEA|0|+1.270342E+00|pino9{@LIM2|+1.800000E+00|+5.000000E-01}}
}
{@BLOCK|pu5402|00
{@A-MEA|0|+1.202566E+00|pino3{@LIM2|+1.800000E+00|+5.000000E-01}}
{@A-MEA|0|+3.393004E+00|pino5{@LIM2|+4.000000E+00|+2.500000E+00}}
{@A-MEA|0|+5.088723E+00|pino6{@LIM2|+6.000000E+00|+4.000000E+00}}
}
{@BLOCK|u1201|00
{@A-MEA|0|+2.392603E-03|pino2{@LIM2|+1.500000E+00|-1.000000E+00}}
{@A-MEA|0|+1.037085E-01|pino3{@LIM2|+1.500000E+00|-1.000000E+00}}
{@A-MEA|0|+9.635665E-02|pino4{@LIM2|+1.500000E+00|-1.000000E+00}}
{@A-MEA|0|+5.133270E-02|pino5{@LIM2|+4.000000E+00|-1.000000E+00}}
{@A-MEA|0|+4.715648E-02|pino6{@LIM2|+4.000000E+00|-1.000000E+00}}
{@A-MEA|0|+4.499877E-01|pino7{@LIM2|+4.000000E+00|-1.000000E+00}}
}
{@BLOCK|u2701|00
{@A-MEA|0|+1.823094E+00|pino9{@LIM2|+3.800000E+00|+1.000000E+00}}
{@A-MEA|0|+5.090464E+00|pino25{@LIM2|+6.000000E+00|+4.000000E+00}}
}
{@BLOCK|u2702|00
{@A-MEA|0|+4.204409E+00|pino1{@LIM2|+6.000000E+00|+5.000000E-01}}
{@A-MEA|0|+1.820504E+00|pino5{@LIM2|+2.500000E+00|+1.000000E+00}}
}
{@BLOCK|u3201|00
{@A-MEA|0|+5.089768E+00|pino1{@LIM2|+6.000000E+00|+4.000000E+00}}
{@A-MEA|0|+5.089245E+00|pino5{@LIM2|+6.000000E+00|+4.000000E+00}}
}
{@BLOCK|u3301|00
{@A-MEA|0|+5.088723E+00|pino1{@LIM2|+6.000000E+00|+4.000000E+00}}
{@A-MEA|0|+5.089420E+00|pino5{@LIM2|+6.000000E+00|+4.000000E+00}}
}
{@BLOCK|u3302|00
{@A-MEA|0|+5.089594E+00|pino1{@LIM2|+6.000000E+00|+4.000000E+00}}
{@A-MEA|0|+5.089245E+00|pino5{@LIM2|+6.000000E+00|+4.000000E+00}}
}
{@BLOCK|u3401|00
{@A-MEA|0|+5.088549E+00|pino1{@LIM2|+6.000000E+00|+4.000000E+00}}
{@A-MEA|0|+5.090116E+00|pino5{@LIM2|+6.000000E+00|+4.000000E+00}}
}
{@BLOCK|u3402|00
{@A-MEA|0|+5.089768E+00|pino5{@LIM2|+6.000000E+00|+4.000000E+00}}
}
{@BLOCK|u3702|00
{@A-MEA|0|+5.087679E+00|pino1{@LIM2|+6.000000E+00|+4.000000E+00}}
{@A-MEA|0|+5.089245E+00|pino5{@LIM2|+6.000000E+00|+4.000000E+00}}
}
{@BLOCK|u3703|00
{@A-MEA|0|+5.089071E+00|pino1{@LIM2|+6.000000E+00|+4.000000E+00}}
{@A-MEA|0|+5.090290E+00|pino5{@LIM2|+6.000000E+00|+4.000000E+00}}
}
{@BLOCK|u3904|00
{@A-MEA|0|+3.394222E+00|pino1{@LIM2|+4.000000E+00|+2.500000E+00}}
{@A-MEA|0|+3.394222E+00|pino5{@LIM2|+4.000000E+00|+2.500000E+00}}
}
{@BLOCK|u4001|00
{@A-MEA|0|+1.822244E+00|pino1{@LIM2|+2.500000E+00|+1.000000E+00}}
{@A-MEA|0|+1.002414E+00|pino5{@LIM2|+1.800000E+00|+5.000000E-01}}
}
{@BLOCK|u5702|00
{@A-MEA|0|+4.938206E+00|pino1{@LIM2|+6.000000E+00|+4.000000E+00}}
{@A-MEA|0|+4.942730E+00|pino5{@LIM2|+6.000000E+00|+4.000000E+00}}
}
{@BLOCK|u5703|00
{@A-MEA|0|+3.391612E+00|pino1{@LIM2|+4.000000E+00|+2.500000E+00}}
{@A-MEA|0|+3.391786E+00|pino5{@LIM2|+4.000000E+00|+2.500000E+00}}
}
{@BLOCK|u5705|00
{@A-MEA|0|+3.392830E+00|pino1{@LIM2|+4.000000E+00|+2.500000E+00}}
{@A-MEA|0|+3.392482E+00|pino5{@LIM2|+4.000000E+00|+2.500000E+00}}
}
{@BLOCK|u5801|00
{@A-MEA|0|+3.391786E+00|pino1{@LIM2|+4.000000E+00|+2.500000E+00}}
{@A-MEA|0|+9.025854E-01|pino5{@LIM2|+4.000000E+00|+5.000000E-01}}
}
{@BLOCK|u7303|00
{@A-MEA|0|+5.089768E+00|pino1{@LIM2|+6.000000E+00|+4.000000E+00}}
{@A-MEA|0|+5.089594E+00|pino5{@LIM2|+6.000000E+00|+4.000000E+00}}
{@A-MEA|0|+5.088027E+00|pino11{@LIM2|+6.000000E+00|+4.000000E+00}}
}
{@BLOCK|u9001|00
{@A-MEA|0|+5.089420E+00|pino1{@LIM2|+6.000000E+00|+4.000000E+00}}
{@A-MEA|0|+5.090116E+00|pino5{@LIM2|+6.000000E+00|+4.000000E+00}}
}
{@BLOCK|u9401|00
{@A-MEA|0|+3.391960E+00|pino1{@LIM2|+4.000000E+00|-1.000000E+00}}
{@A-MEA|0|+3.392656E+00|pino5{@LIM2|+4.000000E+00|+2.500000E+00}}
}
{@BLOCK|u4004|00
{@A-MEA|0|+3.394222E+00|pino1{@LIM2|+4.000000E+00|+5.000000E-01}}
{@A-MEA|0|+5.089071E+00|pino4{@LIM2|+6.000000E+00|+4.000000E+00}}
{@A-MEA|0|+3.392308E+00|pino13{@LIM2|+4.000000E+00|+5.000000E-01}}
}
{@BLOCK|u4005|00
{@A-MEA|0|+5.090986E+00|pino1{@LIM2|+6.000000E+00|+5.000000E-01}}
{@A-MEA|0|+5.089942E+00|pino4{@LIM2|+6.000000E+00|+5.000000E-01}}
}
{@BLOCK|u4006|00
{@A-MEA|0|+5.089420E+00|pino1{@LIM2|+6.000000E+00|+4.000000E+00}}
{@A-MEA|0|+5.089245E+00|pino4{@LIM2|+6.000000E+00|+4.000000E+00}}
{@A-MEA|0|+5.085417E+00|pino13{@LIM2|+6.000000E+00|+4.000000E+00}}
}
{@BLOCK|u4007|00
{@A-MEA|0|+3.394222E+00|pino1{@LIM2|+4.000000E+00|+2.500000E+00}}
{@A-MEA|0|+5.089594E+00|pino4{@LIM2|+6.000000E+00|+4.000000E+00}}
{@A-MEA|0|+3.392656E+00|pino13{@LIM2|+4.000000E+00|+2.500000E+00}}
}
{@BLOCK|u4008|00
{@A-MEA|0|+3.394048E+00|pino1{@LIM2|+4.000000E+00|+2.500000E+00}}
{@A-MEA|0|+5.089768E+00|pino4{@LIM2|+6.000000E+00|+3.000000E+00}}
{@A-MEA|0|+3.394222E+00|pino13{@LIM2|+4.000000E+00|+2.500000E+00}}
}
{@BLOCK|pu4801|00
{@A-MEA|0|+1.200137E+01|pino7{@LIM2|+1.400000E+01|+1.050000E+01}}
{@A-MEA|0|+1.199998E+01|pino11{@LIM2|+1.400000E+01|+1.050000E+01}}
{@A-MEA|0|+5.089942E+00|pino32{@LIM2|+6.000000E+00|+4.000000E+00}}
{@A-MEA|0|+1.541547E+00|pino47{@LIM2|+6.000000E+00|+5.000000E-01}}
}
{@BLOCK|pu5301|00
{@A-MEA|0|+3.394048E+00|pino2{@LIM2|+4.000000E+00|+2.500000E+00}}
{@A-MEA|0|+5.088723E+00|pino3{@LIM2|+6.000000E+00|+4.000000E+00}}
{@A-MEA|0|+1.838861E+00|pino6{@LIM2|+2.500000E+00|+1.000000E+00}}
}
{@BLOCK|pu4501|00
{@A-MEA|0|+3.311916E+00|pino3{@LIM2|+4.000000E+00|+2.500000E+00}}
}
{@BLOCK|pu4801|00
{@A-MEA|0|+2.978256E-04|pino18{@LIM2|+1.800000E+00|-1.000000E+00}}
}
{@BLOCK|pu4501|00
{@A-MEA|0|+3.759468E+00|pino7{@LIM2|+4.000000E+00|+1.000000E-01}}
{@A-MEA|0|+3.468698E+00|pino8{@LIM2|+4.000000E+00|+2.500000E+00}}
{@A-MEA|0|+1.200833E+01|pino12{@LIM2|+1.400000E+01|+1.050000E+01}}
{@A-MEA|0|+5.089420E+00|pino13{@LIM2|+6.000000E+00|+4.000000E+00}}
{@A-MEA|0|+5.089768E+00|pino18{@LIM2|+6.000000E+00|+4.000000E+00}}
}
{@BLOCK|pu4706|00
{@A-MEA|0|+3.969497E+00|pino3{@LIM2|+6.000000E+00|+1.000000E-01}}
{@A-MEA|0|+1.200137E+01|pino8{@LIM2|+1.350000E+01|+1.050000E+01}}
}
}}