{@BATCH|e14_gen7_lnl_intel||4073|1||btest|131230143708~16|ICT0263\engineer|ICT0263|C:/Agilent_ICT/boards/e14_gen7_lnl_intel|RevA|sb21v27520_u7||sb21v27520_u7
{@BTEST|6683000775|00|131230154857|000015|0|all||n||131230154912||1
{@BLOCK|fi100|00
{@A-FUS|0|+3.011190E+00{@LIM2|+1.570000E+01|+0.000000E+00}}
}
{@BLOCK|fi300|00
{@A-FUS|0|+2.401416E+00{@LIM2|+1.570000E+01|+0.000000E+00}}
}
{@BLOCK|fu900|00
{@A-FUS|0|+3.560058E+00{@LIM2|+1.570000E+01|+0.000000E+00}}
}
{@BLOCK|fu901|00
{@A-FUS|0|+2.606011E+00{@LIM2|+1.570000E+01|+0.000000E+00}}
}
{@BLOCK|fv150|00
{@A-FUS|0|+2.643248E+00{@LIM2|+1.570000E+01|+0.000000E+00}}
}
{@BLOCK|fv500|00
{@A-FUS|0|+2.747322E+00{@LIM2|+1.570000E+01|+0.000000E+00}}
}
{@BLOCK|pf101|00
{@A-FUS|0|+2.600048E+00{@LIM2|+1.570000E+01|+0.000000E+00}}
}
{@BLOCK|jf1|00
{@A-JUM|0|+2.942620E+00{@LIM2|+1.500000E+01|+0.000000E+00}}
}
{@BLOCK|jv150|00
{@A-JUM|0|+2.723133E+00{@LIM2|+1.500000E+01|+0.000000E+00}}
}
{@BLOCK|pr1251|00
{@A-JUM|0|+1.244317E+05{@LIM2|+9.999999E+99|+9.340000E+03}}
}
{@BLOCK|pl5100|00
{@A-JUM|0|+1.679365E+07{@LIM2|+9.999999E+99|+1.000000E+04}}
}
{@BLOCK|pl5102|00
{@A-JUM|0|+9.312285E+06{@LIM2|+9.999999E+99|+1.000000E+04}}
}
{@BLOCK|pl5103|00
{@A-JUM|0|+4.457836E+06{@LIM2|+9.999999E+99|+1.000000E+04}}
}
{@BLOCK|pr403|00
{@A-JUM|0|+1.229460E+05{@LIM2|+9.999999E+99|+8.970000E+03}}
}
{@BLOCK|pr414|00
{@A-JUM|0|+1.679365E+07{@LIM2|+9.999999E+99|+1.000000E+04}}
}
{@BLOCK|pr509|00
{@A-JUM|0|+2.679847E+06{@LIM2|+9.999999E+99|+8.290000E+03}}
}
{@BLOCK|pr1161|00
{@A-JUM|0|+3.783814E+05{@LIM2|+9.999999E+99|+9.070000E+03}}
}
{@BLOCK|pr1252|00
{@A-JUM|0|+1.255719E+05{@LIM2|+9.999999E+99|+9.350000E+03}}
}
{@BLOCK|pr5105|00
{@A-JUM|0|+1.679365E+07{@LIM2|+9.999999E+99|+1.000000E+04}}
}
{@BLOCK|ra4|00
{@A-JUM|0|+1.600096E+04{@LIM2|+9.999999E+99|+2.030000E+02}}
}
{@BLOCK|ra23|00
{@A-JUM|0|+1.843967E+07{@LIM2|+9.999999E+99|+1.000000E+04}}
}
{@BLOCK|ra24|00
{@A-JUM|0|+1.679365E+07{@LIM2|+9.999999E+99|+1.000000E+04}}
}
{@BLOCK|ra300|00
{@A-JUM|0|+1.843967E+07{@LIM2|+9.999999E+99|+1.000000E+04}}
}
{@BLOCK|ra301|00
{@A-JUM|0|+2.293573E+07{@LIM2|+9.999999E+99|+1.000000E+04}}
}
{@BLOCK|ra308|00
{@A-JUM|0|+3.624913E+03{@LIM2|+9.999999E+99|+1.500000E+01}}
}
{@BLOCK|ra404|00
{@A-JUM|0|+1.679365E+07{@LIM2|+9.999999E+99|+1.000000E+04}}
}
{@BLOCK|rb18|00
{@A-JUM|0|+1.679365E+07{@LIM2|+9.999999E+99|+1.000000E+04}}
}
{@BLOCK|rb19|00
{@A-JUM|0|+1.541741E+07{@LIM2|+9.999999E+99|+1.000000E+04}}
}
{@BLOCK|rc92|00
{@A-JUM|0|+1.161125E+07{@LIM2|+9.999999E+99|+9.490000E+03}}
}
{@BLOCK|rc214|00
{@A-JUM|0|+1.424965E+07{@LIM2|+9.999999E+99|+9.060000E+03}}
}
{@BLOCK|rc232|00
{@A-JUM|0|-2.357623E+06{@LIM2|+9.999999E+99|+9.060000E+03}}
}
{@BLOCK|rc309|00
{@A-JUM|0|+2.043977E+04{@LIM2|+9.999999E+99|+1.630000E+02}}
}
{@BLOCK|rc337|00
{@A-JUM|0|+3.698844E+03{@LIM2|+9.999999E+99|+1.520000E+02}}
}
{@BLOCK|rc338|00
{@A-JUM|0|+3.803584E+03{@LIM2|+9.999999E+99|+1.660000E+02}}
}
{@BLOCK|rc355|00
{@A-JUM|0|+4.480184E+03{@LIM2|+9.999999E+99|+2.000000E+03}}
}
{@BLOCK|rc393|00
{@A-JUM|0|+4.332929E+03{@LIM2|+9.999999E+99|+1.260000E+02}}
}
{@BLOCK|rc394|00
{@A-JUM|0|+4.498782E+03{@LIM2|+9.999999E+99|+1.420000E+02}}
}
{@BLOCK|rc417|00
{@A-JUM|0|+1.096684E+04{@LIM2|+9.999999E+99|+5.110000E+03}}
}
{@BLOCK|re3|00
{@A-JUM|0|+7.545868E+03{@LIM2|+9.999999E+99|+6.330000E+02}}
}
{@BLOCK|re90|00
{@A-JUM|0|+2.044341E+07{@LIM2|+9.999999E+99|+1.000000E+04}}
}
{@BLOCK|re1120|00
{@A-JUM|0|+1.843967E+07{@LIM2|+9.999999E+99|+1.000000E+04}}
}
{@BLOCK|ri101|00
{@A-JUM|0|+2.194409E+04{@LIM2|+9.999999E+99|+4.690000E+03}}
}
{@BLOCK|ri215|00
{@A-JUM|0|+1.828634E+04{@LIM2|+9.999999E+99|+3.370000E+02}}
}
{@BLOCK|ri233|00
{@A-JUM|0|+1.046806E+05{@LIM2|+9.999999E+99|+9.090000E+03}}
}
{@BLOCK|ri802|00
{@A-JUM|0|+7.345236E+04{@LIM2|+9.999999E+99|+1.250000E+02}}
}
{@BLOCK|ri818|00
{@A-JUM|0|+4.383598E+03{@LIM2|+9.999999E+99|+6.980000E+02}}
}
{@BLOCK|rk20|00
{@A-JUM|0|+1.541741E+07{@LIM2|+9.999999E+99|+1.000000E+04}}
}
{@BLOCK|rl11|00
{@A-JUM|0|+1.173845E+06{@LIM2|+9.999999E+99|+1.390000E+02}}
}
{@BLOCK|rl12|00
{@A-JUM|0|+1.173845E+06{@LIM2|+9.999999E+99|+1.260000E+02}}
}
{@BLOCK|rn5|00
{@A-JUM|0|+1.237502E+07{@LIM2|+9.999999E+99|+1.000000E+04}}
}
{@BLOCK|rn16|00
{@A-JUM|0|+1.237502E+07{@LIM2|+9.999999E+99|+9.040000E+03}}
}
{@BLOCK|rr6|00
{@A-JUM|0|+1.669669E+04{@LIM2|+9.999999E+99|+1.000000E+04}}
}
{@BLOCK|rr7|00
{@A-JUM|0|+3.839971E+04{@LIM2|+9.999999E+99|+1.000000E+04}}
}
{@BLOCK|rr14|00
{@A-JUM|0|+6.460527E+05{@LIM2|+9.999999E+99|+9.110000E+03}}
}
{@BLOCK|rr19|00
{@A-JUM|0|+6.981529E+04{@LIM2|+9.999999E+99|+1.000000E+04}}
}
{@BLOCK|rr23|00
{@A-JUM|0|-9.502866E+06{@LIM2|+9.999999E+99|+1.000000E+04}}
}
{@BLOCK|ru724|00
{@A-JUM|0|+5.104477E+03{@LIM2|+9.999999E+99|+1.650000E+02}}
}
{@BLOCK|ru725|00
{@A-JUM|0|+5.610049E+03{@LIM2|+9.999999E+99|+1.260000E+02}}
}
{@BLOCK|ru726|00
{@A-JUM|0|+2.461322E+04{@LIM2|+9.999999E+99|+1.570000E+02}}
}
{@BLOCK|ru727|00
{@A-JUM|0|+5.246901E+03{@LIM2|+9.999999E+99|+1.580000E+02}}
}
{@BLOCK|ru728|00
{@A-JUM|0|+5.677803E+03{@LIM2|+9.999999E+99|+1.280000E+02}}
}
{@BLOCK|ru956|00
{@A-JUM|0|+1.679365E+07{@LIM2|+9.999999E+99|+6.690000E+03}}
}
{@BLOCK|ru957|00
{@A-JUM|0|+1.541741E+07{@LIM2|+9.999999E+99|+6.600000E+03}}
}
{@BLOCK|ru1146|00
{@A-JUM|0|+7.773229E+06{@LIM2|+9.999999E+99|+1.000000E+04}}
}
{@BLOCK|ru1147|00
{@A-JUM|0|+1.324634E+07{@LIM2|+9.999999E+99|+1.000000E+04}}
}
{@BLOCK|ru1148|00
{@A-JUM|0|+9.797235E+06{@LIM2|+9.999999E+99|+1.000000E+04}}
}
{@BLOCK|rv154|00
{@A-JUM|0|+1.173827E+06{@LIM2|+9.999999E+99|+1.040000E+02}}
}
{@BLOCK|rv165|00
{@A-JUM|0|+3.958990E+05{@LIM2|+9.999999E+99|+9.090000E+03}}
}
{@BLOCK|rv171|00
{@A-JUM|0|+8.108245E+06{@LIM2|+9.999999E+99|+1.000000E+04}}
}
{@BLOCK|rv176|00
{@A-JUM|0|+2.044341E+07{@LIM2|+9.999999E+99|+1.000000E+04}}
}
{@BLOCK|rv183|00
{@A-JUM|0|+1.237502E+07{@LIM2|+9.999999E+99|+1.000000E+04}}
}
{@BLOCK|rv529|00
{@A-JUM|0|+1.541741E+07{@LIM2|+9.999999E+99|+1.000000E+04}}
}
{@BLOCK|swe1%jp|00
{@A-JUM|0|+7.230035E+05{@LIM2|+9.999999E+99|+1.000000E+04}}
}
{@BLOCK|la403|00
{@A-JUM|0|+3.940905E+00{@LIM2|+1.500000E+01|+0.000000E+00}}
}
{@BLOCK|lc1|00
{@A-JUM|0|+2.274206E+00{@LIM2|+1.500000E+01|+0.000000E+00}}
}
{@BLOCK|lu900%jp2|00
{@A-JUM|0|+4.179015E+00{@LIM2|+1.500000E+01|+0.000000E+00}}
}
{@BLOCK|pj300|00
{@A-JUM|0|+3.018427E+00{@LIM2|+1.500000E+01|+0.000000E+00}}
}
{@BLOCK|pj526|00
{@A-JUM|0|+2.633330E+00{@LIM2|+1.500000E+01|+0.000000E+00}}
}
{@BLOCK|pj527|00
{@A-JUM|0|+2.670760E+00{@LIM2|+1.500000E+01|+0.000000E+00}}
}
{@BLOCK|pj529|00
{@A-JUM|0|+2.950586E+00{@LIM2|+1.500000E+01|+0.000000E+00}}
}
{@BLOCK|pj601|00
{@A-JUM|0|+3.026467E+00{@LIM2|+1.500000E+01|+0.000000E+00}}
}
{@BLOCK|pj603|00
{@A-JUM|0|+2.599198E+00{@LIM2|+1.500000E+01|+0.000000E+00}}
}
{@BLOCK|pj1014|00
{@A-JUM|0|+2.739437E+00{@LIM2|+1.500000E+01|+0.000000E+00}}
}
{@BLOCK|pj1103|00
{@A-JUM|0|+3.981343E+00{@LIM2|+1.500000E+01|+0.000000E+00}}
}
{@BLOCK|pj1105|00
{@A-JUM|0|+3.670257E+00{@LIM2|+1.500000E+01|+0.000000E+00}}
}
{@BLOCK|pj1203|00
{@A-JUM|0|+3.601295E+00{@LIM2|+1.500000E+01|+0.000000E+00}}
}
{@BLOCK|pj1205|00
{@A-JUM|0|+3.587353E+00{@LIM2|+1.500000E+01|+0.000000E+00}}
}
{@BLOCK|pl300|00
{@A-JUM|0|+3.055923E+00{@LIM2|+1.500000E+01|+0.000000E+00}}
}
{@BLOCK|pl500|00
{@A-JUM|0|+2.573133E+00{@LIM2|+1.500000E+01|+0.000000E+00}}
}
{@BLOCK|pl1000|00
{@A-JUM|0|+3.036480E+00{@LIM2|+1.500000E+01|+0.000000E+00}}
}
{@BLOCK|pr103|00
{@A-JUM|0|+2.721939E+00{@LIM2|+1.500000E+01|+0.000000E+00}}
}
{@BLOCK|pr104|00
{@A-JUM|0|+3.200077E+00{@LIM2|+1.500000E+01|+0.000000E+00}}
}
{@BLOCK|pr105|00
{@A-JUM|0|+3.150642E+00{@LIM2|+1.500000E+01|+0.000000E+00}}
}
{@BLOCK|pr300|00
{@A-JUM|0|+2.570639E+00{@LIM2|+1.500000E+01|+0.000000E+00}}
}
{@BLOCK|pr301|00
{@A-JUM|0|+3.846567E+00{@LIM2|+1.500000E+01|+0.000000E+00}}
}
{@BLOCK|pr305|00
{@A-JUM|0|+2.725359E+00{@LIM2|+1.500000E+01|+0.000000E+00}}
}
{@BLOCK|pr306|00
{@A-JUM|0|+7.627964E+00{@LIM2|+1.500000E+01|+0.000000E+00}}
}
{@BLOCK|pr307|00
{@A-JUM|0|+7.412341E+00{@LIM2|+1.500000E+01|+0.000000E+00}}
}
{@BLOCK|pr323|00
{@A-JUM|0|+3.136768E+00{@LIM2|+1.500000E+01|+0.000000E+00}}
}
{@BLOCK|pr324|00
{@A-JUM|0|+2.695498E+00{@LIM2|+1.500000E+01|+0.000000E+00}}
}
{@BLOCK|pr325|00
{@A-JUM|0|+3.158880E+00{@LIM2|+1.500000E+01|+0.000000E+00}}
}
{@BLOCK|pr327|00
{@A-JUM|0|+2.591858E+00{@LIM2|+1.500000E+01|+0.000000E+00}}
}
{@BLOCK|pr502|00
{@A-JUM|0|+2.396389E+00{@LIM2|+1.500000E+01|+0.000000E+00}}
}
{@BLOCK|pr508|00
{@A-JUM|0|+3.043548E+00{@LIM2|+1.500000E+01|+0.000000E+00}}
}
{@BLOCK|pr525|00
{@A-JUM|0|+2.670760E+00{@LIM2|+1.500000E+01|+0.000000E+00}}
}
{@BLOCK|pr528|00
{@A-JUM|0|+2.580368E+00{@LIM2|+1.500000E+01|+0.000000E+00}}
}
{@BLOCK|pr530|00
{@A-JUM|0|+2.635366E+00{@LIM2|+1.500000E+01|+0.000000E+00}}
}
{@BLOCK|pr1000|00
{@A-JUM|0|+2.903908E+00{@LIM2|+1.500000E+01|+0.000000E+00}}
}
{@BLOCK|pr1021|00
{@A-JUM|0|+3.977527E+00{@LIM2|+1.500000E+01|+0.000000E+00}}
}
{@BLOCK|pr1131|00
{@A-JUM|0|+3.955603E+00{@LIM2|+1.500000E+01|+0.000000E+00}}
}
{@BLOCK|ra9|00
{@A-JUM|0|+2.925446E+00{@LIM2|+1.500000E+01|+0.000000E+00}}
}
{@BLOCK|ra11|00
{@A-JUM|0|+2.765149E+00{@LIM2|+1.500000E+01|+0.000000E+00}}
}
{@BLOCK|ra14|00
{@A-JUM|0|+2.357562E+00{@LIM2|+1.500000E+01|+0.000000E+00}}
}
{@BLOCK|ra15|00
{@A-JUM|0|+2.314348E+00{@LIM2|+1.500000E+01|+0.000000E+00}}
}
{@BLOCK|ra16|00
{@A-JUM|0|+2.787436E+00{@LIM2|+1.500000E+01|+0.000000E+00}}
}
{@BLOCK|ra17|00
{@A-JUM|0|+2.845944E+00{@LIM2|+1.500000E+01|+0.000000E+00}}
}
{@BLOCK|ra18|00
{@A-JUM|0|+2.752392E+00{@LIM2|+1.500000E+01|+0.000000E+00}}
}
{@BLOCK|ra37|00
{@A-JUM|0|+2.820381E+00{@LIM2|+1.500000E+01|+0.000000E+00}}
}
{@BLOCK|ra38|00
{@A-JUM|0|+2.912282E+00{@LIM2|+1.500000E+01|+0.000000E+00}}
}
{@BLOCK|ra304|00
{@A-JUM|0|+2.763548E+00{@LIM2|+1.500000E+01|+0.000000E+00}}
}
{@BLOCK|ra305|00
{@A-JUM|0|+2.814061E+00{@LIM2|+1.500000E+01|+0.000000E+00}}
}
{@BLOCK|ra307|00
{@A-JUM|0|+2.677953E+00{@LIM2|+1.500000E+01|+0.000000E+00}}
}
{@BLOCK|ra400|00
{@A-JUM|0|+2.693672E+00{@LIM2|+1.500000E+01|+0.000000E+00}}
}
{@BLOCK|ra401|00
{@A-JUM|0|+2.725047E+00{@LIM2|+1.500000E+01|+0.000000E+00}}
}
{@BLOCK|ra402|00
{@A-JUM|0|+2.726916E+00{@LIM2|+1.500000E+01|+0.000000E+00}}
}
{@BLOCK|ra403|00
{@A-JUM|0|+2.502699E+00{@LIM2|+1.500000E+01|+0.000000E+00}}
}
{@BLOCK|rb3|00
{@A-JUM|0|+4.912440E+00{@LIM2|+1.500000E+02|+0.000000E+00}}
}
{@BLOCK|rc216|00
{@A-JUM|0|+2.399521E+00{@LIM2|+1.500000E+01|+0.000000E+00}}
}
{@BLOCK|rc217|00
{@A-JUM|0|+2.794945E+00{@LIM2|+1.500000E+01|+0.000000E+00}}
}
{@BLOCK|rc228|00
{@A-JUM|0|+3.087157E+00{@LIM2|+1.500000E+01|+0.000000E+00}}
}
{@BLOCK|rc268|00
{@A-JUM|0|+2.570085E+00{@LIM2|+1.500000E+01|+0.000000E+00}}
}
{@BLOCK|rc271|00
{@A-JUM|0|+2.278984E+00{@LIM2|+1.500000E+01|+0.000000E+00}}
}
{@BLOCK|rc273|00
{@A-JUM|0|+2.781588E+00{@LIM2|+1.500000E+01|+0.000000E+00}}
}
{@BLOCK|rc305|00
{@A-JUM|0|+2.488865E+00{@LIM2|+1.500000E+01|+0.000000E+00}}
}
{@BLOCK|rc310|00
{@A-JUM|0|+3.460543E+00{@LIM2|+1.500000E+01|+0.000000E+00}}
}
{@BLOCK|rc339|00
{@A-JUM|0|+3.047727E+00{@LIM2|+1.500000E+01|+0.000000E+00}}
}
{@BLOCK|rc340|00
{@A-JUM|0|+3.052991E+00{@LIM2|+1.500000E+01|+0.000000E+00}}
}
{@BLOCK|rc390|00
{@A-JUM|0|+2.947853E+00{@LIM2|+1.500000E+01|+0.000000E+00}}
}
{@BLOCK|rc413|00
{@A-JUM|0|+2.860614E+00{@LIM2|+1.500000E+01|+0.000000E+00}}
}
{@BLOCK|re4|00
{@A-JUM|0|+3.034646E+00{@LIM2|+1.500000E+01|+0.000000E+00}}
}
{@BLOCK|re53|00
{@A-JUM|0|+3.346260E+00{@LIM2|+1.500000E+01|+0.000000E+00}}
}
{@BLOCK|re71|00
{@A-JUM|0|+3.087456E+00{@LIM2|+1.500000E+01|+0.000000E+00}}
}
{@BLOCK|re81|00
{@A-JUM|0|+2.412865E+00{@LIM2|+1.500000E+01|+0.000000E+00}}
}
{@BLOCK|re99|00
{@A-JUM|0|+2.990435E+00{@LIM2|+1.500000E+01|+0.000000E+00}}
}
{@BLOCK|re129|00
{@A-JUM|0|+2.990341E+00{@LIM2|+1.500000E+01|+0.000000E+00}}
}
{@BLOCK|re1041|00
{@A-JUM|0|+2.559610E+00{@LIM2|+1.500000E+01|+0.000000E+00}}
}
{@BLOCK|re1046|00
{@A-JUM|0|+2.311434E+00{@LIM2|+1.500000E+01|+0.000000E+00}}
}
{@BLOCK|re1121|00
{@A-JUM|0|+3.843624E+00{@LIM2|+1.500000E+01|+0.000000E+00}}
}
{@BLOCK|re1127|00
{@A-JUM|0|+3.246665E+00{@LIM2|+1.500000E+01|+0.000000E+00}}
}
{@BLOCK|ri104|00
{@A-JUM|0|+2.337242E+00{@LIM2|+1.500000E+01|+0.000000E+00}}
}
{@BLOCK|ri226|00
{@A-JUM|0|+2.479298E+00{@LIM2|+1.500000E+01|+0.000000E+00}}
}
{@BLOCK|ri227|00
{@A-JUM|0|+2.610001E+00{@LIM2|+1.500000E+01|+0.000000E+00}}
}
{@BLOCK|ri229|00
{@A-JUM|0|+2.975705E+00{@LIM2|+1.500000E+01|+0.000000E+00}}
}
{@BLOCK|ri236|00
{@A-JUM|0|+2.777379E+00{@LIM2|+1.500000E+01|+0.000000E+00}}
}
{@BLOCK|ri237|00
{@A-JUM|0|+2.896024E+00{@LIM2|+1.500000E+01|+0.000000E+00}}
}
{@BLOCK|ri239|00
{@A-JUM|0|+3.060136E+00{@LIM2|+1.500000E+01|+0.000000E+00}}
}
{@BLOCK|ri241|00
{@A-JUM|0|+2.661737E+00{@LIM2|+2.500000E+01|+0.000000E+00}}
}
{@BLOCK|ri303|00
{@A-JUM|0|+2.304959E+00{@LIM2|+1.500000E+01|+0.000000E+00}}
}
{@BLOCK|ri804|00
{@A-JUM|0|+2.493546E+00{@LIM2|+1.500000E+01|+0.000000E+00}}
}
{@BLOCK|ri805|00
{@A-JUM|0|+2.745110E+00{@LIM2|+1.500000E+01|+0.000000E+00}}
}
{@BLOCK|ri817|00
{@A-JUM|0|+2.742586E+00{@LIM2|+1.500000E+01|+0.000000E+00}}
}
{@BLOCK|rk4|00
{@A-JUM|0|+3.987164E+00{@LIM2|+1.500000E+01|+0.000000E+00}}
}
{@BLOCK|rk10%jp1|00
{@A-JUM|0|+2.639697E+00{@LIM2|+2.500000E+01|+0.000000E+00}}
}
{@BLOCK|rn3|00
{@A-JUM|0|+2.736610E+00{@LIM2|+1.500000E+01|+0.000000E+00}}
}
{@BLOCK|rn26|00
{@A-JUM|0|+3.581834E+00{@LIM2|+1.500000E+01|+0.000000E+00}}
}
{@BLOCK|rn34|00
{@A-JUM|0|+3.706602E+00{@LIM2|+1.500000E+01|+0.000000E+00}}
}
{@BLOCK|rp49|00
{@A-JUM|0|+2.784465E+00{@LIM2|+1.500000E+01|+0.000000E+00}}
}
{@BLOCK|rr2|00
{@A-JUM|0|+2.730035E+00{@LIM2|+1.500000E+01|+0.000000E+00}}
}
{@BLOCK|rr3|00
{@A-JUM|0|+2.597501E+00{@LIM2|+1.500000E+01|+0.000000E+00}}
}
{@BLOCK|rs108|00
{@A-JUM|0|+2.459733E+00{@LIM2|+2.500000E+01|+0.000000E+00}}
}
{@BLOCK|rt9|00
{@A-JUM|0|+3.189704E+00{@LIM2|+1.500000E+01|+0.000000E+00}}
}
{@BLOCK|ru658|00
{@A-JUM|0|+2.878905E+00{@LIM2|+1.500000E+01|+0.000000E+00}}
}
{@BLOCK|ru665|00
{@A-JUM|0|+3.248654E+00{@LIM2|+1.500000E+01|+0.000000E+00}}
}
{@BLOCK|ru718|00
{@A-JUM|0|+2.654125E+00{@LIM2|+1.500000E+01|+0.000000E+00}}
}
{@BLOCK|ru737|00
{@A-JUM|0|+3.080879E+00{@LIM2|+1.500000E+01|+0.000000E+00}}
}
{@BLOCK|ru945|00
{@A-JUM|0|+4.200348E+00{@LIM2|+1.500000E+01|+0.000000E+00}}
}
{@BLOCK|ru1149|00
{@A-JUM|0|+2.699462E+00{@LIM2|+1.500000E+01|+0.000000E+00}}
}
{@BLOCK|rv3|00
{@A-JUM|0|+3.165690E+00{@LIM2|+1.500000E+01|+0.000000E+00}}
}
{@BLOCK|rv13|00
{@A-JUM|0|+2.952412E+00{@LIM2|+1.500000E+01|+0.000000E+00}}
}
{@BLOCK|rv50|00
{@A-JUM|0|+2.967287E+00{@LIM2|+1.500000E+01|+0.000000E+00}}
}
{@BLOCK|rv170|00
{@A-JUM|0|+3.160030E+00{@LIM2|+1.500000E+01|+0.000000E+00}}
}
{@BLOCK|rv180|00
{@A-JUM|0|+3.714247E+00{@LIM2|+1.500000E+01|+0.000000E+00}}
}
{@BLOCK|rv182|00
{@A-JUM|0|+2.700072E+00{@LIM2|+1.500000E+01|+0.000000E+00}}
}
{@BLOCK|rv184|00
{@A-JUM|0|+3.113236E+00{@LIM2|+1.500000E+01|+0.000000E+00}}
}
{@BLOCK|rv189|00
{@A-JUM|0|+2.403872E+00{@LIM2|+1.500000E+01|+0.000000E+00}}
}
{@BLOCK|rv526|00
{@A-JUM|0|+3.139760E+00{@LIM2|+1.500000E+01|+0.000000E+00}}
}
{@BLOCK|jhdmi1_sp|00
{@A-JUM|0|+2.468003E+00{@LIM2|+4.920000E+02|+0.000000E+00}}
}
{@BLOCK|juc1_sp|00
{@A-JUM|0|+2.441811E+00{@LIM2|+4.920000E+02|+0.000000E+00}}
}
{@BLOCK|juc2_sp|00
{@A-JUM|0|+2.454428E+00{@LIM2|+4.920000E+02|+0.000000E+00}}
}
{@BLOCK|jua1_sp|00
{@A-JUM|0|+2.577515E+00{@LIM2|+4.920000E+02|+0.000000E+00}}
}
{@BLOCK|jhp1_sp|00
{@A-JUM|0|+2.524272E+00{@LIM2|+4.920000E+02|+0.000000E+00}}
}
{@BLOCK|hcpu1_sp|00
{@A-JUM|0|+2.523840E+00{@LIM2|+4.920000E+02|+0.000000E+00}}
}
{@BLOCK|hcpu2_sp|00
{@A-JUM|0|+2.443229E+00{@LIM2|+4.920000E+02|+0.000000E+00}}
}
{@BLOCK|hcpu3_sp|00
{@A-JUM|0|+2.593631E+00{@LIM2|+4.920000E+02|+0.000000E+00}}
}
{@BLOCK|hcpu4_sp|00
{@A-JUM|0|+2.398655E+00{@LIM2|+4.920000E+02|+0.000000E+00}}
}
{@BLOCK|hssd1_sp|00
{@A-JUM|0|+2.410434E+00{@LIM2|+4.920000E+02|+0.000000E+00}}
}
{@BLOCK|hwlan1_sp|00
{@A-JUM|0|+2.512428E+00{@LIM2|+4.920000E+02|+0.000000E+00}}
}
{@BLOCK|jbatt3_sp|00
{@A-JUM|0|+2.495821E+00{@LIM2|+4.920000E+02|+0.000000E+00}}
}
{@BLOCK|jrtc1_sp|00
{@A-JUM|0|+2.748291E+00{@LIM2|+4.920000E+02|+0.000000E+00}}
}
{@BLOCK|pr1255|00
{@A-JUM|0|+1.161098E+05{@LIM2|+9.999999E+99|+8.320000E+03}}
}
{@BLOCK|pr1211|00
{@A-JUM|0|+2.678110E+00{@LIM2|+1.500000E+01|+0.000000E+00}}
}
{@BLOCK|rb9|00
{@A-JUM|0|+3.395969E+00{@LIM2|+1.500000E+01|+0.000000E+00}}
}
{@BLOCK|rc94|00
{@A-JUM|0|+2.461409E+00{@LIM2|+1.500000E+01|+0.000000E+00}}
}
{@BLOCK|rc276|00
{@A-JUM|0|+2.196338E+00{@LIM2|+1.500000E+01|+0.000000E+00}}
}
{@BLOCK|re62|00
{@A-JUM|0|+2.188714E+00{@LIM2|+1.500000E+01|+0.000000E+00}}
}
{@BLOCK|re135|00
{@A-JUM|0|+2.231844E+00{@LIM2|+1.500000E+01|+0.000000E+00}}
}
{@TS|0|000|000|000|shorts
}
{@BLOCK|ca2|00
{@A-CAP|0|+6.264884E-06{@LIM3|+6.800000E-06|+8.840000E-06|+4.760000E-06}}
}
{@BLOCK|cc14|00
{@A-CAP|0|+9.609994E-08{@LIM3|+1.000000E-07|+1.300000E-07|+7.000000E-08}}
}
{@BLOCK|ci209|00
{@A-CAP|0|+4.577260E-05{@LIM3|+4.900000E-05|+6.615000E-05|+3.185000E-05}}
}
{@BLOCK|cc66|00
{@A-CAP|0|+2.148734E-06{@LIM3|+2.100000E-06|+2.520000E-06|+1.680000E-06}}
}
{@BLOCK|pc522|00
{@A-CAP|0|+6.326590E-06{@LIM3|+6.101000E-06|+7.931300E-06|+4.270700E-06}}
}
{@BLOCK|ce1125|00
{@A-CAP|0|+8.820513E-08{@LIM3|+1.000000E-07|+1.300000E-07|+7.000000E-08}}
}
{@BLOCK|ci105|00
{@A-CAP|0|+9.443665E-06{@LIM3|+1.020000E-05|+1.326000E-05|+7.140000E-06}}
}
{@BLOCK|ci208|00
{@A-CAP|0|+4.366623E-05{@LIM3|+4.391000E-05|+5.708300E-05|+3.073094E-05}}
}
{@BLOCK|pc535|00
{@A-CAP|0|+4.164940E-04{@LIM3|+4.254000E-04|+5.530200E-04|+2.971912E-04}}
}
{@BLOCK|cn5|00
{@A-CAP|0|+2.329824E-05{@LIM3|+2.420000E-05|+3.146000E-05|+1.694000E-05}}
}
{@BLOCK|pc400|00
{@A-CAP|0|+1.131902E-04{@LIM3|+1.051000E-04|+1.366300E-04|+7.357000E-05}}
}
{@BLOCK|cu648|00
{@A-CAP|0|+1.987634E-06{@LIM3|+2.300000E-06|+2.990000E-06|+1.610000E-06}}
}
{@BLOCK|cu661|00
{@A-CAP|0|+2.017374E-06{@LIM3|+2.300000E-06|+2.990000E-06|+1.610000E-06}}
}
{@BLOCK|cu11|00
{@A-CAP|0|+9.726232E-06{@LIM3|+1.080000E-05|+1.404000E-05|+7.560000E-06}}
}
{@BLOCK|cu3|00
{@A-CAP|0|+1.005153E-05{@LIM3|+1.080000E-05|+1.404000E-05|+7.560000E-06}}
}
{@BLOCK|cu1004|00
{@A-CAP|0|+1.295908E-04{@LIM3|+1.502000E-04|+1.952600E-04|+1.049984E-04}}
}
{@BLOCK|cv12|00
{@A-CAP|0|+6.389926E-06{@LIM3|+5.800000E-06|+7.540000E-06|+4.060000E-06}}
}
{@BLOCK|cv175|00
{@A-CAP|0|+9.945278E-07{@LIM3|+1.100000E-06|+1.430000E-06|+7.700000E-07}}
}
{@BLOCK|cv156|00
{@A-CAP|0|+9.791901E-07{@LIM3|+1.100000E-06|+1.430000E-06|+7.700000E-07}}
}
{@BLOCK|cv500|00
{@A-CAP|0|+2.278719E-07{@LIM3|+2.000000E-07|+2.600000E-07|+1.400000E-07}}
}
{@BLOCK|cv541|00
{@A-CAP|0|+1.437977E-05{@LIM3|+1.513000E-05|+1.966900E-05|+1.059100E-05}}
}
{@BLOCK|pc300|00
{@A-CAP|0|+1.380583E-04{@LIM3|+1.376000E-04|+1.788800E-04|+9.632000E-05}}
}
{@BLOCK|pc334|00
{@A-CAP|0|+5.868714E-06{@LIM3|+5.611000E-06|+6.733200E-06|+4.488800E-06}}
}
{@BLOCK|pc409|00
{@A-CAP|0|+1.093513E-07{@LIM3|+1.000000E-07|+1.200000E-07|+8.000000E-08}}
}
{@BLOCK|pc500|00
{@A-CAP|0|+9.189658E-08{@LIM3|+1.000000E-07|+1.200000E-07|+8.000000E-08}}
}
{@BLOCK|pc506|00
{@A-CAP|0|+9.224882E-08{@LIM3|+1.000000E-07|+1.200000E-07|+8.000000E-08}}
}
{@BLOCK|pc1048|00
{@A-CAP|0|+1.201000E-03{@LIM3|+1.144000E-03|+1.487200E-03|+7.992167E-04}}
}
{@BLOCK|pc1126|00
{@A-CAP|0|+1.075150E-07{@LIM3|+1.000000E-07|+1.200000E-07|+8.000000E-08}}
}
{@BLOCK|pc1229|00
{@A-CAP|0|+1.100595E-07{@LIM3|+1.000000E-07|+1.200000E-07|+8.000000E-08}}
}
{@BLOCK|pc1234|00
{@A-CAP|0|+1.048293E-07{@LIM3|+1.000000E-07|+1.200000E-07|+8.000000E-08}}
}
{@BLOCK|ca29|00
{@A-CAP|0|+2.368717E-06{@LIM3|+2.200000E-06|+2.860000E-06|+1.540000E-06}}
}
{@BLOCK|ca413|00
{@A-CAP|0|+2.444134E-06{@LIM3|+2.200000E-06|+2.860000E-06|+1.540000E-06}}
}
{@BLOCK|ca414|00
{@A-CAP|0|+2.391043E-06{@LIM3|+2.200000E-06|+2.860000E-06|+1.540000E-06}}
}
{@BLOCK|cc29|00
{@A-CAP|0|+3.647602E-05{@LIM3|+3.440000E-05|+4.644000E-05|+2.236000E-05}}
}
{@BLOCK|cc31|00
{@A-CAP|0|+3.862757E-05{@LIM3|+3.440000E-05|+4.644000E-05|+2.236000E-05}}
}
{@BLOCK|cc35|00
{@A-CAP|0|+1.960936E-05{@LIM3|+2.440000E-05|+3.294000E-05|+1.586000E-05}}
}
{@BLOCK|pc355|00
{@A-CAP|0|+2.738625E-06{@LIM3|+2.200000E-06|+3.740000E-06|+1.100000E-06}}
}
{@BLOCK|pc1422|00
{@A-CAP|0|+1.049619E-04{@LIM3|+1.166000E-04|+1.982200E-04|+5.830000E-05}}
}
{@BLOCK|pc1107|00
{@A-CAP|0|+4.145573E-05{@LIM3|+4.220000E-05|+5.486000E-05|+2.954000E-05}}
}
{@BLOCK|pc1660|00
{@A-CAP|0|+1.823675E-04{@LIM3|+1.736000E-04|+2.951200E-04|+5.208000E-05}}
}
{@BLOCK|pc1204|00
{@A-CAP|0|+1.252213E-04{@LIM3|+1.076000E-04|+1.398800E-04|+7.532000E-05}}
}
{@BLOCK|ru698|00
{@A-CAP|0|+2.152091E-06{@LIM3|+2.200000E-06|+2.860000E-06|+1.540000E-06}}
}
{@BLOCK|cc51|00
{@A-CAP|0|+7.645091E-05{@LIM3|+7.000000E-05|+9.450000E-05|+4.899034E-05}}
}
{@BLOCK|cc55|00
{@A-CAP|0|+7.477319E-05{@LIM3|+6.500000E-05|+8.775000E-05|+4.549103E-05}}
}
{@BLOCK|ce24|00
{@A-CAP|0|+1.138631E-06{@LIM3|+1.000000E-06|+1.300000E-06|+7.000000E-07}}
}
{@BLOCK|ce40|00
{@A-CAP|0|+1.084465E-09{@LIM3|+1.000000E-09|+1.177000E-09|+8.000000E-10}}
}
{@BLOCK|pc354|00
{@A-CAP|0|+1.015919E-06{@LIM3|+1.000000E-06|+1.300000E-06|+7.000000E-07}}
}
{@BLOCK|pc1831|00
{@A-CAP|0|+4.843603E-04{@LIM3|+5.140000E-04|+6.682000E-04|+3.587335E-04}}
}
{@BLOCK|pc1825|00
{@A-CAP|0|+7.237456E-04{@LIM3|+6.790000E-04|+8.827000E-04|+4.743603E-04}}
}
{@BLOCK|pc1828|00
{@A-CAP|0|+5.428708E-04{@LIM3|+5.360000E-04|+6.968000E-04|+3.744582E-04}}
}
{@BLOCK|pc523|00
{@A-CAP|0|+4.707831E-06{@LIM3|+4.700000E-06|+6.110000E-06|+3.290000E-06}}
}
{@BLOCK|pc1053|00
{@A-CAP|0|+4.697646E-06{@LIM3|+4.700000E-06|+6.110000E-06|+3.290000E-06}}
}
{@BLOCK|cr37|00
{@A-CAP|0|+1.088539E-05{@LIM3|+1.100000E-05|+1.430000E-05|+7.700000E-06}}
}
{@BLOCK|cu5|00
{@A-CAP|0|+1.179437E-05{@LIM3|+1.200000E-05|+1.560000E-05|+8.400000E-06}}
}
{@BLOCK|pc323|00
{@A-CAP|0|+6.185337E-05{@LIM3|+6.491400E-05|+8.438820E-05|+4.543980E-05}}
}
{@BLOCK|pc402|00
{@A-CAP|0|+1.256129E-04{@LIM3|+1.400000E-04|+1.820000E-04|+9.800000E-05}}
}
{@BLOCK|pc1008|00
{@A-CAP|0|+7.444690E-05{@LIM3|+8.000000E-05|+1.040000E-04|+5.600000E-05}}
}
{@BLOCK|ca417|00
{@A-CAP|0|+7.954077E-10{@LIM3|+7.800000E-10|+9.279707E-10|+6.240000E-10}}
}
{@BLOCK|ca412|00
{@A-CAP|0|+7.339505E-10{@LIM3|+7.800000E-10|+9.279707E-10|+6.240000E-10}}
}
{@BLOCK|ce1126|00
{@A-CAP|0|+9.535110E-09{@LIM3|+1.000000E-08|+1.200000E-08|+8.000000E-09}}
}
{@BLOCK|cc17|00
{@A-CAP|0|+1.013470E-06{@LIM3|+1.000000E-06|+1.200000E-06|+8.000000E-07}}
}
{@BLOCK|cc98|00
{@A-CAP|0|+1.129012E-06{@LIM3|+1.000000E-06|+1.200000E-06|+8.000000E-07}}
}
{@BLOCK|pc1232|00
{@A-CAP|0|+2.264403E-07{@LIM3|+2.200000E-07|+2.640000E-07|+1.760000E-07}}
}
{@BLOCK|cu1|00
{@A-CAP|0|+3.819873E-10{@LIM3|+4.500000E-10|+5.543181E-10|+3.600000E-10}}
}
{@BLOCK|cu2|00
{@A-CAP|0|+3.903280E-10{@LIM3|+4.500000E-10|+5.543181E-10|+3.600000E-10}}
}
{@BLOCK|cu8|00
{@A-CAP|0|+3.888304E-10{@LIM3|+4.500000E-10|+5.543181E-10|+3.600000E-10}}
}
{@BLOCK|pc1005|00
{@A-CAP|0|+4.824367E-07{@LIM3|+4.700000E-07|+5.640000E-07|+3.760000E-07}}
}
{@BLOCK|pc1006|00
{@A-CAP|0|+4.401888E-07{@LIM3|+4.700000E-07|+5.640000E-07|+3.760000E-07}}
}
{@BLOCK|pc122|00
{@A-CAP|0|+2.240777E-06{@LIM3|+2.200000E-06|+2.640000E-06|+1.760000E-06}}
}
{@BLOCK|pc331|00
{@A-CAP|0|+4.124729E-08{@LIM3|+4.700000E-08|+5.640000E-08|+3.760000E-08}}
}
{@BLOCK|pc332|00
{@A-CAP|0|+4.181316E-08{@LIM3|+4.700000E-08|+5.640000E-08|+3.760000E-08}}
}
{@BLOCK|pc524|00
{@A-CAP|0|+3.602137E-10{@LIM3|+3.300000E-10|+4.455000E-10|+2.145000E-10}}
}
{@BLOCK|pr1129|00
{@A-RES|0|+1.000241E+04{@LIM3|+1.000000E+04|+1.100000E+04|+9.000000E+03}}
}
{@BLOCK|pr1234|00
{@A-RES|0|+9.967972E+03{@LIM3|+1.000000E+04|+1.100000E+04|+9.000000E+03}}
}
{@BLOCK|pr1271|00
{@A-RES|0|+1.001306E+04{@LIM3|+1.000000E+04|+1.100000E+04|+9.000000E+03}}
}
{@BLOCK|ra20|00
{@A-RES|0|+1.001355E+04{@LIM3|+1.000000E+04|+1.100000E+04|+9.000000E+03}}
}
{@BLOCK|rc56|00
{@A-RES|0|+9.640290E+03{@LIM3|+1.000000E+04|+1.100000E+04|+9.000000E+03}}
}
{@BLOCK|rc57|00
{@A-RES|0|+9.572111E+03{@LIM3|+1.000000E+04|+1.100000E+04|+9.000000E+03}}
}
{@BLOCK|rc179|00
{@A-RES|0|+9.912546E+03{@LIM3|+1.000000E+04|+1.100000E+04|+9.000000E+03}}
}
{@BLOCK|rc207|00
{@A-RES|0|+9.956613E+03{@LIM3|+1.000000E+04|+1.100000E+04|+9.000000E+03}}
}
{@BLOCK|rc234|00
{@A-RES|0|+9.962444E+03{@LIM3|+1.000000E+04|+1.100000E+04|+9.000000E+03}}
}
{@BLOCK|rc244|00
{@A-RES|0|+9.856918E+03{@LIM3|+1.000000E+04|+1.100000E+04|+9.000000E+03}}
}
{@BLOCK|rc411|00
{@A-RES|0|+9.751282E+02{@LIM3|+1.000000E+03|+1.100000E+03|+9.000000E+02}}
}
{@BLOCK|rc401|00
{@A-RES|0|+1.011616E+04{@LIM3|+1.000000E+04|+1.100000E+04|+9.000000E+03}}
}
{@BLOCK|re98|00
{@A-RES|0|+9.995729E+03{@LIM3|+1.000000E+04|+1.100000E+04|+9.000000E+03}}
}
{@BLOCK|re159|00
{@A-RES|0|+9.947275E+03{@LIM3|+1.000000E+04|+1.250000E+04|+7.500000E+03}}
}
{@BLOCK|re1125|00
{@A-RES|0|+9.927460E+03{@LIM3|+1.000000E+04|+1.100000E+04|+9.000000E+03}}
}
{@BLOCK|ri111|00
{@A-RES|0|+1.001225E+04{@LIM3|+1.000000E+04|+1.100000E+04|+9.000000E+03}}
}
{@BLOCK|ri309|00
{@A-RES|0|+9.940830E+03{@LIM3|+1.000000E+04|+1.100000E+04|+9.000000E+03}}
}
{@BLOCK|ri812|00
{@A-RES|0|+9.759832E+03{@LIM3|+1.000000E+04|+1.100000E+04|+9.000000E+03}}
}
{@BLOCK|ri815|00
{@A-RES|0|+9.985679E+03{@LIM3|+1.000000E+04|+1.100000E+04|+9.000000E+03}}
}
{@BLOCK|rk3|00
{@A-RES|0|+9.918294E+03{@LIM3|+1.000000E+04|+1.100000E+04|+9.000000E+03}}
}
{@BLOCK|rn2|00
{@A-RES|0|+1.017140E+04{@LIM3|+1.000000E+04|+1.100000E+04|+9.000000E+03}}
}
{@BLOCK|rn10|00
{@A-RES|0|+1.011779E+04{@LIM3|+1.000000E+04|+1.100000E+04|+9.000000E+03}}
}
{@BLOCK|rn36|00
{@A-RES|0|+9.991512E+03{@LIM3|+1.000000E+04|+1.100000E+04|+9.000000E+03}}
}
{@BLOCK|rt10|00
{@A-RES|0|+9.518065E+03{@LIM3|+1.000000E+04|+1.350000E+04|+6.500000E+03}}
}
{@BLOCK|ru25|00
{@A-RES|0|+9.979323E+03{@LIM3|+1.000000E+04|+1.100000E+04|+9.000000E+03}}
}
{@BLOCK|ru606|00
{@A-RES|0|+9.844260E+03{@LIM3|+1.000000E+04|+1.100000E+04|+9.000000E+03}}
}
{@BLOCK|ru633|00
{@A-RES|0|+1.003307E+04{@LIM3|+1.000000E+04|+1.100000E+04|+9.000000E+03}}
}
{@BLOCK|ru733|00
{@A-RES|0|+1.009844E+04{@LIM3|+1.000000E+04|+1.100000E+04|+9.000000E+03}}
}
{@BLOCK|ru902|00
{@A-RES|0|+9.931384E+03{@LIM3|+1.000000E+04|+1.100000E+04|+9.000000E+03}}
}
{@BLOCK|ru903|00
{@A-RES|0|+1.011843E+04{@LIM3|+1.000000E+04|+1.100000E+04|+9.000000E+03}}
}
{@BLOCK|ru1095|00
{@A-RES|0|+1.009878E+04{@LIM3|+1.000000E+04|+1.100000E+04|+9.000000E+03}}
}
{@BLOCK|rv19|00
{@A-RES|0|+1.020756E+04{@LIM3|+1.000000E+04|+1.100000E+04|+9.000000E+03}}
}
{@BLOCK|rv22|00
{@A-RES|0|+1.006945E+04{@LIM3|+1.000000E+04|+1.100000E+04|+9.000000E+03}}
}
{@BLOCK|rv36|00
{@A-RES|0|+1.001355E+04{@LIM3|+1.000000E+04|+1.100000E+04|+9.000000E+03}}
}
{@BLOCK|pr334|00
{@A-RES|0|+9.963103E+04{@LIM3|+1.000000E+05|+1.110000E+05|+8.900000E+04}}
}
{@BLOCK|pr336|00
{@A-RES|0|+9.888982E+05{@LIM3|+1.000000E+06|+1.210000E+06|+7.900000E+05}}
}
{@BLOCK|pr515|00
{@A-RES|0|+1.000365E+06{@LIM3|+1.000000E+06|+1.210000E+06|+7.900000E+05}}
}
{@BLOCK|pr516|00
{@A-RES|0|+9.969959E+05{@LIM3|+1.000000E+06|+1.210000E+06|+7.900000E+05}}
}
{@BLOCK|pr322|00
{@A-RES|0|+9.980617E+04{@LIM3|+1.000000E+05|+1.110000E+05|+8.900000E+04}}
}
{@BLOCK|pr400|00
{@A-RES|0|+9.982079E+04{@LIM3|+1.000000E+05|+1.110000E+05|+8.900000E+04}}
}
{@BLOCK|pr513|00
{@A-RES|0|+1.000407E+05{@LIM3|+1.000000E+05|+1.110000E+05|+8.900000E+04}}
}
{@BLOCK|pr514|00
{@A-RES|0|+1.000517E+05{@LIM3|+1.000000E+05|+1.110000E+05|+8.900000E+04}}
}
{@BLOCK|pt127|00
{@A-RES|0|+9.739023E+04{@LIM3|+1.000000E+05|+1.350000E+05|+6.500000E+04}}
}
{@BLOCK|pr131|00
{@A-RES|0|+1.654429E+04{@LIM3|+1.650000E+04|+1.749000E+04|+1.551000E+04}}
}
{@BLOCK|ra407|00
{@A-RES|0|+1.027556E+01{@LIM3|+1.000000E+01|+1.350000E+01|+6.500000E+00}}
}
{@BLOCK|pr315|00
{@A-RES|0|+9.844107E+00{@LIM3|+1.000000E+01|+1.350000E+01|+6.500000E+00}}
}
{@BLOCK|pr317|00
{@A-RES|0|+1.710455E+05{@LIM3|+1.740000E+05|+1.931400E+05|+1.548600E+05}}
}
{@BLOCK|pr401|00
{@A-JUM|0|+3.266425E+00{@LIM2|+1.500000E+01|+0.000000E+00}}
}
{@BLOCK|pr330|00
{@A-RES|0|+9.823600E+04{@LIM3|+1.000000E+05|+1.150000E+05|+8.500000E+04}}
}
{@BLOCK|pr511|00
{@A-RES|0|+1.001272E+05{@LIM3|+1.000000E+05|+1.150000E+05|+8.500000E+04}}
}
{@BLOCK|pr1010|00
{@A-RES|0|+9.918914E+04{@LIM3|+1.000000E+05|+1.150000E+05|+8.500000E+04}}
}
{@BLOCK|pr1022|00
{@A-RES|0|+8.966023E+04{@LIM3|+1.000000E+05|+1.150000E+05|+8.500000E+04}}
}
{@BLOCK|pr1120|00
{@A-RES|0|+9.994484E+04{@LIM3|+1.000000E+05|+1.150000E+05|+8.500000E+04}}
}
{@BLOCK|pr1146|00
{@A-RES|0|+9.979318E+04{@LIM3|+1.000000E+05|+1.150000E+05|+8.500000E+04}}
}
{@BLOCK|pr1147|00
{@A-RES|0|+9.966989E+04{@LIM3|+1.000000E+05|+1.150000E+05|+8.500000E+04}}
}
{@BLOCK|pr1151|00
{@A-RES|0|+1.005142E+05{@LIM3|+1.000000E+05|+1.150000E+05|+8.500000E+04}}
}
{@BLOCK|pr1191|00
{@A-RES|0|+1.014357E+05{@LIM3|+1.000000E+05|+1.150000E+05|+8.500000E+04}}
}
{@BLOCK|pr1232|00
{@A-RES|0|+9.994283E+04{@LIM3|+1.000000E+05|+1.150000E+05|+8.500000E+04}}
}
{@BLOCK|pr1237|00
{@A-RES|0|+1.006893E+05{@LIM3|+1.000000E+05|+1.150000E+05|+8.500000E+04}}
}
{@BLOCK|pr1238|00
{@A-RES|0|+1.010543E+05{@LIM3|+1.000000E+05|+1.150000E+05|+8.500000E+04}}
}
{@BLOCK|pu120%ra|00
{@A-RES|0|+9.722054E+04{@LIM3|+1.000000E+05|+1.250000E+05|+7.500000E+04}}
}
{@BLOCK|rb25|00
{@A-RES|0|+1.003682E+05{@LIM3|+1.000000E+05|+1.150000E+05|+8.500000E+04}}
}
{@BLOCK|rc10|00
{@A-RES|0|+9.829760E+04{@LIM3|+1.000000E+05|+1.150000E+05|+8.500000E+04}}
}
{@BLOCK|rc116|00
{@A-RES|0|+9.959866E+04{@LIM3|+1.000000E+05|+1.150000E+05|+8.500000E+04}}
}
{@BLOCK|rc235|00
{@A-RES|0|+1.005770E+05{@LIM3|+1.000000E+05|+1.150000E+05|+8.500000E+04}}
}
{@BLOCK|rc236|00
{@A-RES|0|+9.975726E+04{@LIM3|+1.000000E+05|+1.150000E+05|+8.500000E+04}}
}
{@BLOCK|rc237|00
{@A-RES|0|+1.006166E+05{@LIM3|+1.000000E+05|+1.150000E+05|+8.500000E+04}}
}
{@BLOCK|rc248|00
{@A-RES|0|+9.067732E+04{@LIM3|+1.000000E+05|+1.150000E+05|+8.500000E+04}}
}
{@BLOCK|rc254|00
{@A-RES|0|+9.795974E+04{@LIM3|+1.000000E+05|+1.150000E+05|+8.500000E+04}}
}
{@BLOCK|rc304|00
{@A-RES|0|+9.935979E+04{@LIM3|+1.000000E+05|+1.150000E+05|+8.500000E+04}}
}
{@BLOCK|rc329|00
{@A-RES|0|+9.959219E+04{@LIM3|+1.000000E+05|+1.150000E+05|+8.500000E+04}}
}
{@BLOCK|rc387|00
{@A-RES|0|+9.901322E+04{@LIM3|+1.000000E+05|+1.150000E+05|+8.500000E+04}}
}
{@BLOCK|re13|00
{@A-RES|0|+9.961990E+04{@LIM3|+1.000000E+05|+1.150000E+05|+8.500000E+04}}
}
{@BLOCK|re14|00
{@A-RES|0|+1.002571E+05{@LIM3|+1.000000E+05|+1.150000E+05|+8.500000E+04}}
}
{@BLOCK|re51|00
{@A-RES|0|+9.941982E+04{@LIM3|+1.000000E+05|+1.150000E+05|+8.500000E+04}}
}
{@BLOCK|re58|00
{@A-RES|0|+1.003880E+05{@LIM3|+1.000000E+05|+1.150000E+05|+8.500000E+04}}
}
{@BLOCK|re89|00
{@A-RES|0|+9.983138E+04{@LIM3|+1.000000E+05|+1.150000E+05|+8.500000E+04}}
}
{@BLOCK|re153|00
{@A-RES|0|+1.008159E+05{@LIM3|+1.000000E+05|+1.150000E+05|+8.500000E+04}}
}
{@BLOCK|re1006|00
{@A-RES|0|+9.902205E+04{@LIM3|+1.000000E+05|+1.150000E+05|+8.500000E+04}}
}
{@BLOCK|re1036|00
{@A-RES|0|+9.981806E+04{@LIM3|+1.000000E+05|+1.150000E+05|+8.500000E+04}}
}
{@BLOCK|re1057|00
{@A-RES|0|+9.965156E+04{@LIM3|+1.000000E+05|+1.150000E+05|+8.500000E+04}}
}
{@BLOCK|re1100|00
{@A-RES|0|+9.986318E+04{@LIM3|+1.000000E+05|+1.150000E+05|+8.500000E+04}}
}
{@BLOCK|re1101|00
{@A-RES|0|+9.957278E+04{@LIM3|+1.000000E+05|+1.150000E+05|+8.500000E+04}}
}
{@BLOCK|re1102|00
{@A-RES|0|+9.956717E+04{@LIM3|+1.000000E+05|+1.150000E+05|+8.500000E+04}}
}
{@BLOCK|re1128|00
{@A-RES|0|+1.011520E+05{@LIM3|+1.000000E+05|+1.150000E+05|+8.500000E+04}}
}
{@BLOCK|re1131|00
{@A-RES|0|+1.000970E+05{@LIM3|+1.000000E+05|+1.150000E+05|+8.500000E+04}}
}
{@BLOCK|ri109|00
{@A-RES|0|+1.001610E+05{@LIM3|+1.000000E+05|+1.150000E+05|+8.500000E+04}}
}
{@BLOCK|ri238|00
{@A-RES|0|+1.000438E+05{@LIM3|+1.000000E+05|+1.150000E+05|+8.500000E+04}}
}
{@BLOCK|ri304|00
{@A-RES|0|+1.002571E+05{@LIM3|+1.000000E+05|+1.150000E+05|+8.500000E+04}}
}
{@BLOCK|rn15|00
{@A-RES|0|+9.784764E+04{@LIM3|+1.000000E+05|+1.150000E+05|+8.500000E+04}}
}
{@BLOCK|rr24|00
{@A-RES|0|+1.001823E+05{@LIM3|+1.000000E+05|+1.150000E+05|+8.500000E+04}}
}
{@BLOCK|pq901|00
{@A-NFE|0|+4.456132E+01{@LIM2|+2.000000E+02|+2.000000E+01}}
}
{@BLOCK|ru929|00
{@A-RES|0|+1.002891E+05{@LIM3|+1.000000E+05|+1.150000E+05|+8.500000E+04}}
}
{@BLOCK|rv24|00
{@A-RES|0|+9.941594E+04{@LIM3|+1.000000E+05|+1.150000E+05|+8.500000E+04}}
}
{@BLOCK|rv42|00
{@A-RES|0|+1.005638E+05{@LIM3|+1.000000E+05|+1.150000E+05|+8.500000E+04}}
}
{@BLOCK|rv155|00
{@A-RES|0|+9.977843E+04{@LIM3|+1.000000E+05|+1.150000E+05|+8.500000E+04}}
}
{@BLOCK|rv162|00
{@A-RES|0|+1.000864E+05{@LIM3|+1.000000E+05|+1.150000E+05|+8.500000E+04}}
}
{@BLOCK|rv163|00
{@A-RES|0|+9.992684E+04{@LIM3|+1.000000E+05|+1.150000E+05|+8.500000E+04}}
}
{@BLOCK|rv173|00
{@A-RES|0|+9.868956E+04{@LIM3|+1.000000E+05|+1.150000E+05|+8.500000E+04}}
}
{@BLOCK|rv190|00
{@A-RES|0|+9.885359E+04{@LIM3|+1.000000E+05|+1.150000E+05|+8.500000E+04}}
}
{@BLOCK|rv543|00
{@A-RES|0|+1.000518E+05{@LIM3|+1.000000E+05|+1.150000E+05|+8.500000E+04}}
}
{@BLOCK|pr331|00
{@A-RES|0|+1.343433E+05{@LIM3|+1.370000E+05|+1.520700E+05|+1.219300E+05}}
}
{@BLOCK|pr404|00
{@A-RES|0|+9.326550E+05{@LIM3|+1.000000E+06|+1.250000E+06|+7.500000E+05}}
}
{@BLOCK|rc330|00
{@A-RES|0|+9.891457E+05{@LIM3|+1.000000E+06|+1.250000E+06|+7.500000E+05}}
}
{@BLOCK|pr501|00
{@A-RES|0|+6.774350E+05{@LIM3|+6.800000E+05|+7.548000E+05|+6.052000E+05}}
}
{@BLOCK|rc238|00
{@A-RES|0|+9.887958E+02{@LIM3|+1.000000E+03|+1.100000E+03|+9.000000E+02}}
}
{@BLOCK|rc239|00
{@A-RES|0|+1.032443E+03{@LIM3|+1.000000E+03|+1.100000E+03|+9.000000E+02}}
}
{@BLOCK|rc243|00
{@A-RES|0|+1.042517E+03{@LIM3|+1.000000E+03|+1.100000E+03|+9.000000E+02}}
}
{@BLOCK|rc297|00
{@A-RES|0|+1.008902E+03{@LIM3|+1.000000E+03|+1.100000E+03|+9.000000E+02}}
}
{@BLOCK|pq500%qf2|00
{@A-NFE|0|+8.765960E+01{@LIM2|+2.000000E+02|+2.000000E+01}}
}
{@BLOCK|ra412|00
{@A-RES|0|+1.031383E+02{@LIM3|+1.000000E+02|+1.150000E+02|+9.000000E+01}}
}
{@BLOCK|ra413|00
{@A-RES|0|+1.032570E+02{@LIM3|+1.000000E+02|+1.150000E+02|+9.000000E+01}}
}
{@BLOCK|ri204|00
{@A-RES|0|+1.035349E+02{@LIM3|+1.000000E+02|+1.150000E+02|+9.000000E+01}}
}
{@BLOCK|pr1154|00
{@A-RES|0|+1.223602E+02{@LIM3|+1.200000E+02|+1.297000E+02|+1.128000E+02}}
}
{@BLOCK|ra21|00
{@A-RES|0|+4.694007E+03{@LIM3|+4.700000E+03|+5.170000E+03|+4.230000E+03}}
}
{@BLOCK|re39|00
{@A-RES|0|+4.715657E+03{@LIM3|+4.700000E+03|+5.170000E+03|+4.230000E+03}}
}
{@BLOCK|re40|00
{@A-RES|0|+4.755711E+03{@LIM3|+4.700000E+03|+5.170000E+03|+4.230000E+03}}
}
{@BLOCK|ri234%r1|00
{@A-RES|0|+4.699636E+03{@LIM3|+4.700000E+03|+5.170000E+03|+4.230000E+03}}
}
{@BLOCK|ri234%r2|00
{@A-RES|0|+4.706691E+03{@LIM3|+4.700000E+03|+5.170000E+03|+4.230000E+03}}
}
{@BLOCK|rpe6%r2|00
{@A-RES|0|+4.825238E+03{@LIM3|+4.700000E+03|+5.170000E+03|+4.230000E+03}}
}
{@BLOCK|rpe7%r1|00
{@A-RES|0|+4.729409E+03{@LIM3|+4.700000E+03|+5.170000E+03|+4.230000E+03}}
}
{@BLOCK|rpe7%r2|00
{@A-RES|0|+4.735361E+03{@LIM3|+4.700000E+03|+5.170000E+03|+4.230000E+03}}
}
{@BLOCK|cv531|00
{@A-CAP|0|+9.024363E-08{@LIM3|+1.000000E-07|+1.200000E-07|+8.000000E-08}}
}
{@BLOCK|cs205|00
{@A-CAP|0|+2.262772E-09{@LIM3|+2.200000E-09|+2.640000E-09|+1.760000E-09}}
}
{@BLOCK|pr1242|00
{@A-RES|0|+9.994251E+04{@LIM3|+1.000000E+05|+1.150000E+05|+8.500000E+04}}
}
{@BLOCK|rb23|00
{@A-RES|0|+1.004753E+03{@LIM3|+1.000000E+03|+1.100000E+03|+9.000000E+02}}
}
{@BLOCK|rc87|00
{@A-RES|0|+3.555181E+01{@LIM3|+3.300000E+01|+4.129999E+01|+2.970000E+01}}
}
{@BLOCK|rc88|00
{@A-RES|0|+3.525799E+01{@LIM3|+3.300000E+01|+4.129999E+01|+2.970000E+01}}
}
{@BLOCK|rc91|00
{@A-RES|0|+3.521487E+01{@LIM3|+3.300000E+01|+4.129999E+01|+2.970000E+01}}
}
{@BLOCK|rc93|00
{@A-RES|0|+3.488425E+01{@LIM3|+3.300000E+01|+4.129999E+01|+2.970000E+01}}
}
{@BLOCK|pt122|00
{@A-RES|0|+6.330183E+02{@LIM3|+5.400000E+02|+7.290000E+02|+3.510000E+02}}
}
{@BLOCK|pt123|00
{@A-RES|0|+6.306406E+02{@LIM3|+5.400000E+02|+7.290000E+02|+3.510000E+02}}
}
{@BLOCK|ra5|00
{@A-RES|0|+5.112129E+03{@LIM3|+5.110000E+03|+5.416600E+03|+4.803400E+03}}
}
{@BLOCK|ra13|00
{@A-RES|0|+3.923655E+04{@LIM3|+3.920000E+04|+4.155200E+04|+3.684800E+04}}
}
{@BLOCK|rc206|00
{@A-RES|0|+1.992878E+04{@LIM3|+2.000000E+04|+2.120000E+04|+1.880000E+04}}
}
{@BLOCK|rc333|00
{@A-RES|0|+2.522800E+01{@LIM3|+2.200000E+01|+2.970000E+01|+1.980000E+01}}
}
{@BLOCK|rc334|00
{@A-RES|0|+2.470063E+01{@LIM3|+2.200000E+01|+2.970000E+01|+1.980000E+01}}
}
{@BLOCK|rc345|00
{@A-RES|0|+2.504733E+01{@LIM3|+2.200000E+01|+2.920001E+01|+1.980000E+01}}
}
{@BLOCK|rc43|00
{@A-RES|0|+2.248896E+03{@LIM3|+2.200000E+03|+2.420000E+03|+1.980000E+03}}
}
{@BLOCK|rc241|00
{@A-RES|0|+2.211969E+03{@LIM3|+2.200000E+03|+2.420000E+03|+1.980000E+03}}
}
{@BLOCK|rc300|00
{@A-RES|0|+2.267310E+03{@LIM3|+2.200000E+03|+2.420000E+03|+1.980000E+03}}
}
{@BLOCK|rc376|00
{@A-RES|0|+2.202645E+03{@LIM3|+2.200000E+03|+2.420000E+03|+1.980000E+03}}
}
{@BLOCK|re15|00
{@A-RES|0|+2.261022E+03{@LIM3|+2.200000E+03|+2.420000E+03|+1.980000E+03}}
}
{@BLOCK|re16|00
{@A-RES|0|+2.237788E+03{@LIM3|+2.200000E+03|+2.420000E+03|+1.980000E+03}}
}
{@BLOCK|re22|00
{@A-RES|0|+2.239884E+03{@LIM3|+2.200000E+03|+2.420000E+03|+1.980000E+03}}
}
{@BLOCK|re23|00
{@A-RES|0|+2.252327E+03{@LIM3|+2.200000E+03|+2.420000E+03|+1.980000E+03}}
}
{@BLOCK|re1042|00
{@A-RES|0|+2.125191E+03{@LIM3|+2.200000E+03|+2.420000E+03|+1.980000E+03}}
}
{@BLOCK|re1043|00
{@A-RES|0|+2.164076E+03{@LIM3|+2.200000E+03|+2.420000E+03|+1.980000E+03}}
}
{@BLOCK|rpc3%r1|00
{@A-RES|0|+2.193912E+03{@LIM3|+2.200000E+03|+2.420000E+03|+1.980000E+03}}
}
{@BLOCK|rpc3%r2|00
{@A-RES|0|+2.189826E+03{@LIM3|+2.200000E+03|+2.420000E+03|+1.980000E+03}}
}
{@BLOCK|rpc4%r1|00
{@A-RES|0|+2.199658E+03{@LIM3|+2.200000E+03|+2.420000E+03|+1.980000E+03}}
}
{@BLOCK|rpc4%r2|00
{@A-RES|0|+2.204401E+03{@LIM3|+2.200000E+03|+2.420000E+03|+1.980000E+03}}
}
{@BLOCK|rpv150%r1|00
{@A-RES|0|+2.189724E+03{@LIM3|+2.200000E+03|+2.420000E+03|+1.980000E+03}}
}
{@BLOCK|ru20|00
{@A-RES|0|+2.231794E+03{@LIM3|+2.200000E+03|+2.420000E+03|+1.980000E+03}}
}
{@BLOCK|ru21|00
{@A-RES|0|+2.259503E+03{@LIM3|+2.200000E+03|+2.420000E+03|+1.980000E+03}}
}
{@BLOCK|ru23|00
{@A-RES|0|+2.259955E+03{@LIM3|+2.200000E+03|+2.420000E+03|+1.980000E+03}}
}
{@BLOCK|ru24|00
{@A-RES|0|+2.218361E+03{@LIM3|+2.200000E+03|+2.420000E+03|+1.980000E+03}}
}
{@BLOCK|ru26|00
{@A-RES|0|+2.254270E+03{@LIM3|+2.200000E+03|+2.420000E+03|+1.980000E+03}}
}
{@BLOCK|ru27|00
{@A-RES|0|+2.205434E+03{@LIM3|+2.200000E+03|+2.420000E+03|+1.980000E+03}}
}
{@BLOCK|ru616|00
{@A-RES|0|+2.236263E+03{@LIM3|+2.200000E+03|+2.420000E+03|+1.980000E+03}}
}
{@BLOCK|ru620|00
{@A-RES|0|+2.203471E+03{@LIM3|+2.200000E+03|+2.420000E+03|+1.980000E+03}}
}
{@BLOCK|ru623|00
{@A-RES|0|+2.261750E+03{@LIM3|+2.200000E+03|+2.420000E+03|+1.980000E+03}}
}
{@BLOCK|ru624|00
{@A-RES|0|+2.244695E+03{@LIM3|+2.200000E+03|+2.420000E+03|+1.980000E+03}}
}
{@BLOCK|ru632|00
{@A-RES|0|+2.238179E+03{@LIM3|+2.200000E+03|+2.420000E+03|+1.980000E+03}}
}
{@BLOCK|ru687|00
{@A-RES|0|+2.225005E+03{@LIM3|+2.200000E+03|+2.420000E+03|+1.980000E+03}}
}
{@BLOCK|ru688|00
{@A-RES|0|+2.217924E+03{@LIM3|+2.200000E+03|+2.420000E+03|+1.980000E+03}}
}
{@BLOCK|rc201|00
{@A-RES|0|+7.471495E+04{@LIM3|+7.500000E+04|+8.250000E+04|+6.750000E+04}}
}
{@BLOCK|ri813|00
{@A-RES|0|+4.707639E+04{@LIM3|+4.700000E+04|+5.170000E+04|+4.230000E+04}}
}
{@BLOCK|ru655|00
{@A-RES|0|+4.699715E+04{@LIM3|+4.700000E+04|+5.170000E+04|+4.230000E+04}}
}
{@BLOCK|rv520|00
{@A-RES|0|+5.010987E+04{@LIM3|+4.700000E+04|+5.170000E+04|+4.230000E+04}}
}
{@BLOCK|ru657|00
{@A-RES|0|+1.204156E+04{@LIM3|+1.200000E+04|+1.272000E+04|+1.128000E+04}}
}
{@BLOCK|rv156|00
{@A-RES|0|+2.706316E+03{@LIM3|+2.700000E+03|+2.970000E+03|+2.430000E+03}}
}
{@BLOCK|rv500|00
{@A-RES|0|+1.528960E+03{@LIM3|+1.500000E+03|+1.650000E+03|+1.350000E+03}}
}
{@BLOCK|rv501|00
{@A-RES|0|+1.527569E+03{@LIM3|+1.500000E+03|+1.650000E+03|+1.350000E+03}}
}
{@BLOCK|rv525|00
{@A-RES|0|+4.998309E+03{@LIM3|+4.990000E+03|+5.289400E+03|+4.690600E+03}}
}
{@BLOCK|pq307%qf|00
{@A-NFE|0|+1.328062E+02{@LIM2|+2.000000E+02|+2.000000E+01}}
}
{@BLOCK|pq302%qf1|00
{@A-NFE|0|+5.504426E+01{@LIM2|+2.000000E+02|+2.000000E+01}}
}
{@BLOCK|pq302%qf2|00
{@A-NFE|0|+1.293808E+02{@LIM2|+2.000000E+02|+2.000000E+01}}
}
{@BLOCK|pq503%qf|00
{@A-NFE|0|+1.017375E+02{@LIM2|+2.000000E+02|+2.000000E+01}}
}
{@BLOCK|pq1100%qf1|00
{@A-NFE|0|+8.487569E+01{@LIM2|+2.000000E+02|+2.000000E+01}}
}
{@BLOCK|pq1100%qf2|00
{@A-NFE|0|+8.082711E+01{@LIM2|+2.000000E+02|+2.000000E+01}}
}
{@BLOCK|qc11%qf1|00
{@A-NFE|0|+1.210702E+02{@LIM2|+2.000000E+02|+2.000000E+01}}
}
{@BLOCK|qc11%qf2|00
{@A-NFE|0|+6.595402E+01{@LIM2|+2.000000E+02|+2.000000E+01}}
}
{@BLOCK|qc16|00
{@A-NFE|0|+7.082333E+01{@LIM2|+2.000000E+02|+2.000000E+01}}
}
{@BLOCK|qc30%qf1|00
{@A-NFE|0|+1.338549E+02{@LIM2|+2.000000E+02|+2.000000E+01}}
}
{@BLOCK|qc30%qf2|00
{@A-NFE|0|+9.498099E+01{@LIM2|+2.000000E+02|+2.000000E+01}}
}
{@BLOCK|qc36|00
{@A-NFE|0|+7.709401E+01{@LIM2|+2.000000E+02|+2.000000E+01}}
}
{@BLOCK|qc38|00
{@A-NFE|0|+1.100494E+02{@LIM2|+4.000000E+02|+2.000000E+01}}
}
{@BLOCK|qe7%qf1|00
{@A-NFE|0|+7.302252E+01{@LIM2|+2.000000E+02|+2.000000E+01}}
}
{@BLOCK|qe7%qf2|00
{@A-NFE|0|+8.281393E+01{@LIM2|+2.000000E+02|+2.000000E+01}}
}
{@BLOCK|qe10%qf1|00
{@A-NFE|0|+6.357586E+01{@LIM2|+2.000000E+02|+2.000000E+01}}
}
{@BLOCK|qe10%qf2|00
{@A-NFE|0|+7.659553E+01{@LIM2|+2.000000E+02|+2.000000E+01}}
}
{@BLOCK|qi300|00
{@A-NFE|0|+4.777942E+01{@LIM2|+2.000000E+02|+2.000000E+01}}
}
{@BLOCK|qi801%qf1|00
{@A-NFE|0|+7.389154E+01{@LIM2|+2.000000E+02|+2.000000E+01}}
}
{@BLOCK|ql1%qf1|00
{@A-NFE|0|+8.661087E+01{@LIM2|+2.000000E+02|+2.000000E+01}}
}
{@BLOCK|ql1%qf2|00
{@A-NFE|0|+8.585317E+01{@LIM2|+2.000000E+02|+2.000000E+01}}
}
{@BLOCK|qr500|00
{@A-NFE|0|+7.539863E+01{@LIM2|+2.000000E+02|+2.000000E+01}}
}
{@BLOCK|qu601|00
{@A-NFE|0|+4.064502E+01{@LIM2|+2.000000E+02|+2.000000E+01}}
}
{@BLOCK|qu602|00
{@A-NFE|0|+4.478485E+01{@LIM2|+2.000000E+02|+2.000000E+01}}
}
{@BLOCK|qu603|00
{@A-NFE|0|+4.549591E+01{@LIM2|+2.000000E+02|+2.000000E+01}}
}
{@BLOCK|qu608|00
{@A-NFE|0|+5.137908E+01{@LIM2|+2.000000E+02|+2.000000E+01}}
}
{@BLOCK|qu609|00
{@A-NFE|0|+4.020112E+01{@LIM2|+2.000000E+02|+2.000000E+01}}
}
{@BLOCK|qv4%qf1|00
{@A-NFE|0|+7.216099E+01{@LIM2|+2.000000E+02|+2.000000E+01}}
}
{@BLOCK|qv150%qf2|00
{@A-NFE|0|+1.166370E+02{@LIM2|+2.000000E+02|+2.000000E+01}}
}
{@BLOCK|pq303%qf|00
{@A-PFE|0|+9.611217E+01{@LIM2|+2.000000E+02|+2.000000E+01}}
}
{@BLOCK|qv502|00
{@A-PFE|0|+7.964398E+01{@LIM2|+2.000000E+02|+2.000000E+01}}
}
{@BLOCK|da2|00
{@A-DIO|0|+4.618849E-01{@LIM2|+6.000000E-01|+2.000000E-01}}
}
{@BLOCK|da3|00
{@A-DIO|0|+4.628635E-01{@LIM2|+6.000000E-01|+2.000000E-01}}
}
{@BLOCK|da400|00
{@A-DIO|0|+5.609332E-01{@LIM2|+8.000000E-01|+4.000000E-01}}
}
{@BLOCK|da401|00
{@A-DIO|0|+5.569338E-01{@LIM2|+8.000000E-01|+4.000000E-01}}
}
{@BLOCK|da403|00
{@A-DIO|0|+4.729045E-01{@LIM2|+8.000000E-01|+4.000000E-01}}
}
{@BLOCK|da405|00
{@A-DIO|0|+5.551894E-01{@LIM2|+8.000000E-01|+4.000000E-01}}
}
{@BLOCK|da406|00
{@A-DIO|0|+6.062027E-01{@LIM2|+8.000000E-01|+4.000000E-01}}
}
{@BLOCK|dc2|00
{@A-DIO|0|+5.121323E-01{@LIM2|+8.000000E-01|+4.000000E-01}}
}
{@BLOCK|dc6|00
{@A-DIO|0|+4.776697E-01{@LIM2|+8.000000E-01|+4.000000E-01}}
}
{@BLOCK|de1|00
{@A-DIO|0|+4.436750E-01{@LIM2|+6.000000E-01|+2.000000E-01}}
}
{@BLOCK|de6|00
{@A-DIO|0|+4.284434E-01{@LIM2|+6.000000E-01|+2.000000E-01}}
}
{@BLOCK|de10|00
{@A-DIO|0|+6.653564E-01{@LIM2|+8.000000E-01|+4.000000E-01}}
}
{@BLOCK|du1|00
{@A-DIO|0|+3.720441E-01{@LIM2|+6.000000E-01|+2.000000E-01}}
}
{@BLOCK|du2|00
{@A-DIO|0|+3.807630E-01{@LIM2|+6.000000E-01|+2.500000E-01}}
}
{@BLOCK|du3|00
{@A-DIO|0|+5.670983E-01{@LIM2|+8.000000E-01|+4.000000E-01}}
}
{@BLOCK|du916|00
{@A-DIO|0|+6.813847E-01{@LIM2|+8.000000E-01|+4.000000E-01}}
}
{@BLOCK|du918|00
{@A-DIO|0|+6.846585E-01{@LIM2|+8.000000E-01|+4.000000E-01}}
}
{@BLOCK|du919|00
{@A-DIO|0|+5.737289E-01{@LIM2|+8.000000E-01|+4.000000E-01}}
}
{@BLOCK|du925|00
{@A-DIO|0|+6.801060E-01{@LIM2|+8.000000E-01|+4.000000E-01}}
}
{@BLOCK|du926|00
{@A-DIO|0|+6.792125E-01{@LIM2|+8.000000E-01|+4.000000E-01}}
}
{@BLOCK|du927|00
{@A-DIO|0|+6.793401E-01{@LIM2|+8.000000E-01|+4.000000E-01}}
}
{@BLOCK|du1002|00
{@A-DIO|0|+5.934119E-01{@LIM2|+8.000000E-01|+4.000000E-01}}
}
{@BLOCK|dv153|00
{@A-DIO|0|+5.459994E-01{@LIM2|+8.000000E-01|+4.000000E-01}}
}
{@BLOCK|pd1001|00
{@A-DIO|0|+5.955235E-01{@LIM2|+8.000000E-01|+4.000000E-01}}
}
{@BLOCK|pd1200|00
{@A-DIO|0|+6.972948E-01{@LIM2|+8.000000E-01|+4.000000E-01}}
}
{@BLOCK|du1000%cr1|00
{@A-DIO|0|+6.658785E-01{@LIM2|+9.500000E-01|+5.500000E-01}}
}
{@BLOCK|du1000%cr2|00
{@A-DIO|0|+6.636857E-01{@LIM2|+9.500000E-01|+5.500000E-01}}
}
{@BLOCK|du1000%cr3|00
{@A-DIO|0|+6.792125E-01{@LIM2|+8.000000E-01|+4.000000E-01}}
}
{@BLOCK|du1000%cr4|00
{@A-DIO|0|+6.781488E-01{@LIM2|+8.000000E-01|+4.000000E-01}}
}
{@BLOCK|dv501%cr1|00
{@A-DIO|0|+6.943326E-01{@LIM2|+9.500000E-01|+5.500000E-01}}
}
{@BLOCK|dv501%cr2|00
{@A-DIO|0|+7.123971E-01{@LIM2|+9.500000E-01|+5.500000E-01}}
}
{@BLOCK|dv501%cr4|00
{@A-DIO|0|+7.603253E-01{@LIM2|+9.500000E-01|+5.500000E-01}}
}
{@BLOCK|dv501%cr5|00
{@A-DIO|0|+8.521616E-01{@LIM2|+9.500000E-01|+5.500000E-01}}
}
{@BLOCK|ue3%cr|00
{@A-DIO|0|+5.579124E-01{@LIM2|+8.000000E-01|+4.000000E-01}}
}
{@BLOCK|led1%cr_org|00
{@A-DIO|0|+3.283550E+00{@LIM2|+3.800000E+00|+2.600000E+00}}
}
{@BLOCK|led1%cr_whi|00
{@A-DIO|0|+2.057750E+00{@LIM2|+2.500000E+00|+1.500000E+00}}
}
{@BLOCK|rn8|00
{@A-RES|0|+3.526743E+01{@LIM3|+3.300000E+01|+4.129999E+01|+2.970000E+01}}
}
{@BLOCK|du928%ds|00
{@A-DIO|0|+5.321589E-01{@LIM2|+8.000000E-01|+4.000000E-01}}
}
{@BLOCK|du929%ds|00
{@A-DIO|0|+5.275641E-01{@LIM2|+8.000000E-01|+4.000000E-01}}
}
{@BLOCK|du1005%ds1|00
{@A-DIO|0|+5.245545E-01{@LIM2|+8.000000E-01|+4.000000E-01}}
}
{@BLOCK|du1005%ds2|00
{@A-DIO|0|+5.235333E-01{@LIM2|+8.000000E-01|+4.000000E-01}}
}
{@BLOCK|testjet|00
{@TJET|00|0000|jcp1
}
{@TJET|00|0000|jedp1
}
{@TJET|00|0000|jfan1
}
{@TJET|00|0000|jio1
}
{@TJET|00|0000|jkb1
}
{@TJET|00|0000|jspk1
}
{@TJET|00|0000|jssd1
}
{@TJET|00|0000|jtp1
}
{@TJET|00|0000|jts1
}
{@TJET|00|0000|jwlan1
}
{@TJET|00|0000|pu1000
}
{@TJET|00|0000|ub1
}
{@TJET|00|0000|ub2
}
{@TJET|00|0000|ub600
}
{@TJET|00|0000|uc1
}
{@TJET|00|0000|ue2
}
{@TJET|00|0000|uu600
}
{@TJET|00|0000|uu602
}
{@TJET|00|0000|uv502
}
}
}}