{@BATCH|e14_gen7_lnl_intel||4073|1||btest|131230043049~16|ICT0263\engineer|ICT0263|C:/Agilent_ICT/boards/e14_gen7_lnl_intel|RevA|sb21v27520_u7||sb21v27520_u7
{@BTEST|6683000782|00|131230051952|000015|0|all||n||131230052007||1
{@BLOCK|ca2|00
{@A-CAP|0|+7.255535E-06{@LIM3|+6.800000E-06|+8.840000E-06|+4.760000E-06}}
}
{@BLOCK|cc14|00
{@A-CAP|0|+1.030838E-07{@LIM3|+1.000000E-07|+1.300000E-07|+7.000000E-08}}
}
{@BLOCK|ci209|00
{@A-CAP|0|+4.913077E-05{@LIM3|+4.900000E-05|+6.615000E-05|+3.185000E-05}}
}
{@BLOCK|cc66|00
{@A-CAP|0|+2.241828E-06{@LIM3|+2.100000E-06|+2.520000E-06|+1.680000E-06}}
}
{@BLOCK|pc522|00
{@A-CAP|0|+6.588714E-06{@LIM3|+6.101000E-06|+7.931300E-06|+4.270700E-06}}
}
{@BLOCK|ce1125|00
{@A-CAP|0|+9.334780E-08{@LIM3|+1.000000E-07|+1.300000E-07|+7.000000E-08}}
}
{@BLOCK|ci105|00
{@A-CAP|0|+9.927054E-06{@LIM3|+1.020000E-05|+1.326000E-05|+7.140000E-06}}
}
{@BLOCK|ci208|00
{@A-CAP|0|+4.426787E-05{@LIM3|+4.391000E-05|+5.708300E-05|+3.073094E-05}}
}
{@BLOCK|pc535|00
{@A-CAP|0|+4.211776E-04{@LIM3|+4.254000E-04|+5.530200E-04|+2.971912E-04}}
}
{@BLOCK|cn5|00
{@A-CAP|0|+2.491212E-05{@LIM3|+2.420000E-05|+3.146000E-05|+1.694000E-05}}
}
{@BLOCK|pc400|00
{@A-CAP|0|+1.144488E-04{@LIM3|+1.051000E-04|+1.366300E-04|+7.357000E-05}}
}
{@BLOCK|cu648|00
{@A-CAP|0|+2.129158E-06{@LIM3|+2.300000E-06|+2.990000E-06|+1.610000E-06}}
}
{@BLOCK|cu661|00
{@A-CAP|0|+2.096911E-06{@LIM3|+2.300000E-06|+2.990000E-06|+1.610000E-06}}
}
{@BLOCK|cu11|00
{@A-CAP|0|+9.724570E-06{@LIM3|+1.080000E-05|+1.404000E-05|+7.560000E-06}}
}
{@BLOCK|cu3|00
{@A-CAP|0|+9.746653E-06{@LIM3|+1.080000E-05|+1.404000E-05|+7.560000E-06}}
}
{@BLOCK|cu1004|00
{@A-CAP|0|+1.247822E-04{@LIM3|+1.502000E-04|+1.952600E-04|+1.049984E-04}}
}
{@BLOCK|cv12|00
{@A-CAP|0|+6.896400E-06{@LIM3|+5.800000E-06|+7.540000E-06|+4.060000E-06}}
}
{@BLOCK|cv175|00
{@A-CAP|0|+1.020010E-06{@LIM3|+1.100000E-06|+1.430000E-06|+7.700000E-07}}
}
{@BLOCK|cv156|00
{@A-CAP|0|+1.010047E-06{@LIM3|+1.100000E-06|+1.430000E-06|+7.700000E-07}}
}
{@BLOCK|cv500|00
{@A-CAP|0|+2.270468E-07{@LIM3|+2.000000E-07|+2.600000E-07|+1.400000E-07}}
}
{@BLOCK|cv541|00
{@A-CAP|0|+1.482580E-05{@LIM3|+1.513000E-05|+1.966900E-05|+1.059100E-05}}
}
{@BLOCK|pc300|00
{@A-CAP|0|+1.436237E-04{@LIM3|+1.376000E-04|+1.788800E-04|+9.632000E-05}}
}
{@BLOCK|pc334|00
{@A-CAP|0|+5.770899E-06{@LIM3|+5.611000E-06|+6.733200E-06|+4.488800E-06}}
}
{@BLOCK|pc409|00
{@A-CAP|0|+1.141384E-07{@LIM3|+1.000000E-07|+1.200000E-07|+8.000000E-08}}
}
{@BLOCK|pc500|00
{@A-CAP|0|+9.280770E-08{@LIM3|+1.000000E-07|+1.200000E-07|+8.000000E-08}}
}
{@BLOCK|pc506|00
{@A-CAP|0|+9.526868E-08{@LIM3|+1.000000E-07|+1.200000E-07|+8.000000E-08}}
}
{@BLOCK|pc1048|00
{@A-CAP|0|+1.218238E-03{@LIM3|+1.144000E-03|+1.487200E-03|+7.992167E-04}}
}
{@BLOCK|pc1126|00
{@A-CAP|0|+1.169695E-07{@LIM3|+1.000000E-07|+1.200000E-07|+8.000000E-08}}
}
{@BLOCK|pc1229|00
{@A-CAP|0|+1.112603E-07{@LIM3|+1.000000E-07|+1.200000E-07|+8.000000E-08}}
}
{@BLOCK|pc1234|00
{@A-CAP|0|+1.097832E-07{@LIM3|+1.000000E-07|+1.200000E-07|+8.000000E-08}}
}
{@BLOCK|ca29|00
{@A-CAP|0|+2.539328E-06{@LIM3|+2.200000E-06|+2.860000E-06|+1.540000E-06}}
}
{@BLOCK|ca413|00
{@A-CAP|0|+2.757017E-06{@LIM3|+2.200000E-06|+2.860000E-06|+1.540000E-06}}
}
{@BLOCK|ca414|00
{@A-CAP|0|+2.706096E-06{@LIM3|+2.200000E-06|+2.860000E-06|+1.540000E-06}}
}
{@BLOCK|cc29|00
{@A-CAP|0|+3.827052E-05{@LIM3|+3.440000E-05|+4.644000E-05|+2.236000E-05}}
}
{@BLOCK|cc31|00
{@A-CAP|0|+4.014992E-05{@LIM3|+3.440000E-05|+4.644000E-05|+2.236000E-05}}
}
{@BLOCK|cc35|00
{@A-CAP|0|+1.865339E-05{@LIM3|+2.440000E-05|+3.294000E-05|+1.586000E-05}}
}
{@BLOCK|pc355|00
{@A-CAP|0|+2.833195E-06{@LIM3|+2.200000E-06|+3.740000E-06|+1.100000E-06}}
}
{@BLOCK|pc1422|00
{@A-CAP|0|+1.128258E-04{@LIM3|+1.166000E-04|+1.982200E-04|+5.830000E-05}}
}
{@BLOCK|pc1107|00
{@A-CAP|0|+4.251293E-05{@LIM3|+4.220000E-05|+5.486000E-05|+2.954000E-05}}
}
{@BLOCK|pc1660|00
{@A-CAP|0|+1.841542E-04{@LIM3|+1.736000E-04|+2.951200E-04|+5.208000E-05}}
}
{@BLOCK|pc1204|00
{@A-CAP|0|+1.307330E-04{@LIM3|+1.076000E-04|+1.398800E-04|+7.532000E-05}}
}
{@BLOCK|ru698|00
{@A-CAP|0|+2.355401E-06{@LIM3|+2.200000E-06|+2.860000E-06|+1.540000E-06}}
}
{@BLOCK|cc51|00
{@A-CAP|0|+7.858359E-05{@LIM3|+6.000000E-05|+8.100000E-05|+4.199172E-05}}
}
{@BLOCK|cc55|00
{@A-CAP|0|+7.913311E-05{@LIM3|+6.500000E-05|+8.775000E-05|+4.549103E-05}}
}
{@BLOCK|ce24|00
{@A-CAP|0|+1.110281E-06{@LIM3|+1.000000E-06|+1.300000E-06|+7.000000E-07}}
}
{@BLOCK|ce40|00
{@A-CAP|0|+1.126861E-09{@LIM3|+1.000000E-09|+1.177000E-09|+8.000000E-10}}
}
{@BLOCK|pc354|00
{@A-CAP|0|+1.047751E-06{@LIM3|+1.000000E-06|+1.300000E-06|+7.000000E-07}}
}
{@BLOCK|pc1831|00
{@A-CAP|0|+4.850338E-04{@LIM3|+5.140000E-04|+6.682000E-04|+3.587335E-04}}
}
{@BLOCK|pc1825|00
{@A-CAP|0|+7.232058E-04{@LIM3|+6.790000E-04|+8.827000E-04|+4.743603E-04}}
}
{@BLOCK|pc1828|00
{@A-CAP|0|+5.477889E-04{@LIM3|+5.360000E-04|+6.968000E-04|+3.744582E-04}}
}
{@BLOCK|pc523|00
{@A-CAP|0|+5.086089E-06{@LIM3|+4.700000E-06|+6.110000E-06|+3.290000E-06}}
}
{@BLOCK|pc1053|00
{@A-CAP|0|+5.026684E-06{@LIM3|+4.700000E-06|+6.110000E-06|+3.290000E-06}}
}
{@BLOCK|cr37|00
{@A-CAP|0|+1.127690E-05{@LIM3|+1.100000E-05|+1.430000E-05|+7.700000E-06}}
}
{@BLOCK|cu5|00
{@A-CAP|0|+1.223852E-05{@LIM3|+1.200000E-05|+1.560000E-05|+8.400000E-06}}
}
{@BLOCK|pc323|00
{@A-CAP|0|+6.552180E-05{@LIM3|+6.491400E-05|+8.438820E-05|+4.543980E-05}}
}
{@BLOCK|pc402|00
{@A-CAP|0|+1.415506E-04{@LIM3|+1.400000E-04|+1.820000E-04|+9.800000E-05}}
}
{@BLOCK|pc1008|00
{@A-CAP|0|+8.121189E-05{@LIM3|+8.000000E-05|+1.040000E-04|+5.600000E-05}}
}
{@BLOCK|ca417|00
{@A-CAP|0|+8.222875E-10{@LIM3|+7.800000E-10|+9.279707E-10|+6.240000E-10}}
}
{@BLOCK|ca412|00
{@A-CAP|0|+7.529244E-10{@LIM3|+7.800000E-10|+9.279707E-10|+6.240000E-10}}
}
{@BLOCK|ce1126|00
{@A-CAP|0|+9.659522E-09{@LIM3|+1.000000E-08|+1.200000E-08|+8.000000E-09}}
}
{@BLOCK|cc17|00
{@A-CAP|0|+1.109870E-06{@LIM3|+1.000000E-06|+1.200000E-06|+8.000000E-07}}
}
{@BLOCK|cc98|00
{@A-CAP|0|+1.177503E-06{@LIM3|+1.000000E-06|+1.200000E-06|+8.000000E-07}}
}
{@BLOCK|pc1232|00
{@A-CAP|0|+2.498548E-07{@LIM3|+2.200000E-07|+2.640000E-07|+1.760000E-07}}
}
{@BLOCK|cu1|00
{@A-CAP|0|+3.974831E-10{@LIM3|+4.500000E-10|+5.543181E-10|+3.600000E-10}}
}
{@BLOCK|cu2|00
{@A-CAP|0|+4.087357E-10{@LIM3|+4.500000E-10|+5.543181E-10|+3.600000E-10}}
}
{@BLOCK|cu8|00
{@A-CAP|0|+3.874160E-10{@LIM3|+4.500000E-10|+5.543181E-10|+3.600000E-10}}
}
{@BLOCK|pc1005|00
{@A-CAP|0|+4.932068E-07{@LIM3|+4.700000E-07|+5.640000E-07|+3.760000E-07}}
}
{@BLOCK|pc1006|00
{@A-CAP|0|+4.552959E-07{@LIM3|+4.700000E-07|+5.640000E-07|+3.760000E-07}}
}
{@BLOCK|pc122|00
{@A-CAP|0|+2.309251E-06{@LIM3|+2.200000E-06|+2.640000E-06|+1.760000E-06}}
}
{@BLOCK|pc331|00
{@A-CAP|0|+4.418464E-08{@LIM3|+4.700000E-08|+5.640000E-08|+3.760000E-08}}
}
{@BLOCK|pc332|00
{@A-CAP|0|+4.470120E-08{@LIM3|+4.700000E-08|+5.640000E-08|+3.760000E-08}}
}
{@BLOCK|pc524|00
{@A-CAP|0|+3.689517E-10{@LIM3|+3.300000E-10|+4.455000E-10|+2.145000E-10}}
}
{@BLOCK|pr1129|00
{@A-RES|0|+9.822754E+03{@LIM3|+1.000000E+04|+1.100000E+04|+9.000000E+03}}
}
{@BLOCK|pr1234|00
{@A-RES|0|+1.001355E+04{@LIM3|+1.000000E+04|+1.100000E+04|+9.000000E+03}}
}
{@BLOCK|pr1271|00
{@A-RES|0|+9.894045E+03{@LIM3|+1.000000E+04|+1.100000E+04|+9.000000E+03}}
}
{@BLOCK|ra20|00
{@A-RES|0|+9.946630E+03{@LIM3|+1.000000E+04|+1.100000E+04|+9.000000E+03}}
}
{@BLOCK|rc56|00
{@A-RES|0|+9.317072E+03{@LIM3|+1.000000E+04|+1.100000E+04|+9.000000E+03}}
}
{@BLOCK|rc57|00
{@A-RES|0|+9.373708E+03{@LIM3|+1.000000E+04|+1.100000E+04|+9.000000E+03}}
}
{@BLOCK|rc179|00
{@A-RES|0|+9.951872E+03{@LIM3|+1.000000E+04|+1.100000E+04|+9.000000E+03}}
}
{@BLOCK|rc207|00
{@A-RES|0|+9.949767E+03{@LIM3|+1.000000E+04|+1.100000E+04|+9.000000E+03}}
}
{@BLOCK|rc234|00
{@A-RES|0|+9.903706E+03{@LIM3|+1.000000E+04|+1.100000E+04|+9.000000E+03}}
}
{@BLOCK|rc244|00
{@A-RES|0|+9.746632E+03{@LIM3|+1.000000E+04|+1.100000E+04|+9.000000E+03}}
}
{@BLOCK|rc411|00
{@A-RES|0|+9.782406E+02{@LIM3|+1.000000E+03|+1.100000E+03|+9.000000E+02}}
}
{@BLOCK|rc401|00
{@A-RES|0|+1.003575E+04{@LIM3|+1.000000E+04|+1.100000E+04|+9.000000E+03}}
}
{@BLOCK|re98|00
{@A-RES|0|+1.001794E+04{@LIM3|+1.000000E+04|+1.100000E+04|+9.000000E+03}}
}
{@BLOCK|re159|00
{@A-RES|0|+9.898464E+03{@LIM3|+1.000000E+04|+1.250000E+04|+7.500000E+03}}
}
{@BLOCK|re1125|00
{@A-RES|0|+9.946355E+03{@LIM3|+1.000000E+04|+1.100000E+04|+9.000000E+03}}
}
{@BLOCK|ri111|00
{@A-RES|0|+9.848203E+03{@LIM3|+1.000000E+04|+1.100000E+04|+9.000000E+03}}
}
{@BLOCK|ri309|00
{@A-RES|0|+1.004111E+04{@LIM3|+1.000000E+04|+1.100000E+04|+9.000000E+03}}
}
{@BLOCK|ri812|00
{@A-RES|0|+9.833703E+03{@LIM3|+1.000000E+04|+1.100000E+04|+9.000000E+03}}
}
{@BLOCK|ri815|00
{@A-RES|0|+9.974561E+03{@LIM3|+1.000000E+04|+1.100000E+04|+9.000000E+03}}
}
{@BLOCK|rk3|00
{@A-RES|0|+9.986209E+03{@LIM3|+1.000000E+04|+1.100000E+04|+9.000000E+03}}
}
{@BLOCK|rn2|00
{@A-RES|0|+1.010746E+04{@LIM3|+1.000000E+04|+1.100000E+04|+9.000000E+03}}
}
{@BLOCK|rn10|00
{@A-RES|0|+9.996822E+03{@LIM3|+1.000000E+04|+1.100000E+04|+9.000000E+03}}
}
{@BLOCK|rn36|00
{@A-RES|0|+9.981970E+03{@LIM3|+1.000000E+04|+1.100000E+04|+9.000000E+03}}
}
{@BLOCK|rt10|00
{@A-RES|0|+9.114598E+03{@LIM3|+1.000000E+04|+1.350000E+04|+6.500000E+03}}
}
{@BLOCK|ru25|00
{@A-RES|0|+1.001225E+04{@LIM3|+1.000000E+04|+1.100000E+04|+9.000000E+03}}
}
{@BLOCK|ru606|00
{@A-RES|0|+9.923269E+03{@LIM3|+1.000000E+04|+1.100000E+04|+9.000000E+03}}
}
{@BLOCK|ru633|00
{@A-RES|0|+9.958194E+03{@LIM3|+1.000000E+04|+1.100000E+04|+9.000000E+03}}
}
{@BLOCK|ru733|00
{@A-RES|0|+1.015597E+04{@LIM3|+1.000000E+04|+1.100000E+04|+9.000000E+03}}
}
{@BLOCK|ru902|00
{@A-RES|0|+9.923526E+03{@LIM3|+1.000000E+04|+1.100000E+04|+9.000000E+03}}
}
{@BLOCK|ru903|00
{@A-RES|0|+1.010776E+04{@LIM3|+1.000000E+04|+1.100000E+04|+9.000000E+03}}
}
{@BLOCK|ru1095|00
{@A-RES|0|+1.003575E+04{@LIM3|+1.000000E+04|+1.100000E+04|+9.000000E+03}}
}
{@BLOCK|rv19|00
{@A-RES|0|+9.958259E+03{@LIM3|+1.000000E+04|+1.100000E+04|+9.000000E+03}}
}
{@BLOCK|rv22|00
{@A-RES|0|+1.004307E+04{@LIM3|+1.000000E+04|+1.100000E+04|+9.000000E+03}}
}
{@BLOCK|rv36|00
{@A-RES|0|+9.945985E+03{@LIM3|+1.000000E+04|+1.100000E+04|+9.000000E+03}}
}
{@BLOCK|pr334|00
{@A-RES|0|+9.966989E+04{@LIM3|+1.000000E+05|+1.110000E+05|+8.900000E+04}}
}
{@BLOCK|pr336|00
{@A-RES|0|+9.867191E+05{@LIM3|+1.000000E+06|+1.210000E+06|+7.900000E+05}}
}
{@BLOCK|pr515|00
{@A-RES|0|+1.001430E+06{@LIM3|+1.000000E+06|+1.210000E+06|+7.900000E+05}}
}
{@BLOCK|pr516|00
{@A-RES|0|+9.997273E+05{@LIM3|+1.000000E+06|+1.210000E+06|+7.900000E+05}}
}
{@BLOCK|pr322|00
{@A-RES|0|+9.991026E+04{@LIM3|+1.000000E+05|+1.110000E+05|+8.900000E+04}}
}
{@BLOCK|pr400|00
{@A-RES|0|+1.002464E+05{@LIM3|+1.000000E+05|+1.110000E+05|+8.900000E+04}}
}
{@BLOCK|pr513|00
{@A-RES|0|+9.991677E+04{@LIM3|+1.000000E+05|+1.110000E+05|+8.900000E+04}}
}
{@BLOCK|pr514|00
{@A-RES|0|+9.983395E+04{@LIM3|+1.000000E+05|+1.110000E+05|+8.900000E+04}}
}
{@BLOCK|pt127|00
{@A-RES|0|+1.033316E+05{@LIM3|+1.000000E+05|+1.350000E+05|+6.500000E+04}}
}
{@BLOCK|pr131|00
{@A-RES|0|+1.653144E+04{@LIM3|+1.650000E+04|+1.749000E+04|+1.551000E+04}}
}
{@BLOCK|ra407|00
{@A-RES|0|+1.038043E+01{@LIM3|+1.000000E+01|+1.350000E+01|+6.500000E+00}}
}
{@BLOCK|pr315|00
{@A-RES|0|+9.840371E+00{@LIM3|+1.000000E+01|+1.350000E+01|+6.500000E+00}}
}
{@BLOCK|pr317|00
{@A-RES|0|+1.715663E+05{@LIM3|+1.740000E+05|+1.931400E+05|+1.548600E+05}}
}
{@BLOCK|pr401|00
{@A-JUM|0|+3.282375E+00{@LIM2|+1.500000E+01|+0.000000E+00}}
}
{@BLOCK|pr330|00
{@A-RES|0|+9.910553E+04{@LIM3|+1.000000E+05|+1.150000E+05|+8.500000E+04}}
}
{@BLOCK|pr511|00
{@A-RES|0|+9.972341E+04{@LIM3|+1.000000E+05|+1.150000E+05|+8.500000E+04}}
}
{@BLOCK|pr1010|00
{@A-RES|0|+1.000438E+05{@LIM3|+1.000000E+05|+1.150000E+05|+8.500000E+04}}
}
{@BLOCK|pr1022|00
{@A-RES|0|+9.016304E+04{@LIM3|+1.000000E+05|+1.150000E+05|+8.500000E+04}}
}
{@BLOCK|pr1120|00
{@A-RES|0|+1.001276E+05{@LIM3|+1.000000E+05|+1.150000E+05|+8.500000E+04}}
}
{@BLOCK|pr1146|00
{@A-RES|0|+9.926328E+04{@LIM3|+1.000000E+05|+1.150000E+05|+8.500000E+04}}
}
{@BLOCK|pr1147|00
{@A-RES|0|+1.002369E+05{@LIM3|+1.000000E+05|+1.150000E+05|+8.500000E+04}}
}
{@BLOCK|pr1151|00
{@A-RES|0|+9.972553E+04{@LIM3|+1.000000E+05|+1.150000E+05|+8.500000E+04}}
}
{@BLOCK|pr1191|00
{@A-RES|0|+9.883475E+04{@LIM3|+1.000000E+05|+1.150000E+05|+8.500000E+04}}
}
{@BLOCK|pr1232|00
{@A-RES|0|+9.842199E+04{@LIM3|+1.000000E+05|+1.150000E+05|+8.500000E+04}}
}
{@BLOCK|pr1237|00
{@A-RES|0|+1.012311E+05{@LIM3|+1.000000E+05|+1.150000E+05|+8.500000E+04}}
}
{@BLOCK|pr1238|00
{@A-RES|0|+1.004583E+05{@LIM3|+1.000000E+05|+1.150000E+05|+8.500000E+04}}
}
{@BLOCK|pu120%ra|00
{@A-RES|0|+9.708478E+04{@LIM3|+1.000000E+05|+1.250000E+05|+7.500000E+04}}
}
{@BLOCK|rb25|00
{@A-RES|0|+1.011630E+05{@LIM3|+1.000000E+05|+1.150000E+05|+8.500000E+04}}
}
{@BLOCK|rc10|00
{@A-RES|0|+9.633427E+04{@LIM3|+1.000000E+05|+1.150000E+05|+8.500000E+04}}
}
{@BLOCK|rc116|00
{@A-RES|0|+1.000864E+05{@LIM3|+1.000000E+05|+1.150000E+05|+8.500000E+04}}
}
{@BLOCK|rc235|00
{@A-RES|0|+9.988233E+04{@LIM3|+1.000000E+05|+1.150000E+05|+8.500000E+04}}
}
{@BLOCK|rc236|00
{@A-RES|0|+1.004605E+05{@LIM3|+1.000000E+05|+1.150000E+05|+8.500000E+04}}
}
{@BLOCK|rc237|00
{@A-RES|0|+1.016709E+05{@LIM3|+1.000000E+05|+1.150000E+05|+8.500000E+04}}
}
{@BLOCK|rc248|00
{@A-RES|0|+8.793104E+04{@LIM3|+1.000000E+05|+1.150000E+05|+8.500000E+04}}
}
{@BLOCK|rc254|00
{@A-RES|0|+9.811303E+04{@LIM3|+1.000000E+05|+1.150000E+05|+8.500000E+04}}
}
{@BLOCK|rc304|00
{@A-RES|0|+9.848523E+04{@LIM3|+1.000000E+05|+1.150000E+05|+8.500000E+04}}
}
{@BLOCK|rc329|00
{@A-RES|0|+1.003288E+05{@LIM3|+1.000000E+05|+1.150000E+05|+8.500000E+04}}
}
{@BLOCK|rc387|00
{@A-RES|0|+9.866272E+04{@LIM3|+1.000000E+05|+1.150000E+05|+8.500000E+04}}
}
{@BLOCK|re13|00
{@A-RES|0|+1.002464E+05{@LIM3|+1.000000E+05|+1.150000E+05|+8.500000E+04}}
}
{@BLOCK|re14|00
{@A-RES|0|+9.951449E+04{@LIM3|+1.000000E+05|+1.150000E+05|+8.500000E+04}}
}
{@BLOCK|re51|00
{@A-RES|0|+1.013919E+05{@LIM3|+1.000000E+05|+1.150000E+05|+8.500000E+04}}
}
{@BLOCK|re58|00
{@A-RES|0|+9.892565E+04{@LIM3|+1.000000E+05|+1.150000E+05|+8.500000E+04}}
}
{@BLOCK|re89|00
{@A-RES|0|+9.996933E+04{@LIM3|+1.000000E+05|+1.150000E+05|+8.500000E+04}}
}
{@BLOCK|re153|00
{@A-RES|0|+1.006433E+05{@LIM3|+1.000000E+05|+1.150000E+05|+8.500000E+04}}
}
{@BLOCK|re1006|00
{@A-RES|0|+9.803121E+04{@LIM3|+1.000000E+05|+1.150000E+05|+8.500000E+04}}
}
{@BLOCK|re1036|00
{@A-RES|0|+1.003880E+05{@LIM3|+1.000000E+05|+1.150000E+05|+8.500000E+04}}
}
{@BLOCK|re1057|00
{@A-RES|0|+9.956717E+04{@LIM3|+1.000000E+05|+1.150000E+05|+8.500000E+04}}
}
{@BLOCK|re1100|00
{@A-RES|0|+9.944084E+04{@LIM3|+1.000000E+05|+1.150000E+05|+8.500000E+04}}
}
{@BLOCK|re1101|00
{@A-RES|0|+9.988421E+04{@LIM3|+1.000000E+05|+1.150000E+05|+8.500000E+04}}
}
{@BLOCK|re1102|00
{@A-RES|0|+1.001183E+05{@LIM3|+1.000000E+05|+1.150000E+05|+8.500000E+04}}
}
{@BLOCK|re1128|00
{@A-RES|0|+9.947239E+04{@LIM3|+1.000000E+05|+1.150000E+05|+8.500000E+04}}
}
{@BLOCK|re1131|00
{@A-RES|0|+1.008023E+05{@LIM3|+1.000000E+05|+1.150000E+05|+8.500000E+04}}
}
{@BLOCK|ri109|00
{@A-RES|0|+9.988439E+04{@LIM3|+1.000000E+05|+1.150000E+05|+8.500000E+04}}
}
{@BLOCK|ri238|00
{@A-RES|0|+9.918914E+04{@LIM3|+1.000000E+05|+1.150000E+05|+8.500000E+04}}
}
{@BLOCK|ri304|00
{@A-RES|0|+9.923100E+04{@LIM3|+1.000000E+05|+1.150000E+05|+8.500000E+04}}
}
{@BLOCK|rn15|00
{@A-RES|0|+9.728087E+04{@LIM3|+1.000000E+05|+1.150000E+05|+8.500000E+04}}
}
{@BLOCK|rr24|00
{@A-RES|0|+9.967268E+04{@LIM3|+1.000000E+05|+1.150000E+05|+8.500000E+04}}
}
{@BLOCK|pq901|00
{@A-NFE|0|+4.485827E+01{@LIM2|+2.000000E+02|+2.000000E+01}}
}
{@BLOCK|ru929|00
{@A-RES|0|+1.004470E+05{@LIM3|+1.000000E+05|+1.150000E+05|+8.500000E+04}}
}
{@BLOCK|rv24|00
{@A-RES|0|+1.000910E+05{@LIM3|+1.000000E+05|+1.150000E+05|+8.500000E+04}}
}
{@BLOCK|rv42|00
{@A-RES|0|+9.964859E+04{@LIM3|+1.000000E+05|+1.150000E+05|+8.500000E+04}}
}
{@BLOCK|rv155|00
{@A-RES|0|+9.972553E+04{@LIM3|+1.000000E+05|+1.150000E+05|+8.500000E+04}}
}
{@BLOCK|rv162|00
{@A-RES|0|+1.000651E+05{@LIM3|+1.000000E+05|+1.150000E+05|+8.500000E+04}}
}
{@BLOCK|rv163|00
{@A-RES|0|+9.981019E+04{@LIM3|+1.000000E+05|+1.150000E+05|+8.500000E+04}}
}
{@BLOCK|rv173|00
{@A-RES|0|+9.785782E+04{@LIM3|+1.000000E+05|+1.150000E+05|+8.500000E+04}}
}
{@BLOCK|rv190|00
{@A-RES|0|+9.672652E+04{@LIM3|+1.000000E+05|+1.150000E+05|+8.500000E+04}}
}
{@BLOCK|rv543|00
{@A-RES|0|+9.951920E+04{@LIM3|+1.000000E+05|+1.150000E+05|+8.500000E+04}}
}
{@BLOCK|pr331|00
{@A-RES|0|+1.355987E+05{@LIM3|+1.370000E+05|+1.520700E+05|+1.219300E+05}}
}
{@BLOCK|pr404|00
{@A-RES|0|+9.270150E+05{@LIM3|+1.000000E+06|+1.250000E+06|+7.500000E+05}}
}
{@BLOCK|rc330|00
{@A-RES|0|+9.947311E+05{@LIM3|+1.000000E+06|+1.250000E+06|+7.500000E+05}}
}
{@BLOCK|pr501|00
{@A-RES|0|+6.821385E+05{@LIM3|+6.800000E+05|+7.548000E+05|+6.052000E+05}}
}
{@BLOCK|rc238|00
{@A-RES|0|+1.002020E+03{@LIM3|+1.000000E+03|+1.100000E+03|+9.000000E+02}}
}
{@BLOCK|rc239|00
{@A-RES|0|+1.022284E+03{@LIM3|+1.000000E+03|+1.100000E+03|+9.000000E+02}}
}
{@BLOCK|rc243|00
{@A-RES|0|+9.982439E+02{@LIM3|+1.000000E+03|+1.100000E+03|+9.000000E+02}}
}
{@BLOCK|rc297|00
{@A-RES|0|+1.000901E+03{@LIM3|+1.000000E+03|+1.100000E+03|+9.000000E+02}}
}
{@BLOCK|pq500%qf2|00
{@A-NFE|0|+9.156608E+01{@LIM2|+2.000000E+02|+2.000000E+01}}
}
{@BLOCK|ra412|00
{@A-RES|0|+1.020771E+02{@LIM3|+1.000000E+02|+1.150000E+02|+9.000000E+01}}
}
{@BLOCK|ra413|00
{@A-RES|0|+1.020826E+02{@LIM3|+1.000000E+02|+1.150000E+02|+9.000000E+01}}
}
{@BLOCK|ri204|00
{@A-RES|0|+1.031383E+02{@LIM3|+1.000000E+02|+1.150000E+02|+9.000000E+01}}
}
{@BLOCK|pr1154|00
{@A-RES|0|+1.225388E+02{@LIM3|+1.200000E+02|+1.297000E+02|+1.128000E+02}}
}
{@BLOCK|ra21|00
{@A-RES|0|+4.693070E+03{@LIM3|+4.700000E+03|+5.170000E+03|+4.230000E+03}}
}
{@BLOCK|re39|00
{@A-RES|0|+4.702925E+03{@LIM3|+4.700000E+03|+5.170000E+03|+4.230000E+03}}
}
{@BLOCK|re40|00
{@A-RES|0|+4.719916E+03{@LIM3|+4.700000E+03|+5.170000E+03|+4.230000E+03}}
}
{@BLOCK|ri234%r1|00
{@A-RES|0|+4.691198E+03{@LIM3|+4.700000E+03|+5.170000E+03|+4.230000E+03}}
}
{@BLOCK|ri234%r2|00
{@A-RES|0|+4.707162E+03{@LIM3|+4.700000E+03|+5.170000E+03|+4.230000E+03}}
}
{@BLOCK|rpe6%r2|00
{@A-RES|0|+4.867436E+03{@LIM3|+4.700000E+03|+5.170000E+03|+4.230000E+03}}
}
{@BLOCK|rpe7%r1|00
{@A-RES|0|+4.700575E+03{@LIM3|+4.700000E+03|+5.170000E+03|+4.230000E+03}}
}
{@BLOCK|rpe7%r2|00
{@A-RES|0|+4.713058E+03{@LIM3|+4.700000E+03|+5.170000E+03|+4.230000E+03}}
}
{@BLOCK|cv531|00
{@A-CAP|0|+1.013769E-07{@LIM3|+1.000000E-07|+1.200000E-07|+8.000000E-08}}
}
{@BLOCK|cs205|00
{@A-CAP|0|+2.347155E-09{@LIM3|+2.200000E-09|+2.640000E-09|+1.760000E-09}}
}
{@BLOCK|pr1242|00
{@A-RES|0|+9.957218E+04{@LIM3|+1.000000E+05|+1.150000E+05|+8.500000E+04}}
}
{@BLOCK|rb23|00
{@A-RES|0|+1.008223E+03{@LIM3|+1.000000E+03|+1.100000E+03|+9.000000E+02}}
}
{@BLOCK|rc87|00
{@A-RES|0|+3.580739E+01{@LIM3|+3.300000E+01|+4.129999E+01|+2.970000E+01}}
}
{@BLOCK|rc88|00
{@A-RES|0|+3.514637E+01{@LIM3|+3.300000E+01|+4.129999E+01|+2.970000E+01}}
}
{@BLOCK|rc91|00
{@A-RES|0|+3.532286E+01{@LIM3|+3.300000E+01|+4.129999E+01|+2.970000E+01}}
}
{@BLOCK|rc93|00
{@A-RES|0|+3.544515E+01{@LIM3|+3.300000E+01|+4.129999E+01|+2.970000E+01}}
}
{@BLOCK|pt122|00
{@A-RES|0|+6.380876E+02{@LIM3|+5.400000E+02|+7.290000E+02|+3.510000E+02}}
}
{@BLOCK|pt123|00
{@A-RES|0|+6.222104E+02{@LIM3|+5.400000E+02|+7.290000E+02|+3.510000E+02}}
}
{@BLOCK|ra5|00
{@A-RES|0|+5.102146E+03{@LIM3|+5.110000E+03|+5.416600E+03|+4.803400E+03}}
}
{@BLOCK|ra13|00
{@A-RES|0|+3.919077E+04{@LIM3|+3.920000E+04|+4.155200E+04|+3.684800E+04}}
}
{@BLOCK|rc206|00
{@A-RES|0|+2.006022E+04{@LIM3|+2.000000E+04|+2.120000E+04|+1.880000E+04}}
}
{@BLOCK|rc333|00
{@A-RES|0|+2.505518E+01{@LIM3|+2.200000E+01|+2.970000E+01|+1.980000E+01}}
}
{@BLOCK|rc334|00
{@A-RES|0|+2.489277E+01{@LIM3|+2.200000E+01|+2.970000E+01|+1.980000E+01}}
}
{@BLOCK|rc345|00
{@A-RES|0|+2.507132E+01{@LIM3|+2.200000E+01|+2.920001E+01|+1.980000E+01}}
}
{@BLOCK|rc43|00
{@A-RES|0|+2.244813E+03{@LIM3|+2.200000E+03|+2.420000E+03|+1.980000E+03}}
}
{@BLOCK|rc241|00
{@A-RES|0|+2.209786E+03{@LIM3|+2.200000E+03|+2.420000E+03|+1.980000E+03}}
}
{@BLOCK|rc300|00
{@A-RES|0|+2.198835E+03{@LIM3|+2.200000E+03|+2.420000E+03|+1.980000E+03}}
}
{@BLOCK|rc376|00
{@A-RES|0|+2.220427E+03{@LIM3|+2.200000E+03|+2.420000E+03|+1.980000E+03}}
}
{@BLOCK|re15|00
{@A-RES|0|+2.266369E+03{@LIM3|+2.200000E+03|+2.420000E+03|+1.980000E+03}}
}
{@BLOCK|re16|00
{@A-RES|0|+2.207374E+03{@LIM3|+2.200000E+03|+2.420000E+03|+1.980000E+03}}
}
{@BLOCK|re22|00
{@A-RES|0|+2.245445E+03{@LIM3|+2.200000E+03|+2.420000E+03|+1.980000E+03}}
}
{@BLOCK|re23|00
{@A-RES|0|+2.205021E+03{@LIM3|+2.200000E+03|+2.420000E+03|+1.980000E+03}}
}
{@BLOCK|re1042|00
{@A-RES|0|+2.043156E+03{@LIM3|+2.200000E+03|+2.420000E+03|+1.980000E+03}}
}
{@BLOCK|re1043|00
{@A-RES|0|+2.152530E+03{@LIM3|+2.200000E+03|+2.420000E+03|+1.980000E+03}}
}
{@BLOCK|rpc3%r1|00
{@A-RES|0|+2.205641E+03{@LIM3|+2.200000E+03|+2.420000E+03|+1.980000E+03}}
}
{@BLOCK|rpc3%r2|00
{@A-RES|0|+2.191255E+03{@LIM3|+2.200000E+03|+2.420000E+03|+1.980000E+03}}
}
{@BLOCK|rpc4%r1|00
{@A-RES|0|+2.208852E+03{@LIM3|+2.200000E+03|+2.420000E+03|+1.980000E+03}}
}
{@BLOCK|rpc4%r2|00
{@A-RES|0|+2.192583E+03{@LIM3|+2.200000E+03|+2.420000E+03|+1.980000E+03}}
}
{@BLOCK|rpv150%r1|00
{@A-RES|0|+2.189317E+03{@LIM3|+2.200000E+03|+2.420000E+03|+1.980000E+03}}
}
{@BLOCK|ru20|00
{@A-RES|0|+2.187719E+03{@LIM3|+2.200000E+03|+2.420000E+03|+1.980000E+03}}
}
{@BLOCK|ru21|00
{@A-RES|0|+2.220672E+03{@LIM3|+2.200000E+03|+2.420000E+03|+1.980000E+03}}
}
{@BLOCK|ru23|00
{@A-RES|0|+2.242764E+03{@LIM3|+2.200000E+03|+2.420000E+03|+1.980000E+03}}
}
{@BLOCK|ru24|00
{@A-RES|0|+2.176291E+03{@LIM3|+2.200000E+03|+2.420000E+03|+1.980000E+03}}
}
{@BLOCK|ru26|00
{@A-RES|0|+2.238925E+03{@LIM3|+2.200000E+03|+2.420000E+03|+1.980000E+03}}
}
{@BLOCK|ru27|00
{@A-RES|0|+2.252758E+03{@LIM3|+2.200000E+03|+2.420000E+03|+1.980000E+03}}
}
{@BLOCK|ru616|00
{@A-RES|0|+2.206986E+03{@LIM3|+2.200000E+03|+2.420000E+03|+1.980000E+03}}
}
{@BLOCK|ru620|00
{@A-RES|0|+2.231806E+03{@LIM3|+2.200000E+03|+2.420000E+03|+1.980000E+03}}
}
{@BLOCK|ru623|00
{@A-RES|0|+2.190948E+03{@LIM3|+2.200000E+03|+2.420000E+03|+1.980000E+03}}
}
{@BLOCK|ru624|00
{@A-RES|0|+2.220322E+03{@LIM3|+2.200000E+03|+2.420000E+03|+1.980000E+03}}
}
{@BLOCK|ru632|00
{@A-RES|0|+2.217078E+03{@LIM3|+2.200000E+03|+2.420000E+03|+1.980000E+03}}
}
{@BLOCK|ru687|00
{@A-RES|0|+2.204529E+03{@LIM3|+2.200000E+03|+2.420000E+03|+1.980000E+03}}
}
{@BLOCK|ru688|00
{@A-RES|0|+2.246260E+03{@LIM3|+2.200000E+03|+2.420000E+03|+1.980000E+03}}
}
{@BLOCK|rc201|00
{@A-RES|0|+7.375406E+04{@LIM3|+7.500000E+04|+8.250000E+04|+6.750000E+04}}
}
{@BLOCK|ri813|00
{@A-RES|0|+4.788165E+04{@LIM3|+4.700000E+04|+5.170000E+04|+4.230000E+04}}
}
{@BLOCK|ru655|00
{@A-RES|0|+4.644023E+04{@LIM3|+4.700000E+04|+5.170000E+04|+4.230000E+04}}
}
{@BLOCK|rv520|00
{@A-RES|0|+5.016867E+04{@LIM3|+4.700000E+04|+5.170000E+04|+4.230000E+04}}
}
{@BLOCK|ru657|00
{@A-RES|0|+1.203109E+04{@LIM3|+1.200000E+04|+1.272000E+04|+1.128000E+04}}
}
{@BLOCK|rv156|00
{@A-RES|0|+2.713342E+03{@LIM3|+2.700000E+03|+2.970000E+03|+2.430000E+03}}
}
{@BLOCK|rv500|00
{@A-RES|0|+1.520065E+03{@LIM3|+1.500000E+03|+1.650000E+03|+1.350000E+03}}
}
{@BLOCK|rv501|00
{@A-RES|0|+1.531748E+03{@LIM3|+1.500000E+03|+1.650000E+03|+1.350000E+03}}
}
{@BLOCK|rv525|00
{@A-RES|0|+5.008956E+03{@LIM3|+4.990000E+03|+5.289400E+03|+4.690600E+03}}
}
{@BLOCK|pq307%qf|00
{@A-NFE|0|+1.496485E+02{@LIM2|+2.000000E+02|+2.000000E+01}}
}
{@BLOCK|pq302%qf1|00
{@A-NFE|0|+7.966774E+01{@LIM2|+2.000000E+02|+2.000000E+01}}
}
{@BLOCK|pq302%qf2|00
{@A-NFE|0|+1.213931E+02{@LIM2|+2.000000E+02|+2.000000E+01}}
}
{@BLOCK|pq503%qf|00
{@A-NFE|0|+1.074748E+02{@LIM2|+2.000000E+02|+2.000000E+01}}
}
{@BLOCK|pq1100%qf1|00
{@A-NFE|0|+9.849508E+01{@LIM2|+2.000000E+02|+2.000000E+01}}
}
{@BLOCK|pq1100%qf2|00
{@A-NFE|0|+8.610477E+01{@LIM2|+2.000000E+02|+2.000000E+01}}
}
{@BLOCK|qc11%qf1|00
{@A-NFE|0|+1.262404E+02{@LIM2|+2.000000E+02|+2.000000E+01}}
}
{@BLOCK|qc11%qf2|00
{@A-NFE|0|+6.721102E+01{@LIM2|+2.000000E+02|+2.000000E+01}}
}
{@BLOCK|qc16|00
{@A-NFE|0|+8.012194E+01{@LIM2|+2.000000E+02|+2.000000E+01}}
}
{@BLOCK|qc30%qf1|00
{@A-NFE|0|+1.488382E+02{@LIM2|+2.000000E+02|+2.000000E+01}}
}
{@BLOCK|qc30%qf2|00
{@A-NFE|0|+1.010701E+02{@LIM2|+2.000000E+02|+2.000000E+01}}
}
{@BLOCK|qc36|00
{@A-NFE|0|+7.239117E+01{@LIM2|+2.000000E+02|+2.000000E+01}}
}
{@BLOCK|qc38|00
{@A-NFE|0|+5.770371E+01{@LIM2|+4.000000E+02|+2.000000E+01}}
}
{@BLOCK|qe7%qf1|00
{@A-NFE|0|+7.501345E+01{@LIM2|+2.000000E+02|+2.000000E+01}}
}
{@BLOCK|qe7%qf2|00
{@A-NFE|0|+8.803116E+01{@LIM2|+2.000000E+02|+2.000000E+01}}
}
{@BLOCK|qe10%qf1|00
{@A-NFE|0|+6.607665E+01{@LIM2|+2.000000E+02|+2.000000E+01}}
}
{@BLOCK|qe10%qf2|00
{@A-NFE|0|+8.096863E+01{@LIM2|+2.000000E+02|+2.000000E+01}}
}
{@BLOCK|qi300|00
{@A-NFE|0|+5.455588E+01{@LIM2|+2.000000E+02|+2.000000E+01}}
}
{@BLOCK|qi801%qf1|00
{@A-NFE|0|+7.719038E+01{@LIM2|+2.000000E+02|+2.000000E+01}}
}
{@BLOCK|ql1%qf1|00
{@A-NFE|0|+9.143815E+01{@LIM2|+2.000000E+02|+2.000000E+01}}
}
{@BLOCK|ql1%qf2|00
{@A-NFE|0|+8.855452E+01{@LIM2|+2.000000E+02|+2.000000E+01}}
}
{@BLOCK|qr500|00
{@A-NFE|0|+8.125826E+01{@LIM2|+2.000000E+02|+2.000000E+01}}
}
{@BLOCK|qu601|00
{@A-NFE|0|+4.740026E+01{@LIM2|+2.000000E+02|+2.000000E+01}}
}
{@BLOCK|qu602|00
{@A-NFE|0|+4.865930E+01{@LIM2|+2.000000E+02|+2.000000E+01}}
}
{@BLOCK|qu603|00
{@A-NFE|0|+4.772296E+01{@LIM2|+2.000000E+02|+2.000000E+01}}
}
{@BLOCK|qu608|00
{@A-NFE|0|+5.044632E+01{@LIM2|+2.000000E+02|+2.000000E+01}}
}
{@BLOCK|qu609|00
{@A-NFE|0|+4.504170E+01{@LIM2|+2.000000E+02|+2.000000E+01}}
}
{@BLOCK|qv4%qf1|00
{@A-NFE|0|+7.396061E+01{@LIM2|+2.000000E+02|+2.000000E+01}}
}
{@BLOCK|qv150%qf2|00
{@A-NFE|0|+1.234108E+02{@LIM2|+2.000000E+02|+2.000000E+01}}
}
{@BLOCK|pq303%qf|00
{@A-PFE|0|+1.032657E+02{@LIM2|+2.000000E+02|+2.000000E+01}}
}
{@BLOCK|qv502|00
{@A-PFE|0|+8.610762E+01{@LIM2|+2.000000E+02|+2.000000E+01}}
}
{@BLOCK|da2|00
{@A-DIO|0|+4.622253E-01{@LIM2|+6.000000E-01|+2.000000E-01}}
}
{@BLOCK|da3|00
{@A-DIO|0|+4.655014E-01{@LIM2|+6.000000E-01|+2.000000E-01}}
}
{@BLOCK|da400|00
{@A-DIO|0|+5.592739E-01{@LIM2|+8.000000E-01|+4.000000E-01}}
}
{@BLOCK|da401|00
{@A-DIO|0|+5.545938E-01{@LIM2|+8.000000E-01|+4.000000E-01}}
}
{@BLOCK|da403|00
{@A-DIO|0|+4.783504E-01{@LIM2|+8.000000E-01|+4.000000E-01}}
}
{@BLOCK|da405|00
{@A-DIO|0|+5.557425E-01{@LIM2|+8.000000E-01|+4.000000E-01}}
}
{@BLOCK|da406|00
{@A-DIO|0|+6.062878E-01{@LIM2|+8.000000E-01|+4.000000E-01}}
}
{@BLOCK|dc2|00
{@A-DIO|0|+5.108985E-01{@LIM2|+8.000000E-01|+4.000000E-01}}
}
{@BLOCK|dc6|00
{@A-DIO|0|+4.813712E-01{@LIM2|+8.000000E-01|+4.000000E-01}}
}
{@BLOCK|de1|00
{@A-DIO|0|+4.461427E-01{@LIM2|+6.000000E-01|+2.000000E-01}}
}
{@BLOCK|de6|00
{@A-DIO|0|+4.285710E-01{@LIM2|+6.000000E-01|+2.000000E-01}}
}
{@BLOCK|de10|00
{@A-DIO|0|+6.665050E-01{@LIM2|+8.000000E-01|+4.000000E-01}}
}
{@BLOCK|du1|00
{@A-DIO|0|+3.770562E-01{@LIM2|+6.000000E-01|+2.000000E-01}}
}
{@BLOCK|du2|00
{@A-DIO|0|+3.846265E-01{@LIM2|+6.000000E-01|+2.500000E-01}}
}
{@BLOCK|du3|00
{@A-DIO|0|+5.698654E-01{@LIM2|+8.000000E-01|+4.000000E-01}}
}
{@BLOCK|du916|00
{@A-DIO|0|+6.524607E-01{@LIM2|+8.000000E-01|+4.000000E-01}}
}
{@BLOCK|du918|00
{@A-DIO|0|+6.523231E-01{@LIM2|+8.000000E-01|+4.000000E-01}}
}
{@BLOCK|du919|00
{@A-DIO|0|+5.377045E-01{@LIM2|+8.000000E-01|+4.000000E-01}}
}
{@BLOCK|du925|00
{@A-DIO|0|+6.823184E-01{@LIM2|+8.000000E-01|+4.000000E-01}}
}
{@BLOCK|du926|00
{@A-DIO|0|+6.819355E-01{@LIM2|+8.000000E-01|+4.000000E-01}}
}
{@BLOCK|du927|00
{@A-DIO|0|+6.820206E-01{@LIM2|+8.000000E-01|+4.000000E-01}}
}
{@BLOCK|du1002|00
{@A-DIO|0|+6.055767E-01{@LIM2|+8.000000E-01|+4.000000E-01}}
}
{@BLOCK|dv153|00
{@A-DIO|0|+5.482118E-01{@LIM2|+8.000000E-01|+4.000000E-01}}
}
{@BLOCK|pd1001|00
{@A-DIO|0|+5.978210E-01{@LIM2|+8.000000E-01|+4.000000E-01}}
}
{@BLOCK|pd1200|00
{@A-DIO|0|+6.983584E-01{@LIM2|+8.000000E-01|+4.000000E-01}}
}
{@BLOCK|du1000%cr1|00
{@A-DIO|0|+6.676014E-01{@LIM2|+9.500000E-01|+5.500000E-01}}
}
{@BLOCK|du1000%cr2|00
{@A-DIO|0|+6.653564E-01{@LIM2|+9.500000E-01|+5.500000E-01}}
}
{@BLOCK|du1000%cr3|00
{@A-DIO|0|+6.582371E-01{@LIM2|+8.000000E-01|+4.000000E-01}}
}
{@BLOCK|du1000%cr4|00
{@A-DIO|0|+6.596411E-01{@LIM2|+8.000000E-01|+4.000000E-01}}
}
{@BLOCK|dv501%cr1|00
{@A-DIO|0|+6.969431E-01{@LIM2|+9.500000E-01|+5.500000E-01}}
}
{@BLOCK|dv501%cr2|00
{@A-DIO|0|+7.139111E-01{@LIM2|+9.500000E-01|+5.500000E-01}}
}
{@BLOCK|dv501%cr4|00
{@A-DIO|0|+7.592811E-01{@LIM2|+9.500000E-01|+5.500000E-01}}
}
{@BLOCK|dv501%cr5|00
{@A-DIO|0|+8.573303E-01{@LIM2|+9.500000E-01|+5.500000E-01}}
}
{@BLOCK|ue3%cr|00
{@A-DIO|0|+5.606354E-01{@LIM2|+8.000000E-01|+4.000000E-01}}
}
{@BLOCK|led1%cr_org|00
{@A-DIO|0|+3.257169E+00{@LIM2|+3.800000E+00|+2.600000E+00}}
}
{@BLOCK|led1%cr_whi|00
{@A-DIO|0|+2.053325E+00{@LIM2|+2.500000E+00|+1.500000E+00}}
}
{@BLOCK|rn8|00
{@A-RES|0|+3.534047E+01{@LIM3|+3.300000E+01|+4.129999E+01|+2.970000E+01}}
}
{@BLOCK|du928%ds|00
{@A-DIO|0|+5.045902E-01{@LIM2|+8.000000E-01|+4.000000E-01}}
}
{@BLOCK|du929%ds|00
{@A-DIO|0|+5.037548E-01{@LIM2|+8.000000E-01|+4.000000E-01}}
}
{@BLOCK|du1005%ds1|00
{@A-DIO|0|+5.300009E-01{@LIM2|+8.000000E-01|+4.000000E-01}}
}
{@BLOCK|du1005%ds2|00
{@A-DIO|0|+5.293201E-01{@LIM2|+8.000000E-01|+4.000000E-01}}
}
}}