{@BATCH|p3_twr2||3363|1||btest|131229160025~16|ICT0263\engineer|ICT0263|C:/Agilent_ICT/boards/p3_twr2|RevA|sb21d14135||sb21d14135
{@BTEST|6683000020|00|131229160657|000035|0|all||n||131229160732||1
{@BLOCK|c607|00
{@A-CAP|0|+1.067019E-09{@LIM3|+1.000000E-09|+1.200000E-09|+8.000000E-10}}
}
{@BLOCK|c608|00
{@A-CAP|0|+1.070068E-09{@LIM3|+1.000000E-09|+1.177000E-09|+8.000000E-10}}
}
{@BLOCK|c4003|00
{@A-CAP|0|+1.393655E-09{@LIM3|+1.300000E-09|+1.530100E-09|+1.040000E-09}}
}
{@BLOCK|c4007|00
{@A-CAP|0|+1.381521E-09{@LIM3|+1.300000E-09|+1.530100E-09|+1.040000E-09}}
}
{@BLOCK|c4008|00
{@A-CAP|0|+1.339883E-09{@LIM3|+1.300000E-09|+1.530100E-09|+1.040000E-09}}
}
{@BLOCK|c4018|00
{@A-CAP|0|+1.355251E-09{@LIM3|+1.300000E-09|+1.530100E-09|+1.040000E-09}}
}
{@BLOCK|c4019|00
{@A-CAP|0|+1.361014E-09{@LIM3|+1.300000E-09|+1.530100E-09|+1.040000E-09}}
}
{@BLOCK|c4034|00
{@A-CAP|0|+1.361639E-09{@LIM3|+1.300000E-09|+1.530100E-09|+1.040000E-09}}
}
{@BLOCK|c4035|00
{@A-CAP|0|+1.349200E-09{@LIM3|+1.300000E-09|+1.530100E-09|+1.040000E-09}}
}
{@BLOCK|c4082|00
{@A-CAP|0|+1.378495E-09{@LIM3|+1.300000E-09|+1.530100E-09|+1.040000E-09}}
}
{@BLOCK|pt4503|00
{@A-CAP|0|+6.238693E-04{@LIM3|+6.777010E-04|+8.810113E-04|+4.720038E-04}}
}
{@BLOCK|pt4504|00
{@A-CAP|0|+4.781415E-04{@LIM3|+5.853010E-04|+7.608913E-04|+4.076493E-04}}
}
{@BLOCK|pc4601|00
{@A-CAP|0|+1.189207E-09{@LIM3|+1.000000E-09|+1.250000E-09|+8.000000E-10}}
}
{@BLOCK|pt4701|00
{@A-CAP|0|+1.779543E-03{@LIM3|+1.872000E-03|+2.433600E-03|+1.307221E-03}}
}
{@BLOCK|pt4802|00
{@A-CAP|0|+1.221368E-03{@LIM3|+1.399000E-03|+1.818700E-03|+9.743727E-04}}
}
{@BLOCK|pt5203|00
{@A-CAP|0|+1.462564E-03{@LIM3|+1.652000E-03|+2.147600E-03|+1.150582E-03}}
}
{@BLOCK|tc1101|00
{@A-CAP|0|+6.603935E-04{@LIM3|+7.360000E-04|+9.568000E-04|+5.126078E-04}}
}
{@BLOCK|c1210|00
{@A-CAP|0|+9.947967E-08{@LIM3|+1.000000E-07|+1.200000E-07|+8.000000E-08}}
}
{@BLOCK|c1701|00
{@A-CAP|0|+1.067302E-07{@LIM3|+1.000000E-07|+1.200000E-07|+8.000000E-08}}
}
{@BLOCK|c1702|00
{@A-CAP|0|+1.057973E-07{@LIM3|+1.000000E-07|+1.200000E-07|+8.000000E-08}}
}
{@BLOCK|c1703|00
{@A-CAP|0|+9.346891E-08{@LIM3|+1.000000E-07|+1.200000E-07|+8.000000E-08}}
}
{@BLOCK|c1704|00
{@A-CAP|0|+9.197211E-08{@LIM3|+1.000000E-07|+1.200000E-07|+8.000000E-08}}
}
{@BLOCK|c1901|00
{@A-CAP|0|+9.125969E-08{@LIM3|+1.000000E-07|+1.200000E-07|+8.000000E-08}}
}
{@BLOCK|c1902|00
{@A-CAP|0|+9.195469E-08{@LIM3|+1.000000E-07|+1.200000E-07|+8.000000E-08}}
}
{@BLOCK|c1903|00
{@A-CAP|0|+9.538930E-08{@LIM3|+1.000000E-07|+1.200000E-07|+8.000000E-08}}
}
{@BLOCK|c1904|00
{@A-CAP|0|+9.375434E-08{@LIM3|+1.000000E-07|+1.200000E-07|+8.000000E-08}}
}
{@BLOCK|c1907|00
{@A-CAP|0|+1.007037E-07{@LIM3|+1.000000E-07|+1.200000E-07|+8.000000E-08}}
}
{@BLOCK|c2008|00
{@A-CAP|0|+9.519493E-08{@LIM3|+1.000000E-07|+1.200000E-07|+8.000000E-08}}
}
{@BLOCK|c2404|00
{@A-CAP|0|+9.568112E-06{@LIM3|+1.220000E-05|+1.586000E-05|+8.540000E-06}}
}
{@BLOCK|c2211|00
{@A-CAP|0|+9.935581E-08{@LIM3|+1.000000E-07|+1.200000E-07|+8.000000E-08}}
}
{@BLOCK|tc9302|00
{@A-CAP|0|+3.763424E-04{@LIM3|+4.226500E-04|+5.494450E-04|+2.951373E-04}}
}
{@BLOCK|c2224|00
{@A-CAP|0|+1.695680E-04{@LIM3|+1.874000E-04|+2.436200E-04|+1.311541E-04}}
}
{@BLOCK|c3736|00
{@A-CAP|0|+1.364720E-04{@LIM3|+1.368400E-04|+1.778920E-04|+9.576912E-05}}
}
{@BLOCK|tc2604|00
{@A-CAP|0|+1.246538E-03{@LIM3|+1.382000E-03|+1.796600E-03|+9.650534E-04}}
}
{@BLOCK|c2701|00
{@A-CAP|0|+2.023392E-05{@LIM3|+2.020000E-05|+2.626000E-05|+1.414000E-05}}
}
{@BLOCK|c2726|00
{@A-CAP|0|+4.025728E-05{@LIM3|+4.222000E-05|+5.488600E-05|+2.955400E-05}}
}
{@BLOCK|c3116|00
{@A-CAP|0|+2.646256E-05{@LIM3|+3.130000E-05|+4.069000E-05|+2.191000E-05}}
}
{@BLOCK|c3117|00
{@A-CAP|0|+8.508200E-08{@LIM3|+1.000000E-07|+1.200000E-07|+8.000000E-08}}
}
{@BLOCK|c3118|00
{@A-CAP|0|+1.697629E-07{@LIM3|+2.000000E-07|+2.400000E-07|+1.600000E-07}}
}
{@BLOCK|c3103|00
{@A-CAP|0|+5.009865E-06{@LIM3|+5.400000E-06|+7.020000E-06|+3.780000E-06}}
}
{@BLOCK|c3201|00
{@A-CAP|0|+4.380120E-07{@LIM3|+4.300000E-07|+5.160000E-07|+3.440000E-07}}
}
{@BLOCK|c3203|00
{@A-CAP|0|+8.796298E-08{@LIM3|+1.000000E-07|+1.200000E-07|+8.000000E-08}}
}
{@BLOCK|c3204|00
{@A-CAP|0|+8.612724E-08{@LIM3|+1.000000E-07|+1.200000E-07|+8.000000E-08}}
}
{@BLOCK|c3207|00
{@A-CAP|0|+8.527005E-08{@LIM3|+1.000000E-07|+1.200000E-07|+8.000000E-08}}
}
{@BLOCK|tc3201|00
{@A-CAP|0|+4.003635E-04{@LIM3|+4.702000E-04|+6.112600E-04|+3.277501E-04}}
}
{@BLOCK|c3303|00
{@A-CAP|0|+9.909164E-08{@LIM3|+1.000000E-07|+1.200000E-07|+8.000000E-08}}
}
{@BLOCK|c3403|00
{@A-CAP|0|+8.704080E-08{@LIM3|+1.000000E-07|+1.200000E-07|+8.000000E-08}}
}
{@BLOCK|c3418|00
{@A-CAP|0|+8.513399E-08{@LIM3|+1.000000E-07|+1.200000E-07|+8.000000E-08}}
}
{@BLOCK|c3419|00
{@A-CAP|0|+8.775165E-08{@LIM3|+1.000000E-07|+1.300000E-07|+8.000000E-08}}
}
{@BLOCK|tc3401|00
{@A-CAP|0|+4.300368E-04{@LIM3|+4.702000E-04|+6.112600E-04|+3.277501E-04}}
}
{@BLOCK|c3717|00
{@A-CAP|0|+8.981696E-08{@LIM3|+1.000000E-07|+1.200000E-07|+8.000000E-08}}
}
{@BLOCK|c3718|00
{@A-CAP|0|+8.540776E-08{@LIM3|+1.000000E-07|+1.200000E-07|+8.000000E-08}}
}
{@BLOCK|c2005|00
{@A-CAP|0|+9.460415E-09{@LIM3|+1.000000E-08|+1.200000E-08|+8.000000E-09}}
}
{@BLOCK|c4006|00
{@A-CAP|0|+1.013351E-07{@LIM3|+1.000000E-07|+1.200000E-07|+8.000000E-08}}
}
{@BLOCK|c4011|00
{@A-CAP|0|+9.470219E-08{@LIM3|+1.200000E-07|+2.040000E-07|+3.600000E-08}}
}
{@BLOCK|c4041|00
{@A-CAP|0|+1.905245E-07{@LIM3|+2.000000E-07|+2.400000E-07|+1.600000E-07}}
}
{@BLOCK|c4044|00
{@A-CAP|0|+9.716562E-08{@LIM3|+1.000000E-07|+1.200000E-07|+8.000000E-08}}
}
{@BLOCK|c4073|00
{@A-CAP|0|+9.675736E-08{@LIM3|+1.000000E-07|+1.200000E-07|+8.000000E-08}}
}
{@BLOCK|pt4501|00
{@A-CAP|0|+6.750782E-04{@LIM3|+6.715000E-04|+8.729500E-04|+4.689098E-04}}
}
{@BLOCK|c4317|00
{@A-CAP|0|+8.713338E-08{@LIM3|+1.000000E-07|+1.200000E-07|+8.000000E-08}}
}
{@BLOCK|c4326|00
{@A-CAP|0|+8.681953E-08{@LIM3|+1.000000E-07|+1.200000E-07|+8.000000E-08}}
}
{@BLOCK|c4327|00
{@A-CAP|0|+8.329778E-08{@LIM3|+1.000000E-07|+1.200000E-07|+8.000000E-08}}
}
{@BLOCK|c4328|00
{@A-CAP|0|+7.706904E-08{@LIM3|+1.000000E-07|+1.300000E-07|+7.000000E-08}}
}
{@BLOCK|c4332|00
{@A-CAP|0|+8.815510E-08{@LIM3|+1.000000E-07|+1.200000E-07|+8.000000E-08}}
}
{@BLOCK|c5732|00
{@A-CAP|0|+1.876502E-05{@LIM3|+2.140000E-05|+2.782000E-05|+1.498000E-05}}
}
{@BLOCK|c5707|00
{@A-CAP|0|+9.476890E-08{@LIM3|+1.000000E-07|+1.200000E-07|+8.000000E-08}}
}
{@BLOCK|c5710|00
{@A-CAP|0|+9.713200E-08{@LIM3|+1.000000E-07|+1.200000E-07|+8.000000E-08}}
}
{@BLOCK|c5756|00
{@A-CAP|0|+2.017483E-07{@LIM3|+2.000000E-07|+2.400000E-07|+1.600000E-07}}
}
{@BLOCK|c5795|00
{@A-CAP|0|+2.184345E-05{@LIM3|+2.470000E-05|+3.211000E-05|+1.729000E-05}}
}
{@BLOCK|c5805|00
{@A-CAP|0|+1.948668E-07{@LIM3|+2.000000E-07|+2.400000E-07|+1.600000E-07}}
}
{@BLOCK|tc7301|00
{@A-CAP|0|+5.686827E-04{@LIM3|+5.151000E-04|+6.696300E-04|+3.590474E-04}}
}
{@BLOCK|c7306|00
{@A-CAP|0|+9.661112E-08{@LIM3|+1.000000E-07|+1.200000E-07|+8.000000E-08}}
}
{@BLOCK|c9001|00
{@A-CAP|0|+9.877944E-08{@LIM3|+1.000000E-07|+1.200000E-07|+8.000000E-08}}
}
{@BLOCK|c9107|00
{@A-CAP|0|+1.038562E-07{@LIM3|+1.000000E-07|+1.200000E-07|+8.000000E-08}}
}
{@BLOCK|c9108|00
{@A-CAP|0|+9.408186E-08{@LIM3|+1.000000E-07|+1.200000E-07|+8.000000E-08}}
}
{@BLOCK|tc3402|00
{@A-CAP|0|+4.402093E-04{@LIM3|+4.704000E-04|+6.115200E-04|+3.278895E-04}}
}
{@BLOCK|c9255|00
{@A-CAP|0|+9.965880E-08{@LIM3|+1.000000E-07|+1.200000E-07|+8.000000E-08}}
}
{@BLOCK|tc9405|00
{@A-CAP|0|+4.672265E-04{@LIM3|+4.921000E-04|+6.397300E-04|+3.430154E-04}}
}
{@BLOCK|tc9403|00
{@A-CAP|0|+2.096513E-04{@LIM3|+2.201000E-04|+2.861300E-04|+1.537654E-04}}
}
{@BLOCK|c9463|00
{@A-CAP|0|+1.101117E-07{@LIM3|+1.000000E-07|+1.200000E-07|+8.000000E-08}}
}
{@BLOCK|c9531|00
{@A-CAP|0|+9.460079E-08{@LIM3|+1.000000E-07|+1.200000E-07|+8.000000E-08}}
}
{@BLOCK|c9549|00
{@A-CAP|0|+1.042303E-07{@LIM3|+1.000000E-07|+1.200000E-07|+8.000000E-08}}
}
{@BLOCK|c3306|00
{@A-CAP|0|+6.486961E-05{@LIM3|+6.610000E-05|+8.593000E-05|+4.626088E-05}}
}
{@BLOCK|tc3302|00
{@A-CAP|0|+3.959908E-04{@LIM3|+4.701000E-04|+6.111300E-04|+3.276804E-04}}
}
{@BLOCK|tc3701|00
{@A-CAP|0|+4.459049E-04{@LIM3|+4.701000E-04|+6.111300E-04|+3.276804E-04}}
}
{@BLOCK|tc3702|00
{@A-CAP|0|+4.305529E-04{@LIM3|+4.801000E-04|+6.241300E-04|+3.346508E-04}}
}
{@BLOCK|ec6401|00
{@A-CAP|0|+9.087245E-08{@LIM3|+1.000000E-07|+1.200000E-07|+8.000000E-08}}
}
{@BLOCK|ec9001|00
{@A-CAP|0|+8.689671E-08{@LIM3|+1.000000E-07|+1.200000E-07|+8.000000E-08}}
}
{@BLOCK|pc4516|00
{@A-CAP|0|+9.213683E-08{@LIM3|+7.000000E-08|+1.050000E-07|+3.500000E-08}}
}
{@BLOCK|pc4517|00
{@A-CAP|0|+9.418773E-08{@LIM3|+8.000000E-08|+1.360000E-07|+4.000000E-08}}
}
{@BLOCK|pc4804|00
{@A-CAP|0|+9.663117E-07{@LIM3|+8.000000E-07|+1.360000E-06|+2.000000E-07}}
}
{@BLOCK|pc4805|00
{@A-CAP|0|+9.742498E-08{@LIM3|+1.000000E-07|+1.200000E-07|+8.000000E-08}}
}
{@BLOCK|pc5104|00
{@A-CAP|0|+9.237218E-08{@LIM3|+8.000000E-08|+1.360000E-07|+4.000000E-08}}
}
{@BLOCK|pc5207|00
{@A-CAP|0|+9.912806E-08{@LIM3|+1.000000E-07|+1.200000E-07|+8.000000E-08}}
}
{@BLOCK|pt5201|00
{@A-CAP|0|+1.126087E-03{@LIM3|+1.198000E-03|+1.557400E-03|+8.343806E-04}}
}
{@BLOCK|pc5309|00
{@A-CAP|0|+9.492259E-08{@LIM3|+8.000000E-08|+1.360000E-07|+4.000000E-08}}
}
{@BLOCK|pc5303|00
{@A-CAP|0|+1.427001E-04{@LIM3|+1.600000E-04|+2.080000E-04|+1.119526E-04}}
}
{@BLOCK|c1203|00
{@A-CAP|0|+3.404000E-05{@LIM3|+3.400000E-05|+4.420000E-05|+2.379531E-05}}
}
{@BLOCK|c2922|00
{@A-CAP|0|+2.412760E-05{@LIM3|+2.200000E-05|+2.860000E-05|+1.539696E-05}}
}
{@BLOCK|pt5301|00
{@A-CAP|0|+5.943860E-04{@LIM3|+6.480000E-04|+8.424000E-04|+4.513177E-04}}
}
{@BLOCK|c4068|00
{@A-CAP|0|+8.408197E-07{@LIM3|+1.000000E-06|+1.200000E-06|+8.000000E-07}}
}
{@BLOCK|pt5002|00
{@A-CAP|0|+1.284606E-03{@LIM3|+1.412000E-03|+1.835600E-03|+9.834269E-04}}
}
{@BLOCK|pt4705|00
{@A-CAP|0|+4.881617E-03{@LIM3|+5.393000E-03|+7.010900E-03|+3.747288E-03}}
}
{@BLOCK|c2784|00
{@A-CAP|0|+9.906069E-07{@LIM3|+1.000000E-06|+1.200000E-06|+8.000000E-07}}
}
{@BLOCK|c4010|00
{@A-CAP|0|+8.529289E-07{@LIM3|+1.000000E-06|+1.200000E-06|+8.000000E-07}}
}
{@BLOCK|c4067|00
{@A-CAP|0|+1.009790E-06{@LIM3|+1.000000E-06|+1.500000E-06|+5.000000E-07}}
}
{@BLOCK|c4331|00
{@A-CAP|0|+8.718807E-07{@LIM3|+1.000000E-06|+1.200000E-06|+8.000000E-07}}
}
{@BLOCK|c7107|00
{@A-CAP|0|+8.323692E-07{@LIM3|+1.000000E-06|+1.200000E-06|+8.000000E-07}}
}
{@BLOCK|c6502|00
{@A-CAP|0|+2.329723E-09{@LIM3|+2.200000E-09|+2.640000E-09|+1.760000E-09}}
}
{@BLOCK|c6508|00
{@A-CAP|0|+2.269870E-09{@LIM3|+2.200000E-09|+2.640000E-09|+1.760000E-09}}
}
{@BLOCK|c2423|00
{@A-CAP|0|+4.378753E-06{@LIM3|+4.700000E-06|+6.110000E-06|+3.290000E-06}}
}
{@BLOCK|c4005|00
{@A-CAP|0|+4.839775E-06{@LIM3|+4.700000E-06|+6.110000E-06|+3.290000E-06}}
}
{@BLOCK|pc5106|00
{@A-CAP|0|+4.418077E-06{@LIM3|+4.700000E-06|+6.110000E-06|+3.290000E-06}}
}
{@BLOCK|pc5310|00
{@A-CAP|0|+4.469397E-06{@LIM3|+4.700000E-06|+6.110000E-06|+3.290000E-06}}
}
{@BLOCK|c2217|00
{@A-CAP|0|+2.135303E-06{@LIM3|+2.200000E-06|+2.860000E-06|+1.540000E-06}}
}
{@BLOCK|c2730|00
{@A-CAP|0|+7.777816E-06{@LIM3|+1.000000E-05|+1.300000E-05|+7.000000E-06}}
}
{@BLOCK|c5784|00
{@A-CAP|0|+2.396317E-05{@LIM3|+3.000000E-05|+3.900000E-05|+2.100000E-05}}
}
{@BLOCK|pc4524|00
{@A-CAP|0|+8.079813E-06{@LIM3|+7.000000E-06|+9.450000E-06|+4.900000E-06}}
}
{@BLOCK|c6501|00
{@A-CAP|0|+3.817534E-10{@LIM3|+3.200000E-10|+4.072726E-10|+2.560000E-10}}
}
{@BLOCK|c2411|00
{@A-CAP|0|+7.636206E-06{@LIM3|+1.010200E-05|+1.313260E-05|+7.071400E-06}}
}
{@BLOCK|c2774|00
{@A-CAP|0|+9.051379E-06{@LIM3|+1.010000E-05|+1.313000E-05|+7.070000E-06}}
}
{@BLOCK|c5628|00
{@A-CAP|0|+1.733778E-07{@LIM3|+2.000000E-07|+2.400000E-07|+1.600000E-07}}
}
{@BLOCK|c5751|00
{@A-CAP|0|+1.930492E-07{@LIM3|+2.000000E-07|+2.400000E-07|+1.600000E-07}}
}
{@BLOCK|c2771|00
{@A-CAP|0|+2.087807E-06{@LIM3|+2.200000E-06|+2.860000E-06|+1.540000E-06}}
}
{@BLOCK|c2766|00
{@A-CAP|0|+9.645659E-06{@LIM3|+1.000000E-05|+1.300000E-05|+7.000000E-06}}
}
{@BLOCK|c2770|00
{@A-CAP|0|+9.501116E-06{@LIM3|+1.000000E-05|+1.300000E-05|+7.000000E-06}}
}
{@BLOCK|c2948|00
{@A-CAP|0|+3.915292E-06{@LIM3|+3.700000E-06|+6.290000E-06|+1.110000E-06}}
}
{@BLOCK|c2949|00
{@A-CAP|0|+4.144039E-06{@LIM3|+3.600000E-06|+6.120000E-06|+1.080000E-06}}
}
{@BLOCK|r1737|00
{@A-RES|0|+9.946085E+03{@LIM3|+1.000000E+04|+1.060000E+04|+9.400000E+03}}
}
{@BLOCK|r2030|00
{@A-RES|0|+9.812759E+03{@LIM3|+1.000000E+04|+1.060000E+04|+9.400000E+03}}
}
{@BLOCK|r2916|00
{@A-RES|0|+1.000366E+04{@LIM3|+1.000000E+04|+1.060000E+04|+9.400000E+03}}
}
{@BLOCK|r3931|00
{@A-RES|0|+1.001172E+04{@LIM3|+1.000000E+04|+1.060000E+04|+9.400000E+03}}
}
{@BLOCK|r4030|00
{@A-RES|0|+9.977053E+03{@LIM3|+1.000000E+04|+1.100000E+04|+9.000000E+03}}
}
{@BLOCK|r4056|00
{@A-RES|0|+9.966378E+03{@LIM3|+1.000000E+04|+1.060000E+04|+9.400000E+03}}
}
{@BLOCK|r4057|00
{@A-RES|0|+9.961495E+03{@LIM3|+1.000000E+04|+1.100000E+04|+9.000000E+03}}
}
{@BLOCK|pc5323|00
{@A-CAP|0|+4.165319E-10{@LIM3|+4.700000E-10|+5.675001E-10|+3.760000E-10}}
}
{@BLOCK|pr5206|00
{@A-RES|0|+1.106787E+04{@LIM3|+1.000000E+04|+1.260000E+04|+7.400000E+03}}
}
{@BLOCK|r2928|00
{@A-RES|0|+1.003366E+04{@LIM3|+1.000000E+04|+1.060000E+04|+9.400000E+03}}
}
{@BLOCK|r2948|00
{@A-RES|0|+1.004955E+04{@LIM3|+1.000000E+04|+1.060000E+04|+9.400000E+03}}
}
{@BLOCK|r4019|00
{@A-RES|0|+1.002491E+04{@LIM3|+1.000000E+04|+1.060000E+04|+9.400000E+03}}
}
{@BLOCK|r4020|00
{@A-RES|0|+1.001960E+04{@LIM3|+1.000000E+04|+1.100000E+04|+9.000000E+03}}
}
{@BLOCK|r4039|00
{@A-RES|0|+9.969181E+03{@LIM3|+1.000000E+04|+1.100000E+04|+9.000000E+03}}
}
{@BLOCK|r4077|00
{@A-RES|0|+9.998848E+03{@LIM3|+1.000000E+04|+1.100000E+04|+9.000000E+03}}
}
{@BLOCK|r4063|00
{@A-RES|0|+9.996570E+03{@LIM3|+1.000000E+04|+1.100000E+04|+9.000000E+03}}
}
{@BLOCK|r4068|00
{@A-RES|0|+9.987369E+03{@LIM3|+1.000000E+04|+1.100000E+04|+9.000000E+03}}
}
{@BLOCK|r4069|00
{@A-RES|0|+9.948566E+03{@LIM3|+1.000000E+04|+1.060000E+04|+9.400000E+03}}
}
{@BLOCK|r1925|00
{@A-RES|0|+1.001663E+04{@LIM3|+1.000000E+04|+1.100000E+04|+9.000000E+03}}
}
{@BLOCK|r7333|00
{@A-RES|0|+9.961357E+03{@LIM3|+1.000000E+04|+1.060000E+04|+9.400000E+03}}
}
{@BLOCK|r7341|00
{@A-RES|0|+9.989390E+03{@LIM3|+1.000000E+04|+1.060000E+04|+9.400000E+03}}
}
{@BLOCK|r7353|00
{@A-RES|0|+9.994530E+03{@LIM3|+1.000000E+04|+1.060000E+04|+9.400000E+03}}
}
{@BLOCK|r7355|00
{@A-RES|0|+9.953452E+03{@LIM3|+1.000000E+04|+1.060000E+04|+9.400000E+03}}
}
{@BLOCK|r6417|00
{@A-RES|0|+9.798708E+03{@LIM3|+1.000000E+04|+1.060000E+04|+9.400000E+03}}
}
{@BLOCK|r6420|00
{@A-RES|0|+1.000047E+04{@LIM3|+1.000000E+04|+1.100000E+04|+9.000000E+03}}
}
{@BLOCK|r9120|00
{@A-RES|0|+9.999956E+03{@LIM3|+1.000000E+04|+1.060000E+04|+9.400000E+03}}
}
{@BLOCK|r9121|00
{@A-RES|0|+9.792309E+03{@LIM3|+1.000000E+04|+1.350000E+04|+6.500000E+03}}
}
{@BLOCK|pr5409|00
{@A-RES|0|+1.046216E+05{@LIM3|+1.000000E+05|+1.150000E+05|+8.500000E+04}}
}
{@BLOCK|r604|00
{@A-RES|0|+1.000571E+05{@LIM3|+1.000000E+05|+1.150000E+05|+8.500000E+04}}
}
{@BLOCK|q605%qf2|00
{@A-NFE|0|+8.037656E+01{@LIM2|+2.000000E+02|+2.000000E+01}}
}
{@BLOCK|r1960|00
{@A-RES|0|+9.823684E+04{@LIM3|+1.000000E+05|+1.150000E+05|+8.500000E+04}}
}
{@BLOCK|pr5222|00
{@A-RES|0|+1.005970E+03{@LIM3|+1.000000E+03|+1.060000E+03|+9.400000E+02}}
}
{@BLOCK|pr4517|00
{@A-RES|0|+1.017319E+05{@LIM3|+1.000000E+05|+1.150000E+05|+8.500000E+04}}
}
{@BLOCK|r603|00
{@A-RES|0|+1.007859E+05{@LIM3|+1.000000E+05|+1.150000E+05|+8.500000E+04}}
}
{@BLOCK|r607|00
{@A-RES|0|+1.013168E+05{@LIM3|+1.000000E+05|+1.150000E+05|+8.500000E+04}}
}
{@BLOCK|r1821|00
{@A-RES|0|+8.761170E+04{@LIM3|+8.000000E+04|+1.080000E+05|+5.200000E+04}}
}
{@BLOCK|r1961|00
{@A-RES|0|+9.997249E+04{@LIM3|+1.000000E+05|+1.150000E+05|+8.500000E+04}}
}
{@BLOCK|r2018|00
{@A-RES|0|+1.020092E+05{@LIM3|+1.000000E+05|+1.150000E+05|+8.500000E+04}}
}
{@BLOCK|r2145|00
{@A-RES|0|+1.061553E+05{@LIM3|+1.000000E+05|+1.150000E+05|+8.500000E+04}}
}
{@BLOCK|r2021|00
{@A-RES|0|+8.436978E+04{@LIM3|+8.800000E+04|+1.364000E+05|+4.400000E+04}}
}
{@BLOCK|r2026|00
{@A-RES|0|+7.899235E+04{@LIM3|+8.400000E+04|+1.302000E+05|+3.864000E+04}}
}
{@BLOCK|r2508|00
{@A-RES|0|+4.512142E+03{@LIM3|+4.700000E+03|+5.170000E+03|+4.230000E+03}}
}
{@BLOCK|r2126|00
{@A-RES|0|+1.016591E+05{@LIM3|+1.000000E+05|+1.150000E+05|+8.500000E+04}}
}
{@BLOCK|r3302|00
{@A-RES|0|+1.000897E+05{@LIM3|+1.000000E+05|+1.150000E+05|+8.500000E+04}}
}
{@BLOCK|r3430|00
{@A-RES|0|+9.759879E+04{@LIM3|+1.000000E+05|+1.150000E+05|+8.500000E+04}}
}
{@BLOCK|r4061|00
{@A-RES|0|+1.006107E+05{@LIM3|+1.000000E+05|+1.150000E+05|+8.500000E+04}}
}
{@BLOCK|r5772|00
{@A-RES|0|+1.010722E+05{@LIM3|+1.000000E+05|+1.150000E+05|+8.500000E+04}}
}
{@BLOCK|r2741|00
{@A-RES|0|+1.010976E+05{@LIM3|+1.000000E+05|+1.150000E+05|+8.500000E+04}}
}
{@BLOCK|r2759|00
{@A-RES|0|+1.047600E+05{@LIM3|+1.000000E+05|+1.150000E+05|+8.500000E+04}}
}
{@BLOCK|r2776|00
{@A-RES|0|+7.725829E+04{@LIM3|+1.000000E+05|+1.300000E+05|+7.000000E+04}}
}
{@BLOCK|r5711|00
{@A-RES|0|+9.963565E+04{@LIM3|+1.000000E+05|+1.150000E+05|+8.500000E+04}}
}
{@BLOCK|r5788|00
{@A-RES|0|+1.004709E+05{@LIM3|+1.000000E+05|+1.150000E+05|+8.500000E+04}}
}
{@BLOCK|r5843|00
{@A-RES|0|+1.024763E+05{@LIM3|+1.000000E+05|+1.150000E+05|+8.500000E+04}}
}
{@BLOCK|r6117|00
{@A-RES|0|+9.892831E+04{@LIM3|+1.000000E+05|+1.150000E+05|+8.500000E+04}}
}
{@BLOCK|r6120|00
{@A-RES|0|+9.951449E+04{@LIM3|+1.000000E+05|+1.150000E+05|+8.500000E+04}}
}
{@BLOCK|r5810|00
{@A-RES|0|+1.017094E+05{@LIM3|+1.000000E+05|+1.150000E+05|+8.500000E+04}}
}
{@BLOCK|r9008|00
{@A-RES|0|+9.976735E+04{@LIM3|+1.000000E+05|+1.150000E+05|+8.500000E+04}}
}
{@BLOCK|r9467|00
{@A-RES|0|+1.017416E+05{@LIM3|+1.000000E+05|+1.150000E+05|+8.500000E+04}}
}
{@BLOCK|r502|00
{@A-RES|0|+2.022566E+02{@LIM3|+2.000000E+02|+2.170000E+02|+1.880000E+02}}
}
{@BLOCK|r1604|00
{@A-RES|0|+2.021232E+02{@LIM3|+2.000000E+02|+2.170000E+02|+1.880000E+02}}
}
{@BLOCK|r2035|00
{@A-RES|0|+2.017949E+02{@LIM3|+2.000000E+02|+2.170000E+02|+1.880000E+02}}
}
{@BLOCK|r2036|00
{@A-RES|0|+2.025060E+02{@LIM3|+2.000000E+02|+2.170000E+02|+1.880000E+02}}
}
{@BLOCK|r2037|00
{@A-RES|0|+2.032401E+02{@LIM3|+2.000000E+02|+2.170000E+02|+1.880000E+02}}
}
{@BLOCK|pr4657|00
{@A-RES|0|+3.920286E+04{@LIM3|+3.920000E+04|+4.155200E+04|+3.684800E+04}}
}
{@BLOCK|r5703|00
{@A-RES|0|+8.848376E+05{@LIM3|+1.000000E+06|+1.250000E+06|+7.500000E+05}}
}
{@BLOCK|r5801|00
{@A-RES|0|+9.970316E+05{@LIM3|+1.000000E+06|+1.250000E+06|+7.500000E+05}}
}
{@BLOCK|r5852|00
{@A-RES|0|+1.075327E+06{@LIM3|+1.100000E+06|+1.485000E+06|+8.250000E+05}}
}
{@BLOCK|r6508|00
{@A-RES|0|+9.710694E+05{@LIM3|+1.000000E+06|+1.250000E+06|+7.500000E+05}}
}
{@BLOCK|r2027|00
{@A-RES|0|+1.004753E+03{@LIM3|+1.000000E+03|+1.100000E+03|+9.000000E+02}}
}
{@BLOCK|r2028|00
{@A-RES|0|+1.039345E+03{@LIM3|+1.000000E+03|+1.150000E+03|+9.000000E+02}}
}
{@BLOCK|r2452|00
{@A-RES|0|+1.033457E+03{@LIM3|+1.000000E+03|+1.100000E+03|+9.000000E+02}}
}
{@BLOCK|r9006|00
{@A-RES|0|+9.904038E+04{@LIM3|+1.000000E+05|+1.150000E+05|+8.500000E+04}}
}
{@BLOCK|r9464|00
{@A-RES|0|+9.898037E+04{@LIM3|+1.000000E+05|+1.150000E+05|+8.500000E+04}}
}
{@BLOCK|pr4604|00
{@A-RES|0|+1.004931E+03{@LIM3|+9.090900E+02|+1.090908E+03|+7.272720E+02}}
}
{@BLOCK|r1746|00
{@A-RES|0|+9.920822E+02{@LIM3|+1.000000E+03|+1.100000E+03|+9.000000E+02}}
}
{@BLOCK|r1747|00
{@A-RES|0|+1.007334E+03{@LIM3|+1.000000E+03|+1.100000E+03|+9.000000E+02}}
}
{@BLOCK|r2457|00
{@A-RES|0|+1.017848E+03{@LIM3|+1.000000E+03|+1.100000E+03|+9.000000E+02}}
}
{@BLOCK|r2470|00
{@A-RES|0|+1.006049E+03{@LIM3|+1.000000E+03|+1.150000E+03|+9.000000E+02}}
}
{@BLOCK|r2483|00
{@A-RES|0|+1.005826E+03{@LIM3|+1.000000E+03|+1.100000E+03|+9.000000E+02}}
}
{@BLOCK|r2456|00
{@A-RES|0|+1.000257E+03{@LIM3|+1.000000E+03|+1.100000E+03|+9.000000E+02}}
}
{@BLOCK|r2464|00
{@A-RES|0|+1.003728E+03{@LIM3|+1.000000E+03|+1.100000E+03|+9.000000E+02}}
}
{@BLOCK|r2474|00
{@A-RES|0|+1.009385E+03{@LIM3|+1.000000E+03|+1.100000E+03|+9.000000E+02}}
}
{@BLOCK|r2721|00
{@A-RES|0|+1.018338E+03{@LIM3|+1.000000E+03|+1.100000E+03|+9.000000E+02}}
}
{@BLOCK|r2769|00
{@A-RES|0|+1.021212E+03{@LIM3|+1.000000E+03|+1.100000E+03|+9.000000E+02}}
}
{@BLOCK|r2918|00
{@A-RES|0|+1.019513E+03{@LIM3|+1.000000E+03|+1.100000E+03|+9.000000E+02}}
}
{@BLOCK|r2929|00
{@A-RES|0|+1.017595E+03{@LIM3|+1.000000E+03|+1.100000E+03|+9.000000E+02}}
}
{@BLOCK|r3138|00
{@A-RES|0|+9.983710E+02{@LIM3|+1.000000E+03|+1.100000E+03|+9.000000E+02}}
}
{@BLOCK|r2488|00
{@A-RES|0|+1.028434E+03{@LIM3|+1.000000E+03|+1.100000E+03|+9.000000E+02}}
}
{@BLOCK|r2489|00
{@A-RES|0|+1.005719E+03{@LIM3|+1.000000E+03|+1.100000E+03|+9.000000E+02}}
}
{@BLOCK|r2520|00
{@A-RES|0|+9.971852E+02{@LIM3|+1.000000E+03|+1.100000E+03|+9.000000E+02}}
}
{@BLOCK|r2911|00
{@A-RES|0|+1.006149E+03{@LIM3|+1.000000E+03|+1.100000E+03|+9.000000E+02}}
}
{@BLOCK|r2972|00
{@A-RES|0|+1.000634E+03{@LIM3|+1.000000E+03|+1.100000E+03|+9.000000E+02}}
}
{@BLOCK|r5735|00
{@A-RES|0|+1.010908E+03{@LIM3|+1.000000E+03|+1.100000E+03|+9.000000E+02}}
}
{@BLOCK|r6403|00
{@A-RES|0|+9.959177E+02{@LIM3|+1.000000E+03|+1.100000E+03|+9.000000E+02}}
}
{@BLOCK|r6408|00
{@A-RES|0|+9.961815E+02{@LIM3|+1.000000E+03|+1.100000E+03|+9.000000E+02}}
}
{@BLOCK|r9920|00
{@A-RES|0|+9.985336E+02{@LIM3|+1.000000E+03|+1.100000E+03|+9.000000E+02}}
}
{@BLOCK|pr4608|00
{@A-RES|0|+8.357022E+01{@LIM3|+8.000000E+01|+8.730000E+01|+7.520000E+01}}
}
{@BLOCK|pr4609|00
{@A-RES|0|+8.494926E+01{@LIM3|+8.200000E+01|+9.520003E+01|+7.380000E+01}}
}
{@BLOCK|r5787|00
{@A-RES|0|+9.967314E+00{@LIM3|+1.000000E+01|+1.150000E+01|+8.500000E+00}}
}
{@BLOCK|r304|00
{@A-RES|0|+5.051353E+01{@LIM3|+4.990000E+01|+5.789398E+01|+4.690600E+01}}
}
{@BLOCK|r803|00
{@A-RES|0|+5.038923E+01{@LIM3|+4.990000E+01|+5.789398E+01|+4.690600E+01}}
}
{@BLOCK|r811|00
{@A-RES|0|+5.056897E+01{@LIM3|+4.990000E+01|+5.789398E+01|+4.690600E+01}}
}
{@BLOCK|r1937|00
{@A-RES|0|+5.043887E+01{@LIM3|+4.990000E+01|+5.789398E+01|+4.690600E+01}}
}
{@BLOCK|r7314|00
{@A-RES|0|+9.914546E+02{@LIM3|+1.000000E+03|+1.100000E+03|+9.000000E+02}}
}
{@BLOCK|r9905|00
{@A-RES|0|+9.822366E+02{@LIM3|+1.000000E+03|+1.100000E+03|+9.000000E+02}}
}
{@BLOCK|r24032|00
{@A-RES|0|+1.027819E+03{@LIM3|+1.000000E+03|+1.100000E+03|+9.000000E+02}}
}
{@BLOCK|pr4611|00
{@A-RES|0|+1.129030E+01{@LIM3|+1.090000E+01|+1.471500E+01|+7.085000E+00}}
}
{@BLOCK|pr5106|00
{@A-RES|0|+9.974106E+00{@LIM3|+1.000000E+01|+1.050000E+01|+9.500000E+00}}
}
{@BLOCK|r683|00
{@A-RES|0|+1.047454E+01{@LIM3|+1.000000E+01|+1.350000E+01|+6.500000E+00}}
}
{@BLOCK|r2962|00
{@A-RES|0|+4.809665E+01{@LIM3|+4.700000E+01|+5.482000E+01|+4.418000E+01}}
}
{@BLOCK|r2963|00
{@A-RES|0|+4.765644E+01{@LIM3|+4.700000E+01|+5.482000E+01|+4.418000E+01}}
}
{@BLOCK|pr5301|00
{@A-RES|0|+1.010868E+05{@LIM3|+1.000000E+05|+1.110000E+05|+8.900000E+04}}
}
{@BLOCK|pr5333|00
{@A-RES|0|+9.999059E+04{@LIM3|+1.000000E+05|+1.110000E+05|+8.900000E+04}}
}
{@BLOCK|r2757|00
{@A-RES|0|+9.995870E+04{@LIM3|+1.000000E+05|+1.110000E+05|+8.900000E+04}}
}
{@BLOCK|r2758|00
{@A-RES|0|+1.008462E+05{@LIM3|+1.000000E+05|+1.110000E+05|+8.900000E+04}}
}
{@BLOCK|r7352|00
{@A-RES|0|+1.010281E+05{@LIM3|+1.000000E+05|+1.110000E+05|+8.900000E+04}}
}
{@BLOCK|r2965|00
{@A-RES|0|+9.998362E+02{@LIM3|+1.000000E+03|+1.060000E+03|+9.400000E+02}}
}
{@BLOCK|r2966|00
{@A-RES|0|+1.000687E+03{@LIM3|+1.000000E+03|+1.060000E+03|+9.400000E+02}}
}
{@BLOCK|r3722|00
{@A-RES|0|+1.016592E+03{@LIM3|+1.000000E+03|+1.060000E+03|+9.400000E+02}}
}
{@BLOCK|r1917|00
{@A-RES|0|+8.439783E+04{@LIM3|+1.000000E+05|+1.200000E+05|+8.000000E+04}}
}
{@BLOCK|r4002|00
{@A-RES|0|+1.010244E+05{@LIM3|+1.000000E+05|+1.110000E+05|+8.900000E+04}}
}
{@BLOCK|q4007%qf1|00
{@A-NFE|0|+1.181269E+02{@LIM2|+2.000000E+02|+2.000000E+01}}
}
{@BLOCK|r5710|00
{@A-RES|0|+4.388101E+03{@LIM3|+4.990000E+03|+5.738500E+03|+4.241500E+03}}
}
{@BLOCK|r5853|00
{@A-RES|0|+4.379707E+03{@LIM3|+4.990000E+03|+5.738500E+03|+4.241500E+03}}
}
{@BLOCK|q7301%qf1|00
{@A-NFE|0|+1.182392E+02{@LIM2|+2.000000E+02|+2.000000E+01}}
}
{@BLOCK|r9207|00
{@A-RES|0|+9.930340E+02{@LIM3|+1.000000E+03|+1.060000E+03|+9.400000E+02}}
}
{@BLOCK|r302|00
{@A-RES|0|+1.005657E+04{@LIM3|+1.000000E+04|+1.100000E+04|+9.000000E+03}}
}
{@BLOCK|r4303|00
{@A-RES|0|+1.005370E+03{@LIM3|+1.000000E+03|+1.060000E+03|+9.400000E+02}}
}
{@BLOCK|r7334|00
{@A-RES|0|+1.014180E+03{@LIM3|+1.000000E+03|+1.060000E+03|+9.400000E+02}}
}
{@BLOCK|r7356|00
{@A-RES|0|+1.009264E+03{@LIM3|+1.000000E+03|+1.060000E+03|+9.400000E+02}}
}
{@BLOCK|r7374|00
{@A-RES|0|+1.018850E+03{@LIM3|+1.000000E+03|+1.060000E+03|+9.400000E+02}}
}
{@BLOCK|r40005|00
{@A-RES|0|+1.007496E+03{@LIM3|+1.000000E+03|+1.060000E+03|+9.400000E+02}}
}
{@BLOCK|r625|00
{@A-RES|0|+1.082935E+02{@LIM3|+1.000000E+02|+1.110000E+02|+9.400000E+01}}
}
{@BLOCK|pr5203|00
{@A-RES|0|+1.000746E+04{@LIM3|+1.000000E+04|+1.100000E+04|+9.000000E+03}}
}
{@BLOCK|r306|00
{@A-RES|0|+1.036187E+04{@LIM3|+1.000000E+04|+1.100000E+04|+9.000000E+03}}
}
{@BLOCK|r307|00
{@A-RES|0|+1.002043E+04{@LIM3|+1.000000E+04|+1.100000E+04|+9.000000E+03}}
}
{@BLOCK|r620|00
{@A-RES|0|+9.935069E+03{@LIM3|+1.000000E+04|+1.100000E+04|+9.000000E+03}}
}
{@BLOCK|r663|00
{@A-RES|0|+1.020031E+04{@LIM3|+1.000000E+04|+1.200000E+04|+8.000000E+03}}
}
{@BLOCK|r667|00
{@A-RES|0|+1.016584E+04{@LIM3|+1.000000E+04|+1.100000E+04|+9.000000E+03}}
}
{@BLOCK|r687|00
{@A-RES|0|+1.022942E+04{@LIM3|+1.000000E+04|+1.100000E+04|+9.000000E+03}}
}
{@BLOCK|r1203|00
{@A-RES|0|+9.976541E+03{@LIM3|+1.000000E+04|+1.100000E+04|+9.000000E+03}}
}
{@BLOCK|r1207|00
{@A-RES|0|+1.006053E+04{@LIM3|+1.000000E+04|+1.100000E+04|+9.000000E+03}}
}
{@BLOCK|r1610|00
{@A-RES|0|+9.934533E+03{@LIM3|+1.000000E+04|+1.100000E+04|+9.000000E+03}}
}
{@BLOCK|r608|00
{@A-RES|0|+1.000746E+04{@LIM3|+1.000000E+04|+1.100000E+04|+9.000000E+03}}
}
{@BLOCK|r629|00
{@A-RES|0|+9.968219E+03{@LIM3|+1.000000E+04|+1.100000E+04|+9.000000E+03}}
}
{@BLOCK|r630|00
{@A-RES|0|+9.983029E+03{@LIM3|+1.000000E+04|+1.100000E+04|+9.000000E+03}}
}
{@BLOCK|r631|00
{@A-RES|0|+9.982500E+03{@LIM3|+1.000000E+04|+1.100000E+04|+9.000000E+03}}
}
{@BLOCK|r632|00
{@A-RES|0|+1.000852E+04{@LIM3|+1.000000E+04|+1.100000E+04|+9.000000E+03}}
}
{@BLOCK|r1608|00
{@A-RES|0|+1.001065E+04{@LIM3|+1.000000E+04|+1.100000E+04|+9.000000E+03}}
}
{@BLOCK|r1620|00
{@A-RES|0|+9.790332E+03{@LIM3|+1.000000E+04|+1.100000E+04|+9.000000E+03}}
}
{@BLOCK|r1624|00
{@A-RES|0|+1.000832E+04{@LIM3|+1.000000E+04|+1.100000E+04|+9.000000E+03}}
}
{@BLOCK|r1708|00
{@A-RES|0|+9.929811E+03{@LIM3|+1.000000E+04|+1.100000E+04|+9.000000E+03}}
}
{@BLOCK|r1728|00
{@A-RES|0|+9.970604E+03{@LIM3|+1.000000E+04|+1.100000E+04|+9.000000E+03}}
}
{@BLOCK|r1729|00
{@A-RES|0|+9.924573E+03{@LIM3|+1.000000E+04|+1.100000E+04|+9.000000E+03}}
}
{@BLOCK|r9110|00
{@A-RES|0|+3.191060E+03{@LIM3|+3.197000E+03|+3.516700E+03|+2.877300E+03}}
}
{@BLOCK|r1731|00
{@A-RES|0|+1.029552E+04{@LIM3|+1.000000E+04|+1.100000E+04|+9.000000E+03}}
}
{@BLOCK|r1732|00
{@A-RES|0|+1.045341E+04{@LIM3|+1.000000E+04|+1.100000E+04|+9.000000E+03}}
}
{@BLOCK|r1740|00
{@A-RES|0|+1.001865E+04{@LIM3|+1.000000E+04|+1.100000E+04|+9.000000E+03}}
}
{@BLOCK|r1741|00
{@A-RES|0|+9.972446E+03{@LIM3|+1.000000E+04|+1.100000E+04|+9.000000E+03}}
}
{@BLOCK|r1742|00
{@A-RES|0|+1.001012E+04{@LIM3|+1.000000E+04|+1.100000E+04|+9.000000E+03}}
}
{@BLOCK|r1744|00
{@A-RES|0|+1.002879E+04{@LIM3|+1.000000E+04|+1.100000E+04|+9.000000E+03}}
}
{@BLOCK|r1834|00
{@A-RES|0|+9.929811E+03{@LIM3|+1.000000E+04|+1.100000E+04|+9.000000E+03}}
}
{@BLOCK|r1835|00
{@A-RES|0|+9.957140E+03{@LIM3|+1.000000E+04|+1.100000E+04|+9.000000E+03}}
}
{@BLOCK|r1836|00
{@A-RES|0|+9.997884E+03{@LIM3|+1.000000E+04|+1.100000E+04|+9.000000E+03}}
}
{@BLOCK|r1837|00
{@A-RES|0|+1.003200E+04{@LIM3|+1.000000E+04|+1.100000E+04|+9.000000E+03}}
}
{@BLOCK|r1839|00
{@A-RES|0|+9.912813E+03{@LIM3|+1.000000E+04|+1.100000E+04|+9.000000E+03}}
}
{@BLOCK|r1908|00
{@A-RES|0|+1.056851E+04{@LIM3|+1.000000E+04|+1.100000E+04|+9.000000E+03}}
}
{@BLOCK|r1622|00
{@A-RES|0|+9.992501E+03{@LIM3|+1.000000E+04|+1.100000E+04|+9.000000E+03}}
}
{@BLOCK|r1625|00
{@A-RES|0|+1.067073E+04{@LIM3|+1.000000E+04|+1.100000E+04|+9.000000E+03}}
}
{@BLOCK|r1628|00
{@A-RES|0|+1.049965E+04{@LIM3|+1.000000E+04|+1.100000E+04|+9.000000E+03}}
}
{@BLOCK|r1909|00
{@A-RES|0|+1.041939E+04{@LIM3|+1.000000E+04|+1.100000E+04|+9.000000E+03}}
}
{@BLOCK|r1910|00
{@A-RES|0|+1.050684E+04{@LIM3|+1.000000E+04|+1.100000E+04|+9.000000E+03}}
}
{@BLOCK|r1920|00
{@A-RES|0|+1.033803E+04{@LIM3|+1.000000E+04|+1.100000E+04|+9.000000E+03}}
}
{@BLOCK|r1921|00
{@A-RES|0|+1.042707E+04{@LIM3|+1.000000E+04|+1.100000E+04|+9.000000E+03}}
}
{@BLOCK|r1922|00
{@A-RES|0|+9.624663E+03{@LIM3|+1.000000E+04|+1.100000E+04|+9.000000E+03}}
}
{@BLOCK|r1940|00
{@A-RES|0|+9.996822E+03{@LIM3|+1.000000E+04|+1.100000E+04|+9.000000E+03}}
}
{@BLOCK|r1944|00
{@A-RES|0|+9.646716E+03{@LIM3|+1.000000E+04|+1.100000E+04|+9.000000E+03}}
}
{@BLOCK|r1951|00
{@A-RES|0|+9.747681E+03{@LIM3|+1.000000E+04|+1.100000E+04|+9.000000E+03}}
}
{@BLOCK|r1952|00
{@A-RES|0|+9.650675E+03{@LIM3|+1.000000E+04|+1.100000E+04|+9.000000E+03}}
}
{@BLOCK|r1959|00
{@A-RES|0|+9.972421E+03{@LIM3|+1.000000E+04|+1.150000E+04|+8.500000E+03}}
}
{@BLOCK|r2031|00
{@A-RES|0|+1.000373E+04{@LIM3|+1.000000E+04|+1.100000E+04|+9.000000E+03}}
}
{@BLOCK|r2057|00
{@A-RES|0|+1.002719E+04{@LIM3|+1.000000E+04|+1.100000E+04|+9.000000E+03}}
}
{@BLOCK|r2418|00
{@A-RES|0|+1.004379E+04{@LIM3|+1.000000E+04|+1.100000E+04|+9.000000E+03}}
}
{@BLOCK|r1923|00
{@A-RES|0|+9.662058E+03{@LIM3|+1.000000E+04|+1.100000E+04|+9.000000E+03}}
}
{@BLOCK|r1924|00
{@A-RES|0|+9.586557E+03{@LIM3|+1.000000E+04|+1.100000E+04|+9.000000E+03}}
}
{@BLOCK|r2068|00
{@A-RES|0|+9.981953E+03{@LIM3|+1.000000E+04|+1.100000E+04|+9.000000E+03}}
}
{@BLOCK|r3401|00
{@A-RES|0|+9.904390E+03{@LIM3|+1.000000E+04|+1.100000E+04|+9.000000E+03}}
}
{@BLOCK|r3411|00
{@A-RES|0|+9.990623E+03{@LIM3|+1.000000E+04|+1.100000E+04|+9.000000E+03}}
}
{@BLOCK|r3420|00
{@A-RES|0|+9.876748E+03{@LIM3|+1.000000E+04|+1.100000E+04|+9.000000E+03}}
}
{@BLOCK|r3702|00
{@A-RES|0|+9.946145E+03{@LIM3|+1.000000E+04|+1.100000E+04|+9.000000E+03}}
}
{@BLOCK|r4017|00
{@A-RES|0|+1.013980E+04{@LIM3|+1.000000E+04|+1.100000E+04|+9.000000E+03}}
}
{@BLOCK|r4035|00
{@A-RES|0|+9.958186E+03{@LIM3|+1.000000E+04|+1.100000E+04|+9.000000E+03}}
}
{@BLOCK|r4042|00
{@A-RES|0|+1.001618E+04{@LIM3|+1.000000E+04|+1.100000E+04|+9.000000E+03}}
}
{@BLOCK|r4320|00
{@A-RES|0|+9.963559E+03{@LIM3|+1.000000E+04|+1.100000E+04|+9.000000E+03}}
}
{@BLOCK|r4323|00
{@A-RES|0|+9.966615E+03{@LIM3|+1.000000E+04|+1.100000E+04|+9.000000E+03}}
}
{@BLOCK|r4327|00
{@A-RES|0|+9.962585E+03{@LIM3|+1.000000E+04|+1.100000E+04|+9.000000E+03}}
}
{@BLOCK|r5736|00
{@A-RES|0|+9.473054E+03{@LIM3|+1.000000E+04|+1.100000E+04|+9.000000E+03}}
}
{@BLOCK|r5770|00
{@A-RES|0|+1.005174E+04{@LIM3|+1.000000E+04|+1.100000E+04|+9.000000E+03}}
}
{@BLOCK|r5774|00
{@A-RES|0|+1.000964E+04{@LIM3|+1.000000E+04|+1.100000E+04|+9.000000E+03}}
}
{@BLOCK|r2455|00
{@A-RES|0|+9.974032E+03{@LIM3|+1.000000E+04|+1.100000E+04|+9.000000E+03}}
}
{@BLOCK|r2459|00
{@A-RES|0|+1.002612E+04{@LIM3|+1.000000E+04|+1.100000E+04|+9.000000E+03}}
}
{@BLOCK|r2709|00
{@A-RES|0|+1.038961E+04{@LIM3|+1.000000E+04|+1.100000E+04|+9.000000E+03}}
}
{@BLOCK|r3445|00
{@A-RES|0|+1.000747E+04{@LIM3|+1.000000E+04|+1.100000E+04|+9.000000E+03}}
}
{@BLOCK|r5705|00
{@A-RES|0|+9.993635E+03{@LIM3|+1.000000E+04|+1.100000E+04|+9.000000E+03}}
}
{@BLOCK|r5807|00
{@A-RES|0|+1.013250E+04{@LIM3|+1.000000E+04|+1.100000E+04|+9.000000E+03}}
}
{@BLOCK|r6102|00
{@A-RES|0|+9.986209E+03{@LIM3|+1.000000E+04|+1.100000E+04|+9.000000E+03}}
}
{@BLOCK|r6103|00
{@A-RES|0|+1.000160E+04{@LIM3|+1.000000E+04|+1.100000E+04|+9.000000E+03}}
}
{@BLOCK|r6104|00
{@A-RES|0|+1.002612E+04{@LIM3|+1.000000E+04|+1.100000E+04|+9.000000E+03}}
}
{@BLOCK|r7125|00
{@A-RES|0|+9.919863E+03{@LIM3|+1.000000E+04|+1.100000E+04|+9.000000E+03}}
}
{@BLOCK|r7126|00
{@A-RES|0|+9.916203E+03{@LIM3|+1.000000E+04|+1.100000E+04|+9.000000E+03}}
}
{@BLOCK|r7127|00
{@A-RES|0|+1.031472E+04{@LIM3|+1.000000E+04|+1.100000E+04|+9.000000E+03}}
}
{@BLOCK|r7138|00
{@A-RES|0|+9.954505E+03{@LIM3|+1.000000E+04|+1.100000E+04|+9.000000E+03}}
}
{@BLOCK|r9313|00
{@A-RES|0|+1.064988E+04{@LIM3|+1.000000E+04|+1.100000E+04|+9.000000E+03}}
}
{@BLOCK|r9419|00
{@A-RES|0|+9.980205E+03{@LIM3|+1.000000E+04|+1.100000E+04|+9.000000E+03}}
}
{@BLOCK|r9423|00
{@A-RES|0|+1.022074E+04{@LIM3|+1.000000E+04|+1.100000E+04|+9.000000E+03}}
}
{@BLOCK|r5779|00
{@A-RES|0|+9.914855E+03{@LIM3|+1.000000E+04|+1.100000E+04|+9.000000E+03}}
}
{@BLOCK|r5781|00
{@A-RES|0|+9.999801E+03{@LIM3|+1.000000E+04|+1.100000E+04|+9.000000E+03}}
}
{@BLOCK|r24038|00
{@A-RES|0|+4.716495E+03{@LIM3|+4.700000E+03|+5.170000E+03|+4.230000E+03}}
}
{@BLOCK|r7308|00
{@A-RES|0|+1.019568E+04{@LIM3|+1.000000E+04|+1.100000E+04|+9.000000E+03}}
}
{@BLOCK|r9002|00
{@A-RES|0|+9.882052E+03{@LIM3|+1.000000E+04|+1.100000E+04|+9.000000E+03}}
}
{@BLOCK|r9418|00
{@A-RES|0|+9.737621E+03{@LIM3|+1.000000E+04|+1.100000E+04|+9.000000E+03}}
}
{@BLOCK|r24024|00
{@A-RES|0|+1.001710E+04{@LIM3|+1.000000E+04|+1.100000E+04|+9.000000E+03}}
}
{@BLOCK|r24028|00
{@A-RES|0|+9.993879E+03{@LIM3|+1.000000E+04|+1.100000E+04|+9.000000E+03}}
}
{@BLOCK|r9449|00
{@A-RES|0|+1.004593E+04{@LIM3|+1.000000E+04|+1.100000E+04|+9.000000E+03}}
}
{@BLOCK|r9475|00
{@A-RES|0|+1.034307E+04{@LIM3|+1.000000E+04|+1.100000E+04|+9.000000E+03}}
}
{@BLOCK|r9478|00
{@A-RES|0|+1.035731E+04{@LIM3|+1.000000E+04|+1.100000E+04|+9.000000E+03}}
}
{@BLOCK|r24021|00
{@A-RES|0|+9.967163E+03{@LIM3|+1.000000E+04|+1.100000E+04|+9.000000E+03}}
}
{@BLOCK|rn6401%r1|00
{@A-RES|0|+9.816344E+03{@LIM3|+1.000000E+04|+1.100000E+04|+9.000000E+03}}
}
{@BLOCK|rn6402%r1|00
{@A-RES|0|+9.600053E+03{@LIM3|+1.000000E+04|+1.200000E+04|+8.500000E+03}}
}
{@BLOCK|rn6402%r2|00
{@A-RES|0|+9.941377E+03{@LIM3|+1.000000E+04|+1.100000E+04|+9.000000E+03}}
}
{@BLOCK|rn6403%r1|00
{@A-RES|0|+9.997140E+03{@LIM3|+1.000000E+04|+1.100000E+04|+9.000000E+03}}
}
{@BLOCK|rn6401%r2|00
{@A-RES|0|+1.010572E+04{@LIM3|+1.000000E+04|+1.150000E+04|+8.500000E+03}}
}
{@BLOCK|pr4635|00
{@A-RES|0|+7.148440E+04{@LIM3|+7.150000E+04|+7.579000E+04|+6.721000E+04}}
}
{@BLOCK|pr4689|00
{@A-RES|0|+1.993790E+03{@LIM3|+2.000000E+03|+2.120000E+03|+1.880000E+03}}
}
{@BLOCK|r2009|00
{@A-RES|0|+1.951712E+04{@LIM3|+2.000000E+04|+2.320000E+04|+1.480000E+04}}
}
{@BLOCK|pr5005|00
{@A-RES|0|+5.196931E+01{@LIM3|+5.100000E+01|+5.905999E+01|+4.794000E+01}}
}
{@BLOCK|pr5207|00
{@A-RES|0|+7.490819E+04{@LIM3|+7.500000E+04|+7.950000E+04|+7.050000E+04}}
}
{@BLOCK|r3703|00
{@A-RES|0|+4.504531E+05{@LIM3|+4.700000E+05|+5.405000E+05|+3.995000E+05}}
}
{@BLOCK|r4043|00
{@A-RES|0|+3.922627E+04{@LIM3|+4.020000E+04|+4.261200E+04|+3.778800E+04}}
}
{@BLOCK|r5768|00
{@A-RES|0|+4.728743E+04{@LIM3|+4.700000E+04|+4.982000E+04|+4.418000E+04}}
}
{@BLOCK|r688|00
{@A-RES|0|+4.735788E+03{@LIM3|+4.700000E+03|+4.982000E+03|+4.418000E+03}}
}
{@BLOCK|r2507|00
{@A-RES|0|+4.792658E+03{@LIM3|+4.700000E+03|+4.982000E+03|+4.418000E+03}}
}
{@BLOCK|r606|00
{@A-RES|0|+2.213373E+03{@LIM3|+2.200000E+03|+2.420000E+03|+1.980000E+03}}
}
{@BLOCK|r615|00
{@A-RES|0|+2.214655E+03{@LIM3|+2.200000E+03|+2.640000E+03|+1.760000E+03}}
}
{@BLOCK|r658|00
{@A-RES|0|+2.210714E+03{@LIM3|+2.200000E+03|+2.420000E+03|+1.980000E+03}}
}
{@BLOCK|r1953|00
{@A-RES|0|+2.185337E+03{@LIM3|+2.200000E+03|+2.420000E+03|+1.980000E+03}}
}
{@BLOCK|r1954|00
{@A-RES|0|+2.209714E+03{@LIM3|+2.200000E+03|+2.420000E+03|+1.980000E+03}}
}
{@BLOCK|rn6403%r2|00
{@A-RES|0|+9.979651E+03{@LIM3|+1.000000E+04|+1.100000E+04|+9.000000E+03}}
}
{@BLOCK|pr4656|00
{@A-RES|0|+2.007474E+03{@LIM3|+2.000000E+03|+2.120000E+03|+1.880000E+03}}
}
{@BLOCK|r2475|00
{@A-RES|0|+4.731788E+03{@LIM3|+4.700000E+03|+4.982000E+03|+4.418000E+03}}
}
{@BLOCK|r601|00
{@A-RES|0|+1.823181E+01{@LIM3|+1.800000E+01|+2.408000E+01|+1.692000E+01}}
}
{@BLOCK|r1957|00
{@A-RES|0|+2.235200E+03{@LIM3|+2.200000E+03|+2.420000E+03|+1.980000E+03}}
}
{@BLOCK|r1958|00
{@A-RES|0|+2.302383E+03{@LIM3|+2.200000E+03|+2.420000E+03|+1.980000E+03}}
}
{@BLOCK|r2118|00
{@A-RES|0|+2.322507E+03{@LIM3|+2.200000E+03|+2.420000E+03|+1.980000E+03}}
}
{@BLOCK|r2960|00
{@A-RES|0|+2.211553E+03{@LIM3|+2.200000E+03|+2.420000E+03|+1.980000E+03}}
}
{@BLOCK|r2961|00
{@A-RES|0|+2.250387E+03{@LIM3|+2.200000E+03|+2.860000E+03|+1.980000E+03}}
}
{@BLOCK|rn5701%r1|00
{@A-RES|0|+2.206469E+03{@LIM3|+2.200000E+03|+2.420000E+03|+1.980000E+03}}
}
{@BLOCK|rn5701%r2|00
{@A-RES|0|+2.191765E+03{@LIM3|+2.200000E+03|+2.420000E+03|+1.980000E+03}}
}
{@BLOCK|rn5703%r1|00
{@A-RES|0|+2.198712E+03{@LIM3|+2.200000E+03|+2.530000E+03|+1.870000E+03}}
}
{@BLOCK|rn5703%r2|00
{@A-RES|0|+2.234811E+03{@LIM3|+2.200000E+03|+2.420000E+03|+1.980000E+03}}
}
{@BLOCK|rn5704%r1|00
{@A-RES|0|+2.193605E+03{@LIM3|+2.200000E+03|+2.420000E+03|+1.980000E+03}}
}
{@BLOCK|rn5704%r2|00
{@A-RES|0|+2.182510E+03{@LIM3|+2.200000E+03|+2.420000E+03|+1.980000E+03}}
}
{@BLOCK|rn5803%r1|00
{@A-RES|0|+2.230748E+03{@LIM3|+2.200000E+03|+2.420000E+03|+1.980000E+03}}
}
{@BLOCK|rn5803%r2|00
{@A-RES|0|+2.184842E+03{@LIM3|+2.200000E+03|+2.420000E+03|+1.980000E+03}}
}
{@BLOCK|rn5804%r1|00
{@A-RES|0|+2.277050E+03{@LIM3|+2.200000E+03|+2.420000E+03|+1.980000E+03}}
}
{@BLOCK|rn5804%r2|00
{@A-RES|0|+2.221301E+03{@LIM3|+2.200000E+03|+2.420000E+03|+1.980000E+03}}
}
{@BLOCK|rn9001%r1|00
{@A-RES|0|+2.199452E+03{@LIM3|+2.200000E+03|+2.420000E+03|+1.980000E+03}}
}
{@BLOCK|rn9001%r2|00
{@A-RES|0|+2.202439E+03{@LIM3|+2.200000E+03|+2.420000E+03|+1.980000E+03}}
}
{@BLOCK|rn9002%r1|00
{@A-RES|0|+2.202336E+03{@LIM3|+2.200000E+03|+2.420000E+03|+1.980000E+03}}
}
{@BLOCK|rn9002%r2|00
{@A-RES|0|+2.225365E+03{@LIM3|+2.200000E+03|+2.420000E+03|+1.980000E+03}}
}
{@BLOCK|rn9201%r1|00
{@A-RES|0|+2.186975E+03{@LIM3|+2.200000E+03|+2.420000E+03|+1.980000E+03}}
}
{@BLOCK|r3136|00
{@A-RES|0|+2.242832E+03{@LIM3|+2.200000E+03|+2.420000E+03|+1.980000E+03}}
}
{@BLOCK|r3137|00
{@A-RES|0|+2.216145E+03{@LIM3|+2.200000E+03|+2.420000E+03|+1.980000E+03}}
}
{@BLOCK|rn5702%r1|00
{@A-RES|0|+2.204262E+03{@LIM3|+2.200000E+03|+2.420000E+03|+1.980000E+03}}
}
{@BLOCK|rn5702%r2|00
{@A-RES|0|+2.242950E+03{@LIM3|+2.200000E+03|+2.420000E+03|+1.980000E+03}}
}
{@BLOCK|rn9511%r1|00
{@A-RES|0|+2.203303E+03{@LIM3|+2.200000E+03|+2.420000E+03|+1.980000E+03}}
}
{@BLOCK|rn9511%r2|00
{@A-RES|0|+2.207956E+03{@LIM3|+2.200000E+03|+2.420000E+03|+1.980000E+03}}
}
{@BLOCK|rn9511%r3|00
{@A-RES|0|+2.205415E+03{@LIM3|+2.200000E+03|+2.420000E+03|+1.980000E+03}}
}
{@BLOCK|rn9512%r1|00
{@A-RES|0|+2.207744E+03{@LIM3|+2.200000E+03|+2.420000E+03|+1.980000E+03}}
}
{@BLOCK|rn9512%r2|00
{@A-RES|0|+2.202037E+03{@LIM3|+2.200000E+03|+2.420000E+03|+1.980000E+03}}
}
{@BLOCK|rn9512%r3|00
{@A-RES|0|+2.204464E+03{@LIM3|+2.200000E+03|+2.420000E+03|+1.980000E+03}}
}
{@BLOCK|rn9512%r4|00
{@A-RES|0|+2.196780E+03{@LIM3|+2.200000E+03|+2.420000E+03|+1.980000E+03}}
}
{@BLOCK|rn9513%r1|00
{@A-RES|0|+2.211139E+03{@LIM3|+2.200000E+03|+2.420000E+03|+1.980000E+03}}
}
{@BLOCK|rn9513%r2|00
{@A-RES|0|+2.189566E+03{@LIM3|+2.200000E+03|+2.420000E+03|+1.980000E+03}}
}
{@BLOCK|rn9513%r3|00
{@A-RES|0|+2.189253E+03{@LIM3|+2.200000E+03|+2.420000E+03|+1.980000E+03}}
}
{@BLOCK|rn9513%r4|00
{@A-RES|0|+2.216572E+03{@LIM3|+2.200000E+03|+2.420000E+03|+1.980000E+03}}
}
{@BLOCK|rn9514%r2|00
{@A-RES|0|+2.194370E+03{@LIM3|+2.200000E+03|+2.420000E+03|+1.980000E+03}}
}
{@BLOCK|rn9514%r3|00
{@A-RES|0|+2.197094E+03{@LIM3|+2.200000E+03|+2.420000E+03|+1.980000E+03}}
}
{@BLOCK|rn9514%r4|00
{@A-RES|0|+2.203514E+03{@LIM3|+2.200000E+03|+2.420000E+03|+1.980000E+03}}
}
{@BLOCK|r2606|00
{@A-RES|0|+1.051206E+02{@LIM3|+1.000000E+02|+1.150000E+02|+9.000000E+01}}
}
{@BLOCK|r2612|00
{@A-RES|0|+1.023477E+02{@LIM3|+1.000000E+02|+1.150000E+02|+9.000000E+01}}
}
{@BLOCK|r2618|00
{@A-RES|0|+1.019063E+02{@LIM3|+1.000000E+02|+1.150000E+02|+9.000000E+01}}
}
{@BLOCK|r2624|00
{@A-RES|0|+1.026613E+02{@LIM3|+1.000000E+02|+1.150000E+02|+9.000000E+01}}
}
{@BLOCK|r3416|00
{@A-RES|0|+1.037966E+02{@LIM3|+1.000000E+02|+1.150000E+02|+9.000000E+01}}
}
{@BLOCK|r4009|00
{@A-RES|0|+1.051795E+02{@LIM3|+1.000000E+02|+1.150000E+02|+9.000000E+01}}
}
{@BLOCK|rn9202%r1|00
{@A-RES|0|+2.235625E+03{@LIM3|+2.200000E+03|+2.420000E+03|+1.980000E+03}}
}
{@BLOCK|rn9202%r2|00
{@A-RES|0|+2.195141E+03{@LIM3|+2.200000E+03|+2.420000E+03|+1.980000E+03}}
}
{@BLOCK|r4007|00
{@A-RES|0|+1.127231E+02{@LIM3|+1.000000E+02|+1.150000E+02|+9.000000E+01}}
}
{@BLOCK|r617|00
{@A-RES|0|+7.510875E+04{@LIM3|+7.500000E+04|+8.250000E+04|+6.750000E+04}}
}
{@BLOCK|r2771|00
{@A-RES|0|+1.968888E+05{@LIM3|+2.000000E+05|+2.300000E+05|+1.700000E+05}}
}
{@BLOCK|r675|00
{@A-RES|0|+1.844568E+01{@LIM3|+1.700000E+01|+2.436666E+01|+1.530000E+01}}
}
{@BLOCK|r676|00
{@A-RES|0|+1.801378E+01{@LIM3|+1.500000E+01|+2.149999E+01|+1.350000E+01}}
}
{@BLOCK|r677|00
{@A-RES|0|+1.800415E+01{@LIM3|+1.500000E+01|+2.149999E+01|+1.350000E+01}}
}
{@BLOCK|r678|00
{@A-RES|0|+1.787711E+01{@LIM3|+1.500000E+01|+2.149999E+01|+1.350000E+01}}
}
{@BLOCK|r2493|00
{@A-RES|0|+1.817076E+01{@LIM3|+1.500000E+01|+2.149999E+01|+1.350000E+01}}
}
{@BLOCK|r2122|00
{@A-RES|0|+4.690264E+03{@LIM3|+4.700000E+03|+5.170000E+03|+4.230000E+03}}
}
{@BLOCK|r2601|00
{@A-RES|0|+5.009896E+03{@LIM3|+4.700000E+03|+5.170000E+03|+4.230000E+03}}
}
{@BLOCK|r2607|00
{@A-RES|0|+5.394693E+03{@LIM3|+5.100000E+03|+5.610000E+03|+4.590000E+03}}
}
{@BLOCK|r2613|00
{@A-RES|0|+4.998474E+03{@LIM3|+4.700000E+03|+5.170000E+03|+4.230000E+03}}
}
{@BLOCK|r2619|00
{@A-RES|0|+5.007984E+03{@LIM3|+4.700000E+03|+5.405000E+03|+3.995000E+03}}
}
{@BLOCK|r2964|00
{@A-RES|0|+4.700810E+03{@LIM3|+4.700000E+03|+5.170000E+03|+4.230000E+03}}
}
{@BLOCK|r24017|00
{@A-RES|0|+1.032248E+02{@LIM3|+1.000000E+02|+1.150000E+02|+9.000000E+01}}
}
{@BLOCK|r1825|00
{@A-RES|0|+6.995636E+04{@LIM3|+7.500000E+04|+9.000000E+04|+6.000000E+04}}
}
{@BLOCK|r6401|00
{@A-RES|0|+3.304231E+02{@LIM3|+3.300000E+02|+3.630000E+02|+2.970000E+02}}
}
{@BLOCK|r6407|00
{@A-RES|0|+3.307321E+02{@LIM3|+3.300000E+02|+3.630000E+02|+2.970000E+02}}
}
{@BLOCK|r6409|00
{@A-RES|0|+3.275228E+02{@LIM3|+3.300000E+02|+3.630000E+02|+2.970000E+02}}
}
{@BLOCK|r6410|00
{@A-RES|0|+3.358051E+02{@LIM3|+3.300000E+02|+3.630000E+02|+2.970000E+02}}
}
{@BLOCK|r2120|00
{@A-RES|0|+4.879441E+03{@LIM3|+4.700000E+03|+5.170000E+03|+4.230000E+03}}
}
{@BLOCK|r3147|00
{@A-RES|0|+4.639749E+03{@LIM3|+4.700000E+03|+5.170000E+03|+4.230000E+03}}
}
{@BLOCK|r4314|00
{@A-RES|0|+4.706101E+03{@LIM3|+4.700000E+03|+5.170000E+03|+4.230000E+03}}
}
{@BLOCK|rn2402%r1|00
{@A-RES|0|+4.718732E+03{@LIM3|+4.700000E+03|+5.170000E+03|+4.230000E+03}}
}
{@BLOCK|rn2402%r2|00
{@A-RES|0|+4.729646E+03{@LIM3|+4.700000E+03|+5.170000E+03|+4.230000E+03}}
}
{@BLOCK|r2143|00
{@A-RES|0|+2.078311E+04{@LIM3|+2.000000E+04|+2.200000E+04|+1.800000E+04}}
}
{@BLOCK|r2602|00
{@A-RES|0|+2.005885E+04{@LIM3|+2.000000E+04|+2.200000E+04|+1.800000E+04}}
}
{@BLOCK|r2608|00
{@A-RES|0|+2.004945E+04{@LIM3|+2.000000E+04|+2.200000E+04|+1.800000E+04}}
}
{@BLOCK|r2621|00
{@A-RES|0|+1.982713E+04{@LIM3|+2.000000E+04|+2.200000E+04|+1.800000E+04}}
}
{@BLOCK|r5706|00
{@A-RES|0|+2.000286E+04{@LIM3|+2.000000E+04|+2.200000E+04|+1.800000E+04}}
}
{@BLOCK|r4318|00
{@A-RES|0|+4.691217E+03{@LIM3|+4.700000E+03|+5.170000E+03|+4.230000E+03}}
}
{@BLOCK|r5809|00
{@A-RES|0|+4.693513E+03{@LIM3|+4.700000E+03|+5.170000E+03|+4.230000E+03}}
}
{@BLOCK|r924|00
{@A-RES|0|+2.016220E+04{@LIM3|+2.000000E+04|+2.200000E+04|+1.800000E+04}}
}
{@BLOCK|r2614|00
{@A-RES|0|+2.022021E+04{@LIM3|+2.000000E+04|+2.200000E+04|+1.800000E+04}}
}
{@BLOCK|r4085|00
{@A-RES|0|+2.033218E+04{@LIM3|+2.000000E+04|+2.200000E+04|+1.800000E+04}}
}
{@BLOCK|r7315|00
{@A-RES|0|+1.973092E+04{@LIM3|+2.000000E+04|+2.200000E+04|+1.800000E+04}}
}
{@BLOCK|r24010|00
{@A-RES|0|+1.676945E+04{@LIM3|+2.000000E+04|+2.700000E+04|+1.300000E+04}}
}
{@BLOCK|r24026|00
{@A-RES|0|+2.063061E+04{@LIM3|+2.000000E+04|+2.200000E+04|+1.800000E+04}}
}
{@BLOCK|r5805|00
{@A-RES|0|+2.016410E+04{@LIM3|+2.000000E+04|+2.200000E+04|+1.800000E+04}}
}
{@BLOCK|r1205|00
{@A-RES|0|+2.480997E+01{@LIM3|+2.200000E+01|+2.920001E+01|+1.980000E+01}}
}
{@BLOCK|r1209|00
{@A-RES|0|+2.483612E+01{@LIM3|+2.200000E+01|+2.920001E+01|+1.980000E+01}}
}
{@BLOCK|r2005|00
{@A-RES|0|+2.542299E+01{@LIM3|+2.200000E+01|+2.920001E+01|+1.980000E+01}}
}
{@BLOCK|r2060|00
{@A-RES|0|+2.526894E+01{@LIM3|+2.200000E+01|+2.920001E+01|+1.980000E+01}}
}
{@BLOCK|r2770|00
{@A-RES|0|+2.002940E+05{@LIM3|+2.000000E+05|+2.220000E+05|+1.780000E+05}}
}
{@BLOCK|r1901|00
{@A-RES|0|+3.579527E+01{@LIM3|+3.300000E+01|+4.129999E+01|+2.970000E+01}}
}
{@BLOCK|r1941|00
{@A-RES|0|+3.589343E+01{@LIM3|+3.300000E+01|+4.129999E+01|+2.970000E+01}}
}
{@BLOCK|r1942|00
{@A-RES|0|+3.563691E+01{@LIM3|+3.300000E+01|+4.129999E+01|+2.970000E+01}}
}
{@BLOCK|r2735|00
{@A-RES|0|+3.570712E+01{@LIM3|+3.300000E+01|+4.129999E+01|+2.970000E+01}}
}
{@BLOCK|r6113|00
{@A-RES|0|+3.585929E+01{@LIM3|+3.300000E+01|+4.129999E+01|+2.970000E+01}}
}
{@BLOCK|r9409|00
{@A-RES|0|+3.770569E+01{@LIM3|+3.300000E+01|+4.129999E+01|+2.970000E+01}}
}
{@BLOCK|rn9515%r1|00
{@A-RES|0|+3.598388E+01{@LIM3|+3.300000E+01|+4.129999E+01|+2.970000E+01}}
}
{@BLOCK|rn9516%r1|00
{@A-RES|0|+3.593997E+01{@LIM3|+3.300000E+01|+4.129999E+01|+2.970000E+01}}
}
{@BLOCK|rn9517%r1|00
{@A-RES|0|+3.615922E+01{@LIM3|+3.300000E+01|+4.129999E+01|+2.970000E+01}}
}
{@BLOCK|rn9519%r1|00
{@A-RES|0|+3.562075E+01{@LIM3|+3.300000E+01|+4.129999E+01|+2.970000E+01}}
}
{@BLOCK|r1211|00
{@A-RES|0|+1.996498E+05{@LIM3|+2.000000E+05|+2.220000E+05|+1.780000E+05}}
}
{@BLOCK|r1704|00
{@A-RES|0|+3.742304E+01{@LIM3|+3.300000E+01|+4.295000E+01|+2.970000E+01}}
}
{@BLOCK|r3201|00
{@A-RES|0|+3.676312E+01{@LIM3|+3.300000E+01|+4.129999E+01|+2.970000E+01}}
}
{@BLOCK|r1808|00
{@A-RES|0|+1.070129E+01{@LIM3|+1.000000E+01|+1.200000E+01|+8.000000E+00}}
}
{@BLOCK|r3412|00
{@A-RES|0|+4.993431E+04{@LIM3|+4.990000E+04|+5.289400E+04|+4.690600E+04}}
}
{@BLOCK|r1933|00
{@A-RES|0|+2.199826E+03{@LIM3|+2.200000E+03|+2.332000E+03|+2.068000E+03}}
}
{@BLOCK|r1934|00
{@A-RES|0|+2.189253E+03{@LIM3|+2.200000E+03|+2.332000E+03|+2.068000E+03}}
}
{@BLOCK|r2480|00
{@A-RES|0|+4.939257E+01{@LIM3|+4.700000E+01|+5.670000E+01|+4.230000E+01}}
}
{@BLOCK|r3304|00
{@A-RES|0|+3.390010E+01{@LIM3|+3.300000E+01|+3.998000E+01|+3.102000E+01}}
}
{@BLOCK|r9203|00
{@A-RES|0|+3.328546E+01{@LIM3|+3.300000E+01|+4.657999E+01|+1.980000E+01}}
}
{@BLOCK|r9205|00
{@A-RES|0|+3.302869E+01{@LIM3|+3.300000E+01|+3.998000E+01|+3.102000E+01}}
}
{@BLOCK|r9206|00
{@A-RES|0|+3.469549E+01{@LIM3|+3.300000E+01|+3.998000E+01|+3.102000E+01}}
}
{@BLOCK|r2468|00
{@A-RES|0|+2.035346E+06{@LIM3|+2.000000E+06|+2.500000E+06|+1.500000E+06}}
}
{@BLOCK|r2605|00
{@A-RES|0|+8.510594E+03{@LIM3|+8.200000E+03|+9.020000E+03|+7.380000E+03}}
}
{@BLOCK|r2611|00
{@A-RES|0|+8.479010E+03{@LIM3|+8.200000E+03|+9.020000E+03|+7.380000E+03}}
}
{@BLOCK|r2617|00
{@A-RES|0|+8.563265E+03{@LIM3|+8.200000E+03|+9.020000E+03|+7.380000E+03}}
}
{@BLOCK|r1802|00
{@A-RES|0|+1.007453E+01{@LIM3|+1.000000E+01|+1.200000E+01|+6.500000E+00}}
}
{@BLOCK|r1804|00
{@A-RES|0|+1.084313E+01{@LIM3|+1.000000E+01|+1.250000E+01|+8.500000E+00}}
}
{@BLOCK|r1805|00
{@A-RES|0|+1.011025E+01{@LIM3|+1.000000E+01|+1.150000E+01|+8.500000E+00}}
}
{@BLOCK|r2402|00
{@A-RES|0|+4.985473E+01{@LIM3|+6.400000E+01|+9.640851E+01|+3.200000E+01}}
}
{@BLOCK|r2404|00
{@A-RES|0|+5.038513E+01{@LIM3|+4.700000E+01|+5.670000E+01|+4.230000E+01}}
}
{@BLOCK|r2453|00
{@A-RES|0|+3.311970E+01{@LIM3|+3.300000E+01|+3.998000E+01|+3.102000E+01}}
}
{@BLOCK|r2984|00
{@A-RES|0|+7.772694E+01{@LIM3|+7.500000E+01|+8.750002E+01|+6.750000E+01}}
}
{@BLOCK|r2985|00
{@A-RES|0|+7.918320E+01{@LIM3|+7.500000E+01|+8.750002E+01|+6.750000E+01}}
}
{@BLOCK|r2622|00
{@A-RES|0|+8.260627E+03{@LIM3|+8.200000E+03|+9.020000E+03|+7.380000E+03}}
}
{@BLOCK|r7369|00
{@A-RES|0|+8.318403E+03{@LIM3|+8.200000E+03|+9.020000E+03|+7.380000E+03}}
}
{@BLOCK|r2763|00
{@A-RES|0|+5.680874E+02{@LIM3|+5.600000E+02|+5.936000E+02|+5.264000E+02}}
}
{@BLOCK|r6404|00
{@A-RES|0|+7.838439E+01{@LIM3|+7.500000E+01|+8.750002E+01|+6.750000E+01}}
}
{@BLOCK|r5808|00
{@A-RES|0|+1.594305E+04{@LIM3|+1.500000E+04|+1.725000E+04|+1.275000E+04}}
}
{@BLOCK|r7307|00
{@A-RES|0|+5.131257E+02{@LIM3|+5.100000E+02|+5.610000E+02|+4.590000E+02}}
}
{@BLOCK|r3210|00
{@A-RES|0|+3.331768E+02{@LIM3|+3.300000E+02|+3.498000E+02|+3.102000E+02}}
}
{@BLOCK|r3254|00
{@A-RES|0|+3.316865E+02{@LIM3|+3.300000E+02|+3.498000E+02|+3.102000E+02}}
}
{@BLOCK|r3402|00
{@A-RES|0|+5.588334E+05{@LIM3|+5.600000E+05|+6.440000E+05|+4.760000E+05}}
}
{@BLOCK|r3704|00
{@A-RES|0|+5.588937E+05{@LIM3|+5.600000E+05|+6.440000E+05|+4.760000E+05}}
}
{@BLOCK|r3425|00
{@A-RES|0|+2.059146E+01{@LIM3|+2.000000E+01|+2.620000E+01|+1.880000E+01}}
}
{@BLOCK|r3426|00
{@A-RES|0|+2.048923E+01{@LIM3|+2.000000E+01|+2.620000E+01|+1.880000E+01}}
}
{@BLOCK|r3715|00
{@A-RES|0|+6.771485E+04{@LIM3|+6.800000E+04|+7.480000E+04|+6.120000E+04}}
}
{@BLOCK|r3723|00
{@A-RES|0|+6.726085E+04{@LIM3|+6.800000E+04|+7.480000E+04|+6.120000E+04}}
}
{@BLOCK|r7305|00
{@A-RES|0|+3.034061E+04{@LIM3|+3.000000E+04|+3.180000E+04|+2.820000E+04}}
}
{@BLOCK|r9417|00
{@A-RES|0|+2.870956E+04{@LIM3|+3.000000E+04|+3.180000E+04|+2.820000E+04}}
}
{@BLOCK|r4033|00
{@A-RES|0|+1.212969E+04{@LIM3|+1.200000E+04|+1.320000E+04|+1.080000E+04}}
}
{@BLOCK|r5767|00
{@A-RES|0|+2.240497E+01{@LIM3|+2.200000E+01|+2.832001E+01|+2.068000E+01}}
}
{@BLOCK|r5773|00
{@A-RES|0|+2.248209E+01{@LIM3|+2.200000E+01|+2.832001E+01|+2.068000E+01}}
}
{@BLOCK|r5775|00
{@A-RES|0|+2.228422E+01{@LIM3|+2.200000E+01|+2.832001E+01|+2.068000E+01}}
}
{@BLOCK|r7354|00
{@A-RES|0|+9.102314E+05{@LIM3|+9.100000E+05|+1.046500E+06|+7.735000E+05}}
}
{@BLOCK|r9468|00
{@A-RES|0|+1.525384E+02{@LIM3|+1.500000E+02|+1.640000E+02|+1.410000E+02}}
}
{@BLOCK|r9501|00
{@A-RES|0|+2.008073E+03{@LIM3|+2.000000E+03|+2.200000E+03|+1.800000E+03}}
}
{@BLOCK|r24011|00
{@A-RES|0|+3.320221E+03{@LIM3|+3.300000E+03|+3.498000E+03|+3.102000E+03}}
}
{@BLOCK|r3139|00
{@A-RES|0|+3.011271E+03{@LIM3|+3.010000E+03|+3.190600E+03|+2.829400E+03}}
}
{@BLOCK|r6323|00
{@A-RES|0|+3.018458E+02{@LIM3|+3.000000E+02|+3.180000E+02|+2.820000E+02}}
}
{@BLOCK|rn9515%r3|00
{@A-RES|0|+3.554760E+01{@LIM3|+4.000000E+01|+5.000000E+01|+3.000000E+01}}
}
{@BLOCK|rn9515%r4|00
{@A-RES|0|+3.592320E+01{@LIM3|+3.600000E+01|+5.040000E+01|+3.240000E+01}}
}
{@BLOCK|rn9516%r3|00
{@A-RES|0|+3.628999E+01{@LIM3|+3.700000E+01|+4.070000E+01|+3.330000E+01}}
}
{@BLOCK|rn9516%r4|00
{@A-RES|0|+3.601770E+01{@LIM3|+3.600000E+01|+4.680000E+01|+3.240000E+01}}
}
{@BLOCK|rn9517%r2|00
{@A-RES|0|+3.580946E+01{@LIM3|+3.600000E+01|+3.960000E+01|+3.240000E+01}}
}
{@BLOCK|rn9517%r3|00
{@A-RES|0|+3.586967E+01{@LIM3|+3.700000E+01|+5.550000E+01|+1.850000E+01}}
}
{@BLOCK|rn9517%r4|00
{@A-RES|0|+3.570004E+01{@LIM3|+3.600000E+01|+3.960000E+01|+3.240000E+01}}
}
{@BLOCK|rn9519%r2|00
{@A-RES|0|+3.592320E+01{@LIM3|+3.700000E+01|+4.070000E+01|+3.330000E+01}}
}
{@BLOCK|rn9519%r3|00
{@A-RES|0|+3.577944E+01{@LIM3|+3.800000E+01|+4.180000E+01|+3.420000E+01}}
}
{@BLOCK|rn9519%r4|00
{@A-RES|0|+3.530010E+01{@LIM3|+3.600000E+01|+3.960000E+01|+3.240000E+01}}
}
{@BLOCK|q301|00
{@A-NFE|0|+1.936011E+02{@LIM2|+2.200000E+02|+2.000000E+01}}
}
{@BLOCK|q302|00
{@A-NFE|0|+1.269917E+02{@LIM2|+2.000000E+02|+2.000000E+01}}
}
{@BLOCK|q1602|00
{@A-NFE|0|+2.213203E+01{@LIM2|+2.000000E+02|+2.000000E+01}}
}
{@BLOCK|q1603|00
{@A-NFE|0|+1.590963E+02{@LIM2|+2.200000E+02|+2.000000E+01}}
}
{@BLOCK|pu4502%qf|00
{@A-NFE|0|+6.206890E+01{@LIM2|+3.500000E+02|+2.000000E+01}}
}
{@BLOCK|pu4503%qf|00
{@A-NFE|0|+2.050182E+02{@LIM2|+2.400000E+02|+2.000000E+01}}
}
{@BLOCK|pu4504%qf|00
{@A-NFE|0|+1.094881E+02{@LIM2|+2.000000E+02|+2.000000E+01}}
}
{@BLOCK|pu5202%qf1|00
{@A-NFE|0|+4.422695E+01{@LIM2|+2.000000E+02|+2.000000E+01}}
}
{@BLOCK|q605%qf1|00
{@A-NFE|0|+1.338891E+02{@LIM2|+2.000000E+02|+2.000000E+01}}
}
{@BLOCK|q606%qf1|00
{@A-NFE|0|+1.064377E+02{@LIM2|+2.000000E+02|+2.000000E+01}}
}
{@BLOCK|q1901%qf1|00
{@A-NFE|0|+7.571955E+01{@LIM2|+3.500000E+02|+2.000000E+01}}
}
{@BLOCK|q1901%qf2|00
{@A-NFE|0|+4.555032E+01{@LIM2|+2.000000E+02|+2.000000E+01}}
}
{@BLOCK|q1902%qf1|00
{@A-NFE|0|+1.225527E+02{@LIM2|+2.000000E+02|+2.000000E+01}}
}
{@BLOCK|q1902%qf2|00
{@A-NFE|0|+1.223426E+02{@LIM2|+2.500000E+02|+2.000000E+01}}
}
{@BLOCK|q2402|00
{@A-NFE|0|+1.292967E+02{@LIM2|+2.000000E+02|+2.000000E+01}}
}
{@BLOCK|q2502|00
{@A-NFE|0|+1.010148E+02{@LIM2|+2.000000E+02|+2.000000E+01}}
}
{@BLOCK|q2713|00
{@A-NFE|0|+1.530955E+02{@LIM2|+2.000000E+02|+2.000000E+01}}
}
{@BLOCK|q2718|00
{@A-NFE|0|+1.321542E+02{@LIM2|+2.000000E+02|+2.000000E+01}}
}
{@BLOCK|q3401|00
{@A-NFE|0|+1.081594E+02{@LIM2|+2.000000E+02|+2.000000E+01}}
}
{@BLOCK|q3404|00
{@A-NFE|0|+1.726680E+02{@LIM2|+2.400000E+02|+2.000000E+01}}
}
{@BLOCK|q4001%qf1|00
{@A-NFE|0|+6.424791E+01{@LIM2|+2.000000E+02|+2.000000E+01}}
}
{@BLOCK|q4003|00
{@A-NFE|0|+1.122375E+02{@LIM2|+2.000000E+02|+2.000000E+01}}
}
{@BLOCK|q4005|00
{@A-NFE|0|+1.116596E+02{@LIM2|+2.000000E+02|+2.000000E+01}}
}
{@BLOCK|q4006|00
{@A-NFE|0|+9.773620E+01{@LIM2|+2.000000E+02|+2.000000E+01}}
}
{@BLOCK|q4007%qf2|00
{@A-NFE|0|+8.614644E+01{@LIM2|+2.000000E+02|+2.000000E+01}}
}
{@BLOCK|q4011|00
{@A-NFE|0|+1.334582E+02{@LIM2|+2.000000E+02|+2.000000E+01}}
}
{@BLOCK|q4014|00
{@A-NFE|0|+1.231800E+02{@LIM2|+2.000000E+02|+2.000000E+01}}
}
{@BLOCK|q4015|00
{@A-NFE|0|+5.871952E+01{@LIM2|+2.000000E+02|+2.000000E+01}}
}
{@BLOCK|q4028%qf1|00
{@A-NFE|0|+1.156880E+02{@LIM2|+2.000000E+02|+2.000000E+01}}
}
{@BLOCK|q4028%qf2|00
{@A-NFE|0|+1.151578E+02{@LIM2|+2.000000E+02|+2.000000E+01}}
}
{@BLOCK|q4101|00
{@A-NFE|0|+1.141760E+02{@LIM2|+2.000000E+02|+2.000000E+01}}
}
{@BLOCK|q4302|00
{@A-NFE|0|+4.607849E+01{@LIM2|+2.000000E+02|+2.000000E+01}}
}
{@BLOCK|q4306|00
{@A-NFE|0|+1.214893E+02{@LIM2|+2.000000E+02|+2.000000E+01}}
}
{@BLOCK|q4307|00
{@A-NFE|0|+1.191964E+02{@LIM2|+2.000000E+02|+2.000000E+01}}
}
{@BLOCK|q5601|00
{@A-NFE|0|+1.367144E+02{@LIM2|+2.000000E+02|+2.000000E+01}}
}
{@BLOCK|q5702%qf1|00
{@A-NFE|0|+1.864405E+02{@LIM2|+4.000000E+02|+2.000000E+01}}
}
{@BLOCK|q2909|00
{@A-NFE|0|+1.147466E+02{@LIM2|+2.000000E+02|+2.000000E+01}}
}
{@BLOCK|q3116%qf1|00
{@A-NFE|0|+4.947786E+01{@LIM2|+2.000000E+02|+2.000000E+01}}
}
{@BLOCK|q3116%qf2|00
{@A-NFE|0|+1.013358E+02{@LIM2|+2.500000E+02|+2.000000E+01}}
}
{@BLOCK|q4013%qf2|00
{@A-NFE|0|+1.182719E+02{@LIM2|+2.000000E+02|+2.000000E+01}}
}
{@BLOCK|q4305|00
{@A-NFE|0|+1.466793E+02{@LIM2|+2.000000E+02|+2.000000E+01}}
}
{@BLOCK|q5704%qf1|00
{@A-NFE|0|+1.913583E+02{@LIM2|+4.000000E+02|+2.000000E+01}}
}
{@BLOCK|q5704%qf2|00
{@A-NFE|0|+1.826542E+02{@LIM2|+5.000000E+02|+2.000000E+01}}
}
{@BLOCK|q5808%qf1|00
{@A-NFE|0|+1.880346E+02{@LIM2|+4.000000E+02|+2.000000E+01}}
}
{@BLOCK|q5702%qf2|00
{@A-NFE|0|+1.857111E+02{@LIM2|+4.000000E+02|+2.000000E+01}}
}
{@BLOCK|q5703%qf1|00
{@A-NFE|0|+1.055434E+02{@LIM2|+2.000000E+02|+2.000000E+01}}
}
{@BLOCK|q5703%qf2|00
{@A-NFE|0|+1.176970E+02{@LIM2|+2.000000E+02|+2.000000E+01}}
}
{@BLOCK|q5707%qf1|00
{@A-NFE|0|+1.217708E+02{@LIM2|+2.000000E+02|+2.000000E+01}}
}
{@BLOCK|q6401%qf1|00
{@A-NFE|0|+1.201027E+02{@LIM2|+2.000000E+02|+2.000000E+01}}
}
{@BLOCK|q6401%qf2|00
{@A-NFE|0|+1.103574E+02{@LIM2|+2.000000E+02|+2.000000E+01}}
}
{@BLOCK|q6402|00
{@A-NFE|0|+1.264866E+02{@LIM2|+2.000000E+02|+2.000000E+01}}
}
{@BLOCK|q6404|00
{@A-NFE|0|+1.309394E+02{@LIM2|+2.000000E+02|+2.000000E+01}}
}
{@BLOCK|q7101|00
{@A-NFE|0|+1.268822E+02{@LIM2|+2.000000E+02|+2.000000E+01}}
}
{@BLOCK|q7102|00
{@A-NFE|0|+1.334558E+02{@LIM2|+2.000000E+02|+2.000000E+01}}
}
{@BLOCK|q7104|00
{@A-NFE|0|+1.355413E+02{@LIM2|+2.000000E+02|+2.000000E+01}}
}
{@BLOCK|q7301%qf2|00
{@A-NFE|0|+1.409938E+02{@LIM2|+2.400000E+02|+2.000000E+01}}
}
{@BLOCK|q9104%qf1|00
{@A-NFE|0|+1.276057E+02{@LIM2|+2.000000E+02|+2.000000E+01}}
}
{@BLOCK|q9104%qf2|00
{@A-NFE|0|+8.388884E+01{@LIM2|+2.000000E+02|+2.000000E+01}}
}
{@BLOCK|q9402|00
{@A-NFE|0|+1.353488E+02{@LIM2|+2.000000E+02|+2.000000E+01}}
}
{@BLOCK|q9405%qf1|00
{@A-NFE|0|+1.078355E+02{@LIM2|+2.000000E+02|+2.000000E+01}}
}
{@BLOCK|q5808%qf2|00
{@A-NFE|0|+1.802703E+02{@LIM2|+2.500000E+02|+2.000000E+01}}
}
{@BLOCK|q7103|00
{@A-NFE|0|+1.132509E+02{@LIM2|+2.000000E+02|+2.000000E+01}}
}
{@BLOCK|q7105|00
{@A-NFE|0|+1.318959E+02{@LIM2|+2.000000E+02|+2.000000E+01}}
}
{@BLOCK|q9001|00
{@A-NFE|0|+1.210624E+02{@LIM2|+2.000000E+02|+2.000000E+01}}
}
{@BLOCK|q9002%qf1|00
{@A-NFE|0|+1.297285E+02{@LIM2|+2.000000E+02|+2.000000E+01}}
}
{@BLOCK|q9002%qf2|00
{@A-NFE|0|+1.221121E+02{@LIM2|+2.000000E+02|+2.000000E+01}}
}
{@BLOCK|q9411|00
{@A-NFE|0|+1.261051E+02{@LIM2|+2.000000E+02|+2.000000E+01}}
}
{@BLOCK|d2201|00
{@A-DIO|0|+1.991602E-01{@LIM2|+8.000000E-01|+1.000000E-01}}
}
{@BLOCK|q9405%qf2|00
{@A-NFE|0|+1.548817E+02{@LIM2|+2.000000E+02|+2.000000E+01}}
}
{@BLOCK|d2501%cr1|00
{@A-DIO|0|+5.534743E-01{@LIM2|+8.000000E-01|+4.000000E-01}}
}
{@BLOCK|d2501%cr2|00
{@A-DIO|0|+5.563455E-01{@LIM2|+8.500000E-01|+4.000000E-01}}
}
{@BLOCK|ed3215%ds|00
{@A-DIO|0|+2.689703E-01{@LIM2|+8.000000E-01|+2.000000E-01}}
}
{@BLOCK|d3405|00
{@A-DIO|0|+7.511903E-01{@LIM2|+8.000000E-01|+4.000000E-01}}
}
{@BLOCK|d3406|00
{@A-DIO|0|+7.571936E-01{@LIM2|+8.000000E-01|+4.000000E-01}}
}
{@BLOCK|d4001|00
{@A-DIO|0|+4.824358E-01{@LIM2|+8.000000E-01|+2.000000E-01}}
}
{@BLOCK|d5701|00
{@A-DIO|0|+4.595973E-01{@LIM2|+8.000000E-01|+2.000000E-01}}
}
{@BLOCK|d2601|00
{@A-DIO|0|+4.488657E-01{@LIM2|+8.000000E-01|+2.000000E-01}}
}
{@BLOCK|d2602|00
{@A-DIO|0|+4.471213E-01{@LIM2|+8.000000E-01|+2.000000E-01}}
}
{@BLOCK|d2603|00
{@A-DIO|0|+4.520141E-01{@LIM2|+8.000000E-01|+2.000000E-01}}
}
{@BLOCK|d2613|00
{@A-DIO|0|+4.587790E-01{@LIM2|+8.000000E-01|+4.000000E-01}}
}
{@BLOCK|d2615|00
{@A-DIO|0|+4.473340E-01{@LIM2|+8.000000E-01|+2.000000E-01}}
}
{@BLOCK|d2616|00
{@A-DIO|0|+4.557582E-01{@LIM2|+8.000000E-01|+2.000000E-01}}
}
{@BLOCK|d2969%cr1|00
{@A-DIO|0|+5.405534E-01{@LIM2|+9.000000E-01|+4.000000E-01}}
}
{@BLOCK|d6401%cr1|00
{@A-DIO|0|+5.873546E-01{@LIM2|+8.000000E-01|+4.000000E-01}}
}
{@BLOCK|d9222|00
{@A-DIO|0|+6.943769E-01{@LIM2|+8.000000E-01|+4.000000E-01}}
}
{@BLOCK|d9521|00
{@A-DIO|0|+4.324521E-01{@LIM2|+8.000000E-01|+2.000000E-01}}
}
{@BLOCK|d9522|00
{@A-DIO|0|+6.097223E-01{@LIM2|+8.000000E-01|+4.000000E-01}}
}
{@BLOCK|ed3304%cr1|00
{@A-DIO|0|+7.795971E-01{@LIM2|+8.000000E-01|+4.000000E-01}}
}
{@BLOCK|ed3304%cr2|00
{@A-DIO|0|+7.791621E-01{@LIM2|+8.000000E-01|+4.000000E-01}}
}
{@BLOCK|ed3304%cr4|00
{@A-DIO|0|+7.792926E-01{@LIM2|+8.000000E-01|+4.000000E-01}}
}
{@BLOCK|ed3304%cr6|00
{@A-DIO|0|+6.436972E-01{@LIM2|+8.000000E-01|+4.000000E-01}}
}
{@BLOCK|ed3304%cr8|00
{@A-DIO|0|+6.463073E-01{@LIM2|+8.000000E-01|+4.000000E-01}}
}
{@BLOCK|ed3305|00
{@A-DIO|0|+6.166391E-01{@LIM2|+8.000000E-01|+4.000000E-01}}
}
{@BLOCK|ed3306|00
{@A-DIO|0|+6.359539E-01{@LIM2|+8.000000E-01|+4.000000E-01}}
}
{@BLOCK|ed3401%cr1|00
{@A-DIO|0|+5.030122E-01{@LIM2|+8.000000E-01|+4.000000E-01}}
}
{@BLOCK|ed3401%cr2|00
{@A-DIO|0|+5.022726E-01{@LIM2|+8.000000E-01|+4.000000E-01}}
}
{@BLOCK|ed3402%cr2|00
{@A-DIO|0|+9.143224E-01{@LIM2|+1.200000E+00|+4.000000E-01}}
}
{@BLOCK|ed3403%cr1|00
{@A-DIO|0|+7.825117E-01{@LIM2|+8.000000E-01|+4.000000E-01}}
}
{@BLOCK|ed3403%cr2|00
{@A-DIO|0|+7.812066E-01{@LIM2|+8.000000E-01|+4.000000E-01}}
}
{@BLOCK|ed3403%cr3|00
{@A-DIO|0|+7.811631E-01{@LIM2|+8.000000E-01|+4.000000E-01}}
}
{@BLOCK|ed3403%cr4|00
{@A-DIO|0|+7.824247E-01{@LIM2|+8.000000E-01|+4.000000E-01}}
}
{@BLOCK|ed3403%cr6|00
{@A-DIO|0|+7.452741E-01{@LIM2|+1.200000E+00|+4.000000E-01}}
}
{@BLOCK|ed3403%cr7|00
{@A-DIO|0|+6.840670E-01{@LIM2|+8.000000E-01|+4.000000E-01}}
}
{@BLOCK|ed3403%cr8|00
{@A-DIO|0|+4.907011E-01{@LIM2|+9.000000E-01|+4.000000E-01}}
}
{@BLOCK|ed3703%cr1|00
{@A-DIO|0|+7.797276E-01{@LIM2|+8.000000E-01|+4.000000E-01}}
}
{@BLOCK|ed3703%cr2|00
{@A-DIO|0|+7.797276E-01{@LIM2|+8.000000E-01|+4.000000E-01}}
}
{@BLOCK|ed3703%cr3|00
{@A-DIO|0|+7.795536E-01{@LIM2|+8.000000E-01|+4.000000E-01}}
}
{@BLOCK|ed3703%cr4|00
{@A-DIO|0|+7.797711E-01{@LIM2|+8.000000E-01|+4.000000E-01}}
}
{@BLOCK|d6401%cr2|00
{@A-DIO|0|+5.887586E-01{@LIM2|+8.000000E-01|+4.000000E-01}}
}
{@BLOCK|d6402%cr1|00
{@A-DIO|0|+5.618692E-01{@LIM2|+8.000000E-01|+4.000000E-01}}
}
{@BLOCK|d6402%cr2|00
{@A-DIO|0|+5.636562E-01{@LIM2|+8.000000E-01|+4.000000E-01}}
}
{@BLOCK|d9001%cr1|00
{@A-DIO|0|+5.519133E-01{@LIM2|+8.000000E-01|+4.000000E-01}}
}
{@BLOCK|d9001%cr2|00
{@A-DIO|0|+5.477012E-01{@LIM2|+8.000000E-01|+4.000000E-01}}
}
{@BLOCK|ed2914|00
{@A-DIO|0|+5.319614E-01{@LIM2|+8.000000E-01|+2.000000E-01}}
}
{@BLOCK|ed3701%cr2|00
{@A-DIO|0|+7.682198E-01{@LIM2|+9.000000E-01|+2.000000E-01}}
}
{@BLOCK|ed3704%cr1|00
{@A-DIO|0|+7.232056E-01{@LIM2|+9.000000E-01|+4.000000E-01}}
}
{@BLOCK|ed3703%cr5|00
{@A-DIO|0|+6.898092E-01{@LIM2|+9.000000E-01|+4.000000E-01}}
}
{@BLOCK|ed3703%cr6|00
{@A-DIO|0|+7.441865E-01{@LIM2|+9.000000E-01|+4.000000E-01}}
}
{@BLOCK|ed3703%cr7|00
{@A-DIO|0|+7.441865E-01{@LIM2|+9.000000E-01|+4.000000E-01}}
}
{@BLOCK|ed3703%cr8|00
{@A-DIO|0|+7.451871E-01{@LIM2|+9.000000E-01|+4.000000E-01}}
}
{@BLOCK|ed3709%cr1|00
{@A-DIO|0|+7.801626E-01{@LIM2|+8.000000E-01|+4.000000E-01}}
}
{@BLOCK|ed3709%cr2|00
{@A-DIO|0|+7.794666E-01{@LIM2|+8.000000E-01|+4.000000E-01}}
}
{@BLOCK|ed3709%cr3|00
{@A-DIO|0|+7.790750E-01{@LIM2|+8.000000E-01|+4.000000E-01}}
}
{@BLOCK|ed3709%cr4|00
{@A-DIO|0|+7.795101E-01{@LIM2|+8.000000E-01|+4.000000E-01}}
}
{@BLOCK|ed3709%cr5|00
{@A-DIO|0|+6.687543E-01{@LIM2|+9.000000E-01|+4.000000E-01}}
}
{@BLOCK|ed3709%cr6|00
{@A-DIO|0|+6.694068E-01{@LIM2|+9.000000E-01|+4.000000E-01}}
}
{@BLOCK|ed3709%cr7|00
{@A-DIO|0|+6.686238E-01{@LIM2|+9.000000E-01|+4.000000E-01}}
}
{@BLOCK|ed3709%cr8|00
{@A-DIO|0|+6.704509E-01{@LIM2|+9.000000E-01|+4.000000E-01}}
}
{@BLOCK|ed5702%cr1|00
{@A-DIO|0|+6.274710E-01{@LIM2|+8.000000E-01|+4.000000E-01}}
}
{@BLOCK|ed5702%cr2|00
{@A-DIO|0|+6.258614E-01{@LIM2|+9.000000E-01|+2.000000E-01}}
}
{@BLOCK|ed5704%cr1|00
{@A-DIO|0|+7.765084E-01{@LIM2|+8.000000E-01|+4.000000E-01}}
}
{@BLOCK|ed5704%cr2|00
{@A-DIO|0|+7.401844E-01{@LIM2|+8.000000E-01|+4.000000E-01}}
}
{@BLOCK|ed5704%cr4|00
{@A-DIO|0|+5.711796E-01{@LIM2|+8.000000E-01|+4.000000E-01}}
}
{@BLOCK|ed5704%cr5|00
{@A-DIO|0|+4.916582E-01{@LIM2|+8.000000E-01|+4.000000E-01}}
}
{@BLOCK|ed5704%cr6|00
{@A-DIO|0|+4.916147E-01{@LIM2|+8.000000E-01|+2.000000E-01}}
}
{@BLOCK|ed5704%cr8|00
{@A-DIO|0|+5.900594E-01{@LIM2|+8.000000E-01|+4.000000E-01}}
}
{@BLOCK|ed5707%cr2|00
{@A-DIO|0|+6.413046E-01{@LIM2|+8.000000E-01|+4.000000E-01}}
}
{@BLOCK|ed5707%cr6|00
{@A-DIO|0|+5.954536E-01{@LIM2|+9.000000E-01|+4.000000E-01}}
}
{@BLOCK|ed5803%cr2|00
{@A-DIO|0|+6.933329E-01{@LIM2|+8.000000E-01|+4.000000E-01}}
}
{@BLOCK|ed5803%cr7|00
{@A-DIO|0|+7.090805E-01{@LIM2|+8.000000E-01|+4.000000E-01}}
}
{@BLOCK|ed5805%cr2|00
{@A-DIO|0|+7.190860E-01{@LIM2|+9.000000E-01|+4.000000E-01}}
}
{@BLOCK|ed5805%cr5|00
{@A-DIO|0|+7.099071E-01{@LIM2|+8.000000E-01|+4.000000E-01}}
}
{@BLOCK|ed5805%cr6|00
{@A-DIO|0|+8.101354E-01{@LIM2|+1.100000E+00|+4.000000E-01}}
}
{@BLOCK|ed5805%cr8|00
{@A-DIO|0|+8.102659E-01{@LIM2|+1.100000E+00|+4.000000E-01}}
}
{@BLOCK|ed6402%cr1|00
{@A-DIO|0|+7.712012E-01{@LIM2|+8.000000E-01|+4.000000E-01}}
}
{@BLOCK|ed6402%cr2|00
{@A-DIO|0|+7.744638E-01{@LIM2|+8.200000E-01|+4.000000E-01}}
}
{@BLOCK|ed6501|00
{@A-DIO|0|+7.224791E-01{@LIM2|+8.000000E-01|+4.000000E-01}}
}
{@BLOCK|ed6502|00
{@A-DIO|0|+7.177374E-01{@LIM2|+8.000000E-01|+4.000000E-01}}
}
{@BLOCK|ed6503|00
{@A-DIO|0|+6.450023E-01{@LIM2|+8.000000E-01|+4.000000E-01}}
}
{@BLOCK|ed6504|00
{@A-DIO|0|+7.256982E-01{@LIM2|+8.000000E-01|+4.000000E-01}}
}
{@BLOCK|ed7301%cr1|00
{@A-DIO|0|+7.789445E-01{@LIM2|+8.000000E-01|+4.000000E-01}}
}
{@BLOCK|ed7301%cr2|00
{@A-DIO|0|+7.608913E-01{@LIM2|+9.000000E-01|+5.000000E-01}}
}
{@BLOCK|ed7301%cr3|00
{@A-DIO|0|+7.897330E-01{@LIM2|+8.500000E-01|+4.000000E-01}}
}
{@BLOCK|ed7301%cr4|00
{@A-DIO|0|+7.792926E-01{@LIM2|+8.000000E-01|+4.000000E-01}}
}
{@BLOCK|ed7301%cr5|00
{@A-DIO|0|+6.837189E-01{@LIM2|+8.000000E-01|+4.000000E-01}}
}
{@BLOCK|ed7301%cr6|00
{@A-DIO|0|+7.207390E-01{@LIM2|+8.000000E-01|+4.000000E-01}}
}
{@BLOCK|ed7301%cr7|00
{@A-DIO|0|+7.018157E-01{@LIM2|+8.000000E-01|+4.000000E-01}}
}
{@BLOCK|ed7301%cr8|00
{@A-DIO|0|+6.888522E-01{@LIM2|+8.000000E-01|+4.000000E-01}}
}
{@BLOCK|ed7311%cr1|00
{@A-DIO|0|+7.321800E-01{@LIM2|+9.000000E-01|+4.000000E-01}}
}
{@BLOCK|ed7311%cr2|00
{@A-DIO|0|+7.317015E-01{@LIM2|+9.000000E-01|+4.000000E-01}}
}
{@BLOCK|ed9202%cr1|00
{@A-DIO|0|+7.800756E-01{@LIM2|+8.000000E-01|+4.000000E-01}}
}
{@BLOCK|ed9202%cr2|00
{@A-DIO|0|+7.815982E-01{@LIM2|+8.000000E-01|+4.000000E-01}}
}
{@BLOCK|ed9202%cr3|00
{@A-DIO|0|+7.807716E-01{@LIM2|+9.000000E-01|+4.000000E-01}}
}
{@BLOCK|ed9202%cr4|00
{@A-DIO|0|+7.815547E-01{@LIM2|+8.000000E-01|+4.000000E-01}}
}
{@BLOCK|ed9202%cr5|00
{@A-DIO|0|+6.480474E-01{@LIM2|+8.000000E-01|+4.000000E-01}}
}
{@BLOCK|ed9202%cr6|00
{@A-DIO|0|+6.494830E-01{@LIM2|+8.000000E-01|+4.000000E-01}}
}
{@BLOCK|ed9202%cr7|00
{@A-DIO|0|+6.491350E-01{@LIM2|+8.000000E-01|+4.000000E-01}}
}
{@BLOCK|ed9202%cr8|00
{@A-DIO|0|+6.537461E-01{@LIM2|+8.000000E-01|+4.000000E-01}}
}
{@BLOCK|ed9204|00
{@A-DIO|0|+6.590534E-01{@LIM2|+8.000000E-01|+4.000000E-01}}
}
{@BLOCK|ed9205|00
{@A-DIO|0|+5.230665E-01{@LIM2|+8.000000E-01|+4.000000E-01}}
}
{@BLOCK|hled1%cr|00
{@A-DIO|0|+2.766049E+00{@LIM2|+3.500000E+00|+2.500000E+00}}
}
{@BLOCK|q3402|00
{@A-DIO|0|+7.012937E-01|B-E{@LIM2|+8.050000E-01|+6.030000E-01}}
{@A-DIO|0|+6.850675E-01|B-C{@LIM2|+8.050000E-01|+6.030000E-01}}
}
{@BLOCK|q5701%q2|00
{@A-DIO|0|+6.905487E-01|B-E{@LIM2|+8.020000E-01|+6.000000E-01}}
{@A-DIO|0|+6.579658E-01|B-C{@LIM2|+8.040000E-01|+6.020000E-01}}
}
{@BLOCK|q5804%q1|00
{@A-DIO|0|+6.925063E-01|B-E{@LIM2|+8.030000E-01|+6.000000E-01}}
{@A-DIO|0|+6.657527E-01|B-C{@LIM2|+8.040000E-01|+6.020000E-01}}
}
{@BLOCK|q5804%q2|00
{@A-DIO|0|+6.925498E-01|B-E{@LIM2|+8.020000E-01|+6.000000E-01}}
{@A-DIO|0|+6.680148E-01|B-C{@LIM2|+8.040000E-01|+6.020000E-01}}
}
{@BLOCK|q2915|00
{@A-DIO|0|+7.333981E-01|B-E{@LIM2|+8.060000E-01|+6.030000E-01}}
{@A-DIO|0|+7.287869E-01|B-C{@LIM2|+8.060000E-01|+6.030000E-01}}
}
{@BLOCK|q2916|00
{@A-DIO|0|+7.419244E-01|B-E{@LIM2|+8.040000E-01|+6.020000E-01}}
{@A-DIO|0|+7.417939E-01|B-C{@LIM2|+8.030000E-01|+6.000000E-01}}
}
{@BLOCK|q2917|00
{@A-DIO|0|+7.386183E-01|B-E{@LIM2|+8.050000E-01|+6.030000E-01}}
{@A-DIO|0|+7.388358E-01|B-C{@LIM2|+8.040000E-01|+6.010000E-01}}
}
{@BLOCK|ed5704%ds|00
{@A-DIO|0|+5.878010E-01{@LIM2|+8.000000E-01|+4.000000E-01}}
}
{@BLOCK|ed5707%ds|00
{@A-DIO|0|+5.944991E-01{@LIM2|+8.000000E-01|+4.000000E-01}}
}
{@BLOCK|ed5803%ds|00
{@A-DIO|0|+5.923240E-01{@LIM2|+8.000000E-01|+4.000000E-01}}
}
{@BLOCK|ed5805%ds|00
{@A-DIO|0|+7.098442E-01{@LIM2|+9.000000E-01|+4.000000E-01}}
}
{@BLOCK|ed6314|00
{@A-ZEN|0|+3.206293E+00{@LIM3|+3.300000E+00|+3.517140E+00|+3.162390E+00}}
}
{@BLOCK|ed3704%cr2|00
{@A-DIO|0|+7.711130E-01{@LIM2|+9.000000E-01|+2.000000E-01}}
}
{@BLOCK|ed3705%cr1|00
{@A-DIO|0|+5.188547E-01{@LIM2|+8.000000E-01|+4.000000E-01}}
}
{@BLOCK|ed3708%cr1|00
{@A-DIO|0|+9.167497E-01{@LIM2|+1.200000E+00|+4.000000E-01}}
}
{@BLOCK|ed3708%cr2|00
{@A-DIO|0|+9.184515E-01{@LIM2|+1.200000E+00|+6.000000E-01}}
}
{@BLOCK|q2919|00
{@A-DIO|0|+7.372885E-01|B-E{@LIM2|+8.050000E-01|+6.030000E-01}}
{@A-DIO|0|+7.343528E-01|B-C{@LIM2|+8.060000E-01|+6.030000E-01}}
}
{@BLOCK|capacitor_power_check|00
{@A-MEA|0|+1.180356E+00|tc9407_voltage{@LIM2|+5.500000E+00|+5.000000E-01}}
{@A-MEA|0|+2.360434E+00|tc9301_voltage{@LIM2|+5.500000E+00|+5.000000E-01}}
{@A-MEA|0|+1.977755E-01|tc9407_polarity{@LIM2|+2.000000E+00|-2.000000E+00}}
{@A-MEA|0|+3.584468E-01|tc9301_polarity{@LIM2|+2.000000E+00|-2.000000E+00}}
{@A-MEA|0|+6.181761E-01|tc9403_polarity{@LIM2|+2.000000E+00|-2.000000E+00}}
{@A-MEA|0|+4.990343E+00|tc9408_voltage{@LIM2|+5.500000E+00|+4.500000E+00}}
{@A-MEA|0|+6.711092E-01|tc9408_polarity{@LIM2|+2.000000E+00|-2.000000E+00}}
{@A-MEA|0|+5.448188E-01|tc9405_polarity{@LIM2|+2.000000E+00|-2.000000E+00}}
{@A-MEA|0|+6.542591E-01|tc3302_polarity{@LIM2|+2.000000E+00|-2.000000E+00}}
{@A-MEA|0|+4.729082E+00|tc2602_voltage{@LIM2|+5.500000E+00|+3.500000E+00}}
{@A-MEA|0|+6.103468E-01|tc2602_polarity{@LIM2|+2.000000E+00|-2.000000E+00}}
{@A-MEA|0|+4.800912E+00|tc9403_voltage{@LIM2|+5.500000E+00|+4.500000E+00}}
{@A-MEA|0|+3.299039E+00|tc9405_voltage{@LIM2|+4.000000E+00|+2.500000E+00}}
{@A-MEA|0|+4.997543E+00|tc3302_voltage{@LIM2|+5.500000E+00|+4.500000E+00}}
{@A-MEA|0|+4.754974E+00|tc2601_voltage{@LIM2|+5.500000E+00|+4.500000E+00}}
}
{@BLOCK|power_nodes|00
{@A-MEA|0|+1.200276E+01|+12V_CPU_ATX{@LIM2|+1.310000E+01|+8.900000E+00}}
{@A-MEA|0|+3.299209E+00|+3D3V_BAT_PWR{@LIM2|+4.000000E+00|+2.500000E+00}}
{@A-MEA|0|+3.380055E+00|+3D3V_DSW{@LIM2|+4.000000E+00|+2.500000E+00}}
{@A-MEA|0|+1.839429E+00|+PWR_1P8V_PCH{@LIM2|+2.500000E+00|+1.000000E+00}}
{@A-MEA|0|+8.747563E-01|+0D77V_VNNAON_S5{@LIM2|+1.500000E+00|+3.000000E-01}}
{@A-MEA|0|+1.200833E+01|+12V_MAIN_ATX{@LIM2|+1.310000E+01|+8.900000E+00}}
{@A-MEA|0|+5.102296E+00|+5V_S5{@LIM2|+6.000000E+00|+4.000000E+00}}
{@A-MEA|0|+1.278607E+00|+1D25V_VCCPRIM_IO_S5{@LIM2|+1.800000E+00|+8.000000E-01}}
}
{@D-T|0|384||0|u3905
}
{@D-T|0|384||0|u6101
}
{@D-T|0|384||0|u9406
}
{@BLOCK|pu4701|00
{@A-MEA|0|+5.100556E+00|pino3{@LIM2|+6.000000E+00|+1.000000E-01}}
{@A-MEA|0|+1.200137E+01|pino8{@LIM2|+1.350000E+01|+1.050000E+01}}
}
{@BLOCK|pu4702|00
{@A-MEA|0|+2.046163E-01|pino3{@LIM2|+6.000000E+00|+1.000000E-01}}
{@A-MEA|0|+1.199998E+01|pino8{@LIM2|+1.350000E+01|+1.050000E+01}}
}
{@BLOCK|pu4703|00
{@A-MEA|0|+5.044351E+00|pino3{@LIM2|+6.000000E+00|+1.000000E-01}}
{@A-MEA|0|+1.200137E+01|pino8{@LIM2|+1.350000E+01|+1.050000E+01}}
}
{@BLOCK|pu4704|00
{@A-MEA|0|+5.100730E+00|pino3{@LIM2|+6.000000E+00|+1.000000E-01}}
{@A-MEA|0|+1.200137E+01|pino8{@LIM2|+1.350000E+01|+1.050000E+01}}
}
{@BLOCK|pu4705|00
{@A-MEA|0|+5.101426E+00|pino3{@LIM2|+6.000000E+00|+1.000000E-01}}
{@A-MEA|0|+1.200137E+01|pino8{@LIM2|+1.350000E+01|+1.050000E+01}}
}
{@BLOCK|pu4707|00
{@A-MEA|0|+6.654784E+00|pino3{@LIM2|+7.500000E+00|+1.000000E-01}}
{@A-MEA|0|+1.200137E+01|pino8{@LIM2|+1.350000E+01|+1.050000E+01}}
}
{@BLOCK|pu5001|00
{@A-MEA|0|+1.199998E+01|pino8{@LIM2|+1.350000E+01|+1.050000E+01}}
{@A-MEA|0|+3.534810E+00|pino24{@LIM2|+6.000000E+00|+5.000000E-01}}
}
{@BLOCK|pu5101|00
{@A-MEA|0|+1.200694E+01|pino2{@LIM2|+1.350000E+01|+1.050000E+01}}
{@A-MEA|0|+6.960366E-04|pino7{@LIM2|+4.000000E+00|-1.000000E+00}}
{@A-MEA|0|+6.908163E-02|pino10{@LIM2|+4.000000E+00|-1.000000E+00}}
{@A-MEA|0|+3.380225E+00|pino12{@LIM2|+4.000000E+00|+2.500000E+00}}
{@A-MEA|0|+8.226204E-01|pino15{@LIM2|+1.500000E+00|+5.000000E-01}}
}
{@BLOCK|pu5201|00
{@A-MEA|0|+3.381172E+00|pino1{@LIM2|+4.000000E+00|+2.500000E+00}}
{@A-MEA|0|+5.100382E+00|pino7{@LIM2|+6.000000E+00|+4.000000E+00}}
{@A-MEA|0|+8.228379E-01|pino8{@LIM2|+1.800000E+00|+5.000000E-01}}
}
{@BLOCK|pu5203|00
{@A-MEA|0|+1.199998E+01|pino11{@LIM2|+1.400000E+01|+1.050000E+01}}
{@A-MEA|0|+5.101252E+00|pino32{@LIM2|+6.000000E+00|-1.000000E+00}}
}
{@BLOCK|pu5302|00
{@A-MEA|0|+1.200972E+01|pino2{@LIM2|+1.450000E+01|+1.050000E+01}}
{@A-MEA|0|+5.937868E+00|pino7{@LIM2|+6.500000E+00|+2.500000E+00}}
{@A-MEA|0|+3.379606E+00|pino12{@LIM2|+4.000000E+00|-1.000000E+00}}
{@A-MEA|0|+1.843298E+00|pino15{@LIM2|+2.500000E+00|+1.000000E+00}}
}
{@BLOCK|pu5303|00
{@A-MEA|0|+1.199998E+01|pino1{@LIM2|+1.400000E+01|+1.050000E+01}}
{@A-MEA|0|+3.380650E+00|pino3{@LIM2|+4.000000E+00|-1.000000E+00}}
{@A-MEA|0|+1.275736E+00|pino9{@LIM2|+1.800000E+00|+5.000000E-01}}
}
{@BLOCK|pu5402|00
{@A-MEA|0|+1.203305E+00|pino3{@LIM2|+1.800000E+00|+5.000000E-01}}
{@A-MEA|0|+3.380302E+00|pino5{@LIM2|+4.000000E+00|+2.500000E+00}}
{@A-MEA|0|+5.101078E+00|pino6{@LIM2|+6.000000E+00|+4.000000E+00}}
}
{@BLOCK|u1201|00
{@A-MEA|0|+2.392603E-03|pino2{@LIM2|+1.500000E+00|-1.000000E+00}}
{@A-MEA|0|+9.679167E-02|pino3{@LIM2|+1.500000E+00|-1.000000E+00}}
{@A-MEA|0|+9.287650E-02|pino4{@LIM2|+1.500000E+00|-1.000000E+00}}
{@A-MEA|0|+4.907058E-02|pino5{@LIM2|+4.000000E+00|-1.000000E+00}}
{@A-MEA|0|+4.332828E-02|pino6{@LIM2|+4.000000E+00|-1.000000E+00}}
{@A-MEA|0|+4.625163E-01|pino7{@LIM2|+4.000000E+00|-1.000000E+00}}
}
{@BLOCK|u2701|00
{@A-MEA|0|+1.838929E+00|pino9{@LIM2|+3.800000E+00|+1.000000E+00}}
{@A-MEA|0|+5.101078E+00|pino25{@LIM2|+6.000000E+00|+4.000000E+00}}
}
{@BLOCK|u2702|00
{@A-MEA|0|+4.212413E+00|pino1{@LIM2|+6.000000E+00|+5.000000E-01}}
{@A-MEA|0|+1.802146E+00|pino5{@LIM2|+2.500000E+00|+1.000000E+00}}
}
{@BLOCK|u3201|00
{@A-MEA|0|+5.100730E+00|pino1{@LIM2|+6.000000E+00|+4.000000E+00}}
{@A-MEA|0|+5.102122E+00|pino5{@LIM2|+6.000000E+00|+4.000000E+00}}
}
{@BLOCK|u3301|00
{@A-MEA|0|+5.101600E+00|pino1{@LIM2|+6.000000E+00|+4.000000E+00}}
{@A-MEA|0|+5.101948E+00|pino5{@LIM2|+6.000000E+00|+4.000000E+00}}
}
{@BLOCK|u3302|00
{@A-MEA|0|+5.100904E+00|pino1{@LIM2|+6.000000E+00|+4.000000E+00}}
{@A-MEA|0|+5.101600E+00|pino5{@LIM2|+6.000000E+00|+4.000000E+00}}
}
{@BLOCK|u3401|00
{@A-MEA|0|+5.099860E+00|pino1{@LIM2|+6.000000E+00|+4.000000E+00}}
{@A-MEA|0|+5.100382E+00|pino5{@LIM2|+6.000000E+00|+4.000000E+00}}
}
{@BLOCK|u3402|00
{@A-MEA|0|+5.101426E+00|pino5{@LIM2|+6.000000E+00|+4.000000E+00}}
}
{@BLOCK|u3702|00
{@A-MEA|0|+5.100382E+00|pino1{@LIM2|+6.000000E+00|+4.000000E+00}}
{@A-MEA|0|+5.102296E+00|pino5{@LIM2|+6.000000E+00|+4.000000E+00}}
}
{@BLOCK|u3703|00
{@A-MEA|0|+5.100034E+00|pino1{@LIM2|+6.000000E+00|+4.000000E+00}}
{@A-MEA|0|+5.102122E+00|pino5{@LIM2|+6.000000E+00|+4.000000E+00}}
}
{@BLOCK|u3904|00
{@A-MEA|0|+3.381868E+00|pino1{@LIM2|+4.000000E+00|+2.500000E+00}}
{@A-MEA|0|+3.381520E+00|pino5{@LIM2|+4.000000E+00|+2.500000E+00}}
}
{@BLOCK|u4001|00
{@A-MEA|0|+1.839035E+00|pino1{@LIM2|+2.500000E+00|+1.000000E+00}}
{@A-MEA|0|+9.980635E-01|pino5{@LIM2|+1.800000E+00|+5.000000E-01}}
}
{@BLOCK|u5702|00
{@A-MEA|0|+4.936465E+00|pino1{@LIM2|+6.000000E+00|+4.000000E+00}}
{@A-MEA|0|+4.941860E+00|pino5{@LIM2|+6.000000E+00|+4.000000E+00}}
}
{@BLOCK|u5703|00
{@A-MEA|0|+3.378736E+00|pino1{@LIM2|+4.000000E+00|+2.500000E+00}}
{@A-MEA|0|+3.378910E+00|pino5{@LIM2|+4.000000E+00|+2.500000E+00}}
}
{@BLOCK|u5705|00
{@A-MEA|0|+3.379954E+00|pino1{@LIM2|+4.000000E+00|+2.500000E+00}}
{@A-MEA|0|+3.379606E+00|pino5{@LIM2|+4.000000E+00|+2.500000E+00}}
}
{@BLOCK|u5801|00
{@A-MEA|0|+3.378736E+00|pino1{@LIM2|+4.000000E+00|+2.500000E+00}}
{@A-MEA|0|+9.112859E-01|pino5{@LIM2|+4.000000E+00|+5.000000E-01}}
}
{@BLOCK|u7303|00
{@A-MEA|0|+5.102296E+00|pino1{@LIM2|+6.000000E+00|+4.000000E+00}}
{@A-MEA|0|+5.100556E+00|pino5{@LIM2|+6.000000E+00|+4.000000E+00}}
{@A-MEA|0|+5.100034E+00|pino11{@LIM2|+6.000000E+00|+4.000000E+00}}
}
{@BLOCK|u9001|00
{@A-MEA|0|+5.101252E+00|pino1{@LIM2|+6.000000E+00|+4.000000E+00}}
{@A-MEA|0|+5.100556E+00|pino5{@LIM2|+6.000000E+00|+4.000000E+00}}
}
{@BLOCK|u9401|00
{@A-MEA|0|+3.378910E+00|pino1{@LIM2|+4.000000E+00|-1.000000E+00}}
{@A-MEA|0|+3.379606E+00|pino5{@LIM2|+4.000000E+00|+2.500000E+00}}
}
{@BLOCK|u4004|00
{@A-MEA|0|+3.381346E+00|pino1{@LIM2|+4.000000E+00|+5.000000E-01}}
{@A-MEA|0|+5.102644E+00|pino4{@LIM2|+6.000000E+00|+4.000000E+00}}
{@A-MEA|0|+3.379780E+00|pino13{@LIM2|+4.000000E+00|+5.000000E-01}}
}
{@BLOCK|u4005|00
{@A-MEA|0|+5.101600E+00|pino1{@LIM2|+6.000000E+00|+5.000000E-01}}
{@A-MEA|0|+5.101252E+00|pino4{@LIM2|+6.000000E+00|+5.000000E-01}}
}
{@BLOCK|u4006|00
{@A-MEA|0|+5.101774E+00|pino1{@LIM2|+6.000000E+00|+4.000000E+00}}
{@A-MEA|0|+5.102818E+00|pino4{@LIM2|+6.000000E+00|+4.000000E+00}}
{@A-MEA|0|+5.097076E+00|pino13{@LIM2|+6.000000E+00|+4.000000E+00}}
}
{@BLOCK|u4007|00
{@A-MEA|0|+3.381346E+00|pino1{@LIM2|+4.000000E+00|+2.500000E+00}}
{@A-MEA|0|+5.100034E+00|pino4{@LIM2|+6.000000E+00|+4.000000E+00}}
{@A-MEA|0|+3.379954E+00|pino13{@LIM2|+4.000000E+00|+2.500000E+00}}
}
{@BLOCK|u4008|00
{@A-MEA|0|+3.381346E+00|pino1{@LIM2|+4.000000E+00|+2.500000E+00}}
{@A-MEA|0|+5.101252E+00|pino4{@LIM2|+6.000000E+00|+3.000000E+00}}
{@A-MEA|0|+3.381520E+00|pino13{@LIM2|+4.000000E+00|+2.500000E+00}}
}
{@BLOCK|pu4801|00
{@A-MEA|0|+1.199998E+01|pino7{@LIM2|+1.400000E+01|+1.050000E+01}}
{@A-MEA|0|+1.200137E+01|pino11{@LIM2|+1.400000E+01|+1.050000E+01}}
{@A-MEA|0|+5.102470E+00|pino32{@LIM2|+6.000000E+00|+4.000000E+00}}
{@A-MEA|0|+1.547811E+00|pino47{@LIM2|+6.000000E+00|+5.000000E-01}}
}
{@BLOCK|pu5301|00
{@A-MEA|0|+3.381694E+00|pino2{@LIM2|+4.000000E+00|+2.500000E+00}}
{@A-MEA|0|+5.102644E+00|pino3{@LIM2|+6.000000E+00|+4.000000E+00}}
{@A-MEA|0|+1.851650E+00|pino6{@LIM2|+2.500000E+00|+1.000000E+00}}
}
{@BLOCK|pu4501|00
{@A-MEA|0|+3.307914E+00|pino3{@LIM2|+4.000000E+00|+2.500000E+00}}
}
{@BLOCK|pu4801|00
{@A-MEA|0|+3.403721E-04|pino18{@LIM2|+1.800000E+00|-1.000000E+00}}
}
{@BLOCK|pu4501|00
{@A-MEA|0|+3.758250E+00|pino7{@LIM2|+4.000000E+00|+1.000000E-01}}
{@A-MEA|0|+3.455822E+00|pino8{@LIM2|+4.000000E+00|+2.500000E+00}}
{@A-MEA|0|+1.200694E+01|pino12{@LIM2|+1.400000E+01|+1.050000E+01}}
{@A-MEA|0|+5.101948E+00|pino13{@LIM2|+6.000000E+00|+4.000000E+00}}
{@A-MEA|0|+5.101426E+00|pino18{@LIM2|+6.000000E+00|+4.000000E+00}}
}
{@BLOCK|pu4706|00
{@A-MEA|0|+3.969671E+00|pino3{@LIM2|+6.000000E+00|+1.000000E-01}}
{@A-MEA|0|+1.199998E+01|pino8{@LIM2|+1.350000E+01|+1.050000E+01}}
}
}}