{@BATCH|e14_gen7_amd||4093|1||btest|050101000906~16|ICT0264\engineer|ICT0264|C:/Agilent_ICT/boards/e14_gen7_amd|RevA|sb21s86122r7_250||sb21s86122r7_250
{@BTEST|6683000252|00|050101025345|000018|0|all||n||050101025403||1
{@BLOCK|pc1439|00
{@A-CAP|0|+9.081221E-04{@LIM3|+8.411010E-04|+1.093431E-03|+5.862844E-04}}
}
{@BLOCK|pc1404|00
{@A-CAP|0|+3.543978E-03{@LIM3|+3.210000E-03|+4.173000E-03|+2.237511E-03}}
}
{@BLOCK|pc1461|00
{@A-CAP|0|+2.140162E-04{@LIM3|+2.022010E-04|+2.628613E-04|+1.415407E-04}}
}
{@BLOCK|ca1|00
{@A-CAP|0|+2.494304E-05{@LIM3|+2.040000E-05|+3.060000E-05|+1.020000E-05}}
}
{@BLOCK|ca68|00
{@A-CAP|0|+5.727286E-06{@LIM3|+5.900000E-06|+7.670000E-06|+4.130000E-06}}
}
{@BLOCK|cc550|00
{@A-CAP|0|+9.003630E-05{@LIM3|+8.640000E-05|+1.123200E-04|+6.048000E-05}}
}
{@BLOCK|cc553|00
{@A-CAP|0|+3.667687E-05{@LIM3|+3.110000E-05|+4.043000E-05|+2.177000E-05}}
}
{@BLOCK|cc560|00
{@A-CAP|0|+4.139450E-05{@LIM3|+4.161000E-05|+7.073700E-05|+2.912700E-05}}
}
{@BLOCK|cc568|00
{@A-CAP|0|+1.167833E-04{@LIM3|+1.200000E-04|+1.560000E-04|+8.400000E-05}}
}
{@BLOCK|cc586|00
{@A-CAP|0|+2.600587E-04{@LIM3|+2.642010E-04|+3.434613E-04|+1.849407E-04}}
}
{@BLOCK|cc649|00
{@A-CAP|0|+2.368360E-04{@LIM3|+2.131000E-04|+2.770300E-04|+1.491406E-04}}
}
{@BLOCK|cc613|00
{@A-CAP|0|+1.598178E-04{@LIM3|+1.460000E-04|+1.898000E-04|+1.022000E-04}}
}
{@BLOCK|cd1|00
{@A-CAP|0|+9.219756E-05{@LIM3|+9.120000E-05|+1.185600E-04|+6.384000E-05}}
}
{@BLOCK|ck5|00
{@A-CAP|0|+1.347839E-05{@LIM3|+1.130000E-05|+1.469000E-05|+7.910000E-06}}
}
{@BLOCK|ck101|00
{@A-CAP|0|+1.190718E-05{@LIM3|+1.130000E-05|+1.469000E-05|+7.910000E-06}}
}
{@BLOCK|cn8|00
{@A-CAP|0|+2.411788E-05{@LIM3|+2.120000E-05|+2.756000E-05|+1.484000E-05}}
}
{@BLOCK|cu609|00
{@A-CAP|0|+6.004553E-05{@LIM3|+6.240000E-05|+8.112000E-05|+4.368000E-05}}
}
{@BLOCK|cu1115|00
{@A-CAP|0|+2.089507E-04{@LIM3|+1.988000E-04|+2.584400E-04|+1.391326E-04}}
}
{@BLOCK|cu2|00
{@A-CAP|0|+5.890586E-06{@LIM3|+9.201000E-06|+1.380150E-05|+4.600500E-06}}
}
{@BLOCK|cu24|00
{@A-CAP|0|+5.856508E-06{@LIM3|+5.201000E-06|+8.841700E-06|+4.160800E-06}}
}
{@BLOCK|cu611|00
{@A-CAP|0|+2.781888E-05{@LIM3|+3.000000E-05|+4.500000E-05|+1.500000E-05}}
}
{@BLOCK|cu622|00
{@A-CAP|0|+1.613844E-05{@LIM3|+1.470000E-05|+1.911000E-05|+1.029000E-05}}
}
{@BLOCK|pc1133|00
{@A-CAP|0|+2.641184E-04{@LIM3|+2.931100E-04|+3.810430E-04|+2.051160E-04}}
}
{@BLOCK|pc5344|00
{@A-CAP|0|+8.073458E-05{@LIM3|+8.439500E-05|+1.097135E-04|+5.907650E-05}}
}
{@BLOCK|pc6235|00
{@A-CAP|0|+2.868868E-04{@LIM3|+3.171000E-04|+4.122300E-04|+2.215311E-04}}
}
{@BLOCK|cc359|00
{@A-CAP|0|+9.554839E-08{@LIM3|+1.000000E-07|+1.300000E-07|+7.000000E-08}}
}
{@BLOCK|ca59|00
{@A-CAP|0|+8.970465E-08{@LIM3|+1.000000E-07|+1.200000E-07|+8.000000E-08}}
}
{@BLOCK|cc257|00
{@A-CAP|0|+8.609654E-08{@LIM3|+1.000000E-07|+1.300000E-07|+7.000000E-08}}
}
{@BLOCK|pc6222|00
{@A-CAP|0|+5.024105E-06{@LIM3|+5.601000E-06|+7.281300E-06|+3.920700E-06}}
}
{@BLOCK|ce31|00
{@A-CAP|0|+1.048669E-09{@LIM3|+1.000000E-09|+1.557000E-09|+5.000000E-10}}
}
{@BLOCK|ci207|00
{@A-CAP|0|+2.131405E-05{@LIM3|+2.310000E-05|+3.465000E-05|+1.154681E-05}}
}
{@BLOCK|cr59|00
{@A-CAP|0|+1.097728E-06{@LIM3|+1.202000E-06|+1.562600E-06|+8.414000E-07}}
}
{@BLOCK|ci301|00
{@A-CAP|0|+9.962767E-08{@LIM3|+1.000000E-07|+1.200000E-07|+8.000000E-08}}
}
{@BLOCK|cn21|00
{@A-CAP|0|+1.161026E-06{@LIM3|+1.200000E-06|+1.560000E-06|+8.400000E-07}}
}
{@BLOCK|cl11|00
{@A-CAP|0|+1.046352E-07{@LIM3|+1.000000E-07|+1.450000E-07|+7.000000E-08}}
}
{@BLOCK|ci206|00
{@A-CAP|0|+2.750930E-05{@LIM3|+2.310000E-05|+3.003000E-05|+1.616681E-05}}
}
{@BLOCK|cu4|00
{@A-CAP|0|+9.531651E-08{@LIM3|+1.000000E-07|+1.200000E-07|+8.000000E-08}}
}
{@BLOCK|cu7|00
{@A-CAP|0|+4.685245E-06{@LIM3|+4.800000E-06|+5.760000E-06|+3.840000E-06}}
}
{@BLOCK|cu9|00
{@A-CAP|0|+4.442540E-06{@LIM3|+4.800000E-06|+5.760000E-06|+3.360000E-06}}
}
{@BLOCK|cu29|00
{@A-CAP|0|+5.866829E-06{@LIM3|+6.000000E-06|+1.050000E-05|+1.800000E-06}}
}
{@BLOCK|cu32|00
{@A-CAP|0|+6.479864E-06{@LIM3|+6.700000E-06|+1.139000E-05|+2.010000E-06}}
}
{@BLOCK|cu623|00
{@A-CAP|0|+9.335059E-08{@LIM3|+1.000000E-07|+1.300000E-07|+7.000000E-08}}
}
{@BLOCK|cu625|00
{@A-CAP|0|+8.336000E-08{@LIM3|+1.300000E-07|+2.275000E-07|+3.900000E-08}}
}
{@BLOCK|cu606|00
{@A-CAP|0|+2.755221E-05{@LIM3|+2.410000E-05|+3.133000E-05|+1.686667E-05}}
}
{@BLOCK|cu627|00
{@A-CAP|0|+9.821648E-08{@LIM3|+1.000000E-07|+1.300000E-07|+7.000000E-08}}
}
{@BLOCK|cu1103|00
{@A-CAP|0|+1.495136E-04{@LIM3|+1.502000E-04|+1.952600E-04|+1.049984E-04}}
}
{@BLOCK|cv521|00
{@A-CAP|0|+4.643071E-05{@LIM3|+4.913000E-05|+8.352100E-05|+3.439100E-05}}
}
{@BLOCK|cv600|00
{@A-CAP|0|+9.604683E-08{@LIM3|+1.000000E-07|+1.300000E-07|+7.000000E-08}}
}
{@BLOCK|cv913|00
{@A-CAP|0|+1.109237E-06{@LIM3|+1.100000E-06|+1.430000E-06|+7.700000E-07}}
}
{@BLOCK|cv911|00
{@A-CAP|0|+1.142473E-06{@LIM3|+1.100000E-06|+1.430000E-06|+7.700000E-07}}
}
{@BLOCK|cv915|00
{@A-CAP|0|+9.717302E-08{@LIM3|+1.000000E-07|+1.300000E-07|+7.000000E-08}}
}
{@BLOCK|pc1010|00
{@A-CAP|0|+1.067920E-07{@LIM3|+1.000000E-07|+1.300000E-07|+7.000000E-08}}
}
{@BLOCK|pc5347|00
{@A-CAP|0|+9.975009E-06{@LIM3|+1.001100E-05|+1.301430E-05|+7.007700E-06}}
}
{@BLOCK|pc6206|00
{@A-CAP|0|+9.376450E-08{@LIM3|+1.000000E-07|+1.200000E-07|+7.000000E-08}}
}
{@BLOCK|cc572|00
{@A-CAP|0|+2.010291E-06{@LIM3|+1.820000E-06|+2.184000E-06|+1.456000E-06}}
}
{@BLOCK|ce1|00
{@A-CAP|0|+1.121587E-06{@LIM3|+1.000000E-06|+1.300000E-06|+7.000000E-07}}
}
{@BLOCK|ce21|00
{@A-CAP|0|+1.060859E-06{@LIM3|+1.000000E-06|+1.300000E-06|+7.000000E-07}}
}
{@BLOCK|pc300|00
{@A-CAP|0|+1.007224E-06{@LIM3|+1.000000E-06|+1.300000E-06|+7.000000E-07}}
}
{@BLOCK|pc1004|00
{@A-CAP|0|+1.348249E-06{@LIM3|+1.200000E-06|+1.800000E-06|+6.000000E-07}}
}
{@BLOCK|pc1006|00
{@A-CAP|0|+1.097896E-06{@LIM3|+1.000000E-06|+1.300000E-06|+7.000000E-07}}
}
{@BLOCK|pc1011|00
{@A-CAP|0|+9.947668E-07{@LIM3|+1.000000E-06|+1.200000E-06|+8.000000E-07}}
}
{@BLOCK|pc5321|00
{@A-CAP|0|+2.592296E-06{@LIM3|+2.000000E-06|+3.400000E-06|+6.000000E-07}}
}
{@BLOCK|ca64|00
{@A-CAP|0|+2.567495E-06{@LIM3|+2.800000E-06|+4.200000E-06|+1.400000E-06}}
}
{@BLOCK|ca65|00
{@A-CAP|0|+2.320373E-06{@LIM3|+2.200000E-06|+2.860000E-06|+1.540000E-06}}
}
{@BLOCK|ca400|00
{@A-CAP|0|+1.238838E-09{@LIM3|+1.200000E-09|+1.440000E-09|+9.600000E-10}}
}
{@BLOCK|ca401|00
{@A-CAP|0|+1.253108E-09{@LIM3|+1.200000E-09|+1.412400E-09|+9.600000E-10}}
}
{@BLOCK|ca408|00
{@A-CAP|0|+1.147003E-09{@LIM3|+1.000000E-09|+1.300000E-09|+7.000000E-10}}
}
{@BLOCK|ca409|00
{@A-CAP|0|+1.147707E-09{@LIM3|+1.000000E-09|+1.300000E-09|+7.000000E-10}}
}
{@BLOCK|ca410|00
{@A-CAP|0|+1.176879E-09{@LIM3|+1.000000E-09|+1.300000E-09|+7.000000E-10}}
}
{@BLOCK|ca411|00
{@A-CAP|0|+1.186312E-09{@LIM3|+1.000000E-09|+1.300000E-09|+7.000000E-10}}
}
{@BLOCK|cn19|00
{@A-CAP|0|+1.147526E-09{@LIM3|+1.200000E-09|+1.680000E-09|+9.600000E-10}}
}
{@BLOCK|cc951|00
{@A-CAP|0|+3.962515E-08{@LIM3|+3.400000E-08|+5.780000E-08|+1.700000E-08}}
}
{@BLOCK|cc953|00
{@A-CAP|0|+3.960475E-08{@LIM3|+4.300000E-08|+6.450000E-08|+1.290000E-08}}
}
{@BLOCK|cd7|00
{@A-CAP|0|+9.530795E-09{@LIM3|+1.000000E-08|+1.200000E-08|+8.000000E-09}}
}
{@BLOCK|ci114|00
{@A-CAP|0|+9.820226E-09{@LIM3|+1.000000E-08|+1.200000E-08|+8.000000E-09}}
}
{@BLOCK|cv906|00
{@A-CAP|0|+1.103049E-08{@LIM3|+1.000000E-08|+1.200000E-08|+8.000000E-09}}
}
{@BLOCK|pc1000|00
{@A-CAP|0|+9.689511E-09{@LIM3|+1.000000E-08|+1.200000E-08|+8.000000E-09}}
}
{@BLOCK|cs203|00
{@A-CAP|0|+2.020272E-09{@LIM3|+2.200000E-09|+2.640000E-09|+1.760000E-09}}
}
{@BLOCK|cc251|00
{@A-CAP|0|+3.310976E-09{@LIM3|+3.300000E-09|+4.290000E-09|+2.310000E-09}}
}
{@BLOCK|cc253|00
{@A-CAP|0|+2.096546E-09{@LIM3|+2.200000E-09|+2.640000E-09|+1.760000E-09}}
}
{@BLOCK|cc254|00
{@A-CAP|0|+2.089917E-09{@LIM3|+2.200000E-09|+2.640000E-09|+1.760000E-09}}
}
{@BLOCK|cs202|00
{@A-CAP|0|+2.070967E-09{@LIM3|+2.200000E-09|+2.640000E-09|+1.760000E-09}}
}
{@BLOCK|cu916|00
{@A-CAP|0|+3.574661E-10{@LIM3|+3.400000E-10|+4.327272E-10|+2.720000E-10}}
}
{@BLOCK|cu917|00
{@A-CAP|0|+3.741569E-10{@LIM3|+3.400000E-10|+4.327272E-10|+2.720000E-10}}
}
{@BLOCK|cu922|00
{@A-CAP|0|+3.810644E-10{@LIM3|+3.400000E-10|+4.327272E-10|+2.720000E-10}}
}
{@BLOCK|cu925|00
{@A-CAP|0|+3.857718E-10{@LIM3|+3.400000E-10|+4.327272E-10|+2.720000E-10}}
}
{@BLOCK|pc5302|00
{@A-CAP|0|+4.413152E-08{@LIM3|+4.700000E-08|+5.640000E-08|+3.760000E-08}}
}
{@BLOCK|pr1|00
{@A-RES|0|+9.933260E+03{@LIM3|+1.000000E+04|+1.100000E+04|+9.000000E+03}}
}
{@BLOCK|pr1005|00
{@A-RES|0|+9.888490E+03{@LIM3|+1.000000E+04|+1.100000E+04|+9.000000E+03}}
}
{@BLOCK|pr1036|00
{@A-RES|0|+9.961486E+03{@LIM3|+1.000000E+04|+1.100000E+04|+9.000000E+03}}
}
{@BLOCK|pr5329|00
{@A-RES|0|+9.965151E+03{@LIM3|+1.000000E+04|+1.100000E+04|+9.000000E+03}}
}
{@BLOCK|ra65|00
{@A-RES|0|+9.961420E+03{@LIM3|+1.000000E+04|+1.100000E+04|+9.000000E+03}}
}
{@BLOCK|ra401|00
{@A-RES|0|+9.983020E+03{@LIM3|+1.000000E+04|+1.100000E+04|+9.000000E+03}}
}
{@BLOCK|rc148|00
{@A-RES|0|+1.037716E+04{@LIM3|+1.000000E+04|+1.100000E+04|+9.000000E+03}}
}
{@BLOCK|rc165|00
{@A-RES|0|+1.006098E+04{@LIM3|+1.000000E+04|+1.100000E+04|+9.000000E+03}}
}
{@BLOCK|rc185|00
{@A-RES|0|+1.028717E+04{@LIM3|+1.000000E+04|+1.100000E+04|+9.000000E+03}}
}
{@BLOCK|rc196|00
{@A-RES|0|+9.979035E+03{@LIM3|+1.000000E+04|+1.100000E+04|+9.000000E+03}}
}
{@BLOCK|rc199|00
{@A-RES|0|+9.805645E+03{@LIM3|+1.000000E+04|+1.100000E+04|+9.000000E+03}}
}
{@BLOCK|rc211|00
{@A-RES|0|+9.949561E+03{@LIM3|+1.000000E+04|+1.100000E+04|+9.000000E+03}}
}
{@BLOCK|rc214|00
{@A-RES|0|+9.911484E+03{@LIM3|+1.000000E+04|+1.100000E+04|+9.000000E+03}}
}
{@BLOCK|rc218|00
{@A-RES|0|+9.909475E+03{@LIM3|+1.000000E+04|+1.100000E+04|+9.000000E+03}}
}
{@BLOCK|rc220%ra|00
{@A-RES|0|+1.039570E+04{@LIM3|+1.000000E+04|+1.100000E+04|+9.000000E+03}}
}
{@BLOCK|rc220%rb|00
{@A-RES|0|+1.011947E+04{@LIM3|+1.000000E+04|+1.100000E+04|+9.000000E+03}}
}
{@BLOCK|rc221|00
{@A-RES|0|+1.002307E+04{@LIM3|+1.000000E+04|+1.100000E+04|+9.000000E+03}}
}
{@BLOCK|rc224|00
{@A-RES|0|+9.985084E+03{@LIM3|+1.000000E+04|+1.100000E+04|+9.000000E+03}}
}
{@BLOCK|rc234|00
{@A-RES|0|+1.021663E+04{@LIM3|+1.000000E+04|+1.100000E+04|+9.000000E+03}}
}
{@BLOCK|rc240|00
{@A-RES|0|+1.000530E+04{@LIM3|+1.000000E+04|+1.100000E+04|+9.000000E+03}}
}
{@BLOCK|rc254|00
{@A-RES|0|+9.997643E+03{@LIM3|+1.000000E+04|+1.100000E+04|+9.000000E+03}}
}
{@BLOCK|rc273|00
{@A-RES|0|+1.013718E+04{@LIM3|+1.000000E+04|+1.500000E+04|+5.000000E+03}}
}
{@BLOCK|rc280|00
{@A-RES|0|+1.001068E+04{@LIM3|+1.000000E+04|+1.100000E+04|+9.000000E+03}}
}
{@BLOCK|rc290|00
{@A-RES|0|+1.001289E+04{@LIM3|+1.000000E+04|+1.100000E+04|+9.000000E+03}}
}
{@BLOCK|rc296|00
{@A-RES|0|+9.929991E+03{@LIM3|+1.000000E+04|+1.400000E+04|+6.000000E+03}}
}
{@BLOCK|rc352|00
{@A-RES|0|+1.000154E+04{@LIM3|+1.000000E+04|+1.100000E+04|+9.000000E+03}}
}
{@BLOCK|rc353|00
{@A-RES|0|+1.001930E+04{@LIM3|+1.000000E+04|+1.100000E+04|+9.000000E+03}}
}
{@BLOCK|rc359|00
{@A-RES|0|+9.836423E+03{@LIM3|+1.000000E+04|+1.150000E+04|+8.500000E+03}}
}
{@BLOCK|rc966|00
{@A-RES|0|+9.950775E+03{@LIM3|+1.000000E+04|+1.100000E+04|+9.000000E+03}}
}
{@BLOCK|rc971|00
{@A-RES|0|+1.006212E+04{@LIM3|+1.000000E+04|+1.100000E+04|+9.000000E+03}}
}
{@BLOCK|rc972|00
{@A-RES|0|+1.046345E+04{@LIM3|+1.000000E+04|+1.100000E+04|+9.000000E+03}}
}
{@BLOCK|rd5|00
{@A-RES|0|+9.982239E+03{@LIM3|+1.000000E+04|+1.100000E+04|+9.000000E+03}}
}
{@BLOCK|re17|00
{@A-RES|0|+9.926906E+03{@LIM3|+1.000000E+04|+1.100000E+04|+9.000000E+03}}
}
{@BLOCK|re24|00
{@A-RES|0|+9.912640E+03{@LIM3|+1.000000E+04|+1.100000E+04|+9.000000E+03}}
}
{@BLOCK|re96%ra|00
{@A-RES|0|+9.987062E+03{@LIM3|+1.000000E+04|+1.100000E+04|+9.000000E+03}}
}
{@BLOCK|re96%rb|00
{@A-RES|0|+9.957692E+03{@LIM3|+1.000000E+04|+1.100000E+04|+9.000000E+03}}
}
{@BLOCK|re115|00
{@A-RES|0|+9.906283E+03{@LIM3|+1.000000E+04|+1.100000E+04|+9.000000E+03}}
}
{@BLOCK|re122|00
{@A-RES|0|+1.011838E+04{@LIM3|+1.000000E+04|+1.100000E+04|+9.000000E+03}}
}
{@BLOCK|re232|00
{@A-RES|0|+9.900520E+03{@LIM3|+1.000000E+04|+1.100000E+04|+9.000000E+03}}
}
{@BLOCK|re234|00
{@A-RES|0|+9.953496E+03{@LIM3|+1.000000E+04|+1.100000E+04|+9.000000E+03}}
}
{@BLOCK|ri108|00
{@A-RES|0|+9.979569E+03{@LIM3|+1.000000E+04|+1.100000E+04|+9.000000E+03}}
}
{@BLOCK|ri109|00
{@A-RES|0|+9.932730E+03{@LIM3|+1.000000E+04|+1.100000E+04|+9.000000E+03}}
}
{@BLOCK|rk15|00
{@A-RES|0|+1.006370E+04{@LIM3|+1.000000E+04|+1.100000E+04|+9.000000E+03}}
}
{@BLOCK|cv1|00
{@A-CAP|0|+1.089852E-07{@LIM3|+1.000000E-07|+1.300000E-07|+7.000000E-08}}
}
{@BLOCK|cv2|00
{@A-CAP|0|+9.143003E-08{@LIM3|+7.000000E-08|+1.120000E-07|+2.800000E-08}}
}
{@BLOCK|cv5|00
{@A-CAP|0|+8.797793E-08{@LIM3|+1.000000E-07|+1.300000E-07|+7.000000E-08}}
}
{@BLOCK|cv6|00
{@A-CAP|0|+1.093896E-07{@LIM3|+1.000000E-07|+1.300000E-07|+7.000000E-08}}
}
{@BLOCK|cv9|00
{@A-CAP|0|+1.066439E-07{@LIM3|+1.000000E-07|+1.300000E-07|+7.000000E-08}}
}
{@BLOCK|cv14|00
{@A-CAP|0|+9.323533E-08{@LIM3|+1.000000E-07|+1.300000E-07|+7.000000E-08}}
}
{@BLOCK|pc1012|00
{@A-CAP|0|+1.134582E-06{@LIM3|+1.000000E-06|+1.200000E-06|+8.000000E-07}}
}
{@BLOCK|rs206|00
{@A-RES|0|+1.000079E+04{@LIM3|+1.000000E+04|+1.100000E+04|+9.000000E+03}}
}
{@BLOCK|rk107|00
{@A-RES|0|+9.921089E+03{@LIM3|+1.000000E+04|+1.100000E+04|+9.000000E+03}}
}
{@BLOCK|rl17|00
{@A-RES|0|+9.935380E+03{@LIM3|+1.000000E+04|+1.100000E+04|+9.000000E+03}}
}
{@BLOCK|rl20|00
{@A-RES|0|+9.972088E+03{@LIM3|+1.000000E+04|+1.100000E+04|+9.000000E+03}}
}
{@BLOCK|rl36|00
{@A-RES|0|+9.909475E+03{@LIM3|+1.000000E+04|+1.100000E+04|+9.000000E+03}}
}
{@BLOCK|rn24|00
{@A-RES|0|+1.004199E+04{@LIM3|+1.000000E+04|+1.100000E+04|+9.000000E+03}}
}
{@BLOCK|rn25|00
{@A-RES|0|+9.840879E+03{@LIM3|+1.000000E+04|+1.100000E+04|+9.000000E+03}}
}
{@BLOCK|rn26|00
{@A-RES|0|+9.935380E+03{@LIM3|+1.000000E+04|+1.100000E+04|+9.000000E+03}}
}
{@BLOCK|rt14|00
{@A-RES|0|+1.039164E+04{@LIM3|+1.000000E+04|+1.100000E+04|+9.000000E+03}}
}
{@BLOCK|ru636|00
{@A-RES|0|+9.719212E+03{@LIM3|+1.000000E+04|+1.100000E+04|+9.000000E+03}}
}
{@BLOCK|ru640|00
{@A-RES|0|+1.000369E+04{@LIM3|+1.000000E+04|+1.100000E+04|+9.000000E+03}}
}
{@BLOCK|ru644|00
{@A-RES|0|+1.007139E+04{@LIM3|+1.000000E+04|+1.100000E+04|+9.000000E+03}}
}
{@BLOCK|ru1145|00
{@A-RES|0|+9.871317E+03{@LIM3|+1.000000E+04|+1.150000E+04|+8.500000E+03}}
}
{@BLOCK|ru1146|00
{@A-RES|0|+1.002332E+04{@LIM3|+1.000000E+04|+1.150000E+04|+8.500000E+03}}
}
{@BLOCK|rv906|00
{@A-RES|0|+9.815700E+03{@LIM3|+1.000000E+04|+1.100000E+04|+9.000000E+03}}
}
{@BLOCK|rv909|00
{@A-RES|0|+9.912989E+03{@LIM3|+1.000000E+04|+1.100000E+04|+9.000000E+03}}
}
{@BLOCK|pr100|00
{@A-RES|0|+1.037446E+02{@LIM3|+1.000000E+02|+1.110000E+02|+9.400000E+01}}
}
{@BLOCK|pr101|00
{@A-RES|0|+1.041201E+02{@LIM3|+1.000000E+02|+1.110000E+02|+9.400000E+01}}
}
{@BLOCK|pr1003|00
{@A-JUM|0|+3.506510E+00{@LIM2|+1.500000E+01|+0.000000E+00}}
}
{@BLOCK|pr1004|00
{@A-JUM|0|+3.346504E+00{@LIM2|+1.500000E+01|+0.000000E+00}}
}
{@BLOCK|pr1008|00
{@A-JUM|0|+3.277060E+00{@LIM2|+1.500000E+01|+0.000000E+00}}
}
{@BLOCK|pr1031|00
{@A-JUM|0|+3.429597E+00{@LIM2|+1.500000E+01|+0.000000E+00}}
}
{@BLOCK|pr1034|00
{@A-JUM|0|+2.920128E+00{@LIM2|+1.500000E+01|+0.000000E+00}}
}
{@BLOCK|pr102|00
{@A-RES|0|+9.773915E+05{@LIM3|+1.000000E+06|+1.250000E+06|+7.500000E+05}}
}
{@BLOCK|pr103|00
{@A-RES|0|+9.950243E+03{@LIM3|+1.000000E+04|+1.060000E+04|+9.400000E+03}}
}
{@BLOCK|pr302|00
{@A-RES|0|+9.973156E+03{@LIM3|+1.000000E+04|+1.060000E+04|+9.400000E+03}}
}
{@BLOCK|re1|00
{@A-RES|0|+1.002523E+04{@LIM3|+1.000000E+04|+1.060000E+04|+9.400000E+03}}
}
{@BLOCK|pr1608|00
{@A-RES|0|+9.833555E+04{@LIM3|+1.000000E+05|+1.150000E+05|+8.500000E+04}}
}
{@BLOCK|pr6211|00
{@A-RES|0|+9.888267E+04{@LIM3|+1.000000E+05|+1.250000E+05|+7.500000E+04}}
}
{@BLOCK|ra406|00
{@A-RES|0|+5.120766E+03{@LIM3|+5.110000E+03|+5.416600E+03|+4.803400E+03}}
}
{@BLOCK|rc10|00
{@A-RES|0|+9.923609E+04{@LIM3|+1.000000E+05|+1.150000E+05|+8.500000E+04}}
}
{@BLOCK|rc12|00
{@A-RES|0|+9.838746E+04{@LIM3|+1.000000E+05|+1.150000E+05|+8.500000E+04}}
}
{@BLOCK|rc21|00
{@A-RES|0|+9.850185E+04{@LIM3|+1.000000E+05|+1.150000E+05|+8.500000E+04}}
}
{@BLOCK|rc27|00
{@A-RES|0|+9.835631E+04{@LIM3|+1.000000E+05|+1.150000E+05|+8.500000E+04}}
}
{@BLOCK|rc237|00
{@A-RES|0|+1.008360E+05{@LIM3|+1.000000E+05|+1.150000E+05|+8.500000E+04}}
}
{@BLOCK|re6|00
{@A-RES|0|+9.800431E+04{@LIM3|+1.000000E+05|+1.150000E+05|+8.500000E+04}}
}
{@BLOCK|re13|00
{@A-RES|0|+9.923016E+04{@LIM3|+1.000000E+05|+1.150000E+05|+8.500000E+04}}
}
{@BLOCK|re14|00
{@A-RES|0|+1.006074E+05{@LIM3|+1.000000E+05|+1.150000E+05|+8.500000E+04}}
}
{@BLOCK|re25|00
{@A-RES|0|+9.916218E+04{@LIM3|+1.000000E+05|+1.150000E+05|+8.500000E+04}}
}
{@BLOCK|re32|00
{@A-RES|0|+1.006406E+05{@LIM3|+1.000000E+05|+1.150000E+05|+8.500000E+04}}
}
{@BLOCK|re34|00
{@A-RES|0|+9.929954E+04{@LIM3|+1.000000E+05|+1.150000E+05|+8.500000E+04}}
}
{@BLOCK|re38|00
{@A-RES|0|+9.866810E+04{@LIM3|+1.000000E+05|+1.150000E+05|+8.500000E+04}}
}
{@BLOCK|re43|00
{@A-RES|0|+9.810780E+04{@LIM3|+1.000000E+05|+1.150000E+05|+8.500000E+04}}
}
{@BLOCK|re44|00
{@A-RES|0|+2.664162E+04{@LIM3|+2.500000E+04|+2.875000E+04|+2.125000E+04}}
}
{@BLOCK|re46|00
{@A-RES|0|+1.007052E+05{@LIM3|+1.000000E+05|+1.150000E+05|+8.500000E+04}}
}
{@BLOCK|re47|00
{@A-RES|0|+9.966703E+04{@LIM3|+1.000000E+05|+1.150000E+05|+8.500000E+04}}
}
{@BLOCK|re58|00
{@A-RES|0|+7.624531E+04{@LIM3|+7.500000E+04|+8.250000E+04|+6.750000E+04}}
}
{@BLOCK|re82|00
{@A-RES|0|+9.956476E+04{@LIM3|+1.000000E+05|+1.150000E+05|+8.500000E+04}}
}
{@BLOCK|re83|00
{@A-RES|0|+9.970324E+04{@LIM3|+1.000000E+05|+1.150000E+05|+8.500000E+04}}
}
{@BLOCK|re92|00
{@A-RES|0|+9.954349E+04{@LIM3|+1.000000E+05|+1.150000E+05|+8.500000E+04}}
}
{@BLOCK|re119|00
{@A-RES|0|+9.914108E+04{@LIM3|+1.000000E+05|+1.150000E+05|+8.500000E+04}}
}
{@BLOCK|re235|00
{@A-RES|0|+9.171588E+04{@LIM3|+1.000000E+05|+1.150000E+05|+7.000000E+04}}
}
{@BLOCK|ri111|00
{@A-RES|0|+9.918328E+04{@LIM3|+1.000000E+05|+1.150000E+05|+8.500000E+04}}
}
{@BLOCK|ri204|00
{@A-RES|0|+9.931012E+04{@LIM3|+1.000000E+05|+1.150000E+05|+8.500000E+04}}
}
{@BLOCK|ri302|00
{@A-RES|0|+9.968191E+04{@LIM3|+1.000000E+05|+1.150000E+05|+8.500000E+04}}
}
{@BLOCK|ri306|00
{@A-RES|0|+1.013606E+05{@LIM3|+1.000000E+05|+1.150000E+05|+8.500000E+04}}
}
{@BLOCK|ri309|00
{@A-RES|0|+1.021401E+05{@LIM3|+1.000000E+05|+1.150000E+05|+8.500000E+04}}
}
{@BLOCK|ri315|00
{@A-RES|0|+9.914108E+04{@LIM3|+1.000000E+05|+1.150000E+05|+8.500000E+04}}
}
{@BLOCK|rn30|00
{@A-RES|0|+9.953286E+04{@LIM3|+1.000000E+05|+1.150000E+05|+8.500000E+04}}
}
{@BLOCK|rn37|00
{@A-RES|0|+1.006509E+05{@LIM3|+1.000000E+05|+1.150000E+05|+8.500000E+04}}
}
{@BLOCK|rr12|00
{@A-RES|0|+9.950098E+04{@LIM3|+1.000000E+05|+1.150000E+05|+8.500000E+04}}
}
{@BLOCK|rr17|00
{@A-RES|0|+1.033024E+05{@LIM3|+1.000000E+05|+1.150000E+05|+8.500000E+04}}
}
{@BLOCK|rr50|00
{@A-RES|0|+9.984211E+04{@LIM3|+1.000000E+05|+1.150000E+05|+8.500000E+04}}
}
{@BLOCK|rr52|00
{@A-RES|0|+9.917273E+04{@LIM3|+1.000000E+05|+1.150000E+05|+8.500000E+04}}
}
{@BLOCK|rr56|00
{@A-RES|0|+9.984211E+04{@LIM3|+1.000000E+05|+1.150000E+05|+8.500000E+04}}
}
{@BLOCK|ru14|00
{@A-RES|0|+4.947441E+04{@LIM3|+5.000000E+04|+5.750000E+04|+4.250000E+04}}
}
{@BLOCK|ru93|00
{@A-RES|0|+9.873144E+04{@LIM3|+1.000000E+05|+1.150000E+05|+8.500000E+04}}
}
{@BLOCK|ru94|00
{@A-RES|0|+9.894109E+04{@LIM3|+1.000000E+05|+1.150000E+05|+8.500000E+04}}
}
{@BLOCK|rv6|00
{@A-RES|0|+9.915512E+04{@LIM3|+1.000000E+05|+1.250000E+05|+7.500000E+04}}
}
{@BLOCK|rv7|00
{@A-RES|0|+9.990633E+04{@LIM3|+1.000000E+05|+1.150000E+05|+8.500000E+04}}
}
{@BLOCK|rv9|00
{@A-RES|0|+9.964994E+04{@LIM3|+1.000000E+05|+1.150000E+05|+8.500000E+04}}
}
{@BLOCK|rv16|00
{@A-RES|0|+9.795312E+04{@LIM3|+1.000000E+05|+1.150000E+05|+8.500000E+04}}
}
{@BLOCK|rv511|00
{@A-RES|0|+9.804587E+04{@LIM3|+1.000000E+05|+1.150000E+05|+8.500000E+04}}
}
{@BLOCK|rv917|00
{@A-RES|0|+9.834395E+04{@LIM3|+1.000000E+05|+1.150000E+05|+8.500000E+04}}
}
{@BLOCK|rv923|00
{@A-RES|0|+1.006610E+05{@LIM3|+1.000000E+05|+1.150000E+05|+8.500000E+04}}
}
{@BLOCK|pr6214|00
{@A-RES|0|+1.004846E+05{@LIM3|+1.000000E+05|+1.150000E+05|+8.500000E+04}}
}
{@BLOCK|rs221|00
{@A-RES|0|+1.688581E+04{@LIM3|+1.680000E+04|+1.780800E+04|+1.579200E+04}}
}
{@BLOCK|rs222|00
{@A-RES|0|+1.174840E+04{@LIM3|+1.180000E+04|+1.250800E+04|+1.109200E+04}}
}
{@BLOCK|pr301|00
{@A-RES|0|+9.961910E+04{@LIM3|+1.000000E+05|+1.110000E+05|+8.900000E+04}}
}
{@BLOCK|pr5315|00
{@A-RES|0|+9.956661E+04{@LIM3|+1.000000E+05|+1.110000E+05|+8.900000E+04}}
}
{@BLOCK|pr6225|00
{@A-RES|0|+1.001640E+05{@LIM3|+1.000000E+05|+1.110000E+05|+8.900000E+04}}
}
{@BLOCK|ri114|00
{@A-RES|0|+2.318265E+04{@LIM3|+2.500000E+04|+3.125000E+04|+2.125000E+04}}
}
{@BLOCK|rs224|00
{@A-RES|0|+1.114035E+05{@LIM3|+1.000000E+05|+1.400000E+05|+6.000000E+04}}
}
{@BLOCK|ru50|00
{@A-RES|0|+9.946845E+04{@LIM3|+1.000000E+05|+1.110000E+05|+8.900000E+04}}
}
{@BLOCK|pr303|00
{@A-RES|0|+6.957708E+05{@LIM3|+7.500000E+05|+9.375000E+05|+5.625000E+05}}
}
{@BLOCK|pr1803|00
{@A-RES|0|+1.004147E+03{@LIM3|+1.000000E+03|+1.060000E+03|+9.400000E+02}}
}
{@BLOCK|pr1019|00
{@A-RES|0|+5.006232E+03{@LIM3|+4.700000E+03|+5.170000E+03|+4.230000E+03}}
}
{@BLOCK|pr1020|00
{@A-RES|0|+4.732246E+03{@LIM3|+4.700000E+03|+5.170000E+03|+4.230000E+03}}
}
{@BLOCK|pr1620|00
{@A-RES|0|+4.726322E+03{@LIM3|+4.700000E+03|+5.170000E+03|+4.230000E+03}}
}
{@BLOCK|rb13|00
{@A-RES|0|+4.710425E+03{@LIM3|+4.700000E+03|+5.170000E+03|+4.230000E+03}}
}
{@BLOCK|ri242%r1|00
{@A-RES|0|+4.737748E+03{@LIM3|+4.700000E+03|+5.170000E+03|+4.230000E+03}}
}
{@BLOCK|ri242%r2|00
{@A-RES|0|+4.708519E+03{@LIM3|+4.700000E+03|+5.170000E+03|+4.230000E+03}}
}
{@BLOCK|ri256|00
{@A-RES|0|+4.767342E+03{@LIM3|+4.700000E+03|+5.170000E+03|+4.230000E+03}}
}
{@BLOCK|rk5|00
{@A-RES|0|+4.918437E+03{@LIM3|+4.700000E+03|+5.170000E+03|+4.230000E+03}}
}
{@BLOCK|rk102|00
{@A-RES|0|+4.840956E+03{@LIM3|+4.700000E+03|+5.170000E+03|+4.230000E+03}}
}
{@BLOCK|ru21|00
{@A-RES|0|+4.706853E+03{@LIM3|+4.700000E+03|+5.170000E+03|+4.230000E+03}}
}
{@BLOCK|ru25|00
{@A-RES|0|+4.643013E+03{@LIM3|+4.700000E+03|+5.170000E+03|+4.230000E+03}}
}
{@BLOCK|ru44|00
{@A-RES|0|+4.732210E+03{@LIM3|+4.700000E+03|+5.170000E+03|+4.230000E+03}}
}
{@BLOCK|ru45|00
{@A-RES|0|+4.717823E+03{@LIM3|+4.700000E+03|+5.170000E+03|+4.230000E+03}}
}
{@BLOCK|ru46|00
{@A-RES|0|+4.714957E+03{@LIM3|+4.700000E+03|+5.170000E+03|+4.230000E+03}}
}
{@BLOCK|ru47|00
{@A-RES|0|+4.690256E+03{@LIM3|+4.700000E+03|+5.170000E+03|+4.230000E+03}}
}
{@BLOCK|ru614|00
{@A-RES|0|+4.656510E+03{@LIM3|+4.700000E+03|+5.170000E+03|+4.230000E+03}}
}
{@BLOCK|ru615|00
{@A-RES|0|+4.728833E+03{@LIM3|+4.700000E+03|+5.170000E+03|+4.230000E+03}}
}
{@BLOCK|pr1040|00
{@A-RES|0|+1.976487E+06{@LIM3|+2.000000E+06|+2.500000E+06|+1.500000E+06}}
}
{@BLOCK|ru932|00
{@A-RES|0|+2.007772E+06{@LIM3|+2.000000E+06|+2.500000E+06|+1.500000E+06}}
}
{@BLOCK|ru933|00
{@A-RES|0|+2.025670E+06{@LIM3|+2.000000E+06|+2.500000E+06|+1.500000E+06}}
}
{@BLOCK|pr1041|00
{@A-RES|0|+1.326620E+05{@LIM3|+1.330000E+05|+1.476300E+05|+1.183700E+05}}
}
{@BLOCK|pr1042|00
{@A-RES|0|+4.843878E+04{@LIM3|+4.990000E+04|+5.788400E+04|+4.191600E+04}}
}
{@BLOCK|pr1043|00
{@A-RES|0|+4.777733E+04{@LIM3|+4.990000E+04|+5.788400E+04|+4.191600E+04}}
}
{@BLOCK|pr1604|00
{@A-JUM|0|+3.791330E+00{@LIM2|+1.500000E+01|+0.000000E+00}}
}
{@BLOCK|pr1710|00
{@A-JUM|0|+3.139801E+00{@LIM2|+1.500000E+01|+0.000000E+00}}
}
{@BLOCK|ra407|00
{@A-RES|0|+3.928377E+04{@LIM3|+3.920000E+04|+4.155200E+04|+3.684800E+04}}
}
{@BLOCK|pr5324|00
{@A-RES|0|+1.355063E+05{@LIM3|+1.370000E+05|+1.520700E+05|+1.219300E+05}}
}
{@BLOCK|rc33%r1_4|00
{@A-RES|0|+9.994965E+02{@LIM3|+1.000000E+03|+1.150000E+03|+8.500000E+02}}
}
{@BLOCK|rc33%r2_3|00
{@A-RES|0|+1.003391E+03{@LIM3|+1.000000E+03|+1.100000E+03|+9.000000E+02}}
}
{@BLOCK|rc34%r1_4|00
{@A-RES|0|+9.996286E+02{@LIM3|+1.000000E+03|+1.150000E+03|+8.500000E+02}}
}
{@BLOCK|rc34%r2_3|00
{@A-RES|0|+1.000820E+03{@LIM3|+1.000000E+03|+1.150000E+03|+8.500000E+02}}
}
{@BLOCK|rc552|00
{@A-RES|0|+1.000860E+03{@LIM3|+1.000000E+03|+1.100000E+03|+9.000000E+02}}
}
{@BLOCK|rc951|00
{@A-RES|0|+9.901831E+02{@LIM3|+1.000000E+03|+1.100000E+03|+9.000000E+02}}
}
{@BLOCK|rc960|00
{@A-RES|0|+1.006043E+03{@LIM3|+1.000000E+03|+1.100000E+03|+9.000000E+02}}
}
{@BLOCK|rc961|00
{@A-RES|0|+1.001666E+03{@LIM3|+1.000000E+03|+1.100000E+03|+9.000000E+02}}
}
{@BLOCK|rc962|00
{@A-RES|0|+1.003553E+03{@LIM3|+1.000000E+03|+1.100000E+03|+9.000000E+02}}
}
{@BLOCK|rc963|00
{@A-RES|0|+9.939836E+02{@LIM3|+1.000000E+03|+1.100000E+03|+9.000000E+02}}
}
{@BLOCK|pr6215|00
{@A-RES|0|+1.005665E+06{@LIM3|+1.000000E+06|+1.210000E+06|+7.900000E+05}}
}
{@BLOCK|pr6216|00
{@A-RES|0|+9.984046E+05{@LIM3|+1.000000E+06|+1.210000E+06|+7.900000E+05}}
}
{@BLOCK|pq6203%qf2|00
{@A-NFE|0|+1.003400E+02{@LIM2|+2.000000E+02|+2.000000E+01}}
}
{@BLOCK|prt300|00
{@A-RES|0|+6.451262E+02{@LIM3|+5.400000E+02|+7.290000E+02|+3.510000E+02}}
}
{@BLOCK|prt301|00
{@A-RES|0|+6.512096E+02{@LIM3|+5.400000E+02|+7.290000E+02|+3.510000E+02}}
}
{@BLOCK|prt303|00
{@A-RES|0|+6.325637E+02{@LIM3|+5.400000E+02|+7.290000E+02|+3.510000E+02}}
}
{@BLOCK|prt304|00
{@A-RES|0|+6.621714E+02{@LIM3|+5.400000E+02|+7.290000E+02|+3.510000E+02}}
}
{@BLOCK|prt305|00
{@A-RES|0|+6.381929E+02{@LIM3|+5.400000E+02|+7.290000E+02|+3.510000E+02}}
}
{@BLOCK|rc241%r1_4|00
{@A-RES|0|+2.287254E+03{@LIM3|+2.200000E+03|+2.420000E+03|+1.980000E+03}}
}
{@BLOCK|rc241%r2_3|00
{@A-RES|0|+2.260379E+03{@LIM3|+2.200000E+03|+2.420000E+03|+1.980000E+03}}
}
{@BLOCK|rc242%r1_4|00
{@A-RES|0|+2.200235E+03{@LIM3|+2.200000E+03|+2.420000E+03|+1.980000E+03}}
}
{@BLOCK|rc242%r2_3|00
{@A-RES|0|+2.193910E+03{@LIM3|+2.200000E+03|+2.420000E+03|+1.980000E+03}}
}
{@BLOCK|rc245%r1_4|00
{@A-RES|0|+2.182494E+03{@LIM3|+2.200000E+03|+2.420000E+03|+1.980000E+03}}
}
{@BLOCK|rc245%r2_3|00
{@A-RES|0|+2.189576E+03{@LIM3|+2.200000E+03|+2.420000E+03|+1.980000E+03}}
}
{@BLOCK|rc356%r1_4|00
{@A-RES|0|+2.207979E+03{@LIM3|+2.200000E+03|+2.420000E+03|+1.980000E+03}}
}
{@BLOCK|rc356%r2_3|00
{@A-RES|0|+2.200494E+03{@LIM3|+2.200000E+03|+2.420000E+03|+1.980000E+03}}
}
{@BLOCK|rc609|00
{@A-RES|0|+2.186272E+03{@LIM3|+2.200000E+03|+2.420000E+03|+1.980000E+03}}
}
{@BLOCK|re97%r1_4|00
{@A-RES|0|+2.261807E+03{@LIM3|+2.200000E+03|+2.420000E+03|+1.980000E+03}}
}
{@BLOCK|re97%r2_3|00
{@A-RES|0|+2.238210E+03{@LIM3|+2.200000E+03|+2.420000E+03|+1.980000E+03}}
}
{@BLOCK|re98%r1_4|00
{@A-RES|0|+2.192773E+03{@LIM3|+2.200000E+03|+2.420000E+03|+1.980000E+03}}
}
{@BLOCK|re98%r2_3|00
{@A-RES|0|+2.199403E+03{@LIM3|+2.200000E+03|+2.420000E+03|+1.980000E+03}}
}
{@BLOCK|re100%r2_3|00
{@A-RES|0|+2.209319E+03{@LIM3|+2.200000E+03|+2.420000E+03|+1.980000E+03}}
}
{@BLOCK|ri303%r1_4|00
{@A-RES|0|+2.194225E+03{@LIM3|+2.200000E+03|+2.420000E+03|+1.980000E+03}}
}
{@BLOCK|ri303%r2_3|00
{@A-RES|0|+2.202417E+03{@LIM3|+2.200000E+03|+2.750000E+03|+1.980000E+03}}
}
{@BLOCK|rv904%r1_4|00
{@A-RES|0|+2.198469E+03{@LIM3|+2.200000E+03|+2.420000E+03|+1.980000E+03}}
}
{@BLOCK|rv904%r2_3|00
{@A-RES|0|+2.200443E+03{@LIM3|+2.200000E+03|+2.420000E+03|+1.980000E+03}}
}
{@BLOCK|ra62|00
{@A-RES|0|+3.569927E+01{@LIM3|+3.300000E+01|+4.129999E+01|+2.970000E+01}}
}
{@BLOCK|rc144|00
{@A-RES|0|+3.641125E+01{@LIM3|+3.300000E+01|+4.129999E+01|+2.970000E+01}}
}
{@BLOCK|rc145|00
{@A-RES|0|+3.586188E+01{@LIM3|+3.300000E+01|+4.290000E+01|+2.310000E+01}}
}
{@BLOCK|rc146|00
{@A-RES|0|+3.699781E+01{@LIM3|+3.300000E+01|+4.129999E+01|+2.970000E+01}}
}
{@BLOCK|rc172|00
{@A-RES|0|+3.655078E+01{@LIM3|+3.300000E+01|+4.129999E+01|+2.970000E+01}}
}
{@BLOCK|ra402|00
{@A-RES|0|+6.822357E+03{@LIM3|+6.800000E+03|+7.208000E+03|+6.392000E+03}}
}
{@BLOCK|ri218|00
{@A-RES|0|+1.016629E+02{@LIM3|+1.000000E+02|+1.150000E+02|+9.000000E+01}}
}
{@BLOCK|ri221|00
{@A-RES|0|+1.041607E+02{@LIM3|+1.000000E+02|+1.150000E+02|+9.000000E+01}}
}
{@BLOCK|ri228|00
{@A-RES|0|+1.029335E+02{@LIM3|+1.000000E+02|+1.150000E+02|+9.000000E+01}}
}
{@BLOCK|ri231|00
{@A-RES|0|+1.031493E+02{@LIM3|+1.000000E+02|+1.150000E+02|+9.000000E+01}}
}
{@BLOCK|ri236|00
{@A-RES|0|+1.043468E+02{@LIM3|+1.000000E+02|+1.150000E+02|+9.000000E+01}}
}
{@BLOCK|ru82|00
{@A-RES|0|+1.047443E+02{@LIM3|+1.000000E+02|+1.150000E+02|+9.000000E+01}}
}
{@BLOCK|ru83|00
{@A-RES|0|+1.035008E+02{@LIM3|+1.000000E+02|+1.200000E+02|+8.000000E+01}}
}
{@BLOCK|rt8|00
{@A-RES|0|+2.502895E+01{@LIM3|+2.200000E+01|+2.920001E+01|+1.980000E+01}}
}
{@BLOCK|rt11|00
{@A-RES|0|+2.492617E+01{@LIM3|+2.200000E+01|+2.920001E+01|+1.980000E+01}}
}
{@BLOCK|rc5|00
{@A-RES|0|+2.043837E+03{@LIM3|+2.000000E+03|+2.200000E+03|+1.800000E+03}}
}
{@BLOCK|rc6|00
{@A-RES|0|+2.020864E+03{@LIM3|+2.000000E+03|+2.120000E+03|+1.880000E+03}}
}
{@BLOCK|rc141|00
{@A-RES|0|+2.093207E+04{@LIM3|+2.000000E+04|+2.200000E+04|+1.800000E+04}}
}
{@BLOCK|rc291|00
{@A-RES|0|+2.042198E+04{@LIM3|+2.000000E+04|+2.200000E+04|+1.800000E+04}}
}
{@BLOCK|rc968|00
{@A-RES|0|+2.004667E+04{@LIM3|+2.000000E+04|+2.200000E+04|+1.800000E+04}}
}
{@BLOCK|rc160|00
{@A-RES|0|+1.018065E+01{@LIM3|+1.000000E+01|+1.100000E+01|+9.000000E+00}}
}
{@BLOCK|rc164|00
{@A-RES|0|+1.066919E+01{@LIM3|+1.000000E+01|+1.200000E+01|+8.000000E+00}}
}
{@BLOCK|rc238|00
{@A-RES|0|+8.319363E+03{@LIM3|+8.200000E+03|+9.020000E+03|+7.380000E+03}}
}
{@BLOCK|rc265|00
{@A-RES|0|+3.722135E+05{@LIM3|+4.700000E+05|+6.345000E+05|+2.585000E+05}}
}
{@BLOCK|re3|00
{@A-RES|0|+5.100816E+04{@LIM3|+5.100000E+04|+5.406000E+04|+4.794000E+04}}
}
{@BLOCK|re4|00
{@A-RES|0|+3.293157E+04{@LIM3|+3.300000E+04|+3.498000E+04|+3.102000E+04}}
}
{@BLOCK|ri414|00
{@A-RES|0|+8.091553E+02{@LIM3|+8.060000E+02|+8.543600E+02|+7.576400E+02}}
}
{@BLOCK|ri415|00
{@A-RES|0|+3.689289E+02{@LIM3|+3.650000E+02|+3.869000E+02|+3.431000E+02}}
}
{@BLOCK|rr22|00
{@A-RES|0|+7.740051E+01{@LIM3|+7.500000E+01|+9.000000E+01|+6.000000E+01}}
}
{@BLOCK|ru1115|00
{@A-RES|0|+1.029847E+05{@LIM3|+1.047620E+05|+1.204763E+05|+8.904770E+04}}
}
{@BLOCK|ru1110|00
{@A-RES|0|+1.039314E+05{@LIM3|+1.047620E+05|+1.204763E+05|+8.904770E+04}}
}
{@BLOCK|rv3|00
{@A-RES|0|+2.715194E+03{@LIM3|+2.700000E+03|+2.862000E+03|+2.538000E+03}}
}
{@BLOCK|pq301|00
{@A-NFE|0|+1.034064E+02{@LIM2|+2.000000E+02|+2.000000E+01}}
}
{@BLOCK|pq1000%qf1|00
{@A-NFE|0|+1.113970E+02{@LIM2|+2.000000E+02|+2.000000E+01}}
}
{@BLOCK|pq1000%qf2|00
{@A-NFE|0|+8.805741E+01{@LIM2|+2.000000E+02|+2.000000E+01}}
}
{@BLOCK|pq5307%qf|00
{@A-NFE|0|+5.622523E+01{@LIM2|+2.000000E+02|+2.000000E+01}}
}
{@BLOCK|pq6201%qf|00
{@A-NFE|0|+8.803675E+01{@LIM2|+2.000000E+02|+2.000000E+01}}
}
{@BLOCK|pq6206%qf|00
{@A-NFE|0|+1.127697E+02{@LIM2|+2.000000E+02|+2.000000E+01}}
}
{@BLOCK|qa402|00
{@A-NFE|0|+1.049075E+02{@LIM2|+2.000000E+02|+2.000000E+01}}
}
{@BLOCK|qc1|00
{@A-NFE|0|+3.328054E+01{@LIM2|+2.000000E+02|+2.000000E+01}}
}
{@BLOCK|qc150|00
{@A-NFE|0|+4.395660E+01{@LIM2|+2.000000E+02|+2.000000E+01}}
}
{@BLOCK|qc250%qf1|00
{@A-NFE|0|+7.300117E+01{@LIM2|+2.000000E+02|+2.000000E+01}}
}
{@BLOCK|qc250%qf2|00
{@A-NFE|0|+1.376501E+02{@LIM2|+2.000000E+02|+2.000000E+01}}
}
{@BLOCK|qc256|00
{@A-NFE|0|+5.156594E+01{@LIM2|+2.000000E+02|+2.000000E+01}}
}
{@BLOCK|qc350%qf1|00
{@A-NFE|0|+5.574967E+01{@LIM2|+2.000000E+02|+2.000000E+01}}
}
{@BLOCK|qc350%qf2|00
{@A-NFE|0|+1.364914E+02{@LIM2|+2.000000E+02|+2.000000E+01}}
}
{@BLOCK|qc552|00
{@A-NFE|0|+4.161220E+01{@LIM2|+2.000000E+02|+2.000000E+01}}
}
{@BLOCK|qc553|00
{@A-NFE|0|+3.853794E+01{@LIM2|+2.000000E+02|+2.000000E+01}}
}
{@BLOCK|qi100|00
{@A-NFE|0|+5.885377E+01{@LIM2|+2.000000E+02|+2.000000E+01}}
}
{@BLOCK|ql3|00
{@A-NFE|0|+1.075868E+02{@LIM2|+2.000000E+02|+2.000000E+01}}
}
{@BLOCK|qn1%qf1|00
{@A-NFE|0|+6.982385E+01{@LIM2|+2.000000E+02|+2.000000E+01}}
}
{@BLOCK|qn1%qf2|00
{@A-NFE|0|+7.155416E+01{@LIM2|+2.000000E+02|+2.000000E+01}}
}
{@BLOCK|qr10|00
{@A-NFE|0|+1.285659E+02{@LIM2|+2.000000E+02|+2.000000E+01}}
}
{@BLOCK|qr16|00
{@A-NFE|0|+1.237755E+02{@LIM2|+2.000000E+02|+2.000000E+01}}
}
{@BLOCK|qt4|00
{@A-NFE|0|+1.100972E+02{@LIM2|+2.000000E+02|+2.000000E+01}}
}
{@BLOCK|qu600|00
{@A-NFE|0|+5.662489E+01{@LIM2|+2.000000E+02|+2.000000E+01}}
}
{@BLOCK|qu601|00
{@A-NFE|0|+8.845961E+01{@LIM2|+2.000000E+02|+2.000000E+01}}
}
{@BLOCK|qv901%qf1|00
{@A-NFE|0|+8.165017E+01{@LIM2|+2.000000E+02|+2.000000E+01}}
}
{@BLOCK|qv901%qf2|00
{@A-NFE|0|+1.361406E+02{@LIM2|+2.000000E+02|+2.000000E+01}}
}
{@BLOCK|qv902|00
{@A-NFE|0|+5.807039E+01{@LIM2|+2.000000E+02|+2.000000E+01}}
}
{@BLOCK|pq5301%f2|00
{@A-NFE|0|+4.523627E+01{@LIM2|+2.000000E+02|+2.000000E+01}}
}
{@BLOCK|pq5302%qf|00
{@A-PFE|0|+1.067205E+02{@LIM2|+2.000000E+02|+2.000000E+01}}
}
{@BLOCK|qv600|00
{@A-PFE|0|+1.158959E+02{@LIM2|+2.000000E+02|+2.000000E+01}}
}
{@BLOCK|da405|00
{@A-DIO|0|+7.302469E-01{@LIM2|+8.000000E-01|+4.000000E-01}}
}
{@BLOCK|da406|00
{@A-DIO|0|+7.091114E-01{@LIM2|+8.000000E-01|+4.000000E-01}}
}
{@BLOCK|dc3|00
{@A-DIO|0|+6.818330E-01{@LIM2|+8.000000E-01|+4.000000E-01}}
}
{@BLOCK|dc4|00
{@A-DIO|0|+6.755181E-01{@LIM2|+8.000000E-01|+4.000000E-01}}
}
{@BLOCK|di500|00
{@A-DIO|0|+6.735012E-01{@LIM2|+8.000000E-01|+2.000000E-01}}
}
{@BLOCK|dk1|00
{@A-DIO|0|+5.331975E-01{@LIM2|+8.000000E-01|+4.000000E-01}}
}
{@BLOCK|dk100|00
{@A-DIO|0|+5.262383E-01{@LIM2|+8.000000E-01|+4.000000E-01}}
}
{@BLOCK|du601|00
{@A-DIO|0|+7.633247E-01{@LIM2|+8.000000E-01|+4.000000E-01}}
}
{@BLOCK|du602|00
{@A-DIO|0|+6.077615E-01{@LIM2|+8.000000E-01|+2.000000E-01}}
}
{@BLOCK|du1103|00
{@A-DIO|0|+7.758256E-01{@LIM2|+8.000000E-01|+4.000000E-01}}
}
{@BLOCK|dv4%cr2|00
{@A-DIO|0|+5.764135E-01{@LIM2|+8.000000E-01|+4.000000E-01}}
}
{@BLOCK|dv600%cr2|00
{@A-DIO|0|+6.341493E-01{@LIM2|+8.000000E-01|+4.000000E-01}}
}
{@BLOCK|dv601%cr1|00
{@A-DIO|0|+7.675346E-01{@LIM2|+8.000000E-01|+4.000000E-01}}
}
{@BLOCK|dv601%cr2|00
{@A-DIO|0|+7.306335E-01{@LIM2|+8.000000E-01|+4.000000E-01}}
}
{@BLOCK|dv601%cr5|00
{@A-DIO|0|+5.319947E-01{@LIM2|+8.000000E-01|+4.000000E-01}}
}
{@BLOCK|dv602%cr4|00
{@A-DIO|0|+6.388318E-01{@LIM2|+8.000000E-01|+4.000000E-01}}
}
{@BLOCK|dv602%cr5|00
{@A-DIO|0|+6.397339E-01{@LIM2|+8.000000E-01|+4.000000E-01}}
}
{@BLOCK|pd5%cr1|00
{@A-DIO|0|+5.577266E-01{@LIM2|+8.000000E-01|+4.000000E-01}}
}
{@BLOCK|pd5%cr2|00
{@A-DIO|0|+5.594879E-01{@LIM2|+8.000000E-01|+4.000000E-01}}
}
{@BLOCK|led1%cr_org|00
{@A-DIO|0|+1.971381E+00{@LIM2|+2.600000E+00|+1.600000E+00}}
}
{@BLOCK|led1%cr_whi|00
{@A-DIO|0|+3.055540E+00{@LIM2|+3.500000E+00|+2.350000E+00}}
}
{@BLOCK|pq5301%d1|00
{@A-DIO|0|+6.787829E-01{@LIM2|+8.000000E-01|+4.000000E-01}}
}
{@BLOCK|pq5301%d2|00
{@A-DIO|0|+5.286725E-01{@LIM2|+8.000000E-01|+4.000000E-01}}
}
{@BLOCK|pq300|00
{@A-DIO|0|+6.408508E-01|B-E{@LIM2|+8.000000E-01|+4.000000E-01}}
{@A-DIO|0|+6.559292E-01|B-C{@LIM2|+8.000000E-01|+4.000000E-01}}
}
{@BLOCK|pq303|00
{@A-DIO|0|+6.730695E-01|B-E{@LIM2|+8.050000E-01|+6.030000E-01}}
}
{@BLOCK|da400|00
{@A-DIO|0|+5.972702E-01{@LIM2|+8.000000E-01|+4.000000E-01}}
}
{@BLOCK|da401|00
{@A-DIO|0|+5.419420E-01{@LIM2|+8.000000E-01|+4.000000E-01}}
}
{@BLOCK|da403|00
{@A-DIO|0|+5.733519E-01{@LIM2|+8.000000E-01|+4.000000E-01}}
}
{@BLOCK|di502|00
{@A-DIO|0|+7.556946E-01{@LIM2|+9.500000E-01|+4.000000E-01}}
}
{@BLOCK|du901|00
{@A-DIO|0|+5.739018E-01{@LIM2|+8.000000E-01|+4.000000E-01}}
}
{@BLOCK|du902|00
{@A-DIO|0|+6.422889E-01{@LIM2|+8.000000E-01|+4.000000E-01}}
}
{@BLOCK|du903|00
{@A-DIO|0|+5.763074E-01{@LIM2|+8.000000E-01|+4.000000E-01}}
}
{@BLOCK|du904%ds2|00
{@A-DIO|0|+5.653104E-01{@LIM2|+8.000000E-01|+4.000000E-01}}
}
{@BLOCK|du905|00
{@A-DIO|0|+6.426325E-01{@LIM2|+8.000000E-01|+4.000000E-01}}
}
{@BLOCK|du906|00
{@A-DIO|0|+5.749328E-01{@LIM2|+8.000000E-01|+4.000000E-01}}
}
{@BLOCK|du908|00
{@A-DIO|0|+6.986481E-01{@LIM2|+8.000000E-01|+4.000000E-01}}
}
{@BLOCK|pr1044|00
{@A-RES|0|+4.736740E+04{@LIM3|+4.990000E+04|+5.788400E+04|+4.191600E+04}}
}
{@BLOCK|prt302|00
{@A-RES|0|+6.666676E+02{@LIM3|+5.400000E+02|+7.290000E+02|+3.510000E+02}}
}
{@BLOCK|re100%r1_4|00
{@A-RES|0|+2.203823E+03{@LIM3|+2.200000E+03|+2.420000E+03|+1.980000E+03}}
}
{@BLOCK|rb1|00
{@A-RES|0|+2.515089E+01{@LIM3|+2.200000E+01|+2.920001E+01|+1.980000E+01}}
}
{@BLOCK|rb3|00
{@A-RES|0|+2.529610E+01{@LIM3|+2.200000E+01|+2.920001E+01|+1.980000E+01}}
}
{@BLOCK|dv3%cr1|00
{@A-DIO|0|+5.460635E-01{@LIM2|+8.000000E-01|+4.000000E-01}}
}
{@BLOCK|dv3%cr2|00
{@A-DIO|0|+5.111191E-01{@LIM2|+8.000000E-01|+4.000000E-01}}
}
{@BLOCK|du919%ds2|00
{@A-DIO|0|+5.158189E-01{@LIM2|+8.000000E-01|+4.000000E-01}}
}
{@BLOCK|du910|00
{@A-DIO|0|+6.257935E-01{@LIM2|+8.000000E-01|+4.000000E-01}}
}
{@BLOCK|du911|00
{@A-DIO|0|+6.422889E-01{@LIM2|+8.000000E-01|+4.000000E-01}}
}
{@BLOCK|du912|00
{@A-DIO|0|+6.426325E-01{@LIM2|+8.000000E-01|+4.000000E-01}}
}
{@BLOCK|du913|00
{@A-DIO|0|+6.003631E-01{@LIM2|+8.000000E-01|+4.000000E-01}}
}
{@BLOCK|du916%ds|00
{@A-DIO|0|+4.672996E-01{@LIM2|+8.000000E-01|+4.000000E-01}}
}
{@BLOCK|du919%ds1|00
{@A-DIO|0|+5.687470E-01{@LIM2|+8.000000E-01|+4.000000E-01}}
}
{@BLOCK|du1101|00
{@A-DIO|0|+3.986384E-01{@LIM2|+8.000000E-01|+3.000000E-01}}
}
{@BLOCK|du1102%dsa|00
{@A-DIO|0|+6.477873E-01{@LIM2|+9.000000E-01|+5.000000E-01}}
}
{@BLOCK|du1102%dsb|00
{@A-DIO|0|+6.477873E-01{@LIM2|+9.000000E-01|+4.000000E-01}}
}
{@BLOCK|pd300|00
{@A-DIO|0|+6.048306E-01{@LIM2|+8.000000E-01|+4.000000E-01}}
}
{@BLOCK|pd301|00
{@A-DIO|0|+6.106727E-01{@LIM2|+8.000000E-01|+4.000000E-01}}
}
{@BLOCK|pd302|00
{@A-DIO|0|+5.657242E-01{@LIM2|+8.000000E-01|+4.000000E-01}}
}
{@BLOCK|pd6200|00
{@A-DIO|0|+5.970827E-01{@LIM2|+8.000000E-01|+4.000000E-01}}
}
}}