{@BATCH|t14_gen6_intel||4086|1||btest|140101041625~16|ICT0263\engineer|ICT0263|C:/Agilent_ICT/boards/t14_gen6_lnl_intel|RevA|sb21v35591_ult5||sb21v35591_ult5
{@BTEST|6683001710|00|140101061329|000024|0|all||n||140101061353||1
{@BLOCK|f45002|00
{@A-FUS|0|+2.769321E+00{@LIM2|+1.600000E+01|+0.000000E+00}}
}
{@BLOCK|f46001|00
{@A-FUS|0|+2.546572E+00{@LIM2|+1.600000E+01|+0.000000E+00}}
}
{@BLOCK|f46002|00
{@A-FUS|0|+3.099487E+00{@LIM2|+1.600000E+01|+0.000000E+00}}
}
{@BLOCK|f46003|00
{@A-FUS|0|+2.588585E+00{@LIM2|+1.600000E+01|+0.000000E+00}}
}
{@BLOCK|f47001|00
{@A-FUS|0|+2.950586E+00{@LIM2|+1.600000E+01|+0.000000E+00}}
}
{@BLOCK|f51001|00
{@A-FUS|0|+3.017759E+00{@LIM2|+1.600000E+01|+0.000000E+00}}
}
{@BLOCK|f51002|00
{@A-FUS|0|+2.802494E+00{@LIM2|+1.600000E+01|+0.000000E+00}}
}
{@BLOCK|f51003|00
{@A-FUS|0|+2.811409E+00{@LIM2|+1.600000E+01|+0.000000E+00}}
}
{@BLOCK|f68004|00
{@A-FUS|0|+2.730660E+00{@LIM2|+1.600000E+01|+0.000000E+00}}
}
{@BLOCK|f68005|00
{@A-FUS|0|+3.135325E+00{@LIM2|+1.600000E+01|+0.000000E+00}}
}
{@BLOCK|f93001|00
{@A-FUS|0|+2.750489E+00{@LIM2|+1.600000E+01|+0.000000E+00}}
}
{@BLOCK|f94001|00
{@A-FUS|0|+2.364101E+00{@LIM2|+1.600000E+01|+0.000000E+00}}
}
{@BLOCK|f94002|00
{@A-FUS|0|+2.759713E+00{@LIM2|+1.600000E+01|+0.000000E+00}}
}
{@BLOCK|f94003|00
{@A-FUS|0|+3.055826E+00{@LIM2|+1.600000E+01|+0.000000E+00}}
}
{@BLOCK|f94004|00
{@A-FUS|0|+2.650882E+00{@LIM2|+1.600000E+01|+0.000000E+00}}
}
{@BLOCK|f95003|00
{@A-FUS|0|+3.312581E+00{@LIM2|+1.600000E+01|+0.000000E+00}}
}
{@BLOCK|pf0001|00
{@A-FUS|0|+3.422359E+00{@LIM2|+2.500000E+01|+0.000000E+00}}
}
{@BLOCK|pf0002|00
{@A-FUS|0|+2.929037E+00{@LIM2|+1.600000E+01|+0.000000E+00}}
}
{@BLOCK|f49001|00
{@A-FUS|0|+2.668309E+00{@LIM2|+1.600000E+01|+0.000000E+00}}
}
{@BLOCK|f68001|00
{@A-FUS|0|+2.520166E+00{@LIM2|+1.600000E+01|+0.000000E+00}}
}
{@BLOCK|f68002|00
{@A-FUS|0|+2.612732E+00{@LIM2|+1.600000E+01|+0.000000E+00}}
}
{@BLOCK|f68003|00
{@A-FUS|0|+2.649522E+00{@LIM2|+1.600000E+01|+0.000000E+00}}
}
{@BLOCK|f95001|00
{@A-FUS|0|+2.375211E+00{@LIM2|+1.600000E+01|+0.000000E+00}}
}
{@BLOCK|f95002|00
{@A-FUS|0|+2.422059E+00{@LIM2|+1.600000E+01|+0.000000E+00}}
}
{@BLOCK|f95004|00
{@A-FUS|0|+2.551864E+00{@LIM2|+1.600000E+01|+0.000000E+00}}
}
{@BLOCK|l49001|00
{@A-JUM|0|+4.071904E+00{@LIM2|+1.500000E+01|+0.000000E+00}}
}
{@BLOCK|pf0101|00
{@A-FUS|0|+2.780291E+00{@LIM2|+1.600000E+01|+0.000000E+00}}
}
{@BLOCK|l15001|00
{@A-JUM|0|+2.800192E+00{@LIM2|+1.500000E+01|+0.000000E+00}}
}
{@BLOCK|l55001|00
{@A-JUM|0|+5.264974E+00{@LIM2|+1.500000E+01|+0.000000E+00}}
}
{@BLOCK|l57001|00
{@A-JUM|0|+3.454907E+00{@LIM2|+1.500000E+01|+0.000000E+00}}
}
{@BLOCK|l63001%jp1|00
{@A-JUM|0|+4.118074E+00{@LIM2|+1.500000E+01|+0.000000E+00}}
}
{@BLOCK|l63001%jp2|00
{@A-JUM|0|+4.254835E+00{@LIM2|+1.500000E+01|+0.000000E+00}}
}
{@BLOCK|l76001|00
{@A-JUM|0|+3.269127E+00{@LIM2|+1.500000E+01|+0.000000E+00}}
}
{@BLOCK|l86001|00
{@A-JUM|0|+2.482393E+00{@LIM2|+1.500000E+01|+0.000000E+00}}
}
{@BLOCK|l86002|00
{@A-JUM|0|+2.634784E+00{@LIM2|+1.500000E+01|+0.000000E+00}}
}
{@BLOCK|l86003|00
{@A-JUM|0|+4.446921E+00{@LIM2|+1.500000E+01|+0.000000E+00}}
}
{@BLOCK|l95001%jp2|00
{@A-JUM|0|+4.003217E+00{@LIM2|+1.500000E+01|+0.000000E+00}}
}
{@BLOCK|pj0301|00
{@A-JUM|0|+2.991935E+00{@LIM2|+1.500000E+01|+0.000000E+00}}
}
{@BLOCK|pj0401|00
{@A-JUM|0|+3.353902E+00{@LIM2|+1.500000E+01|+0.000000E+00}}
}
{@BLOCK|pj0701|00
{@A-JUM|0|+2.945487E+00{@LIM2|+1.500000E+01|+0.000000E+00}}
}
{@BLOCK|pj0801|00
{@A-JUM|0|+2.530566E+00{@LIM2|+1.500000E+01|+0.000000E+00}}
}
{@BLOCK|pl0202|00
{@A-JUM|0|+3.152724E+00{@LIM2|+1.500000E+01|+0.000000E+00}}
}
{@BLOCK|pl0301|00
{@A-JUM|0|+2.985665E+00{@LIM2|+1.500000E+01|+0.000000E+00}}
}
{@BLOCK|pl0401|00
{@A-JUM|0|+3.103518E+00{@LIM2|+1.500000E+01|+0.000000E+00}}
}
{@BLOCK|pl0701|00
{@A-JUM|0|+2.954239E+00{@LIM2|+1.500000E+01|+0.000000E+00}}
}
{@BLOCK|pl0901|00
{@A-JUM|0|+3.375967E+00{@LIM2|+1.500000E+01|+0.000000E+00}}
}
{@BLOCK|pl1301|00
{@A-JUM|0|+2.682770E+00{@LIM2|+1.500000E+01|+0.000000E+00}}
}
{@BLOCK|pl1306|00
{@A-JUM|0|+2.671956E+00{@LIM2|+2.500000E+01|+0.000000E+00}}
}
{@BLOCK|pr0001|00
{@A-JUM|0|+2.631298E+00{@LIM2|+1.500000E+01|+0.000000E+00}}
}
{@BLOCK|pr0219|00
{@A-JUM|0|+2.879252E+00{@LIM2|+1.500000E+01|+0.000000E+00}}
}
{@BLOCK|pr0310|00
{@A-JUM|0|+3.009386E+00{@LIM2|+1.500000E+01|+0.000000E+00}}
}
{@BLOCK|pr0412|00
{@A-JUM|0|+3.198576E+00{@LIM2|+1.500000E+01|+0.000000E+00}}
}
{@BLOCK|pr0506|00
{@A-JUM|0|+2.886566E+00{@LIM2|+1.500000E+01|+0.000000E+00}}
}
{@BLOCK|pr0707|00
{@A-JUM|0|+3.075221E+00{@LIM2|+1.500000E+01|+0.000000E+00}}
}
{@BLOCK|pr0921|00
{@A-JUM|0|+3.057490E+00{@LIM2|+1.500000E+01|+0.000000E+00}}
}
{@BLOCK|pr0922|00
{@A-JUM|0|+3.471493E+00{@LIM2|+1.500000E+01|+0.000000E+00}}
}
{@BLOCK|pr1011|00
{@A-JUM|0|+4.354611E+00{@LIM2|+1.500000E+01|+0.000000E+00}}
}
{@BLOCK|pr1012|00
{@A-JUM|0|+4.441747E+00{@LIM2|+1.500000E+01|+0.000000E+00}}
}
{@BLOCK|pr1017|00
{@A-JUM|0|+2.908510E+00{@LIM2|+1.500000E+01|+0.000000E+00}}
}
{@BLOCK|pr1110|00
{@A-JUM|0|+3.232591E+00{@LIM2|+1.500000E+01|+0.000000E+00}}
}
{@BLOCK|pr1111|00
{@A-JUM|0|+3.427489E+00{@LIM2|+1.500000E+01|+0.000000E+00}}
}
{@BLOCK|pr1116|00
{@A-JUM|0|+2.832096E+00{@LIM2|+1.500000E+01|+0.000000E+00}}
}
{@BLOCK|pr1210|00
{@A-JUM|0|+4.614616E+00{@LIM2|+1.500000E+01|+0.000000E+00}}
}
{@BLOCK|pr1211|00
{@A-JUM|0|+4.517427E+00{@LIM2|+1.500000E+01|+0.000000E+00}}
}
{@BLOCK|pr1216|00
{@A-JUM|0|+2.859928E+00{@LIM2|+1.500000E+01|+0.000000E+00}}
}
{@BLOCK|pr1309|00
{@A-JUM|0|+4.502298E+00{@LIM2|+1.500000E+01|+0.000000E+00}}
}
{@BLOCK|pr1310|00
{@A-JUM|0|+4.663542E+00{@LIM2|+1.500000E+01|+0.000000E+00}}
}
{@BLOCK|pr1316|00
{@A-JUM|0|+2.832432E+00{@LIM2|+1.500000E+01|+0.000000E+00}}
}
{@BLOCK|pr1615|00
{@A-JUM|0|+2.653535E+00{@LIM2|+1.500000E+01|+0.000000E+00}}
}
{@BLOCK|pr1618|00
{@A-JUM|0|+2.538102E+00{@LIM2|+1.500000E+01|+0.000000E+00}}
}
{@BLOCK|pr1620|00
{@A-JUM|0|+3.903035E+00{@LIM2|+1.500000E+01|+0.000000E+00}}
}
{@BLOCK|pr1626|00
{@A-JUM|0|+4.550160E+00{@LIM2|+1.500000E+01|+0.000000E+00}}
}
{@BLOCK|pr1634|00
{@A-JUM|0|+3.638636E+00{@LIM2|+1.500000E+01|+0.000000E+00}}
}
{@BLOCK|pr1641|00
{@A-JUM|0|+3.877192E+00{@LIM2|+1.500000E+01|+0.000000E+00}}
}
{@BLOCK|l93001%jp1|00
{@A-JUM|0|+3.758680E+00{@LIM2|+1.700000E+01|+0.000000E+00}}
}
{@BLOCK|l93001%jp2|00
{@A-JUM|0|+3.578392E+00{@LIM2|+1.500000E+01|+0.000000E+00}}
}
{@BLOCK|pr0229|00
{@A-JUM|0|+2.122993E+00{@LIM2|+1.500000E+01|+0.000000E+00}}
}
{@BLOCK|pr1612|00
{@A-JUM|0|+3.627066E+00{@LIM2|+2.500000E+01|+0.000000E+00}}
}
{@BLOCK|pr2002|00
{@A-JUM|0|+2.075589E+00{@LIM2|+1.500000E+01|+0.000000E+00}}
}
{@BLOCK|pr2004|00
{@A-JUM|0|+2.282498E+00{@LIM2|+1.500000E+01|+0.000000E+00}}
}
{@BLOCK|pr2009|00
{@A-JUM|0|+3.739553E+00{@LIM2|+1.500000E+01|+0.000000E+00}}
}
{@BLOCK|pr2011|00
{@A-JUM|0|+2.230350E+00{@LIM2|+1.500000E+01|+0.000000E+00}}
}
{@BLOCK|pr1643|00
{@A-JUM|0|+3.926153E+00{@LIM2|+2.500000E+01|+0.000000E+00}}
}
{@BLOCK|pr2301|00
{@A-JUM|0|+2.863360E+00{@LIM2|+1.500000E+01|+0.000000E+00}}
}
{@BLOCK|pr2302|00
{@A-JUM|0|+2.970611E+00{@LIM2|+1.500000E+01|+0.000000E+00}}
}
{@BLOCK|pr2303|00
{@A-JUM|0|+2.600615E+00{@LIM2|+1.500000E+01|+0.000000E+00}}
}
{@BLOCK|r06018|00
{@A-JUM|0|+4.905371E+00{@LIM2|+1.500000E+01|+0.000000E+00}}
}
{@BLOCK|r06019|00
{@A-JUM|0|+4.987392E+00{@LIM2|+1.500000E+01|+0.000000E+00}}
}
{@BLOCK|r08003|00
{@A-JUM|0|+2.826059E+00{@LIM2|+1.500000E+01|+0.000000E+00}}
}
{@BLOCK|r08005|00
{@A-JUM|0|+2.831088E+00{@LIM2|+1.500000E+01|+0.000000E+00}}
}
{@BLOCK|r08006|00
{@A-JUM|0|+2.877516E+00{@LIM2|+1.500000E+01|+0.000000E+00}}
}
{@BLOCK|r12018|00
{@A-JUM|0|+3.333172E+00{@LIM2|+1.500000E+01|+0.000000E+00}}
}
{@BLOCK|r15009|00
{@A-JUM|0|+2.769964E+00{@LIM2|+1.500000E+01|+0.000000E+00}}
}
{@BLOCK|r22103|00
{@A-JUM|0|+3.006922E+00{@LIM2|+1.500000E+01|+0.000000E+00}}
}
{@BLOCK|r22104|00
{@A-JUM|0|+3.064558E+00{@LIM2|+1.500000E+01|+0.000000E+00}}
}
{@BLOCK|r22105|00
{@A-JUM|0|+2.902011E+00{@LIM2|+1.500000E+01|+0.000000E+00}}
}
{@BLOCK|r22106|00
{@A-JUM|0|+3.050162E+00{@LIM2|+1.500000E+01|+0.000000E+00}}
}
{@BLOCK|r22107|00
{@A-JUM|0|+2.977376E+00{@LIM2|+1.500000E+01|+0.000000E+00}}
}
{@BLOCK|r22108|00
{@A-JUM|0|+2.556867E+00{@LIM2|+1.500000E+01|+0.000000E+00}}
}
{@BLOCK|r22109|00
{@A-JUM|0|+2.648234E+00{@LIM2|+1.500000E+01|+0.000000E+00}}
}
{@BLOCK|r22110|00
{@A-JUM|0|+3.021772E+00{@LIM2|+1.500000E+01|+0.000000E+00}}
}
{@BLOCK|r22208|00
{@A-JUM|0|+5.513761E+00{@LIM2|+1.500000E+01|+0.000000E+00}}
}
{@BLOCK|r22209|00
{@A-JUM|0|+5.434028E+00{@LIM2|+1.200000E+02|+0.000000E+00}}
}
{@BLOCK|r22210|00
{@A-JUM|0|+5.319551E+00{@LIM2|+1.500000E+01|+0.000000E+00}}
}
{@BLOCK|r22211|00
{@A-JUM|0|+5.533259E+00{@LIM2|+1.500000E+01|+0.000000E+00}}
}
{@BLOCK|r22212|00
{@A-JUM|0|+5.530053E+00{@LIM2|+1.500000E+01|+0.000000E+00}}
}
{@BLOCK|r22213|00
{@A-JUM|0|+3.181515E+04{@LIM2|+9.999999E+99|+1.500000E+01}}
}
{@BLOCK|r41013|00
{@A-JUM|0|+2.875436E+00{@LIM2|+1.500000E+01|+0.000000E+00}}
}
{@BLOCK|r41032|00
{@A-JUM|0|+2.358028E+00{@LIM2|+1.500000E+01|+0.000000E+00}}
}
{@BLOCK|r44007|00
{@A-JUM|0|+3.809111E+00{@LIM2|+1.500000E+01|+0.000000E+00}}
}
{@BLOCK|r44015|00
{@A-JUM|0|+2.455066E+00{@LIM2|+1.500000E+01|+0.000000E+00}}
}
{@BLOCK|r44020|00
{@A-JUM|0|+5.025468E+00{@LIM2|+1.500000E+01|+0.000000E+00}}
}
{@BLOCK|r44021|00
{@A-JUM|0|+4.868590E+00{@LIM2|+1.500000E+01|+0.000000E+00}}
}
{@BLOCK|r45002|00
{@A-JUM|0|+2.607434E+00{@LIM2|+1.500000E+01|+0.000000E+00}}
}
{@BLOCK|r45003|00
{@A-JUM|0|+2.361061E+00{@LIM2|+1.500000E+01|+0.000000E+00}}
}
{@BLOCK|r46002|00
{@A-JUM|0|+2.577024E+00{@LIM2|+1.500000E+01|+0.000000E+00}}
}
{@BLOCK|r46003|00
{@A-JUM|0|+2.487049E+00{@LIM2|+1.500000E+01|+0.000000E+00}}
}
{@BLOCK|r47001|00
{@A-JUM|0|+2.667774E+00{@LIM2|+1.500000E+01|+0.000000E+00}}
}
{@BLOCK|r48001|00
{@A-JUM|0|+3.644750E+00{@LIM2|+1.500000E+01|+0.000000E+00}}
}
{@BLOCK|r51102|00
{@A-JUM|0|+2.590452E+00{@LIM2|+1.500000E+01|+0.000000E+00}}
}
{@BLOCK|r51211|00
{@A-JUM|0|+2.740381E+00{@LIM2|+1.500000E+01|+0.000000E+00}}
}
{@BLOCK|r51217|00
{@A-JUM|0|+3.313846E+00{@LIM2|+1.500000E+01|+0.000000E+00}}
}
{@BLOCK|r51218|00
{@A-JUM|0|+4.772190E+04{@LIM2|+9.999999E+99|+1.500000E+01}}
}
{@BLOCK|r53001|00
{@A-JUM|0|+2.594676E+00{@LIM2|+1.500000E+01|+0.000000E+00}}
}
{@BLOCK|r53002|00
{@A-JUM|0|+2.634202E+00{@LIM2|+1.500000E+01|+0.000000E+00}}
}
{@BLOCK|r53003|00
{@A-JUM|0|+3.111511E+00{@LIM2|+1.500000E+01|+0.000000E+00}}
}
{@BLOCK|r54104|00
{@A-JUM|0|+4.082145E+00{@LIM2|+1.500000E+01|+0.000000E+00}}
}
{@BLOCK|r55002|00
{@A-JUM|0|+2.501388E+00{@LIM2|+1.500000E+01|+0.000000E+00}}
}
{@BLOCK|r55004|00
{@A-JUM|0|+2.498507E+00{@LIM2|+1.500000E+01|+0.000000E+00}}
}
{@BLOCK|r57002|00
{@A-JUM|0|+2.326305E+00{@LIM2|+1.500000E+01|+0.000000E+00}}
}
{@BLOCK|r12011|00
{@A-JUM|0|+2.404833E+00{@LIM2|+1.500000E+01|+0.000000E+00}}
}
{@BLOCK|r17001|00
{@A-JUM|0|+2.203182E+00{@LIM2|+1.500000E+01|+0.000000E+00}}
}
{@BLOCK|r41019|00
{@A-JUM|0|+3.718989E+00{@LIM2|+1.500000E+01|+0.000000E+00}}
}
{@BLOCK|r41025|00
{@A-JUM|0|+3.699530E+00{@LIM2|+1.500000E+01|+0.000000E+00}}
}
{@BLOCK|r42005|00
{@A-JUM|0|+2.273823E+00{@LIM2|+1.500000E+01|+0.000000E+00}}
}
{@BLOCK|r46001|00
{@A-JUM|0|+2.224184E+00{@LIM2|+1.500000E+01|+0.000000E+00}}
}
{@BLOCK|r59002|00
{@A-JUM|0|+2.240201E+00{@LIM2|+1.500000E+01|+0.000000E+00}}
}
{@BLOCK|r59007|00
{@A-JUM|0|+2.394959E+00{@LIM2|+1.500000E+01|+0.000000E+00}}
}
{@BLOCK|r58002|00
{@A-JUM|0|+2.853089E+00{@LIM2|+1.500000E+01|+0.000000E+00}}
}
{@BLOCK|r59003|00
{@A-JUM|0|+2.431303E+00{@LIM2|+1.500000E+01|+0.000000E+00}}
}
{@BLOCK|r59010|00
{@A-JUM|0|+2.446508E+00{@LIM2|+1.500000E+01|+0.000000E+00}}
}
{@BLOCK|r59011|00
{@A-JUM|0|+2.559610E+00{@LIM2|+1.500000E+01|+0.000000E+00}}
}
{@BLOCK|r59017|00
{@A-JUM|0|+3.258191E+00{@LIM2|+1.500000E+01|+0.000000E+00}}
}
{@BLOCK|r61209|00
{@A-JUM|0|+2.317269E+00{@LIM2|+1.500000E+01|+0.000000E+00}}
}
{@BLOCK|r63101|00
{@A-JUM|0|+2.669266E+00{@LIM2|+1.500000E+01|+0.000000E+00}}
}
{@BLOCK|r63102|00
{@A-JUM|0|+2.594959E+00{@LIM2|+1.500000E+01|+0.000000E+00}}
}
{@BLOCK|r59008|00
{@A-JUM|0|+2.519621E+00{@LIM2|+1.500000E+01|+0.000000E+00}}
}
{@BLOCK|r59009|00
{@A-JUM|0|+2.493768E+00{@LIM2|+1.500000E+01|+0.000000E+00}}
}
{@BLOCK|r70117|00
{@A-JUM|0|+4.253978E+00{@LIM2|+1.500000E+01|+0.000000E+00}}
}
{@BLOCK|r72006|00
{@A-JUM|0|+3.871890E+00{@LIM2|+1.500000E+01|+0.000000E+00}}
}
{@BLOCK|r72007|00
{@A-JUM|0|+3.793206E+00{@LIM2|+1.500000E+01|+0.000000E+00}}
}
{@BLOCK|r74001|00
{@A-JUM|0|+2.432919E+00{@LIM2|+1.500000E+01|+0.000000E+00}}
}
{@BLOCK|r74103|00
{@A-JUM|0|+2.291915E+00{@LIM2|+1.500000E+01|+0.000000E+00}}
}
{@BLOCK|r74111|00
{@A-JUM|0|+2.431145E+00{@LIM2|+1.500000E+01|+0.000000E+00}}
}
{@BLOCK|r64223|00
{@A-JUM|0|+2.702213E+00{@LIM2|+1.500000E+01|+0.000000E+00}}
}
{@BLOCK|r70001|00
{@A-JUM|0|+2.660635E+00{@LIM2|+1.500000E+01|+0.000000E+00}}
}
{@BLOCK|r72001|00
{@A-JUM|0|+2.698241E+00{@LIM2|+1.500000E+01|+0.000000E+00}}
}
{@BLOCK|r74108|00
{@A-JUM|0|+2.692152E+00{@LIM2|+1.500000E+01|+0.000000E+00}}
}
{@BLOCK|r74112|00
{@A-JUM|0|+2.661526E+00{@LIM2|+1.500000E+01|+0.000000E+00}}
}
{@BLOCK|r76001|00
{@A-JUM|0|+2.842215E+00{@LIM2|+1.500000E+01|+0.000000E+00}}
}
{@BLOCK|r76101|00
{@A-JUM|0|+2.855821E+00{@LIM2|+1.500000E+01|+0.000000E+00}}
}
{@BLOCK|r83001|00
{@A-JUM|0|+2.692152E+00{@LIM2|+1.500000E+01|+0.000000E+00}}
}
{@BLOCK|r83002|00
{@A-JUM|0|+2.695193E+00{@LIM2|+1.500000E+01|+0.000000E+00}}
}
{@BLOCK|r83004|00
{@A-JUM|0|+2.640615E+00{@LIM2|+1.500000E+01|+0.000000E+00}}
}
{@BLOCK|r83105|00
{@A-JUM|0|+3.981509E+00{@LIM2|+1.500000E+01|+0.000000E+00}}
}
{@BLOCK|r83106|00
{@A-JUM|0|+2.523608E+00{@LIM2|+1.500000E+01|+0.000000E+00}}
}
{@BLOCK|r83110|00
{@A-JUM|0|+4.253887E+00{@LIM2|+1.500000E+01|+0.000000E+00}}
}
{@BLOCK|r85103|00
{@A-JUM|0|+2.385608E+00{@LIM2|+1.500000E+01|+0.000000E+00}}
}
{@BLOCK|r85104|00
{@A-JUM|0|+2.863016E+00{@LIM2|+1.500000E+01|+0.000000E+00}}
}
{@BLOCK|r85105|00
{@A-JUM|0|+2.492244E+00{@LIM2|+1.500000E+01|+0.000000E+00}}
}
{@BLOCK|r92005|00
{@A-JUM|0|+2.654125E+00{@LIM2|+1.500000E+01|+0.000000E+00}}
}
{@BLOCK|r92006|00
{@A-JUM|0|+2.651176E+00{@LIM2|+1.500000E+01|+0.000000E+00}}
}
{@BLOCK|r92007|00
{@A-JUM|0|+3.256524E+00{@LIM2|+1.500000E+01|+0.000000E+00}}
}
{@BLOCK|r92008|00
{@A-JUM|0|+2.608860E+00{@LIM2|+1.500000E+01|+0.000000E+00}}
}
{@BLOCK|r94001|00
{@A-JUM|0|+2.816386E+00{@LIM2|+1.500000E+01|+0.000000E+00}}
}
{@BLOCK|r94101|00
{@A-JUM|0|+2.730973E+00{@LIM2|+1.500000E+02|+0.000000E+00}}
}
{@BLOCK|r94102|00
{@A-JUM|0|+2.411890E+00{@LIM2|+1.050000E+02|+0.000000E+00}}
}
{@BLOCK|r95004|00
{@A-JUM|0|+2.653240E+00{@LIM2|+1.500000E+01|+0.000000E+00}}
}
{@BLOCK|r98001|00
{@A-JUM|0|+3.097375E+00{@LIM2|+1.500000E+01|+0.000000E+00}}
}
{@BLOCK|sw12001%jpa|00
{@A-JUM|0|+4.051303E+00{@LIM2|+1.500000E+01|+0.000000E+00}}
}
{@BLOCK|pr0417|00
{@A-JUM|0|+3.367981E+01{@LIM2|+9.999999E+99|+1.500000E+01}}
}
{@BLOCK|pr0505|00
{@A-JUM|0|+5.056966E+06{@LIM2|+9.999999E+99|+1.000000E+04}}
}
{@BLOCK|pr0924|00
{@A-JUM|0|+8.473438E+06{@LIM2|+9.999999E+99|+1.000000E+04}}
}
{@BLOCK|pr1004|00
{@A-JUM|0|+2.820714E+00{@LIM2|+1.500000E+01|+0.000000E+00}}
}
{@BLOCK|pr1642|00
{@A-JUM|0|-1.963855E+06{@LIM2|+9.999999E+99|+1.000000E+04}}
}
{@BLOCK|pr2201|00
{@A-JUM|0|+2.400130E+04{@LIM2|+9.999999E+99|+9.000000E+00}}
}
{@BLOCK|r74114|00
{@A-JUM|0|+2.279376E+00{@LIM2|+1.500000E+01|+0.000000E+00}}
}
{@BLOCK|r95001|00
{@A-JUM|0|+2.334337E+00{@LIM2|+1.500000E+01|+0.000000E+00}}
}
{@BLOCK|r95002|00
{@A-JUM|0|+2.290565E+00{@LIM2|+1.500000E+01|+0.000000E+00}}
}
{@BLOCK|pr2010|00
{@A-JUM|0|+2.734680E+05{@LIM2|+9.999999E+99|+9.360000E+03}}
}
{@BLOCK|pr2022|00
{@A-JUM|0|+1.615167E+06{@LIM2|+9.999999E+99|+1.000000E+04}}
}
{@BLOCK|r06020|00
{@A-JUM|0|-7.979173E+06{@LIM2|+9.999999E+99|+1.000000E+04}}
}
{@BLOCK|r06021|00
{@A-JUM|0|+2.547353E+00{@LIM2|+1.500000E+01|+0.000000E+00}}
}
{@BLOCK|r12004|00
{@A-JUM|0|+1.964780E+08{@LIM2|+9.999999E+99|+1.000000E+04}}
}
{@BLOCK|r06016|00
{@A-JUM|0|+1.237502E+07{@LIM2|+9.999999E+99|+1.000000E+04}}
}
{@BLOCK|r06017|00
{@A-JUM|0|+1.541741E+07{@LIM2|+9.999999E+99|+1.000000E+04}}
}
{@BLOCK|r07008|00
{@A-JUM|0|-6.108701E+06{@LIM2|+9.999999E+99|+1.000000E+04}}
}
{@BLOCK|r08004|00
{@A-JUM|0|+6.442314E+06{@LIM2|+9.999999E+99|+1.000000E+04}}
}
{@BLOCK|r19003|00
{@A-JUM|0|+2.902689E+00{@LIM2|+1.500000E+01|+0.000000E+00}}
}
{@BLOCK|r51101|00
{@A-JUM|0|+3.614938E+05{@LIM2|+9.999999E+99|+1.680000E+02}}
}
{@BLOCK|r55003|00
{@A-JUM|0|+1.161125E+07{@LIM2|+9.999999E+99|+1.000000E+04}}
}
{@BLOCK|r59001|00
{@A-JUM|0|+3.072002E+04{@LIM2|+9.999999E+99|+1.500000E+01}}
}
{@BLOCK|r41030|00
{@A-JUM|0|+6.266599E+07{@LIM2|+9.999999E+99|+1.000000E+04}}
}
{@BLOCK|r41031|00
{@A-JUM|0|+4.674729E+07{@LIM2|+9.999999E+99|+1.000000E+04}}
}
{@BLOCK|r49001|00
{@A-JUM|0|+1.964780E+08{@LIM2|+9.999999E+99|+6.680000E+03}}
}
{@BLOCK|r70118|00
{@A-JUM|0|-8.918731E+07{@LIM2|+9.999999E+99|+1.000000E+04}}
}
{@BLOCK|r70119|00
{@A-JUM|0|-2.903880E+09{@LIM2|+9.999999E+99|+1.000000E+04}}
}
{@BLOCK|r70120|00
{@A-JUM|0|+1.964780E+08{@LIM2|+9.999999E+99|+1.000000E+04}}
}
{@BLOCK|r70122|00
{@A-JUM|0|-4.173777E+06{@LIM2|+9.999999E+99|+1.710000E+02}}
}
{@BLOCK|r74109|00
{@A-JUM|0|-2.903880E+09{@LIM2|+9.999999E+99|+1.000000E+04}}
}
{@BLOCK|r70121|00
{@A-JUM|0|+2.293573E+07{@LIM2|+9.999999E+99|+1.000000E+04}}
}
{@BLOCK|r70123|00
{@A-JUM|0|+1.843967E+07{@LIM2|+9.999999E+99|+1.000000E+04}}
}
{@BLOCK|r74113|00
{@A-JUM|0|+1.093628E+07{@LIM2|+9.999999E+99|+1.000000E+04}}
}
{@BLOCK|r74115|00
{@A-JUM|0|+1.843920E+07{@LIM2|+9.999999E+99|+4.930000E+03}}
}
{@BLOCK|r74117|00
{@A-JUM|0|+5.842147E+06{@LIM2|+9.999999E+99|+1.000000E+04}}
}
{@BLOCK|r74118|00
{@A-JUM|0|-1.190905E+07{@LIM2|+9.999999E+99|+1.000000E+04}}
}
{@BLOCK|r74119|00
{@A-JUM|0|-2.245084E+06{@LIM2|+9.999999E+99|+1.000000E+04}}
}
{@BLOCK|r83101|00
{@A-JUM|0|+1.003442E+04{@LIM2|+9.999999E+99|+4.840000E+03}}
}
{@BLOCK|r94103|00
{@A-JUM|0|+2.044341E+07{@LIM2|+9.999999E+99|+1.000000E+04}}
}
{@BLOCK|jusb1_sp|00
{@A-JUM|0|+2.478805E+00{@LIM2|+4.920000E+02|+0.000000E+00}}
}
{@BLOCK|jusbc1_sp|00
{@A-JUM|0|+2.452384E+00{@LIM2|+4.920000E+02|+0.000000E+00}}
}
{@BLOCK|jusbc2_sp|00
{@A-JUM|0|+2.493496E+00{@LIM2|+4.920000E+02|+0.000000E+00}}
}
{@BLOCK|jhdmi1_sp|00
{@A-JUM|0|+2.384671E+00{@LIM2|+4.920000E+02|+0.000000E+00}}
}
{@BLOCK|jhp1_sp|00
{@A-JUM|0|+2.406888E+00{@LIM2|+4.920000E+02|+0.000000E+00}}
}
{@BLOCK|jrtc1_sp|00
{@A-JUM|0|+2.927213E+00{@LIM2|+4.920000E+02|+0.000000E+00}}
}
{@BLOCK|jbatt1_sp|00
{@A-JUM|0|+2.740873E+00{@LIM2|+4.920000E+02|+0.000000E+00}}
}
{@BLOCK|r74110|00
{@A-JUM|0|+3.099747E+07{@LIM2|+9.999999E+99|+5.650000E+03}}
}
{@BLOCK|r76218|00
{@A-JUM|0|-9.653415E+06{@LIM2|+9.999999E+99|+1.000000E+04}}
}
{@BLOCK|uwlan1_sp|00
{@A-JUM|0|+2.905840E+00{@LIM2|+4.920000E+02|+0.000000E+00}}
}
{@BLOCK|h43_sp|00
{@A-JUM|0|+2.702642E+00{@LIM2|+4.920000E+02|+0.000000E+00}}
}
{@BLOCK|h44_sp|00
{@A-JUM|0|+2.825548E+00{@LIM2|+4.920000E+02|+0.000000E+00}}
}
{@BLOCK|st5_sp|00
{@A-JUM|0|+2.931000E+00{@LIM2|+4.920000E+02|+0.000000E+00}}
}
{@BLOCK|st6_sp|00
{@A-JUM|0|+2.992044E+00{@LIM2|+4.920000E+02|+0.000000E+00}}
}
{@BLOCK|st7_sp|00
{@A-JUM|0|+2.808572E+00{@LIM2|+4.920000E+02|+0.000000E+00}}
}
{@BLOCK|st8_sp|00
{@A-JUM|0|+2.829892E+00{@LIM2|+4.920000E+02|+0.000000E+00}}
}
{@TS|0|000|000|000|shorts
}
{@BLOCK|c15038|00
{@A-CAP|0|+2.394217E-06{@LIM3|+2.100000E-06|+2.730000E-06|+1.470000E-06}}
}
{@BLOCK|pc1516|00
{@A-CAP|0|+3.899019E-04{@LIM3|+4.401010E-04|+5.721313E-04|+3.080100E-04}}
}
{@BLOCK|pc0802|00
{@A-CAP|0|+6.857975E-05{@LIM3|+6.620200E-05|+8.606260E-05|+4.633226E-05}}
}
{@BLOCK|c18001|00
{@A-CAP|0|+1.090143E-07{@LIM3|+1.180000E-07|+1.770000E-07|+5.900000E-08}}
}
{@BLOCK|c42001|00
{@A-CAP|0|+9.721701E-08{@LIM3|+1.000000E-07|+1.200000E-07|+8.000000E-08}}
}
{@BLOCK|c42002|00
{@A-CAP|0|+9.905960E-08{@LIM3|+9.000000E-08|+1.530000E-07|+2.700000E-08}}
}
{@BLOCK|c42003|00
{@A-CAP|0|+1.017322E-07{@LIM3|+1.000000E-07|+1.200000E-07|+8.000000E-08}}
}
{@BLOCK|c42004|00
{@A-CAP|0|+9.632865E-08{@LIM3|+1.000000E-07|+1.200000E-07|+8.000000E-08}}
}
{@BLOCK|c42005|00
{@A-CAP|0|+9.726121E-08{@LIM3|+1.000000E-07|+1.200000E-07|+8.000000E-08}}
}
{@BLOCK|c42006|00
{@A-CAP|0|+9.736866E-08{@LIM3|+1.000000E-07|+1.200000E-07|+8.000000E-08}}
}
{@BLOCK|c44010|00
{@A-CAP|0|+1.475847E-06{@LIM3|+1.540000E-06|+2.002000E-06|+1.078000E-06}}
}
{@BLOCK|c51105|00
{@A-CAP|0|+4.568194E-06{@LIM3|+3.910000E-06|+5.083000E-06|+2.737000E-06}}
}
{@BLOCK|c44009|00
{@A-CAP|0|+1.097779E-07{@LIM3|+1.000000E-07|+1.200000E-07|+8.000000E-08}}
}
{@BLOCK|c50401|00
{@A-CAP|0|+1.076676E-07{@LIM3|+1.000000E-07|+1.200000E-07|+8.000000E-08}}
}
{@BLOCK|c51101|00
{@A-CAP|0|+9.775100E-08{@LIM3|+1.000000E-07|+1.200000E-07|+8.000000E-08}}
}
{@BLOCK|c53104|00
{@A-CAP|0|+6.929585E-06{@LIM3|+6.440000E-06|+8.372000E-06|+4.508000E-06}}
}
{@BLOCK|c53125|00
{@A-CAP|0|+4.140649E-06{@LIM3|+4.800000E-06|+6.240000E-06|+3.360000E-06}}
}
{@BLOCK|pc0317|00
{@A-CAP|0|+1.563219E-04{@LIM3|+1.603050E-04|+2.083965E-04|+1.121914E-04}}
}
{@BLOCK|c63101|00
{@A-CAP|0|+1.386509E-06{@LIM3|+1.500000E-06|+1.950000E-06|+1.050000E-06}}
}
{@BLOCK|pc0510|00
{@A-CAP|0|+1.471227E-04{@LIM3|+1.437120E-04|+1.868256E-04|+1.005786E-04}}
}
{@BLOCK|c63403|00
{@A-CAP|0|+2.149478E-07{@LIM3|+2.000000E-07|+2.400000E-07|+1.600000E-07}}
}
{@BLOCK|c64101|00
{@A-CAP|0|+1.428547E-06{@LIM3|+1.500000E-06|+1.800000E-06|+1.050000E-06}}
}
{@BLOCK|c67201|00
{@A-CAP|0|+1.320625E-04{@LIM3|+1.502000E-04|+1.952600E-04|+1.049984E-04}}
}
{@BLOCK|c15002|00
{@A-CAP|0|+1.160042E-04{@LIM3|+1.146020E-04|+1.489826E-04|+8.020558E-05}}
}
{@BLOCK|c53126|00
{@A-CAP|0|+1.059442E-06{@LIM3|+1.000000E-06|+1.300000E-06|+7.000000E-07}}
}
{@BLOCK|c94001|00
{@A-CAP|0|+9.777297E-08{@LIM3|+1.000000E-07|+1.300000E-07|+7.000000E-08}}
}
{@BLOCK|c94002|00
{@A-CAP|0|+9.941268E-08{@LIM3|+1.000000E-07|+1.300000E-07|+8.000000E-08}}
}
{@BLOCK|c94003|00
{@A-CAP|0|+9.675101E-08{@LIM3|+1.000000E-07|+1.200000E-07|+8.000000E-08}}
}
{@BLOCK|c94004|00
{@A-CAP|0|+9.685567E-08{@LIM3|+1.000000E-07|+1.300000E-07|+7.000000E-08}}
}
{@BLOCK|c94005|00
{@A-CAP|0|+9.778223E-08{@LIM3|+1.000000E-07|+1.200000E-07|+8.000000E-08}}
}
{@BLOCK|c94007|00
{@A-CAP|0|+9.667305E-08{@LIM3|+1.000000E-07|+1.300000E-07|+7.000000E-08}}
}
{@BLOCK|c94008|00
{@A-CAP|0|+9.629789E-08{@LIM3|+1.000000E-07|+1.300000E-07|+7.000000E-08}}
}
{@BLOCK|c94009|00
{@A-CAP|0|+9.355430E-08{@LIM3|+1.000000E-07|+1.200000E-07|+8.000000E-08}}
}
{@BLOCK|c94010|00
{@A-CAP|0|+8.726152E-08{@LIM3|+1.000000E-07|+1.300000E-07|+7.000000E-08}}
}
{@BLOCK|c92004|00
{@A-CAP|0|+2.582353E-05{@LIM3|+3.231200E-05|+4.200560E-05|+2.261394E-05}}
}
{@BLOCK|c72001|00
{@A-CAP|0|+3.505634E-05{@LIM3|+3.032000E-05|+3.941600E-05|+2.122400E-05}}
}
{@BLOCK|c76103|00
{@A-CAP|0|+2.116585E-05{@LIM3|+2.340000E-05|+3.042000E-05|+1.637677E-05}}
}
{@BLOCK|c76106|00
{@A-CAP|0|+1.808545E-05{@LIM3|+1.710000E-05|+2.223000E-05|+1.196764E-05}}
}
{@BLOCK|c92007|00
{@A-CAP|0|+1.722051E-07{@LIM3|+1.500000E-07|+1.950000E-07|+1.050000E-07}}
}
{@BLOCK|c94101|00
{@A-CAP|0|+1.313432E-06{@LIM3|+1.410000E-06|+1.833000E-06|+9.870000E-07}}
}
{@BLOCK|c94108|00
{@A-CAP|0|+1.111622E-06{@LIM3|+1.200000E-06|+1.560000E-06|+8.400000E-07}}
}
{@BLOCK|pc0234|00
{@A-CAP|0|+1.256989E-04{@LIM3|+1.116290E-04|+1.451177E-04|+7.812490E-05}}
}
{@BLOCK|c94307|00
{@A-CAP|0|+1.152192E-09{@LIM3|+1.047000E-09|+1.413450E-09|+6.805500E-10}}
}
{@BLOCK|c95305|00
{@A-CAP|0|+1.176425E-07{@LIM3|+1.022000E-07|+1.379700E-07|+6.643000E-08}}
}
{@BLOCK|pc0003|00
{@A-CAP|0|+9.237239E-08{@LIM3|+1.000000E-07|+1.300000E-07|+7.000000E-08}}
}
{@BLOCK|c59012|00
{@A-CAP|0|+8.367170E-06{@LIM3|+8.800000E-06|+1.056000E-05|+7.040000E-06}}
}
{@BLOCK|c59006|00
{@A-CAP|0|+9.782046E-06{@LIM3|+8.800000E-06|+1.056000E-05|+7.040000E-06}}
}
{@BLOCK|pc0221|00
{@A-CAP|0|+2.031936E-05{@LIM3|+1.770000E-05|+2.124000E-05|+1.416000E-05}}
}
{@BLOCK|c59013|00
{@A-CAP|0|+1.985049E-04{@LIM3|+1.961020E-04|+2.549326E-04|+1.372443E-04}}
}
{@BLOCK|pc0939|00
{@A-CAP|0|+8.108463E-04{@LIM3|+9.212100E-04|+1.197573E-03|+6.435720E-04}}
}
{@BLOCK|pc1213|00
{@A-CAP|0|+9.522758E-08{@LIM3|+1.001000E-07|+1.301300E-07|+7.007000E-08}}
}
{@BLOCK|c95303|00
{@A-CAP|0|+4.499486E-10{@LIM3|+4.570000E-10|+5.629408E-10|+3.656000E-10}}
}
{@BLOCK|c45301|00
{@A-CAP|0|+1.033494E-08{@LIM3|+1.000000E-08|+1.200000E-08|+8.000000E-09}}
}
{@BLOCK|pc1402|00
{@A-CAP|0|+5.509660E-04{@LIM3|+5.770000E-04|+7.501000E-04|+4.038204E-04}}
}
{@BLOCK|pc1106|00
{@A-CAP|0|+5.885684E-06{@LIM3|+4.700000E-06|+6.110000E-06|+3.290000E-06}}
}
{@BLOCK|pc1469|00
{@A-CAP|0|+7.628048E-05{@LIM3|+8.800000E-05|+1.144000E-04|+6.158786E-05}}
}
{@BLOCK|c17007|00
{@A-CAP|0|+3.621281E-04{@LIM3|+4.007000E-04|+5.209100E-04|+2.804347E-04}}
}
{@BLOCK|c44005|00
{@A-CAP|0|+1.019778E-06{@LIM3|+1.000000E-06|+1.300000E-06|+7.000000E-07}}
}
{@BLOCK|c50103|00
{@A-CAP|0|+1.037165E-06{@LIM3|+1.000000E-06|+1.300000E-06|+7.000000E-07}}
}
{@BLOCK|c50104|00
{@A-CAP|0|+1.049194E-06{@LIM3|+1.000000E-06|+1.300000E-06|+7.000000E-07}}
}
{@BLOCK|c54101|00
{@A-CAP|0|+8.872661E-06{@LIM3|+8.600000E-06|+1.118000E-05|+6.020000E-06}}
}
{@BLOCK|c94109|00
{@A-CAP|0|+9.638825E-07{@LIM3|+1.000000E-06|+1.300000E-06|+7.000000E-07}}
}
{@BLOCK|c15045|00
{@A-CAP|0|+1.588390E-05{@LIM3|+1.720000E-05|+2.236000E-05|+1.204000E-05}}
}
{@BLOCK|c15058|00
{@A-CAP|0|+1.533803E-05{@LIM3|+1.220000E-05|+1.586000E-05|+8.540000E-06}}
}
{@BLOCK|pc1584|00
{@A-CAP|0|+1.474166E-04{@LIM3|+1.348000E-04|+1.752400E-04|+9.434140E-05}}
}
{@BLOCK|c16016|00
{@A-CAP|0|+2.346939E-05{@LIM3|+2.240000E-05|+2.912000E-05|+1.568000E-05}}
}
{@BLOCK|c16018|00
{@A-CAP|0|+2.340412E-05{@LIM3|+2.140000E-05|+2.782000E-05|+1.498000E-05}}
}
{@BLOCK|c16020|00
{@A-CAP|0|+2.350940E-05{@LIM3|+1.940000E-05|+2.522000E-05|+1.358000E-05}}
}
{@BLOCK|c16022|00
{@A-CAP|0|+2.282509E-05{@LIM3|+1.940000E-05|+2.522000E-05|+1.358000E-05}}
}
{@BLOCK|pc1206|00
{@A-CAP|0|+2.464556E-05{@LIM3|+1.950000E-05|+2.632500E-05|+1.267500E-05}}
}
{@BLOCK|pc1591|00
{@A-CAP|0|+1.049314E-04{@LIM3|+8.080000E-05|+1.050400E-04|+5.654885E-05}}
}
{@BLOCK|c55111|00
{@A-CAP|0|+1.286048E-05{@LIM3|+1.220000E-05|+1.586000E-05|+8.540000E-06}}
}
{@BLOCK|c57109|00
{@A-CAP|0|+1.295083E-05{@LIM3|+1.220000E-05|+1.586000E-05|+8.540000E-06}}
}
{@BLOCK|c59004|00
{@A-CAP|0|+1.125039E-05{@LIM3|+1.000000E-05|+1.300000E-05|+7.000000E-06}}
}
{@BLOCK|pc0203|00
{@A-CAP|0|+6.907162E-05{@LIM3|+6.843300E-05|+8.896290E-05|+4.789366E-05}}
}
{@BLOCK|pc0940|00
{@A-CAP|0|+8.311255E-05{@LIM3|+8.800000E-05|+1.144000E-04|+6.158786E-05}}
}
{@BLOCK|c55114|00
{@A-CAP|0|+9.261610E-05{@LIM3|+9.240000E-05|+1.201200E-04|+6.466725E-05}}
}
{@BLOCK|c55121|00
{@A-CAP|0|+1.653522E-04{@LIM3|+1.386000E-04|+1.801800E-04|+9.700087E-05}}
}
{@BLOCK|c57112|00
{@A-CAP|0|+9.326400E-05{@LIM3|+9.240000E-05|+1.201200E-04|+6.466725E-05}}
}
{@BLOCK|c57119|00
{@A-CAP|0|+1.544206E-04{@LIM3|+1.386000E-04|+1.801800E-04|+9.700087E-05}}
}
{@BLOCK|pc1438|00
{@A-CAP|0|+3.338279E-04{@LIM3|+3.740000E-04|+4.862000E-04|+2.617484E-04}}
}
{@BLOCK|pc1559|00
{@A-CAP|0|+1.060174E-04{@LIM3|+1.100000E-04|+1.430000E-04|+7.698482E-05}}
}
{@BLOCK|pc0306|00
{@A-CAP|0|+2.204502E-06{@LIM3|+2.200000E-06|+2.860000E-06|+1.540000E-06}}
}
{@BLOCK|pc0924|00
{@A-CAP|0|+5.409760E-07{@LIM3|+4.650000E-07|+6.277500E-07|+3.720000E-07}}
}
{@BLOCK|pc0926|00
{@A-CAP|0|+5.128095E-07{@LIM3|+4.700000E-07|+5.640000E-07|+3.760000E-07}}
}
{@BLOCK|c51103|00
{@A-CAP|0|+2.295997E-06{@LIM3|+2.200000E-06|+2.640000E-06|+1.760000E-06}}
}
{@BLOCK|c55109|00
{@A-CAP|0|+2.164067E-06{@LIM3|+2.200000E-06|+2.640000E-06|+1.540000E-06}}
}
{@BLOCK|c57107|00
{@A-CAP|0|+2.254678E-06{@LIM3|+2.200000E-06|+2.640000E-06|+1.760000E-06}}
}
{@BLOCK|c83405|00
{@A-CAP|0|+2.134769E-06{@LIM3|+2.200000E-06|+2.640000E-06|+1.540000E-06}}
}
{@BLOCK|c83406|00
{@A-CAP|0|+2.146506E-06{@LIM3|+2.200000E-06|+2.640000E-06|+1.760000E-06}}
}
{@BLOCK|pc0230|00
{@A-CAP|0|+2.950600E-06{@LIM3|+2.800000E-06|+4.200000E-06|+1.400000E-06}}
}
{@BLOCK|pc0901|00
{@A-CAP|0|+6.841310E-05{@LIM3|+5.980000E-05|+8.073000E-05|+4.186000E-05}}
}
{@BLOCK|pc0231|00
{@A-CAP|0|+2.838296E-06{@LIM3|+2.800000E-06|+3.640000E-06|+2.240000E-06}}
}
{@BLOCK|c55103|00
{@A-CAP|0|+7.815848E-10{@LIM3|+6.000000E-10|+8.100000E-10|+3.900000E-10}}
}
{@BLOCK|pc0905|00
{@A-CAP|0|+5.093336E-06{@LIM3|+4.700000E-06|+6.110000E-06|+3.290000E-06}}
}
{@BLOCK|c59007|00
{@A-CAP|0|+4.613595E-10{@LIM3|+4.500000E-10|+5.850000E-10|+3.150000E-10}}
}
{@BLOCK|c59008|00
{@A-CAP|0|+4.368459E-10{@LIM3|+4.500000E-10|+5.850000E-10|+3.150000E-10}}
}
{@BLOCK|c59017|00
{@A-CAP|0|+4.129964E-10{@LIM3|+3.300000E-10|+4.455000E-10|+2.145000E-10}}
}
{@BLOCK|c59018|00
{@A-CAP|0|+4.147254E-10{@LIM3|+4.300000E-10|+5.590000E-10|+3.010000E-10}}
}
{@BLOCK|pc0102|00
{@A-CAP|0|+2.044011E-09{@LIM3|+2.200000E-09|+2.640000E-09|+1.760000E-09}}
}
{@BLOCK|c83414|00
{@A-CAP|0|+1.179540E-09{@LIM3|+1.000000E-09|+1.300000E-09|+7.000000E-10}}
}
{@BLOCK|c83415|00
{@A-CAP|0|+1.177897E-09{@LIM3|+1.000000E-09|+1.300000E-09|+7.000000E-10}}
}
{@BLOCK|c83416|00
{@A-CAP|0|+1.080669E-09{@LIM3|+1.000000E-09|+1.300000E-09|+7.000000E-10}}
}
{@BLOCK|c83417|00
{@A-CAP|0|+1.235543E-09{@LIM3|+1.000000E-09|+1.350000E-09|+7.000000E-10}}
}
{@BLOCK|c84401|00
{@A-CAP|0|+1.026246E-09{@LIM3|+1.000000E-09|+1.177000E-09|+8.000000E-10}}
}
{@BLOCK|c84402|00
{@A-CAP|0|+1.064135E-09{@LIM3|+1.000000E-09|+1.177000E-09|+8.000000E-10}}
}
{@BLOCK|c94306|00
{@A-CAP|0|+1.188085E-09{@LIM3|+1.000000E-09|+1.250000E-09|+8.000000E-10}}
}
{@BLOCK|pc0005|00
{@A-CAP|0|+1.169009E-09{@LIM3|+1.000000E-09|+1.300000E-09|+7.000000E-10}}
}
{@BLOCK|pr0003|00
{@A-RES|0|+9.716016E+04{@LIM3|+1.000000E+05|+1.150000E+05|+8.500000E+04}}
}
{@BLOCK|pr0007|00
{@A-RES|0|+1.001716E+05{@LIM3|+1.000000E+05|+1.150000E+05|+8.500000E+04}}
}
{@BLOCK|pr0212|00
{@A-RES|0|+1.006110E+05{@LIM3|+1.000000E+05|+1.150000E+05|+8.500000E+04}}
}
{@BLOCK|pr0802|00
{@A-RES|0|+9.864815E+04{@LIM3|+1.000000E+05|+1.150000E+05|+8.500000E+04}}
}
{@BLOCK|pr1601|00
{@A-RES|0|+1.010216E+05{@LIM3|+1.000000E+05|+1.150000E+05|+8.500000E+04}}
}
{@BLOCK|pr1602|00
{@A-RES|0|+1.002998E+05{@LIM3|+1.000000E+05|+1.150000E+05|+8.500000E+04}}
}
{@BLOCK|pr1603|00
{@A-RES|0|+9.926242E+04{@LIM3|+1.000000E+05|+1.150000E+05|+8.500000E+04}}
}
{@BLOCK|pr1604|00
{@A-RES|0|+9.729094E+04{@LIM3|+1.000000E+05|+1.150000E+05|+8.500000E+04}}
}
{@BLOCK|pr1648|00
{@A-RES|0|+1.007309E+05{@LIM3|+1.000000E+05|+1.150000E+05|+8.500000E+04}}
}
{@BLOCK|r05008|00
{@A-RES|0|+9.882436E+04{@LIM3|+1.000000E+05|+1.150000E+05|+8.500000E+04}}
}
{@BLOCK|r05011|00
{@A-RES|0|+1.006317E+05{@LIM3|+1.000000E+05|+1.150000E+05|+8.500000E+04}}
}
{@BLOCK|r05013|00
{@A-RES|0|+9.039508E+04{@LIM3|+1.000000E+05|+1.250000E+05|+7.500000E+04}}
}
{@BLOCK|r05014|00
{@A-RES|0|+9.902602E+04{@LIM3|+1.000000E+05|+1.150000E+05|+8.500000E+04}}
}
{@BLOCK|r12006|00
{@A-RES|0|+9.791895E+04{@LIM3|+1.000000E+05|+1.150000E+05|+8.500000E+04}}
}
{@BLOCK|r12016|00
{@A-RES|0|+9.897825E+03{@LIM3|+1.000000E+04|+1.100000E+04|+9.000000E+03}}
}
{@BLOCK|r12010|00
{@A-RES|0|+9.869991E+04{@LIM3|+1.000000E+05|+1.150000E+05|+8.500000E+04}}
}
{@BLOCK|r12012|00
{@A-RES|0|+9.577510E+04{@LIM3|+1.000000E+05|+1.150000E+05|+8.500000E+04}}
}
{@BLOCK|pr1315|00
{@A-RES|0|+4.879450E+02{@LIM3|+5.201000E+02|+6.501250E+02|+3.900750E+02}}
}
{@BLOCK|r41008|00
{@A-RES|0|+9.929386E+04{@LIM3|+1.000000E+05|+1.150000E+05|+8.500000E+04}}
}
{@BLOCK|r42009|00
{@A-RES|0|+9.953555E+04{@LIM3|+1.000000E+05|+1.150000E+05|+8.500000E+04}}
}
{@BLOCK|r42010|00
{@A-RES|0|+9.908465E+04{@LIM3|+1.000000E+05|+1.150000E+05|+8.500000E+04}}
}
{@BLOCK|r42028|00
{@A-RES|0|+1.013264E+05{@LIM3|+1.000000E+05|+1.150000E+05|+8.500000E+04}}
}
{@BLOCK|r43012|00
{@A-RES|0|+9.881398E+04{@LIM3|+1.000000E+05|+1.150000E+05|+8.500000E+04}}
}
{@BLOCK|r43013|00
{@A-RES|0|+9.947239E+04{@LIM3|+1.000000E+05|+1.150000E+05|+8.500000E+04}}
}
{@BLOCK|r43015|00
{@A-RES|0|+1.002357E+05{@LIM3|+1.000000E+05|+1.150000E+05|+8.500000E+04}}
}
{@BLOCK|r43018|00
{@A-RES|0|+9.943069E+04{@LIM3|+1.000000E+05|+1.150000E+05|+8.500000E+04}}
}
{@BLOCK|r43019|00
{@A-RES|0|+1.002677E+05{@LIM3|+1.000000E+05|+1.150000E+05|+8.500000E+04}}
}
{@BLOCK|r43020|00
{@A-RES|0|+9.876982E+04{@LIM3|+1.000000E+05|+1.150000E+05|+8.500000E+04}}
}
{@BLOCK|r43024|00
{@A-RES|0|+9.899333E+04{@LIM3|+1.000000E+05|+1.150000E+05|+8.500000E+04}}
}
{@BLOCK|r43028|00
{@A-RES|0|+9.914732E+04{@LIM3|+1.000000E+05|+1.150000E+05|+8.500000E+04}}
}
{@BLOCK|r43032|00
{@A-RES|0|+4.912098E+04{@LIM3|+5.000000E+04|+5.750000E+04|+4.250000E+04}}
}
{@BLOCK|r43033|00
{@A-RES|0|+9.948291E+04{@LIM3|+1.000000E+05|+1.150000E+05|+8.500000E+04}}
}
{@BLOCK|r43035|00
{@A-RES|0|+1.009024E+05{@LIM3|+1.000000E+05|+1.150000E+05|+8.500000E+04}}
}
{@BLOCK|r45232|00
{@A-RES|0|+1.006540E+05{@LIM3|+1.000000E+05|+1.150000E+05|+8.500000E+04}}
}
{@BLOCK|r45233|00
{@A-RES|0|+1.007403E+05{@LIM3|+1.000000E+05|+1.150000E+05|+8.500000E+04}}
}
{@BLOCK|r46205|00
{@A-RES|0|+1.000438E+05{@LIM3|+1.000000E+05|+1.150000E+05|+8.500000E+04}}
}
{@BLOCK|r46209|00
{@A-RES|0|+6.546985E+04{@LIM3|+6.000000E+04|+8.100000E+04|+3.900000E+04}}
}
{@BLOCK|r46210|00
{@A-RES|0|+6.404501E+04{@LIM3|+6.000000E+04|+8.100000E+04|+3.900000E+04}}
}
{@BLOCK|pc0202|00
{@A-CAP|0|+4.396306E-08{@LIM3|+4.700000E-08|+5.640000E-08|+3.760000E-08}}
}
{@BLOCK|r41012|00
{@A-RES|0|+9.989740E+04{@LIM3|+1.000000E+05|+1.150000E+05|+8.500000E+04}}
}
{@BLOCK|r42008|00
{@A-RES|0|+1.007842E+05{@LIM3|+1.000000E+05|+1.150000E+05|+8.500000E+04}}
}
{@BLOCK|r42020|00
{@A-RES|0|+9.930410E+04{@LIM3|+1.000000E+05|+1.150000E+05|+8.500000E+04}}
}
{@BLOCK|r44003|00
{@A-RES|0|+9.963764E+04{@LIM3|+1.000000E+05|+1.150000E+05|+8.500000E+04}}
}
{@BLOCK|r45231|00
{@A-RES|0|+9.984519E+04{@LIM3|+1.000000E+05|+1.150000E+05|+8.500000E+04}}
}
{@BLOCK|r46201|00
{@A-RES|0|+1.000931E+05{@LIM3|+1.000000E+05|+1.150000E+05|+8.500000E+04}}
}
{@BLOCK|r50004|00
{@A-RES|0|+9.971326E+04{@LIM3|+1.000000E+05|+1.150000E+05|+8.500000E+04}}
}
{@BLOCK|r46211|00
{@A-RES|0|+6.408757E+04{@LIM3|+6.000000E+04|+8.100000E+04|+3.900000E+04}}
}
{@BLOCK|r51216|00
{@A-RES|0|+9.976784E+04{@LIM3|+1.000000E+05|+1.150000E+05|+8.500000E+04}}
}
{@BLOCK|r51219|00
{@A-RES|0|+1.011030E+05{@LIM3|+1.000000E+05|+1.150000E+05|+8.500000E+04}}
}
{@BLOCK|r05015|00
{@A-RES|0|+9.948291E+04{@LIM3|+1.000000E+05|+1.110000E+05|+8.900000E+04}}
}
{@BLOCK|r58003|00
{@A-RES|0|+9.885359E+04{@LIM3|+1.000000E+05|+1.150000E+05|+8.500000E+04}}
}
{@BLOCK|r58012|00
{@A-RES|0|+1.001396E+05{@LIM3|+1.000000E+05|+1.150000E+05|+8.500000E+04}}
}
{@BLOCK|r58015|00
{@A-RES|0|+9.778660E+04{@LIM3|+1.000000E+05|+1.150000E+05|+8.500000E+04}}
}
{@BLOCK|r58016|00
{@A-RES|0|+9.878284E+04{@LIM3|+1.000000E+05|+1.150000E+05|+8.500000E+04}}
}
{@BLOCK|r59019|00
{@A-RES|0|+9.971528E+04{@LIM3|+1.000000E+05|+1.150000E+05|+8.500000E+04}}
}
{@BLOCK|r59020|00
{@A-RES|0|+1.000227E+05{@LIM3|+1.000000E+05|+1.250000E+05|+7.500000E+04}}
}
{@BLOCK|r59021|00
{@A-RES|0|+9.802100E+04{@LIM3|+1.000000E+05|+1.150000E+05|+8.500000E+04}}
}
{@BLOCK|r59022|00
{@A-RES|0|+1.005895E+05{@LIM3|+1.000000E+05|+1.150000E+05|+8.500000E+04}}
}
{@BLOCK|r59028|00
{@A-RES|0|+9.911597E+04{@LIM3|+1.000000E+05|+1.150000E+05|+8.500000E+04}}
}
{@BLOCK|r59029|00
{@A-RES|0|+1.002571E+05{@LIM3|+1.000000E+05|+1.150000E+05|+8.500000E+04}}
}
{@BLOCK|r59030|00
{@A-RES|0|+1.004927E+05{@LIM3|+1.000000E+05|+1.150000E+05|+8.500000E+04}}
}
{@BLOCK|r72002|00
{@A-RES|0|+9.996238E+04{@LIM3|+1.000000E+05|+1.150000E+05|+8.500000E+04}}
}
{@BLOCK|r76217|00
{@A-RES|0|+9.967268E+04{@LIM3|+1.000000E+05|+1.150000E+05|+8.500000E+04}}
}
{@BLOCK|r84204|00
{@A-RES|0|+9.982567E+04{@LIM3|+1.000000E+05|+1.150000E+05|+8.500000E+04}}
}
{@BLOCK|r85205|00
{@A-RES|0|+1.009764E+05{@LIM3|+1.000000E+05|+1.150000E+05|+8.500000E+04}}
}
{@BLOCK|r05012|00
{@A-RES|0|+1.002464E+05{@LIM3|+1.000000E+05|+1.110000E+05|+8.900000E+04}}
}
{@BLOCK|pr0006|00
{@A-RES|0|+3.234986E+04{@LIM3|+3.300000E+04|+3.795000E+04|+2.805000E+04}}
}
{@BLOCK|r74205|00
{@A-RES|0|+3.270645E+04{@LIM3|+3.300000E+04|+3.630000E+04|+2.970000E+04}}
}
{@BLOCK|pr0008|00
{@A-RES|0|+9.931652E+03{@LIM3|+1.000000E+04|+1.100000E+04|+9.000000E+03}}
}
{@BLOCK|pr0012|00
{@A-RES|0|+9.991512E+03{@LIM3|+1.000000E+04|+1.100000E+04|+9.000000E+03}}
}
{@BLOCK|pr1016|00
{@A-RES|0|+9.983559E+03{@LIM3|+1.000000E+04|+1.100000E+04|+9.000000E+03}}
}
{@BLOCK|pr1109|00
{@A-RES|0|+1.000639E+04{@LIM3|+1.000000E+04|+1.100000E+04|+9.000000E+03}}
}
{@BLOCK|pr1215|00
{@A-RES|0|+9.891698E+03{@LIM3|+1.000000E+04|+1.100000E+04|+9.000000E+03}}
}
{@BLOCK|pr1314|00
{@A-RES|0|+1.008795E+04{@LIM3|+1.000000E+04|+1.100000E+04|+9.000000E+03}}
}
{@BLOCK|pr1628|00
{@A-RES|0|+9.924049E+03{@LIM3|+1.000000E+04|+1.100000E+04|+9.000000E+03}}
}
{@BLOCK|r05016|00
{@A-RES|0|+9.564978E+03{@LIM3|+1.000000E+04|+1.100000E+04|+9.000000E+03}}
}
{@BLOCK|r05017|00
{@A-RES|0|+1.000639E+04{@LIM3|+1.000000E+04|+1.100000E+04|+9.000000E+03}}
}
{@BLOCK|r07011|00
{@A-RES|0|+9.891698E+03{@LIM3|+1.000000E+04|+1.100000E+04|+8.000000E+03}}
}
{@BLOCK|r92002|00
{@A-RES|0|+9.660770E+04{@LIM3|+1.000000E+05|+1.350000E+05|+6.500000E+04}}
}
{@BLOCK|r11001|00
{@A-RES|0|+9.990623E+03{@LIM3|+1.000000E+04|+1.100000E+04|+9.000000E+03}}
}
{@BLOCK|r41001|00
{@A-RES|0|+1.002873E+04{@LIM3|+1.000000E+04|+1.100000E+04|+9.000000E+03}}
}
{@BLOCK|r41002|00
{@A-RES|0|+9.957109E+03{@LIM3|+1.000000E+04|+1.100000E+04|+9.000000E+03}}
}
{@BLOCK|r42004|00
{@A-RES|0|+9.900860E+03{@LIM3|+1.000000E+04|+1.100000E+04|+9.000000E+03}}
}
{@BLOCK|r42006|00
{@A-RES|0|+9.957109E+03{@LIM3|+1.000000E+04|+1.100000E+04|+9.000000E+03}}
}
{@BLOCK|r43004|00
{@A-RES|0|+1.005888E+04{@LIM3|+1.000000E+04|+1.100000E+04|+9.000000E+03}}
}
{@BLOCK|r43005|00
{@A-RES|0|+9.953339E+03{@LIM3|+1.000000E+04|+1.100000E+04|+9.000000E+03}}
}
{@BLOCK|r43023|00
{@A-RES|0|+9.962499E+03{@LIM3|+1.000000E+04|+1.100000E+04|+9.000000E+03}}
}
{@BLOCK|r45202|00
{@A-RES|0|+9.921678E+03{@LIM3|+1.000000E+04|+1.100000E+04|+9.000000E+03}}
}
{@BLOCK|r45203|00
{@A-RES|0|+9.939362E+03{@LIM3|+1.000000E+04|+1.100000E+04|+9.000000E+03}}
}
{@BLOCK|r45204|00
{@A-RES|0|+1.005394E+04{@LIM3|+1.000000E+04|+1.100000E+04|+9.000000E+03}}
}
{@BLOCK|r45205|00
{@A-RES|0|+1.005064E+04{@LIM3|+1.000000E+04|+1.100000E+04|+9.000000E+03}}
}
{@BLOCK|r45206|00
{@A-RES|0|+1.001182E+04{@LIM3|+1.000000E+04|+1.100000E+04|+9.000000E+03}}
}
{@BLOCK|r45207|00
{@A-RES|0|+1.009641E+04{@LIM3|+1.000000E+04|+1.100000E+04|+9.000000E+03}}
}
{@BLOCK|r45208|00
{@A-RES|0|+1.005229E+04{@LIM3|+1.000000E+04|+1.100000E+04|+9.000000E+03}}
}
{@BLOCK|r07019|00
{@A-RES|0|+9.970860E+03{@LIM3|+1.000000E+04|+1.100000E+04|+9.000000E+03}}
}
{@BLOCK|r09001|00
{@A-RES|0|+9.899506E+03{@LIM3|+1.000000E+04|+1.100000E+04|+9.000000E+03}}
}
{@BLOCK|r12009|00
{@A-RES|0|+1.005775E+04{@LIM3|+1.000000E+04|+1.100000E+04|+9.000000E+03}}
}
{@BLOCK|r12015|00
{@A-RES|0|+1.080772E+04{@LIM3|+1.000000E+04|+1.100000E+04|+9.000000E+03}}
}
{@BLOCK|r18001|00
{@A-RES|0|+9.879496E+03{@LIM3|+1.000000E+04|+1.100000E+04|+9.000000E+03}}
}
{@BLOCK|r44012|00
{@A-RES|0|+9.813531E+03{@LIM3|+1.000000E+04|+1.100000E+04|+9.000000E+03}}
}
{@BLOCK|r44017|00
{@A-RES|0|+9.974032E+03{@LIM3|+1.000000E+04|+1.100000E+04|+9.000000E+03}}
}
{@BLOCK|r46204|00
{@A-RES|0|+9.975090E+03{@LIM3|+1.000000E+04|+1.100000E+04|+9.000000E+03}}
}
{@BLOCK|r46206|00
{@A-RES|0|+9.967691E+03{@LIM3|+1.000000E+04|+1.100000E+04|+9.000000E+03}}
}
{@BLOCK|r48202|00
{@A-RES|0|+1.061562E+04{@LIM3|+1.000000E+04|+1.100000E+04|+9.000000E+03}}
}
{@BLOCK|r53222|00
{@A-RES|0|+1.005023E+04{@LIM3|+1.000000E+04|+1.100000E+04|+9.000000E+03}}
}
{@BLOCK|r54215|00
{@A-RES|0|+1.005869E+04{@LIM3|+1.000000E+04|+1.100000E+04|+9.000000E+03}}
}
{@BLOCK|r56206|00
{@A-RES|0|+9.988860E+03{@LIM3|+1.000000E+04|+1.100000E+04|+9.000000E+03}}
}
{@BLOCK|r56208|00
{@A-RES|0|+9.910457E+03{@LIM3|+1.000000E+04|+1.100000E+04|+9.000000E+03}}
}
{@BLOCK|r59004|00
{@A-RES|0|+9.965051E+03{@LIM3|+1.000000E+04|+1.100000E+04|+9.000000E+03}}
}
{@BLOCK|r74210|00
{@A-RES|0|+9.971389E+03{@LIM3|+1.000000E+04|+1.100000E+04|+9.000000E+03}}
}
{@BLOCK|r45209|00
{@A-RES|0|+9.939362E+03{@LIM3|+1.000000E+04|+1.100000E+04|+9.000000E+03}}
}
{@BLOCK|r46212|00
{@A-RES|0|+9.959803E+03{@LIM3|+1.000000E+04|+1.100000E+04|+9.000000E+03}}
}
{@BLOCK|r46214|00
{@A-RES|0|+1.006604E+04{@LIM3|+1.000000E+04|+1.100000E+04|+9.000000E+03}}
}
{@BLOCK|r58001|00
{@A-RES|0|+1.007598E+04{@LIM3|+1.000000E+04|+1.150000E+04|+8.500000E+03}}
}
{@BLOCK|r70208|00
{@A-RES|0|+9.991166E+03{@LIM3|+1.000000E+04|+1.100000E+04|+9.000000E+03}}
}
{@BLOCK|r76209|00
{@A-RES|0|+1.001910E+04{@LIM3|+1.000000E+04|+1.100000E+04|+9.000000E+03}}
}
{@BLOCK|r76214|00
{@A-RES|0|+9.975949E+03{@LIM3|+1.000000E+04|+1.100000E+04|+9.000000E+03}}
}
{@BLOCK|r84203|00
{@A-RES|0|+9.973838E+03{@LIM3|+1.000000E+04|+1.100000E+04|+9.000000E+03}}
}
{@BLOCK|r74213|00
{@A-RES|0|+9.960830E+03{@LIM3|+1.000000E+04|+1.100000E+04|+9.000000E+03}}
}
{@BLOCK|r76210|00
{@A-RES|0|+1.010583E+04{@LIM3|+1.000000E+04|+1.100000E+04|+9.000000E+03}}
}
{@BLOCK|r76213|00
{@A-RES|0|+9.976404E+03{@LIM3|+1.000000E+04|+1.100000E+04|+9.000000E+03}}
}
{@BLOCK|r83203|00
{@A-RES|0|+1.003843E+04{@LIM3|+1.000000E+04|+1.100000E+04|+9.000000E+03}}
}
{@BLOCK|r83204|00
{@A-RES|0|+9.903959E+03{@LIM3|+1.000000E+04|+1.150000E+04|+8.500000E+03}}
}
{@BLOCK|r94206|00
{@A-RES|0|+9.948459E+03{@LIM3|+1.000000E+04|+1.100000E+04|+9.000000E+03}}
}
{@BLOCK|r06005|00
{@A-RES|0|+4.693013E+03{@LIM3|+4.700000E+03|+5.170000E+03|+4.230000E+03}}
}
{@BLOCK|r98205|00
{@A-RES|0|+9.957140E+03{@LIM3|+1.000000E+04|+1.100000E+04|+9.000000E+03}}
}
{@BLOCK|pr0009|00
{@A-RES|0|+9.965156E+04{@LIM3|+1.000000E+05|+1.110000E+05|+8.900000E+04}}
}
{@BLOCK|pr0710|00
{@A-RES|0|+1.007943E+05{@LIM3|+1.000000E+05|+1.110000E+05|+8.900000E+04}}
}
{@BLOCK|pr1107|00
{@A-RES|0|+9.929386E+04{@LIM3|+1.000000E+05|+1.110000E+05|+8.900000E+04}}
}
{@BLOCK|r92001|00
{@A-RES|0|+9.933404E+04{@LIM3|+1.000000E+05|+1.110000E+05|+8.900000E+04}}
}
{@BLOCK|r07003|00
{@A-RES|0|+9.984029E+02{@LIM3|+1.000000E+03|+1.100000E+03|+9.000000E+02}}
}
{@BLOCK|r07005|00
{@A-RES|0|+1.001540E+03{@LIM3|+1.000000E+03|+1.100000E+03|+9.000000E+02}}
}
{@BLOCK|r07007|00
{@A-RES|0|+9.959705E+02{@LIM3|+1.000000E+03|+1.100000E+03|+9.000000E+02}}
}
{@BLOCK|r07009|00
{@A-RES|0|+1.010582E+03{@LIM3|+1.000000E+03|+1.100000E+03|+9.000000E+02}}
}
{@BLOCK|r07010|00
{@A-RES|0|+9.972381E+02{@LIM3|+1.000000E+03|+1.100000E+03|+9.000000E+02}}
}
{@BLOCK|r12008|00
{@A-RES|0|+1.007766E+03{@LIM3|+1.000000E+03|+1.100000E+03|+9.000000E+02}}
}
{@BLOCK|r20002|00
{@A-RES|0|+9.959177E+02{@LIM3|+1.000000E+03|+1.100000E+03|+9.000000E+02}}
}
{@BLOCK|r20014|00
{@A-RES|0|+9.899410E+02{@LIM3|+1.000000E+03|+1.100000E+03|+9.000000E+02}}
}
{@BLOCK|r20015|00
{@A-RES|0|+9.936024E+02{@LIM3|+1.000000E+03|+1.100000E+03|+9.000000E+02}}
}
{@BLOCK|r20016|00
{@A-RES|0|+9.976084E+02{@LIM3|+1.000000E+03|+1.100000E+03|+9.000000E+02}}
}
{@BLOCK|r43017|00
{@A-RES|0|+9.954433E+02{@LIM3|+1.000000E+03|+1.100000E+03|+9.000000E+02}}
}
{@BLOCK|r50207|00
{@A-RES|0|+9.366399E+02{@LIM3|+1.000000E+03|+1.100000E+03|+9.000000E+02}}
}
{@BLOCK|r58008|00
{@A-RES|0|+1.004644E+03{@LIM3|+1.000000E+03|+1.100000E+03|+9.000000E+02}}
}
{@BLOCK|r58009|00
{@A-RES|0|+1.010637E+03{@LIM3|+1.000000E+03|+1.100000E+03|+9.000000E+02}}
}
{@BLOCK|r76206|00
{@A-RES|0|+1.000794E+03{@LIM3|+1.000000E+03|+1.100000E+03|+9.000000E+02}}
}
{@BLOCK|r45201|00
{@A-RES|0|+1.995194E+04{@LIM3|+2.000000E+04|+2.200000E+04|+1.800000E+04}}
}
{@BLOCK|r50002|00
{@A-RES|0|+2.001622E+04{@LIM3|+2.000000E+04|+2.200000E+04|+1.800000E+04}}
}
{@BLOCK|r50003|00
{@A-RES|0|+2.010442E+04{@LIM3|+2.000000E+04|+2.200000E+04|+1.800000E+04}}
}
{@BLOCK|pr1653|00
{@A-RES|0|+9.772018E+05{@LIM3|+1.000000E+06|+1.250000E+06|+7.500000E+05}}
}
{@BLOCK|r58013|00
{@A-RES|0|+9.822110E+05{@LIM3|+1.000000E+06|+1.250000E+06|+7.500000E+05}}
}
{@BLOCK|pr0803|00
{@A-JUM|0|+3.170302E+00{@LIM2|+1.500000E+01|+0.000000E+00}}
}
{@BLOCK|pr0809|00
{@A-JUM|0|+3.476272E+00{@LIM2|+1.500000E+01|+0.000000E+00}}
}
{@BLOCK|r14002|00
{@A-JUM|0|+4.086457E+00{@LIM2|+1.500000E+01|+0.000000E+00}}
}
{@BLOCK|r15007|00
{@A-JUM|0|+3.678000E+00{@LIM2|+1.500000E+01|+0.000000E+00}}
}
{@BLOCK|r16001|00
{@A-JUM|0|+3.726535E+00{@LIM2|+1.500000E+01|+0.000000E+00}}
}
{@BLOCK|r16002|00
{@A-JUM|0|+3.519337E+00{@LIM2|+1.500000E+01|+0.000000E+00}}
}
{@BLOCK|r17002|00
{@A-JUM|0|+3.203499E+00{@LIM2|+1.500000E+01|+0.000000E+00}}
}
{@BLOCK|r17003|00
{@A-JUM|0|+3.434000E+00{@LIM2|+1.500000E+01|+0.000000E+00}}
}
{@BLOCK|r17004|00
{@A-JUM|0|+3.044121E+00{@LIM2|+1.500000E+01|+0.000000E+00}}
}
{@BLOCK|r17006|00
{@A-JUM|0|+3.067404E+00{@LIM2|+1.500000E+01|+0.000000E+00}}
}
{@BLOCK|pr1649|00
{@A-RES|0|+1.023420E+02{@LIM3|+1.000000E+02|+1.150000E+02|+9.000000E+01}}
}
{@BLOCK|pr1650|00
{@A-RES|0|+1.329775E+02{@LIM3|+1.000000E+02|+1.550000E+02|+4.500000E+01}}
}
{@BLOCK|r13001|00
{@A-RES|0|+1.046907E+02{@LIM3|+1.000000E+02|+1.150000E+02|+9.000000E+01}}
}
{@BLOCK|r45227|00
{@A-RES|0|+1.041642E+02{@LIM3|+1.000000E+02|+1.150000E+02|+9.000000E+01}}
}
{@BLOCK|r45229|00
{@A-RES|0|+1.023654E+02{@LIM3|+1.000000E+02|+1.150000E+02|+9.000000E+01}}
}
{@BLOCK|r45230|00
{@A-RES|0|+1.031665E+02{@LIM3|+1.000000E+02|+1.150000E+02|+9.000000E+01}}
}
{@BLOCK|pr0206|00
{@A-RES|0|+9.992258E+03{@LIM3|+1.470000E+04|+1.852200E+04|+9.408000E+03}}
}
{@BLOCK|r43031|00
{@A-RES|0|+7.796484E+01{@LIM3|+7.500000E+01|+8.750002E+01|+6.750000E+01}}
}
{@BLOCK|pr0208|00
{@A-RES|0|+1.008793E+01{@LIM3|+1.000000E+01|+1.350000E+01|+6.500000E+00}}
}
{@BLOCK|pr0230|00
{@A-RES|0|+1.013133E+01{@LIM3|+1.000000E+01|+1.350000E+01|+6.500000E+00}}
}
{@BLOCK|pr0210|00
{@A-RES|0|+1.738848E+05{@LIM3|+1.370000E+05|+1.849500E+05|+8.905000E+04}}
}
{@BLOCK|pr1206|00
{@A-RES|0|+9.989216E+03{@LIM3|+1.000000E+04|+1.060000E+04|+9.400000E+03}}
}
{@BLOCK|rt42001|00
{@A-RES|0|+1.018112E+04{@LIM3|+1.000000E+04|+1.500000E+04|+5.000000E+03}}
}
{@BLOCK|rt42002|00
{@A-RES|0|+1.002271E+04{@LIM3|+1.000000E+04|+1.500000E+04|+5.000000E+03}}
}
{@BLOCK|rt42003|00
{@A-RES|0|+1.025056E+04{@LIM3|+1.000000E+04|+1.500000E+04|+5.000000E+03}}
}
{@BLOCK|rt42004|00
{@A-RES|0|+1.017842E+04{@LIM3|+1.000000E+04|+1.500000E+04|+5.000000E+03}}
}
{@BLOCK|rt42005|00
{@A-RES|0|+9.988754E+03{@LIM3|+1.000000E+04|+1.500000E+04|+5.000000E+03}}
}
{@BLOCK|rt42006|00
{@A-RES|0|+1.026428E+04{@LIM3|+1.000000E+04|+1.500000E+04|+5.000000E+03}}
}
{@BLOCK|r44010|00
{@A-RES|0|+5.047902E+02{@LIM3|+4.990000E+02|+5.289400E+02|+4.690600E+02}}
}
{@BLOCK|r44011|00
{@A-RES|0|+5.006242E+02{@LIM3|+4.990000E+02|+5.289400E+02|+4.690600E+02}}
}
{@BLOCK|r64202|00
{@A-RES|0|+9.904242E+05{@LIM3|+1.000000E+06|+1.210000E+06|+7.900000E+05}}
}
{@BLOCK|pr1101|00
{@A-JUM|0|+4.139984E+00{@LIM2|+1.500000E+01|+0.000000E+00}}
}
{@BLOCK|pr0305|00
{@A-RES|0|+9.950826E+04{@LIM3|+1.000000E+05|+1.110000E+05|+8.000000E+04}}
}
{@BLOCK|r44013|00
{@A-RES|0|+9.975046E+02{@LIM3|+1.000000E+03|+1.100000E+03|+9.000000E+02}}
}
{@BLOCK|r44016|00
{@A-RES|0|+1.003875E+03{@LIM3|+1.000000E+03|+1.100000E+03|+9.000000E+02}}
}
{@BLOCK|r44004|00
{@A-RES|0|+9.968158E+05{@LIM3|+1.000000E+06|+1.250000E+06|+7.500000E+05}}
}
{@BLOCK|r76211|00
{@A-RES|0|+5.022168E+02{@LIM3|+4.990000E+02|+5.289400E+02|+4.690600E+02}}
}
{@BLOCK|r76212|00
{@A-RES|0|+5.005128E+02{@LIM3|+4.990000E+02|+5.289400E+02|+4.690600E+02}}
}
{@BLOCK|r11004|00
{@A-RES|0|+2.009096E+05{@LIM3|+2.000000E+05|+2.220000E+05|+1.780000E+05}}
}
{@BLOCK|prt0003|00
{@A-RES|0|+6.514517E+02{@LIM3|+5.400000E+02|+7.290000E+02|+3.510000E+02}}
}
{@BLOCK|pr1605|00
{@A-RES|0|+1.218275E+02{@LIM3|+1.200000E+02|+1.297000E+02|+1.128000E+02}}
}
{@BLOCK|pr1629|00
{@A-RES|0|+8.448550E+01{@LIM3|+8.200000E+01|+9.192003E+01|+7.708000E+01}}
}
{@BLOCK|pr1651|00
{@A-RES|0|+4.740135E+02{@LIM3|+4.700000E+02|+6.110000E+02|+4.230000E+02}}
}
{@BLOCK|pr1652|00
{@A-RES|0|+4.972559E+01{@LIM3|+4.700000E+01|+5.670000E+01|+4.230000E+01}}
}
{@BLOCK|r83202|00
{@A-RES|0|+4.917321E+01{@LIM3|+4.700000E+01|+5.670000E+01|+4.230000E+01}}
}
{@BLOCK|prt0001|00
{@A-RES|0|+6.663988E+02{@LIM3|+5.400000E+02|+7.290000E+02|+3.510000E+02}}
}
{@BLOCK|prt0002|00
{@A-RES|0|+6.398245E+02{@LIM3|+5.400000E+02|+7.290000E+02|+3.510000E+02}}
}
{@BLOCK|prt0007|00
{@A-RES|0|+6.362310E+02{@LIM3|+5.400000E+02|+7.290000E+02|+3.510000E+02}}
}
{@BLOCK|prt0009|00
{@A-RES|0|+6.314878E+02{@LIM3|+5.400000E+02|+7.290000E+02|+3.510000E+02}}
}
{@BLOCK|prt0010|00
{@A-RES|0|+6.485632E+02{@LIM3|+5.400000E+02|+7.290000E+02|+3.510000E+02}}
}
{@BLOCK|r06001|00
{@A-RES|0|+3.468788E+02{@LIM3|+3.300000E+02|+3.630000E+02|+2.970000E+02}}
}
{@BLOCK|r06002|00
{@A-RES|0|+3.286254E+02{@LIM3|+3.300000E+02|+3.630000E+02|+2.970000E+02}}
}
{@BLOCK|r06003|00
{@A-RES|0|+2.243945E+03{@LIM3|+2.200000E+03|+2.420000E+03|+1.980000E+03}}
}
{@BLOCK|r06004|00
{@A-RES|0|+2.208852E+03{@LIM3|+2.200000E+03|+2.420000E+03|+1.980000E+03}}
}
{@BLOCK|r07016|00
{@A-RES|0|+2.204783E+03{@LIM3|+2.200000E+03|+2.420000E+03|+1.980000E+03}}
}
{@BLOCK|r20004|00
{@A-RES|0|+2.228239E+03{@LIM3|+2.200000E+03|+2.420000E+03|+1.980000E+03}}
}
{@BLOCK|prt0004|00
{@A-RES|0|+6.356764E+02{@LIM3|+5.400000E+02|+7.290000E+02|+3.510000E+02}}
}
{@BLOCK|prt0005|00
{@A-RES|0|+6.546986E+02{@LIM3|+5.400000E+02|+7.290000E+02|+3.510000E+02}}
}
{@BLOCK|prt0006|00
{@A-RES|0|+6.417223E+02{@LIM3|+5.400000E+02|+7.290000E+02|+3.510000E+02}}
}
{@BLOCK|prt0008|00
{@A-RES|0|+6.687450E+02{@LIM3|+5.400000E+02|+7.290000E+02|+3.510000E+02}}
}
{@BLOCK|prt0012|00
{@A-RES|0|+6.530247E+02{@LIM3|+5.400000E+02|+7.290000E+02|+3.510000E+02}}
}
{@BLOCK|prt0014|00
{@A-RES|0|+6.239980E+02{@LIM3|+5.400000E+02|+7.290000E+02|+3.510000E+02}}
}
{@BLOCK|prt0015|00
{@A-RES|0|+6.547918E+02{@LIM3|+5.400000E+02|+7.290000E+02|+3.510000E+02}}
}
{@BLOCK|r41003|00
{@A-RES|0|+2.224611E+03{@LIM3|+2.200000E+03|+2.420000E+03|+1.980000E+03}}
}
{@BLOCK|r20005|00
{@A-RES|0|+2.237114E+03{@LIM3|+2.200000E+03|+2.420000E+03|+1.980000E+03}}
}
{@BLOCK|r20006|00
{@A-RES|0|+2.180992E+03{@LIM3|+2.200000E+03|+2.420000E+03|+1.980000E+03}}
}
{@BLOCK|r43022|00
{@A-RES|0|+2.217810E+03{@LIM3|+2.200000E+03|+2.420000E+03|+1.980000E+03}}
}
{@BLOCK|r46202|00
{@A-RES|0|+2.181599E+03{@LIM3|+2.200000E+03|+2.420000E+03|+1.980000E+03}}
}
{@BLOCK|r46203|00
{@A-RES|0|+2.258058E+03{@LIM3|+2.200000E+03|+2.420000E+03|+1.980000E+03}}
}
{@BLOCK|r46207|00
{@A-RES|0|+2.240738E+03{@LIM3|+2.200000E+03|+2.420000E+03|+1.980000E+03}}
}
{@BLOCK|r46208|00
{@A-RES|0|+2.190540E+03{@LIM3|+2.200000E+03|+2.420000E+03|+1.980000E+03}}
}
{@BLOCK|r46215|00
{@A-RES|0|+2.238818E+03{@LIM3|+2.200000E+03|+2.420000E+03|+1.980000E+03}}
}
{@BLOCK|r46216|00
{@A-RES|0|+2.228951E+03{@LIM3|+2.200000E+03|+2.420000E+03|+1.980000E+03}}
}
{@BLOCK|r54210|00
{@A-RES|0|+2.209267E+03{@LIM3|+2.200000E+03|+2.420000E+03|+1.980000E+03}}
}
{@BLOCK|r54211|00
{@A-RES|0|+2.204814E+03{@LIM3|+2.200000E+03|+2.420000E+03|+1.980000E+03}}
}
{@BLOCK|r59005|00
{@A-RES|0|+2.260663E+03{@LIM3|+2.200000E+03|+2.420000E+03|+1.980000E+03}}
}
{@BLOCK|r59006|00
{@A-RES|0|+2.212177E+03{@LIM3|+2.200000E+03|+2.420000E+03|+1.980000E+03}}
}
{@BLOCK|r74209|00
{@A-RES|0|+2.202130E+03{@LIM3|+2.200000E+03|+2.420000E+03|+1.980000E+03}}
}
{@BLOCK|r85202|00
{@A-RES|0|+2.213441E+03{@LIM3|+2.200000E+03|+2.420000E+03|+1.980000E+03}}
}
{@BLOCK|r41028|00
{@A-RES|0|+4.663752E+03{@LIM3|+4.700000E+03|+5.170000E+03|+4.230000E+03}}
}
{@BLOCK|r41004|00
{@A-RES|0|+2.225903E+03{@LIM3|+2.200000E+03|+2.420000E+03|+1.980000E+03}}
}
{@BLOCK|r42002|00
{@A-RES|0|+2.263801E+03{@LIM3|+2.200000E+03|+2.420000E+03|+1.980000E+03}}
}
{@BLOCK|r42003|00
{@A-RES|0|+2.196675E+03{@LIM3|+2.200000E+03|+2.420000E+03|+1.980000E+03}}
}
{@BLOCK|r41005|00
{@A-RES|0|+4.696387E+03{@LIM3|+4.700000E+03|+5.170000E+03|+4.230000E+03}}
}
{@BLOCK|r41006|00
{@A-RES|0|+4.712020E+03{@LIM3|+4.700000E+03|+5.170000E+03|+4.230000E+03}}
}
{@BLOCK|r50208|00
{@A-RES|0|+4.579890E+03{@LIM3|+4.700000E+03|+5.170000E+03|+4.230000E+03}}
}
{@BLOCK|r11002|00
{@A-RES|0|+3.528634E+01{@LIM3|+3.300000E+01|+4.129999E+01|+2.970000E+01}}
}
{@BLOCK|r12002|00
{@A-RES|0|+3.743368E+01{@LIM3|+3.300000E+01|+4.129999E+01|+2.970000E+01}}
}
{@BLOCK|r41029|00
{@A-RES|0|+4.716603E+03{@LIM3|+4.700000E+03|+5.170000E+03|+4.230000E+03}}
}
{@BLOCK|r45235|00
{@A-RES|0|+4.691666E+03{@LIM3|+4.700000E+03|+5.170000E+03|+4.230000E+03}}
}
{@BLOCK|r45236|00
{@A-RES|0|+4.714711E+03{@LIM3|+4.700000E+03|+5.170000E+03|+4.230000E+03}}
}
{@BLOCK|r08001|00
{@A-RES|0|+5.097927E+01{@LIM3|+4.990000E+01|+5.789398E+01|+4.690600E+01}}
}
{@BLOCK|r10002|00
{@A-RES|0|+2.664483E+01{@LIM3|+2.400000E+01|+3.139999E+01|+2.160000E+01}}
}
{@BLOCK|r10004|00
{@A-RES|0|+7.334569E+04{@LIM3|+7.500000E+04|+8.250000E+04|+6.750000E+04}}
}
{@BLOCK|r22201|00
{@A-RES|0|+2.399524E+03{@LIM3|+2.400000E+03|+2.544000E+03|+2.256000E+03}}
}
{@BLOCK|r22202|00
{@A-RES|0|+2.398668E+03{@LIM3|+2.400000E+03|+2.544000E+03|+2.256000E+03}}
}
{@BLOCK|r12003|00
{@A-RES|0|+3.602438E+01{@LIM3|+3.300000E+01|+4.129999E+01|+2.970000E+01}}
}
{@BLOCK|r72003|00
{@A-RES|0|+3.568951E+01{@LIM3|+3.300000E+01|+4.129999E+01|+2.970000E+01}}
}
{@BLOCK|r83206|00
{@A-RES|0|+3.517043E+01{@LIM3|+3.300000E+01|+4.129999E+01|+2.970000E+01}}
}
{@BLOCK|r42013|00
{@A-RES|0|+1.025160E+01{@LIM3|+1.000000E+01|+1.350000E+01|+7.500000E+00}}
}
{@BLOCK|r10001|00
{@A-RES|0|+2.650895E+01{@LIM3|+2.400000E+01|+3.139999E+01|+2.160000E+01}}
}
{@BLOCK|r11005|00
{@A-RES|0|+1.001160E+07{@LIM3|+1.000000E+07|+1.250000E+07|+7.500000E+06}}
}
{@BLOCK|r72004|00
{@A-RES|0|+4.561721E+01{@LIM3|+4.300000E+01|+5.230000E+01|+3.870000E+01}}
}
{@BLOCK|r72005|00
{@A-RES|0|+4.619117E+01{@LIM3|+4.300000E+01|+5.230000E+01|+3.870000E+01}}
}
{@BLOCK|r22203|00
{@A-RES|0|+2.399402E+03{@LIM3|+2.400000E+03|+2.544000E+03|+2.256000E+03}}
}
{@BLOCK|r22204|00
{@A-RES|0|+2.401975E+03{@LIM3|+2.400000E+03|+2.544000E+03|+2.256000E+03}}
}
{@BLOCK|r22205|00
{@A-RES|0|+1.210030E+03{@LIM3|+1.200000E+03|+1.320000E+03|+1.080000E+03}}
}
{@BLOCK|r22206|00
{@A-RES|0|+1.206121E+03{@LIM3|+1.200000E+03|+1.320000E+03|+1.080000E+03}}
}
{@BLOCK|r42014|00
{@A-RES|0|+4.526675E+01{@LIM3|+4.300000E+01|+5.230000E+01|+3.870000E+01}}
}
{@BLOCK|r42015|00
{@A-RES|0|+4.525806E+01{@LIM3|+4.300000E+01|+5.230000E+01|+3.870000E+01}}
}
{@BLOCK|r42017|00
{@A-RES|0|+4.545280E+01{@LIM3|+4.300000E+01|+5.805000E+01|+3.870000E+01}}
}
{@BLOCK|r42021|00
{@A-RES|0|+3.336865E+03{@LIM3|+3.320000E+03|+3.519200E+03|+3.120800E+03}}
}
{@BLOCK|r42022|00
{@A-RES|0|+3.329184E+03{@LIM3|+3.320000E+03|+3.519200E+03|+3.120800E+03}}
}
{@BLOCK|r42023|00
{@A-RES|0|+3.356865E+03{@LIM3|+3.320000E+03|+3.519200E+03|+3.120800E+03}}
}
{@BLOCK|r42024|00
{@A-RES|0|+3.340889E+03{@LIM3|+3.320000E+03|+3.519200E+03|+3.120800E+03}}
}
{@BLOCK|r42025|00
{@A-RES|0|+3.348738E+03{@LIM3|+3.320000E+03|+3.519200E+03|+3.120800E+03}}
}
{@BLOCK|r42026|00
{@A-RES|0|+3.351602E+03{@LIM3|+3.320000E+03|+3.519200E+03|+3.120800E+03}}
}
{@BLOCK|r51210|00
{@A-RES|0|+2.430203E+01{@LIM3|+2.500000E+01|+3.375000E+01|+2.250000E+01}}
}
{@BLOCK|r53207|00
{@A-RES|0|+2.672485E+03{@LIM3|+2.700000E+03|+2.970000E+03|+2.430000E+03}}
}
{@BLOCK|r53208|00
{@A-RES|0|+2.691911E+03{@LIM3|+2.700000E+03|+2.970000E+03|+2.430000E+03}}
}
{@BLOCK|r53209|00
{@A-RES|0|+2.655885E+03{@LIM3|+2.700000E+03|+2.970000E+03|+2.430000E+03}}
}
{@BLOCK|r53210|00
{@A-RES|0|+2.629455E+03{@LIM3|+2.700000E+03|+2.970000E+03|+2.430000E+03}}
}
{@BLOCK|r53215|00
{@A-RES|0|+6.185137E+04{@LIM3|+6.190000E+04|+6.561400E+04|+5.818600E+04}}
}
{@BLOCK|r53221|00
{@A-RES|0|+4.977678E+03{@LIM3|+4.990000E+03|+5.289400E+03|+4.690600E+03}}
}
{@BLOCK|r58021|00
{@A-RES|0|+6.818567E+02{@LIM3|+6.800000E+02|+7.208000E+02|+6.392000E+02}}
}
{@BLOCK|r61210|00
{@A-RES|0|+5.156784E+01{@LIM3|+5.100000E+01|+5.905999E+01|+4.794000E+01}}
}
{@BLOCK|r64203|00
{@A-RES|0|+4.993958E+04{@LIM3|+4.990000E+04|+5.289400E+04|+4.690600E+04}}
}
{@BLOCK|r76207|00
{@A-RES|0|+3.010693E+03{@LIM3|+3.010000E+03|+3.190600E+03|+2.829400E+03}}
}
{@BLOCK|r83103|00
{@A-RES|0|+9.617128E+03{@LIM3|+9.530000E+03|+1.010180E+04|+8.958200E+03}}
}
{@BLOCK|r85201|00
{@A-RES|0|+2.191461E+04{@LIM3|+2.200000E+04|+2.860000E+04|+1.540000E+04}}
}
{@BLOCK|pq0002|00
{@A-NFE|0|+1.139121E+02{@LIM2|+3.100000E+02|+2.000000E+01}}
}
{@BLOCK|pq0004|00
{@A-NFE|0|+1.240035E+02{@LIM2|+2.000000E+02|+2.000000E+01}}
}
{@BLOCK|pq0102|00
{@A-NFE|0|+1.087615E+02{@LIM2|+2.000000E+02|+2.000000E+01}}
}
{@BLOCK|pq0901%qf|00
{@A-NFE|0|+5.561981E+04{@LIM2|+2.000000E+05|+2.000000E+01}}
}
{@BLOCK|pq1602|00
{@A-NFE|0|+1.022716E+02{@LIM2|+2.000000E+02|+2.000000E+01}}
}
{@BLOCK|pq1603|00
{@A-NFE|0|+1.185115E+02{@LIM2|+2.000000E+02|+2.000000E+01}}
}
{@BLOCK|pq1604|00
{@A-NFE|0|+9.613325E+01{@LIM2|+2.000000E+02|+2.000000E+01}}
}
{@BLOCK|pq1605|00
{@A-NFE|0|+1.012589E+02{@LIM2|+2.000000E+02|+2.000000E+01}}
}
{@BLOCK|q05001|00
{@A-NFE|0|+8.267717E+01{@LIM2|+2.000000E+02|+2.000000E+01}}
}
{@BLOCK|q05002|00
{@A-NFE|0|+6.985934E+01{@LIM2|+2.000000E+02|+2.000000E+01}}
}
{@BLOCK|q7601%qf2|00
{@A-NFE|0|+8.604852E+01{@LIM2|+2.000000E+02|+2.000000E+01}}
}
{@BLOCK|q7602%qf1|00
{@A-NFE|0|+8.032771E+01{@LIM2|+2.000000E+02|+2.000000E+01}}
}
{@BLOCK|q7602%qf2|00
{@A-NFE|0|+1.437505E+02{@LIM2|+2.000000E+02|+2.000000E+01}}
}
{@BLOCK|q46001|00
{@A-NFE|0|+8.683254E+01{@LIM2|+2.000000E+02|+2.000000E+01}}
}
{@BLOCK|q46002|00
{@A-NFE|0|+8.788522E+01{@LIM2|+2.000000E+02|+2.000000E+01}}
}
{@BLOCK|q46003|00
{@A-NFE|0|+8.915075E+01{@LIM2|+2.000000E+02|+2.000000E+01}}
}
{@BLOCK|q53001|00
{@A-NFE|0|+1.049615E+02{@LIM2|+2.000000E+02|+2.000000E+01}}
}
{@BLOCK|q53002|00
{@A-NFE|0|+1.081533E+02{@LIM2|+2.000000E+02|+2.000000E+01}}
}
{@BLOCK|q58004|00
{@A-NFE|0|+8.217208E+01{@LIM2|+2.000000E+02|+2.000000E+01}}
}
{@BLOCK|q58007|00
{@A-NFE|0|+8.275737E+01{@LIM2|+2.000000E+02|+2.000000E+01}}
}
{@BLOCK|q76003|00
{@A-NFE|0|+1.104775E+02{@LIM2|+2.000000E+02|+2.000000E+01}}
}
{@BLOCK|q76004|00
{@A-NFE|0|+1.091905E+02{@LIM2|+2.000000E+02|+2.000000E+01}}
}
{@BLOCK|pq0203%qf|00
{@A-PFE|0|+1.777225E+02{@LIM2|+2.000000E+02|+2.000000E+01}}
}
{@BLOCK|d07001|00
{@A-DIO|0|+5.916367E-01{@LIM2|+8.000000E-01|+4.000000E-01}}
}
{@BLOCK|d50003|00
{@A-DIO|0|+5.771009E-01{@LIM2|+8.000000E-01|+4.000000E-01}}
}
{@BLOCK|d51001|00
{@A-DIO|0|+5.251090E-01{@LIM2|+8.000000E-01|+4.000000E-01}}
}
{@BLOCK|d51002|00
{@A-DIO|0|+5.350224E-01{@LIM2|+8.000000E-01|+4.000000E-01}}
}
{@BLOCK|d51005|00
{@A-DIO|0|+5.345544E-01{@LIM2|+8.000000E-01|+4.000000E-01}}
}
{@BLOCK|d51008|00
{@A-DIO|0|+5.589335E-01{@LIM2|+8.000000E-01|+4.000000E-01}}
}
{@BLOCK|d83002|00
{@A-DIO|0|+5.609332E-01{@LIM2|+8.000000E-01|+4.000000E-01}}
}
{@BLOCK|d92001|00
{@A-DIO|0|+6.329344E-01{@LIM2|+8.000000E-01|+4.000000E-01}}
}
{@BLOCK|d92002|00
{@A-DIO|0|+5.263228E-01{@LIM2|+8.000000E-01|+4.000000E-01}}
}
{@BLOCK|d92003|00
{@A-DIO|0|+5.319590E-01{@LIM2|+8.000000E-01|+4.000000E-01}}
}
{@BLOCK|d92004|00
{@A-DIO|0|+4.894976E-01{@LIM2|+8.000000E-01|+4.000000E-01}}
}
{@BLOCK|d94001|00
{@A-DIO|0|+5.833552E-01{@LIM2|+8.000000E-01|+4.000000E-01}}
}
{@BLOCK|d94002|00
{@A-DIO|0|+5.842061E-01{@LIM2|+8.000000E-01|+4.000000E-01}}
}
{@BLOCK|pd0002|00
{@A-DIO|0|+5.280022E-01{@LIM2|+8.000000E-01|+4.000000E-01}}
}
{@BLOCK|pd0003|00
{@A-DIO|0|+7.146963E-01{@LIM2|+8.000000E-01|+4.000000E-01}}
}
{@BLOCK|r50001|00
{@A-RES|0|+3.958666E+02{@LIM3|+3.920000E+02|+4.155200E+02|+3.684800E+02}}
}
{@BLOCK|r74201|00
{@A-RES|0|+2.461141E+01{@LIM3|+2.200000E+01|+2.920001E+01|+1.980000E+01}}
}
{@BLOCK|r74202|00
{@A-RES|0|+2.453408E+01{@LIM3|+2.200000E+01|+2.920001E+01|+1.980000E+01}}
}
{@BLOCK|r74203|00
{@A-RES|0|+2.480086E+01{@LIM3|+2.200000E+01|+2.920001E+01|+1.980000E+01}}
}
{@BLOCK|q7601%qf1|00
{@A-NFE|0|+8.429025E+01{@LIM2|+2.000000E+02|+2.000000E+01}}
}
{@BLOCK|q70001|00
{@A-NFE|0|+9.305788E+01{@LIM2|+2.000000E+02|+2.000000E+01}}
}
{@BLOCK|d70001|00
{@A-DIO|0|+4.836973E-01{@LIM2|+8.000000E-01|+4.000000E-01}}
}
{@BLOCK|pd2001|00
{@A-DIO|0|+1.331909E+00{@LIM2|+1.800000E+00|+1.000000E+00}}
}
{@BLOCK|pd1601|00
{@A-DIO|0|+5.354478E-01{@LIM2|+8.000000E-01|+4.000000E-01}}
}
{@BLOCK|d53005%cr1|00
{@A-DIO|0|+6.874665E-01{@LIM2|+8.000000E-01|+4.000000E-01}}
}
{@BLOCK|d53005%cr2|00
{@A-DIO|0|+7.256733E-01{@LIM2|+8.000000E-01|+4.000000E-01}}
}
{@BLOCK|d53005%cr4|00
{@A-DIO|0|+7.222696E-01{@LIM2|+8.000000E-01|+4.000000E-01}}
}
{@BLOCK|d59003%cr1|00
{@A-DIO|0|+5.014106E-01{@LIM2|+8.000000E-01|+4.000000E-01}}
}
{@BLOCK|d59004%cr1|00
{@A-DIO|0|+5.026445E-01{@LIM2|+8.000000E-01|+4.000000E-01}}
}
{@BLOCK|led1%org|00
{@A-DIO|0|+2.076132E+00{@LIM2|+2.200000E+00|+1.200000E+00}}
}
{@BLOCK|led1%white|00
{@A-DIO|0|+2.842215E+00{@LIM2|+3.500000E+00|+2.500000E+00}}
}
{@BLOCK|pq0001|00
{@A-DIO|0|+6.960609E-01|B-E{@LIM2|+8.040000E-01|+6.010000E-01}}
{@A-DIO|0|+6.878494E-01|B-C{@LIM2|+8.050000E-01|+6.020000E-01}}
}
{@BLOCK|d63005|00
{@A-DIO|0|+5.155439E-01{@LIM2|+8.000000E-01|+4.000000E-01}}
}
{@BLOCK|d63012|00
{@A-DIO|0|+4.445608E-01{@LIM2|+8.000000E-01|+4.000000E-01}}
}
{@BLOCK|d63016|00
{@A-DIO|0|+5.446380E-01{@LIM2|+8.000000E-01|+4.000000E-01}}
}
{@BLOCK|d63017|00
{@A-DIO|0|+5.442976E-01{@LIM2|+8.000000E-01|+4.000000E-01}}
}
{@BLOCK|d63018|00
{@A-DIO|0|+5.238737E-01{@LIM2|+8.000000E-01|+4.000000E-01}}
}
{@BLOCK|d63019|00
{@A-DIO|0|+6.809809E-01{@LIM2|+8.000000E-01|+4.000000E-01}}
}
{@BLOCK|d64005|00
{@A-DIO|0|+5.233732E-01{@LIM2|+8.000000E-01|+4.000000E-01}}
}
{@BLOCK|d64012|00
{@A-DIO|0|+5.152035E-01{@LIM2|+8.000000E-01|+4.000000E-01}}
}
{@BLOCK|d64018|00
{@A-DIO|0|+6.697476E-01{@LIM2|+8.000000E-01|+4.000000E-01}}
}
{@BLOCK|d64019|00
{@A-DIO|0|+6.690667E-01{@LIM2|+8.000000E-01|+4.000000E-01}}
}
{@BLOCK|d67002|00
{@A-DIO|0|+6.166443E-01{@LIM2|+9.000000E-01|+5.000000E-01}}
}
{@BLOCK|d84001|00
{@A-DIO|0|+5.729022E-01{@LIM2|+8.000000E-01|+4.000000E-01}}
}
{@BLOCK|d84002|00
{@A-DIO|0|+5.570734E-01{@LIM2|+8.000000E-01|+4.000000E-01}}
}
{@BLOCK|d84004|00
{@A-DIO|0|+5.779015E-01{@LIM2|+8.000000E-01|+4.000000E-01}}
}
{@BLOCK|d84005|00
{@A-DIO|0|+5.453294E-01{@LIM2|+8.000000E-01|+4.000000E-01}}
}
{@BLOCK|d53003%ds1|00
{@A-DIO|0|+5.160545E-01{@LIM2|+8.000000E-01|+4.000000E-01}}
}
{@BLOCK|d53003%ds3|00
{@A-DIO|0|+5.169055E-01{@LIM2|+8.000000E-01|+4.000000E-01}}
}
{@BLOCK|d53003%ds4|00
{@A-DIO|0|+5.172459E-01{@LIM2|+8.000000E-01|+4.000000E-01}}
}
{@BLOCK|d53004%ds1|00
{@A-DIO|0|+5.160545E-01{@LIM2|+8.000000E-01|+4.000000E-01}}
}
{@BLOCK|d53004%ds2|00
{@A-DIO|0|+5.162247E-01{@LIM2|+8.000000E-01|+4.000000E-01}}
}
{@BLOCK|d53004%ds3|00
{@A-DIO|0|+5.165651E-01{@LIM2|+8.000000E-01|+4.000000E-01}}
}
{@BLOCK|d67003%ds1|00
{@A-DIO|0|+1.141183E+00{@LIM2|+1.800000E+00|+1.000000E+00}}
}
{@BLOCK|pd2002|00
{@A-DIO|0|+5.905379E-01{@LIM2|+8.000000E-01|+4.000000E-01}}
}
{@BLOCK|d67003%ds3|00
{@A-DIO|0|+6.246438E-01{@LIM2|+8.000000E-01|+4.000000E-01}}
}
{@BLOCK|d67003%ds4|00
{@A-DIO|0|+6.266863E-01{@LIM2|+8.000000E-01|+4.000000E-01}}
}
{@BLOCK|pd0901|00
{@A-DIO|0|+3.686289E-01{@LIM2|+6.000000E-01|+2.000000E-01}}
}
{@BLOCK|c48101|00
{@A-CAP|0|+4.648347E-05{@LIM3|+4.732000E-05|+6.151600E-05|+3.312400E-05}}
}
{@BLOCK|c45102|00
{@A-CAP|0|+5.198056E-05{@LIM3|+5.920000E-05|+7.992000E-05|+3.848000E-05}}
}
{@BLOCK|testjet|00
{@TJET|00|0000|jcp1
}
{@TJET|00|0000|jfan1
}
{@TJET|00|0000|jiob1
}
{@TJET|00|0000|jkbl1
}
{@TJET|00|0000|jnfc1
}
{@TJET|00|0000|jpsen1
}
{@TJET|00|0000|jpsen2
}
{@TJET|00|0000|jsc1
}
{@TJET|00|0000|jspk1
}
{@TJET|00|0000|jssd1
}
{@TJET|00|0000|jtp1
}
{@TJET|00|0000|jwwan1
}
{@TJET|00|0000|pu1001
}
{@TJET|00|0000|pu1101
}
{@TJET|00|0000|pu1201
}
{@TJET|00|0000|pu1301
}
{@TJET|00|0000|u7601
}
{@TJET|00|0000|u9801
}
{@TJET|00|0000|uec1
}
{@TJET|00|0000|uhbr1
}
{@TJET|00|0000|uhbr2
}
{@TJET|00|0000|upd1
}
}
{@BLOCK|power_nodes|00
{@A-MEA|0|+1.201443E+01|VINT20_IN{@LIM2|+1.400000E+01|+1.000000E+01}}
{@A-MEA|0|+1.244177E+01|VSYS18{@LIM2|+1.400000E+01|+1.000000E+01}}
{@A-MEA|0|+3.358950E+00|VCC3M{@LIM2|+4.000000E+00|+2.500000E+00}}
{@A-MEA|0|+5.062679E+00|VCC5M{@LIM2|+6.000000E+00|+4.500000E+00}}
{@A-MEA|0|+1.806325E+00|VCC1R8_PRIM{@LIM2|+2.500000E+00|+1.200000E+00}}
}
{@D-T|0|384||0|u2201
}
{@D-T|0|384||0|u2202
}
{@D-T|0|384||0|u7003
}
{@D-T|0|384||0|u11001
}
{@D-T|0|384||0|u12001
}
{@D-T|0|384||0|u41001
}
{@D-T|0|384||0|u5002
}
{@D-T|0|384||0|u7004
}
{@BLOCK|pq0007|00
{@A-MEA|0|+1.201307E+01|pino6{@LIM2|+1.400000E+01|+1.000000E+01}}
}
{@BLOCK|pq0008|00
{@A-MEA|0|+1.201307E+01|pino6{@LIM2|+1.400000E+01|+1.000000E+01}}
}
{@BLOCK|pu0002|00
{@A-MEA|0|+3.276912E+00|pino1{@LIM2|+4.000000E+00|+2.500000E+00}}
{@A-MEA|0|+2.918976E-01|pino4{@LIM2|+1.000000E+00|-1.000000E+00}}
{@A-MEA|0|+3.298528E+00|pino5{@LIM2|+4.000000E+00|+2.500000E+00}}
}
{@BLOCK|pu0201|00
{@A-MEA|0|+1.200627E+01|pino1{@LIM2|+1.230000E+01|+1.170000E+01}}
}
{@BLOCK|pu0301|00
{@A-MEA|0|+1.243769E+01|pino1{@LIM2|+1.250000E+01|+1.150000E+01}}
{@A-MEA|0|+5.157382E+00|pino7{@LIM2|+5.600000E+00|+4.500000E+00}}
}
{@BLOCK|pu0401|00
{@A-MEA|0|+1.243769E+01|pino1{@LIM2|+1.400000E+01|+1.000000E+01}}
{@A-MEA|0|+5.318153E+00|pino9{@LIM2|+6.000000E+00|+4.000000E+00}}
}
{@BLOCK|pu0501|00
{@A-MEA|0|+1.243905E+01|pino2{@LIM2|+1.250000E+01|+1.150000E+01}}
{@A-MEA|0|+3.359461E+00|pino14{@LIM2|+3.800000E+00|+3.000000E+00}}
}
{@BLOCK|pu0701|00
{@A-MEA|0|+1.821983E+00|pino5{@LIM2|+2.500000E+00|+1.000000E+00}}
{@A-MEA|0|+5.061998E+00|pino6{@LIM2|+5.500000E+00|+4.500000E+00}}
}
{@BLOCK|pu0801|00
{@A-MEA|0|+1.807006E+00|pino2{@LIM2|+2.500000E+00|+1.000000E+00}}
}
{@BLOCK|pu2001|00
{@A-MEA|0|+3.358950E+00|pino1{@LIM2|+3.500000E+00|+2.500000E+00}}
{@A-MEA|0|+5.062338E+00|pino4{@LIM2|+5.500000E+00|+4.500000E+00}}
{@A-MEA|0|+3.358610E+00|pino6{@LIM2|+3.500000E+00|+2.500000E+00}}
{@A-MEA|0|+3.359120E+00|pino13{@LIM2|+3.500000E+00|+2.500000E+00}}
}
{@BLOCK|pu2002|00
{@A-MEA|0|+3.358780E+00|pino3{@LIM2|+3.700000E+00|+2.500000E+00}}
}
{@BLOCK|pu2301|00
{@A-MEA|0|+3.359120E+00|pino1{@LIM2|+3.500000E+00|+2.500000E+00}}
{@A-MEA|0|+5.062509E+00|pino4{@LIM2|+5.500000E+00|+4.500000E+00}}
{@A-MEA|0|+3.358780E+00|pino6{@LIM2|+3.500000E+00|+2.500000E+00}}
{@A-MEA|0|+3.358780E+00|pino8{@LIM2|+3.500000E+00|+2.500000E+00}}
{@A-MEA|0|+3.358780E+00|pino13{@LIM2|+3.500000E+00|+2.500000E+00}}
}
{@BLOCK|pu2302|00
{@A-MEA|0|+5.062338E+00|pino1{@LIM2|+5.500000E+00|+4.500000E+00}}
{@A-MEA|0|+5.062338E+00|pino4{@LIM2|+5.500000E+00|+4.500000E+00}}
{@A-MEA|0|+1.806410E+00|pino6{@LIM2|+2.500000E+00|+1.000000E+00}}
{@A-MEA|0|+1.806240E+00|pino8{@LIM2|+2.500000E+00|+1.000000E+00}}
{@A-MEA|0|+5.062168E+00|pino13{@LIM2|+5.500000E+00|+4.500000E+00}}
}
{@BLOCK|u4401|00
{@A-MEA|0|+1.810495E+00|pino1{@LIM2|+2.500000E+00|+1.000000E+00}}
{@A-MEA|0|+3.298188E+00|pino4{@LIM2|+4.000000E+00|+2.500000E+00}}
}
{@BLOCK|u5001|00
{@A-MEA|0|+1.513783E+00|pino1{@LIM2|+2.200000E+00|+1.000000E+00}}
}
{@BLOCK|u5102|00
{@A-MEA|0|+3.297337E+00|pino1{@LIM2|+3.500000E+00|+2.500000E+00}}
{@A-MEA|0|+4.680744E+00|pino6{@LIM2|+5.500000E+00|+4.500000E+00}}
}
{@BLOCK|u5301|00
{@A-MEA|0|+1.199939E+00|pino1{@LIM2|+2.000000E+00|+8.000000E-01}}
{@A-MEA|0|+1.806240E+00|pino4{@LIM2|+2.500000E+00|+1.000000E+00}}
}
{@BLOCK|u5302|00
{@A-MEA|0|+3.358780E+00|pino1{@LIM2|+3.600000E+00|+2.500000E+00}}
{@A-MEA|0|+1.200067E+00|pino6{@LIM2|+1.500000E+00|+1.000000E+00}}
}
{@BLOCK|u5303|00
{@A-MEA|0|+5.061317E+00|pino1{@LIM2|+5.700000E+00|+4.500000E+00}}
{@A-MEA|0|+5.062168E+00|pino6{@LIM2|+5.700000E+00|+4.500000E+00}}
}
{@BLOCK|u5501|00
{@A-MEA|0|+3.357588E+00|pino1{@LIM2|+4.000000E+00|+2.500000E+00}}
{@A-MEA|0|+5.062168E+00|pino4{@LIM2|+6.000000E+00|+4.000000E+00}}
{@A-MEA|0|+8.969681E-01|pino8{@LIM2|+2.500000E+00|+1.000000E-01}}
}
{@BLOCK|u5701|00
{@A-MEA|0|+3.356737E+00|pino1{@LIM2|+4.000000E+00|+2.500000E+00}}
{@A-MEA|0|+5.062509E+00|pino4{@LIM2|+6.000000E+00|+4.000000E+00}}
}
{@BLOCK|u6701|00
{@A-MEA|0|+5.061828E+00|pino1{@LIM2|+6.000000E+00|+4.000000E+00}}
{@A-MEA|0|+5.061487E+00|pino12{@LIM2|+6.000000E+00|+4.000000E+00}}
}
{@BLOCK|u8301|00
{@A-MEA|0|+1.804623E+00|pino20{@LIM2|+2.300000E+00|+1.500000E+00}}
{@A-MEA|0|+5.059956E+00|pino33{@LIM2|+5.500000E+00|+4.500000E+00}}
{@A-MEA|0|+5.059956E+00|pino41{@LIM2|+5.500000E+00|+4.500000E+00}}
}
{@BLOCK|u9401|00
{@A-MEA|0|+1.811346E+00|pino1{@LIM2|+2.500000E+00|+1.000000E+00}}
{@A-MEA|0|+3.359120E+00|pino4{@LIM2|+4.000000E+00|+2.500000E+00}}
}
{@BLOCK|u9801|00
{@A-MEA|0|+1.806155E+00|pino1{@LIM2|+2.500000E+00|+1.000000E+00}}
{@A-MEA|0|+1.806325E+00|pino14{@LIM2|+2.500000E+00|+1.000000E+00}}
}
{@BLOCK|u58001|00
{@A-MEA|0|+3.358780E+00|pino21{@LIM2|+3.500000E+00|+2.800000E+00}}
{@A-MEA|0|+3.358950E+00|pino27{@LIM2|+3.500000E+00|+2.500000E+00}}
}
{@BLOCK|u59001|00
{@A-MEA|0|+1.805133E+00|pino1{@LIM2|+2.500000E+00|+1.000000E+00}}
{@A-MEA|0|+3.359461E+00|pino4{@LIM2|+3.500000E+00|+2.500000E+00}}
}
{@BLOCK|u92001|00
{@A-MEA|0|+3.359120E+00|pino1{@LIM2|+3.500000E+00|+2.500000E+00}}
{@A-MEA|0|+5.061828E+00|pino4{@LIM2|+5.500000E+00|+4.500000E+00}}
{@A-MEA|0|+3.359290E+00|pino14{@LIM2|+3.500000E+00|+2.500000E+00}}
}
{@BLOCK|u92002|00
{@A-MEA|0|+3.358780E+00|pino1{@LIM2|+4.000000E+00|+2.500000E+00}}
{@A-MEA|0|+5.061828E+00|pino4{@LIM2|+6.000000E+00|+4.000000E+00}}
{@A-MEA|0|+3.358950E+00|pino6{@LIM2|+4.000000E+00|+2.500000E+00}}
{@A-MEA|0|+3.359290E+00|pino9{@LIM2|+4.000000E+00|+2.500000E+00}}
{@A-MEA|0|+3.359290E+00|pino14{@LIM2|+4.000000E+00|+2.500000E+00}}
}
{@BLOCK|u92003|00
{@A-MEA|0|+5.061998E+00|pino1{@LIM2|+5.500000E+00|+4.500000E+00}}
{@A-MEA|0|+5.061828E+00|pino4{@LIM2|+5.500000E+00|+4.500000E+00}}
{@A-MEA|0|+3.358950E+00|pino6{@LIM2|+3.500000E+00|+2.500000E+00}}
{@A-MEA|0|+5.062168E+00|pino14{@LIM2|+5.500000E+00|+4.500000E+00}}
}
}}