{@BATCH|t14_gen6_intel||4086|1||btest|140102014413~16|ICT0263\engineer|ICT0263|C:/Agilent_ICT/boards/t14_gen6_lnl_intel|RevA|sb21v35591_ult5||sb21v35591_ult5
{@BTEST|6683001753|00|140102021526|000023|0|all||n||140102021549||1
{@BLOCK|f45002|00
{@A-FUS|0|+2.716671E+00{@LIM2|+1.600000E+01|+0.000000E+00}}
}
{@BLOCK|f46001|00
{@A-FUS|0|+2.459852E+00{@LIM2|+1.600000E+01|+0.000000E+00}}
}
{@BLOCK|f46002|00
{@A-FUS|0|+3.067907E+00{@LIM2|+1.600000E+01|+0.000000E+00}}
}
{@BLOCK|f46003|00
{@A-FUS|0|+2.567873E+00{@LIM2|+1.600000E+01|+0.000000E+00}}
}
{@BLOCK|f47001|00
{@A-FUS|0|+2.928498E+00{@LIM2|+1.600000E+01|+0.000000E+00}}
}
{@BLOCK|f51001|00
{@A-FUS|0|+2.923296E+00{@LIM2|+1.600000E+01|+0.000000E+00}}
}
{@BLOCK|f51002|00
{@A-FUS|0|+2.864690E+00{@LIM2|+1.600000E+01|+0.000000E+00}}
}
{@BLOCK|f51003|00
{@A-FUS|0|+2.788739E+00{@LIM2|+1.600000E+01|+0.000000E+00}}
}
{@BLOCK|f68004|00
{@A-FUS|0|+2.711424E+00{@LIM2|+1.600000E+01|+0.000000E+00}}
}
{@BLOCK|f68005|00
{@A-FUS|0|+3.007111E+00{@LIM2|+1.600000E+01|+0.000000E+00}}
}
{@BLOCK|f93001|00
{@A-FUS|0|+2.738494E+00{@LIM2|+1.600000E+01|+0.000000E+00}}
}
{@BLOCK|f94001|00
{@A-FUS|0|+2.343669E+00{@LIM2|+1.600000E+01|+0.000000E+00}}
}
{@BLOCK|f94002|00
{@A-FUS|0|+2.758756E+00{@LIM2|+1.600000E+01|+0.000000E+00}}
}
{@BLOCK|f94003|00
{@A-FUS|0|+2.801179E+00{@LIM2|+1.600000E+01|+0.000000E+00}}
}
{@BLOCK|f94004|00
{@A-FUS|0|+2.636531E+00{@LIM2|+1.600000E+01|+0.000000E+00}}
}
{@BLOCK|f95003|00
{@A-FUS|0|+3.260083E+00{@LIM2|+1.600000E+01|+0.000000E+00}}
}
{@BLOCK|pf0001|00
{@A-FUS|0|+3.161037E+00{@LIM2|+2.500000E+01|+0.000000E+00}}
}
{@BLOCK|pf0002|00
{@A-FUS|0|+2.927061E+00{@LIM2|+1.600000E+01|+0.000000E+00}}
}
{@BLOCK|f49001|00
{@A-FUS|0|+2.563641E+00{@LIM2|+1.600000E+01|+0.000000E+00}}
}
{@BLOCK|f68001|00
{@A-FUS|0|+2.498308E+00{@LIM2|+1.600000E+01|+0.000000E+00}}
}
{@BLOCK|f68002|00
{@A-FUS|0|+2.594717E+00{@LIM2|+1.600000E+01|+0.000000E+00}}
}
{@BLOCK|f68003|00
{@A-FUS|0|+2.567025E+00{@LIM2|+1.600000E+01|+0.000000E+00}}
}
{@BLOCK|f95001|00
{@A-FUS|0|+2.287197E+00{@LIM2|+1.600000E+01|+0.000000E+00}}
}
{@BLOCK|f95002|00
{@A-FUS|0|+2.326191E+00{@LIM2|+1.600000E+01|+0.000000E+00}}
}
{@BLOCK|f95004|00
{@A-FUS|0|+2.564768E+00{@LIM2|+1.600000E+01|+0.000000E+00}}
}
{@BLOCK|l49001|00
{@A-JUM|0|+4.024321E+00{@LIM2|+1.500000E+01|+0.000000E+00}}
}
{@BLOCK|pf0101|00
{@A-FUS|0|+2.734728E+00{@LIM2|+1.600000E+01|+0.000000E+00}}
}
{@BLOCK|l15001|00
{@A-JUM|0|+2.712965E+00{@LIM2|+1.500000E+01|+0.000000E+00}}
}
{@BLOCK|l55001|00
{@A-JUM|0|+5.309786E+00{@LIM2|+1.500000E+01|+0.000000E+00}}
}
{@BLOCK|l57001|00
{@A-JUM|0|+3.136562E+00{@LIM2|+1.500000E+01|+0.000000E+00}}
}
{@BLOCK|l63001%jp1|00
{@A-JUM|0|+4.106381E+00{@LIM2|+1.500000E+01|+0.000000E+00}}
}
{@BLOCK|l63001%jp2|00
{@A-JUM|0|+3.961678E+00{@LIM2|+1.500000E+01|+0.000000E+00}}
}
{@BLOCK|l76001|00
{@A-JUM|0|+3.199541E+00{@LIM2|+1.500000E+01|+0.000000E+00}}
}
{@BLOCK|l86001|00
{@A-JUM|0|+2.460381E+00{@LIM2|+1.500000E+01|+0.000000E+00}}
}
{@BLOCK|l86002|00
{@A-JUM|0|+2.617731E+00{@LIM2|+1.500000E+01|+0.000000E+00}}
}
{@BLOCK|l86003|00
{@A-JUM|0|+4.043751E+00{@LIM2|+1.500000E+01|+0.000000E+00}}
}
{@BLOCK|l95001%jp2|00
{@A-JUM|0|+3.954948E+00{@LIM2|+1.500000E+01|+0.000000E+00}}
}
{@BLOCK|pj0301|00
{@A-JUM|0|+2.979606E+00{@LIM2|+1.500000E+01|+0.000000E+00}}
}
{@BLOCK|pj0401|00
{@A-JUM|0|+3.210086E+00{@LIM2|+1.500000E+01|+0.000000E+00}}
}
{@BLOCK|pj0701|00
{@A-JUM|0|+2.904615E+00{@LIM2|+1.500000E+01|+0.000000E+00}}
}
{@BLOCK|pj0801|00
{@A-JUM|0|+2.518814E+00{@LIM2|+1.500000E+01|+0.000000E+00}}
}
{@BLOCK|pl0202|00
{@A-JUM|0|+2.985478E+00{@LIM2|+1.500000E+01|+0.000000E+00}}
}
{@BLOCK|pl0301|00
{@A-JUM|0|+2.929397E+00{@LIM2|+1.500000E+01|+0.000000E+00}}
}
{@BLOCK|pl0401|00
{@A-JUM|0|+3.040349E+00{@LIM2|+1.500000E+01|+0.000000E+00}}
}
{@BLOCK|pl0701|00
{@A-JUM|0|+2.860271E+00{@LIM2|+1.500000E+01|+0.000000E+00}}
}
{@BLOCK|pl0901|00
{@A-JUM|0|+3.117914E+00{@LIM2|+1.500000E+01|+0.000000E+00}}
}
{@BLOCK|pl1301|00
{@A-JUM|0|+2.665390E+00{@LIM2|+1.500000E+01|+0.000000E+00}}
}
{@BLOCK|pl1306|00
{@A-JUM|0|+2.635075E+00{@LIM2|+2.500000E+01|+0.000000E+00}}
}
{@BLOCK|pr0001|00
{@A-JUM|0|+2.633912E+00{@LIM2|+1.500000E+01|+0.000000E+00}}
}
{@BLOCK|pr0219|00
{@A-JUM|0|+2.853772E+00{@LIM2|+1.500000E+01|+0.000000E+00}}
}
{@BLOCK|pr0310|00
{@A-JUM|0|+2.991747E+00{@LIM2|+1.500000E+01|+0.000000E+00}}
}
{@BLOCK|pr0412|00
{@A-JUM|0|+3.082471E+00{@LIM2|+1.500000E+01|+0.000000E+00}}
}
{@BLOCK|pr0506|00
{@A-JUM|0|+2.860957E+00{@LIM2|+1.500000E+01|+0.000000E+00}}
}
{@BLOCK|pr0707|00
{@A-JUM|0|+3.034163E+00{@LIM2|+1.500000E+01|+0.000000E+00}}
}
{@BLOCK|pr0921|00
{@A-JUM|0|+3.017378E+00{@LIM2|+1.500000E+01|+0.000000E+00}}
}
{@BLOCK|pr0922|00
{@A-JUM|0|+3.218204E+00{@LIM2|+1.500000E+01|+0.000000E+00}}
}
{@BLOCK|pr1011|00
{@A-JUM|0|+4.308224E+00{@LIM2|+1.500000E+01|+0.000000E+00}}
}
{@BLOCK|pr1012|00
{@A-JUM|0|+4.385422E+00{@LIM2|+1.500000E+01|+0.000000E+00}}
}
{@BLOCK|pr1017|00
{@A-JUM|0|+2.842215E+00{@LIM2|+1.500000E+01|+0.000000E+00}}
}
{@BLOCK|pr1110|00
{@A-JUM|0|+3.223965E+00{@LIM2|+1.500000E+01|+0.000000E+00}}
}
{@BLOCK|pr1111|00
{@A-JUM|0|+3.404870E+00{@LIM2|+1.500000E+01|+0.000000E+00}}
}
{@BLOCK|pr1116|00
{@A-JUM|0|+2.795272E+00{@LIM2|+1.500000E+01|+0.000000E+00}}
}
{@BLOCK|pr1210|00
{@A-JUM|0|+4.511448E+00{@LIM2|+1.500000E+01|+0.000000E+00}}
}
{@BLOCK|pr1211|00
{@A-JUM|0|+4.462097E+00{@LIM2|+1.500000E+01|+0.000000E+00}}
}
{@BLOCK|pr1216|00
{@A-JUM|0|+2.829745E+00{@LIM2|+1.500000E+01|+0.000000E+00}}
}
{@BLOCK|pr1309|00
{@A-JUM|0|+4.478847E+00{@LIM2|+1.500000E+01|+0.000000E+00}}
}
{@BLOCK|pr1310|00
{@A-JUM|0|+4.620647E+00{@LIM2|+1.500000E+01|+0.000000E+00}}
}
{@BLOCK|pr1316|00
{@A-JUM|0|+2.784184E+00{@LIM2|+1.500000E+01|+0.000000E+00}}
}
{@BLOCK|pr1615|00
{@A-JUM|0|+2.633040E+00{@LIM2|+1.500000E+01|+0.000000E+00}}
}
{@BLOCK|pr1618|00
{@A-JUM|0|+2.538372E+00{@LIM2|+1.500000E+01|+0.000000E+00}}
}
{@BLOCK|pr1620|00
{@A-JUM|0|+3.844862E+00{@LIM2|+1.500000E+01|+0.000000E+00}}
}
{@BLOCK|pr1626|00
{@A-JUM|0|+4.460637E+00{@LIM2|+1.500000E+01|+0.000000E+00}}
}
{@BLOCK|pr1634|00
{@A-JUM|0|+3.225272E+00{@LIM2|+1.500000E+01|+0.000000E+00}}
}
{@BLOCK|pr1641|00
{@A-JUM|0|+3.463683E+00{@LIM2|+1.500000E+01|+0.000000E+00}}
}
{@BLOCK|l93001%jp1|00
{@A-JUM|0|+3.351096E+00{@LIM2|+1.700000E+01|+0.000000E+00}}
}
{@BLOCK|l93001%jp2|00
{@A-JUM|0|+3.495039E+00{@LIM2|+1.500000E+01|+0.000000E+00}}
}
{@BLOCK|pr0229|00
{@A-JUM|0|+2.106129E+00{@LIM2|+1.500000E+01|+0.000000E+00}}
}
{@BLOCK|pr1612|00
{@A-JUM|0|+3.287587E+00{@LIM2|+2.500000E+01|+0.000000E+00}}
}
{@BLOCK|pr2002|00
{@A-JUM|0|+2.056199E+00{@LIM2|+1.500000E+01|+0.000000E+00}}
}
{@BLOCK|pr2004|00
{@A-JUM|0|+2.261700E+00{@LIM2|+1.500000E+01|+0.000000E+00}}
}
{@BLOCK|pr2009|00
{@A-JUM|0|+3.661359E+00{@LIM2|+1.500000E+01|+0.000000E+00}}
}
{@BLOCK|pr2011|00
{@A-JUM|0|+2.220797E+00{@LIM2|+1.500000E+01|+0.000000E+00}}
}
{@BLOCK|pr1643|00
{@A-JUM|0|+3.535923E+00{@LIM2|+2.500000E+01|+0.000000E+00}}
}
{@BLOCK|pr2301|00
{@A-JUM|0|+2.807440E+00{@LIM2|+1.500000E+01|+0.000000E+00}}
}
{@BLOCK|pr2302|00
{@A-JUM|0|+2.940406E+00{@LIM2|+1.500000E+01|+0.000000E+00}}
}
{@BLOCK|pr2303|00
{@A-JUM|0|+2.587643E+00{@LIM2|+1.500000E+01|+0.000000E+00}}
}
{@BLOCK|r06018|00
{@A-JUM|0|+4.759347E+00{@LIM2|+1.500000E+01|+0.000000E+00}}
}
{@BLOCK|r06019|00
{@A-JUM|0|+4.889790E+00{@LIM2|+1.500000E+01|+0.000000E+00}}
}
{@BLOCK|r08003|00
{@A-JUM|0|+2.801836E+00{@LIM2|+1.500000E+01|+0.000000E+00}}
}
{@BLOCK|r08005|00
{@A-JUM|0|+2.807110E+00{@LIM2|+1.500000E+01|+0.000000E+00}}
}
{@BLOCK|r08006|00
{@A-JUM|0|+2.884124E+00{@LIM2|+1.500000E+01|+0.000000E+00}}
}
{@BLOCK|r12018|00
{@A-JUM|0|+3.030503E+00{@LIM2|+1.500000E+01|+0.000000E+00}}
}
{@BLOCK|r15009|00
{@A-JUM|0|+2.721939E+00{@LIM2|+1.500000E+01|+0.000000E+00}}
}
{@BLOCK|r22103|00
{@A-JUM|0|+2.989218E+00{@LIM2|+1.500000E+01|+0.000000E+00}}
}
{@BLOCK|r22104|00
{@A-JUM|0|+3.027427E+00{@LIM2|+1.500000E+01|+0.000000E+00}}
}
{@BLOCK|r22105|00
{@A-JUM|0|+2.881686E+00{@LIM2|+1.500000E+01|+0.000000E+00}}
}
{@BLOCK|r22106|00
{@A-JUM|0|+3.027715E+00{@LIM2|+1.500000E+01|+0.000000E+00}}
}
{@BLOCK|r22107|00
{@A-JUM|0|+2.948763E+00{@LIM2|+1.500000E+01|+0.000000E+00}}
}
{@BLOCK|r22108|00
{@A-JUM|0|+2.534598E+00{@LIM2|+1.500000E+01|+0.000000E+00}}
}
{@BLOCK|r22109|00
{@A-JUM|0|+2.650293E+00{@LIM2|+1.500000E+01|+0.000000E+00}}
}
{@BLOCK|r22110|00
{@A-JUM|0|+3.061609E+00{@LIM2|+1.500000E+01|+0.000000E+00}}
}
{@BLOCK|r22208|00
{@A-JUM|0|+5.483982E+00{@LIM2|+1.500000E+01|+0.000000E+00}}
}
{@BLOCK|r22209|00
{@A-JUM|0|+5.400210E+00{@LIM2|+1.200000E+02|+0.000000E+00}}
}
{@BLOCK|r22210|00
{@A-JUM|0|+5.294470E+00{@LIM2|+1.500000E+01|+0.000000E+00}}
}
{@BLOCK|r22211|00
{@A-JUM|0|+5.511850E+00{@LIM2|+1.500000E+01|+0.000000E+00}}
}
{@BLOCK|r22212|00
{@A-JUM|0|+5.489660E+00{@LIM2|+1.500000E+01|+0.000000E+00}}
}
{@BLOCK|r22213|00
{@A-JUM|0|+4.772190E+04{@LIM2|+9.999999E+99|+1.500000E+01}}
}
{@BLOCK|r41013|00
{@A-JUM|0|+2.824386E+00{@LIM2|+1.500000E+01|+0.000000E+00}}
}
{@BLOCK|r41032|00
{@A-JUM|0|+2.349207E+00{@LIM2|+1.500000E+01|+0.000000E+00}}
}
{@BLOCK|r44007|00
{@A-JUM|0|+3.226472E+00{@LIM2|+1.500000E+01|+0.000000E+00}}
}
{@BLOCK|r44015|00
{@A-JUM|0|+2.462158E+00{@LIM2|+1.500000E+01|+0.000000E+00}}
}
{@BLOCK|r44020|00
{@A-JUM|0|+4.972064E+00{@LIM2|+1.500000E+01|+0.000000E+00}}
}
{@BLOCK|r44021|00
{@A-JUM|0|+4.821372E+00{@LIM2|+1.500000E+01|+0.000000E+00}}
}
{@BLOCK|r45002|00
{@A-JUM|0|+2.573411E+00{@LIM2|+1.500000E+01|+0.000000E+00}}
}
{@BLOCK|r45003|00
{@A-JUM|0|+2.351058E+00{@LIM2|+1.500000E+01|+0.000000E+00}}
}
{@BLOCK|r46002|00
{@A-JUM|0|+2.786785E+00{@LIM2|+1.500000E+01|+0.000000E+00}}
}
{@BLOCK|r46003|00
{@A-JUM|0|+2.465720E+00{@LIM2|+1.500000E+01|+0.000000E+00}}
}
{@BLOCK|r47001|00
{@A-JUM|0|+2.647940E+00{@LIM2|+1.500000E+01|+0.000000E+00}}
}
{@BLOCK|r48001|00
{@A-JUM|0|+3.574992E+00{@LIM2|+1.500000E+01|+0.000000E+00}}
}
{@BLOCK|r51102|00
{@A-JUM|0|+2.544598E+00{@LIM2|+1.500000E+01|+0.000000E+00}}
}
{@BLOCK|r51211|00
{@A-JUM|0|+2.701601E+00{@LIM2|+1.500000E+01|+0.000000E+00}}
}
{@BLOCK|r51217|00
{@A-JUM|0|+3.296222E+00{@LIM2|+1.500000E+01|+0.000000E+00}}
}
{@BLOCK|r51218|00
{@A-JUM|0|+3.181515E+04{@LIM2|+9.999999E+99|+1.500000E+01}}
}
{@BLOCK|r53001|00
{@A-JUM|0|+2.591295E+00{@LIM2|+1.500000E+01|+0.000000E+00}}
}
{@BLOCK|r53002|00
{@A-JUM|0|+2.567596E+00{@LIM2|+1.500000E+01|+0.000000E+00}}
}
{@BLOCK|r53003|00
{@A-JUM|0|+3.100192E+00{@LIM2|+1.500000E+01|+0.000000E+00}}
}
{@BLOCK|r54104|00
{@A-JUM|0|+3.981841E+00{@LIM2|+1.500000E+01|+0.000000E+00}}
}
{@BLOCK|r55002|00
{@A-JUM|0|+2.525478E+00{@LIM2|+1.500000E+01|+0.000000E+00}}
}
{@BLOCK|r55004|00
{@A-JUM|0|+2.421189E+00{@LIM2|+1.500000E+01|+0.000000E+00}}
}
{@BLOCK|r57002|00
{@A-JUM|0|+2.322682E+00{@LIM2|+1.500000E+01|+0.000000E+00}}
}
{@BLOCK|r12011|00
{@A-JUM|0|+2.394468E+00{@LIM2|+1.500000E+01|+0.000000E+00}}
}
{@BLOCK|r17001|00
{@A-JUM|0|+2.172209E+00{@LIM2|+1.500000E+01|+0.000000E+00}}
}
{@BLOCK|r41019|00
{@A-JUM|0|+3.787049E+00{@LIM2|+1.500000E+01|+0.000000E+00}}
}
{@BLOCK|r41025|00
{@A-JUM|0|+3.768241E+00{@LIM2|+1.500000E+01|+0.000000E+00}}
}
{@BLOCK|r42005|00
{@A-JUM|0|+2.282051E+00{@LIM2|+1.500000E+01|+0.000000E+00}}
}
{@BLOCK|r46001|00
{@A-JUM|0|+2.193034E+00{@LIM2|+1.500000E+01|+0.000000E+00}}
}
{@BLOCK|r59002|00
{@A-JUM|0|+2.252529E+00{@LIM2|+1.500000E+01|+0.000000E+00}}
}
{@BLOCK|r59007|00
{@A-JUM|0|+2.430638E+00{@LIM2|+1.500000E+01|+0.000000E+00}}
}
{@BLOCK|r58002|00
{@A-JUM|0|+2.774473E+00{@LIM2|+1.500000E+01|+0.000000E+00}}
}
{@BLOCK|r59003|00
{@A-JUM|0|+2.410915E+00{@LIM2|+1.500000E+01|+0.000000E+00}}
}
{@BLOCK|r59010|00
{@A-JUM|0|+2.439007E+00{@LIM2|+1.500000E+01|+0.000000E+00}}
}
{@BLOCK|r59011|00
{@A-JUM|0|+2.548947E+00{@LIM2|+1.500000E+01|+0.000000E+00}}
}
{@BLOCK|r59017|00
{@A-JUM|0|+3.160344E+00{@LIM2|+1.500000E+01|+0.000000E+00}}
}
{@BLOCK|r61209|00
{@A-JUM|0|+2.320650E+00{@LIM2|+1.500000E+01|+0.000000E+00}}
}
{@BLOCK|r63101|00
{@A-JUM|0|+2.670461E+00{@LIM2|+1.500000E+01|+0.000000E+00}}
}
{@BLOCK|r63102|00
{@A-JUM|0|+2.577580E+00{@LIM2|+1.500000E+01|+0.000000E+00}}
}
{@BLOCK|r59008|00
{@A-JUM|0|+2.569570E+00{@LIM2|+1.500000E+01|+0.000000E+00}}
}
{@BLOCK|r59009|00
{@A-JUM|0|+2.470269E+00{@LIM2|+1.500000E+01|+0.000000E+00}}
}
{@BLOCK|r70117|00
{@A-JUM|0|+4.249910E+00{@LIM2|+1.500000E+01|+0.000000E+00}}
}
{@BLOCK|r72006|00
{@A-JUM|0|+3.725224E+00{@LIM2|+1.500000E+01|+0.000000E+00}}
}
{@BLOCK|r72007|00
{@A-JUM|0|+3.667978E+00{@LIM2|+1.500000E+01|+0.000000E+00}}
}
{@BLOCK|r74001|00
{@A-JUM|0|+2.397913E+00{@LIM2|+1.500000E+01|+0.000000E+00}}
}
{@BLOCK|r74103|00
{@A-JUM|0|+2.306415E+00{@LIM2|+1.500000E+01|+0.000000E+00}}
}
{@BLOCK|r74111|00
{@A-JUM|0|+2.393976E+00{@LIM2|+1.500000E+01|+0.000000E+00}}
}
{@BLOCK|r64223|00
{@A-JUM|0|+2.687604E+00{@LIM2|+1.500000E+01|+0.000000E+00}}
}
{@BLOCK|r70001|00
{@A-JUM|0|+2.696107E+00{@LIM2|+1.500000E+01|+0.000000E+00}}
}
{@BLOCK|r72001|00
{@A-JUM|0|+2.684883E+00{@LIM2|+1.500000E+01|+0.000000E+00}}
}
{@BLOCK|r74108|00
{@A-JUM|0|+2.685789E+00{@LIM2|+1.500000E+01|+0.000000E+00}}
}
{@BLOCK|r74112|00
{@A-JUM|0|+2.654716E+00{@LIM2|+1.500000E+01|+0.000000E+00}}
}
{@BLOCK|r76001|00
{@A-JUM|0|+2.765790E+00{@LIM2|+1.500000E+01|+0.000000E+00}}
}
{@BLOCK|r76101|00
{@A-JUM|0|+2.824386E+00{@LIM2|+1.500000E+01|+0.000000E+00}}
}
{@BLOCK|r83001|00
{@A-JUM|0|+2.671358E+00{@LIM2|+1.500000E+01|+0.000000E+00}}
}
{@BLOCK|r83002|00
{@A-JUM|0|+2.675251E+00{@LIM2|+1.500000E+01|+0.000000E+00}}
}
{@BLOCK|r83004|00
{@A-JUM|0|+2.632749E+00{@LIM2|+1.500000E+01|+0.000000E+00}}
}
{@BLOCK|r83105|00
{@A-JUM|0|+3.893482E+00{@LIM2|+1.500000E+01|+0.000000E+00}}
}
{@BLOCK|r83106|00
{@A-JUM|0|+2.647353E+00{@LIM2|+1.500000E+01|+0.000000E+00}}
}
{@BLOCK|r83110|00
{@A-JUM|0|+4.232196E+00{@LIM2|+1.500000E+01|+0.000000E+00}}
}
{@BLOCK|r85103|00
{@A-JUM|0|+2.408239E+00{@LIM2|+1.500000E+01|+0.000000E+00}}
}
{@BLOCK|r85104|00
{@A-JUM|0|+2.693976E+00{@LIM2|+1.500000E+01|+0.000000E+00}}
}
{@BLOCK|r85105|00
{@A-JUM|0|+2.477239E+00{@LIM2|+1.500000E+01|+0.000000E+00}}
}
{@BLOCK|r92005|00
{@A-JUM|0|+2.663308E+00{@LIM2|+1.500000E+01|+0.000000E+00}}
}
{@BLOCK|r92006|00
{@A-JUM|0|+2.629848E+00{@LIM2|+1.500000E+01|+0.000000E+00}}
}
{@BLOCK|r92007|00
{@A-JUM|0|+2.865079E+00{@LIM2|+1.500000E+01|+0.000000E+00}}
}
{@BLOCK|r92008|00
{@A-JUM|0|+2.590170E+00{@LIM2|+1.500000E+01|+0.000000E+00}}
}
{@BLOCK|r94001|00
{@A-JUM|0|+2.587362E+00{@LIM2|+1.500000E+01|+0.000000E+00}}
}
{@BLOCK|r94101|00
{@A-JUM|0|+2.596330E+00{@LIM2|+1.500000E+02|+0.000000E+00}}
}
{@BLOCK|r94102|00
{@A-JUM|0|+2.281162E+00{@LIM2|+1.050000E+02|+0.000000E+00}}
}
{@BLOCK|r95004|00
{@A-JUM|0|+2.641200E+00{@LIM2|+1.500000E+01|+0.000000E+00}}
}
{@BLOCK|r98001|00
{@A-JUM|0|+2.949310E+00{@LIM2|+1.500000E+01|+0.000000E+00}}
}
{@BLOCK|sw12001%jpa|00
{@A-JUM|0|+3.951019E+00{@LIM2|+1.500000E+01|+0.000000E+00}}
}
{@BLOCK|pr0417|00
{@A-JUM|0|+3.366537E+01{@LIM2|+9.999999E+99|+1.500000E+01}}
}
{@BLOCK|pr0505|00
{@A-JUM|0|+5.666192E+06{@LIM2|+9.999999E+99|+1.000000E+04}}
}
{@BLOCK|pr0924|00
{@A-JUM|0|+7.773229E+06{@LIM2|+9.999999E+99|+1.000000E+04}}
}
{@BLOCK|pr1004|00
{@A-JUM|0|+2.799864E+00{@LIM2|+1.500000E+01|+0.000000E+00}}
}
{@BLOCK|pr1642|00
{@A-JUM|0|-2.584325E+06{@LIM2|+9.999999E+99|+1.000000E+04}}
}
{@BLOCK|pr2201|00
{@A-JUM|0|+2.258949E+04{@LIM2|+9.999999E+99|+9.000000E+00}}
}
{@BLOCK|r74114|00
{@A-JUM|0|+2.236550E+00{@LIM2|+1.500000E+01|+0.000000E+00}}
}
{@BLOCK|r95001|00
{@A-JUM|0|+2.323411E+00{@LIM2|+1.500000E+01|+0.000000E+00}}
}
{@BLOCK|r95002|00
{@A-JUM|0|+2.282945E+00{@LIM2|+1.500000E+01|+0.000000E+00}}
}
{@BLOCK|pr2010|00
{@A-JUM|0|+2.805555E+05{@LIM2|+9.999999E+99|+9.360000E+03}}
}
{@BLOCK|pr2022|00
{@A-JUM|0|+1.136412E+06{@LIM2|+9.999999E+99|+1.000000E+04}}
}
{@BLOCK|r06020|00
{@A-JUM|0|-7.647583E+06{@LIM2|+9.999999E+99|+1.000000E+04}}
}
{@BLOCK|r06021|00
{@A-JUM|0|+2.500458E+00{@LIM2|+1.500000E+01|+0.000000E+00}}
}
{@BLOCK|r12004|00
{@A-JUM|0|-6.007322E+07{@LIM2|+9.999999E+99|+1.000000E+04}}
}
{@BLOCK|r06016|00
{@A-JUM|0|+1.161125E+07{@LIM2|+9.999999E+99|+1.000000E+04}}
}
{@BLOCK|r06017|00
{@A-JUM|0|+1.541741E+07{@LIM2|+9.999999E+99|+1.000000E+04}}
}
{@BLOCK|r07008|00
{@A-JUM|0|-5.566467E+06{@LIM2|+9.999999E+99|+1.000000E+04}}
}
{@BLOCK|r08004|00
{@A-JUM|0|+7.464799E+06{@LIM2|+9.999999E+99|+1.000000E+04}}
}
{@BLOCK|r19003|00
{@A-JUM|0|+2.884212E+00{@LIM2|+1.500000E+01|+0.000000E+00}}
}
{@BLOCK|r51101|00
{@A-JUM|0|+3.133109E+05{@LIM2|+9.999999E+99|+1.680000E+02}}
}
{@BLOCK|r55003|00
{@A-JUM|0|+8.873080E+06{@LIM2|+9.999999E+99|+1.000000E+04}}
}
{@BLOCK|r59001|00
{@A-JUM|0|+2.953852E+04{@LIM2|+9.999999E+99|+1.500000E+01}}
}
{@BLOCK|r41030|00
{@A-JUM|0|+4.674729E+07{@LIM2|+9.999999E+99|+1.000000E+04}}
}
{@BLOCK|r41031|00
{@A-JUM|0|+9.502430E+07{@LIM2|+9.999999E+99|+1.000000E+04}}
}
{@BLOCK|r49001|00
{@A-JUM|0|+1.964780E+08{@LIM2|+9.999999E+99|+6.680000E+03}}
}
{@BLOCK|r70118|00
{@A-JUM|0|-2.903880E+09{@LIM2|+9.999999E+99|+1.000000E+04}}
}
{@BLOCK|r70119|00
{@A-JUM|0|-1.730594E+08{@LIM2|+9.999999E+99|+1.000000E+04}}
}
{@BLOCK|r70120|00
{@A-JUM|0|-1.730594E+08{@LIM2|+9.999999E+99|+1.000000E+04}}
}
{@BLOCK|r70122|00
{@A-JUM|0|-4.173777E+06{@LIM2|+9.999999E+99|+1.710000E+02}}
}
{@BLOCK|r74109|00
{@A-JUM|0|-1.730594E+08{@LIM2|+9.999999E+99|+1.000000E+04}}
}
{@BLOCK|r70121|00
{@A-JUM|0|+2.044341E+07{@LIM2|+9.999999E+99|+1.000000E+04}}
}
{@BLOCK|r70123|00
{@A-JUM|0|+2.044341E+07{@LIM2|+9.999999E+99|+1.000000E+04}}
}
{@BLOCK|r74113|00
{@A-JUM|0|+8.108245E+06{@LIM2|+9.999999E+99|+1.000000E+04}}
}
{@BLOCK|r74115|00
{@A-JUM|0|+1.541702E+07{@LIM2|+9.999999E+99|+4.930000E+03}}
}
{@BLOCK|r74117|00
{@A-JUM|0|+2.799479E+06{@LIM2|+9.999999E+99|+1.000000E+04}}
}
{@BLOCK|r74118|00
{@A-JUM|0|-1.057076E+07{@LIM2|+9.999999E+99|+1.000000E+04}}
}
{@BLOCK|r74119|00
{@A-JUM|0|-6.767974E+06{@LIM2|+9.999999E+99|+1.000000E+04}}
}
{@BLOCK|r83101|00
{@A-JUM|0|+9.911768E+03{@LIM2|+9.999999E+99|+4.840000E+03}}
}
{@BLOCK|r94103|00
{@A-JUM|0|+1.843967E+07{@LIM2|+9.999999E+99|+1.000000E+04}}
}
{@BLOCK|jusb1_sp|00
{@A-JUM|0|+2.464286E+00{@LIM2|+4.920000E+02|+0.000000E+00}}
}
{@BLOCK|jusbc1_sp|00
{@A-JUM|0|+2.437567E+00{@LIM2|+4.920000E+02|+0.000000E+00}}
}
{@BLOCK|jusbc2_sp|00
{@A-JUM|0|+2.476721E+00{@LIM2|+4.920000E+02|+0.000000E+00}}
}
{@BLOCK|jhdmi1_sp|00
{@A-JUM|0|+2.368180E+00{@LIM2|+4.920000E+02|+0.000000E+00}}
}
{@BLOCK|jhp1_sp|00
{@A-JUM|0|+2.391254E+00{@LIM2|+4.920000E+02|+0.000000E+00}}
}
{@BLOCK|jrtc1_sp|00
{@A-JUM|0|+2.924306E+00{@LIM2|+4.920000E+02|+0.000000E+00}}
}
{@BLOCK|jbatt1_sp|00
{@A-JUM|0|+2.732735E+00{@LIM2|+4.920000E+02|+0.000000E+00}}
}
{@BLOCK|r74110|00
{@A-JUM|0|+4.674537E+07{@LIM2|+9.999999E+99|+5.650000E+03}}
}
{@BLOCK|r76218|00
{@A-JUM|0|+4.674729E+07{@LIM2|+9.999999E+99|+1.000000E+04}}
}
{@BLOCK|uwlan1_sp|00
{@A-JUM|0|+2.899546E+00{@LIM2|+4.920000E+02|+0.000000E+00}}
}
{@BLOCK|h43_sp|00
{@A-JUM|0|+2.701402E+00{@LIM2|+4.920000E+02|+0.000000E+00}}
}
{@BLOCK|h44_sp|00
{@A-JUM|0|+2.810985E+00{@LIM2|+4.920000E+02|+0.000000E+00}}
}
{@BLOCK|st5_sp|00
{@A-JUM|0|+2.921695E+00{@LIM2|+4.920000E+02|+0.000000E+00}}
}
{@BLOCK|st6_sp|00
{@A-JUM|0|+2.896409E+00{@LIM2|+4.920000E+02|+0.000000E+00}}
}
{@BLOCK|st7_sp|00
{@A-JUM|0|+2.806163E+00{@LIM2|+4.920000E+02|+0.000000E+00}}
}
{@BLOCK|st8_sp|00
{@A-JUM|0|+2.827718E+00{@LIM2|+4.920000E+02|+0.000000E+00}}
}
{@TS|0|000|000|000|shorts
}
{@BLOCK|c15038|00
{@A-CAP|0|+2.391103E-06{@LIM3|+2.100000E-06|+2.730000E-06|+1.470000E-06}}
}
{@BLOCK|pc1516|00
{@A-CAP|0|+4.208872E-04{@LIM3|+4.401010E-04|+5.721313E-04|+3.080100E-04}}
}
{@BLOCK|pc0802|00
{@A-CAP|0|+7.281278E-05{@LIM3|+6.620200E-05|+8.606260E-05|+4.633226E-05}}
}
{@BLOCK|c18001|00
{@A-CAP|0|+1.112529E-07{@LIM3|+1.180000E-07|+1.770000E-07|+5.900000E-08}}
}
{@BLOCK|c42001|00
{@A-CAP|0|+9.964538E-08{@LIM3|+1.000000E-07|+1.200000E-07|+8.000000E-08}}
}
{@BLOCK|c42002|00
{@A-CAP|0|+9.806298E-08{@LIM3|+9.000000E-08|+1.530000E-07|+2.700000E-08}}
}
{@BLOCK|c42003|00
{@A-CAP|0|+1.001796E-07{@LIM3|+1.000000E-07|+1.200000E-07|+8.000000E-08}}
}
{@BLOCK|c42004|00
{@A-CAP|0|+9.813396E-08{@LIM3|+1.000000E-07|+1.200000E-07|+8.000000E-08}}
}
{@BLOCK|c42005|00
{@A-CAP|0|+9.904638E-08{@LIM3|+1.000000E-07|+1.200000E-07|+8.000000E-08}}
}
{@BLOCK|c42006|00
{@A-CAP|0|+9.917210E-08{@LIM3|+1.000000E-07|+1.200000E-07|+8.000000E-08}}
}
{@BLOCK|c44010|00
{@A-CAP|0|+1.533536E-06{@LIM3|+1.540000E-06|+2.002000E-06|+1.078000E-06}}
}
{@BLOCK|c51105|00
{@A-CAP|0|+4.763334E-06{@LIM3|+3.910000E-06|+5.083000E-06|+2.737000E-06}}
}
{@BLOCK|c44009|00
{@A-CAP|0|+1.075952E-07{@LIM3|+1.000000E-07|+1.200000E-07|+8.000000E-08}}
}
{@BLOCK|c50401|00
{@A-CAP|0|+1.086707E-07{@LIM3|+1.000000E-07|+1.200000E-07|+8.000000E-08}}
}
{@BLOCK|c51101|00
{@A-CAP|0|+1.016948E-07{@LIM3|+1.000000E-07|+1.200000E-07|+8.000000E-08}}
}
{@BLOCK|c53104|00
{@A-CAP|0|+7.228241E-06{@LIM3|+6.440000E-06|+8.372000E-06|+4.508000E-06}}
}
{@BLOCK|c53125|00
{@A-CAP|0|+4.394491E-06{@LIM3|+4.800000E-06|+6.240000E-06|+3.360000E-06}}
}
{@BLOCK|pc0317|00
{@A-CAP|0|+1.655929E-04{@LIM3|+1.603050E-04|+2.083965E-04|+1.121914E-04}}
}
{@BLOCK|c63101|00
{@A-CAP|0|+1.390672E-06{@LIM3|+1.500000E-06|+1.950000E-06|+1.050000E-06}}
}
{@BLOCK|pc0510|00
{@A-CAP|0|+1.447923E-04{@LIM3|+1.437120E-04|+1.868256E-04|+1.005786E-04}}
}
{@BLOCK|c63403|00
{@A-CAP|0|+2.307898E-07{@LIM3|+2.000000E-07|+2.400000E-07|+1.600000E-07}}
}
{@BLOCK|c64101|00
{@A-CAP|0|+1.355131E-06{@LIM3|+1.500000E-06|+1.800000E-06|+1.050000E-06}}
}
{@BLOCK|c67201|00
{@A-CAP|0|+1.368768E-04{@LIM3|+1.502000E-04|+1.952600E-04|+1.049984E-04}}
}
{@BLOCK|c15002|00
{@A-CAP|0|+1.169313E-04{@LIM3|+1.146020E-04|+1.489826E-04|+8.020558E-05}}
}
{@BLOCK|c53126|00
{@A-CAP|0|+1.091434E-06{@LIM3|+1.000000E-06|+1.300000E-06|+7.000000E-07}}
}
{@BLOCK|c94001|00
{@A-CAP|0|+1.013149E-07{@LIM3|+1.000000E-07|+1.300000E-07|+7.000000E-08}}
}
{@BLOCK|c94002|00
{@A-CAP|0|+1.079259E-07{@LIM3|+1.000000E-07|+1.300000E-07|+8.000000E-08}}
}
{@BLOCK|c94003|00
{@A-CAP|0|+9.898973E-08{@LIM3|+1.000000E-07|+1.200000E-07|+8.000000E-08}}
}
{@BLOCK|c94004|00
{@A-CAP|0|+9.883828E-08{@LIM3|+1.000000E-07|+1.300000E-07|+7.000000E-08}}
}
{@BLOCK|c94005|00
{@A-CAP|0|+9.621697E-08{@LIM3|+1.000000E-07|+1.200000E-07|+8.000000E-08}}
}
{@BLOCK|c94007|00
{@A-CAP|0|+1.008685E-07{@LIM3|+1.000000E-07|+1.300000E-07|+7.000000E-08}}
}
{@BLOCK|c94008|00
{@A-CAP|0|+9.843233E-08{@LIM3|+1.000000E-07|+1.300000E-07|+7.000000E-08}}
}
{@BLOCK|c94009|00
{@A-CAP|0|+9.547800E-08{@LIM3|+1.000000E-07|+1.200000E-07|+8.000000E-08}}
}
{@BLOCK|c94010|00
{@A-CAP|0|+8.939366E-08{@LIM3|+1.000000E-07|+1.300000E-07|+7.000000E-08}}
}
{@BLOCK|c92004|00
{@A-CAP|0|+2.563977E-05{@LIM3|+3.231200E-05|+4.200560E-05|+2.261394E-05}}
}
{@BLOCK|c72001|00
{@A-CAP|0|+3.417986E-05{@LIM3|+3.032000E-05|+3.941600E-05|+2.122400E-05}}
}
{@BLOCK|c76103|00
{@A-CAP|0|+2.129994E-05{@LIM3|+2.340000E-05|+3.042000E-05|+1.637677E-05}}
}
{@BLOCK|c76106|00
{@A-CAP|0|+1.766012E-05{@LIM3|+1.710000E-05|+2.223000E-05|+1.196764E-05}}
}
{@BLOCK|c92007|00
{@A-CAP|0|+1.723494E-07{@LIM3|+1.500000E-07|+1.950000E-07|+1.050000E-07}}
}
{@BLOCK|c94101|00
{@A-CAP|0|+1.342170E-06{@LIM3|+1.410000E-06|+1.833000E-06|+9.870000E-07}}
}
{@BLOCK|c94108|00
{@A-CAP|0|+1.127025E-06{@LIM3|+1.200000E-06|+1.560000E-06|+8.400000E-07}}
}
{@BLOCK|pc0234|00
{@A-CAP|0|+1.264911E-04{@LIM3|+1.116290E-04|+1.451177E-04|+7.812490E-05}}
}
{@BLOCK|c94307|00
{@A-CAP|0|+1.200149E-09{@LIM3|+1.047000E-09|+1.413450E-09|+6.805500E-10}}
}
{@BLOCK|c95305|00
{@A-CAP|0|+1.171797E-07{@LIM3|+1.022000E-07|+1.379700E-07|+6.643000E-08}}
}
{@BLOCK|pc0003|00
{@A-CAP|0|+9.256246E-08{@LIM3|+1.000000E-07|+1.300000E-07|+7.000000E-08}}
}
{@BLOCK|c59012|00
{@A-CAP|0|+8.431219E-06{@LIM3|+8.800000E-06|+1.056000E-05|+7.040000E-06}}
}
{@BLOCK|c59006|00
{@A-CAP|0|+9.851441E-06{@LIM3|+8.800000E-06|+1.056000E-05|+7.040000E-06}}
}
{@BLOCK|pc0221|00
{@A-CAP|0|+2.072847E-05{@LIM3|+1.770000E-05|+2.124000E-05|+1.416000E-05}}
}
{@BLOCK|c59013|00
{@A-CAP|0|+2.092732E-04{@LIM3|+1.961020E-04|+2.549326E-04|+1.372443E-04}}
}
{@BLOCK|pc0939|00
{@A-CAP|0|+8.091230E-04{@LIM3|+9.212100E-04|+1.197573E-03|+6.435720E-04}}
}
{@BLOCK|pc1213|00
{@A-CAP|0|+9.609302E-08{@LIM3|+1.001000E-07|+1.301300E-07|+7.007000E-08}}
}
{@BLOCK|c95303|00
{@A-CAP|0|+4.441773E-10{@LIM3|+4.570000E-10|+5.629408E-10|+3.656000E-10}}
}
{@BLOCK|c45301|00
{@A-CAP|0|+1.036200E-08{@LIM3|+1.000000E-08|+1.200000E-08|+8.000000E-09}}
}
{@BLOCK|pc1402|00
{@A-CAP|0|+5.993698E-04{@LIM3|+5.770000E-04|+7.501000E-04|+4.038204E-04}}
}
{@BLOCK|pc1502|00
{@A-CAP|0|+1.111666E-03{@LIM3|+1.883000E-03|+2.824500E-03|+9.415000E-04}}
}
{@BLOCK|pc1106|00
{@A-CAP|0|+5.742211E-06{@LIM3|+4.700000E-06|+6.110000E-06|+3.290000E-06}}
}
{@BLOCK|pc1469|00
{@A-CAP|0|+7.987765E-05{@LIM3|+8.800000E-05|+1.144000E-04|+6.158786E-05}}
}
{@BLOCK|c17007|00
{@A-CAP|0|+3.778380E-04{@LIM3|+4.007000E-04|+5.209100E-04|+2.804347E-04}}
}
{@BLOCK|c44005|00
{@A-CAP|0|+9.806920E-07{@LIM3|+1.000000E-06|+1.300000E-06|+7.000000E-07}}
}
{@BLOCK|c50103|00
{@A-CAP|0|+1.047693E-06{@LIM3|+1.000000E-06|+1.300000E-06|+7.000000E-07}}
}
{@BLOCK|c50104|00
{@A-CAP|0|+1.033158E-06{@LIM3|+1.000000E-06|+1.300000E-06|+7.000000E-07}}
}
{@BLOCK|c54101|00
{@A-CAP|0|+9.006690E-06{@LIM3|+8.600000E-06|+1.118000E-05|+6.020000E-06}}
}
{@BLOCK|c94109|00
{@A-CAP|0|+9.910630E-07{@LIM3|+1.000000E-06|+1.300000E-06|+7.000000E-07}}
}
{@BLOCK|c15045|00
{@A-CAP|0|+1.646123E-05{@LIM3|+1.720000E-05|+2.236000E-05|+1.204000E-05}}
}
{@BLOCK|c15058|00
{@A-CAP|0|+1.544166E-05{@LIM3|+1.220000E-05|+1.708000E-05|+8.540000E-06}}
}
{@BLOCK|pc1584|00
{@A-CAP|0|+1.524727E-04{@LIM3|+1.348000E-04|+1.752400E-04|+9.434140E-05}}
}
{@BLOCK|c16016|00
{@A-CAP|0|+2.178844E-05{@LIM3|+2.240000E-05|+2.912000E-05|+1.568000E-05}}
}
{@BLOCK|c16018|00
{@A-CAP|0|+2.530124E-05{@LIM3|+2.140000E-05|+2.782000E-05|+1.498000E-05}}
}
{@BLOCK|c16020|00
{@A-CAP|0|+2.389822E-05{@LIM3|+1.940000E-05|+2.522000E-05|+1.358000E-05}}
}
{@BLOCK|c16022|00
{@A-CAP|0|+2.268752E-05{@LIM3|+1.940000E-05|+2.522000E-05|+1.358000E-05}}
}
{@BLOCK|pc1206|00
{@A-CAP|0|+2.469447E-05{@LIM3|+1.950000E-05|+2.632500E-05|+1.267500E-05}}
}
{@BLOCK|pc1591|00
{@A-CAP|0|+8.995445E-05{@LIM3|+8.080000E-05|+1.050400E-04|+5.654885E-05}}
}
{@BLOCK|c55111|00
{@A-CAP|0|+1.247604E-05{@LIM3|+1.220000E-05|+1.586000E-05|+8.540000E-06}}
}
{@BLOCK|c57109|00
{@A-CAP|0|+1.231800E-05{@LIM3|+1.220000E-05|+1.586000E-05|+8.540000E-06}}
}
{@BLOCK|c59004|00
{@A-CAP|0|+1.088209E-05{@LIM3|+1.000000E-05|+1.300000E-05|+7.000000E-06}}
}
{@BLOCK|pc0203|00
{@A-CAP|0|+6.840948E-05{@LIM3|+6.843300E-05|+8.896290E-05|+4.789366E-05}}
}
{@BLOCK|pc0940|00
{@A-CAP|0|+8.397851E-05{@LIM3|+8.800000E-05|+1.144000E-04|+6.158786E-05}}
}
{@BLOCK|c55114|00
{@A-CAP|0|+9.235469E-05{@LIM3|+9.240000E-05|+1.201200E-04|+6.466725E-05}}
}
{@BLOCK|c55121|00
{@A-CAP|0|+1.653900E-04{@LIM3|+1.386000E-04|+1.801800E-04|+9.700087E-05}}
}
{@BLOCK|c57112|00
{@A-CAP|0|+9.427463E-05{@LIM3|+9.240000E-05|+1.201200E-04|+6.466725E-05}}
}
{@BLOCK|c57119|00
{@A-CAP|0|+1.604097E-04{@LIM3|+1.386000E-04|+1.801800E-04|+9.700087E-05}}
}
{@BLOCK|pc1438|00
{@A-CAP|0|+3.605404E-04{@LIM3|+3.740000E-04|+4.862000E-04|+2.617484E-04}}
}
{@BLOCK|pc1559|00
{@A-CAP|0|+1.121668E-04{@LIM3|+1.100000E-04|+1.430000E-04|+7.698482E-05}}
}
{@BLOCK|pc0306|00
{@A-CAP|0|+2.241504E-06{@LIM3|+2.200000E-06|+2.860000E-06|+1.540000E-06}}
}
{@BLOCK|pc0924|00
{@A-CAP|0|+5.245612E-07{@LIM3|+4.650000E-07|+6.277500E-07|+3.720000E-07}}
}
{@BLOCK|pc0926|00
{@A-CAP|0|+4.797550E-07{@LIM3|+4.700000E-07|+5.640000E-07|+3.760000E-07}}
}
{@BLOCK|c51103|00
{@A-CAP|0|+2.349285E-06{@LIM3|+2.200000E-06|+2.640000E-06|+1.760000E-06}}
}
{@BLOCK|c55109|00
{@A-CAP|0|+2.176408E-06{@LIM3|+2.200000E-06|+2.640000E-06|+1.540000E-06}}
}
{@BLOCK|c57107|00
{@A-CAP|0|+2.370057E-06{@LIM3|+2.200000E-06|+2.640000E-06|+1.760000E-06}}
}
{@BLOCK|c83405|00
{@A-CAP|0|+2.253808E-06{@LIM3|+2.200000E-06|+2.640000E-06|+1.540000E-06}}
}
{@BLOCK|c83406|00
{@A-CAP|0|+2.184312E-06{@LIM3|+2.200000E-06|+2.640000E-06|+1.760000E-06}}
}
{@BLOCK|pc0230|00
{@A-CAP|0|+2.983958E-06{@LIM3|+2.800000E-06|+4.200000E-06|+1.400000E-06}}
}
{@BLOCK|pc0901|00
{@A-CAP|0|+6.996099E-05{@LIM3|+5.980000E-05|+8.073000E-05|+4.186000E-05}}
}
{@BLOCK|pc0231|00
{@A-CAP|0|+2.865603E-06{@LIM3|+2.800000E-06|+3.640000E-06|+2.240000E-06}}
}
{@BLOCK|c55103|00
{@A-CAP|0|+8.000342E-10{@LIM3|+6.000000E-10|+8.100000E-10|+3.900000E-10}}
}
{@BLOCK|pc0905|00
{@A-CAP|0|+5.226247E-06{@LIM3|+4.700000E-06|+6.110000E-06|+3.290000E-06}}
}
{@BLOCK|c59007|00
{@A-CAP|0|+4.460871E-10{@LIM3|+4.500000E-10|+5.850000E-10|+3.150000E-10}}
}
{@BLOCK|c59008|00
{@A-CAP|0|+4.314246E-10{@LIM3|+4.500000E-10|+5.850000E-10|+3.150000E-10}}
}
{@BLOCK|c59017|00
{@A-CAP|0|+4.109554E-10{@LIM3|+3.300000E-10|+4.455000E-10|+2.145000E-10}}
}
{@BLOCK|c59018|00
{@A-CAP|0|+4.159237E-10{@LIM3|+4.300000E-10|+5.590000E-10|+3.010000E-10}}
}
{@BLOCK|pc0102|00
{@A-CAP|0|+2.066963E-09{@LIM3|+2.200000E-09|+2.640000E-09|+1.760000E-09}}
}
{@BLOCK|c83414|00
{@A-CAP|0|+1.178836E-09{@LIM3|+1.000000E-09|+1.300000E-09|+7.000000E-10}}
}
{@BLOCK|c83415|00
{@A-CAP|0|+1.152441E-09{@LIM3|+1.000000E-09|+1.300000E-09|+7.000000E-10}}
}
{@BLOCK|c83416|00
{@A-CAP|0|+1.141541E-09{@LIM3|+1.000000E-09|+1.300000E-09|+7.000000E-10}}
}
{@BLOCK|c83417|00
{@A-CAP|0|+1.212516E-09{@LIM3|+1.000000E-09|+1.350000E-09|+7.000000E-10}}
}
{@BLOCK|c84401|00
{@A-CAP|0|+9.990150E-10{@LIM3|+1.000000E-09|+1.177000E-09|+8.000000E-10}}
}
{@BLOCK|c84402|00
{@A-CAP|0|+1.111603E-09{@LIM3|+1.000000E-09|+1.177000E-09|+8.000000E-10}}
}
{@BLOCK|c94306|00
{@A-CAP|0|+1.147426E-09{@LIM3|+1.000000E-09|+1.250000E-09|+8.000000E-10}}
}
{@BLOCK|pc0005|00
{@A-CAP|0|+1.168808E-09{@LIM3|+1.000000E-09|+1.300000E-09|+7.000000E-10}}
}
{@BLOCK|pr0003|00
{@A-RES|0|+9.923574E+04{@LIM3|+1.000000E+05|+1.150000E+05|+8.500000E+04}}
}
{@BLOCK|pr0007|00
{@A-RES|0|+1.003748E+05{@LIM3|+1.000000E+05|+1.150000E+05|+8.500000E+04}}
}
{@BLOCK|pr0212|00
{@A-RES|0|+1.008159E+05{@LIM3|+1.000000E+05|+1.150000E+05|+8.500000E+04}}
}
{@BLOCK|pr0802|00
{@A-RES|0|+9.930435E+04{@LIM3|+1.000000E+05|+1.150000E+05|+8.500000E+04}}
}
{@BLOCK|pr1601|00
{@A-RES|0|+1.001183E+05{@LIM3|+1.000000E+05|+1.150000E+05|+8.500000E+04}}
}
{@BLOCK|pr1602|00
{@A-RES|0|+9.966212E+04{@LIM3|+1.000000E+05|+1.150000E+05|+8.500000E+04}}
}
{@BLOCK|pr1603|00
{@A-RES|0|+9.930435E+04{@LIM3|+1.000000E+05|+1.150000E+05|+8.500000E+04}}
}
{@BLOCK|pr1604|00
{@A-RES|0|+9.873100E+04{@LIM3|+1.000000E+05|+1.150000E+05|+8.500000E+04}}
}
{@BLOCK|pr1648|00
{@A-RES|0|+1.003025E+05{@LIM3|+1.000000E+05|+1.150000E+05|+8.500000E+04}}
}
{@BLOCK|r05008|00
{@A-RES|0|+9.693996E+04{@LIM3|+1.000000E+05|+1.150000E+05|+8.500000E+04}}
}
{@BLOCK|r05011|00
{@A-RES|0|+9.908363E+04{@LIM3|+1.000000E+05|+1.150000E+05|+8.500000E+04}}
}
{@BLOCK|r05013|00
{@A-RES|0|+9.128871E+04{@LIM3|+1.000000E+05|+1.250000E+05|+7.500000E+04}}
}
{@BLOCK|r05014|00
{@A-RES|0|+9.936623E+04{@LIM3|+1.000000E+05|+1.150000E+05|+8.500000E+04}}
}
{@BLOCK|r12006|00
{@A-RES|0|+9.840045E+04{@LIM3|+1.000000E+05|+1.150000E+05|+8.500000E+04}}
}
{@BLOCK|r12016|00
{@A-RES|0|+9.960200E+03{@LIM3|+1.000000E+04|+1.100000E+04|+9.000000E+03}}
}
{@BLOCK|r12010|00
{@A-RES|0|+9.839015E+04{@LIM3|+1.000000E+05|+1.150000E+05|+8.500000E+04}}
}
{@BLOCK|r12012|00
{@A-RES|0|+9.543496E+04{@LIM3|+1.000000E+05|+1.150000E+05|+8.500000E+04}}
}
{@BLOCK|pr1315|00
{@A-RES|0|+4.661763E+02{@LIM3|+5.201000E+02|+6.501250E+02|+3.900750E+02}}
}
{@BLOCK|r41008|00
{@A-RES|0|+1.001716E+05{@LIM3|+1.000000E+05|+1.150000E+05|+8.500000E+04}}
}
{@BLOCK|r42009|00
{@A-RES|0|+9.934630E+04{@LIM3|+1.000000E+05|+1.150000E+05|+8.500000E+04}}
}
{@BLOCK|r42010|00
{@A-RES|0|+9.908465E+04{@LIM3|+1.000000E+05|+1.150000E+05|+8.500000E+04}}
}
{@BLOCK|r42028|00
{@A-RES|0|+9.878284E+04{@LIM3|+1.000000E+05|+1.150000E+05|+8.500000E+04}}
}
{@BLOCK|r43012|00
{@A-RES|0|+9.996933E+04{@LIM3|+1.000000E+05|+1.150000E+05|+8.500000E+04}}
}
{@BLOCK|r43013|00
{@A-RES|0|+9.971495E+04{@LIM3|+1.000000E+05|+1.150000E+05|+8.500000E+04}}
}
{@BLOCK|r43015|00
{@A-RES|0|+9.922054E+04{@LIM3|+1.000000E+05|+1.150000E+05|+8.500000E+04}}
}
{@BLOCK|r43018|00
{@A-RES|0|+1.001452E+05{@LIM3|+1.000000E+05|+1.150000E+05|+8.500000E+04}}
}
{@BLOCK|r43019|00
{@A-RES|0|+1.004176E+05{@LIM3|+1.000000E+05|+1.150000E+05|+8.500000E+04}}
}
{@BLOCK|r43020|00
{@A-RES|0|+1.001102E+05{@LIM3|+1.000000E+05|+1.150000E+05|+8.500000E+04}}
}
{@BLOCK|r43024|00
{@A-RES|0|+1.005705E+05{@LIM3|+1.000000E+05|+1.150000E+05|+8.500000E+04}}
}
{@BLOCK|r43028|00
{@A-RES|0|+9.910553E+04{@LIM3|+1.000000E+05|+1.150000E+05|+8.500000E+04}}
}
{@BLOCK|r43032|00
{@A-RES|0|+5.175784E+04{@LIM3|+5.000000E+04|+5.750000E+04|+4.250000E+04}}
}
{@BLOCK|r43033|00
{@A-RES|0|+1.004069E+05{@LIM3|+1.000000E+05|+1.150000E+05|+8.500000E+04}}
}
{@BLOCK|r43035|00
{@A-RES|0|+9.964101E+04{@LIM3|+1.000000E+05|+1.150000E+05|+8.500000E+04}}
}
{@BLOCK|r45232|00
{@A-RES|0|+9.919961E+04{@LIM3|+1.000000E+05|+1.150000E+05|+8.500000E+04}}
}
{@BLOCK|r45233|00
{@A-RES|0|+1.001183E+05{@LIM3|+1.000000E+05|+1.150000E+05|+8.500000E+04}}
}
{@BLOCK|r46205|00
{@A-RES|0|+9.877247E+04{@LIM3|+1.000000E+05|+1.150000E+05|+8.500000E+04}}
}
{@BLOCK|r46209|00
{@A-RES|0|+6.511111E+04{@LIM3|+6.000000E+04|+8.100000E+04|+3.900000E+04}}
}
{@BLOCK|pc0202|00
{@A-CAP|0|+4.370136E-08{@LIM3|+4.700000E-08|+5.640000E-08|+3.760000E-08}}
}
{@BLOCK|r41012|00
{@A-RES|0|+9.922910E+04{@LIM3|+1.000000E+05|+1.150000E+05|+8.500000E+04}}
}
{@BLOCK|r42008|00
{@A-RES|0|+1.003334E+05{@LIM3|+1.000000E+05|+1.150000E+05|+8.500000E+04}}
}
{@BLOCK|r42020|00
{@A-RES|0|+9.937922E+04{@LIM3|+1.000000E+05|+1.150000E+05|+8.500000E+04}}
}
{@BLOCK|r44003|00
{@A-RES|0|+9.902608E+04{@LIM3|+1.000000E+05|+1.150000E+05|+8.500000E+04}}
}
{@BLOCK|r45231|00
{@A-RES|0|+9.896214E+04{@LIM3|+1.000000E+05|+1.150000E+05|+8.500000E+04}}
}
{@BLOCK|r46201|00
{@A-RES|0|+1.009169E+05{@LIM3|+1.000000E+05|+1.150000E+05|+8.500000E+04}}
}
{@BLOCK|r50004|00
{@A-RES|0|+9.970245E+04{@LIM3|+1.000000E+05|+1.150000E+05|+8.500000E+04}}
}
{@BLOCK|r46210|00
{@A-RES|0|+6.465003E+04{@LIM3|+6.000000E+04|+8.100000E+04|+3.900000E+04}}
}
{@BLOCK|r46211|00
{@A-RES|0|+6.354559E+04{@LIM3|+6.000000E+04|+8.100000E+04|+3.900000E+04}}
}
{@BLOCK|r51216|00
{@A-RES|0|+9.951449E+04{@LIM3|+1.000000E+05|+1.150000E+05|+8.500000E+04}}
}
{@BLOCK|r51219|00
{@A-RES|0|+9.912207E+04{@LIM3|+1.000000E+05|+1.150000E+05|+8.500000E+04}}
}
{@BLOCK|r05015|00
{@A-RES|0|+9.954609E+04{@LIM3|+1.000000E+05|+1.110000E+05|+8.900000E+04}}
}
{@BLOCK|r58003|00
{@A-RES|0|+9.914771E+04{@LIM3|+1.000000E+05|+1.150000E+05|+8.500000E+04}}
}
{@BLOCK|r58012|00
{@A-RES|0|+9.946187E+04{@LIM3|+1.000000E+05|+1.150000E+05|+8.500000E+04}}
}
{@BLOCK|r58015|00
{@A-RES|0|+9.831816E+04{@LIM3|+1.000000E+05|+1.150000E+05|+8.500000E+04}}
}
{@BLOCK|r58016|00
{@A-RES|0|+9.823600E+04{@LIM3|+1.000000E+05|+1.150000E+05|+8.500000E+04}}
}
{@BLOCK|r59019|00
{@A-RES|0|+1.000472E+05{@LIM3|+1.000000E+05|+1.150000E+05|+8.500000E+04}}
}
{@BLOCK|r59020|00
{@A-RES|0|+9.950977E+04{@LIM3|+1.000000E+05|+1.250000E+05|+7.500000E+04}}
}
{@BLOCK|r59021|00
{@A-RES|0|+1.009674E+05{@LIM3|+1.000000E+05|+1.150000E+05|+8.500000E+04}}
}
{@BLOCK|r59022|00
{@A-RES|0|+9.963045E+04{@LIM3|+1.000000E+05|+1.150000E+05|+8.500000E+04}}
}
{@BLOCK|r59028|00
{@A-RES|0|+9.905334E+04{@LIM3|+1.000000E+05|+1.150000E+05|+8.500000E+04}}
}
{@BLOCK|r59029|00
{@A-RES|0|+9.898037E+04{@LIM3|+1.000000E+05|+1.150000E+05|+8.500000E+04}}
}
{@BLOCK|r59030|00
{@A-RES|0|+9.971495E+04{@LIM3|+1.000000E+05|+1.150000E+05|+8.500000E+04}}
}
{@BLOCK|r72002|00
{@A-RES|0|+1.011297E+05{@LIM3|+1.000000E+05|+1.150000E+05|+8.500000E+04}}
}
{@BLOCK|r76217|00
{@A-RES|0|+9.856544E+04{@LIM3|+1.000000E+05|+1.150000E+05|+8.500000E+04}}
}
{@BLOCK|r84204|00
{@A-RES|0|+9.991677E+04{@LIM3|+1.000000E+05|+1.150000E+05|+8.500000E+04}}
}
{@BLOCK|r85205|00
{@A-RES|0|+9.954045E+04{@LIM3|+1.000000E+05|+1.150000E+05|+8.500000E+04}}
}
{@BLOCK|r05012|00
{@A-RES|0|+9.956717E+04{@LIM3|+1.000000E+05|+1.110000E+05|+8.900000E+04}}
}
{@BLOCK|pr0006|00
{@A-RES|0|+3.274233E+04{@LIM3|+3.300000E+04|+3.795000E+04|+2.805000E+04}}
}
{@BLOCK|r74205|00
{@A-RES|0|+3.289635E+04{@LIM3|+3.300000E+04|+3.630000E+04|+2.970000E+04}}
}
{@BLOCK|pr0008|00
{@A-RES|0|+9.785965E+03{@LIM3|+1.000000E+04|+1.100000E+04|+9.000000E+03}}
}
{@BLOCK|pr0012|00
{@A-RES|0|+1.011398E+04{@LIM3|+1.000000E+04|+1.100000E+04|+9.000000E+03}}
}
{@BLOCK|pr1016|00
{@A-RES|0|+1.012868E+04{@LIM3|+1.000000E+04|+1.100000E+04|+9.000000E+03}}
}
{@BLOCK|pr1109|00
{@A-RES|0|+9.931908E+03{@LIM3|+1.000000E+04|+1.100000E+04|+9.000000E+03}}
}
{@BLOCK|pr1215|00
{@A-RES|0|+9.957140E+03{@LIM3|+1.000000E+04|+1.100000E+04|+9.000000E+03}}
}
{@BLOCK|pr1314|00
{@A-RES|0|+1.012160E+04{@LIM3|+1.000000E+04|+1.100000E+04|+9.000000E+03}}
}
{@BLOCK|pr1628|00
{@A-RES|0|+1.005775E+04{@LIM3|+1.000000E+04|+1.100000E+04|+9.000000E+03}}
}
{@BLOCK|r05016|00
{@A-RES|0|+9.452339E+03{@LIM3|+1.000000E+04|+1.100000E+04|+9.000000E+03}}
}
{@BLOCK|r05017|00
{@A-RES|0|+9.950293E+03{@LIM3|+1.000000E+04|+1.100000E+04|+9.000000E+03}}
}
{@BLOCK|r92002|00
{@A-RES|0|+9.738293E+04{@LIM3|+1.000000E+05|+1.350000E+05|+6.500000E+04}}
}
{@BLOCK|r11001|00
{@A-RES|0|+1.001346E+04{@LIM3|+1.000000E+04|+1.100000E+04|+9.000000E+03}}
}
{@BLOCK|r41001|00
{@A-RES|0|+9.975460E+03{@LIM3|+1.000000E+04|+1.100000E+04|+9.000000E+03}}
}
{@BLOCK|r41002|00
{@A-RES|0|+9.944195E+03{@LIM3|+1.000000E+04|+1.100000E+04|+9.000000E+03}}
}
{@BLOCK|r42004|00
{@A-RES|0|+9.995507E+03{@LIM3|+1.000000E+04|+1.100000E+04|+9.000000E+03}}
}
{@BLOCK|r42006|00
{@A-RES|0|+1.004406E+04{@LIM3|+1.000000E+04|+1.100000E+04|+9.000000E+03}}
}
{@BLOCK|r43004|00
{@A-RES|0|+1.001891E+04{@LIM3|+1.000000E+04|+1.100000E+04|+9.000000E+03}}
}
{@BLOCK|r43005|00
{@A-RES|0|+9.983577E+03{@LIM3|+1.000000E+04|+1.100000E+04|+9.000000E+03}}
}
{@BLOCK|r07011|00
{@A-RES|0|+9.881826E+03{@LIM3|+1.000000E+04|+1.100000E+04|+8.000000E+03}}
}
{@BLOCK|r07019|00
{@A-RES|0|+9.981970E+03{@LIM3|+1.000000E+04|+1.100000E+04|+9.000000E+03}}
}
{@BLOCK|r09001|00
{@A-RES|0|+1.004325E+04{@LIM3|+1.000000E+04|+1.100000E+04|+9.000000E+03}}
}
{@BLOCK|r12009|00
{@A-RES|0|+9.907326E+03{@LIM3|+1.000000E+04|+1.100000E+04|+9.000000E+03}}
}
{@BLOCK|r12015|00
{@A-RES|0|+1.096648E+04{@LIM3|+1.000000E+04|+1.100000E+04|+9.000000E+03}}
}
{@BLOCK|r18001|00
{@A-RES|0|+9.866025E+03{@LIM3|+1.000000E+04|+1.100000E+04|+9.000000E+03}}
}
{@BLOCK|r44012|00
{@A-RES|0|+9.794116E+03{@LIM3|+1.000000E+04|+1.100000E+04|+9.000000E+03}}
}
{@BLOCK|r44017|00
{@A-RES|0|+9.977206E+03{@LIM3|+1.000000E+04|+1.100000E+04|+9.000000E+03}}
}
{@BLOCK|r43023|00
{@A-RES|0|+1.004296E+04{@LIM3|+1.000000E+04|+1.100000E+04|+9.000000E+03}}
}
{@BLOCK|r45202|00
{@A-RES|0|+9.989539E+03{@LIM3|+1.000000E+04|+1.100000E+04|+9.000000E+03}}
}
{@BLOCK|r45203|00
{@A-RES|0|+9.962499E+03{@LIM3|+1.000000E+04|+1.100000E+04|+9.000000E+03}}
}
{@BLOCK|r45204|00
{@A-RES|0|+1.005394E+04{@LIM3|+1.000000E+04|+1.100000E+04|+9.000000E+03}}
}
{@BLOCK|r45205|00
{@A-RES|0|+9.960342E+03{@LIM3|+1.000000E+04|+1.100000E+04|+9.000000E+03}}
}
{@BLOCK|r45206|00
{@A-RES|0|+9.937751E+03{@LIM3|+1.000000E+04|+1.100000E+04|+9.000000E+03}}
}
{@BLOCK|r45207|00
{@A-RES|0|+9.949572E+03{@LIM3|+1.000000E+04|+1.100000E+04|+9.000000E+03}}
}
{@BLOCK|r45208|00
{@A-RES|0|+1.005559E+04{@LIM3|+1.000000E+04|+1.100000E+04|+9.000000E+03}}
}
{@BLOCK|r46204|00
{@A-RES|0|+1.006367E+04{@LIM3|+1.000000E+04|+1.100000E+04|+9.000000E+03}}
}
{@BLOCK|r46206|00
{@A-RES|0|+9.898464E+03{@LIM3|+1.000000E+04|+1.100000E+04|+9.000000E+03}}
}
{@BLOCK|r48202|00
{@A-RES|0|+1.044529E+04{@LIM3|+1.000000E+04|+1.100000E+04|+9.000000E+03}}
}
{@BLOCK|r53222|00
{@A-RES|0|+1.004004E+04{@LIM3|+1.000000E+04|+1.100000E+04|+9.000000E+03}}
}
{@BLOCK|r54215|00
{@A-RES|0|+9.977515E+03{@LIM3|+1.000000E+04|+1.100000E+04|+9.000000E+03}}
}
{@BLOCK|r56206|00
{@A-RES|0|+9.934530E+03{@LIM3|+1.000000E+04|+1.100000E+04|+9.000000E+03}}
}
{@BLOCK|r56208|00
{@A-RES|0|+9.941355E+03{@LIM3|+1.000000E+04|+1.100000E+04|+9.000000E+03}}
}
{@BLOCK|r59004|00
{@A-RES|0|+9.918294E+03{@LIM3|+1.000000E+04|+1.100000E+04|+9.000000E+03}}
}
{@BLOCK|r45209|00
{@A-RES|0|+1.003202E+04{@LIM3|+1.000000E+04|+1.100000E+04|+9.000000E+03}}
}
{@BLOCK|r46212|00
{@A-RES|0|+9.960881E+03{@LIM3|+1.000000E+04|+1.100000E+04|+9.000000E+03}}
}
{@BLOCK|r46214|00
{@A-RES|0|+9.990623E+03{@LIM3|+1.000000E+04|+1.100000E+04|+9.000000E+03}}
}
{@BLOCK|r58001|00
{@A-RES|0|+1.007058E+04{@LIM3|+1.000000E+04|+1.150000E+04|+8.500000E+03}}
}
{@BLOCK|r70208|00
{@A-RES|0|+1.000801E+04{@LIM3|+1.000000E+04|+1.100000E+04|+9.000000E+03}}
}
{@BLOCK|r76209|00
{@A-RES|0|+1.002377E+04{@LIM3|+1.000000E+04|+1.100000E+04|+9.000000E+03}}
}
{@BLOCK|r76214|00
{@A-RES|0|+1.008757E+04{@LIM3|+1.000000E+04|+1.100000E+04|+9.000000E+03}}
}
{@BLOCK|r84203|00
{@A-RES|0|+9.895536E+03{@LIM3|+1.000000E+04|+1.100000E+04|+9.000000E+03}}
}
{@BLOCK|r74210|00
{@A-RES|0|+1.002399E+04{@LIM3|+1.000000E+04|+1.100000E+04|+9.000000E+03}}
}
{@BLOCK|r74213|00
{@A-RES|0|+1.002612E+04{@LIM3|+1.000000E+04|+1.100000E+04|+9.000000E+03}}
}
{@BLOCK|r76210|00
{@A-RES|0|+1.009228E+04{@LIM3|+1.000000E+04|+1.100000E+04|+9.000000E+03}}
}
{@BLOCK|r76213|00
{@A-RES|0|+1.000179E+04{@LIM3|+1.000000E+04|+1.100000E+04|+9.000000E+03}}
}
{@BLOCK|r83203|00
{@A-RES|0|+9.915680E+03{@LIM3|+1.000000E+04|+1.100000E+04|+9.000000E+03}}
}
{@BLOCK|r83204|00
{@A-RES|0|+1.002837E+04{@LIM3|+1.000000E+04|+1.150000E+04|+8.500000E+03}}
}
{@BLOCK|r94206|00
{@A-RES|0|+9.913858E+03{@LIM3|+1.000000E+04|+1.100000E+04|+9.000000E+03}}
}
{@BLOCK|r06005|00
{@A-RES|0|+4.666729E+03{@LIM3|+4.700000E+03|+5.170000E+03|+4.230000E+03}}
}
{@BLOCK|r98205|00
{@A-RES|0|+9.993635E+03{@LIM3|+1.000000E+04|+1.100000E+04|+9.000000E+03}}
}
{@BLOCK|pr0009|00
{@A-RES|0|+9.951449E+04{@LIM3|+1.000000E+05|+1.110000E+05|+8.900000E+04}}
}
{@BLOCK|pr0710|00
{@A-RES|0|+9.925195E+04{@LIM3|+1.000000E+05|+1.110000E+05|+8.900000E+04}}
}
{@BLOCK|pr1107|00
{@A-RES|0|+9.963045E+04{@LIM3|+1.000000E+05|+1.110000E+05|+8.900000E+04}}
}
{@BLOCK|r92001|00
{@A-RES|0|+9.968934E+04{@LIM3|+1.000000E+05|+1.110000E+05|+8.900000E+04}}
}
{@BLOCK|r07003|00
{@A-RES|0|+9.957068E+02{@LIM3|+1.000000E+03|+1.100000E+03|+9.000000E+02}}
}
{@BLOCK|r07005|00
{@A-RES|0|+1.000581E+03{@LIM3|+1.000000E+03|+1.100000E+03|+9.000000E+02}}
}
{@BLOCK|r07007|00
{@A-RES|0|+9.986680E+02{@LIM3|+1.000000E+03|+1.100000E+03|+9.000000E+02}}
}
{@BLOCK|r07009|00
{@A-RES|0|+9.985620E+02{@LIM3|+1.000000E+03|+1.100000E+03|+9.000000E+02}}
}
{@BLOCK|r07010|00
{@A-RES|0|+9.951799E+02{@LIM3|+1.000000E+03|+1.100000E+03|+9.000000E+02}}
}
{@BLOCK|r12008|00
{@A-RES|0|+1.006795E+03{@LIM3|+1.000000E+03|+1.100000E+03|+9.000000E+02}}
}
{@BLOCK|r20002|00
{@A-RES|0|+1.004161E+03{@LIM3|+1.000000E+03|+1.100000E+03|+9.000000E+02}}
}
{@BLOCK|r20014|00
{@A-RES|0|+9.942328E+02{@LIM3|+1.000000E+03|+1.100000E+03|+9.000000E+02}}
}
{@BLOCK|r20015|00
{@A-RES|0|+1.043327E+03{@LIM3|+1.000000E+03|+1.100000E+03|+9.000000E+02}}
}
{@BLOCK|r20016|00
{@A-RES|0|+1.003732E+03{@LIM3|+1.000000E+03|+1.100000E+03|+9.000000E+02}}
}
{@BLOCK|r43017|00
{@A-RES|0|+1.013797E+03{@LIM3|+1.000000E+03|+1.100000E+03|+9.000000E+02}}
}
{@BLOCK|r50207|00
{@A-RES|0|+9.383693E+02{@LIM3|+1.000000E+03|+1.100000E+03|+9.000000E+02}}
}
{@BLOCK|r58008|00
{@A-RES|0|+9.986150E+02{@LIM3|+1.000000E+03|+1.100000E+03|+9.000000E+02}}
}
{@BLOCK|r58009|00
{@A-RES|0|+1.016372E+03{@LIM3|+1.000000E+03|+1.100000E+03|+9.000000E+02}}
}
{@BLOCK|r76206|00
{@A-RES|0|+1.005611E+03{@LIM3|+1.000000E+03|+1.100000E+03|+9.000000E+02}}
}
{@BLOCK|r45201|00
{@A-RES|0|+1.994686E+04{@LIM3|+2.000000E+04|+2.200000E+04|+1.800000E+04}}
}
{@BLOCK|r50002|00
{@A-RES|0|+2.001622E+04{@LIM3|+2.000000E+04|+2.200000E+04|+1.800000E+04}}
}
{@BLOCK|r50003|00
{@A-RES|0|+1.990394E+04{@LIM3|+2.000000E+04|+2.200000E+04|+1.800000E+04}}
}
{@BLOCK|pr1653|00
{@A-RES|0|+9.853679E+05{@LIM3|+1.000000E+06|+1.250000E+06|+7.500000E+05}}
}
{@BLOCK|r58013|00
{@A-RES|0|+9.740969E+05{@LIM3|+1.000000E+06|+1.250000E+06|+7.500000E+05}}
}
{@BLOCK|pr0803|00
{@A-JUM|0|+3.254175E+00{@LIM2|+1.500000E+01|+0.000000E+00}}
}
{@BLOCK|pr0809|00
{@A-JUM|0|+3.533146E+00{@LIM2|+1.500000E+01|+0.000000E+00}}
}
{@BLOCK|r14002|00
{@A-JUM|0|+4.135679E+00{@LIM2|+1.500000E+01|+0.000000E+00}}
}
{@BLOCK|r15007|00
{@A-JUM|0|+3.687378E+00{@LIM2|+1.500000E+01|+0.000000E+00}}
}
{@BLOCK|r16001|00
{@A-JUM|0|+3.712043E+00{@LIM2|+1.500000E+01|+0.000000E+00}}
}
{@BLOCK|r16002|00
{@A-JUM|0|+3.538647E+00{@LIM2|+1.500000E+01|+0.000000E+00}}
}
{@BLOCK|r17002|00
{@A-JUM|0|+3.231043E+00{@LIM2|+1.500000E+01|+0.000000E+00}}
}
{@BLOCK|r17003|00
{@A-JUM|0|+3.455132E+00{@LIM2|+1.500000E+01|+0.000000E+00}}
}
{@BLOCK|r17004|00
{@A-JUM|0|+3.035409E+00{@LIM2|+1.500000E+01|+0.000000E+00}}
}
{@BLOCK|r17006|00
{@A-JUM|0|+3.000486E+00{@LIM2|+1.500000E+01|+0.000000E+00}}
}
{@BLOCK|pr1649|00
{@A-RES|0|+1.032918E+02{@LIM3|+1.000000E+02|+1.150000E+02|+9.000000E+01}}
}
{@BLOCK|pr1650|00
{@A-RES|0|+1.342752E+02{@LIM3|+1.000000E+02|+1.550000E+02|+4.500000E+01}}
}
{@BLOCK|r13001|00
{@A-RES|0|+1.037457E+02{@LIM3|+1.000000E+02|+1.150000E+02|+9.000000E+01}}
}
{@BLOCK|r45227|00
{@A-RES|0|+1.022821E+02{@LIM3|+1.000000E+02|+1.150000E+02|+9.000000E+01}}
}
{@BLOCK|r45229|00
{@A-RES|0|+1.022044E+02{@LIM3|+1.000000E+02|+1.150000E+02|+9.000000E+01}}
}
{@BLOCK|r45230|00
{@A-RES|0|+1.022321E+02{@LIM3|+1.000000E+02|+1.150000E+02|+9.000000E+01}}
}
{@BLOCK|pr0206|00
{@A-RES|0|+9.997357E+03{@LIM3|+1.470000E+04|+1.852200E+04|+9.408000E+03}}
}
{@BLOCK|r43031|00
{@A-RES|0|+7.890477E+01{@LIM3|+7.500000E+01|+8.750002E+01|+6.750000E+01}}
}
{@BLOCK|pr0208|00
{@A-RES|0|+1.023182E+01{@LIM3|+1.000000E+01|+1.350000E+01|+6.500000E+00}}
}
{@BLOCK|pr0230|00
{@A-RES|0|+1.010713E+01{@LIM3|+1.000000E+01|+1.350000E+01|+6.500000E+00}}
}
{@BLOCK|pr0210|00
{@A-RES|0|+1.725070E+05{@LIM3|+1.370000E+05|+1.849500E+05|+8.905000E+04}}
}
{@BLOCK|pr1206|00
{@A-RES|0|+1.001270E+04{@LIM3|+1.000000E+04|+1.060000E+04|+9.400000E+03}}
}
{@BLOCK|rt42001|00
{@A-RES|0|+1.120749E+04{@LIM3|+1.000000E+04|+1.500000E+04|+5.000000E+03}}
}
{@BLOCK|rt42002|00
{@A-RES|0|+1.113666E+04{@LIM3|+1.000000E+04|+1.500000E+04|+5.000000E+03}}
}
{@BLOCK|rt42003|00
{@A-RES|0|+1.118704E+04{@LIM3|+1.000000E+04|+1.500000E+04|+5.000000E+03}}
}
{@BLOCK|rt42004|00
{@A-RES|0|+1.119848E+04{@LIM3|+1.000000E+04|+1.500000E+04|+5.000000E+03}}
}
{@BLOCK|rt42005|00
{@A-RES|0|+1.110680E+04{@LIM3|+1.000000E+04|+1.500000E+04|+5.000000E+03}}
}
{@BLOCK|rt42006|00
{@A-RES|0|+1.126430E+04{@LIM3|+1.000000E+04|+1.500000E+04|+5.000000E+03}}
}
{@BLOCK|r44010|00
{@A-RES|0|+5.022018E+02{@LIM3|+4.990000E+02|+5.289400E+02|+4.690600E+02}}
}
{@BLOCK|r44011|00
{@A-RES|0|+5.023091E+02{@LIM3|+4.990000E+02|+5.289400E+02|+4.690600E+02}}
}
{@BLOCK|r64202|00
{@A-RES|0|+9.915776E+05{@LIM3|+1.000000E+06|+1.210000E+06|+7.900000E+05}}
}
{@BLOCK|pr1101|00
{@A-JUM|0|+4.156932E+00{@LIM2|+1.500000E+01|+0.000000E+00}}
}
{@BLOCK|pr1605|00
{@A-RES|0|+1.232713E+02{@LIM3|+1.200000E+02|+1.297000E+02|+1.128000E+02}}
}
{@BLOCK|pr1629|00
{@A-RES|0|+8.471712E+01{@LIM3|+8.200000E+01|+9.192003E+01|+7.708000E+01}}
}
{@BLOCK|pr1651|00
{@A-RES|0|+4.792612E+02{@LIM3|+4.700000E+02|+6.110000E+02|+4.230000E+02}}
}
{@BLOCK|pr1652|00
{@A-RES|0|+4.979328E+01{@LIM3|+4.700000E+01|+5.670000E+01|+4.230000E+01}}
}
{@BLOCK|r83202|00
{@A-RES|0|+4.920659E+01{@LIM3|+4.700000E+01|+5.670000E+01|+4.230000E+01}}
}
{@BLOCK|prt0001|00
{@A-RES|0|+6.630621E+02{@LIM3|+5.400000E+02|+7.290000E+02|+3.510000E+02}}
}
{@BLOCK|prt0002|00
{@A-RES|0|+6.586033E+02{@LIM3|+5.400000E+02|+7.290000E+02|+3.510000E+02}}
}
{@BLOCK|pr0305|00
{@A-RES|0|+9.897279E+04{@LIM3|+1.000000E+05|+1.110000E+05|+8.000000E+04}}
}
{@BLOCK|r44013|00
{@A-RES|0|+1.000272E+03{@LIM3|+1.000000E+03|+1.100000E+03|+9.000000E+02}}
}
{@BLOCK|r44016|00
{@A-RES|0|+1.007836E+03{@LIM3|+1.000000E+03|+1.100000E+03|+9.000000E+02}}
}
{@BLOCK|r44004|00
{@A-RES|0|+9.941262E+05{@LIM3|+1.000000E+06|+1.250000E+06|+7.500000E+05}}
}
{@BLOCK|r76211|00
{@A-RES|0|+5.009461E+02{@LIM3|+4.990000E+02|+5.289400E+02|+4.690600E+02}}
}
{@BLOCK|r76212|00
{@A-RES|0|+5.011463E+02{@LIM3|+4.990000E+02|+5.289400E+02|+4.690600E+02}}
}
{@BLOCK|r11004|00
{@A-RES|0|+1.999675E+05{@LIM3|+2.000000E+05|+2.220000E+05|+1.780000E+05}}
}
{@BLOCK|prt0003|00
{@A-RES|0|+6.524687E+02{@LIM3|+5.400000E+02|+7.290000E+02|+3.510000E+02}}
}
{@BLOCK|prt0007|00
{@A-RES|0|+6.534312E+02{@LIM3|+5.400000E+02|+7.290000E+02|+3.510000E+02}}
}
{@BLOCK|prt0009|00
{@A-RES|0|+6.239032E+02{@LIM3|+5.400000E+02|+7.290000E+02|+3.510000E+02}}
}
{@BLOCK|prt0010|00
{@A-RES|0|+6.525242E+02{@LIM3|+5.400000E+02|+7.290000E+02|+3.510000E+02}}
}
{@BLOCK|r06001|00
{@A-RES|0|+3.427815E+02{@LIM3|+3.300000E+02|+3.630000E+02|+2.970000E+02}}
}
{@BLOCK|r06002|00
{@A-RES|0|+3.313253E+02{@LIM3|+3.300000E+02|+3.630000E+02|+2.970000E+02}}
}
{@BLOCK|r06003|00
{@A-RES|0|+2.211241E+03{@LIM3|+2.200000E+03|+2.420000E+03|+1.980000E+03}}
}
{@BLOCK|r06004|00
{@A-RES|0|+2.218019E+03{@LIM3|+2.200000E+03|+2.420000E+03|+1.980000E+03}}
}
{@BLOCK|r07016|00
{@A-RES|0|+2.204402E+03{@LIM3|+2.200000E+03|+2.420000E+03|+1.980000E+03}}
}
{@BLOCK|prt0004|00
{@A-RES|0|+6.372919E+02{@LIM3|+5.400000E+02|+7.290000E+02|+3.510000E+02}}
}
{@BLOCK|prt0005|00
{@A-RES|0|+6.751281E+02{@LIM3|+5.400000E+02|+7.290000E+02|+3.510000E+02}}
}
{@BLOCK|prt0006|00
{@A-RES|0|+6.726587E+02{@LIM3|+5.400000E+02|+7.290000E+02|+3.510000E+02}}
}
{@BLOCK|prt0008|00
{@A-RES|0|+6.706472E+02{@LIM3|+5.400000E+02|+7.290000E+02|+3.510000E+02}}
}
{@BLOCK|prt0012|00
{@A-RES|0|+6.782655E+02{@LIM3|+5.400000E+02|+7.290000E+02|+3.510000E+02}}
}
{@BLOCK|prt0014|00
{@A-RES|0|+6.568030E+02{@LIM3|+5.400000E+02|+7.290000E+02|+3.510000E+02}}
}
{@BLOCK|prt0015|00
{@A-RES|0|+6.265065E+02{@LIM3|+5.400000E+02|+7.290000E+02|+3.510000E+02}}
}
{@BLOCK|r41003|00
{@A-RES|0|+2.212415E+03{@LIM3|+2.200000E+03|+2.420000E+03|+1.980000E+03}}
}
{@BLOCK|r20004|00
{@A-RES|0|+2.246524E+03{@LIM3|+2.200000E+03|+2.420000E+03|+1.980000E+03}}
}
{@BLOCK|r20005|00
{@A-RES|0|+2.209890E+03{@LIM3|+2.200000E+03|+2.420000E+03|+1.980000E+03}}
}
{@BLOCK|r20006|00
{@A-RES|0|+2.220008E+03{@LIM3|+2.200000E+03|+2.420000E+03|+1.980000E+03}}
}
{@BLOCK|r43022|00
{@A-RES|0|+2.246517E+03{@LIM3|+2.200000E+03|+2.420000E+03|+1.980000E+03}}
}
{@BLOCK|r46202|00
{@A-RES|0|+2.249849E+03{@LIM3|+2.200000E+03|+2.420000E+03|+1.980000E+03}}
}
{@BLOCK|r46203|00
{@A-RES|0|+2.204814E+03{@LIM3|+2.200000E+03|+2.420000E+03|+1.980000E+03}}
}
{@BLOCK|r46207|00
{@A-RES|0|+2.245874E+03{@LIM3|+2.200000E+03|+2.420000E+03|+1.980000E+03}}
}
{@BLOCK|r46208|00
{@A-RES|0|+2.242768E+03{@LIM3|+2.200000E+03|+2.420000E+03|+1.980000E+03}}
}
{@BLOCK|r46215|00
{@A-RES|0|+2.247483E+03{@LIM3|+2.200000E+03|+2.420000E+03|+1.980000E+03}}
}
{@BLOCK|r46216|00
{@A-RES|0|+2.255459E+03{@LIM3|+2.200000E+03|+2.420000E+03|+1.980000E+03}}
}
{@BLOCK|r54210|00
{@A-RES|0|+2.196474E+03{@LIM3|+2.200000E+03|+2.420000E+03|+1.980000E+03}}
}
{@BLOCK|r54211|00
{@A-RES|0|+2.210305E+03{@LIM3|+2.200000E+03|+2.420000E+03|+1.980000E+03}}
}
{@BLOCK|r59005|00
{@A-RES|0|+2.257408E+03{@LIM3|+2.200000E+03|+2.420000E+03|+1.980000E+03}}
}
{@BLOCK|r59006|00
{@A-RES|0|+2.234457E+03{@LIM3|+2.200000E+03|+2.420000E+03|+1.980000E+03}}
}
{@BLOCK|r74209|00
{@A-RES|0|+2.266000E+03{@LIM3|+2.200000E+03|+2.420000E+03|+1.980000E+03}}
}
{@BLOCK|r85202|00
{@A-RES|0|+2.236822E+03{@LIM3|+2.200000E+03|+2.420000E+03|+1.980000E+03}}
}
{@BLOCK|r41004|00
{@A-RES|0|+2.224504E+03{@LIM3|+2.200000E+03|+2.420000E+03|+1.980000E+03}}
}
{@BLOCK|r42002|00
{@A-RES|0|+2.225149E+03{@LIM3|+2.200000E+03|+2.420000E+03|+1.980000E+03}}
}
{@BLOCK|r42003|00
{@A-RES|0|+2.235421E+03{@LIM3|+2.200000E+03|+2.420000E+03|+1.980000E+03}}
}
{@BLOCK|r41005|00
{@A-RES|0|+4.791523E+03{@LIM3|+4.700000E+03|+5.170000E+03|+4.230000E+03}}
}
{@BLOCK|r41006|00
{@A-RES|0|+4.708162E+03{@LIM3|+4.700000E+03|+5.170000E+03|+4.230000E+03}}
}
{@BLOCK|r50208|00
{@A-RES|0|+4.590859E+03{@LIM3|+4.700000E+03|+5.170000E+03|+4.230000E+03}}
}
{@BLOCK|r11002|00
{@A-RES|0|+3.513029E+01{@LIM3|+3.300000E+01|+4.129999E+01|+2.970000E+01}}
}
{@BLOCK|r12002|00
{@A-RES|0|+3.695330E+01{@LIM3|+3.300000E+01|+4.129999E+01|+2.970000E+01}}
}
{@BLOCK|r41028|00
{@A-RES|0|+4.688626E+03{@LIM3|+4.700000E+03|+5.170000E+03|+4.230000E+03}}
}
{@BLOCK|r41029|00
{@A-RES|0|+4.697289E+03{@LIM3|+4.700000E+03|+5.170000E+03|+4.230000E+03}}
}
{@BLOCK|r45235|00
{@A-RES|0|+4.723471E+03{@LIM3|+4.700000E+03|+5.170000E+03|+4.230000E+03}}
}
{@BLOCK|r45236|00
{@A-RES|0|+4.704807E+03{@LIM3|+4.700000E+03|+5.170000E+03|+4.230000E+03}}
}
{@BLOCK|r08001|00
{@A-RES|0|+5.077876E+01{@LIM3|+4.990000E+01|+5.789398E+01|+4.690600E+01}}
}
{@BLOCK|r10002|00
{@A-RES|0|+2.682991E+01{@LIM3|+2.400000E+01|+3.139999E+01|+2.160000E+01}}
}
{@BLOCK|r10004|00
{@A-RES|0|+7.212514E+04{@LIM3|+7.500000E+04|+8.250000E+04|+6.750000E+04}}
}
{@BLOCK|r22201|00
{@A-RES|0|+2.403817E+03{@LIM3|+2.400000E+03|+2.544000E+03|+2.256000E+03}}
}
{@BLOCK|r22202|00
{@A-RES|0|+2.403571E+03{@LIM3|+2.400000E+03|+2.544000E+03|+2.256000E+03}}
}
{@BLOCK|r22203|00
{@A-RES|0|+2.404063E+03{@LIM3|+2.400000E+03|+2.544000E+03|+2.256000E+03}}
}
{@BLOCK|r22204|00
{@A-RES|0|+2.405661E+03{@LIM3|+2.400000E+03|+2.544000E+03|+2.256000E+03}}
}
{@BLOCK|r22205|00
{@A-RES|0|+1.185091E+03{@LIM3|+1.200000E+03|+1.320000E+03|+1.080000E+03}}
}
{@BLOCK|r22206|00
{@A-RES|0|+1.197644E+03{@LIM3|+1.200000E+03|+1.320000E+03|+1.080000E+03}}
}
{@BLOCK|r42014|00
{@A-RES|0|+4.516263E+01{@LIM3|+4.300000E+01|+5.230000E+01|+3.870000E+01}}
}
{@BLOCK|r42015|00
{@A-RES|0|+4.556218E+01{@LIM3|+4.300000E+01|+5.230000E+01|+3.870000E+01}}
}
{@BLOCK|r42017|00
{@A-RES|0|+4.488437E+01{@LIM3|+4.300000E+01|+5.805000E+01|+3.870000E+01}}
}
{@BLOCK|r12003|00
{@A-RES|0|+3.531745E+01{@LIM3|+3.300000E+01|+4.129999E+01|+2.970000E+01}}
}
{@BLOCK|r72003|00
{@A-RES|0|+3.563706E+01{@LIM3|+3.300000E+01|+4.129999E+01|+2.970000E+01}}
}
{@BLOCK|r83206|00
{@A-RES|0|+3.501688E+01{@LIM3|+3.300000E+01|+4.129999E+01|+2.970000E+01}}
}
{@BLOCK|r42013|00
{@A-RES|0|+1.027990E+01{@LIM3|+1.000000E+01|+1.350000E+01|+7.500000E+00}}
}
{@BLOCK|r10001|00
{@A-RES|0|+2.607536E+01{@LIM3|+2.400000E+01|+3.139999E+01|+2.160000E+01}}
}
{@BLOCK|r11005|00
{@A-RES|0|+1.000828E+07{@LIM3|+1.000000E+07|+1.250000E+07|+7.500000E+06}}
}
{@BLOCK|r72004|00
{@A-RES|0|+4.623521E+01{@LIM3|+4.300000E+01|+5.230000E+01|+3.870000E+01}}
}
{@BLOCK|r72005|00
{@A-RES|0|+4.594474E+01{@LIM3|+4.300000E+01|+5.230000E+01|+3.870000E+01}}
}
{@BLOCK|r42021|00
{@A-RES|0|+3.325718E+03{@LIM3|+3.320000E+03|+3.519200E+03|+3.120800E+03}}
}
{@BLOCK|r42022|00
{@A-RES|0|+3.334252E+03{@LIM3|+3.320000E+03|+3.519200E+03|+3.120800E+03}}
}
{@BLOCK|r42023|00
{@A-RES|0|+3.359982E+03{@LIM3|+3.320000E+03|+3.519200E+03|+3.120800E+03}}
}
{@BLOCK|r42024|00
{@A-RES|0|+3.362625E+03{@LIM3|+3.320000E+03|+3.519200E+03|+3.120800E+03}}
}
{@BLOCK|r42025|00
{@A-RES|0|+3.339465E+03{@LIM3|+3.320000E+03|+3.519200E+03|+3.120800E+03}}
}
{@BLOCK|r42026|00
{@A-RES|0|+3.352558E+03{@LIM3|+3.320000E+03|+3.519200E+03|+3.120800E+03}}
}
{@BLOCK|r51210|00
{@A-RES|0|+2.447551E+01{@LIM3|+2.500000E+01|+3.375000E+01|+2.250000E+01}}
}
{@BLOCK|r53207|00
{@A-RES|0|+2.689294E+03{@LIM3|+2.700000E+03|+2.970000E+03|+2.430000E+03}}
}
{@BLOCK|r53208|00
{@A-RES|0|+2.693298E+03{@LIM3|+2.700000E+03|+2.970000E+03|+2.430000E+03}}
}
{@BLOCK|r53209|00
{@A-RES|0|+2.650049E+03{@LIM3|+2.700000E+03|+2.970000E+03|+2.430000E+03}}
}
{@BLOCK|r53210|00
{@A-RES|0|+2.677811E+03{@LIM3|+2.700000E+03|+2.970000E+03|+2.430000E+03}}
}
{@BLOCK|r53215|00
{@A-RES|0|+6.198181E+04{@LIM3|+6.190000E+04|+6.561400E+04|+5.818600E+04}}
}
{@BLOCK|r53221|00
{@A-RES|0|+5.004159E+03{@LIM3|+4.990000E+03|+5.289400E+03|+4.690600E+03}}
}
{@BLOCK|r58021|00
{@A-RES|0|+6.818814E+02{@LIM3|+6.800000E+02|+7.208000E+02|+6.392000E+02}}
}
{@BLOCK|r61210|00
{@A-RES|0|+5.176326E+01{@LIM3|+5.100000E+01|+5.905999E+01|+4.794000E+01}}
}
{@BLOCK|r64203|00
{@A-RES|0|+5.012856E+04{@LIM3|+4.990000E+04|+5.289400E+04|+4.690600E+04}}
}
{@BLOCK|r76207|00
{@A-RES|0|+3.010115E+03{@LIM3|+3.010000E+03|+3.190600E+03|+2.829400E+03}}
}
{@BLOCK|r83103|00
{@A-RES|0|+9.549760E+03{@LIM3|+9.530000E+03|+1.010180E+04|+8.958200E+03}}
}
{@BLOCK|r85201|00
{@A-RES|0|+2.187458E+04{@LIM3|+2.200000E+04|+2.860000E+04|+1.540000E+04}}
}
{@BLOCK|pq0002|00
{@A-NFE|0|+1.147830E+02{@LIM2|+3.100000E+02|+2.000000E+01}}
}
{@BLOCK|pq0004|00
{@A-NFE|0|+1.379486E+02{@LIM2|+2.000000E+02|+2.000000E+01}}
}
{@BLOCK|pq0102|00
{@A-NFE|0|+1.267769E+02{@LIM2|+2.000000E+02|+2.000000E+01}}
}
{@BLOCK|pq0901%qf|00
{@A-NFE|0|+6.401493E+04{@LIM2|+2.000000E+05|+2.000000E+01}}
}
{@BLOCK|pq1602|00
{@A-NFE|0|+1.120074E+02{@LIM2|+2.000000E+02|+2.000000E+01}}
}
{@BLOCK|pq1603|00
{@A-NFE|0|+1.265567E+02{@LIM2|+2.000000E+02|+2.000000E+01}}
}
{@BLOCK|pq1604|00
{@A-NFE|0|+1.009343E+02{@LIM2|+2.000000E+02|+2.000000E+01}}
}
{@BLOCK|pq1605|00
{@A-NFE|0|+1.014270E+02{@LIM2|+2.000000E+02|+2.000000E+01}}
}
{@BLOCK|q05001|00
{@A-NFE|0|+8.813501E+01{@LIM2|+2.000000E+02|+2.000000E+01}}
}
{@BLOCK|q05002|00
{@A-NFE|0|+7.612108E+01{@LIM2|+2.000000E+02|+2.000000E+01}}
}
{@BLOCK|q7601%qf2|00
{@A-NFE|0|+9.410632E+01{@LIM2|+2.000000E+02|+2.000000E+01}}
}
{@BLOCK|q7602%qf1|00
{@A-NFE|0|+8.625854E+01{@LIM2|+2.000000E+02|+2.000000E+01}}
}
{@BLOCK|q7602%qf2|00
{@A-NFE|0|+1.587637E+02{@LIM2|+2.000000E+02|+2.000000E+01}}
}
{@BLOCK|q46001|00
{@A-NFE|0|+9.798755E+01{@LIM2|+2.000000E+02|+2.000000E+01}}
}
{@BLOCK|q46002|00
{@A-NFE|0|+9.555884E+01{@LIM2|+2.000000E+02|+2.000000E+01}}
}
{@BLOCK|q46003|00
{@A-NFE|0|+9.843104E+01{@LIM2|+2.000000E+02|+2.000000E+01}}
}
{@BLOCK|q53001|00
{@A-NFE|0|+1.148529E+02{@LIM2|+2.000000E+02|+2.000000E+01}}
}
{@BLOCK|q53002|00
{@A-NFE|0|+1.118468E+02{@LIM2|+2.000000E+02|+2.000000E+01}}
}
{@BLOCK|q58004|00
{@A-NFE|0|+9.358714E+01{@LIM2|+2.000000E+02|+2.000000E+01}}
}
{@BLOCK|q58007|00
{@A-NFE|0|+9.237424E+01{@LIM2|+2.000000E+02|+2.000000E+01}}
}
{@BLOCK|q76003|00
{@A-NFE|0|+1.233723E+02{@LIM2|+2.000000E+02|+2.000000E+01}}
}
{@BLOCK|q76004|00
{@A-NFE|0|+1.171206E+02{@LIM2|+2.000000E+02|+2.000000E+01}}
}
{@BLOCK|pq0203%qf|00
{@A-PFE|0|+1.694900E+02{@LIM2|+2.300000E+02|+2.000000E+01}}
}
{@BLOCK|d07001|00
{@A-DIO|0|+5.868335E-01{@LIM2|+8.000000E-01|+4.000000E-01}}
}
{@BLOCK|d50003|00
{@A-DIO|0|+5.694000E-01{@LIM2|+8.000000E-01|+4.000000E-01}}
}
{@BLOCK|d51001|00
{@A-DIO|0|+5.262578E-01{@LIM2|+8.000000E-01|+4.000000E-01}}
}
{@BLOCK|d51002|00
{@A-DIO|0|+5.353202E-01{@LIM2|+8.000000E-01|+4.000000E-01}}
}
{@BLOCK|d51005|00
{@A-DIO|0|+5.363413E-01{@LIM2|+8.000000E-01|+4.000000E-01}}
}
{@BLOCK|d51008|00
{@A-DIO|0|+5.585506E-01{@LIM2|+8.000000E-01|+4.000000E-01}}
}
{@BLOCK|d83002|00
{@A-DIO|0|+5.546363E-01{@LIM2|+8.000000E-01|+4.000000E-01}}
}
{@BLOCK|d92001|00
{@A-DIO|0|+6.257295E-01{@LIM2|+8.000000E-01|+4.000000E-01}}
}
{@BLOCK|d92002|00
{@A-DIO|0|+5.278891E-01{@LIM2|+8.000000E-01|+4.000000E-01}}
}
{@BLOCK|d92003|00
{@A-DIO|0|+5.259600E-01{@LIM2|+8.000000E-01|+4.000000E-01}}
}
{@BLOCK|d92004|00
{@A-DIO|0|+4.903485E-01{@LIM2|+8.000000E-01|+4.000000E-01}}
}
{@BLOCK|d94001|00
{@A-DIO|0|+5.809726E-01{@LIM2|+8.000000E-01|+4.000000E-01}}
}
{@BLOCK|d94002|00
{@A-DIO|0|+5.776965E-01{@LIM2|+8.000000E-01|+4.000000E-01}}
}
{@BLOCK|pd0002|00
{@A-DIO|0|+5.295764E-01{@LIM2|+8.000000E-01|+4.000000E-01}}
}
{@BLOCK|r50001|00
{@A-RES|0|+3.953899E+02{@LIM3|+3.920000E+02|+4.155200E+02|+3.684800E+02}}
}
{@BLOCK|r74201|00
{@A-RES|0|+2.435768E+01{@LIM3|+2.200000E+01|+2.920001E+01|+1.980000E+01}}
}
{@BLOCK|r74202|00
{@A-RES|0|+2.435639E+01{@LIM3|+2.200000E+01|+2.920001E+01|+1.980000E+01}}
}
{@BLOCK|r74203|00
{@A-RES|0|+2.482224E+01{@LIM3|+2.200000E+01|+2.920001E+01|+1.980000E+01}}
}
{@BLOCK|q7601%qf1|00
{@A-NFE|0|+8.717879E+01{@LIM2|+2.000000E+02|+2.000000E+01}}
}
{@BLOCK|q70001|00
{@A-NFE|0|+1.065608E+02{@LIM2|+2.000000E+02|+2.000000E+01}}
}
{@BLOCK|d70001|00
{@A-DIO|0|+4.806087E-01{@LIM2|+8.000000E-01|+4.000000E-01}}
}
{@BLOCK|pd2001|00
{@A-DIO|0|+1.337758E+00{@LIM2|+1.800000E+00|+1.000000E+00}}
}
{@BLOCK|pd0003|00
{@A-DIO|0|+7.199295E-01{@LIM2|+8.000000E-01|+4.000000E-01}}
}
{@BLOCK|pd1601|00
{@A-DIO|0|+5.361286E-01{@LIM2|+8.000000E-01|+4.000000E-01}}
}
{@BLOCK|d53005%cr1|00
{@A-DIO|0|+6.894237E-01{@LIM2|+8.000000E-01|+4.000000E-01}}
}
{@BLOCK|d53005%cr2|00
{@A-DIO|0|+7.301407E-01{@LIM2|+8.000000E-01|+4.000000E-01}}
}
{@BLOCK|d53005%cr4|00
{@A-DIO|0|+7.212484E-01{@LIM2|+8.000000E-01|+4.000000E-01}}
}
{@BLOCK|d59003%cr1|00
{@A-DIO|0|+4.962625E-01{@LIM2|+8.000000E-01|+4.000000E-01}}
}
{@BLOCK|d59004%cr1|00
{@A-DIO|0|+4.987302E-01{@LIM2|+8.000000E-01|+4.000000E-01}}
}
{@BLOCK|led1%org|00
{@A-DIO|0|+2.144043E+00{@LIM2|+2.200000E+00|+1.200000E+00}}
}
{@BLOCK|led1%white|00
{@A-DIO|0|+2.850555E+00{@LIM2|+3.500000E+00|+2.500000E+00}}
}
{@BLOCK|pq0001|00
{@A-DIO|0|+7.004432E-01|B-E{@LIM2|+8.040000E-01|+6.010000E-01}}
{@A-DIO|0|+6.923594E-01|B-C{@LIM2|+8.050000E-01|+6.020000E-01}}
}
{@BLOCK|d63005|00
{@A-DIO|0|+5.160545E-01{@LIM2|+8.000000E-01|+4.000000E-01}}
}
{@BLOCK|d63012|00
{@A-DIO|0|+4.438800E-01{@LIM2|+8.000000E-01|+4.000000E-01}}
}
{@BLOCK|d63016|00
{@A-DIO|0|+5.459996E-01{@LIM2|+8.000000E-01|+4.000000E-01}}
}
{@BLOCK|d63017|00
{@A-DIO|0|+5.459996E-01{@LIM2|+8.000000E-01|+4.000000E-01}}
}
{@BLOCK|d63018|00
{@A-DIO|0|+5.248949E-01{@LIM2|+8.000000E-01|+4.000000E-01}}
}
{@BLOCK|d63019|00
{@A-DIO|0|+6.840446E-01{@LIM2|+8.000000E-01|+4.000000E-01}}
}
{@BLOCK|d64005|00
{@A-DIO|0|+5.293303E-01{@LIM2|+8.000000E-01|+4.000000E-01}}
}
{@BLOCK|d64012|00
{@A-DIO|0|+5.213308E-01{@LIM2|+8.000000E-01|+4.000000E-01}}
}
{@BLOCK|d64018|00
{@A-DIO|0|+6.726410E-01{@LIM2|+8.000000E-01|+4.000000E-01}}
}
{@BLOCK|d64019|00
{@A-DIO|0|+6.724708E-01{@LIM2|+8.000000E-01|+4.000000E-01}}
}
{@BLOCK|d67002|00
{@A-DIO|0|+6.203888E-01{@LIM2|+9.000000E-01|+5.000000E-01}}
}
{@BLOCK|d84001|00
{@A-DIO|0|+5.807316E-01{@LIM2|+8.000000E-01|+4.000000E-01}}
}
{@BLOCK|d84002|00
{@A-DIO|0|+5.669451E-01{@LIM2|+8.000000E-01|+4.000000E-01}}
}
{@BLOCK|d84004|00
{@A-DIO|0|+5.952364E-01{@LIM2|+8.000000E-01|+4.000000E-01}}
}
{@BLOCK|d84005|00
{@A-DIO|0|+5.569032E-01{@LIM2|+8.000000E-01|+4.000000E-01}}
}
{@BLOCK|d53003%ds1|00
{@A-DIO|0|+5.114591E-01{@LIM2|+8.000000E-01|+4.000000E-01}}
}
{@BLOCK|d53003%ds3|00
{@A-DIO|0|+5.119697E-01{@LIM2|+8.000000E-01|+4.000000E-01}}
}
{@BLOCK|d53003%ds4|00
{@A-DIO|0|+5.126505E-01{@LIM2|+8.000000E-01|+4.000000E-01}}
}
{@BLOCK|d53004%ds1|00
{@A-DIO|0|+4.833756E-01{@LIM2|+8.000000E-01|+4.000000E-01}}
}
{@BLOCK|d53004%ds2|00
{@A-DIO|0|+4.830352E-01{@LIM2|+8.000000E-01|+4.000000E-01}}
}
{@BLOCK|d53004%ds3|00
{@A-DIO|0|+5.119697E-01{@LIM2|+8.000000E-01|+4.000000E-01}}
}
{@BLOCK|pd2002|00
{@A-DIO|0|+5.861877E-01{@LIM2|+8.000000E-01|+4.000000E-01}}
}
{@BLOCK|d67003%ds1|00
{@A-DIO|0|+1.144942E+00{@LIM2|+1.800000E+00|+1.000000E+00}}
}
{@BLOCK|d67003%ds3|00
{@A-DIO|0|+6.336646E-01{@LIM2|+8.000000E-01|+4.000000E-01}}
}
{@BLOCK|d67003%ds4|00
{@A-DIO|0|+6.336646E-01{@LIM2|+8.000000E-01|+4.000000E-01}}
}
{@BLOCK|pd0901|00
{@A-DIO|0|+3.692554E-01{@LIM2|+6.000000E-01|+2.000000E-01}}
}
{@BLOCK|c48101|00
{@A-CAP|0|+4.559768E-05{@LIM3|+4.732000E-05|+6.151600E-05|+3.312400E-05}}
}
{@BLOCK|c45102|00
{@A-CAP|0|+5.205189E-05{@LIM3|+5.920000E-05|+7.992000E-05|+3.848000E-05}}
}
{@BLOCK|testjet|00
{@TJET|00|0000|jcp1
}
{@TJET|00|0000|jfan1
}
{@TJET|00|0000|jiob1
}
{@TJET|00|0000|jkbl1
}
{@TJET|00|0000|jnfc1
}
{@TJET|00|0000|jpsen1
}
{@TJET|00|0000|jpsen2
}
{@TJET|00|0000|jsc1
}
{@TJET|00|0000|jspk1
}
{@TJET|00|0000|jssd1
}
{@TJET|00|0000|jtp1
}
{@TJET|00|0000|jwwan1
}
{@TJET|00|0000|pu1001
}
{@TJET|00|0000|pu1101
}
{@TJET|00|0000|pu1201
}
{@TJET|00|0000|pu1301
}
{@TJET|00|0000|u7601
}
{@TJET|00|0000|u9801
}
{@TJET|00|0000|uec1
}
{@TJET|00|0000|uhbr1
}
{@TJET|00|0000|uhbr2
}
{@TJET|00|0000|upd1
}
}
{@BLOCK|power_nodes|00
{@A-MEA|0|+1.201171E+01|VINT20_IN{@LIM2|+1.400000E+01|+1.000000E+01}}
{@A-MEA|0|+1.242136E+01|VSYS18{@LIM2|+1.400000E+01|+1.000000E+01}}
{@A-MEA|0|+3.361673E+00|VCC3M{@LIM2|+4.000000E+00|+2.500000E+00}}
{@A-MEA|0|+5.111867E+00|VCC5M{@LIM2|+6.000000E+00|+4.500000E+00}}
{@A-MEA|0|+1.797900E+00|VCC1R8_PRIM{@LIM2|+2.500000E+00|+1.200000E+00}}
}
{@D-T|0|384||0|u2201
}
{@D-T|0|384||0|u2202
}
{@D-T|0|384||0|u7003
}
{@D-T|0|384||0|u11001
}
{@D-T|0|384||0|u12001
}
{@D-T|0|384||0|u41001
}
{@D-T|0|384||0|u5002
}
{@D-T|0|384||0|u7004
}
{@BLOCK|pq0007|00
{@A-MEA|0|+1.201035E+01|pino6{@LIM2|+1.400000E+01|+1.000000E+01}}
}
{@BLOCK|pq0008|00
{@A-MEA|0|+1.201035E+01|pino6{@LIM2|+1.400000E+01|+1.000000E+01}}
}
{@BLOCK|pu0002|00
{@A-MEA|0|+3.282699E+00|pino1{@LIM2|+4.000000E+00|+2.500000E+00}}
{@A-MEA|0|+2.988759E-01|pino4{@LIM2|+1.000000E+00|-1.000000E+00}}
{@A-MEA|0|+3.303464E+00|pino5{@LIM2|+4.000000E+00|+2.500000E+00}}
}
{@BLOCK|pu0201|00
{@A-MEA|0|+1.200763E+01|pino1{@LIM2|+1.230000E+01|+1.170000E+01}}
}
{@BLOCK|pu0301|00
{@A-MEA|0|+1.242272E+01|pino1{@LIM2|+1.250000E+01|+1.150000E+01}}
{@A-MEA|0|+5.208441E+00|pino7{@LIM2|+5.600000E+00|+4.500000E+00}}
}
{@BLOCK|pu0401|00
{@A-MEA|0|+1.242000E+01|pino1{@LIM2|+1.400000E+01|+1.000000E+01}}
{@A-MEA|0|+5.358217E+00|pino9{@LIM2|+6.000000E+00|+4.000000E+00}}
}
{@BLOCK|pu0501|00
{@A-MEA|0|+1.242000E+01|pino2{@LIM2|+1.250000E+01|+1.150000E+01}}
{@A-MEA|0|+3.361843E+00|pino14{@LIM2|+3.800000E+00|+3.000000E+00}}
}
{@BLOCK|pu0701|00
{@A-MEA|0|+1.820026E+00|pino5{@LIM2|+2.500000E+00|+1.000000E+00}}
{@A-MEA|0|+5.112378E+00|pino6{@LIM2|+5.500000E+00|+4.500000E+00}}
}
{@BLOCK|pu0801|00
{@A-MEA|0|+1.798666E+00|pino2{@LIM2|+2.500000E+00|+1.000000E+00}}
}
{@BLOCK|pu2001|00
{@A-MEA|0|+3.361163E+00|pino1{@LIM2|+3.500000E+00|+2.500000E+00}}
{@A-MEA|0|+5.112548E+00|pino4{@LIM2|+5.500000E+00|+4.500000E+00}}
{@A-MEA|0|+3.361503E+00|pino6{@LIM2|+3.500000E+00|+2.500000E+00}}
{@A-MEA|0|+3.361673E+00|pino13{@LIM2|+3.500000E+00|+2.500000E+00}}
}
{@BLOCK|pu2002|00
{@A-MEA|0|+3.361503E+00|pino3{@LIM2|+3.700000E+00|+2.500000E+00}}
}
{@BLOCK|pu2301|00
{@A-MEA|0|+3.361673E+00|pino1{@LIM2|+3.500000E+00|+2.500000E+00}}
{@A-MEA|0|+5.111697E+00|pino4{@LIM2|+5.500000E+00|+4.500000E+00}}
{@A-MEA|0|+3.361163E+00|pino6{@LIM2|+3.500000E+00|+2.500000E+00}}
{@A-MEA|0|+3.361333E+00|pino8{@LIM2|+3.500000E+00|+2.500000E+00}}
{@A-MEA|0|+3.361333E+00|pino13{@LIM2|+3.500000E+00|+2.500000E+00}}
}
{@BLOCK|pu2302|00
{@A-MEA|0|+5.112548E+00|pino1{@LIM2|+5.500000E+00|+4.500000E+00}}
{@A-MEA|0|+5.112208E+00|pino4{@LIM2|+5.500000E+00|+4.500000E+00}}
{@A-MEA|0|+1.797560E+00|pino6{@LIM2|+2.500000E+00|+1.000000E+00}}
{@A-MEA|0|+1.797730E+00|pino8{@LIM2|+2.500000E+00|+1.000000E+00}}
{@A-MEA|0|+5.111867E+00|pino13{@LIM2|+5.500000E+00|+4.500000E+00}}
}
{@BLOCK|u4401|00
{@A-MEA|0|+1.805474E+00|pino1{@LIM2|+2.500000E+00|+1.000000E+00}}
{@A-MEA|0|+3.303974E+00|pino4{@LIM2|+4.000000E+00|+2.500000E+00}}
}
{@BLOCK|u5001|00
{@A-MEA|0|+1.502549E+00|pino1{@LIM2|+2.200000E+00|+1.000000E+00}}
}
{@BLOCK|u5102|00
{@A-MEA|0|+3.299039E+00|pino1{@LIM2|+3.500000E+00|+2.500000E+00}}
{@A-MEA|0|+4.727379E+00|pino6{@LIM2|+5.500000E+00|+4.500000E+00}}
}
{@BLOCK|u5301|00
{@A-MEA|0|+1.202790E+00|pino1{@LIM2|+2.000000E+00|+8.000000E-01}}
{@A-MEA|0|+1.798155E+00|pino4{@LIM2|+2.500000E+00|+1.000000E+00}}
}
{@BLOCK|u5302|00
{@A-MEA|0|+3.361503E+00|pino1{@LIM2|+3.600000E+00|+2.500000E+00}}
{@A-MEA|0|+1.202407E+00|pino6{@LIM2|+1.500000E+00|+1.000000E+00}}
}
{@BLOCK|u5303|00
{@A-MEA|0|+5.112378E+00|pino1{@LIM2|+5.700000E+00|+4.500000E+00}}
{@A-MEA|0|+5.111867E+00|pino6{@LIM2|+5.700000E+00|+4.500000E+00}}
}
{@BLOCK|u5501|00
{@A-MEA|0|+3.359290E+00|pino1{@LIM2|+4.000000E+00|+2.500000E+00}}
{@A-MEA|0|+5.111867E+00|pino4{@LIM2|+6.000000E+00|+4.000000E+00}}
{@A-MEA|0|+9.107546E-01|pino8{@LIM2|+2.500000E+00|+1.000000E-01}}
}
{@BLOCK|u5701|00
{@A-MEA|0|+3.359631E+00|pino1{@LIM2|+4.000000E+00|+2.500000E+00}}
{@A-MEA|0|+5.112208E+00|pino4{@LIM2|+6.000000E+00|+4.000000E+00}}
}
{@BLOCK|u6701|00
{@A-MEA|0|+5.112378E+00|pino1{@LIM2|+6.000000E+00|+4.000000E+00}}
{@A-MEA|0|+5.111867E+00|pino12{@LIM2|+6.000000E+00|+4.000000E+00}}
}
{@BLOCK|u8301|00
{@A-MEA|0|+1.792964E+00|pino20{@LIM2|+2.300000E+00|+1.500000E+00}}
{@A-MEA|0|+5.107442E+00|pino33{@LIM2|+5.500000E+00|+4.500000E+00}}
{@A-MEA|0|+5.107442E+00|pino41{@LIM2|+5.500000E+00|+4.500000E+00}}
}
{@BLOCK|u9401|00
{@A-MEA|0|+1.801389E+00|pino1{@LIM2|+2.500000E+00|+1.000000E+00}}
{@A-MEA|0|+3.362014E+00|pino4{@LIM2|+4.000000E+00|+2.500000E+00}}
}
{@BLOCK|u9801|00
{@A-MEA|0|+1.797730E+00|pino1{@LIM2|+2.500000E+00|+1.000000E+00}}
{@A-MEA|0|+1.797560E+00|pino14{@LIM2|+2.500000E+00|+1.000000E+00}}
}
{@BLOCK|u58001|00
{@A-MEA|0|+3.361503E+00|pino21{@LIM2|+3.500000E+00|+2.800000E+00}}
{@A-MEA|0|+3.360992E+00|pino27{@LIM2|+3.500000E+00|+2.500000E+00}}
}
{@BLOCK|u59001|00
{@A-MEA|0|+1.805814E+00|pino1{@LIM2|+2.500000E+00|+1.000000E+00}}
{@A-MEA|0|+3.362184E+00|pino4{@LIM2|+3.500000E+00|+2.500000E+00}}
}
{@BLOCK|u92001|00
{@A-MEA|0|+3.361163E+00|pino1{@LIM2|+3.500000E+00|+2.500000E+00}}
{@A-MEA|0|+5.112378E+00|pino4{@LIM2|+5.500000E+00|+4.500000E+00}}
{@A-MEA|0|+3.362014E+00|pino14{@LIM2|+3.500000E+00|+2.500000E+00}}
}
{@BLOCK|u92002|00
{@A-MEA|0|+3.361503E+00|pino1{@LIM2|+4.000000E+00|+2.500000E+00}}
{@A-MEA|0|+5.112038E+00|pino4{@LIM2|+6.000000E+00|+4.000000E+00}}
{@A-MEA|0|+3.361163E+00|pino6{@LIM2|+4.000000E+00|+2.500000E+00}}
{@A-MEA|0|+3.362014E+00|pino9{@LIM2|+4.000000E+00|+2.500000E+00}}
{@A-MEA|0|+3.361673E+00|pino14{@LIM2|+4.000000E+00|+2.500000E+00}}
}
{@BLOCK|u92003|00
{@A-MEA|0|+5.111867E+00|pino1{@LIM2|+5.500000E+00|+4.500000E+00}}
{@A-MEA|0|+5.111867E+00|pino4{@LIM2|+5.500000E+00|+4.500000E+00}}
{@A-MEA|0|+3.361333E+00|pino6{@LIM2|+3.500000E+00|+2.500000E+00}}
{@A-MEA|0|+5.111697E+00|pino14{@LIM2|+5.500000E+00|+4.500000E+00}}
}
}}