{@BATCH|e14_gen7_amd||4093|1||btest|050101003846~16|ICT0264\engineer|ICT0264|C:/Agilent_ICT/boards/e14_gen7_amd|RevA|sb21u04113r5_220||sb21u04113r5_220
{@BTEST|6683000933|00|050101075846|000017|0|all||n||050101075903||1
{@BLOCK|pc1439|00
{@A-CAP|0|+9.026992E-04{@LIM3|+8.411010E-04|+1.093431E-03|+5.862844E-04}}
}
{@BLOCK|pc1404|00
{@A-CAP|0|+2.958105E-03{@LIM3|+3.210000E-03|+4.494000E-03|+1.926000E-03}}
}
{@BLOCK|pc1461|00
{@A-CAP|0|+2.122505E-04{@LIM3|+2.022010E-04|+2.628613E-04|+1.415407E-04}}
}
{@BLOCK|ca1|00
{@A-CAP|0|+2.592299E-05{@LIM3|+2.040000E-05|+3.060000E-05|+1.020000E-05}}
}
{@BLOCK|ca68|00
{@A-CAP|0|+5.593148E-06{@LIM3|+5.900000E-06|+7.670000E-06|+4.130000E-06}}
}
{@BLOCK|cc550|00
{@A-CAP|0|+9.535256E-05{@LIM3|+8.640000E-05|+1.123200E-04|+6.048000E-05}}
}
{@BLOCK|cc553|00
{@A-CAP|0|+3.771051E-05{@LIM3|+3.110000E-05|+4.043000E-05|+2.177000E-05}}
}
{@BLOCK|cc560|00
{@A-CAP|0|+4.282946E-05{@LIM3|+4.161000E-05|+7.073700E-05|+1.248300E-05}}
}
{@BLOCK|cc568|00
{@A-CAP|0|+1.228235E-04{@LIM3|+1.200000E-04|+1.560000E-04|+8.400000E-05}}
}
{@BLOCK|cc649|00
{@A-CAP|0|+2.361413E-04{@LIM3|+2.131000E-04|+2.770300E-04|+1.491406E-04}}
}
{@BLOCK|cc613|00
{@A-CAP|0|+1.598052E-04{@LIM3|+1.460000E-04|+1.898000E-04|+1.022000E-04}}
}
{@BLOCK|ck5|00
{@A-CAP|0|+1.109124E-05{@LIM3|+1.130000E-05|+1.469000E-05|+7.910000E-06}}
}
{@BLOCK|ck101|00
{@A-CAP|0|+1.102271E-05{@LIM3|+1.130000E-05|+1.469000E-05|+7.910000E-06}}
}
{@BLOCK|cn8|00
{@A-CAP|0|+2.434154E-05{@LIM3|+2.120000E-05|+2.756000E-05|+1.484000E-05}}
}
{@BLOCK|cu1115|00
{@A-CAP|0|+2.015113E-04{@LIM3|+1.988000E-04|+2.584400E-04|+1.391326E-04}}
}
{@BLOCK|cu611|00
{@A-CAP|0|+3.030747E-05{@LIM3|+3.000000E-05|+4.500000E-05|+1.500000E-05}}
}
{@BLOCK|cu622|00
{@A-CAP|0|+1.605306E-05{@LIM3|+1.470000E-05|+1.911000E-05|+1.029000E-05}}
}
{@BLOCK|cc359|00
{@A-CAP|0|+1.009061E-07{@LIM3|+1.000000E-07|+1.300000E-07|+7.000000E-08}}
}
{@BLOCK|pc1133|00
{@A-CAP|0|+2.752147E-04{@LIM3|+2.931100E-04|+3.810430E-04|+2.051160E-04}}
}
{@BLOCK|pc6235|00
{@A-CAP|0|+2.888874E-04{@LIM3|+3.171000E-04|+4.122300E-04|+2.215311E-04}}
}
{@BLOCK|ca59|00
{@A-CAP|0|+9.739977E-08{@LIM3|+1.000000E-07|+1.200000E-07|+8.000000E-08}}
}
{@BLOCK|ce31|00
{@A-CAP|0|+1.065764E-09{@LIM3|+1.000000E-09|+1.177000E-09|+8.000000E-10}}
}
{@BLOCK|cr59|00
{@A-CAP|0|+1.120659E-06{@LIM3|+1.202000E-06|+1.562600E-06|+8.414000E-07}}
}
{@BLOCK|ci301|00
{@A-CAP|0|+1.001236E-07{@LIM3|+1.000000E-07|+1.200000E-07|+8.000000E-08}}
}
{@BLOCK|cn21|00
{@A-CAP|0|+1.174643E-06{@LIM3|+1.200000E-06|+1.560000E-06|+8.400000E-07}}
}
{@BLOCK|cl11|00
{@A-CAP|0|+1.101830E-07{@LIM3|+1.000000E-07|+1.450000E-07|+7.000000E-08}}
}
{@BLOCK|ci206|00
{@A-CAP|0|+2.788976E-05{@LIM3|+2.310000E-05|+3.003000E-05|+1.616681E-05}}
}
{@BLOCK|cu4|00
{@A-CAP|0|+9.581004E-08{@LIM3|+1.000000E-07|+1.200000E-07|+8.000000E-08}}
}
{@BLOCK|cu7|00
{@A-CAP|0|+4.755359E-06{@LIM3|+4.800000E-06|+5.760000E-06|+3.840000E-06}}
}
{@BLOCK|cu9|00
{@A-CAP|0|+4.504567E-06{@LIM3|+4.800000E-06|+5.760000E-06|+3.360000E-06}}
}
{@BLOCK|cu29|00
{@A-CAP|0|+5.950756E-06{@LIM3|+6.000000E-06|+1.050000E-05|+1.800000E-06}}
}
{@BLOCK|cu32|00
{@A-CAP|0|+6.616280E-06{@LIM3|+6.700000E-06|+1.139000E-05|+2.010000E-06}}
}
{@BLOCK|cu623|00
{@A-CAP|0|+9.326568E-08{@LIM3|+1.000000E-07|+1.300000E-07|+7.000000E-08}}
}
{@BLOCK|cu625|00
{@A-CAP|0|+8.451342E-08{@LIM3|+1.300000E-07|+2.275000E-07|+3.900000E-08}}
}
{@BLOCK|cu606|00
{@A-CAP|0|+2.607102E-05{@LIM3|+2.410000E-05|+3.133000E-05|+1.686667E-05}}
}
{@BLOCK|cu627|00
{@A-CAP|0|+1.003553E-07{@LIM3|+1.000000E-07|+1.300000E-07|+7.000000E-08}}
}
{@BLOCK|cu1103|00
{@A-CAP|0|+1.520763E-04{@LIM3|+1.502000E-04|+1.952600E-04|+1.049984E-04}}
}
{@BLOCK|cv600|00
{@A-CAP|0|+1.023021E-07{@LIM3|+1.000000E-07|+1.300000E-07|+7.000000E-08}}
}
{@BLOCK|cv913|00
{@A-CAP|0|+1.168397E-06{@LIM3|+1.100000E-06|+1.430000E-06|+7.700000E-07}}
}
{@BLOCK|cv911|00
{@A-CAP|0|+1.137139E-06{@LIM3|+1.100000E-06|+1.430000E-06|+7.700000E-07}}
}
{@BLOCK|cv915|00
{@A-CAP|0|+1.011713E-07{@LIM3|+1.000000E-07|+1.300000E-07|+7.000000E-08}}
}
{@BLOCK|pc1010|00
{@A-CAP|0|+9.086258E-08{@LIM3|+1.000000E-07|+1.300000E-07|+7.000000E-08}}
}
{@BLOCK|pc5347|00
{@A-CAP|0|+1.047169E-05{@LIM3|+1.001100E-05|+1.301430E-05|+7.007700E-06}}
}
{@BLOCK|pc6206|00
{@A-CAP|0|+9.378028E-08{@LIM3|+1.000000E-07|+1.200000E-07|+7.000000E-08}}
}
{@BLOCK|cc572|00
{@A-CAP|0|+1.928467E-06{@LIM3|+1.820000E-06|+2.184000E-06|+1.456000E-06}}
}
{@BLOCK|ce1|00
{@A-CAP|0|+1.169242E-06{@LIM3|+1.000000E-06|+1.300000E-06|+7.000000E-07}}
}
{@BLOCK|ce21|00
{@A-CAP|0|+1.068491E-06{@LIM3|+1.000000E-06|+1.300000E-06|+7.000000E-07}}
}
{@BLOCK|pc300|00
{@A-CAP|0|+9.727230E-07{@LIM3|+1.000000E-06|+1.300000E-06|+7.000000E-07}}
}
{@BLOCK|pc1004|00
{@A-CAP|0|+1.331362E-06{@LIM3|+1.200000E-06|+1.800000E-06|+6.000000E-07}}
}
{@BLOCK|pc1006|00
{@A-CAP|0|+1.059168E-06{@LIM3|+1.000000E-06|+1.300000E-06|+7.000000E-07}}
}
{@BLOCK|pc1011|00
{@A-CAP|0|+9.939629E-07{@LIM3|+1.000000E-06|+1.200000E-06|+8.000000E-07}}
}
{@BLOCK|pc5321|00
{@A-CAP|0|+2.483323E-06{@LIM3|+2.000000E-06|+3.400000E-06|+6.000000E-07}}
}
{@BLOCK|ca65|00
{@A-CAP|0|+2.303024E-06{@LIM3|+2.200000E-06|+2.860000E-06|+1.540000E-06}}
}
{@BLOCK|ca400|00
{@A-CAP|0|+1.257494E-09{@LIM3|+1.200000E-09|+1.440000E-09|+9.600000E-10}}
}
{@BLOCK|ca401|00
{@A-CAP|0|+1.259034E-09{@LIM3|+1.200000E-09|+1.412400E-09|+9.600000E-10}}
}
{@BLOCK|ca408|00
{@A-CAP|0|+1.125189E-09{@LIM3|+1.000000E-09|+1.300000E-09|+7.000000E-10}}
}
{@BLOCK|ca409|00
{@A-CAP|0|+1.187272E-09{@LIM3|+1.000000E-09|+1.300000E-09|+7.000000E-10}}
}
{@BLOCK|ca410|00
{@A-CAP|0|+1.200645E-09{@LIM3|+1.000000E-09|+1.300000E-09|+7.000000E-10}}
}
{@BLOCK|ca411|00
{@A-CAP|0|+1.218378E-09{@LIM3|+1.000000E-09|+1.300000E-09|+7.000000E-10}}
}
{@BLOCK|cn19|00
{@A-CAP|0|+1.190140E-09{@LIM3|+1.200000E-09|+1.680000E-09|+9.600000E-10}}
}
{@BLOCK|cc951|00
{@A-CAP|0|+4.472790E-08{@LIM3|+3.400000E-08|+5.780000E-08|+1.700000E-08}}
}
{@BLOCK|cc953|00
{@A-CAP|0|+4.533057E-08{@LIM3|+4.300000E-08|+6.450000E-08|+1.290000E-08}}
}
{@BLOCK|cd7|00
{@A-CAP|0|+9.679147E-09{@LIM3|+1.000000E-08|+1.200000E-08|+8.000000E-09}}
}
{@BLOCK|ci114|00
{@A-CAP|0|+9.338150E-09{@LIM3|+1.000000E-08|+1.200000E-08|+8.000000E-09}}
}
{@BLOCK|cv906|00
{@A-CAP|0|+1.125092E-08{@LIM3|+1.000000E-08|+1.200000E-08|+8.000000E-09}}
}
{@BLOCK|pc1000|00
{@A-CAP|0|+1.000052E-08{@LIM3|+1.000000E-08|+1.200000E-08|+8.000000E-09}}
}
{@BLOCK|cs203|00
{@A-CAP|0|+2.015028E-09{@LIM3|+2.200000E-09|+2.640000E-09|+1.760000E-09}}
}
{@BLOCK|cs209|00
{@A-CAP|0|+2.044870E-09{@LIM3|+2.200000E-09|+2.640000E-09|+1.760000E-09}}
}
{@BLOCK|cc251|00
{@A-CAP|0|+3.579563E-09{@LIM3|+3.300000E-09|+3.960000E-09|+2.640000E-09}}
}
{@BLOCK|cc253|00
{@A-CAP|0|+2.086198E-09{@LIM3|+2.200000E-09|+2.640000E-09|+1.760000E-09}}
}
{@BLOCK|cc254|00
{@A-CAP|0|+2.148605E-09{@LIM3|+2.200000E-09|+2.640000E-09|+1.760000E-09}}
}
{@BLOCK|cs202|00
{@A-CAP|0|+1.993002E-09{@LIM3|+2.200000E-09|+2.640000E-09|+1.760000E-09}}
}
{@BLOCK|cu916|00
{@A-CAP|0|+3.634358E-10{@LIM3|+3.400000E-10|+4.327272E-10|+2.720000E-10}}
}
{@BLOCK|cu917|00
{@A-CAP|0|+3.777752E-10{@LIM3|+3.400000E-10|+4.327272E-10|+2.720000E-10}}
}
{@BLOCK|cu922|00
{@A-CAP|0|+3.824918E-10{@LIM3|+3.400000E-10|+4.327272E-10|+2.720000E-10}}
}
{@BLOCK|cu925|00
{@A-CAP|0|+3.912635E-10{@LIM3|+3.400000E-10|+4.327272E-10|+2.720000E-10}}
}
{@BLOCK|pc5302|00
{@A-CAP|0|+4.555669E-08{@LIM3|+4.700000E-08|+5.640000E-08|+3.760000E-08}}
}
{@BLOCK|pr1|00
{@A-RES|0|+9.978832E+03{@LIM3|+1.000000E+04|+1.100000E+04|+9.000000E+03}}
}
{@BLOCK|pr1005|00
{@A-RES|0|+9.957385E+03{@LIM3|+1.000000E+04|+1.100000E+04|+9.000000E+03}}
}
{@BLOCK|pr1036|00
{@A-RES|0|+9.756028E+03{@LIM3|+1.000000E+04|+1.100000E+04|+9.000000E+03}}
}
{@BLOCK|pr5329|00
{@A-RES|0|+9.906115E+03{@LIM3|+1.000000E+04|+1.100000E+04|+9.000000E+03}}
}
{@BLOCK|ra65|00
{@A-RES|0|+9.963883E+03{@LIM3|+1.000000E+04|+1.100000E+04|+9.000000E+03}}
}
{@BLOCK|ra401|00
{@A-RES|0|+1.003070E+04{@LIM3|+1.000000E+04|+1.100000E+04|+9.000000E+03}}
}
{@BLOCK|rc148|00
{@A-RES|0|+1.026370E+04{@LIM3|+1.000000E+04|+1.100000E+04|+9.000000E+03}}
}
{@BLOCK|rc165|00
{@A-RES|0|+9.919833E+03{@LIM3|+1.000000E+04|+1.100000E+04|+9.000000E+03}}
}
{@BLOCK|rc185|00
{@A-RES|0|+1.012586E+04{@LIM3|+1.000000E+04|+1.100000E+04|+9.000000E+03}}
}
{@BLOCK|rc196|00
{@A-RES|0|+9.967616E+03{@LIM3|+1.000000E+04|+1.100000E+04|+9.000000E+03}}
}
{@BLOCK|rc199|00
{@A-RES|0|+9.866753E+03{@LIM3|+1.000000E+04|+1.100000E+04|+9.000000E+03}}
}
{@BLOCK|rc211|00
{@A-RES|0|+1.008214E+04{@LIM3|+1.000000E+04|+1.100000E+04|+9.000000E+03}}
}
{@BLOCK|rc214|00
{@A-RES|0|+9.924253E+03{@LIM3|+1.000000E+04|+1.100000E+04|+9.000000E+03}}
}
{@BLOCK|rc218|00
{@A-RES|0|+1.011047E+04{@LIM3|+1.000000E+04|+1.100000E+04|+9.000000E+03}}
}
{@BLOCK|rc220%ra|00
{@A-RES|0|+1.046439E+04{@LIM3|+1.000000E+04|+1.100000E+04|+9.000000E+03}}
}
{@BLOCK|rc220%rb|00
{@A-RES|0|+1.028751E+04{@LIM3|+1.000000E+04|+1.100000E+04|+9.000000E+03}}
}
{@BLOCK|rc221|00
{@A-RES|0|+1.001856E+04{@LIM3|+1.000000E+04|+1.100000E+04|+9.000000E+03}}
}
{@BLOCK|rc224|00
{@A-RES|0|+9.900361E+03{@LIM3|+1.000000E+04|+1.100000E+04|+9.000000E+03}}
}
{@BLOCK|rc234|00
{@A-RES|0|+1.021529E+04{@LIM3|+1.000000E+04|+1.100000E+04|+9.000000E+03}}
}
{@BLOCK|rc240|00
{@A-RES|0|+9.963883E+03{@LIM3|+1.000000E+04|+1.100000E+04|+9.000000E+03}}
}
{@BLOCK|rc254|00
{@A-RES|0|+1.002924E+04{@LIM3|+1.000000E+04|+1.100000E+04|+9.000000E+03}}
}
{@BLOCK|rc273|00
{@A-RES|0|+1.008355E+04{@LIM3|+1.000000E+04|+1.500000E+04|+5.000000E+03}}
}
{@BLOCK|rc280|00
{@A-RES|0|+9.922476E+03{@LIM3|+1.000000E+04|+1.100000E+04|+9.000000E+03}}
}
{@BLOCK|rc290|00
{@A-RES|0|+9.987449E+03{@LIM3|+1.000000E+04|+1.100000E+04|+9.000000E+03}}
}
{@BLOCK|rc296|00
{@A-RES|0|+9.977715E+03{@LIM3|+1.000000E+04|+1.400000E+04|+6.000000E+03}}
}
{@BLOCK|rc352|00
{@A-RES|0|+9.982041E+03{@LIM3|+1.000000E+04|+1.100000E+04|+9.000000E+03}}
}
{@BLOCK|rc353|00
{@A-RES|0|+9.998117E+03{@LIM3|+1.000000E+04|+1.100000E+04|+9.000000E+03}}
}
{@BLOCK|rc359|00
{@A-RES|0|+9.987795E+03{@LIM3|+1.000000E+04|+1.150000E+04|+8.500000E+03}}
}
{@BLOCK|rc966|00
{@A-RES|0|+9.945792E+03{@LIM3|+1.000000E+04|+1.100000E+04|+9.000000E+03}}
}
{@BLOCK|rc971|00
{@A-RES|0|+1.000227E+04{@LIM3|+1.000000E+04|+1.100000E+04|+9.000000E+03}}
}
{@BLOCK|rc972|00
{@A-RES|0|+1.037867E+04{@LIM3|+1.000000E+04|+1.100000E+04|+9.000000E+03}}
}
{@BLOCK|rd5|00
{@A-RES|0|+9.823530E+03{@LIM3|+1.000000E+04|+1.100000E+04|+9.000000E+03}}
}
{@BLOCK|re17|00
{@A-RES|0|+9.897691E+03{@LIM3|+1.000000E+04|+1.100000E+04|+9.000000E+03}}
}
{@BLOCK|re24|00
{@A-RES|0|+1.003962E+04{@LIM3|+1.000000E+04|+1.100000E+04|+9.000000E+03}}
}
{@BLOCK|re96%ra|00
{@A-RES|0|+1.008256E+04{@LIM3|+1.000000E+04|+1.100000E+04|+9.000000E+03}}
}
{@BLOCK|re96%rb|00
{@A-RES|0|+1.007111E+04{@LIM3|+1.000000E+04|+1.100000E+04|+9.000000E+03}}
}
{@BLOCK|re115|00
{@A-RES|0|+9.960440E+03{@LIM3|+1.000000E+04|+1.100000E+04|+9.000000E+03}}
}
{@BLOCK|re122|00
{@A-RES|0|+9.991145E+03{@LIM3|+1.000000E+04|+1.100000E+04|+9.000000E+03}}
}
{@BLOCK|re232|00
{@A-RES|0|+9.961751E+03{@LIM3|+1.000000E+04|+1.100000E+04|+9.000000E+03}}
}
{@BLOCK|re234|00
{@A-RES|0|+9.934229E+03{@LIM3|+1.000000E+04|+1.100000E+04|+9.000000E+03}}
}
{@BLOCK|ri108|00
{@A-RES|0|+9.997044E+03{@LIM3|+1.000000E+04|+1.100000E+04|+9.000000E+03}}
}
{@BLOCK|ri109|00
{@A-RES|0|+1.007765E+04{@LIM3|+1.000000E+04|+1.100000E+04|+9.000000E+03}}
}
{@BLOCK|rk15|00
{@A-RES|0|+9.945260E+03{@LIM3|+1.000000E+04|+1.100000E+04|+9.000000E+03}}
}
{@BLOCK|rk107|00
{@A-RES|0|+1.000295E+04{@LIM3|+1.000000E+04|+1.100000E+04|+9.000000E+03}}
}
{@BLOCK|rl17|00
{@A-RES|0|+9.877743E+03{@LIM3|+1.000000E+04|+1.100000E+04|+9.000000E+03}}
}
{@BLOCK|cv1|00
{@A-CAP|0|+1.007921E-07{@LIM3|+1.000000E-07|+1.300000E-07|+7.000000E-08}}
}
{@BLOCK|cv2|00
{@A-CAP|0|+9.309652E-08{@LIM3|+7.000000E-08|+1.120000E-07|+2.800000E-08}}
}
{@BLOCK|cv5|00
{@A-CAP|0|+8.698066E-08{@LIM3|+1.000000E-07|+1.300000E-07|+7.000000E-08}}
}
{@BLOCK|cv6|00
{@A-CAP|0|+1.061694E-07{@LIM3|+1.000000E-07|+1.300000E-07|+7.000000E-08}}
}
{@BLOCK|cv9|00
{@A-CAP|0|+1.047213E-07{@LIM3|+1.000000E-07|+1.300000E-07|+7.000000E-08}}
}
{@BLOCK|cv14|00
{@A-CAP|0|+9.347648E-08{@LIM3|+1.000000E-07|+1.300000E-07|+7.000000E-08}}
}
{@BLOCK|pc1012|00
{@A-CAP|0|+1.087960E-06{@LIM3|+1.000000E-06|+1.200000E-06|+8.000000E-07}}
}
{@BLOCK|rs206|00
{@A-RES|0|+9.954072E+03{@LIM3|+1.000000E+04|+1.100000E+04|+9.000000E+03}}
}
{@BLOCK|rl20|00
{@A-RES|0|+9.963883E+03{@LIM3|+1.000000E+04|+1.100000E+04|+9.000000E+03}}
}
{@BLOCK|rl36|00
{@A-RES|0|+1.001802E+04{@LIM3|+1.000000E+04|+1.100000E+04|+9.000000E+03}}
}
{@BLOCK|rn24|00
{@A-RES|0|+9.978832E+03{@LIM3|+1.000000E+04|+1.100000E+04|+9.000000E+03}}
}
{@BLOCK|rn25|00
{@A-RES|0|+1.003259E+04{@LIM3|+1.000000E+04|+1.100000E+04|+9.000000E+03}}
}
{@BLOCK|rn26|00
{@A-RES|0|+9.980971E+03{@LIM3|+1.000000E+04|+1.100000E+04|+9.000000E+03}}
}
{@BLOCK|rt14|00
{@A-RES|0|+1.034753E+04{@LIM3|+1.000000E+04|+1.100000E+04|+9.000000E+03}}
}
{@BLOCK|ru636|00
{@A-RES|0|+9.734609E+03{@LIM3|+1.000000E+04|+1.100000E+04|+9.000000E+03}}
}
{@BLOCK|ru640|00
{@A-RES|0|+9.906115E+03{@LIM3|+1.000000E+04|+1.100000E+04|+9.000000E+03}}
}
{@BLOCK|ru644|00
{@A-RES|0|+9.881303E+03{@LIM3|+1.000000E+04|+1.100000E+04|+9.000000E+03}}
}
{@BLOCK|ru1145|00
{@A-RES|0|+9.987270E+03{@LIM3|+1.000000E+04|+1.150000E+04|+8.500000E+03}}
}
{@BLOCK|ru1146|00
{@A-RES|0|+9.984628E+03{@LIM3|+1.000000E+04|+1.150000E+04|+8.500000E+03}}
}
{@BLOCK|rv906|00
{@A-RES|0|+9.915964E+03{@LIM3|+1.000000E+04|+1.100000E+04|+9.000000E+03}}
}
{@BLOCK|rv909|00
{@A-RES|0|+1.000797E+04{@LIM3|+1.000000E+04|+1.100000E+04|+9.000000E+03}}
}
{@BLOCK|pr100|00
{@A-RES|0|+1.031909E+02{@LIM3|+1.000000E+02|+1.110000E+02|+9.400000E+01}}
}
{@BLOCK|pr101|00
{@A-RES|0|+1.035165E+02{@LIM3|+1.000000E+02|+1.110000E+02|+9.400000E+01}}
}
{@BLOCK|pr1003|00
{@A-JUM|0|+3.514162E+00{@LIM2|+1.500000E+01|+0.000000E+00}}
}
{@BLOCK|pr1004|00
{@A-JUM|0|+3.322722E+00{@LIM2|+1.500000E+01|+0.000000E+00}}
}
{@BLOCK|pr1008|00
{@A-JUM|0|+3.644977E+00{@LIM2|+1.500000E+01|+0.000000E+00}}
}
{@BLOCK|pr1031|00
{@A-JUM|0|+3.070225E+00{@LIM2|+1.500000E+01|+0.000000E+00}}
}
{@BLOCK|pr1034|00
{@A-JUM|0|+2.647444E+00{@LIM2|+1.500000E+01|+0.000000E+00}}
}
{@BLOCK|pr102|00
{@A-RES|0|+9.974202E+05{@LIM3|+1.000000E+06|+1.250000E+06|+7.500000E+05}}
}
{@BLOCK|pr103|00
{@A-RES|0|+1.006458E+04{@LIM3|+1.000000E+04|+1.060000E+04|+9.400000E+03}}
}
{@BLOCK|pr302|00
{@A-RES|0|+1.002341E+04{@LIM3|+1.000000E+04|+1.060000E+04|+9.400000E+03}}
}
{@BLOCK|re1|00
{@A-RES|0|+9.967083E+03{@LIM3|+1.000000E+04|+1.060000E+04|+9.400000E+03}}
}
{@BLOCK|pr1608|00
{@A-RES|0|+9.846690E+04{@LIM3|+1.000000E+05|+1.150000E+05|+8.500000E+04}}
}
{@BLOCK|ra406|00
{@A-RES|0|+5.109596E+03{@LIM3|+5.110000E+03|+5.416600E+03|+4.803400E+03}}
}
{@BLOCK|rc10|00
{@A-RES|0|+9.896883E+04{@LIM3|+1.000000E+05|+1.150000E+05|+8.500000E+04}}
}
{@BLOCK|rc12|00
{@A-RES|0|+9.977412E+04{@LIM3|+1.000000E+05|+1.150000E+05|+8.500000E+04}}
}
{@BLOCK|rc21|00
{@A-RES|0|+9.912674E+04{@LIM3|+1.000000E+05|+1.150000E+05|+8.500000E+04}}
}
{@BLOCK|rc27|00
{@A-RES|0|+9.958221E+04{@LIM3|+1.000000E+05|+1.150000E+05|+8.500000E+04}}
}
{@BLOCK|rc237|00
{@A-RES|0|+1.015905E+05{@LIM3|+1.000000E+05|+1.150000E+05|+8.500000E+04}}
}
{@BLOCK|re6|00
{@A-RES|0|+9.919006E+04{@LIM3|+1.000000E+05|+1.150000E+05|+8.500000E+04}}
}
{@BLOCK|re13|00
{@A-RES|0|+1.004148E+05{@LIM3|+1.000000E+05|+1.150000E+05|+8.500000E+04}}
}
{@BLOCK|re14|00
{@A-RES|0|+9.978480E+04{@LIM3|+1.000000E+05|+1.150000E+05|+8.500000E+04}}
}
{@BLOCK|re25|00
{@A-RES|0|+9.998821E+04{@LIM3|+1.000000E+05|+1.150000E+05|+8.500000E+04}}
}
{@BLOCK|re32|00
{@A-RES|0|+9.898219E+04{@LIM3|+1.000000E+05|+1.150000E+05|+8.500000E+04}}
}
{@BLOCK|re34|00
{@A-RES|0|+9.985964E+04{@LIM3|+1.000000E+05|+1.150000E+05|+8.500000E+04}}
}
{@BLOCK|re38|00
{@A-RES|0|+9.892262E+04{@LIM3|+1.000000E+05|+1.150000E+05|+8.500000E+04}}
}
{@BLOCK|re43|00
{@A-RES|0|+9.557865E+04{@LIM3|+1.000000E+05|+1.150000E+05|+8.500000E+04}}
}
{@BLOCK|re44|00
{@A-RES|0|+2.698390E+04{@LIM3|+2.500000E+04|+2.875000E+04|+2.125000E+04}}
}
{@BLOCK|re46|00
{@A-RES|0|+1.007122E+05{@LIM3|+1.000000E+05|+1.150000E+05|+8.500000E+04}}
}
{@BLOCK|re47|00
{@A-RES|0|+1.000422E+05{@LIM3|+1.000000E+05|+1.150000E+05|+8.500000E+04}}
}
{@BLOCK|re58|00
{@A-RES|0|+7.560333E+04{@LIM3|+7.500000E+04|+8.250000E+04|+6.750000E+04}}
}
{@BLOCK|re82|00
{@A-RES|0|+9.897935E+04{@LIM3|+1.000000E+05|+1.150000E+05|+8.500000E+04}}
}
{@BLOCK|re83|00
{@A-RES|0|+9.915838E+04{@LIM3|+1.000000E+05|+1.150000E+05|+8.500000E+04}}
}
{@BLOCK|re92|00
{@A-RES|0|+9.997749E+04{@LIM3|+1.000000E+05|+1.150000E+05|+8.500000E+04}}
}
{@BLOCK|re119|00
{@A-RES|0|+1.005818E+05{@LIM3|+1.000000E+05|+1.150000E+05|+8.500000E+04}}
}
{@BLOCK|re235|00
{@A-RES|0|+9.279953E+04{@LIM3|+1.000000E+05|+1.150000E+05|+8.500000E+04}}
}
{@BLOCK|ri111|00
{@A-RES|0|+1.016570E+05{@LIM3|+1.000000E+05|+1.150000E+05|+8.500000E+04}}
}
{@BLOCK|ri204|00
{@A-RES|0|+9.981686E+04{@LIM3|+1.000000E+05|+1.150000E+05|+8.500000E+04}}
}
{@BLOCK|ri302|00
{@A-RES|0|+9.860234E+04{@LIM3|+1.000000E+05|+1.150000E+05|+8.500000E+04}}
}
{@BLOCK|ri306|00
{@A-RES|0|+9.960010E+04{@LIM3|+1.000000E+05|+1.150000E+05|+8.500000E+04}}
}
{@BLOCK|ri309|00
{@A-RES|0|+9.821784E+04{@LIM3|+1.000000E+05|+1.150000E+05|+8.500000E+04}}
}
{@BLOCK|ri315|00
{@A-RES|0|+9.953966E+04{@LIM3|+1.000000E+05|+1.150000E+05|+8.500000E+04}}
}
{@BLOCK|rn30|00
{@A-RES|0|+9.998821E+04{@LIM3|+1.000000E+05|+1.150000E+05|+8.500000E+04}}
}
{@BLOCK|rn37|00
{@A-RES|0|+1.003327E+05{@LIM3|+1.000000E+05|+1.150000E+05|+8.500000E+04}}
}
{@BLOCK|rr12|00
{@A-RES|0|+9.908458E+04{@LIM3|+1.000000E+05|+1.150000E+05|+8.500000E+04}}
}
{@BLOCK|rr17|00
{@A-RES|0|+1.047881E+05{@LIM3|+1.000000E+05|+1.150000E+05|+8.500000E+04}}
}
{@BLOCK|rr50|00
{@A-RES|0|+9.871723E+04{@LIM3|+1.000000E+05|+1.150000E+05|+8.500000E+04}}
}
{@BLOCK|rr52|00
{@A-RES|0|+9.961414E+04{@LIM3|+1.000000E+05|+1.150000E+05|+8.500000E+04}}
}
{@BLOCK|rr56|00
{@A-RES|0|+9.911620E+04{@LIM3|+1.000000E+05|+1.150000E+05|+8.500000E+04}}
}
{@BLOCK|ru14|00
{@A-RES|0|+4.965837E+04{@LIM3|+5.000000E+04|+5.750000E+04|+4.250000E+04}}
}
{@BLOCK|ru93|00
{@A-RES|0|+1.003327E+05{@LIM3|+1.000000E+05|+1.150000E+05|+8.500000E+04}}
}
{@BLOCK|ru94|00
{@A-RES|0|+9.891631E+04{@LIM3|+1.000000E+05|+1.150000E+05|+8.500000E+04}}
}
{@BLOCK|rv6|00
{@A-RES|0|+9.740649E+04{@LIM3|+1.000000E+05|+1.250000E+05|+7.500000E+04}}
}
{@BLOCK|rv7|00
{@A-RES|0|+9.925343E+04{@LIM3|+1.000000E+05|+1.150000E+05|+8.500000E+04}}
}
{@BLOCK|rv9|00
{@A-RES|0|+1.002571E+05{@LIM3|+1.000000E+05|+1.150000E+05|+8.500000E+04}}
}
{@BLOCK|rv16|00
{@A-RES|0|+9.901089E+04{@LIM3|+1.000000E+05|+1.150000E+05|+8.500000E+04}}
}
{@BLOCK|rv511|00
{@A-RES|0|+9.887433E+04{@LIM3|+1.000000E+05|+1.150000E+05|+8.500000E+04}}
}
{@BLOCK|rv917|00
{@A-RES|0|+9.998061E+04{@LIM3|+1.000000E+05|+1.150000E+05|+8.500000E+04}}
}
{@BLOCK|rv923|00
{@A-RES|0|+1.002204E+05{@LIM3|+1.000000E+05|+1.150000E+05|+8.500000E+04}}
}
{@BLOCK|pr6214|00
{@A-RES|0|+9.996906E+04{@LIM3|+1.000000E+05|+1.150000E+05|+8.500000E+04}}
}
{@BLOCK|rs221|00
{@A-RES|0|+1.692302E+04{@LIM3|+1.680000E+04|+1.780800E+04|+1.579200E+04}}
}
{@BLOCK|rs222|00
{@A-RES|0|+1.177056E+04{@LIM3|+1.180000E+04|+1.250800E+04|+1.109200E+04}}
}
{@BLOCK|pr301|00
{@A-RES|0|+1.002427E+05{@LIM3|+1.000000E+05|+1.110000E+05|+8.900000E+04}}
}
{@BLOCK|pr5315|00
{@A-RES|0|+9.989153E+04{@LIM3|+1.000000E+05|+1.110000E+05|+8.900000E+04}}
}
{@BLOCK|pr6225|00
{@A-RES|0|+1.001817E+05{@LIM3|+1.000000E+05|+1.110000E+05|+8.900000E+04}}
}
{@BLOCK|ri114|00
{@A-RES|0|+2.334886E+04{@LIM3|+2.500000E+04|+3.125000E+04|+2.125000E+04}}
}
{@BLOCK|rs224|00
{@A-RES|0|+1.072341E+05{@LIM3|+1.000000E+05|+1.400000E+05|+6.000000E+04}}
}
{@BLOCK|ru50|00
{@A-RES|0|+9.999996E+04{@LIM3|+1.000000E+05|+1.110000E+05|+8.900000E+04}}
}
{@BLOCK|pr1803|00
{@A-RES|0|+1.002546E+03{@LIM3|+1.000000E+03|+1.060000E+03|+9.400000E+02}}
}
{@BLOCK|pr1019|00
{@A-RES|0|+5.020607E+03{@LIM3|+4.700000E+03|+5.170000E+03|+4.230000E+03}}
}
{@BLOCK|pr1020|00
{@A-RES|0|+4.743975E+03{@LIM3|+4.700000E+03|+5.170000E+03|+4.230000E+03}}
}
{@BLOCK|pr1620|00
{@A-RES|0|+4.760427E+03{@LIM3|+4.700000E+03|+5.170000E+03|+4.230000E+03}}
}
{@BLOCK|rb13|00
{@A-RES|0|+4.675247E+03{@LIM3|+4.700000E+03|+5.170000E+03|+4.230000E+03}}
}
{@BLOCK|ri242%r1|00
{@A-RES|0|+4.712634E+03{@LIM3|+4.700000E+03|+5.170000E+03|+4.230000E+03}}
}
{@BLOCK|ri242%r2|00
{@A-RES|0|+4.704300E+03{@LIM3|+4.700000E+03|+5.170000E+03|+4.230000E+03}}
}
{@BLOCK|ri256|00
{@A-RES|0|+4.707392E+03{@LIM3|+4.700000E+03|+5.170000E+03|+4.230000E+03}}
}
{@BLOCK|rk5|00
{@A-RES|0|+4.883933E+03{@LIM3|+4.700000E+03|+5.170000E+03|+4.230000E+03}}
}
{@BLOCK|rk102|00
{@A-RES|0|+4.824716E+03{@LIM3|+4.700000E+03|+5.170000E+03|+4.230000E+03}}
}
{@BLOCK|ru21|00
{@A-RES|0|+4.705489E+03{@LIM3|+4.700000E+03|+5.170000E+03|+4.230000E+03}}
}
{@BLOCK|ru25|00
{@A-RES|0|+4.561195E+03{@LIM3|+4.700000E+03|+5.170000E+03|+4.230000E+03}}
}
{@BLOCK|ru44|00
{@A-RES|0|+4.693629E+03{@LIM3|+4.700000E+03|+5.170000E+03|+4.230000E+03}}
}
{@BLOCK|ru45|00
{@A-RES|0|+4.691737E+03{@LIM3|+4.700000E+03|+5.170000E+03|+4.230000E+03}}
}
{@BLOCK|ru46|00
{@A-RES|0|+4.700501E+03{@LIM3|+4.700000E+03|+5.170000E+03|+4.230000E+03}}
}
{@BLOCK|ru47|00
{@A-RES|0|+4.705965E+03{@LIM3|+4.700000E+03|+5.170000E+03|+4.230000E+03}}
}
{@BLOCK|ru614|00
{@A-RES|0|+4.738467E+03{@LIM3|+4.700000E+03|+5.170000E+03|+4.230000E+03}}
}
{@BLOCK|ru615|00
{@A-RES|0|+4.745019E+03{@LIM3|+4.700000E+03|+5.170000E+03|+4.230000E+03}}
}
{@BLOCK|pr1040|00
{@A-RES|0|+1.985797E+06{@LIM3|+2.000000E+06|+2.500000E+06|+1.500000E+06}}
}
{@BLOCK|ru932|00
{@A-RES|0|+2.002405E+06{@LIM3|+2.000000E+06|+2.500000E+06|+1.500000E+06}}
}
{@BLOCK|pr1041|00
{@A-RES|0|+1.325629E+05{@LIM3|+1.330000E+05|+1.476300E+05|+1.183700E+05}}
}
{@BLOCK|pr1042|00
{@A-RES|0|+4.827773E+04{@LIM3|+4.990000E+04|+5.788400E+04|+4.191600E+04}}
}
{@BLOCK|pr1043|00
{@A-RES|0|+4.765659E+04{@LIM3|+4.990000E+04|+5.788400E+04|+4.191600E+04}}
}
{@BLOCK|pr1604|00
{@A-JUM|0|+3.008060E+00{@LIM2|+1.500000E+01|+0.000000E+00}}
}
{@BLOCK|pr1710|00
{@A-JUM|0|+3.226140E+00{@LIM2|+1.500000E+01|+0.000000E+00}}
}
{@BLOCK|ra407|00
{@A-RES|0|+3.909758E+04{@LIM3|+3.920000E+04|+4.312000E+04|+3.528000E+04}}
}
{@BLOCK|pr5324|00
{@A-RES|0|+1.353460E+05{@LIM3|+1.370000E+05|+1.520700E+05|+1.219300E+05}}
}
{@BLOCK|rc33%r1_4|00
{@A-RES|0|+1.007877E+03{@LIM3|+1.000000E+03|+1.150000E+03|+8.500000E+02}}
}
{@BLOCK|rc33%r2_3|00
{@A-RES|0|+1.004869E+03{@LIM3|+1.000000E+03|+1.100000E+03|+9.000000E+02}}
}
{@BLOCK|rc34%r1_4|00
{@A-RES|0|+1.006535E+03{@LIM3|+1.000000E+03|+1.150000E+03|+8.500000E+02}}
}
{@BLOCK|rc34%r2_3|00
{@A-RES|0|+1.001202E+03{@LIM3|+1.000000E+03|+1.150000E+03|+8.500000E+02}}
}
{@BLOCK|rc552|00
{@A-RES|0|+9.965445E+02{@LIM3|+1.000000E+03|+1.100000E+03|+9.000000E+02}}
}
{@BLOCK|rc951|00
{@A-RES|0|+1.005781E+03{@LIM3|+1.000000E+03|+1.100000E+03|+9.000000E+02}}
}
{@BLOCK|rc960|00
{@A-RES|0|+1.022840E+03{@LIM3|+1.000000E+03|+1.100000E+03|+9.000000E+02}}
}
{@BLOCK|rc961|00
{@A-RES|0|+1.006008E+03{@LIM3|+1.000000E+03|+1.100000E+03|+9.000000E+02}}
}
{@BLOCK|rc962|00
{@A-RES|0|+9.906145E+02{@LIM3|+1.000000E+03|+1.100000E+03|+9.000000E+02}}
}
{@BLOCK|rc963|00
{@A-RES|0|+9.956824E+02{@LIM3|+1.000000E+03|+1.100000E+03|+9.000000E+02}}
}
{@BLOCK|pr6215|00
{@A-RES|0|+9.946302E+05{@LIM3|+1.000000E+06|+1.210000E+06|+7.900000E+05}}
}
{@BLOCK|pr6216|00
{@A-RES|0|+9.978489E+05{@LIM3|+1.000000E+06|+1.210000E+06|+7.900000E+05}}
}
{@BLOCK|pq6203%qf2|00
{@A-NFE|0|+9.230922E+01{@LIM2|+2.000000E+02|+2.000000E+01}}
}
{@BLOCK|prt300|00
{@A-RES|0|+6.486481E+02{@LIM3|+5.400000E+02|+7.290000E+02|+3.510000E+02}}
}
{@BLOCK|prt301|00
{@A-RES|0|+6.577560E+02{@LIM3|+5.400000E+02|+7.290000E+02|+3.510000E+02}}
}
{@BLOCK|prt303|00
{@A-RES|0|+6.542935E+02{@LIM3|+5.400000E+02|+7.290000E+02|+3.510000E+02}}
}
{@BLOCK|prt304|00
{@A-RES|0|+6.381684E+02{@LIM3|+5.400000E+02|+7.290000E+02|+3.510000E+02}}
}
{@BLOCK|prt305|00
{@A-RES|0|+6.521422E+02{@LIM3|+5.400000E+02|+7.290000E+02|+3.510000E+02}}
}
{@BLOCK|rc241%r1_4|00
{@A-RES|0|+2.265142E+03{@LIM3|+2.200000E+03|+2.420000E+03|+1.980000E+03}}
}
{@BLOCK|rc241%r2_3|00
{@A-RES|0|+2.251232E+03{@LIM3|+2.200000E+03|+2.420000E+03|+1.980000E+03}}
}
{@BLOCK|rc242%r1_4|00
{@A-RES|0|+2.194774E+03{@LIM3|+2.200000E+03|+2.420000E+03|+1.980000E+03}}
}
{@BLOCK|rc242%r2_3|00
{@A-RES|0|+2.186220E+03{@LIM3|+2.200000E+03|+2.420000E+03|+1.980000E+03}}
}
{@BLOCK|rc245%r1_4|00
{@A-RES|0|+2.191881E+03{@LIM3|+2.200000E+03|+2.420000E+03|+1.980000E+03}}
}
{@BLOCK|rc245%r2_3|00
{@A-RES|0|+2.193430E+03{@LIM3|+2.200000E+03|+2.420000E+03|+1.980000E+03}}
}
{@BLOCK|rc356%r1_4|00
{@A-RES|0|+2.196715E+03{@LIM3|+2.200000E+03|+2.420000E+03|+1.980000E+03}}
}
{@BLOCK|rc356%r2_3|00
{@A-RES|0|+2.194494E+03{@LIM3|+2.200000E+03|+2.420000E+03|+1.980000E+03}}
}
{@BLOCK|rc609|00
{@A-RES|0|+2.187325E+03{@LIM3|+2.200000E+03|+2.420000E+03|+1.980000E+03}}
}
{@BLOCK|re97%r1_4|00
{@A-RES|0|+2.259426E+03{@LIM3|+2.200000E+03|+2.420000E+03|+1.980000E+03}}
}
{@BLOCK|re97%r2_3|00
{@A-RES|0|+2.257783E+03{@LIM3|+2.200000E+03|+2.420000E+03|+1.980000E+03}}
}
{@BLOCK|re98%r1_4|00
{@A-RES|0|+2.201311E+03{@LIM3|+2.200000E+03|+2.420000E+03|+1.980000E+03}}
}
{@BLOCK|re98%r2_3|00
{@A-RES|0|+2.201311E+03{@LIM3|+2.200000E+03|+2.420000E+03|+1.980000E+03}}
}
{@BLOCK|re100%r2_3|00
{@A-RES|0|+2.193636E+03{@LIM3|+2.200000E+03|+2.420000E+03|+1.980000E+03}}
}
{@BLOCK|ri303%r1_4|00
{@A-RES|0|+2.194428E+03{@LIM3|+2.200000E+03|+2.420000E+03|+1.980000E+03}}
}
{@BLOCK|ri303%r2_3|00
{@A-RES|0|+2.188575E+03{@LIM3|+2.200000E+03|+2.750000E+03|+1.980000E+03}}
}
{@BLOCK|rv904%r1_4|00
{@A-RES|0|+2.197156E+03{@LIM3|+2.200000E+03|+2.420000E+03|+1.980000E+03}}
}
{@BLOCK|rv904%r2_3|00
{@A-RES|0|+2.213346E+03{@LIM3|+2.200000E+03|+2.420000E+03|+1.980000E+03}}
}
{@BLOCK|ra62|00
{@A-RES|0|+3.544878E+01{@LIM3|+3.300000E+01|+4.129999E+01|+2.970000E+01}}
}
{@BLOCK|rc144|00
{@A-RES|0|+3.664820E+01{@LIM3|+3.300000E+01|+4.129999E+01|+2.970000E+01}}
}
{@BLOCK|rc145|00
{@A-RES|0|+3.676876E+01{@LIM3|+3.300000E+01|+4.290000E+01|+2.310000E+01}}
}
{@BLOCK|rc146|00
{@A-RES|0|+3.640839E+01{@LIM3|+3.300000E+01|+4.129999E+01|+2.970000E+01}}
}
{@BLOCK|rc172|00
{@A-RES|0|+3.601977E+01{@LIM3|+3.300000E+01|+4.129999E+01|+2.970000E+01}}
}
{@BLOCK|ra402|00
{@A-RES|0|+6.823073E+03{@LIM3|+6.800000E+03|+7.208000E+03|+6.392000E+03}}
}
{@BLOCK|ri218|00
{@A-RES|0|+1.023828E+02{@LIM3|+1.000000E+02|+1.150000E+02|+9.000000E+01}}
}
{@BLOCK|ri221|00
{@A-RES|0|+1.044359E+02{@LIM3|+1.000000E+02|+1.150000E+02|+9.000000E+01}}
}
{@BLOCK|ri228|00
{@A-RES|0|+1.030260E+02{@LIM3|+1.000000E+02|+1.150000E+02|+9.000000E+01}}
}
{@BLOCK|ri231|00
{@A-RES|0|+1.031624E+02{@LIM3|+1.000000E+02|+1.150000E+02|+9.000000E+01}}
}
{@BLOCK|ri236|00
{@A-RES|0|+1.039366E+02{@LIM3|+1.000000E+02|+1.150000E+02|+9.000000E+01}}
}
{@BLOCK|ru82|00
{@A-RES|0|+1.029806E+02{@LIM3|+1.000000E+02|+1.150000E+02|+9.000000E+01}}
}
{@BLOCK|ru83|00
{@A-RES|0|+1.020024E+02{@LIM3|+1.000000E+02|+1.200000E+02|+8.000000E+01}}
}
{@BLOCK|rt8|00
{@A-RES|0|+2.482416E+01{@LIM3|+2.200000E+01|+2.920001E+01|+1.980000E+01}}
}
{@BLOCK|rt11|00
{@A-RES|0|+2.486378E+01{@LIM3|+2.200000E+01|+2.920001E+01|+1.980000E+01}}
}
{@BLOCK|rc5|00
{@A-RES|0|+2.021145E+03{@LIM3|+2.000000E+03|+2.200000E+03|+1.800000E+03}}
}
{@BLOCK|rc6|00
{@A-RES|0|+2.010893E+03{@LIM3|+2.000000E+03|+2.120000E+03|+1.880000E+03}}
}
{@BLOCK|rc141|00
{@A-RES|0|+2.036648E+04{@LIM3|+2.000000E+04|+2.200000E+04|+1.800000E+04}}
}
{@BLOCK|rc291|00
{@A-RES|0|+2.009249E+04{@LIM3|+2.000000E+04|+2.200000E+04|+1.800000E+04}}
}
{@BLOCK|rc968|00
{@A-RES|0|+1.979346E+04{@LIM3|+2.000000E+04|+2.200000E+04|+1.800000E+04}}
}
{@BLOCK|rc160|00
{@A-RES|0|+1.015677E+01{@LIM3|+1.000000E+01|+1.100000E+01|+9.000000E+00}}
}
{@BLOCK|rc164|00
{@A-RES|0|+1.038320E+01{@LIM3|+1.000000E+01|+1.200000E+01|+8.000000E+00}}
}
{@BLOCK|rc238|00
{@A-RES|0|+8.199344E+03{@LIM3|+8.200000E+03|+9.020000E+03|+7.380000E+03}}
}
{@BLOCK|rc265|00
{@A-RES|0|+4.403553E+05{@LIM3|+4.700000E+05|+5.405000E+05|+3.995000E+05}}
}
{@BLOCK|re3|00
{@A-RES|0|+5.105791E+04{@LIM3|+5.100000E+04|+5.406000E+04|+4.794000E+04}}
}
{@BLOCK|re4|00
{@A-RES|0|+3.297870E+04{@LIM3|+3.300000E+04|+3.498000E+04|+3.102000E+04}}
}
{@BLOCK|ri414|00
{@A-RES|0|+8.106306E+02{@LIM3|+8.060000E+02|+8.543600E+02|+7.576400E+02}}
}
{@BLOCK|ri415|00
{@A-RES|0|+3.700317E+02{@LIM3|+3.650000E+02|+3.869000E+02|+3.431000E+02}}
}
{@BLOCK|rr22|00
{@A-RES|0|+7.535091E+01{@LIM3|+7.500000E+01|+9.000000E+01|+6.000000E+01}}
}
{@BLOCK|ru1115|00
{@A-RES|0|+1.033616E+05{@LIM3|+1.047620E+05|+1.204763E+05|+8.904770E+04}}
}
{@BLOCK|ru1110|00
{@A-RES|0|+1.040357E+05{@LIM3|+1.047620E+05|+1.204763E+05|+8.904770E+04}}
}
{@BLOCK|rv3|00
{@A-RES|0|+2.707945E+03{@LIM3|+2.700000E+03|+2.862000E+03|+2.538000E+03}}
}
{@BLOCK|pq301|00
{@A-NFE|0|+9.228978E+01{@LIM2|+2.000000E+02|+2.000000E+01}}
}
{@BLOCK|pq1000%qf1|00
{@A-NFE|0|+1.062410E+02{@LIM2|+2.000000E+02|+2.000000E+01}}
}
{@BLOCK|pq1000%qf2|00
{@A-NFE|0|+8.458510E+01{@LIM2|+2.000000E+02|+2.000000E+01}}
}
{@BLOCK|pq5307%qf|00
{@A-NFE|0|+7.021189E+01{@LIM2|+2.000000E+02|+2.000000E+01}}
}
{@BLOCK|pq6201%qf|00
{@A-NFE|0|+8.303420E+01{@LIM2|+2.000000E+02|+2.000000E+01}}
}
{@BLOCK|pq6206%qf|00
{@A-NFE|0|+1.106864E+02{@LIM2|+2.000000E+02|+2.000000E+01}}
}
{@BLOCK|qa402|00
{@A-NFE|0|+8.963652E+01{@LIM2|+2.000000E+02|+2.000000E+01}}
}
{@BLOCK|qc1|00
{@A-NFE|0|+3.005652E+01{@LIM2|+2.000000E+02|+2.000000E+01}}
}
{@BLOCK|qc150|00
{@A-NFE|0|+4.056144E+01{@LIM2|+2.000000E+02|+2.000000E+01}}
}
{@BLOCK|qc250%qf1|00
{@A-NFE|0|+6.802742E+01{@LIM2|+2.000000E+02|+2.000000E+01}}
}
{@BLOCK|qc250%qf2|00
{@A-NFE|0|+1.320123E+02{@LIM2|+2.000000E+02|+2.000000E+01}}
}
{@BLOCK|qc256|00
{@A-NFE|0|+5.027111E+01{@LIM2|+2.000000E+02|+2.000000E+01}}
}
{@BLOCK|qc350%qf1|00
{@A-NFE|0|+5.689832E+01{@LIM2|+2.000000E+02|+2.000000E+01}}
}
{@BLOCK|qc350%qf2|00
{@A-NFE|0|+1.335433E+02{@LIM2|+2.000000E+02|+2.000000E+01}}
}
{@BLOCK|qc552|00
{@A-NFE|0|+3.812412E+01{@LIM2|+2.000000E+02|+2.000000E+01}}
}
{@BLOCK|qc553|00
{@A-NFE|0|+3.371797E+01{@LIM2|+2.000000E+02|+2.000000E+01}}
}
{@BLOCK|qi100|00
{@A-NFE|0|+5.570605E+01{@LIM2|+2.000000E+02|+2.000000E+01}}
}
{@BLOCK|ql3|00
{@A-NFE|0|+1.037183E+02{@LIM2|+2.000000E+02|+2.000000E+01}}
}
{@BLOCK|qn1%qf1|00
{@A-NFE|0|+6.410136E+01{@LIM2|+2.000000E+02|+2.000000E+01}}
}
{@BLOCK|qn1%qf2|00
{@A-NFE|0|+6.894178E+01{@LIM2|+2.000000E+02|+2.000000E+01}}
}
{@BLOCK|qr10|00
{@A-NFE|0|+1.275367E+02{@LIM2|+2.000000E+02|+2.000000E+01}}
}
{@BLOCK|qr16|00
{@A-NFE|0|+1.149742E+02{@LIM2|+2.000000E+02|+2.000000E+01}}
}
{@BLOCK|qt4|00
{@A-NFE|0|+9.879384E+01{@LIM2|+2.000000E+02|+2.000000E+01}}
}
{@BLOCK|qu600|00
{@A-NFE|0|+4.888717E+01{@LIM2|+2.000000E+02|+2.000000E+01}}
}
{@BLOCK|qu601|00
{@A-NFE|0|+8.457670E+01{@LIM2|+2.000000E+02|+2.000000E+01}}
}
{@BLOCK|qv901%qf1|00
{@A-NFE|0|+8.093236E+01{@LIM2|+2.000000E+02|+2.000000E+01}}
}
{@BLOCK|qv901%qf2|00
{@A-NFE|0|+1.376381E+02{@LIM2|+2.000000E+02|+2.000000E+01}}
}
{@BLOCK|qv902|00
{@A-NFE|0|+5.511221E+01{@LIM2|+2.000000E+02|+2.000000E+01}}
}
{@BLOCK|pq5301%f2|00
{@A-NFE|0|+5.117790E+01{@LIM2|+2.000000E+02|+2.000000E+01}}
}
{@BLOCK|pq5302%qf|00
{@A-PFE|0|+9.890615E+01{@LIM2|+2.000000E+02|+2.000000E+01}}
}
{@BLOCK|qv600|00
{@A-PFE|0|+7.779713E+01{@LIM2|+2.000000E+02|+2.000000E+01}}
}
{@BLOCK|da405|00
{@A-DIO|0|+7.437056E-01{@LIM2|+8.000000E-01|+4.000000E-01}}
}
{@BLOCK|da406|00
{@A-DIO|0|+7.137632E-01{@LIM2|+8.000000E-01|+4.000000E-01}}
}
{@BLOCK|dc3|00
{@A-DIO|0|+6.960641E-01{@LIM2|+8.000000E-01|+4.000000E-01}}
}
{@BLOCK|dc4|00
{@A-DIO|0|+6.949901E-01{@LIM2|+8.000000E-01|+4.000000E-01}}
}
{@BLOCK|di500|00
{@A-DIO|0|+6.916293E-01{@LIM2|+8.000000E-01|+2.000000E-01}}
}
{@BLOCK|dk1|00
{@A-DIO|0|+5.453640E-01{@LIM2|+8.000000E-01|+4.000000E-01}}
}
{@BLOCK|dk100|00
{@A-DIO|0|+5.317461E-01{@LIM2|+8.000000E-01|+4.000000E-01}}
}
{@BLOCK|du601|00
{@A-DIO|0|+7.876956E-01{@LIM2|+8.000000E-01|+4.000000E-01}}
}
{@BLOCK|du602|00
{@A-DIO|0|+6.059042E-01{@LIM2|+8.000000E-01|+2.000000E-01}}
}
{@BLOCK|dv4%cr2|00
{@A-DIO|0|+5.759938E-01{@LIM2|+8.000000E-01|+4.000000E-01}}
}
{@BLOCK|dv600%cr2|00
{@A-DIO|0|+6.316686E-01{@LIM2|+8.000000E-01|+4.000000E-01}}
}
{@BLOCK|dv601%cr1|00
{@A-DIO|0|+6.516445E-01{@LIM2|+8.000000E-01|+4.000000E-01}}
}
{@BLOCK|dv601%cr2|00
{@A-DIO|0|+7.308179E-01{@LIM2|+8.000000E-01|+4.000000E-01}}
}
{@BLOCK|dv601%cr5|00
{@A-DIO|0|+5.302855E-01{@LIM2|+8.000000E-01|+4.000000E-01}}
}
{@BLOCK|dv602%cr4|00
{@A-DIO|0|+6.347617E-01{@LIM2|+8.000000E-01|+4.000000E-01}}
}
{@BLOCK|dv602%cr5|00
{@A-DIO|0|+6.351483E-01{@LIM2|+8.000000E-01|+4.000000E-01}}
}
{@BLOCK|pd5%cr1|00
{@A-DIO|0|+5.744902E-01{@LIM2|+8.000000E-01|+4.000000E-01}}
}
{@BLOCK|pd5%cr2|00
{@A-DIO|0|+5.515072E-01{@LIM2|+8.000000E-01|+4.000000E-01}}
}
{@BLOCK|led1%cr_org|00
{@A-DIO|0|+1.961845E+00{@LIM2|+2.600000E+00|+1.600000E+00}}
}
{@BLOCK|led1%cr_whi|00
{@A-DIO|0|+3.125193E+00{@LIM2|+3.500000E+00|+2.350000E+00}}
}
{@BLOCK|pq5301%d1|00
{@A-DIO|0|+6.617828E-01{@LIM2|+8.000000E-01|+4.000000E-01}}
}
{@BLOCK|pq5301%d2|00
{@A-DIO|0|+5.378221E-01{@LIM2|+8.000000E-01|+4.000000E-01}}
}
{@BLOCK|pq300|00
{@A-DIO|0|+6.503987E-01|B-E{@LIM2|+8.000000E-01|+4.000000E-01}}
{@A-DIO|0|+6.688281E-01|B-C{@LIM2|+8.000000E-01|+4.000000E-01}}
}
{@BLOCK|pq303|00
{@A-DIO|0|+6.710190E-01|B-E{@LIM2|+8.050000E-01|+6.030000E-01}}
}
{@BLOCK|da400|00
{@A-DIO|0|+5.849088E-01{@LIM2|+8.000000E-01|+4.000000E-01}}
}
{@BLOCK|da401|00
{@A-DIO|0|+5.326725E-01{@LIM2|+8.000000E-01|+4.000000E-01}}
}
{@BLOCK|da403|00
{@A-DIO|0|+5.789590E-01{@LIM2|+8.000000E-01|+4.000000E-01}}
}
{@BLOCK|di502|00
{@A-DIO|0|+7.622372E-01{@LIM2|+9.500000E-01|+4.000000E-01}}
}
{@BLOCK|du901|00
{@A-DIO|0|+5.739117E-01{@LIM2|+8.000000E-01|+4.000000E-01}}
}
{@BLOCK|du902|00
{@A-DIO|0|+6.422999E-01{@LIM2|+8.000000E-01|+4.000000E-01}}
}
{@BLOCK|du903|00
{@A-DIO|0|+5.742553E-01{@LIM2|+8.000000E-01|+4.000000E-01}}
}
{@BLOCK|du904%ds2|00
{@A-DIO|0|+5.636019E-01{@LIM2|+8.000000E-01|+4.000000E-01}}
}
{@BLOCK|du905|00
{@A-DIO|0|+6.419563E-01{@LIM2|+8.000000E-01|+4.000000E-01}}
}
{@BLOCK|pr1044|00
{@A-RES|0|+4.727042E+04{@LIM3|+4.990000E+04|+5.788400E+04|+4.191600E+04}}
}
{@BLOCK|prt302|00
{@A-RES|0|+6.323463E+02{@LIM3|+5.400000E+02|+7.290000E+02|+3.510000E+02}}
}
{@BLOCK|re100%r1_4|00
{@A-RES|0|+2.215831E+03{@LIM3|+2.200000E+03|+2.420000E+03|+1.980000E+03}}
}
{@BLOCK|rb1|00
{@A-RES|0|+2.559358E+01{@LIM3|+2.200000E+01|+2.920001E+01|+1.980000E+01}}
}
{@BLOCK|rb3|00
{@A-RES|0|+2.520561E+01{@LIM3|+2.200000E+01|+2.920001E+01|+1.980000E+01}}
}
{@BLOCK|dv3%cr1|00
{@A-DIO|0|+5.528224E-01{@LIM2|+8.000000E-01|+4.000000E-01}}
}
{@BLOCK|dv3%cr2|00
{@A-DIO|0|+5.116999E-01{@LIM2|+8.000000E-01|+4.000000E-01}}
}
{@BLOCK|du919%ds2|00
{@A-DIO|0|+5.135482E-01{@LIM2|+8.000000E-01|+4.000000E-01}}
}
{@BLOCK|du906|00
{@A-DIO|0|+5.745990E-01{@LIM2|+8.000000E-01|+4.000000E-01}}
}
{@BLOCK|du908|00
{@A-DIO|0|+6.941925E-01{@LIM2|+8.000000E-01|+4.000000E-01}}
}
{@BLOCK|du910|00
{@A-DIO|0|+6.137762E-01{@LIM2|+8.000000E-01|+4.000000E-01}}
}
{@BLOCK|du912|00
{@A-DIO|0|+6.416126E-01{@LIM2|+8.000000E-01|+4.000000E-01}}
}
{@BLOCK|du913|00
{@A-DIO|0|+6.254606E-01{@LIM2|+8.000000E-01|+4.000000E-01}}
}
{@BLOCK|du916%ds|00
{@A-DIO|0|+6.309592E-01{@LIM2|+9.000000E-01|+4.000000E-01}}
}
{@BLOCK|du919%ds1|00
{@A-DIO|0|+5.670385E-01{@LIM2|+8.000000E-01|+4.000000E-01}}
}
{@BLOCK|du1101|00
{@A-DIO|0|+3.804313E-01{@LIM2|+8.000000E-01|+3.000000E-01}}
}
{@BLOCK|du1102%dsa|00
{@A-DIO|0|+6.429872E-01{@LIM2|+9.000000E-01|+5.000000E-01}}
}
{@BLOCK|du1102%dsb|00
{@A-DIO|0|+6.429872E-01{@LIM2|+9.000000E-01|+4.000000E-01}}
}
{@BLOCK|pd300|00
{@A-DIO|0|+6.051847E-01{@LIM2|+8.000000E-01|+4.000000E-01}}
}
{@BLOCK|pd301|00
{@A-DIO|0|+6.086213E-01{@LIM2|+8.000000E-01|+4.000000E-01}}
}
{@BLOCK|pd302|00
{@A-DIO|0|+5.683631E-01{@LIM2|+8.000000E-01|+4.000000E-01}}
}
{@BLOCK|pd6200|00
{@A-DIO|0|+5.891310E-01{@LIM2|+8.000000E-01|+4.000000E-01}}
}
}}