{@BATCH|e14_gen7_lnl_intel||4073|1||btest|131230043049~16|ICT0263\engineer|ICT0263|C:/Agilent_ICT/boards/e14_gen7_lnl_intel|RevA|sb21v27520_u7||sb21v27520_u7
{@BTEST|6683000788|00|131230050458|000014|0|all||n||131230050512||1
{@BLOCK|ca2|00
{@A-CAP|0|+7.134298E-06{@LIM3|+6.800000E-06|+8.840000E-06|+4.760000E-06}}
}
{@BLOCK|cc14|00
{@A-CAP|0|+1.038647E-07{@LIM3|+1.000000E-07|+1.300000E-07|+7.000000E-08}}
}
{@BLOCK|ci209|00
{@A-CAP|0|+4.844616E-05{@LIM3|+4.900000E-05|+6.615000E-05|+3.185000E-05}}
}
{@BLOCK|cc66|00
{@A-CAP|0|+2.331460E-06{@LIM3|+2.100000E-06|+2.520000E-06|+1.680000E-06}}
}
{@BLOCK|pc522|00
{@A-CAP|0|+6.618204E-06{@LIM3|+6.101000E-06|+7.931300E-06|+4.270700E-06}}
}
{@BLOCK|ce1125|00
{@A-CAP|0|+9.186371E-08{@LIM3|+1.000000E-07|+1.300000E-07|+7.000000E-08}}
}
{@BLOCK|ci105|00
{@A-CAP|0|+9.859798E-06{@LIM3|+1.020000E-05|+1.326000E-05|+7.140000E-06}}
}
{@BLOCK|ci208|00
{@A-CAP|0|+4.434006E-05{@LIM3|+4.391000E-05|+5.708300E-05|+3.073094E-05}}
}
{@BLOCK|pc535|00
{@A-CAP|0|+4.107437E-04{@LIM3|+4.254000E-04|+5.530200E-04|+2.971912E-04}}
}
{@BLOCK|cn5|00
{@A-CAP|0|+2.455639E-05{@LIM3|+2.420000E-05|+3.146000E-05|+1.694000E-05}}
}
{@BLOCK|pc400|00
{@A-CAP|0|+1.151047E-04{@LIM3|+1.051000E-04|+1.366300E-04|+7.357000E-05}}
}
{@BLOCK|cu648|00
{@A-CAP|0|+2.119864E-06{@LIM3|+2.300000E-06|+2.990000E-06|+1.610000E-06}}
}
{@BLOCK|cu661|00
{@A-CAP|0|+2.227731E-06{@LIM3|+2.300000E-06|+2.990000E-06|+1.610000E-06}}
}
{@BLOCK|cu11|00
{@A-CAP|0|+9.874449E-06{@LIM3|+1.080000E-05|+1.404000E-05|+7.560000E-06}}
}
{@BLOCK|cu3|00
{@A-CAP|0|+1.035518E-05{@LIM3|+1.080000E-05|+1.404000E-05|+7.560000E-06}}
}
{@BLOCK|cu1004|00
{@A-CAP|0|+1.292313E-04{@LIM3|+1.502000E-04|+1.952600E-04|+1.049984E-04}}
}
{@BLOCK|cv12|00
{@A-CAP|0|+6.894549E-06{@LIM3|+5.800000E-06|+7.540000E-06|+4.060000E-06}}
}
{@BLOCK|cv175|00
{@A-CAP|0|+1.048343E-06{@LIM3|+1.100000E-06|+1.430000E-06|+7.700000E-07}}
}
{@BLOCK|cv156|00
{@A-CAP|0|+1.022125E-06{@LIM3|+1.100000E-06|+1.430000E-06|+7.700000E-07}}
}
{@BLOCK|cv500|00
{@A-CAP|0|+2.247588E-07{@LIM3|+2.000000E-07|+2.600000E-07|+1.400000E-07}}
}
{@BLOCK|cv541|00
{@A-CAP|0|+1.525410E-05{@LIM3|+1.513000E-05|+1.966900E-05|+1.059100E-05}}
}
{@BLOCK|pc300|00
{@A-CAP|0|+1.427753E-04{@LIM3|+1.376000E-04|+1.788800E-04|+9.632000E-05}}
}
{@BLOCK|pc334|00
{@A-CAP|0|+5.679558E-06{@LIM3|+5.611000E-06|+6.733200E-06|+4.488800E-06}}
}
{@BLOCK|pc409|00
{@A-CAP|0|+1.126784E-07{@LIM3|+1.000000E-07|+1.200000E-07|+8.000000E-08}}
}
{@BLOCK|pc500|00
{@A-CAP|0|+9.374701E-08{@LIM3|+1.000000E-07|+1.200000E-07|+8.000000E-08}}
}
{@BLOCK|pc506|00
{@A-CAP|0|+9.246016E-08{@LIM3|+1.000000E-07|+1.200000E-07|+8.000000E-08}}
}
{@BLOCK|pc1048|00
{@A-CAP|0|+1.211983E-03{@LIM3|+1.144000E-03|+1.487200E-03|+7.992167E-04}}
}
{@BLOCK|pc1126|00
{@A-CAP|0|+1.154694E-07{@LIM3|+1.000000E-07|+1.200000E-07|+8.000000E-08}}
}
{@BLOCK|pc1229|00
{@A-CAP|0|+1.105460E-07{@LIM3|+1.000000E-07|+1.200000E-07|+8.000000E-08}}
}
{@BLOCK|pc1234|00
{@A-CAP|0|+1.055806E-07{@LIM3|+1.000000E-07|+1.200000E-07|+8.000000E-08}}
}
{@BLOCK|ca29|00
{@A-CAP|0|+2.619442E-06{@LIM3|+2.200000E-06|+2.860000E-06|+1.540000E-06}}
}
{@BLOCK|ca413|00
{@A-CAP|0|+2.721930E-06{@LIM3|+2.200000E-06|+2.860000E-06|+1.540000E-06}}
}
{@BLOCK|ca414|00
{@A-CAP|0|+2.729660E-06{@LIM3|+2.200000E-06|+2.860000E-06|+1.540000E-06}}
}
{@BLOCK|cc29|00
{@A-CAP|0|+3.814990E-05{@LIM3|+3.440000E-05|+4.644000E-05|+2.236000E-05}}
}
{@BLOCK|cc31|00
{@A-CAP|0|+4.004880E-05{@LIM3|+3.440000E-05|+4.644000E-05|+2.236000E-05}}
}
{@BLOCK|cc35|00
{@A-CAP|0|+1.880161E-05{@LIM3|+2.440000E-05|+3.294000E-05|+1.586000E-05}}
}
{@BLOCK|pc355|00
{@A-CAP|0|+2.875924E-06{@LIM3|+2.200000E-06|+3.740000E-06|+1.100000E-06}}
}
{@BLOCK|pc1422|00
{@A-CAP|0|+1.112583E-04{@LIM3|+1.166000E-04|+1.982200E-04|+5.830000E-05}}
}
{@BLOCK|pc1107|00
{@A-CAP|0|+4.198600E-05{@LIM3|+4.220000E-05|+5.486000E-05|+2.954000E-05}}
}
{@BLOCK|pc1660|00
{@A-CAP|0|+1.935233E-04{@LIM3|+1.736000E-04|+2.951200E-04|+5.208000E-05}}
}
{@BLOCK|pc1204|00
{@A-CAP|0|+1.301824E-04{@LIM3|+1.076000E-04|+1.398800E-04|+7.532000E-05}}
}
{@BLOCK|ru698|00
{@A-CAP|0|+2.582691E-06{@LIM3|+2.200000E-06|+2.860000E-06|+1.540000E-06}}
}
{@BLOCK|cc51|00
{@A-CAP|0|+7.858814E-05{@LIM3|+6.000000E-05|+8.100000E-05|+4.199172E-05}}
}
{@BLOCK|cc55|00
{@A-CAP|0|+7.840271E-05{@LIM3|+6.500000E-05|+8.775000E-05|+4.549103E-05}}
}
{@BLOCK|ce24|00
{@A-CAP|0|+1.174486E-06{@LIM3|+1.000000E-06|+1.300000E-06|+7.000000E-07}}
}
{@BLOCK|ce40|00
{@A-CAP|0|+1.114654E-09{@LIM3|+1.000000E-09|+1.177000E-09|+8.000000E-10}}
}
{@BLOCK|pc354|00
{@A-CAP|0|+1.046727E-06{@LIM3|+1.000000E-06|+1.300000E-06|+7.000000E-07}}
}
{@BLOCK|pc1831|00
{@A-CAP|0|+4.751870E-04{@LIM3|+5.140000E-04|+6.682000E-04|+3.587335E-04}}
}
{@BLOCK|pc1825|00
{@A-CAP|0|+7.519735E-04{@LIM3|+6.790000E-04|+8.827000E-04|+4.743603E-04}}
}
{@BLOCK|pc1828|00
{@A-CAP|0|+5.557625E-04{@LIM3|+5.360000E-04|+6.968000E-04|+3.744582E-04}}
}
{@BLOCK|pc523|00
{@A-CAP|0|+4.993555E-06{@LIM3|+4.700000E-06|+6.110000E-06|+3.290000E-06}}
}
{@BLOCK|pc1053|00
{@A-CAP|0|+4.968306E-06{@LIM3|+4.700000E-06|+6.110000E-06|+3.290000E-06}}
}
{@BLOCK|cr37|00
{@A-CAP|0|+1.115356E-05{@LIM3|+1.100000E-05|+1.430000E-05|+7.700000E-06}}
}
{@BLOCK|cu5|00
{@A-CAP|0|+1.245801E-05{@LIM3|+1.200000E-05|+1.560000E-05|+8.400000E-06}}
}
{@BLOCK|pc323|00
{@A-CAP|0|+6.618990E-05{@LIM3|+6.491400E-05|+8.438820E-05|+4.543980E-05}}
}
{@BLOCK|pc402|00
{@A-CAP|0|+1.324546E-04{@LIM3|+1.400000E-04|+1.820000E-04|+9.800000E-05}}
}
{@BLOCK|pc1008|00
{@A-CAP|0|+8.176412E-05{@LIM3|+8.000000E-05|+1.040000E-04|+5.600000E-05}}
}
{@BLOCK|ca417|00
{@A-CAP|0|+8.255330E-10{@LIM3|+7.800000E-10|+9.279707E-10|+6.240000E-10}}
}
{@BLOCK|ca412|00
{@A-CAP|0|+7.733963E-10{@LIM3|+7.800000E-10|+9.279707E-10|+6.240000E-10}}
}
{@BLOCK|ce1126|00
{@A-CAP|0|+9.208822E-09{@LIM3|+1.000000E-08|+1.200000E-08|+8.000000E-09}}
}
{@BLOCK|cc17|00
{@A-CAP|0|+1.085824E-06{@LIM3|+1.000000E-06|+1.200000E-06|+8.000000E-07}}
}
{@BLOCK|cc98|00
{@A-CAP|0|+1.152407E-06{@LIM3|+1.000000E-06|+1.200000E-06|+8.000000E-07}}
}
{@BLOCK|pc1232|00
{@A-CAP|0|+2.526992E-07{@LIM3|+2.200000E-07|+2.640000E-07|+1.760000E-07}}
}
{@BLOCK|cu1|00
{@A-CAP|0|+4.017678E-10{@LIM3|+4.500000E-10|+5.543181E-10|+3.600000E-10}}
}
{@BLOCK|cu2|00
{@A-CAP|0|+4.089021E-10{@LIM3|+4.500000E-10|+5.543181E-10|+3.600000E-10}}
}
{@BLOCK|cu8|00
{@A-CAP|0|+3.927407E-10{@LIM3|+4.500000E-10|+5.543181E-10|+3.600000E-10}}
}
{@BLOCK|pc1005|00
{@A-CAP|0|+5.015468E-07{@LIM3|+4.700000E-07|+5.640000E-07|+3.760000E-07}}
}
{@BLOCK|pc1006|00
{@A-CAP|0|+4.514647E-07{@LIM3|+4.700000E-07|+5.640000E-07|+3.760000E-07}}
}
{@BLOCK|pc122|00
{@A-CAP|0|+2.321002E-06{@LIM3|+2.200000E-06|+2.640000E-06|+1.760000E-06}}
}
{@BLOCK|pc331|00
{@A-CAP|0|+4.414707E-08{@LIM3|+4.700000E-08|+5.640000E-08|+3.760000E-08}}
}
{@BLOCK|pc332|00
{@A-CAP|0|+4.342388E-08{@LIM3|+4.700000E-08|+5.640000E-08|+3.760000E-08}}
}
{@BLOCK|pc524|00
{@A-CAP|0|+3.667880E-10{@LIM3|+3.300000E-10|+4.455000E-10|+2.145000E-10}}
}
{@BLOCK|pr1129|00
{@A-RES|0|+9.825832E+03{@LIM3|+1.000000E+04|+1.100000E+04|+9.000000E+03}}
}
{@BLOCK|pr1234|00
{@A-RES|0|+9.896547E+03{@LIM3|+1.000000E+04|+1.100000E+04|+9.000000E+03}}
}
{@BLOCK|pr1271|00
{@A-RES|0|+9.880534E+03{@LIM3|+1.000000E+04|+1.100000E+04|+9.000000E+03}}
}
{@BLOCK|ra20|00
{@A-RES|0|+9.955026E+03{@LIM3|+1.000000E+04|+1.100000E+04|+9.000000E+03}}
}
{@BLOCK|rc56|00
{@A-RES|0|+9.554610E+03{@LIM3|+1.000000E+04|+1.100000E+04|+9.000000E+03}}
}
{@BLOCK|rc57|00
{@A-RES|0|+9.549276E+03{@LIM3|+1.000000E+04|+1.100000E+04|+9.000000E+03}}
}
{@BLOCK|rc179|00
{@A-RES|0|+9.870420E+03{@LIM3|+1.000000E+04|+1.100000E+04|+9.000000E+03}}
}
{@BLOCK|rc207|00
{@A-RES|0|+1.002826E+04{@LIM3|+1.000000E+04|+1.100000E+04|+9.000000E+03}}
}
{@BLOCK|rc234|00
{@A-RES|0|+9.920417E+03{@LIM3|+1.000000E+04|+1.100000E+04|+9.000000E+03}}
}
{@BLOCK|rc244|00
{@A-RES|0|+9.757798E+03{@LIM3|+1.000000E+04|+1.100000E+04|+9.000000E+03}}
}
{@BLOCK|rc411|00
{@A-RES|0|+9.815616E+02{@LIM3|+1.000000E+03|+1.100000E+03|+9.000000E+02}}
}
{@BLOCK|rc401|00
{@A-RES|0|+1.008525E+04{@LIM3|+1.000000E+04|+1.100000E+04|+9.000000E+03}}
}
{@BLOCK|re98|00
{@A-RES|0|+9.921984E+03{@LIM3|+1.000000E+04|+1.100000E+04|+9.000000E+03}}
}
{@BLOCK|re159|00
{@A-RES|0|+9.850130E+03{@LIM3|+1.000000E+04|+1.250000E+04|+7.500000E+03}}
}
{@BLOCK|re1125|00
{@A-RES|0|+9.933750E+03{@LIM3|+1.000000E+04|+1.100000E+04|+9.000000E+03}}
}
{@BLOCK|ri111|00
{@A-RES|0|+9.995228E+03{@LIM3|+1.000000E+04|+1.100000E+04|+9.000000E+03}}
}
{@BLOCK|ri309|00
{@A-RES|0|+9.928763E+03{@LIM3|+1.000000E+04|+1.100000E+04|+9.000000E+03}}
}
{@BLOCK|ri812|00
{@A-RES|0|+9.730099E+03{@LIM3|+1.000000E+04|+1.100000E+04|+9.000000E+03}}
}
{@BLOCK|ri815|00
{@A-RES|0|+9.938729E+03{@LIM3|+1.000000E+04|+1.100000E+04|+9.000000E+03}}
}
{@BLOCK|rk3|00
{@A-RES|0|+9.967691E+03{@LIM3|+1.000000E+04|+1.100000E+04|+9.000000E+03}}
}
{@BLOCK|rn2|00
{@A-RES|0|+1.015164E+04{@LIM3|+1.000000E+04|+1.100000E+04|+9.000000E+03}}
}
{@BLOCK|rn10|00
{@A-RES|0|+1.000373E+04{@LIM3|+1.000000E+04|+1.100000E+04|+9.000000E+03}}
}
{@BLOCK|rn36|00
{@A-RES|0|+9.951346E+03{@LIM3|+1.000000E+04|+1.100000E+04|+9.000000E+03}}
}
{@BLOCK|rt10|00
{@A-RES|0|+9.390389E+03{@LIM3|+1.000000E+04|+1.350000E+04|+6.500000E+03}}
}
{@BLOCK|ru25|00
{@A-RES|0|+1.002399E+04{@LIM3|+1.000000E+04|+1.100000E+04|+9.000000E+03}}
}
{@BLOCK|ru606|00
{@A-RES|0|+9.934843E+03{@LIM3|+1.000000E+04|+1.100000E+04|+9.000000E+03}}
}
{@BLOCK|ru633|00
{@A-RES|0|+1.022947E+04{@LIM3|+1.000000E+04|+1.100000E+04|+9.000000E+03}}
}
{@BLOCK|ru733|00
{@A-RES|0|+1.006265E+04{@LIM3|+1.000000E+04|+1.100000E+04|+9.000000E+03}}
}
{@BLOCK|ru902|00
{@A-RES|0|+9.941355E+03{@LIM3|+1.000000E+04|+1.100000E+04|+9.000000E+03}}
}
{@BLOCK|ru903|00
{@A-RES|0|+9.954194E+03{@LIM3|+1.000000E+04|+1.100000E+04|+9.000000E+03}}
}
{@BLOCK|ru1095|00
{@A-RES|0|+1.008525E+04{@LIM3|+1.000000E+04|+1.100000E+04|+9.000000E+03}}
}
{@BLOCK|rv19|00
{@A-RES|0|+9.955026E+03{@LIM3|+1.000000E+04|+1.100000E+04|+9.000000E+03}}
}
{@BLOCK|rv22|00
{@A-RES|0|+9.903580E+03{@LIM3|+1.000000E+04|+1.100000E+04|+9.000000E+03}}
}
{@BLOCK|rv36|00
{@A-RES|0|+1.001813E+04{@LIM3|+1.000000E+04|+1.100000E+04|+9.000000E+03}}
}
{@BLOCK|pr334|00
{@A-RES|0|+1.002697E+05{@LIM3|+1.000000E+05|+1.110000E+05|+8.900000E+04}}
}
{@BLOCK|pr336|00
{@A-RES|0|+9.879631E+05{@LIM3|+1.000000E+06|+1.210000E+06|+7.900000E+05}}
}
{@BLOCK|pr515|00
{@A-RES|0|+9.966541E+05{@LIM3|+1.000000E+06|+1.210000E+06|+7.900000E+05}}
}
{@BLOCK|pr516|00
{@A-RES|0|+9.998577E+05{@LIM3|+1.000000E+06|+1.210000E+06|+7.900000E+05}}
}
{@BLOCK|pr322|00
{@A-RES|0|+1.000276E+05{@LIM3|+1.000000E+05|+1.110000E+05|+8.900000E+04}}
}
{@BLOCK|pr400|00
{@A-RES|0|+1.000651E+05{@LIM3|+1.000000E+05|+1.110000E+05|+8.900000E+04}}
}
{@BLOCK|pr513|00
{@A-RES|0|+1.001780E+05{@LIM3|+1.000000E+05|+1.110000E+05|+8.900000E+04}}
}
{@BLOCK|pr514|00
{@A-RES|0|+1.002116E+05{@LIM3|+1.000000E+05|+1.110000E+05|+8.900000E+04}}
}
{@BLOCK|pt127|00
{@A-RES|0|+1.036390E+05{@LIM3|+1.000000E+05|+1.350000E+05|+6.500000E+04}}
}
{@BLOCK|pr131|00
{@A-RES|0|+1.644631E+04{@LIM3|+1.650000E+04|+1.749000E+04|+1.551000E+04}}
}
{@BLOCK|ra407|00
{@A-RES|0|+1.033407E+01{@LIM3|+1.000000E+01|+1.350000E+01|+6.500000E+00}}
}
{@BLOCK|pr315|00
{@A-RES|0|+9.771146E+00{@LIM3|+1.000000E+01|+1.350000E+01|+6.500000E+00}}
}
{@BLOCK|pr317|00
{@A-RES|0|+1.721213E+05{@LIM3|+1.740000E+05|+1.931400E+05|+1.548600E+05}}
}
{@BLOCK|pr401|00
{@A-JUM|0|+3.306022E+00{@LIM2|+1.500000E+01|+0.000000E+00}}
}
{@BLOCK|pr330|00
{@A-RES|0|+9.967268E+04{@LIM3|+1.000000E+05|+1.150000E+05|+8.500000E+04}}
}
{@BLOCK|pr511|00
{@A-RES|0|+9.961973E+04{@LIM3|+1.000000E+05|+1.150000E+05|+8.500000E+04}}
}
{@BLOCK|pr1010|00
{@A-RES|0|+9.908465E+04{@LIM3|+1.000000E+05|+1.150000E+05|+8.500000E+04}}
}
{@BLOCK|pr1022|00
{@A-RES|0|+9.113277E+04{@LIM3|+1.000000E+05|+1.150000E+05|+8.500000E+04}}
}
{@BLOCK|pr1120|00
{@A-RES|0|+9.898965E+04{@LIM3|+1.000000E+05|+1.150000E+05|+8.500000E+04}}
}
{@BLOCK|pr1146|00
{@A-RES|0|+1.004471E+05{@LIM3|+1.000000E+05|+1.150000E+05|+8.500000E+04}}
}
{@BLOCK|pr1147|00
{@A-RES|0|+1.003682E+05{@LIM3|+1.000000E+05|+1.150000E+05|+8.500000E+04}}
}
{@BLOCK|pr1151|00
{@A-RES|0|+1.010759E+05{@LIM3|+1.000000E+05|+1.150000E+05|+8.500000E+04}}
}
{@BLOCK|pr1191|00
{@A-RES|0|+9.994808E+04{@LIM3|+1.000000E+05|+1.150000E+05|+8.500000E+04}}
}
{@BLOCK|pr1232|00
{@A-RES|0|+9.884085E+04{@LIM3|+1.000000E+05|+1.150000E+05|+8.500000E+04}}
}
{@BLOCK|pr1237|00
{@A-RES|0|+1.032311E+05{@LIM3|+1.000000E+05|+1.150000E+05|+8.500000E+04}}
}
{@BLOCK|pr1238|00
{@A-RES|0|+1.005770E+05{@LIM3|+1.000000E+05|+1.150000E+05|+8.500000E+04}}
}
{@BLOCK|pu120%ra|00
{@A-RES|0|+9.741160E+04{@LIM3|+1.000000E+05|+1.250000E+05|+7.500000E+04}}
}
{@BLOCK|rb25|00
{@A-RES|0|+9.946940E+04{@LIM3|+1.000000E+05|+1.150000E+05|+8.500000E+04}}
}
{@BLOCK|rc10|00
{@A-RES|0|+9.830788E+04{@LIM3|+1.000000E+05|+1.150000E+05|+8.500000E+04}}
}
{@BLOCK|rc116|00
{@A-RES|0|+1.011030E+05{@LIM3|+1.000000E+05|+1.150000E+05|+8.500000E+04}}
}
{@BLOCK|rc235|00
{@A-RES|0|+9.999961E+04{@LIM3|+1.000000E+05|+1.150000E+05|+8.500000E+04}}
}
{@BLOCK|rc236|00
{@A-RES|0|+9.936730E+04{@LIM3|+1.000000E+05|+1.150000E+05|+8.500000E+04}}
}
{@BLOCK|rc237|00
{@A-RES|0|+1.002088E+05{@LIM3|+1.000000E+05|+1.150000E+05|+8.500000E+04}}
}
{@BLOCK|rc248|00
{@A-RES|0|+8.934551E+04{@LIM3|+1.000000E+05|+1.150000E+05|+8.500000E+04}}
}
{@BLOCK|rc254|00
{@A-RES|0|+9.843134E+04{@LIM3|+1.000000E+05|+1.150000E+05|+8.500000E+04}}
}
{@BLOCK|rc304|00
{@A-RES|0|+9.898765E+04{@LIM3|+1.000000E+05|+1.150000E+05|+8.500000E+04}}
}
{@BLOCK|rc329|00
{@A-RES|0|+9.978668E+04{@LIM3|+1.000000E+05|+1.150000E+05|+8.500000E+04}}
}
{@BLOCK|rc387|00
{@A-RES|0|+9.920546E+04{@LIM3|+1.000000E+05|+1.150000E+05|+8.500000E+04}}
}
{@BLOCK|re13|00
{@A-RES|0|+1.008916E+05{@LIM3|+1.000000E+05|+1.150000E+05|+8.500000E+04}}
}
{@BLOCK|re14|00
{@A-RES|0|+9.961990E+04{@LIM3|+1.000000E+05|+1.150000E+05|+8.500000E+04}}
}
{@BLOCK|re51|00
{@A-RES|0|+1.002464E+05{@LIM3|+1.000000E+05|+1.150000E+05|+8.500000E+04}}
}
{@BLOCK|re58|00
{@A-RES|0|+1.010568E+05{@LIM3|+1.000000E+05|+1.150000E+05|+8.500000E+04}}
}
{@BLOCK|re89|00
{@A-RES|0|+1.004498E+05{@LIM3|+1.000000E+05|+1.150000E+05|+8.500000E+04}}
}
{@BLOCK|re153|00
{@A-RES|0|+9.947239E+04{@LIM3|+1.000000E+05|+1.150000E+05|+8.500000E+04}}
}
{@BLOCK|re1006|00
{@A-RES|0|+1.003855E+05{@LIM3|+1.000000E+05|+1.150000E+05|+8.500000E+04}}
}
{@BLOCK|re1036|00
{@A-RES|0|+9.962774E+04{@LIM3|+1.000000E+05|+1.150000E+05|+8.500000E+04}}
}
{@BLOCK|re1057|00
{@A-RES|0|+1.021185E+05{@LIM3|+1.000000E+05|+1.150000E+05|+8.500000E+04}}
}
{@BLOCK|re1100|00
{@A-RES|0|+9.978901E+04{@LIM3|+1.000000E+05|+1.150000E+05|+8.500000E+04}}
}
{@BLOCK|re1101|00
{@A-RES|0|+1.003353E+05{@LIM3|+1.000000E+05|+1.150000E+05|+8.500000E+04}}
}
{@BLOCK|re1102|00
{@A-RES|0|+9.700995E+04{@LIM3|+1.000000E+05|+1.150000E+05|+8.500000E+04}}
}
{@BLOCK|re1128|00
{@A-RES|0|+9.935680E+04{@LIM3|+1.000000E+05|+1.150000E+05|+8.500000E+04}}
}
{@BLOCK|re1131|00
{@A-RES|0|+1.020990E+05{@LIM3|+1.000000E+05|+1.150000E+05|+8.500000E+04}}
}
{@BLOCK|ri109|00
{@A-RES|0|+1.005679E+05{@LIM3|+1.000000E+05|+1.150000E+05|+8.500000E+04}}
}
{@BLOCK|ri238|00
{@A-RES|0|+9.909509E+04{@LIM3|+1.000000E+05|+1.150000E+05|+8.500000E+04}}
}
{@BLOCK|ri304|00
{@A-RES|0|+9.830788E+04{@LIM3|+1.000000E+05|+1.150000E+05|+8.500000E+04}}
}
{@BLOCK|rn15|00
{@A-RES|0|+9.753308E+04{@LIM3|+1.000000E+05|+1.150000E+05|+8.500000E+04}}
}
{@BLOCK|rr24|00
{@A-RES|0|+9.957771E+04{@LIM3|+1.000000E+05|+1.150000E+05|+8.500000E+04}}
}
{@BLOCK|pq901|00
{@A-NFE|0|+4.895701E+01{@LIM2|+2.000000E+02|+2.000000E+01}}
}
{@BLOCK|ru929|00
{@A-RES|0|+9.965941E+04{@LIM3|+1.000000E+05|+1.150000E+05|+8.500000E+04}}
}
{@BLOCK|rv24|00
{@A-RES|0|+9.970043E+04{@LIM3|+1.000000E+05|+1.150000E+05|+8.500000E+04}}
}
{@BLOCK|rv42|00
{@A-RES|0|+9.917154E+04{@LIM3|+1.000000E+05|+1.150000E+05|+8.500000E+04}}
}
{@BLOCK|rv155|00
{@A-RES|0|+1.000225E+05{@LIM3|+1.000000E+05|+1.150000E+05|+8.500000E+04}}
}
{@BLOCK|rv162|00
{@A-RES|0|+1.015781E+05{@LIM3|+1.000000E+05|+1.150000E+05|+8.500000E+04}}
}
{@BLOCK|rv163|00
{@A-RES|0|+9.941982E+04{@LIM3|+1.000000E+05|+1.150000E+05|+8.500000E+04}}
}
{@BLOCK|rv173|00
{@A-RES|0|+9.757355E+04{@LIM3|+1.000000E+05|+1.150000E+05|+8.500000E+04}}
}
{@BLOCK|rv190|00
{@A-RES|0|+9.831468E+04{@LIM3|+1.000000E+05|+1.150000E+05|+8.500000E+04}}
}
{@BLOCK|rv543|00
{@A-RES|0|+9.983029E+04{@LIM3|+1.000000E+05|+1.150000E+05|+8.500000E+04}}
}
{@BLOCK|pr331|00
{@A-RES|0|+1.352087E+05{@LIM3|+1.370000E+05|+1.520700E+05|+1.219300E+05}}
}
{@BLOCK|pr404|00
{@A-RES|0|+9.315215E+05{@LIM3|+1.000000E+06|+1.250000E+06|+7.500000E+05}}
}
{@BLOCK|rc330|00
{@A-RES|0|+9.883165E+05{@LIM3|+1.000000E+06|+1.250000E+06|+7.500000E+05}}
}
{@BLOCK|pr501|00
{@A-RES|0|+6.797183E+05{@LIM3|+6.800000E+05|+7.548000E+05|+6.052000E+05}}
}
{@BLOCK|rc238|00
{@A-RES|0|+1.010745E+03{@LIM3|+1.000000E+03|+1.100000E+03|+9.000000E+02}}
}
{@BLOCK|rc239|00
{@A-RES|0|+1.025965E+03{@LIM3|+1.000000E+03|+1.100000E+03|+9.000000E+02}}
}
{@BLOCK|rc243|00
{@A-RES|0|+1.011017E+03{@LIM3|+1.000000E+03|+1.100000E+03|+9.000000E+02}}
}
{@BLOCK|rc297|00
{@A-RES|0|+1.016702E+03{@LIM3|+1.000000E+03|+1.100000E+03|+9.000000E+02}}
}
{@BLOCK|pq500%qf2|00
{@A-NFE|0|+9.495122E+01{@LIM2|+2.000000E+02|+2.000000E+01}}
}
{@BLOCK|ra412|00
{@A-RES|0|+1.027616E+02{@LIM3|+1.000000E+02|+1.150000E+02|+9.000000E+01}}
}
{@BLOCK|ra413|00
{@A-RES|0|+1.028176E+02{@LIM3|+1.000000E+02|+1.150000E+02|+9.000000E+01}}
}
{@BLOCK|ri204|00
{@A-RES|0|+1.040090E+02{@LIM3|+1.000000E+02|+1.150000E+02|+9.000000E+01}}
}
{@BLOCK|pr1154|00
{@A-RES|0|+1.229618E+02{@LIM3|+1.200000E+02|+1.297000E+02|+1.128000E+02}}
}
{@BLOCK|ra21|00
{@A-RES|0|+4.713058E+03{@LIM3|+4.700000E+03|+5.170000E+03|+4.230000E+03}}
}
{@BLOCK|re39|00
{@A-RES|0|+4.686757E+03{@LIM3|+4.700000E+03|+5.170000E+03|+4.230000E+03}}
}
{@BLOCK|re40|00
{@A-RES|0|+4.686523E+03{@LIM3|+4.700000E+03|+5.170000E+03|+4.230000E+03}}
}
{@BLOCK|ri234%r1|00
{@A-RES|0|+4.675342E+03{@LIM3|+4.700000E+03|+5.170000E+03|+4.230000E+03}}
}
{@BLOCK|ri234%r2|00
{@A-RES|0|+4.723234E+03{@LIM3|+4.700000E+03|+5.170000E+03|+4.230000E+03}}
}
{@BLOCK|rpe6%r2|00
{@A-RES|0|+4.824249E+03{@LIM3|+4.700000E+03|+5.170000E+03|+4.230000E+03}}
}
{@BLOCK|rpe7%r1|00
{@A-RES|0|+4.664446E+03{@LIM3|+4.700000E+03|+5.170000E+03|+4.230000E+03}}
}
{@BLOCK|rpe7%r2|00
{@A-RES|0|+4.691666E+03{@LIM3|+4.700000E+03|+5.170000E+03|+4.230000E+03}}
}
{@BLOCK|cv531|00
{@A-CAP|0|+9.816754E-08{@LIM3|+1.000000E-07|+1.200000E-07|+8.000000E-08}}
}
{@BLOCK|cs205|00
{@A-CAP|0|+2.372250E-09{@LIM3|+2.200000E-09|+2.640000E-09|+1.760000E-09}}
}
{@BLOCK|pr1242|00
{@A-RES|0|+1.004093E+05{@LIM3|+1.000000E+05|+1.150000E+05|+8.500000E+04}}
}
{@BLOCK|rb23|00
{@A-RES|0|+1.002999E+03{@LIM3|+1.000000E+03|+1.100000E+03|+9.000000E+02}}
}
{@BLOCK|rc87|00
{@A-RES|0|+3.663013E+01{@LIM3|+3.300000E+01|+4.129999E+01|+2.970000E+01}}
}
{@BLOCK|rc88|00
{@A-RES|0|+3.551893E+01{@LIM3|+3.300000E+01|+4.129999E+01|+2.970000E+01}}
}
{@BLOCK|rc91|00
{@A-RES|0|+3.534589E+01{@LIM3|+3.300000E+01|+4.129999E+01|+2.970000E+01}}
}
{@BLOCK|rc93|00
{@A-RES|0|+3.475400E+01{@LIM3|+3.300000E+01|+4.129999E+01|+2.970000E+01}}
}
{@BLOCK|pt122|00
{@A-RES|0|+6.345563E+02{@LIM3|+5.400000E+02|+7.290000E+02|+3.510000E+02}}
}
{@BLOCK|pt123|00
{@A-RES|0|+6.427551E+02{@LIM3|+5.400000E+02|+7.290000E+02|+3.510000E+02}}
}
{@BLOCK|ra5|00
{@A-RES|0|+5.089723E+03{@LIM3|+5.110000E+03|+5.416600E+03|+4.803400E+03}}
}
{@BLOCK|ra13|00
{@A-RES|0|+3.932843E+04{@LIM3|+3.920000E+04|+4.155200E+04|+3.684800E+04}}
}
{@BLOCK|rc206|00
{@A-RES|0|+1.995784E+04{@LIM3|+2.000000E+04|+2.120000E+04|+1.880000E+04}}
}
{@BLOCK|rc333|00
{@A-RES|0|+2.491376E+01{@LIM3|+2.200000E+01|+2.970000E+01|+1.980000E+01}}
}
{@BLOCK|rc334|00
{@A-RES|0|+2.479633E+01{@LIM3|+2.200000E+01|+2.970000E+01|+1.980000E+01}}
}
{@BLOCK|rc345|00
{@A-RES|0|+2.540380E+01{@LIM3|+2.200000E+01|+2.920001E+01|+1.980000E+01}}
}
{@BLOCK|rc43|00
{@A-RES|0|+2.178838E+03{@LIM3|+2.200000E+03|+2.420000E+03|+1.980000E+03}}
}
{@BLOCK|rc241|00
{@A-RES|0|+2.242447E+03{@LIM3|+2.200000E+03|+2.420000E+03|+1.980000E+03}}
}
{@BLOCK|rc300|00
{@A-RES|0|+2.200378E+03{@LIM3|+2.200000E+03|+2.420000E+03|+1.980000E+03}}
}
{@BLOCK|rc376|00
{@A-RES|0|+2.166725E+03{@LIM3|+2.200000E+03|+2.420000E+03|+1.980000E+03}}
}
{@BLOCK|re15|00
{@A-RES|0|+2.270666E+03{@LIM3|+2.200000E+03|+2.420000E+03|+1.980000E+03}}
}
{@BLOCK|re16|00
{@A-RES|0|+2.215284E+03{@LIM3|+2.200000E+03|+2.420000E+03|+1.980000E+03}}
}
{@BLOCK|re22|00
{@A-RES|0|+2.221476E+03{@LIM3|+2.200000E+03|+2.420000E+03|+1.980000E+03}}
}
{@BLOCK|re23|00
{@A-RES|0|+2.188400E+03{@LIM3|+2.200000E+03|+2.420000E+03|+1.980000E+03}}
}
{@BLOCK|re1042|00
{@A-RES|0|+2.079843E+03{@LIM3|+2.200000E+03|+2.420000E+03|+1.980000E+03}}
}
{@BLOCK|re1043|00
{@A-RES|0|+2.170694E+03{@LIM3|+2.200000E+03|+2.420000E+03|+1.980000E+03}}
}
{@BLOCK|rpc3%r1|00
{@A-RES|0|+2.200070E+03{@LIM3|+2.200000E+03|+2.420000E+03|+1.980000E+03}}
}
{@BLOCK|rpc3%r2|00
{@A-RES|0|+2.201511E+03{@LIM3|+2.200000E+03|+2.420000E+03|+1.980000E+03}}
}
{@BLOCK|rpc4%r1|00
{@A-RES|0|+2.193708E+03{@LIM3|+2.200000E+03|+2.420000E+03|+1.980000E+03}}
}
{@BLOCK|rpc4%r2|00
{@A-RES|0|+2.190642E+03{@LIM3|+2.200000E+03|+2.420000E+03|+1.980000E+03}}
}
{@BLOCK|rpv150%r1|00
{@A-RES|0|+2.200790E+03{@LIM3|+2.200000E+03|+2.420000E+03|+1.980000E+03}}
}
{@BLOCK|ru20|00
{@A-RES|0|+2.210939E+03{@LIM3|+2.200000E+03|+2.420000E+03|+1.980000E+03}}
}
{@BLOCK|ru21|00
{@A-RES|0|+2.209613E+03{@LIM3|+2.200000E+03|+2.420000E+03|+1.980000E+03}}
}
{@BLOCK|ru23|00
{@A-RES|0|+2.226867E+03{@LIM3|+2.200000E+03|+2.420000E+03|+1.980000E+03}}
}
{@BLOCK|ru24|00
{@A-RES|0|+2.208137E+03{@LIM3|+2.200000E+03|+2.420000E+03|+1.980000E+03}}
}
{@BLOCK|ru26|00
{@A-RES|0|+2.239031E+03{@LIM3|+2.200000E+03|+2.420000E+03|+1.980000E+03}}
}
{@BLOCK|ru27|00
{@A-RES|0|+2.209475E+03{@LIM3|+2.200000E+03|+2.420000E+03|+1.980000E+03}}
}
{@BLOCK|ru616|00
{@A-RES|0|+2.212281E+03{@LIM3|+2.200000E+03|+2.420000E+03|+1.980000E+03}}
}
{@BLOCK|ru620|00
{@A-RES|0|+2.227367E+03{@LIM3|+2.200000E+03|+2.420000E+03|+1.980000E+03}}
}
{@BLOCK|ru623|00
{@A-RES|0|+2.214364E+03{@LIM3|+2.200000E+03|+2.420000E+03|+1.980000E+03}}
}
{@BLOCK|ru624|00
{@A-RES|0|+2.222841E+03{@LIM3|+2.200000E+03|+2.420000E+03|+1.980000E+03}}
}
{@BLOCK|ru632|00
{@A-RES|0|+2.269389E+03{@LIM3|+2.200000E+03|+2.420000E+03|+1.980000E+03}}
}
{@BLOCK|ru687|00
{@A-RES|0|+2.229665E+03{@LIM3|+2.200000E+03|+2.420000E+03|+1.980000E+03}}
}
{@BLOCK|ru688|00
{@A-RES|0|+2.207704E+03{@LIM3|+2.200000E+03|+2.420000E+03|+1.980000E+03}}
}
{@BLOCK|rc201|00
{@A-RES|0|+7.409105E+04{@LIM3|+7.500000E+04|+8.250000E+04|+6.750000E+04}}
}
{@BLOCK|ri813|00
{@A-RES|0|+4.799404E+04{@LIM3|+4.700000E+04|+5.170000E+04|+4.230000E+04}}
}
{@BLOCK|ru655|00
{@A-RES|0|+4.709127E+04{@LIM3|+4.700000E+04|+5.170000E+04|+4.230000E+04}}
}
{@BLOCK|rv520|00
{@A-RES|0|+5.057604E+04{@LIM3|+4.700000E+04|+5.170000E+04|+4.230000E+04}}
}
{@BLOCK|ru657|00
{@A-RES|0|+1.199366E+04{@LIM3|+1.200000E+04|+1.272000E+04|+1.128000E+04}}
}
{@BLOCK|rv156|00
{@A-RES|0|+2.713811E+03{@LIM3|+2.700000E+03|+2.970000E+03|+2.430000E+03}}
}
{@BLOCK|rv500|00
{@A-RES|0|+1.520065E+03{@LIM3|+1.500000E+03|+1.650000E+03|+1.350000E+03}}
}
{@BLOCK|rv501|00
{@A-RES|0|+1.510206E+03{@LIM3|+1.500000E+03|+1.650000E+03|+1.350000E+03}}
}
{@BLOCK|rv525|00
{@A-RES|0|+5.007356E+03{@LIM3|+4.990000E+03|+5.289400E+03|+4.690600E+03}}
}
{@BLOCK|pq307%qf|00
{@A-NFE|0|+1.343822E+02{@LIM2|+2.000000E+02|+2.000000E+01}}
}
{@BLOCK|pq302%qf1|00
{@A-NFE|0|+7.207010E+01{@LIM2|+2.000000E+02|+2.000000E+01}}
}
{@BLOCK|pq302%qf2|00
{@A-NFE|0|+1.271467E+02{@LIM2|+2.000000E+02|+2.000000E+01}}
}
{@BLOCK|pq503%qf|00
{@A-NFE|0|+1.067401E+02{@LIM2|+2.000000E+02|+2.000000E+01}}
}
{@BLOCK|pq1100%qf1|00
{@A-NFE|0|+9.522318E+01{@LIM2|+2.000000E+02|+2.000000E+01}}
}
{@BLOCK|pq1100%qf2|00
{@A-NFE|0|+8.684107E+01{@LIM2|+2.000000E+02|+2.000000E+01}}
}
{@BLOCK|qc11%qf1|00
{@A-NFE|0|+1.349598E+02{@LIM2|+2.000000E+02|+2.000000E+01}}
}
{@BLOCK|qc11%qf2|00
{@A-NFE|0|+6.830696E+01{@LIM2|+2.000000E+02|+2.000000E+01}}
}
{@BLOCK|qc16|00
{@A-NFE|0|+7.896098E+01{@LIM2|+2.000000E+02|+2.000000E+01}}
}
{@BLOCK|qc30%qf1|00
{@A-NFE|0|+1.401910E+02{@LIM2|+2.000000E+02|+2.000000E+01}}
}
{@BLOCK|qc30%qf2|00
{@A-NFE|0|+1.095218E+02{@LIM2|+2.000000E+02|+2.000000E+01}}
}
{@BLOCK|qc36|00
{@A-NFE|0|+7.854469E+01{@LIM2|+2.000000E+02|+2.000000E+01}}
}
{@BLOCK|qc38|00
{@A-NFE|0|+8.034945E+01{@LIM2|+4.000000E+02|+2.000000E+01}}
}
{@BLOCK|qe7%qf1|00
{@A-NFE|0|+7.488584E+01{@LIM2|+2.000000E+02|+2.000000E+01}}
}
{@BLOCK|qe7%qf2|00
{@A-NFE|0|+8.747734E+01{@LIM2|+2.000000E+02|+2.000000E+01}}
}
{@BLOCK|qe10%qf1|00
{@A-NFE|0|+6.114333E+01{@LIM2|+2.000000E+02|+2.000000E+01}}
}
{@BLOCK|qe10%qf2|00
{@A-NFE|0|+8.605884E+01{@LIM2|+2.000000E+02|+2.000000E+01}}
}
{@BLOCK|qi300|00
{@A-NFE|0|+5.500164E+01{@LIM2|+2.000000E+02|+2.000000E+01}}
}
{@BLOCK|qi801%qf1|00
{@A-NFE|0|+7.833328E+01{@LIM2|+2.000000E+02|+2.000000E+01}}
}
{@BLOCK|ql1%qf1|00
{@A-NFE|0|+9.339135E+01{@LIM2|+2.000000E+02|+2.000000E+01}}
}
{@BLOCK|ql1%qf2|00
{@A-NFE|0|+9.106788E+01{@LIM2|+2.000000E+02|+2.000000E+01}}
}
{@BLOCK|qr500|00
{@A-NFE|0|+7.964672E+01{@LIM2|+2.000000E+02|+2.000000E+01}}
}
{@BLOCK|qu601|00
{@A-NFE|0|+4.468811E+01{@LIM2|+2.000000E+02|+2.000000E+01}}
}
{@BLOCK|qu602|00
{@A-NFE|0|+5.107058E+01{@LIM2|+2.000000E+02|+2.000000E+01}}
}
{@BLOCK|qu603|00
{@A-NFE|0|+4.790896E+01{@LIM2|+2.000000E+02|+2.000000E+01}}
}
{@BLOCK|qu608|00
{@A-NFE|0|+5.343726E+01{@LIM2|+2.000000E+02|+2.000000E+01}}
}
{@BLOCK|qu609|00
{@A-NFE|0|+4.435161E+01{@LIM2|+2.000000E+02|+2.000000E+01}}
}
{@BLOCK|qv4%qf1|00
{@A-NFE|0|+7.480863E+01{@LIM2|+2.000000E+02|+2.000000E+01}}
}
{@BLOCK|qv150%qf2|00
{@A-NFE|0|+1.265295E+02{@LIM2|+2.000000E+02|+2.000000E+01}}
}
{@BLOCK|pq303%qf|00
{@A-PFE|0|+9.984066E+01{@LIM2|+2.000000E+02|+2.000000E+01}}
}
{@BLOCK|qv502|00
{@A-PFE|0|+7.722541E+01{@LIM2|+2.000000E+02|+2.000000E+01}}
}
{@BLOCK|da2|00
{@A-DIO|0|+4.578855E-01{@LIM2|+6.000000E-01|+2.000000E-01}}
}
{@BLOCK|da3|00
{@A-DIO|0|+4.642675E-01{@LIM2|+6.000000E-01|+2.000000E-01}}
}
{@BLOCK|da400|00
{@A-DIO|0|+5.594015E-01{@LIM2|+8.000000E-01|+4.000000E-01}}
}
{@BLOCK|da401|00
{@A-DIO|0|+5.538705E-01{@LIM2|+8.000000E-01|+4.000000E-01}}
}
{@BLOCK|da403|00
{@A-DIO|0|+4.752445E-01{@LIM2|+8.000000E-01|+4.000000E-01}}
}
{@BLOCK|da405|00
{@A-DIO|0|+5.553171E-01{@LIM2|+8.000000E-01|+4.000000E-01}}
}
{@BLOCK|da406|00
{@A-DIO|0|+6.060325E-01{@LIM2|+8.000000E-01|+4.000000E-01}}
}
{@BLOCK|dc2|00
{@A-DIO|0|+5.137066E-01{@LIM2|+8.000000E-01|+4.000000E-01}}
}
{@BLOCK|dc6|00
{@A-DIO|0|+4.820094E-01{@LIM2|+8.000000E-01|+4.000000E-01}}
}
{@BLOCK|de1|00
{@A-DIO|0|+4.456747E-01{@LIM2|+6.000000E-01|+2.000000E-01}}
}
{@BLOCK|de6|00
{@A-DIO|0|+4.289114E-01{@LIM2|+6.000000E-01|+2.000000E-01}}
}
{@BLOCK|de10|00
{@A-DIO|0|+6.674448E-01{@LIM2|+8.000000E-01|+4.000000E-01}}
}
{@BLOCK|du1|00
{@A-DIO|0|+3.741324E-01{@LIM2|+6.000000E-01|+2.000000E-01}}
}
{@BLOCK|du2|00
{@A-DIO|0|+3.833735E-01{@LIM2|+6.000000E-01|+2.500000E-01}}
}
{@BLOCK|du3|00
{@A-DIO|0|+5.717972E-01{@LIM2|+8.000000E-01|+4.000000E-01}}
}
{@BLOCK|du916|00
{@A-DIO|0|+6.765292E-01{@LIM2|+8.000000E-01|+4.000000E-01}}
}
{@BLOCK|du918|00
{@A-DIO|0|+6.737665E-01{@LIM2|+8.000000E-01|+4.000000E-01}}
}
{@BLOCK|du919|00
{@A-DIO|0|+5.614597E-01{@LIM2|+8.000000E-01|+4.000000E-01}}
}
{@BLOCK|du925|00
{@A-DIO|0|+6.814249E-01{@LIM2|+8.000000E-01|+4.000000E-01}}
}
{@BLOCK|du926|00
{@A-DIO|0|+6.809569E-01{@LIM2|+8.000000E-01|+4.000000E-01}}
}
{@BLOCK|du927|00
{@A-DIO|0|+6.812122E-01{@LIM2|+8.000000E-01|+4.000000E-01}}
}
{@BLOCK|du1002|00
{@A-DIO|0|+5.914279E-01{@LIM2|+8.000000E-01|+4.000000E-01}}
}
{@BLOCK|dv153|00
{@A-DIO|0|+5.464674E-01{@LIM2|+8.000000E-01|+4.000000E-01}}
}
{@BLOCK|pd1001|00
{@A-DIO|0|+5.992676E-01{@LIM2|+8.000000E-01|+4.000000E-01}}
}
{@BLOCK|pd1200|00
{@A-DIO|0|+6.982733E-01{@LIM2|+8.000000E-01|+4.000000E-01}}
}
{@BLOCK|du1000%cr1|00
{@A-DIO|0|+6.673404E-01{@LIM2|+9.500000E-01|+5.500000E-01}}
}
{@BLOCK|du1000%cr2|00
{@A-DIO|0|+6.647821E-01{@LIM2|+9.500000E-01|+5.500000E-01}}
}
{@BLOCK|du1000%cr3|00
{@A-DIO|0|+6.712988E-01{@LIM2|+8.000000E-01|+4.000000E-01}}
}
{@BLOCK|du1000%cr4|00
{@A-DIO|0|+6.705756E-01{@LIM2|+8.000000E-01|+4.000000E-01}}
}
{@BLOCK|dv501%cr1|00
{@A-DIO|0|+6.952724E-01{@LIM2|+9.500000E-01|+5.500000E-01}}
}
{@BLOCK|dv501%cr2|00
{@A-DIO|0|+7.134934E-01{@LIM2|+9.500000E-01|+5.500000E-01}}
}
{@BLOCK|dv501%cr4|00
{@A-DIO|0|+7.541646E-01{@LIM2|+9.500000E-01|+5.500000E-01}}
}
{@BLOCK|dv501%cr5|00
{@A-DIO|0|+8.580612E-01{@LIM2|+9.500000E-01|+5.500000E-01}}
}
{@BLOCK|ue3%cr|00
{@A-DIO|0|+5.601674E-01{@LIM2|+8.000000E-01|+4.000000E-01}}
}
{@BLOCK|led1%cr_org|00
{@A-DIO|0|+3.263977E+00{@LIM2|+3.800000E+00|+2.600000E+00}}
}
{@BLOCK|led1%cr_whi|00
{@A-DIO|0|+2.043794E+00{@LIM2|+2.500000E+00|+1.500000E+00}}
}
{@BLOCK|rn8|00
{@A-RES|0|+3.590086E+01{@LIM3|+3.300000E+01|+4.129999E+01|+2.970000E+01}}
}
{@BLOCK|du928%ds|00
{@A-DIO|0|+5.037548E-01{@LIM2|+8.000000E-01|+4.000000E-01}}
}
{@BLOCK|du929%ds|00
{@A-DIO|0|+4.916413E-01{@LIM2|+8.000000E-01|+4.000000E-01}}
}
{@BLOCK|du1005%ds1|00
{@A-DIO|0|+5.286393E-01{@LIM2|+8.000000E-01|+4.000000E-01}}
}
{@BLOCK|du1005%ds2|00
{@A-DIO|0|+5.276181E-01{@LIM2|+8.000000E-01|+4.000000E-01}}
}
}}