{@BATCH|e14_gen7_amd||4093|1||btest|050101000906~16|ICT0264\engineer|ICT0264|C:/Agilent_ICT/boards/e14_gen7_amd|RevA|sb21s86122r7_250||sb21s86122r7_250
{@BTEST|6683000262|00|050101043220|000017|0|all||n||050101043237||1
{@BLOCK|pc1439|00
{@A-CAP|0|+9.748351E-04{@LIM3|+8.411010E-04|+1.093431E-03|+5.862844E-04}}
}
{@BLOCK|pc1404|00
{@A-CAP|0|+3.471915E-03{@LIM3|+3.210000E-03|+4.173000E-03|+2.237511E-03}}
}
{@BLOCK|pc1461|00
{@A-CAP|0|+2.200255E-04{@LIM3|+2.022010E-04|+2.628613E-04|+1.415407E-04}}
}
{@BLOCK|ca1|00
{@A-CAP|0|+2.451815E-05{@LIM3|+2.040000E-05|+3.060000E-05|+1.020000E-05}}
}
{@BLOCK|ca68|00
{@A-CAP|0|+5.598211E-06{@LIM3|+5.900000E-06|+7.670000E-06|+4.130000E-06}}
}
{@BLOCK|cc550|00
{@A-CAP|0|+1.019995E-04{@LIM3|+8.640000E-05|+1.123200E-04|+6.048000E-05}}
}
{@BLOCK|cc553|00
{@A-CAP|0|+3.904472E-05{@LIM3|+3.110000E-05|+4.043000E-05|+2.177000E-05}}
}
{@BLOCK|cc560|00
{@A-CAP|0|+4.326213E-05{@LIM3|+4.161000E-05|+7.073700E-05|+2.912700E-05}}
}
{@BLOCK|cc568|00
{@A-CAP|0|+1.290237E-04{@LIM3|+1.200000E-04|+1.560000E-04|+8.400000E-05}}
}
{@BLOCK|cc586|00
{@A-CAP|0|+2.735501E-04{@LIM3|+2.642010E-04|+3.434613E-04|+1.849407E-04}}
}
{@BLOCK|cc649|00
{@A-CAP|0|+2.378840E-04{@LIM3|+2.131000E-04|+2.770300E-04|+1.491406E-04}}
}
{@BLOCK|cc613|00
{@A-CAP|0|+1.585912E-04{@LIM3|+1.460000E-04|+1.898000E-04|+1.022000E-04}}
}
{@BLOCK|cd1|00
{@A-CAP|0|+8.921949E-05{@LIM3|+9.120000E-05|+1.185600E-04|+6.384000E-05}}
}
{@BLOCK|ck5|00
{@A-CAP|0|+1.387630E-05{@LIM3|+1.130000E-05|+1.469000E-05|+7.910000E-06}}
}
{@BLOCK|ck101|00
{@A-CAP|0|+1.186967E-05{@LIM3|+1.130000E-05|+1.469000E-05|+7.910000E-06}}
}
{@BLOCK|cn8|00
{@A-CAP|0|+2.449026E-05{@LIM3|+2.120000E-05|+2.756000E-05|+1.484000E-05}}
}
{@BLOCK|cu609|00
{@A-CAP|0|+6.016561E-05{@LIM3|+6.240000E-05|+8.112000E-05|+4.368000E-05}}
}
{@BLOCK|cu1115|00
{@A-CAP|0|+2.054457E-04{@LIM3|+1.988000E-04|+2.584400E-04|+1.391326E-04}}
}
{@BLOCK|cu2|00
{@A-CAP|0|+6.054125E-06{@LIM3|+9.201000E-06|+1.380150E-05|+4.600500E-06}}
}
{@BLOCK|cu24|00
{@A-CAP|0|+6.043267E-06{@LIM3|+5.201000E-06|+8.841700E-06|+4.160800E-06}}
}
{@BLOCK|cu611|00
{@A-CAP|0|+2.969858E-05{@LIM3|+3.000000E-05|+4.500000E-05|+1.500000E-05}}
}
{@BLOCK|cu622|00
{@A-CAP|0|+1.641739E-05{@LIM3|+1.470000E-05|+1.911000E-05|+1.029000E-05}}
}
{@BLOCK|pc1133|00
{@A-CAP|0|+2.744559E-04{@LIM3|+2.931100E-04|+3.810430E-04|+2.051160E-04}}
}
{@BLOCK|pc5344|00
{@A-CAP|0|+8.260059E-05{@LIM3|+8.439500E-05|+1.097135E-04|+5.907650E-05}}
}
{@BLOCK|pc6235|00
{@A-CAP|0|+3.005163E-04{@LIM3|+3.171000E-04|+4.122300E-04|+2.215311E-04}}
}
{@BLOCK|cc359|00
{@A-CAP|0|+9.643251E-08{@LIM3|+1.000000E-07|+1.300000E-07|+7.000000E-08}}
}
{@BLOCK|ca59|00
{@A-CAP|0|+1.012501E-07{@LIM3|+1.000000E-07|+1.200000E-07|+8.000000E-08}}
}
{@BLOCK|cc257|00
{@A-CAP|0|+7.745561E-08{@LIM3|+1.000000E-07|+1.300000E-07|+7.000000E-08}}
}
{@BLOCK|pc6222|00
{@A-CAP|0|+5.228824E-06{@LIM3|+5.601000E-06|+7.281300E-06|+3.920700E-06}}
}
{@BLOCK|ce31|00
{@A-CAP|0|+1.047012E-09{@LIM3|+1.000000E-09|+1.557000E-09|+5.000000E-10}}
}
{@BLOCK|ci207|00
{@A-CAP|0|+2.189997E-05{@LIM3|+2.310000E-05|+3.465000E-05|+1.154681E-05}}
}
{@BLOCK|cr59|00
{@A-CAP|0|+1.106994E-06{@LIM3|+1.202000E-06|+1.562600E-06|+8.414000E-07}}
}
{@BLOCK|ci301|00
{@A-CAP|0|+1.059885E-07{@LIM3|+1.000000E-07|+1.200000E-07|+8.000000E-08}}
}
{@BLOCK|cn21|00
{@A-CAP|0|+1.184207E-06{@LIM3|+1.200000E-06|+1.560000E-06|+8.400000E-07}}
}
{@BLOCK|cl11|00
{@A-CAP|0|+1.147576E-07{@LIM3|+1.000000E-07|+1.450000E-07|+7.000000E-08}}
}
{@BLOCK|ci206|00
{@A-CAP|0|+2.808402E-05{@LIM3|+2.310000E-05|+3.003000E-05|+1.616681E-05}}
}
{@BLOCK|cu4|00
{@A-CAP|0|+9.672658E-08{@LIM3|+1.000000E-07|+1.200000E-07|+8.000000E-08}}
}
{@BLOCK|cu7|00
{@A-CAP|0|+4.692536E-06{@LIM3|+4.800000E-06|+5.760000E-06|+3.840000E-06}}
}
{@BLOCK|cu9|00
{@A-CAP|0|+4.592825E-06{@LIM3|+4.800000E-06|+5.760000E-06|+3.360000E-06}}
}
{@BLOCK|cu29|00
{@A-CAP|0|+6.023523E-06{@LIM3|+6.000000E-06|+1.050000E-05|+1.800000E-06}}
}
{@BLOCK|cu32|00
{@A-CAP|0|+6.666130E-06{@LIM3|+6.700000E-06|+1.139000E-05|+2.010000E-06}}
}
{@BLOCK|cu623|00
{@A-CAP|0|+9.460933E-08{@LIM3|+1.000000E-07|+1.300000E-07|+7.000000E-08}}
}
{@BLOCK|cu625|00
{@A-CAP|0|+9.043979E-08{@LIM3|+1.300000E-07|+2.275000E-07|+3.900000E-08}}
}
{@BLOCK|cu606|00
{@A-CAP|0|+2.579655E-05{@LIM3|+2.410000E-05|+3.133000E-05|+1.686667E-05}}
}
{@BLOCK|cu627|00
{@A-CAP|0|+9.908256E-08{@LIM3|+1.000000E-07|+1.300000E-07|+7.000000E-08}}
}
{@BLOCK|cu1103|00
{@A-CAP|0|+1.544619E-04{@LIM3|+1.502000E-04|+1.952600E-04|+1.049984E-04}}
}
{@BLOCK|cv521|00
{@A-CAP|0|+4.736360E-05{@LIM3|+4.913000E-05|+8.352100E-05|+3.439100E-05}}
}
{@BLOCK|cv600|00
{@A-CAP|0|+1.029135E-07{@LIM3|+1.000000E-07|+1.300000E-07|+7.000000E-08}}
}
{@BLOCK|cv913|00
{@A-CAP|0|+1.153843E-06{@LIM3|+1.100000E-06|+1.430000E-06|+7.700000E-07}}
}
{@BLOCK|cv911|00
{@A-CAP|0|+1.152735E-06{@LIM3|+1.100000E-06|+1.430000E-06|+7.700000E-07}}
}
{@BLOCK|cv915|00
{@A-CAP|0|+9.561707E-08{@LIM3|+1.000000E-07|+1.300000E-07|+7.000000E-08}}
}
{@BLOCK|pc1010|00
{@A-CAP|0|+1.049347E-07{@LIM3|+1.000000E-07|+1.300000E-07|+7.000000E-08}}
}
{@BLOCK|pc5347|00
{@A-CAP|0|+1.049866E-05{@LIM3|+1.001100E-05|+1.301430E-05|+7.007700E-06}}
}
{@BLOCK|pc6206|00
{@A-CAP|0|+9.437489E-08{@LIM3|+1.000000E-07|+1.200000E-07|+7.000000E-08}}
}
{@BLOCK|cc572|00
{@A-CAP|0|+2.027330E-06{@LIM3|+1.820000E-06|+2.184000E-06|+1.456000E-06}}
}
{@BLOCK|ce1|00
{@A-CAP|0|+1.168027E-06{@LIM3|+1.000000E-06|+1.300000E-06|+7.000000E-07}}
}
{@BLOCK|ce21|00
{@A-CAP|0|+1.093223E-06{@LIM3|+1.000000E-06|+1.300000E-06|+7.000000E-07}}
}
{@BLOCK|pc300|00
{@A-CAP|0|+9.962346E-07{@LIM3|+1.000000E-06|+1.300000E-06|+7.000000E-07}}
}
{@BLOCK|pc1004|00
{@A-CAP|0|+1.290627E-06{@LIM3|+1.200000E-06|+1.800000E-06|+6.000000E-07}}
}
{@BLOCK|pc1006|00
{@A-CAP|0|+1.059470E-06{@LIM3|+1.000000E-06|+1.300000E-06|+7.000000E-07}}
}
{@BLOCK|pc1011|00
{@A-CAP|0|+1.044081E-06{@LIM3|+1.000000E-06|+1.200000E-06|+8.000000E-07}}
}
{@BLOCK|pc5321|00
{@A-CAP|0|+2.611006E-06{@LIM3|+2.000000E-06|+3.400000E-06|+6.000000E-07}}
}
{@BLOCK|ca64|00
{@A-CAP|0|+2.562479E-06{@LIM3|+2.800000E-06|+4.200000E-06|+1.400000E-06}}
}
{@BLOCK|ca65|00
{@A-CAP|0|+2.317436E-06{@LIM3|+2.200000E-06|+2.860000E-06|+1.540000E-06}}
}
{@BLOCK|ca400|00
{@A-CAP|0|+1.222877E-09{@LIM3|+1.200000E-09|+1.440000E-09|+9.600000E-10}}
}
{@BLOCK|ca401|00
{@A-CAP|0|+1.245413E-09{@LIM3|+1.200000E-09|+1.412400E-09|+9.600000E-10}}
}
{@BLOCK|ca408|00
{@A-CAP|0|+1.159716E-09{@LIM3|+1.000000E-09|+1.300000E-09|+7.000000E-10}}
}
{@BLOCK|ca409|00
{@A-CAP|0|+1.189014E-09{@LIM3|+1.000000E-09|+1.300000E-09|+7.000000E-10}}
}
{@BLOCK|ca410|00
{@A-CAP|0|+1.176947E-09{@LIM3|+1.000000E-09|+1.300000E-09|+7.000000E-10}}
}
{@BLOCK|ca411|00
{@A-CAP|0|+1.160111E-09{@LIM3|+1.000000E-09|+1.300000E-09|+7.000000E-10}}
}
{@BLOCK|cn19|00
{@A-CAP|0|+1.158801E-09{@LIM3|+1.200000E-09|+1.680000E-09|+9.600000E-10}}
}
{@BLOCK|cc951|00
{@A-CAP|0|+3.567011E-08{@LIM3|+3.400000E-08|+5.780000E-08|+1.700000E-08}}
}
{@BLOCK|cc953|00
{@A-CAP|0|+3.600469E-08{@LIM3|+4.300000E-08|+6.450000E-08|+1.290000E-08}}
}
{@BLOCK|cd7|00
{@A-CAP|0|+1.001698E-08{@LIM3|+1.000000E-08|+1.200000E-08|+8.000000E-09}}
}
{@BLOCK|ci114|00
{@A-CAP|0|+9.878973E-09{@LIM3|+1.000000E-08|+1.200000E-08|+8.000000E-09}}
}
{@BLOCK|cv906|00
{@A-CAP|0|+1.091517E-08{@LIM3|+1.000000E-08|+1.200000E-08|+8.000000E-09}}
}
{@BLOCK|pc1000|00
{@A-CAP|0|+1.006507E-08{@LIM3|+1.000000E-08|+1.200000E-08|+8.000000E-09}}
}
{@BLOCK|cs203|00
{@A-CAP|0|+2.028563E-09{@LIM3|+2.200000E-09|+2.640000E-09|+1.760000E-09}}
}
{@BLOCK|cc251|00
{@A-CAP|0|+3.380007E-09{@LIM3|+3.300000E-09|+4.290000E-09|+2.310000E-09}}
}
{@BLOCK|cc253|00
{@A-CAP|0|+2.060540E-09{@LIM3|+2.200000E-09|+2.640000E-09|+1.760000E-09}}
}
{@BLOCK|cc254|00
{@A-CAP|0|+2.095484E-09{@LIM3|+2.200000E-09|+2.640000E-09|+1.760000E-09}}
}
{@BLOCK|cs202|00
{@A-CAP|0|+2.084114E-09{@LIM3|+2.200000E-09|+2.640000E-09|+1.760000E-09}}
}
{@BLOCK|cu916|00
{@A-CAP|0|+3.588319E-10{@LIM3|+3.400000E-10|+4.327272E-10|+2.720000E-10}}
}
{@BLOCK|cu917|00
{@A-CAP|0|+3.787262E-10{@LIM3|+3.400000E-10|+4.327272E-10|+2.720000E-10}}
}
{@BLOCK|cu922|00
{@A-CAP|0|+3.843101E-10{@LIM3|+3.400000E-10|+4.327272E-10|+2.720000E-10}}
}
{@BLOCK|cu925|00
{@A-CAP|0|+3.933172E-10{@LIM3|+3.400000E-10|+4.327272E-10|+2.720000E-10}}
}
{@BLOCK|pc5302|00
{@A-CAP|0|+4.386181E-08{@LIM3|+4.700000E-08|+5.640000E-08|+3.760000E-08}}
}
{@BLOCK|pr1|00
{@A-RES|0|+9.950775E+03{@LIM3|+1.000000E+04|+1.100000E+04|+9.000000E+03}}
}
{@BLOCK|pr1005|00
{@A-RES|0|+9.971087E+03{@LIM3|+1.000000E+04|+1.100000E+04|+9.000000E+03}}
}
{@BLOCK|pr1036|00
{@A-RES|0|+1.001937E+04{@LIM3|+1.000000E+04|+1.100000E+04|+9.000000E+03}}
}
{@BLOCK|pr5329|00
{@A-RES|0|+9.981709E+03{@LIM3|+1.000000E+04|+1.100000E+04|+9.000000E+03}}
}
{@BLOCK|ra65|00
{@A-RES|0|+9.898941E+03{@LIM3|+1.000000E+04|+1.100000E+04|+9.000000E+03}}
}
{@BLOCK|ra401|00
{@A-RES|0|+9.945186E+03{@LIM3|+1.000000E+04|+1.100000E+04|+9.000000E+03}}
}
{@BLOCK|rc148|00
{@A-RES|0|+1.035063E+04{@LIM3|+1.000000E+04|+1.100000E+04|+9.000000E+03}}
}
{@BLOCK|rc165|00
{@A-RES|0|+9.904732E+03{@LIM3|+1.000000E+04|+1.100000E+04|+9.000000E+03}}
}
{@BLOCK|rc185|00
{@A-RES|0|+1.019593E+04{@LIM3|+1.000000E+04|+1.100000E+04|+9.000000E+03}}
}
{@BLOCK|rc196|00
{@A-RES|0|+1.003333E+04{@LIM3|+1.000000E+04|+1.100000E+04|+9.000000E+03}}
}
{@BLOCK|rc199|00
{@A-RES|0|+9.892631E+03{@LIM3|+1.000000E+04|+1.100000E+04|+9.000000E+03}}
}
{@BLOCK|rc211|00
{@A-RES|0|+1.008174E+04{@LIM3|+1.000000E+04|+1.100000E+04|+9.000000E+03}}
}
{@BLOCK|rc214|00
{@A-RES|0|+9.927121E+03{@LIM3|+1.000000E+04|+1.100000E+04|+9.000000E+03}}
}
{@BLOCK|rc218|00
{@A-RES|0|+9.968885E+03{@LIM3|+1.000000E+04|+1.100000E+04|+9.000000E+03}}
}
{@BLOCK|rc220%ra|00
{@A-RES|0|+1.047228E+04{@LIM3|+1.000000E+04|+1.100000E+04|+9.000000E+03}}
}
{@BLOCK|rc220%rb|00
{@A-RES|0|+1.015036E+04{@LIM3|+1.000000E+04|+1.100000E+04|+9.000000E+03}}
}
{@BLOCK|rc221|00
{@A-RES|0|+9.930612E+03{@LIM3|+1.000000E+04|+1.100000E+04|+9.000000E+03}}
}
{@BLOCK|rc224|00
{@A-RES|0|+1.006695E+04{@LIM3|+1.000000E+04|+1.100000E+04|+9.000000E+03}}
}
{@BLOCK|rc234|00
{@A-RES|0|+1.018088E+04{@LIM3|+1.000000E+04|+1.100000E+04|+9.000000E+03}}
}
{@BLOCK|rc240|00
{@A-RES|0|+1.000530E+04{@LIM3|+1.000000E+04|+1.100000E+04|+9.000000E+03}}
}
{@BLOCK|rc254|00
{@A-RES|0|+9.999629E+03{@LIM3|+1.000000E+04|+1.100000E+04|+9.000000E+03}}
}
{@BLOCK|rc273|00
{@A-RES|0|+1.008011E+04{@LIM3|+1.000000E+04|+1.500000E+04|+5.000000E+03}}
}
{@BLOCK|rc280|00
{@A-RES|0|+1.007077E+04{@LIM3|+1.000000E+04|+1.100000E+04|+9.000000E+03}}
}
{@BLOCK|rc290|00
{@A-RES|0|+9.968607E+03{@LIM3|+1.000000E+04|+1.100000E+04|+9.000000E+03}}
}
{@BLOCK|rc296|00
{@A-RES|0|+9.867692E+03{@LIM3|+1.000000E+04|+1.400000E+04|+6.000000E+03}}
}
{@BLOCK|rc352|00
{@A-RES|0|+9.984385E+03{@LIM3|+1.000000E+04|+1.100000E+04|+9.000000E+03}}
}
{@BLOCK|rc353|00
{@A-RES|0|+9.924261E+03{@LIM3|+1.000000E+04|+1.100000E+04|+9.000000E+03}}
}
{@BLOCK|rc359|00
{@A-RES|0|+1.000850E+04{@LIM3|+1.000000E+04|+1.150000E+04|+8.500000E+03}}
}
{@BLOCK|rc966|00
{@A-RES|0|+1.002847E+04{@LIM3|+1.000000E+04|+1.100000E+04|+9.000000E+03}}
}
{@BLOCK|rc971|00
{@A-RES|0|+9.985678E+03{@LIM3|+1.000000E+04|+1.100000E+04|+9.000000E+03}}
}
{@BLOCK|rc972|00
{@A-RES|0|+1.045699E+04{@LIM3|+1.000000E+04|+1.100000E+04|+9.000000E+03}}
}
{@BLOCK|rd5|00
{@A-RES|0|+9.737652E+03{@LIM3|+1.000000E+04|+1.100000E+04|+9.000000E+03}}
}
{@BLOCK|re17|00
{@A-RES|0|+9.961953E+03{@LIM3|+1.000000E+04|+1.100000E+04|+9.000000E+03}}
}
{@BLOCK|re24|00
{@A-RES|0|+1.004795E+04{@LIM3|+1.000000E+04|+1.100000E+04|+9.000000E+03}}
}
{@BLOCK|re96%ra|00
{@A-RES|0|+1.004958E+04{@LIM3|+1.000000E+04|+1.100000E+04|+9.000000E+03}}
}
{@BLOCK|re96%rb|00
{@A-RES|0|+1.001176E+04{@LIM3|+1.000000E+04|+1.100000E+04|+9.000000E+03}}
}
{@BLOCK|re115|00
{@A-RES|0|+9.959856E+03{@LIM3|+1.000000E+04|+1.100000E+04|+9.000000E+03}}
}
{@BLOCK|re122|00
{@A-RES|0|+9.970487E+03{@LIM3|+1.000000E+04|+1.100000E+04|+9.000000E+03}}
}
{@BLOCK|re232|00
{@A-RES|0|+9.940683E+03{@LIM3|+1.000000E+04|+1.100000E+04|+9.000000E+03}}
}
{@BLOCK|re234|00
{@A-RES|0|+9.921455E+03{@LIM3|+1.000000E+04|+1.100000E+04|+9.000000E+03}}
}
{@BLOCK|ri108|00
{@A-RES|0|+9.960887E+03{@LIM3|+1.000000E+04|+1.100000E+04|+9.000000E+03}}
}
{@BLOCK|ri109|00
{@A-RES|0|+9.984385E+03{@LIM3|+1.000000E+04|+1.100000E+04|+9.000000E+03}}
}
{@BLOCK|rk15|00
{@A-RES|0|+9.958757E+03{@LIM3|+1.000000E+04|+1.100000E+04|+9.000000E+03}}
}
{@BLOCK|cv1|00
{@A-CAP|0|+1.077035E-07{@LIM3|+1.000000E-07|+1.300000E-07|+7.000000E-08}}
}
{@BLOCK|cv2|00
{@A-CAP|0|+9.392407E-08{@LIM3|+7.000000E-08|+1.120000E-07|+2.800000E-08}}
}
{@BLOCK|cv5|00
{@A-CAP|0|+8.720327E-08{@LIM3|+1.000000E-07|+1.300000E-07|+7.000000E-08}}
}
{@BLOCK|cv6|00
{@A-CAP|0|+1.088227E-07{@LIM3|+1.000000E-07|+1.300000E-07|+7.000000E-08}}
}
{@BLOCK|cv9|00
{@A-CAP|0|+1.082066E-07{@LIM3|+1.000000E-07|+1.300000E-07|+7.000000E-08}}
}
{@BLOCK|cv14|00
{@A-CAP|0|+9.167277E-08{@LIM3|+1.000000E-07|+1.300000E-07|+7.000000E-08}}
}
{@BLOCK|pc1012|00
{@A-CAP|0|+1.124114E-06{@LIM3|+1.000000E-06|+1.200000E-06|+8.000000E-07}}
}
{@BLOCK|rs206|00
{@A-RES|0|+9.967706E+03{@LIM3|+1.000000E+04|+1.100000E+04|+9.000000E+03}}
}
{@BLOCK|rk107|00
{@A-RES|0|+9.978500E+03{@LIM3|+1.000000E+04|+1.100000E+04|+9.000000E+03}}
}
{@BLOCK|rl17|00
{@A-RES|0|+9.985455E+03{@LIM3|+1.000000E+04|+1.100000E+04|+9.000000E+03}}
}
{@BLOCK|rl20|00
{@A-RES|0|+1.005337E+04{@LIM3|+1.000000E+04|+1.100000E+04|+9.000000E+03}}
}
{@BLOCK|rl36|00
{@A-RES|0|+1.008113E+04{@LIM3|+1.000000E+04|+1.100000E+04|+9.000000E+03}}
}
{@BLOCK|rn24|00
{@A-RES|0|+9.925319E+03{@LIM3|+1.000000E+04|+1.100000E+04|+9.000000E+03}}
}
{@BLOCK|rn25|00
{@A-RES|0|+9.945461E+03{@LIM3|+1.000000E+04|+1.100000E+04|+9.000000E+03}}
}
{@BLOCK|rn26|00
{@A-RES|0|+9.952902E+03{@LIM3|+1.000000E+04|+1.100000E+04|+9.000000E+03}}
}
{@BLOCK|rt14|00
{@A-RES|0|+1.040325E+04{@LIM3|+1.000000E+04|+1.100000E+04|+9.000000E+03}}
}
{@BLOCK|ru636|00
{@A-RES|0|+9.904268E+03{@LIM3|+1.000000E+04|+1.100000E+04|+9.000000E+03}}
}
{@BLOCK|ru640|00
{@A-RES|0|+9.858069E+03{@LIM3|+1.000000E+04|+1.100000E+04|+9.000000E+03}}
}
{@BLOCK|ru644|00
{@A-RES|0|+9.920096E+03{@LIM3|+1.000000E+04|+1.100000E+04|+9.000000E+03}}
}
{@BLOCK|ru1145|00
{@A-RES|0|+9.970377E+03{@LIM3|+1.000000E+04|+1.150000E+04|+8.500000E+03}}
}
{@BLOCK|ru1146|00
{@A-RES|0|+1.015700E+04{@LIM3|+1.000000E+04|+1.150000E+04|+8.500000E+03}}
}
{@BLOCK|rv906|00
{@A-RES|0|+9.931894E+03{@LIM3|+1.000000E+04|+1.100000E+04|+9.000000E+03}}
}
{@BLOCK|rv909|00
{@A-RES|0|+9.847703E+03{@LIM3|+1.000000E+04|+1.100000E+04|+9.000000E+03}}
}
{@BLOCK|pr100|00
{@A-RES|0|+1.034862E+02{@LIM3|+1.000000E+02|+1.110000E+02|+9.400000E+01}}
}
{@BLOCK|pr101|00
{@A-RES|0|+1.038599E+02{@LIM3|+1.000000E+02|+1.110000E+02|+9.400000E+01}}
}
{@BLOCK|pr1003|00
{@A-JUM|0|+3.562407E+00{@LIM2|+1.500000E+01|+0.000000E+00}}
}
{@BLOCK|pr1004|00
{@A-JUM|0|+3.531866E+00{@LIM2|+1.500000E+01|+0.000000E+00}}
}
{@BLOCK|pr1008|00
{@A-JUM|0|+3.324664E+00{@LIM2|+1.500000E+01|+0.000000E+00}}
}
{@BLOCK|pr1031|00
{@A-JUM|0|+3.547735E+00{@LIM2|+1.500000E+01|+0.000000E+00}}
}
{@BLOCK|pr1034|00
{@A-JUM|0|+3.151288E+00{@LIM2|+1.500000E+01|+0.000000E+00}}
}
{@BLOCK|pr102|00
{@A-RES|0|+1.009917E+06{@LIM3|+1.000000E+06|+1.250000E+06|+7.500000E+05}}
}
{@BLOCK|pr103|00
{@A-RES|0|+9.944930E+03{@LIM3|+1.000000E+04|+1.060000E+04|+9.400000E+03}}
}
{@BLOCK|pr302|00
{@A-RES|0|+9.974225E+03{@LIM3|+1.000000E+04|+1.060000E+04|+9.400000E+03}}
}
{@BLOCK|re1|00
{@A-RES|0|+1.000262E+04{@LIM3|+1.000000E+04|+1.060000E+04|+9.400000E+03}}
}
{@BLOCK|pr1608|00
{@A-RES|0|+9.959669E+04{@LIM3|+1.000000E+05|+1.150000E+05|+8.500000E+04}}
}
{@BLOCK|pr6211|00
{@A-RES|0|+1.005468E+05{@LIM3|+1.000000E+05|+1.250000E+05|+7.500000E+04}}
}
{@BLOCK|ra406|00
{@A-RES|0|+5.114016E+03{@LIM3|+5.110000E+03|+5.416600E+03|+4.803400E+03}}
}
{@BLOCK|rc10|00
{@A-RES|0|+1.002395E+05{@LIM3|+1.000000E+05|+1.150000E+05|+8.500000E+04}}
}
{@BLOCK|rc12|00
{@A-RES|0|+9.967125E+04{@LIM3|+1.000000E+05|+1.150000E+05|+8.500000E+04}}
}
{@BLOCK|rc21|00
{@A-RES|0|+1.010109E+05{@LIM3|+1.000000E+05|+1.150000E+05|+8.500000E+04}}
}
{@BLOCK|rc27|00
{@A-RES|0|+9.908837E+04{@LIM3|+1.000000E+05|+1.150000E+05|+8.500000E+04}}
}
{@BLOCK|rc237|00
{@A-RES|0|+9.909891E+04{@LIM3|+1.000000E+05|+1.150000E+05|+8.500000E+04}}
}
{@BLOCK|re6|00
{@A-RES|0|+9.724766E+04{@LIM3|+1.000000E+05|+1.150000E+05|+8.500000E+04}}
}
{@BLOCK|re13|00
{@A-RES|0|+9.951094E+04{@LIM3|+1.000000E+05|+1.150000E+05|+8.500000E+04}}
}
{@BLOCK|re14|00
{@A-RES|0|+9.897261E+04{@LIM3|+1.000000E+05|+1.150000E+05|+8.500000E+04}}
}
{@BLOCK|re25|00
{@A-RES|0|+1.002502E+05{@LIM3|+1.000000E+05|+1.150000E+05|+8.500000E+04}}
}
{@BLOCK|re32|00
{@A-RES|0|+9.955349E+04{@LIM3|+1.000000E+05|+1.150000E+05|+8.500000E+04}}
}
{@BLOCK|re34|00
{@A-RES|0|+9.918328E+04{@LIM3|+1.000000E+05|+1.150000E+05|+8.500000E+04}}
}
{@BLOCK|re38|00
{@A-RES|0|+9.823190E+04{@LIM3|+1.000000E+05|+1.150000E+05|+8.500000E+04}}
}
{@BLOCK|re43|00
{@A-RES|0|+9.649262E+04{@LIM3|+1.000000E+05|+1.150000E+05|+8.500000E+04}}
}
{@BLOCK|re44|00
{@A-RES|0|+2.718404E+04{@LIM3|+2.500000E+04|+2.875000E+04|+2.125000E+04}}
}
{@BLOCK|re46|00
{@A-RES|0|+9.946912E+04{@LIM3|+1.000000E+05|+1.150000E+05|+8.500000E+04}}
}
{@BLOCK|re47|00
{@A-RES|0|+1.009780E+05{@LIM3|+1.000000E+05|+1.150000E+05|+8.500000E+04}}
}
{@BLOCK|re58|00
{@A-RES|0|+7.722701E+04{@LIM3|+7.500000E+04|+8.250000E+04|+6.750000E+04}}
}
{@BLOCK|re82|00
{@A-RES|0|+9.958604E+04{@LIM3|+1.000000E+05|+1.150000E+05|+8.500000E+04}}
}
{@BLOCK|re83|00
{@A-RES|0|+9.960733E+04{@LIM3|+1.000000E+05|+1.150000E+05|+8.500000E+04}}
}
{@BLOCK|re92|00
{@A-RES|0|+1.001964E+05{@LIM3|+1.000000E+05|+1.150000E+05|+8.500000E+04}}
}
{@BLOCK|re119|00
{@A-RES|0|+9.843942E+04{@LIM3|+1.000000E+05|+1.150000E+05|+8.500000E+04}}
}
{@BLOCK|re235|00
{@A-RES|0|+9.283048E+04{@LIM3|+1.000000E+05|+1.150000E+05|+7.000000E+04}}
}
{@BLOCK|ri111|00
{@A-RES|0|+9.975661E+04{@LIM3|+1.000000E+05|+1.150000E+05|+8.500000E+04}}
}
{@BLOCK|ri204|00
{@A-RES|0|+1.013184E+05{@LIM3|+1.000000E+05|+1.150000E+05|+8.500000E+04}}
}
{@BLOCK|ri302|00
{@A-RES|0|+1.003798E+05{@LIM3|+1.000000E+05|+1.150000E+05|+8.500000E+04}}
}
{@BLOCK|ri306|00
{@A-RES|0|+9.904913E+04{@LIM3|+1.000000E+05|+1.150000E+05|+8.500000E+04}}
}
{@BLOCK|ri309|00
{@A-RES|0|+9.939486E+04{@LIM3|+1.000000E+05|+1.150000E+05|+8.500000E+04}}
}
{@BLOCK|ri315|00
{@A-RES|0|+9.951161E+04{@LIM3|+1.000000E+05|+1.150000E+05|+8.500000E+04}}
}
{@BLOCK|rn30|00
{@A-RES|0|+1.002179E+05{@LIM3|+1.000000E+05|+1.150000E+05|+8.500000E+04}}
}
{@BLOCK|rn37|00
{@A-RES|0|+9.963928E+04{@LIM3|+1.000000E+05|+1.150000E+05|+8.500000E+04}}
}
{@BLOCK|rr12|00
{@A-RES|0|+9.972458E+04{@LIM3|+1.000000E+05|+1.150000E+05|+8.500000E+04}}
}
{@BLOCK|rr17|00
{@A-RES|0|+1.051566E+05{@LIM3|+1.000000E+05|+1.150000E+05|+8.500000E+04}}
}
{@BLOCK|rr50|00
{@A-RES|0|+9.915163E+04{@LIM3|+1.000000E+05|+1.150000E+05|+8.500000E+04}}
}
{@BLOCK|rr52|00
{@A-RES|0|+9.973525E+04{@LIM3|+1.000000E+05|+1.150000E+05|+8.500000E+04}}
}
{@BLOCK|rr56|00
{@A-RES|0|+9.844982E+04{@LIM3|+1.000000E+05|+1.150000E+05|+8.500000E+04}}
}
{@BLOCK|ru14|00
{@A-RES|0|+4.966955E+04{@LIM3|+5.000000E+04|+5.750000E+04|+4.250000E+04}}
}
{@BLOCK|ru93|00
{@A-RES|0|+9.946912E+04{@LIM3|+1.000000E+05|+1.150000E+05|+8.500000E+04}}
}
{@BLOCK|ru94|00
{@A-RES|0|+9.815947E+04{@LIM3|+1.000000E+05|+1.150000E+05|+8.500000E+04}}
}
{@BLOCK|rv6|00
{@A-RES|0|+9.813794E+04{@LIM3|+1.000000E+05|+1.250000E+05|+7.500000E+04}}
}
{@BLOCK|rv7|00
{@A-RES|0|+1.008033E+05{@LIM3|+1.000000E+05|+1.150000E+05|+8.500000E+04}}
}
{@BLOCK|rv9|00
{@A-RES|0|+1.002610E+05{@LIM3|+1.000000E+05|+1.150000E+05|+8.500000E+04}}
}
{@BLOCK|rv16|00
{@A-RES|0|+9.814913E+04{@LIM3|+1.000000E+05|+1.150000E+05|+8.500000E+04}}
}
{@BLOCK|rv511|00
{@A-RES|0|+9.900416E+04{@LIM3|+1.000000E+05|+1.150000E+05|+8.500000E+04}}
}
{@BLOCK|rv917|00
{@A-RES|0|+1.003778E+05{@LIM3|+1.000000E+05|+1.150000E+05|+8.500000E+04}}
}
{@BLOCK|rv923|00
{@A-RES|0|+1.000988E+05{@LIM3|+1.000000E+05|+1.150000E+05|+8.500000E+04}}
}
{@BLOCK|pr6214|00
{@A-RES|0|+9.980783E+04{@LIM3|+1.000000E+05|+1.150000E+05|+8.500000E+04}}
}
{@BLOCK|rs221|00
{@A-RES|0|+1.694792E+04{@LIM3|+1.680000E+04|+1.780800E+04|+1.579200E+04}}
}
{@BLOCK|rs222|00
{@A-RES|0|+1.180123E+04{@LIM3|+1.180000E+04|+1.250800E+04|+1.109200E+04}}
}
{@BLOCK|pr301|00
{@A-RES|0|+9.938330E+04{@LIM3|+1.000000E+05|+1.110000E+05|+8.900000E+04}}
}
{@BLOCK|pr5315|00
{@A-RES|0|+1.002468E+05{@LIM3|+1.000000E+05|+1.110000E+05|+8.900000E+04}}
}
{@BLOCK|pr6225|00
{@A-RES|0|+9.995991E+04{@LIM3|+1.000000E+05|+1.110000E+05|+8.900000E+04}}
}
{@BLOCK|ri114|00
{@A-RES|0|+2.359965E+04{@LIM3|+2.500000E+04|+3.125000E+04|+2.125000E+04}}
}
{@BLOCK|rs224|00
{@A-RES|0|+1.045023E+05{@LIM3|+1.000000E+05|+1.400000E+05|+6.000000E+04}}
}
{@BLOCK|ru50|00
{@A-RES|0|+1.000343E+05{@LIM3|+1.000000E+05|+1.110000E+05|+8.900000E+04}}
}
{@BLOCK|pr303|00
{@A-RES|0|+6.906195E+05{@LIM3|+7.500000E+05|+9.375000E+05|+5.625000E+05}}
}
{@BLOCK|pr1803|00
{@A-RES|0|+1.000484E+03{@LIM3|+1.000000E+03|+1.060000E+03|+9.400000E+02}}
}
{@BLOCK|pr1019|00
{@A-RES|0|+5.080809E+03{@LIM3|+4.700000E+03|+5.170000E+03|+4.230000E+03}}
}
{@BLOCK|pr1020|00
{@A-RES|0|+4.730467E+03{@LIM3|+4.700000E+03|+5.170000E+03|+4.230000E+03}}
}
{@BLOCK|pr1620|00
{@A-RES|0|+4.732839E+03{@LIM3|+4.700000E+03|+5.170000E+03|+4.230000E+03}}
}
{@BLOCK|rb13|00
{@A-RES|0|+4.676358E+03{@LIM3|+4.700000E+03|+5.170000E+03|+4.230000E+03}}
}
{@BLOCK|ri242%r1|00
{@A-RES|0|+4.730287E+03{@LIM3|+4.700000E+03|+5.170000E+03|+4.230000E+03}}
}
{@BLOCK|ri242%r2|00
{@A-RES|0|+4.693803E+03{@LIM3|+4.700000E+03|+5.170000E+03|+4.230000E+03}}
}
{@BLOCK|ri256|00
{@A-RES|0|+4.788426E+03{@LIM3|+4.700000E+03|+5.170000E+03|+4.230000E+03}}
}
{@BLOCK|rk5|00
{@A-RES|0|+4.918697E+03{@LIM3|+4.700000E+03|+5.170000E+03|+4.230000E+03}}
}
{@BLOCK|rk102|00
{@A-RES|0|+4.837686E+03{@LIM3|+4.700000E+03|+5.170000E+03|+4.230000E+03}}
}
{@BLOCK|ru21|00
{@A-RES|0|+4.693093E+03{@LIM3|+4.700000E+03|+5.170000E+03|+4.230000E+03}}
}
{@BLOCK|ru25|00
{@A-RES|0|+4.626403E+03{@LIM3|+4.700000E+03|+5.170000E+03|+4.230000E+03}}
}
{@BLOCK|ru44|00
{@A-RES|0|+4.682708E+03{@LIM3|+4.700000E+03|+5.170000E+03|+4.230000E+03}}
}
{@BLOCK|ru45|00
{@A-RES|0|+4.697355E+03{@LIM3|+4.700000E+03|+5.170000E+03|+4.230000E+03}}
}
{@BLOCK|ru46|00
{@A-RES|0|+4.791137E+03{@LIM3|+4.700000E+03|+5.170000E+03|+4.230000E+03}}
}
{@BLOCK|ru47|00
{@A-RES|0|+4.679884E+03{@LIM3|+4.700000E+03|+5.170000E+03|+4.230000E+03}}
}
{@BLOCK|ru614|00
{@A-RES|0|+4.702329E+03{@LIM3|+4.700000E+03|+5.170000E+03|+4.230000E+03}}
}
{@BLOCK|ru615|00
{@A-RES|0|+4.730018E+03{@LIM3|+4.700000E+03|+5.170000E+03|+4.230000E+03}}
}
{@BLOCK|pr1040|00
{@A-RES|0|+1.973261E+06{@LIM3|+2.000000E+06|+2.500000E+06|+1.500000E+06}}
}
{@BLOCK|ru932|00
{@A-RES|0|+2.020399E+06{@LIM3|+2.000000E+06|+2.500000E+06|+1.500000E+06}}
}
{@BLOCK|ru933|00
{@A-RES|0|+1.991039E+06{@LIM3|+2.000000E+06|+2.500000E+06|+1.500000E+06}}
}
{@BLOCK|pr1041|00
{@A-RES|0|+1.329328E+05{@LIM3|+1.330000E+05|+1.476300E+05|+1.183700E+05}}
}
{@BLOCK|pr1042|00
{@A-RES|0|+4.799579E+04{@LIM3|+4.990000E+04|+5.788400E+04|+4.191600E+04}}
}
{@BLOCK|pr1043|00
{@A-RES|0|+4.755485E+04{@LIM3|+4.990000E+04|+5.788400E+04|+4.191600E+04}}
}
{@BLOCK|pr1604|00
{@A-JUM|0|+3.679153E+00{@LIM2|+1.500000E+01|+0.000000E+00}}
}
{@BLOCK|pr1710|00
{@A-JUM|0|+2.913662E+00{@LIM2|+1.500000E+01|+0.000000E+00}}
}
{@BLOCK|ra407|00
{@A-RES|0|+3.912919E+04{@LIM3|+3.920000E+04|+4.155200E+04|+3.684800E+04}}
}
{@BLOCK|pr5324|00
{@A-RES|0|+1.360684E+05{@LIM3|+1.370000E+05|+1.520700E+05|+1.219300E+05}}
}
{@BLOCK|rc33%r1_4|00
{@A-RES|0|+1.000820E+03{@LIM3|+1.000000E+03|+1.150000E+03|+8.500000E+02}}
}
{@BLOCK|rc33%r2_3|00
{@A-RES|0|+1.005013E+03{@LIM3|+1.000000E+03|+1.100000E+03|+9.000000E+02}}
}
{@BLOCK|rc34%r1_4|00
{@A-RES|0|+9.985724E+02{@LIM3|+1.000000E+03|+1.150000E+03|+8.500000E+02}}
}
{@BLOCK|rc34%r2_3|00
{@A-RES|0|+1.004676E+03{@LIM3|+1.000000E+03|+1.150000E+03|+8.500000E+02}}
}
{@BLOCK|rc552|00
{@A-RES|0|+1.008710E+03{@LIM3|+1.000000E+03|+1.100000E+03|+9.000000E+02}}
}
{@BLOCK|rc951|00
{@A-RES|0|+1.003074E+03{@LIM3|+1.000000E+03|+1.100000E+03|+9.000000E+02}}
}
{@BLOCK|rc960|00
{@A-RES|0|+1.004742E+03{@LIM3|+1.000000E+03|+1.100000E+03|+9.000000E+02}}
}
{@BLOCK|rc961|00
{@A-RES|0|+1.012654E+03{@LIM3|+1.000000E+03|+1.100000E+03|+9.000000E+02}}
}
{@BLOCK|rc962|00
{@A-RES|0|+1.007402E+03{@LIM3|+1.000000E+03|+1.100000E+03|+9.000000E+02}}
}
{@BLOCK|rc963|00
{@A-RES|0|+1.002535E+03{@LIM3|+1.000000E+03|+1.100000E+03|+9.000000E+02}}
}
{@BLOCK|pr6215|00
{@A-RES|0|+1.000160E+06{@LIM3|+1.000000E+06|+1.210000E+06|+7.900000E+05}}
}
{@BLOCK|pr6216|00
{@A-RES|0|+1.003243E+06{@LIM3|+1.000000E+06|+1.210000E+06|+7.900000E+05}}
}
{@BLOCK|pq6203%qf2|00
{@A-NFE|0|+1.038598E+02{@LIM2|+2.000000E+02|+2.000000E+01}}
}
{@BLOCK|prt300|00
{@A-RES|0|+6.475009E+02{@LIM3|+5.400000E+02|+7.290000E+02|+3.510000E+02}}
}
{@BLOCK|prt301|00
{@A-RES|0|+6.413980E+02{@LIM3|+5.400000E+02|+7.290000E+02|+3.510000E+02}}
}
{@BLOCK|prt303|00
{@A-RES|0|+6.381929E+02{@LIM3|+5.400000E+02|+7.290000E+02|+3.510000E+02}}
}
{@BLOCK|prt304|00
{@A-RES|0|+6.394184E+02{@LIM3|+5.400000E+02|+7.290000E+02|+3.510000E+02}}
}
{@BLOCK|prt305|00
{@A-RES|0|+6.373639E+02{@LIM3|+5.400000E+02|+7.290000E+02|+3.510000E+02}}
}
{@BLOCK|rc241%r1_4|00
{@A-RES|0|+2.313740E+03{@LIM3|+2.200000E+03|+2.420000E+03|+1.980000E+03}}
}
{@BLOCK|rc241%r2_3|00
{@A-RES|0|+2.263786E+03{@LIM3|+2.200000E+03|+2.420000E+03|+1.980000E+03}}
}
{@BLOCK|rc242%r1_4|00
{@A-RES|0|+2.192567E+03{@LIM3|+2.200000E+03|+2.420000E+03|+1.980000E+03}}
}
{@BLOCK|rc242%r2_3|00
{@A-RES|0|+2.198365E+03{@LIM3|+2.200000E+03|+2.420000E+03|+1.980000E+03}}
}
{@BLOCK|rc245%r1_4|00
{@A-RES|0|+2.186594E+03{@LIM3|+2.200000E+03|+2.420000E+03|+1.980000E+03}}
}
{@BLOCK|rc245%r2_3|00
{@A-RES|0|+2.198676E+03{@LIM3|+2.200000E+03|+2.420000E+03|+1.980000E+03}}
}
{@BLOCK|rc356%r1_4|00
{@A-RES|0|+2.202698E+03{@LIM3|+2.200000E+03|+2.420000E+03|+1.980000E+03}}
}
{@BLOCK|rc356%r2_3|00
{@A-RES|0|+2.193023E+03{@LIM3|+2.200000E+03|+2.420000E+03|+1.980000E+03}}
}
{@BLOCK|rc609|00
{@A-RES|0|+2.187710E+03{@LIM3|+2.200000E+03|+2.420000E+03|+1.980000E+03}}
}
{@BLOCK|re97%r1_4|00
{@A-RES|0|+2.246743E+03{@LIM3|+2.200000E+03|+2.420000E+03|+1.980000E+03}}
}
{@BLOCK|re97%r2_3|00
{@A-RES|0|+2.249783E+03{@LIM3|+2.200000E+03|+2.420000E+03|+1.980000E+03}}
}
{@BLOCK|re98%r1_4|00
{@A-RES|0|+2.201692E+03{@LIM3|+2.200000E+03|+2.420000E+03|+1.980000E+03}}
}
{@BLOCK|re98%r2_3|00
{@A-RES|0|+2.199611E+03{@LIM3|+2.200000E+03|+2.420000E+03|+1.980000E+03}}
}
{@BLOCK|re100%r2_3|00
{@A-RES|0|+2.201692E+03{@LIM3|+2.200000E+03|+2.420000E+03|+1.980000E+03}}
}
{@BLOCK|ri303%r1_4|00
{@A-RES|0|+2.182302E+03{@LIM3|+2.200000E+03|+2.420000E+03|+1.980000E+03}}
}
{@BLOCK|ri303%r2_3|00
{@A-RES|0|+2.188628E+03{@LIM3|+2.200000E+03|+2.750000E+03|+1.980000E+03}}
}
{@BLOCK|rv904%r1_4|00
{@A-RES|0|+2.218056E+03{@LIM3|+2.200000E+03|+2.420000E+03|+1.980000E+03}}
}
{@BLOCK|rv904%r2_3|00
{@A-RES|0|+2.199923E+03{@LIM3|+2.200000E+03|+2.420000E+03|+1.980000E+03}}
}
{@BLOCK|ra62|00
{@A-RES|0|+3.595191E+01{@LIM3|+3.300000E+01|+4.129999E+01|+2.970000E+01}}
}
{@BLOCK|rc144|00
{@A-RES|0|+3.640274E+01{@LIM3|+3.300000E+01|+4.129999E+01|+2.970000E+01}}
}
{@BLOCK|rc145|00
{@A-RES|0|+3.709639E+01{@LIM3|+3.300000E+01|+4.290000E+01|+2.310000E+01}}
}
{@BLOCK|rc146|00
{@A-RES|0|+3.635743E+01{@LIM3|+3.300000E+01|+4.129999E+01|+2.970000E+01}}
}
{@BLOCK|rc172|00
{@A-RES|0|+3.646238E+01{@LIM3|+3.300000E+01|+4.129999E+01|+2.970000E+01}}
}
{@BLOCK|ra402|00
{@A-RES|0|+6.829864E+03{@LIM3|+6.800000E+03|+7.208000E+03|+6.392000E+03}}
}
{@BLOCK|ri218|00
{@A-RES|0|+1.030697E+02{@LIM3|+1.000000E+02|+1.150000E+02|+9.000000E+01}}
}
{@BLOCK|ri221|00
{@A-RES|0|+1.035320E+02{@LIM3|+1.000000E+02|+1.150000E+02|+9.000000E+01}}
}
{@BLOCK|ri228|00
{@A-RES|0|+1.033546E+02{@LIM3|+1.000000E+02|+1.150000E+02|+9.000000E+01}}
}
{@BLOCK|ri231|00
{@A-RES|0|+1.026904E+02{@LIM3|+1.000000E+02|+1.150000E+02|+9.000000E+01}}
}
{@BLOCK|ri236|00
{@A-RES|0|+1.032348E+02{@LIM3|+1.000000E+02|+1.150000E+02|+9.000000E+01}}
}
{@BLOCK|ru82|00
{@A-RES|0|+1.027694E+02{@LIM3|+1.000000E+02|+1.150000E+02|+9.000000E+01}}
}
{@BLOCK|ru83|00
{@A-RES|0|+1.040424E+02{@LIM3|+1.000000E+02|+1.200000E+02|+8.000000E+01}}
}
{@BLOCK|rt8|00
{@A-RES|0|+2.507730E+01{@LIM3|+2.200000E+01|+2.920001E+01|+1.980000E+01}}
}
{@BLOCK|rt11|00
{@A-RES|0|+2.459043E+01{@LIM3|+2.200000E+01|+2.920001E+01|+1.980000E+01}}
}
{@BLOCK|rc5|00
{@A-RES|0|+2.039115E+03{@LIM3|+2.000000E+03|+2.200000E+03|+1.800000E+03}}
}
{@BLOCK|rc6|00
{@A-RES|0|+2.008821E+03{@LIM3|+2.000000E+03|+2.120000E+03|+1.880000E+03}}
}
{@BLOCK|rc141|00
{@A-RES|0|+2.093489E+04{@LIM3|+2.000000E+04|+2.200000E+04|+1.800000E+04}}
}
{@BLOCK|rc291|00
{@A-RES|0|+2.033020E+04{@LIM3|+2.000000E+04|+2.200000E+04|+1.800000E+04}}
}
{@BLOCK|rc968|00
{@A-RES|0|+1.989432E+04{@LIM3|+2.000000E+04|+2.200000E+04|+1.800000E+04}}
}
{@BLOCK|rc160|00
{@A-RES|0|+1.011165E+01{@LIM3|+1.000000E+01|+1.100000E+01|+9.000000E+00}}
}
{@BLOCK|rc164|00
{@A-RES|0|+1.077693E+01{@LIM3|+1.000000E+01|+1.200000E+01|+8.000000E+00}}
}
{@BLOCK|rc238|00
{@A-RES|0|+8.385293E+03{@LIM3|+8.200000E+03|+9.020000E+03|+7.380000E+03}}
}
{@BLOCK|rc265|00
{@A-RES|0|+3.448773E+05{@LIM3|+4.700000E+05|+6.345000E+05|+2.585000E+05}}
}
{@BLOCK|re3|00
{@A-RES|0|+5.110606E+04{@LIM3|+5.100000E+04|+5.406000E+04|+4.794000E+04}}
}
{@BLOCK|re4|00
{@A-RES|0|+3.290831E+04{@LIM3|+3.300000E+04|+3.498000E+04|+3.102000E+04}}
}
{@BLOCK|ri414|00
{@A-RES|0|+8.089447E+02{@LIM3|+8.060000E+02|+8.543600E+02|+7.576400E+02}}
}
{@BLOCK|ri415|00
{@A-RES|0|+3.692358E+02{@LIM3|+3.650000E+02|+3.869000E+02|+3.431000E+02}}
}
{@BLOCK|rr22|00
{@A-RES|0|+7.515782E+01{@LIM3|+7.500000E+01|+9.000000E+01|+6.000000E+01}}
}
{@BLOCK|ru1115|00
{@A-RES|0|+1.034467E+05{@LIM3|+1.047620E+05|+1.204763E+05|+8.904770E+04}}
}
{@BLOCK|ru1110|00
{@A-RES|0|+1.034972E+05{@LIM3|+1.047620E+05|+1.204763E+05|+8.904770E+04}}
}
{@BLOCK|rv3|00
{@A-RES|0|+2.707615E+03{@LIM3|+2.700000E+03|+2.862000E+03|+2.538000E+03}}
}
{@BLOCK|pq301|00
{@A-NFE|0|+1.002481E+02{@LIM2|+2.000000E+02|+2.000000E+01}}
}
{@BLOCK|pq1000%qf1|00
{@A-NFE|0|+1.100204E+02{@LIM2|+2.000000E+02|+2.000000E+01}}
}
{@BLOCK|pq1000%qf2|00
{@A-NFE|0|+8.364213E+01{@LIM2|+2.000000E+02|+2.000000E+01}}
}
{@BLOCK|pq5307%qf|00
{@A-NFE|0|+5.851068E+01{@LIM2|+2.000000E+02|+2.000000E+01}}
}
{@BLOCK|pq6201%qf|00
{@A-NFE|0|+8.473284E+01{@LIM2|+2.000000E+02|+2.000000E+01}}
}
{@BLOCK|pq6206%qf|00
{@A-NFE|0|+1.085275E+02{@LIM2|+2.000000E+02|+2.000000E+01}}
}
{@BLOCK|qa402|00
{@A-NFE|0|+1.031011E+02{@LIM2|+2.000000E+02|+2.000000E+01}}
}
{@BLOCK|qc1|00
{@A-NFE|0|+3.869659E+01{@LIM2|+2.000000E+02|+2.000000E+01}}
}
{@BLOCK|qc150|00
{@A-NFE|0|+4.169399E+01{@LIM2|+2.000000E+02|+2.000000E+01}}
}
{@BLOCK|qc250%qf1|00
{@A-NFE|0|+7.568152E+01{@LIM2|+2.000000E+02|+2.000000E+01}}
}
{@BLOCK|qc250%qf2|00
{@A-NFE|0|+1.273672E+02{@LIM2|+2.000000E+02|+2.000000E+01}}
}
{@BLOCK|qc256|00
{@A-NFE|0|+4.440699E+01{@LIM2|+2.000000E+02|+2.000000E+01}}
}
{@BLOCK|qc350%qf1|00
{@A-NFE|0|+6.400944E+01{@LIM2|+2.000000E+02|+2.000000E+01}}
}
{@BLOCK|qc350%qf2|00
{@A-NFE|0|+1.372459E+02{@LIM2|+2.000000E+02|+2.000000E+01}}
}
{@BLOCK|qc552|00
{@A-NFE|0|+3.675360E+01{@LIM2|+2.000000E+02|+2.000000E+01}}
}
{@BLOCK|qc553|00
{@A-NFE|0|+3.346647E+01{@LIM2|+2.000000E+02|+2.000000E+01}}
}
{@BLOCK|qi100|00
{@A-NFE|0|+5.560206E+01{@LIM2|+2.000000E+02|+2.000000E+01}}
}
{@BLOCK|ql3|00
{@A-NFE|0|+1.033492E+02{@LIM2|+2.000000E+02|+2.000000E+01}}
}
{@BLOCK|qn1%qf1|00
{@A-NFE|0|+6.478832E+01{@LIM2|+2.000000E+02|+2.000000E+01}}
}
{@BLOCK|qn1%qf2|00
{@A-NFE|0|+6.778628E+01{@LIM2|+2.000000E+02|+2.000000E+01}}
}
{@BLOCK|qr10|00
{@A-NFE|0|+1.508141E+02{@LIM2|+2.000000E+02|+2.000000E+01}}
}
{@BLOCK|qr16|00
{@A-NFE|0|+1.317582E+02{@LIM2|+2.000000E+02|+2.000000E+01}}
}
{@BLOCK|qt4|00
{@A-NFE|0|+1.061652E+02{@LIM2|+2.000000E+02|+2.000000E+01}}
}
{@BLOCK|qu600|00
{@A-NFE|0|+6.643817E+01{@LIM2|+2.000000E+02|+2.000000E+01}}
}
{@BLOCK|qu601|00
{@A-NFE|0|+8.883622E+01{@LIM2|+2.000000E+02|+2.000000E+01}}
}
{@BLOCK|qv901%qf1|00
{@A-NFE|0|+7.827775E+01{@LIM2|+2.000000E+02|+2.000000E+01}}
}
{@BLOCK|qv901%qf2|00
{@A-NFE|0|+1.289800E+02{@LIM2|+2.000000E+02|+2.000000E+01}}
}
{@BLOCK|qv902|00
{@A-NFE|0|+5.187568E+01{@LIM2|+2.000000E+02|+2.000000E+01}}
}
{@BLOCK|pq5301%f2|00
{@A-NFE|0|+4.449656E+01{@LIM2|+2.000000E+02|+2.000000E+01}}
}
{@BLOCK|pq5302%qf|00
{@A-PFE|0|+1.024147E+02{@LIM2|+2.000000E+02|+2.000000E+01}}
}
{@BLOCK|qv600|00
{@A-PFE|0|+7.759715E+01{@LIM2|+2.000000E+02|+2.000000E+01}}
}
{@BLOCK|da405|00
{@A-DIO|0|+7.330392E-01{@LIM2|+8.000000E-01|+4.000000E-01}}
}
{@BLOCK|da406|00
{@A-DIO|0|+7.052022E-01{@LIM2|+8.000000E-01|+4.000000E-01}}
}
{@BLOCK|dc3|00
{@A-DIO|0|+6.731124E-01{@LIM2|+8.000000E-01|+4.000000E-01}}
}
{@BLOCK|dc4|00
{@A-DIO|0|+6.777090E-01{@LIM2|+8.000000E-01|+4.000000E-01}}
}
{@BLOCK|di500|00
{@A-DIO|0|+6.748785E-01{@LIM2|+8.000000E-01|+2.000000E-01}}
}
{@BLOCK|dk1|00
{@A-DIO|0|+5.354313E-01{@LIM2|+8.000000E-01|+4.000000E-01}}
}
{@BLOCK|dk100|00
{@A-DIO|0|+5.228016E-01{@LIM2|+8.000000E-01|+4.000000E-01}}
}
{@BLOCK|du601|00
{@A-DIO|0|+7.716586E-01{@LIM2|+8.000000E-01|+4.000000E-01}}
}
{@BLOCK|du602|00
{@A-DIO|0|+6.017225E-01{@LIM2|+8.000000E-01|+2.000000E-01}}
}
{@BLOCK|du1103|00
{@A-DIO|0|+7.696396E-01{@LIM2|+8.000000E-01|+4.000000E-01}}
}
{@BLOCK|dv4%cr2|00
{@A-DIO|0|+5.749959E-01{@LIM2|+8.000000E-01|+4.000000E-01}}
}
{@BLOCK|dv600%cr2|00
{@A-DIO|0|+6.343212E-01{@LIM2|+8.000000E-01|+4.000000E-01}}
}
{@BLOCK|dv601%cr1|00
{@A-DIO|0|+7.671910E-01{@LIM2|+8.000000E-01|+4.000000E-01}}
}
{@BLOCK|dv601%cr2|00
{@A-DIO|0|+7.254356E-01{@LIM2|+8.000000E-01|+4.000000E-01}}
}
{@BLOCK|dv601%cr5|00
{@A-DIO|0|+5.316510E-01{@LIM2|+8.000000E-01|+4.000000E-01}}
}
{@BLOCK|dv602%cr4|00
{@A-DIO|0|+6.388318E-01{@LIM2|+8.000000E-01|+4.000000E-01}}
}
{@BLOCK|dv602%cr5|00
{@A-DIO|0|+6.395191E-01{@LIM2|+8.000000E-01|+4.000000E-01}}
}
{@BLOCK|pd5%cr1|00
{@A-DIO|0|+5.529583E-01{@LIM2|+8.000000E-01|+4.000000E-01}}
}
{@BLOCK|pd5%cr2|00
{@A-DIO|0|+5.534738E-01{@LIM2|+8.000000E-01|+4.000000E-01}}
}
{@BLOCK|led1%cr_org|00
{@A-DIO|0|+1.962446E+00{@LIM2|+2.600000E+00|+1.600000E+00}}
}
{@BLOCK|led1%cr_whi|00
{@A-DIO|0|+3.056571E+00{@LIM2|+3.500000E+00|+2.350000E+00}}
}
{@BLOCK|pq5301%d1|00
{@A-DIO|0|+6.785252E-01{@LIM2|+8.000000E-01|+4.000000E-01}}
}
{@BLOCK|pq5301%d2|00
{@A-DIO|0|+5.362476E-01{@LIM2|+8.000000E-01|+4.000000E-01}}
}
{@BLOCK|pq300|00
{@A-DIO|0|+6.436861E-01|B-E{@LIM2|+8.000000E-01|+4.000000E-01}}
{@A-DIO|0|+6.518052E-01|B-C{@LIM2|+8.000000E-01|+4.000000E-01}}
}
{@BLOCK|pq303|00
{@A-DIO|0|+6.695899E-01|B-E{@LIM2|+8.050000E-01|+6.030000E-01}}
}
{@BLOCK|da400|00
{@A-DIO|0|+5.952083E-01{@LIM2|+8.000000E-01|+4.000000E-01}}
}
{@BLOCK|da401|00
{@A-DIO|0|+5.453785E-01{@LIM2|+8.000000E-01|+4.000000E-01}}
}
{@BLOCK|da403|00
{@A-DIO|0|+5.674192E-01{@LIM2|+8.000000E-01|+4.000000E-01}}
}
{@BLOCK|di502|00
{@A-DIO|0|+7.498525E-01{@LIM2|+9.500000E-01|+4.000000E-01}}
}
{@BLOCK|du901|00
{@A-DIO|0|+5.773383E-01{@LIM2|+8.000000E-01|+4.000000E-01}}
}
{@BLOCK|du902|00
{@A-DIO|0|+6.409143E-01{@LIM2|+8.000000E-01|+4.000000E-01}}
}
{@BLOCK|du903|00
{@A-DIO|0|+5.780256E-01{@LIM2|+8.000000E-01|+4.000000E-01}}
}
{@BLOCK|du904%ds2|00
{@A-DIO|0|+6.130783E-01{@LIM2|+8.000000E-01|+4.000000E-01}}
}
{@BLOCK|du905|00
{@A-DIO|0|+6.405706E-01{@LIM2|+8.000000E-01|+4.000000E-01}}
}
{@BLOCK|du906|00
{@A-DIO|0|+5.773383E-01{@LIM2|+8.000000E-01|+4.000000E-01}}
}
{@BLOCK|du908|00
{@A-DIO|0|+7.020846E-01{@LIM2|+8.000000E-01|+4.000000E-01}}
}
{@BLOCK|pr1044|00
{@A-RES|0|+4.749209E+04{@LIM3|+4.990000E+04|+5.788400E+04|+4.191600E+04}}
}
{@BLOCK|prt302|00
{@A-RES|0|+6.516026E+02{@LIM3|+5.400000E+02|+7.290000E+02|+3.510000E+02}}
}
{@BLOCK|re100%r1_4|00
{@A-RES|0|+2.203823E+03{@LIM3|+2.200000E+03|+2.420000E+03|+1.980000E+03}}
}
{@BLOCK|rb1|00
{@A-RES|0|+2.531386E+01{@LIM3|+2.200000E+01|+2.920001E+01|+1.980000E+01}}
}
{@BLOCK|rb3|00
{@A-RES|0|+2.509569E+01{@LIM3|+2.200000E+01|+2.920001E+01|+1.980000E+01}}
}
{@BLOCK|dv3%cr1|00
{@A-DIO|0|+5.413945E-01{@LIM2|+8.000000E-01|+4.000000E-01}}
}
{@BLOCK|dv3%cr2|00
{@A-DIO|0|+5.098517E-01{@LIM2|+8.000000E-01|+4.000000E-01}}
}
{@BLOCK|du919%ds2|00
{@A-DIO|0|+5.406910E-01{@LIM2|+8.000000E-01|+4.000000E-01}}
}
{@BLOCK|du910|00
{@A-DIO|0|+5.934901E-01{@LIM2|+8.000000E-01|+4.000000E-01}}
}
{@BLOCK|du911|00
{@A-DIO|0|+6.409143E-01{@LIM2|+8.000000E-01|+4.000000E-01}}
}
{@BLOCK|du912|00
{@A-DIO|0|+6.405706E-01{@LIM2|+8.000000E-01|+4.000000E-01}}
}
{@BLOCK|du913|00
{@A-DIO|0|+5.914281E-01{@LIM2|+8.000000E-01|+4.000000E-01}}
}
{@BLOCK|du916%ds|00
{@A-DIO|0|+4.599967E-01{@LIM2|+8.000000E-01|+4.000000E-01}}
}
{@BLOCK|du919%ds1|00
{@A-DIO|0|+6.127347E-01{@LIM2|+8.000000E-01|+4.000000E-01}}
}
{@BLOCK|du1101|00
{@A-DIO|0|+4.017313E-01{@LIM2|+8.000000E-01|+3.000000E-01}}
}
{@BLOCK|du1102%dsa|00
{@A-DIO|0|+6.412579E-01{@LIM2|+9.000000E-01|+5.000000E-01}}
}
{@BLOCK|du1102%dsb|00
{@A-DIO|0|+6.405706E-01{@LIM2|+9.000000E-01|+4.000000E-01}}
}
{@BLOCK|pd300|00
{@A-DIO|0|+6.041433E-01{@LIM2|+8.000000E-01|+4.000000E-01}}
}
{@BLOCK|pd301|00
{@A-DIO|0|+6.065489E-01{@LIM2|+8.000000E-01|+4.000000E-01}}
}
{@BLOCK|pd302|00
{@A-DIO|0|+5.665717E-01{@LIM2|+8.000000E-01|+4.000000E-01}}
}
{@BLOCK|pd6200|00
{@A-DIO|0|+5.890312E-01{@LIM2|+8.000000E-01|+4.000000E-01}}
}
}}