{@BATCH|p3_twr2||3363|1||btest|131229160025~16|ICT0263\engineer|ICT0263|C:/Agilent_ICT/boards/p3_twr2|RevA|sb21d14135||sb21d14135
{@BTEST|6683000031|00|131229160208|000039|0|all||n||131229160247||1
{@BLOCK|c607|00
{@A-CAP|0|+1.071091E-09{@LIM3|+1.000000E-09|+1.200000E-09|+8.000000E-10}}
}
{@BLOCK|c608|00
{@A-CAP|0|+1.052414E-09{@LIM3|+1.000000E-09|+1.177000E-09|+8.000000E-10}}
}
{@BLOCK|c4003|00
{@A-CAP|0|+1.387836E-09{@LIM3|+1.300000E-09|+1.530100E-09|+1.040000E-09}}
}
{@BLOCK|c4007|00
{@A-CAP|0|+1.340892E-09{@LIM3|+1.300000E-09|+1.530100E-09|+1.040000E-09}}
}
{@BLOCK|c4008|00
{@A-CAP|0|+1.367930E-09{@LIM3|+1.300000E-09|+1.530100E-09|+1.040000E-09}}
}
{@BLOCK|c4018|00
{@A-CAP|0|+1.382913E-09{@LIM3|+1.300000E-09|+1.530100E-09|+1.040000E-09}}
}
{@BLOCK|c4019|00
{@A-CAP|0|+1.358805E-09{@LIM3|+1.300000E-09|+1.530100E-09|+1.040000E-09}}
}
{@BLOCK|c4034|00
{@A-CAP|0|+1.375950E-09{@LIM3|+1.300000E-09|+1.530100E-09|+1.040000E-09}}
}
{@BLOCK|c4035|00
{@A-CAP|0|+1.369563E-09{@LIM3|+1.300000E-09|+1.530100E-09|+1.040000E-09}}
}
{@BLOCK|c4082|00
{@A-CAP|0|+1.363415E-09{@LIM3|+1.300000E-09|+1.530100E-09|+1.040000E-09}}
}
{@BLOCK|pt4503|00
{@A-CAP|0|+6.220822E-04{@LIM3|+6.777010E-04|+8.810113E-04|+4.720038E-04}}
}
{@BLOCK|pt4504|00
{@A-CAP|0|+5.159451E-04{@LIM3|+5.853010E-04|+7.608913E-04|+4.076493E-04}}
}
{@BLOCK|pc4601|00
{@A-CAP|0|+1.100969E-09{@LIM3|+1.000000E-09|+1.250000E-09|+8.000000E-10}}
}
{@BLOCK|pt4701|00
{@A-CAP|0|+1.761483E-03{@LIM3|+1.872000E-03|+2.433600E-03|+1.307221E-03}}
}
{@BLOCK|pt4802|00
{@A-CAP|0|+1.254586E-03{@LIM3|+1.399000E-03|+1.818700E-03|+9.743727E-04}}
}
{@BLOCK|pt5203|00
{@A-CAP|0|+1.470206E-03{@LIM3|+1.652000E-03|+2.147600E-03|+1.150582E-03}}
}
{@BLOCK|tc1101|00
{@A-CAP|0|+6.673321E-04{@LIM3|+7.360000E-04|+9.568000E-04|+5.126078E-04}}
}
{@BLOCK|c1210|00
{@A-CAP|0|+8.703171E-08{@LIM3|+1.000000E-07|+1.200000E-07|+8.000000E-08}}
}
{@BLOCK|c1701|00
{@A-CAP|0|+1.064138E-07{@LIM3|+1.000000E-07|+1.200000E-07|+8.000000E-08}}
}
{@BLOCK|c1702|00
{@A-CAP|0|+1.062562E-07{@LIM3|+1.000000E-07|+1.200000E-07|+8.000000E-08}}
}
{@BLOCK|c1703|00
{@A-CAP|0|+9.566781E-08{@LIM3|+1.000000E-07|+1.200000E-07|+8.000000E-08}}
}
{@BLOCK|c1704|00
{@A-CAP|0|+9.185652E-08{@LIM3|+1.000000E-07|+1.200000E-07|+8.000000E-08}}
}
{@BLOCK|c1901|00
{@A-CAP|0|+9.582058E-08{@LIM3|+1.000000E-07|+1.200000E-07|+8.000000E-08}}
}
{@BLOCK|c1902|00
{@A-CAP|0|+9.410133E-08{@LIM3|+1.000000E-07|+1.200000E-07|+8.000000E-08}}
}
{@BLOCK|c1903|00
{@A-CAP|0|+9.114431E-08{@LIM3|+1.000000E-07|+1.200000E-07|+8.000000E-08}}
}
{@BLOCK|c1904|00
{@A-CAP|0|+9.363585E-08{@LIM3|+1.000000E-07|+1.200000E-07|+8.000000E-08}}
}
{@BLOCK|c1907|00
{@A-CAP|0|+9.103963E-08{@LIM3|+1.000000E-07|+1.200000E-07|+8.000000E-08}}
}
{@BLOCK|c2008|00
{@A-CAP|0|+8.597107E-08{@LIM3|+1.000000E-07|+1.200000E-07|+8.000000E-08}}
}
{@BLOCK|c2404|00
{@A-CAP|0|+9.597464E-06{@LIM3|+1.220000E-05|+1.586000E-05|+8.540000E-06}}
}
{@BLOCK|c2211|00
{@A-CAP|0|+9.141157E-08{@LIM3|+1.000000E-07|+1.200000E-07|+8.000000E-08}}
}
{@BLOCK|tc9302|00
{@A-CAP|0|+3.777897E-04{@LIM3|+4.226500E-04|+5.494450E-04|+2.951373E-04}}
}
{@BLOCK|c2224|00
{@A-CAP|0|+1.703435E-04{@LIM3|+1.874000E-04|+2.436200E-04|+1.311541E-04}}
}
{@BLOCK|c3736|00
{@A-CAP|0|+1.384774E-04{@LIM3|+1.368400E-04|+1.778920E-04|+9.576912E-05}}
}
{@BLOCK|tc2604|00
{@A-CAP|0|+1.241039E-03{@LIM3|+1.382000E-03|+1.796600E-03|+9.650534E-04}}
}
{@BLOCK|c2701|00
{@A-CAP|0|+2.005546E-05{@LIM3|+2.020000E-05|+2.626000E-05|+1.414000E-05}}
}
{@BLOCK|c2726|00
{@A-CAP|0|+4.070400E-05{@LIM3|+4.222000E-05|+5.488600E-05|+2.955400E-05}}
}
{@BLOCK|c3116|00
{@A-CAP|0|+2.612988E-05{@LIM3|+3.130000E-05|+4.069000E-05|+2.191000E-05}}
}
{@BLOCK|c3117|00
{@A-CAP|0|+8.592371E-08{@LIM3|+1.000000E-07|+1.200000E-07|+8.000000E-08}}
}
{@BLOCK|c3118|00
{@A-CAP|0|+1.717511E-07{@LIM3|+2.000000E-07|+2.400000E-07|+1.600000E-07}}
}
{@BLOCK|c3103|00
{@A-CAP|0|+5.008919E-06{@LIM3|+5.400000E-06|+7.020000E-06|+3.780000E-06}}
}
{@BLOCK|c3201|00
{@A-CAP|0|+4.380120E-07{@LIM3|+4.300000E-07|+5.160000E-07|+3.440000E-07}}
}
{@BLOCK|c3203|00
{@A-CAP|0|+8.672380E-08{@LIM3|+1.000000E-07|+1.200000E-07|+8.000000E-08}}
}
{@BLOCK|c3204|00
{@A-CAP|0|+8.801093E-08{@LIM3|+1.000000E-07|+1.200000E-07|+8.000000E-08}}
}
{@BLOCK|c3207|00
{@A-CAP|0|+8.575605E-08{@LIM3|+1.000000E-07|+1.200000E-07|+8.000000E-08}}
}
{@BLOCK|tc3201|00
{@A-CAP|0|+4.087072E-04{@LIM3|+4.702000E-04|+6.112600E-04|+3.277501E-04}}
}
{@BLOCK|c3303|00
{@A-CAP|0|+8.477856E-08{@LIM3|+1.000000E-07|+1.200000E-07|+8.000000E-08}}
}
{@BLOCK|c3403|00
{@A-CAP|0|+8.333285E-08{@LIM3|+1.000000E-07|+1.200000E-07|+8.000000E-08}}
}
{@BLOCK|c3418|00
{@A-CAP|0|+8.297262E-08{@LIM3|+1.000000E-07|+1.200000E-07|+8.000000E-08}}
}
{@BLOCK|c3419|00
{@A-CAP|0|+8.953838E-08{@LIM3|+1.000000E-07|+1.300000E-07|+8.000000E-08}}
}
{@BLOCK|tc3401|00
{@A-CAP|0|+4.349677E-04{@LIM3|+4.702000E-04|+6.112600E-04|+3.277501E-04}}
}
{@BLOCK|c3717|00
{@A-CAP|0|+8.538855E-08{@LIM3|+1.000000E-07|+1.200000E-07|+8.000000E-08}}
}
{@BLOCK|c3718|00
{@A-CAP|0|+8.215130E-08{@LIM3|+1.000000E-07|+1.200000E-07|+8.000000E-08}}
}
{@BLOCK|c2005|00
{@A-CAP|0|+9.629835E-09{@LIM3|+1.000000E-08|+1.200000E-08|+8.000000E-09}}
}
{@BLOCK|c4006|00
{@A-CAP|0|+1.027218E-07{@LIM3|+1.000000E-07|+1.200000E-07|+8.000000E-08}}
}
{@BLOCK|c4011|00
{@A-CAP|0|+9.345672E-08{@LIM3|+1.200000E-07|+2.040000E-07|+3.600000E-08}}
}
{@BLOCK|c4041|00
{@A-CAP|0|+1.894922E-07{@LIM3|+2.000000E-07|+2.400000E-07|+1.600000E-07}}
}
{@BLOCK|c4044|00
{@A-CAP|0|+9.509070E-08{@LIM3|+1.000000E-07|+1.200000E-07|+8.000000E-08}}
}
{@BLOCK|c4073|00
{@A-CAP|0|+9.596005E-08{@LIM3|+1.000000E-07|+1.200000E-07|+8.000000E-08}}
}
{@BLOCK|pt4501|00
{@A-CAP|0|+6.760476E-04{@LIM3|+6.715000E-04|+8.729500E-04|+4.689098E-04}}
}
{@BLOCK|c4317|00
{@A-CAP|0|+8.768624E-08{@LIM3|+1.000000E-07|+1.200000E-07|+8.000000E-08}}
}
{@BLOCK|c4326|00
{@A-CAP|0|+8.912362E-08{@LIM3|+1.000000E-07|+1.200000E-07|+8.000000E-08}}
}
{@BLOCK|c4327|00
{@A-CAP|0|+8.634600E-08{@LIM3|+1.000000E-07|+1.200000E-07|+8.000000E-08}}
}
{@BLOCK|c4328|00
{@A-CAP|0|+7.563118E-08{@LIM3|+1.000000E-07|+1.300000E-07|+7.000000E-08}}
}
{@BLOCK|c4332|00
{@A-CAP|0|+8.665655E-08{@LIM3|+1.000000E-07|+1.200000E-07|+8.000000E-08}}
}
{@BLOCK|c5732|00
{@A-CAP|0|+1.873932E-05{@LIM3|+2.140000E-05|+2.782000E-05|+1.498000E-05}}
}
{@BLOCK|c5707|00
{@A-CAP|0|+9.323192E-08{@LIM3|+1.000000E-07|+1.200000E-07|+8.000000E-08}}
}
{@BLOCK|c5710|00
{@A-CAP|0|+9.681500E-08{@LIM3|+1.000000E-07|+1.200000E-07|+8.000000E-08}}
}
{@BLOCK|c5756|00
{@A-CAP|0|+2.058324E-07{@LIM3|+2.000000E-07|+2.400000E-07|+1.600000E-07}}
}
{@BLOCK|c5795|00
{@A-CAP|0|+2.190080E-05{@LIM3|+2.470000E-05|+3.211000E-05|+1.729000E-05}}
}
{@BLOCK|c5805|00
{@A-CAP|0|+1.961364E-07{@LIM3|+2.000000E-07|+2.400000E-07|+1.600000E-07}}
}
{@BLOCK|tc7301|00
{@A-CAP|0|+5.541981E-04{@LIM3|+5.151000E-04|+6.696300E-04|+3.590474E-04}}
}
{@BLOCK|c7306|00
{@A-CAP|0|+9.326911E-08{@LIM3|+1.000000E-07|+1.200000E-07|+8.000000E-08}}
}
{@BLOCK|c9001|00
{@A-CAP|0|+9.333279E-08{@LIM3|+1.000000E-07|+1.200000E-07|+8.000000E-08}}
}
{@BLOCK|c9107|00
{@A-CAP|0|+1.024177E-07{@LIM3|+1.000000E-07|+1.200000E-07|+8.000000E-08}}
}
{@BLOCK|c9108|00
{@A-CAP|0|+9.382078E-08{@LIM3|+1.000000E-07|+1.200000E-07|+8.000000E-08}}
}
{@BLOCK|tc3402|00
{@A-CAP|0|+4.378340E-04{@LIM3|+4.704000E-04|+6.115200E-04|+3.278895E-04}}
}
{@BLOCK|c9255|00
{@A-CAP|0|+9.402396E-08{@LIM3|+1.000000E-07|+1.200000E-07|+8.000000E-08}}
}
{@BLOCK|tc9405|00
{@A-CAP|0|+4.559334E-04{@LIM3|+4.921000E-04|+6.397300E-04|+3.430154E-04}}
}
{@BLOCK|tc9403|00
{@A-CAP|0|+2.080259E-04{@LIM3|+2.201000E-04|+2.861300E-04|+1.537654E-04}}
}
{@BLOCK|c9463|00
{@A-CAP|0|+9.719523E-08{@LIM3|+1.000000E-07|+1.200000E-07|+8.000000E-08}}
}
{@BLOCK|c9531|00
{@A-CAP|0|+9.924053E-08{@LIM3|+1.000000E-07|+1.200000E-07|+8.000000E-08}}
}
{@BLOCK|c9549|00
{@A-CAP|0|+1.023851E-07{@LIM3|+1.000000E-07|+1.200000E-07|+8.000000E-08}}
}
{@BLOCK|c3306|00
{@A-CAP|0|+6.530068E-05{@LIM3|+6.610000E-05|+8.593000E-05|+4.626088E-05}}
}
{@BLOCK|tc3302|00
{@A-CAP|0|+3.967780E-04{@LIM3|+4.701000E-04|+6.111300E-04|+3.276804E-04}}
}
{@BLOCK|tc3701|00
{@A-CAP|0|+4.552820E-04{@LIM3|+4.701000E-04|+6.111300E-04|+3.276804E-04}}
}
{@BLOCK|tc3702|00
{@A-CAP|0|+4.255043E-04{@LIM3|+4.801000E-04|+6.241300E-04|+3.346508E-04}}
}
{@BLOCK|ec6401|00
{@A-CAP|0|+8.847602E-08{@LIM3|+1.000000E-07|+1.200000E-07|+8.000000E-08}}
}
{@BLOCK|ec9001|00
{@A-CAP|0|+8.673340E-08{@LIM3|+1.000000E-07|+1.200000E-07|+8.000000E-08}}
}
{@BLOCK|pc4516|00
{@A-CAP|0|+9.356814E-08{@LIM3|+7.000000E-08|+1.050000E-07|+3.500000E-08}}
}
{@BLOCK|pc4517|00
{@A-CAP|0|+9.027805E-08{@LIM3|+8.000000E-08|+1.360000E-07|+4.000000E-08}}
}
{@BLOCK|pc4804|00
{@A-CAP|0|+9.530616E-07{@LIM3|+8.000000E-07|+1.360000E-06|+2.000000E-07}}
}
{@BLOCK|pc4805|00
{@A-CAP|0|+9.513873E-08{@LIM3|+1.000000E-07|+1.200000E-07|+8.000000E-08}}
}
{@BLOCK|pc5104|00
{@A-CAP|0|+9.130590E-08{@LIM3|+8.000000E-08|+1.360000E-07|+4.000000E-08}}
}
{@BLOCK|pc5207|00
{@A-CAP|0|+9.787911E-08{@LIM3|+1.000000E-07|+1.200000E-07|+8.000000E-08}}
}
{@BLOCK|pt5201|00
{@A-CAP|0|+1.129510E-03{@LIM3|+1.198000E-03|+1.557400E-03|+8.343806E-04}}
}
{@BLOCK|pc5309|00
{@A-CAP|0|+8.973531E-08{@LIM3|+8.000000E-08|+1.360000E-07|+4.000000E-08}}
}
{@BLOCK|pc5303|00
{@A-CAP|0|+1.419875E-04{@LIM3|+1.600000E-04|+2.080000E-04|+1.119526E-04}}
}
{@BLOCK|c1203|00
{@A-CAP|0|+3.488173E-05{@LIM3|+3.400000E-05|+4.420000E-05|+2.379531E-05}}
}
{@BLOCK|c2922|00
{@A-CAP|0|+2.448346E-05{@LIM3|+2.200000E-05|+2.860000E-05|+1.539696E-05}}
}
{@BLOCK|pt5301|00
{@A-CAP|0|+5.944664E-04{@LIM3|+6.480000E-04|+8.424000E-04|+4.513177E-04}}
}
{@BLOCK|c4068|00
{@A-CAP|0|+8.647160E-07{@LIM3|+1.000000E-06|+1.200000E-06|+8.000000E-07}}
}
{@BLOCK|pt5002|00
{@A-CAP|0|+1.281958E-03{@LIM3|+1.412000E-03|+1.835600E-03|+9.834269E-04}}
}
{@BLOCK|pt4705|00
{@A-CAP|0|+4.845925E-03{@LIM3|+5.393000E-03|+7.010900E-03|+3.747288E-03}}
}
{@BLOCK|c2784|00
{@A-CAP|0|+9.659487E-07{@LIM3|+1.000000E-06|+1.200000E-06|+8.000000E-07}}
}
{@BLOCK|c4010|00
{@A-CAP|0|+8.647544E-07{@LIM3|+1.000000E-06|+1.200000E-06|+8.000000E-07}}
}
{@BLOCK|c4067|00
{@A-CAP|0|+1.061222E-06{@LIM3|+1.000000E-06|+1.500000E-06|+5.000000E-07}}
}
{@BLOCK|c4331|00
{@A-CAP|0|+8.794665E-07{@LIM3|+1.000000E-06|+1.200000E-06|+8.000000E-07}}
}
{@BLOCK|c7107|00
{@A-CAP|0|+8.183117E-07{@LIM3|+1.000000E-06|+1.200000E-06|+8.000000E-07}}
}
{@BLOCK|c6502|00
{@A-CAP|0|+2.394015E-09{@LIM3|+2.200000E-09|+2.640000E-09|+1.760000E-09}}
}
{@BLOCK|c6508|00
{@A-CAP|0|+2.287622E-09{@LIM3|+2.200000E-09|+2.640000E-09|+1.760000E-09}}
}
{@BLOCK|c2423|00
{@A-CAP|0|+4.355098E-06{@LIM3|+4.700000E-06|+6.110000E-06|+3.290000E-06}}
}
{@BLOCK|c4005|00
{@A-CAP|0|+5.044806E-06{@LIM3|+4.700000E-06|+6.110000E-06|+3.290000E-06}}
}
{@BLOCK|pc5106|00
{@A-CAP|0|+4.518168E-06{@LIM3|+4.700000E-06|+6.110000E-06|+3.290000E-06}}
}
{@BLOCK|pc5310|00
{@A-CAP|0|+4.677605E-06{@LIM3|+4.700000E-06|+6.110000E-06|+3.290000E-06}}
}
{@BLOCK|c2217|00
{@A-CAP|0|+1.988955E-06{@LIM3|+2.200000E-06|+2.860000E-06|+1.540000E-06}}
}
{@BLOCK|c2730|00
{@A-CAP|0|+7.708726E-06{@LIM3|+1.000000E-05|+1.300000E-05|+7.000000E-06}}
}
{@BLOCK|c5784|00
{@A-CAP|0|+2.382548E-05{@LIM3|+3.000000E-05|+3.900000E-05|+2.100000E-05}}
}
{@BLOCK|pc4524|00
{@A-CAP|0|+7.937930E-06{@LIM3|+7.000000E-06|+9.450000E-06|+4.900000E-06}}
}
{@BLOCK|c6501|00
{@A-CAP|0|+3.766410E-10{@LIM3|+3.200000E-10|+4.072726E-10|+2.560000E-10}}
}
{@BLOCK|c2411|00
{@A-CAP|0|+7.614925E-06{@LIM3|+1.010200E-05|+1.313260E-05|+7.071400E-06}}
}
{@BLOCK|c2774|00
{@A-CAP|0|+9.143689E-06{@LIM3|+1.010000E-05|+1.313000E-05|+7.070000E-06}}
}
{@BLOCK|c5628|00
{@A-CAP|0|+1.727221E-07{@LIM3|+2.000000E-07|+2.400000E-07|+1.600000E-07}}
}
{@BLOCK|c5751|00
{@A-CAP|0|+1.951101E-07{@LIM3|+2.000000E-07|+2.400000E-07|+1.600000E-07}}
}
{@BLOCK|c2771|00
{@A-CAP|0|+2.064210E-06{@LIM3|+2.200000E-06|+2.860000E-06|+1.540000E-06}}
}
{@BLOCK|c2766|00
{@A-CAP|0|+9.661915E-06{@LIM3|+1.000000E-05|+1.300000E-05|+7.000000E-06}}
}
{@BLOCK|c2770|00
{@A-CAP|0|+9.661560E-06{@LIM3|+1.000000E-05|+1.300000E-05|+7.000000E-06}}
}
{@BLOCK|c2948|00
{@A-CAP|0|+4.005033E-06{@LIM3|+3.700000E-06|+6.290000E-06|+1.110000E-06}}
}
{@BLOCK|c2949|00
{@A-CAP|0|+4.063087E-06{@LIM3|+3.600000E-06|+6.120000E-06|+1.080000E-06}}
}
{@BLOCK|r1737|00
{@A-RES|0|+9.990982E+03{@LIM3|+1.000000E+04|+1.060000E+04|+9.400000E+03}}
}
{@BLOCK|r2030|00
{@A-RES|0|+9.838417E+03{@LIM3|+1.000000E+04|+1.060000E+04|+9.400000E+03}}
}
{@BLOCK|r2916|00
{@A-RES|0|+9.979564E+03{@LIM3|+1.000000E+04|+1.060000E+04|+9.400000E+03}}
}
{@BLOCK|r3931|00
{@A-RES|0|+1.002666E+04{@LIM3|+1.000000E+04|+1.060000E+04|+9.400000E+03}}
}
{@BLOCK|r4030|00
{@A-RES|0|+9.969268E+03{@LIM3|+1.000000E+04|+1.100000E+04|+9.000000E+03}}
}
{@BLOCK|r4056|00
{@A-RES|0|+9.999221E+03{@LIM3|+1.000000E+04|+1.060000E+04|+9.400000E+03}}
}
{@BLOCK|r4057|00
{@A-RES|0|+1.001289E+04{@LIM3|+1.000000E+04|+1.100000E+04|+9.000000E+03}}
}
{@BLOCK|pc5323|00
{@A-CAP|0|+4.242099E-10{@LIM3|+4.700000E-10|+5.675001E-10|+3.760000E-10}}
}
{@BLOCK|pr5206|00
{@A-RES|0|+1.098631E+04{@LIM3|+1.000000E+04|+1.260000E+04|+7.400000E+03}}
}
{@BLOCK|r2928|00
{@A-RES|0|+9.959264E+03{@LIM3|+1.000000E+04|+1.060000E+04|+9.400000E+03}}
}
{@BLOCK|r2948|00
{@A-RES|0|+1.009364E+04{@LIM3|+1.000000E+04|+1.060000E+04|+9.400000E+03}}
}
{@BLOCK|r4019|00
{@A-RES|0|+9.999852E+03{@LIM3|+1.000000E+04|+1.060000E+04|+9.400000E+03}}
}
{@BLOCK|r4020|00
{@A-RES|0|+1.001427E+04{@LIM3|+1.000000E+04|+1.100000E+04|+9.000000E+03}}
}
{@BLOCK|r4039|00
{@A-RES|0|+9.971823E+03{@LIM3|+1.000000E+04|+1.100000E+04|+9.000000E+03}}
}
{@BLOCK|r4077|00
{@A-RES|0|+1.000310E+04{@LIM3|+1.000000E+04|+1.100000E+04|+9.000000E+03}}
}
{@BLOCK|r4063|00
{@A-RES|0|+9.967972E+03{@LIM3|+1.000000E+04|+1.100000E+04|+9.000000E+03}}
}
{@BLOCK|r4068|00
{@A-RES|0|+9.980215E+03{@LIM3|+1.000000E+04|+1.100000E+04|+9.000000E+03}}
}
{@BLOCK|r4069|00
{@A-RES|0|+9.951149E+03{@LIM3|+1.000000E+04|+1.060000E+04|+9.400000E+03}}
}
{@BLOCK|r1925|00
{@A-RES|0|+9.993123E+03{@LIM3|+1.000000E+04|+1.100000E+04|+9.000000E+03}}
}
{@BLOCK|r7333|00
{@A-RES|0|+9.989921E+03{@LIM3|+1.000000E+04|+1.060000E+04|+9.400000E+03}}
}
{@BLOCK|r7341|00
{@A-RES|0|+9.998947E+03{@LIM3|+1.000000E+04|+1.060000E+04|+9.400000E+03}}
}
{@BLOCK|r7353|00
{@A-RES|0|+1.001871E+04{@LIM3|+1.000000E+04|+1.060000E+04|+9.400000E+03}}
}
{@BLOCK|r7355|00
{@A-RES|0|+9.957667E+03{@LIM3|+1.000000E+04|+1.060000E+04|+9.400000E+03}}
}
{@BLOCK|r6417|00
{@A-RES|0|+9.971325E+03{@LIM3|+1.000000E+04|+1.060000E+04|+9.400000E+03}}
}
{@BLOCK|r6420|00
{@A-RES|0|+9.993828E+03{@LIM3|+1.000000E+04|+1.100000E+04|+9.000000E+03}}
}
{@BLOCK|r9120|00
{@A-RES|0|+9.976087E+03{@LIM3|+1.000000E+04|+1.060000E+04|+9.400000E+03}}
}
{@BLOCK|r9121|00
{@A-RES|0|+9.775807E+03{@LIM3|+1.000000E+04|+1.350000E+04|+6.500000E+03}}
}
{@BLOCK|pr5409|00
{@A-RES|0|+1.005961E+05{@LIM3|+1.000000E+05|+1.150000E+05|+8.500000E+04}}
}
{@BLOCK|r604|00
{@A-RES|0|+1.013783E+05{@LIM3|+1.000000E+05|+1.150000E+05|+8.500000E+04}}
}
{@BLOCK|q605%qf2|00
{@A-NFE|0|+8.362897E+01{@LIM2|+2.000000E+02|+2.000000E+01}}
}
{@BLOCK|r1960|00
{@A-RES|0|+9.483774E+04{@LIM3|+1.000000E+05|+1.150000E+05|+8.500000E+04}}
}
{@BLOCK|pr5222|00
{@A-RES|0|+9.977974E+02{@LIM3|+1.000000E+03|+1.060000E+03|+9.400000E+02}}
}
{@BLOCK|pr4517|00
{@A-RES|0|+9.993746E+04{@LIM3|+1.000000E+05|+1.150000E+05|+8.500000E+04}}
}
{@BLOCK|r603|00
{@A-RES|0|+1.022379E+05{@LIM3|+1.000000E+05|+1.150000E+05|+8.500000E+04}}
}
{@BLOCK|r607|00
{@A-RES|0|+9.979318E+04{@LIM3|+1.000000E+05|+1.150000E+05|+8.500000E+04}}
}
{@BLOCK|r1821|00
{@A-RES|0|+9.162314E+04{@LIM3|+8.000000E+04|+1.080000E+05|+5.200000E+04}}
}
{@BLOCK|r1961|00
{@A-RES|0|+9.981616E+04{@LIM3|+1.000000E+05|+1.150000E+05|+8.500000E+04}}
}
{@BLOCK|r2018|00
{@A-RES|0|+9.909461E+04{@LIM3|+1.000000E+05|+1.150000E+05|+8.500000E+04}}
}
{@BLOCK|r2145|00
{@A-RES|0|+1.028751E+05{@LIM3|+1.000000E+05|+1.150000E+05|+8.500000E+04}}
}
{@BLOCK|r2021|00
{@A-RES|0|+8.631383E+04{@LIM3|+8.800000E+04|+1.364000E+05|+4.400000E+04}}
}
{@BLOCK|r2026|00
{@A-RES|0|+8.525449E+04{@LIM3|+8.400000E+04|+1.302000E+05|+3.864000E+04}}
}
{@BLOCK|r2508|00
{@A-RES|0|+4.522993E+03{@LIM3|+4.700000E+03|+5.170000E+03|+4.230000E+03}}
}
{@BLOCK|r2126|00
{@A-RES|0|+1.019691E+05{@LIM3|+1.000000E+05|+1.150000E+05|+8.500000E+04}}
}
{@BLOCK|r3302|00
{@A-RES|0|+1.002971E+05{@LIM3|+1.000000E+05|+1.150000E+05|+8.500000E+04}}
}
{@BLOCK|r3430|00
{@A-RES|0|+9.921505E+04{@LIM3|+1.000000E+05|+1.150000E+05|+8.500000E+04}}
}
{@BLOCK|r4061|00
{@A-RES|0|+1.016986E+05{@LIM3|+1.000000E+05|+1.150000E+05|+8.500000E+04}}
}
{@BLOCK|r5772|00
{@A-RES|0|+1.014289E+05{@LIM3|+1.000000E+05|+1.150000E+05|+8.500000E+04}}
}
{@BLOCK|r2741|00
{@A-RES|0|+1.002677E+05{@LIM3|+1.000000E+05|+1.150000E+05|+8.500000E+04}}
}
{@BLOCK|r2759|00
{@A-RES|0|+9.910286E+04{@LIM3|+1.000000E+05|+1.150000E+05|+8.500000E+04}}
}
{@BLOCK|r2776|00
{@A-RES|0|+8.153102E+04{@LIM3|+1.000000E+05|+1.300000E+05|+7.000000E+04}}
}
{@BLOCK|r5711|00
{@A-RES|0|+1.006643E+05{@LIM3|+1.000000E+05|+1.150000E+05|+8.500000E+04}}
}
{@BLOCK|r5788|00
{@A-RES|0|+9.959865E+04{@LIM3|+1.000000E+05|+1.150000E+05|+8.500000E+04}}
}
{@BLOCK|r5843|00
{@A-RES|0|+1.001741E+05{@LIM3|+1.000000E+05|+1.150000E+05|+8.500000E+04}}
}
{@BLOCK|r6117|00
{@A-RES|0|+1.031941E+05{@LIM3|+1.000000E+05|+1.150000E+05|+8.500000E+04}}
}
{@BLOCK|r6120|00
{@A-RES|0|+1.000970E+05{@LIM3|+1.000000E+05|+1.150000E+05|+8.500000E+04}}
}
{@BLOCK|r5810|00
{@A-RES|0|+1.002240E+05{@LIM3|+1.000000E+05|+1.150000E+05|+8.500000E+04}}
}
{@BLOCK|r9008|00
{@A-RES|0|+9.995169E+04{@LIM3|+1.000000E+05|+1.150000E+05|+8.500000E+04}}
}
{@BLOCK|r9467|00
{@A-RES|0|+1.021005E+05{@LIM3|+1.000000E+05|+1.150000E+05|+8.500000E+04}}
}
{@BLOCK|r502|00
{@A-RES|0|+2.024258E+02{@LIM3|+2.000000E+02|+2.170000E+02|+1.880000E+02}}
}
{@BLOCK|r1604|00
{@A-RES|0|+2.032131E+02{@LIM3|+2.000000E+02|+2.170000E+02|+1.880000E+02}}
}
{@BLOCK|r2035|00
{@A-RES|0|+2.026756E+02{@LIM3|+2.000000E+02|+2.170000E+02|+1.880000E+02}}
}
{@BLOCK|r2036|00
{@A-RES|0|+2.025506E+02{@LIM3|+2.000000E+02|+2.170000E+02|+1.880000E+02}}
}
{@BLOCK|r2037|00
{@A-RES|0|+2.020965E+02{@LIM3|+2.000000E+02|+2.170000E+02|+1.880000E+02}}
}
{@BLOCK|pr4657|00
{@A-RES|0|+3.918950E+04{@LIM3|+3.920000E+04|+4.155200E+04|+3.684800E+04}}
}
{@BLOCK|r5703|00
{@A-RES|0|+9.052348E+05{@LIM3|+1.000000E+06|+1.250000E+06|+7.500000E+05}}
}
{@BLOCK|r5801|00
{@A-RES|0|+9.868835E+05{@LIM3|+1.000000E+06|+1.250000E+06|+7.500000E+05}}
}
{@BLOCK|r5852|00
{@A-RES|0|+1.049505E+06{@LIM3|+1.100000E+06|+1.485000E+06|+8.250000E+05}}
}
{@BLOCK|r6508|00
{@A-RES|0|+9.853001E+05{@LIM3|+1.000000E+06|+1.250000E+06|+7.500000E+05}}
}
{@BLOCK|r2027|00
{@A-RES|0|+9.897207E+02{@LIM3|+1.000000E+03|+1.100000E+03|+9.000000E+02}}
}
{@BLOCK|r2028|00
{@A-RES|0|+1.039849E+03{@LIM3|+1.000000E+03|+1.150000E+03|+9.000000E+02}}
}
{@BLOCK|r2452|00
{@A-RES|0|+1.008846E+03{@LIM3|+1.000000E+03|+1.100000E+03|+9.000000E+02}}
}
{@BLOCK|r9006|00
{@A-RES|0|+9.812739E+04{@LIM3|+1.000000E+05|+1.150000E+05|+8.500000E+04}}
}
{@BLOCK|r9464|00
{@A-RES|0|+9.828733E+04{@LIM3|+1.000000E+05|+1.150000E+05|+8.500000E+04}}
}
{@BLOCK|pr4604|00
{@A-RES|0|+1.008103E+03{@LIM3|+9.090900E+02|+1.090908E+03|+7.272720E+02}}
}
{@BLOCK|r1746|00
{@A-RES|0|+9.872385E+02{@LIM3|+1.000000E+03|+1.100000E+03|+9.000000E+02}}
}
{@BLOCK|r1747|00
{@A-RES|0|+9.943905E+02{@LIM3|+1.000000E+03|+1.100000E+03|+9.000000E+02}}
}
{@BLOCK|r2457|00
{@A-RES|0|+1.014882E+03{@LIM3|+1.000000E+03|+1.100000E+03|+9.000000E+02}}
}
{@BLOCK|r2470|00
{@A-RES|0|+1.029779E+03{@LIM3|+1.000000E+03|+1.150000E+03|+9.000000E+02}}
}
{@BLOCK|r2483|00
{@A-RES|0|+9.952325E+02{@LIM3|+1.000000E+03|+1.100000E+03|+9.000000E+02}}
}
{@BLOCK|r2456|00
{@A-RES|0|+9.993933E+02{@LIM3|+1.000000E+03|+1.100000E+03|+9.000000E+02}}
}
{@BLOCK|r2464|00
{@A-RES|0|+1.005406E+03{@LIM3|+1.000000E+03|+1.100000E+03|+9.000000E+02}}
}
{@BLOCK|r2474|00
{@A-RES|0|+1.017595E+03{@LIM3|+1.000000E+03|+1.100000E+03|+9.000000E+02}}
}
{@BLOCK|r2721|00
{@A-RES|0|+1.002190E+03{@LIM3|+1.000000E+03|+1.100000E+03|+9.000000E+02}}
}
{@BLOCK|r2769|00
{@A-RES|0|+1.004698E+03{@LIM3|+1.000000E+03|+1.100000E+03|+9.000000E+02}}
}
{@BLOCK|r2918|00
{@A-RES|0|+1.000598E+03{@LIM3|+1.000000E+03|+1.100000E+03|+9.000000E+02}}
}
{@BLOCK|r2929|00
{@A-RES|0|+1.010272E+03{@LIM3|+1.000000E+03|+1.100000E+03|+9.000000E+02}}
}
{@BLOCK|r3138|00
{@A-RES|0|+9.906270E+02{@LIM3|+1.000000E+03|+1.100000E+03|+9.000000E+02}}
}
{@BLOCK|r2488|00
{@A-RES|0|+1.014811E+03{@LIM3|+1.000000E+03|+1.100000E+03|+9.000000E+02}}
}
{@BLOCK|r2489|00
{@A-RES|0|+1.006512E+03{@LIM3|+1.000000E+03|+1.100000E+03|+9.000000E+02}}
}
{@BLOCK|r2520|00
{@A-RES|0|+9.937074E+02{@LIM3|+1.000000E+03|+1.100000E+03|+9.000000E+02}}
}
{@BLOCK|r2911|00
{@A-RES|0|+9.948640E+02{@LIM3|+1.000000E+03|+1.100000E+03|+9.000000E+02}}
}
{@BLOCK|r2972|00
{@A-RES|0|+1.012541E+03{@LIM3|+1.000000E+03|+1.100000E+03|+9.000000E+02}}
}
{@BLOCK|r5735|00
{@A-RES|0|+1.003732E+03{@LIM3|+1.000000E+03|+1.100000E+03|+9.000000E+02}}
}
{@BLOCK|r6403|00
{@A-RES|0|+9.997830E+02{@LIM3|+1.000000E+03|+1.100000E+03|+9.000000E+02}}
}
{@BLOCK|r6408|00
{@A-RES|0|+9.964455E+02{@LIM3|+1.000000E+03|+1.100000E+03|+9.000000E+02}}
}
{@BLOCK|r9920|00
{@A-RES|0|+1.001688E+03{@LIM3|+1.000000E+03|+1.100000E+03|+9.000000E+02}}
}
{@BLOCK|pr4608|00
{@A-RES|0|+8.320049E+01{@LIM3|+8.000000E+01|+8.730000E+01|+7.520000E+01}}
}
{@BLOCK|pr4609|00
{@A-RES|0|+8.546136E+01{@LIM3|+8.200000E+01|+9.520003E+01|+7.380000E+01}}
}
{@BLOCK|r5787|00
{@A-RES|0|+9.978800E+00{@LIM3|+1.000000E+01|+1.150000E+01|+8.500000E+00}}
}
{@BLOCK|r304|00
{@A-RES|0|+5.043887E+01{@LIM3|+4.990000E+01|+5.789398E+01|+4.690600E+01}}
}
{@BLOCK|r803|00
{@A-RES|0|+5.050799E+01{@LIM3|+4.990000E+01|+5.789398E+01|+4.690600E+01}}
}
{@BLOCK|r811|00
{@A-RES|0|+5.045821E+01{@LIM3|+4.990000E+01|+5.789398E+01|+4.690600E+01}}
}
{@BLOCK|r1937|00
{@A-RES|0|+5.049692E+01{@LIM3|+4.990000E+01|+5.789398E+01|+4.690600E+01}}
}
{@BLOCK|r7314|00
{@A-RES|0|+9.949166E+02{@LIM3|+1.000000E+03|+1.100000E+03|+9.000000E+02}}
}
{@BLOCK|r9905|00
{@A-RES|0|+9.624792E+02{@LIM3|+1.000000E+03|+1.100000E+03|+9.000000E+02}}
}
{@BLOCK|r24032|00
{@A-RES|0|+1.015016E+03{@LIM3|+1.000000E+03|+1.100000E+03|+9.000000E+02}}
}
{@BLOCK|pr4611|00
{@A-RES|0|+1.114044E+01{@LIM3|+1.090000E+01|+1.471500E+01|+7.085000E+00}}
}
{@BLOCK|pr5106|00
{@A-RES|0|+9.985966E+00{@LIM3|+1.000000E+01|+1.050000E+01|+9.500000E+00}}
}
{@BLOCK|r683|00
{@A-RES|0|+1.041444E+01{@LIM3|+1.000000E+01|+1.350000E+01|+6.500000E+00}}
}
{@BLOCK|r2962|00
{@A-RES|0|+4.816793E+01{@LIM3|+4.700000E+01|+5.482000E+01|+4.418000E+01}}
}
{@BLOCK|r2963|00
{@A-RES|0|+4.789134E+01{@LIM3|+4.700000E+01|+5.482000E+01|+4.418000E+01}}
}
{@BLOCK|pr5301|00
{@A-RES|0|+1.008808E+05{@LIM3|+1.000000E+05|+1.110000E+05|+8.900000E+04}}
}
{@BLOCK|pr5333|00
{@A-RES|0|+1.000757E+05{@LIM3|+1.000000E+05|+1.110000E+05|+8.900000E+04}}
}
{@BLOCK|r2757|00
{@A-RES|0|+1.003212E+05{@LIM3|+1.000000E+05|+1.110000E+05|+8.900000E+04}}
}
{@BLOCK|r2758|00
{@A-RES|0|+9.987372E+04{@LIM3|+1.000000E+05|+1.110000E+05|+8.900000E+04}}
}
{@BLOCK|r7352|00
{@A-RES|0|+1.004711E+05{@LIM3|+1.000000E+05|+1.110000E+05|+8.900000E+04}}
}
{@BLOCK|r2965|00
{@A-RES|0|+9.998893E+02{@LIM3|+1.000000E+03|+1.060000E+03|+9.400000E+02}}
}
{@BLOCK|r2966|00
{@A-RES|0|+9.961288E+02{@LIM3|+1.000000E+03|+1.060000E+03|+9.400000E+02}}
}
{@BLOCK|r3722|00
{@A-RES|0|+1.036141E+03{@LIM3|+1.000000E+03|+1.060000E+03|+9.400000E+02}}
}
{@BLOCK|r1917|00
{@A-RES|0|+8.377554E+04{@LIM3|+1.000000E+05|+1.200000E+05|+8.000000E+04}}
}
{@BLOCK|r4002|00
{@A-RES|0|+1.017348E+05{@LIM3|+1.000000E+05|+1.110000E+05|+8.900000E+04}}
}
{@BLOCK|q4007%qf1|00
{@A-NFE|0|+1.203589E+02{@LIM2|+2.000000E+02|+2.000000E+01}}
}
{@BLOCK|r5710|00
{@A-RES|0|+4.379930E+03{@LIM3|+4.990000E+03|+5.738500E+03|+4.241500E+03}}
}
{@BLOCK|r5853|00
{@A-RES|0|+4.383739E+03{@LIM3|+4.990000E+03|+5.738500E+03|+4.241500E+03}}
}
{@BLOCK|q7301%qf1|00
{@A-NFE|0|+1.165555E+02{@LIM2|+2.000000E+02|+2.000000E+01}}
}
{@BLOCK|r9207|00
{@A-RES|0|+9.981543E+02{@LIM3|+1.000000E+03|+1.060000E+03|+9.400000E+02}}
}
{@BLOCK|r302|00
{@A-RES|0|+9.976610E+03{@LIM3|+1.000000E+04|+1.100000E+04|+9.000000E+03}}
}
{@BLOCK|r4303|00
{@A-RES|0|+9.986423E+02{@LIM3|+1.000000E+03|+1.060000E+03|+9.400000E+02}}
}
{@BLOCK|r7334|00
{@A-RES|0|+1.010040E+03{@LIM3|+1.000000E+03|+1.060000E+03|+9.400000E+02}}
}
{@BLOCK|r7356|00
{@A-RES|0|+1.003645E+03{@LIM3|+1.000000E+03|+1.060000E+03|+9.400000E+02}}
}
{@BLOCK|r7374|00
{@A-RES|0|+1.036312E+03{@LIM3|+1.000000E+03|+1.060000E+03|+9.400000E+02}}
}
{@BLOCK|r40005|00
{@A-RES|0|+1.005396E+03{@LIM3|+1.000000E+03|+1.060000E+03|+9.400000E+02}}
}
{@BLOCK|r625|00
{@A-RES|0|+1.029356E+02{@LIM3|+1.000000E+02|+1.110000E+02|+9.400000E+01}}
}
{@BLOCK|pr5203|00
{@A-RES|0|+9.986739E+03{@LIM3|+1.000000E+04|+1.100000E+04|+9.000000E+03}}
}
{@BLOCK|r306|00
{@A-RES|0|+1.038131E+04{@LIM3|+1.000000E+04|+1.100000E+04|+9.000000E+03}}
}
{@BLOCK|r307|00
{@A-RES|0|+1.001977E+04{@LIM3|+1.000000E+04|+1.100000E+04|+9.000000E+03}}
}
{@BLOCK|r620|00
{@A-RES|0|+9.935069E+03{@LIM3|+1.000000E+04|+1.100000E+04|+9.000000E+03}}
}
{@BLOCK|r663|00
{@A-RES|0|+9.993163E+03{@LIM3|+1.000000E+04|+1.200000E+04|+8.000000E+03}}
}
{@BLOCK|r667|00
{@A-RES|0|+9.922203E+03{@LIM3|+1.000000E+04|+1.100000E+04|+9.000000E+03}}
}
{@BLOCK|r687|00
{@A-RES|0|+1.027913E+04{@LIM3|+1.000000E+04|+1.100000E+04|+9.000000E+03}}
}
{@BLOCK|r1203|00
{@A-RES|0|+1.005504E+04{@LIM3|+1.000000E+04|+1.100000E+04|+9.000000E+03}}
}
{@BLOCK|r1207|00
{@A-RES|0|+1.000311E+04{@LIM3|+1.000000E+04|+1.100000E+04|+9.000000E+03}}
}
{@BLOCK|r1610|00
{@A-RES|0|+9.996050E+03{@LIM3|+1.000000E+04|+1.100000E+04|+9.000000E+03}}
}
{@BLOCK|r608|00
{@A-RES|0|+1.002559E+04{@LIM3|+1.000000E+04|+1.100000E+04|+9.000000E+03}}
}
{@BLOCK|r629|00
{@A-RES|0|+9.999478E+03{@LIM3|+1.000000E+04|+1.100000E+04|+9.000000E+03}}
}
{@BLOCK|r630|00
{@A-RES|0|+1.004057E+04{@LIM3|+1.000000E+04|+1.100000E+04|+9.000000E+03}}
}
{@BLOCK|r631|00
{@A-RES|0|+9.976677E+03{@LIM3|+1.000000E+04|+1.100000E+04|+9.000000E+03}}
}
{@BLOCK|r632|00
{@A-RES|0|+9.957667E+03{@LIM3|+1.000000E+04|+1.100000E+04|+9.000000E+03}}
}
{@BLOCK|r1608|00
{@A-RES|0|+1.000426E+04{@LIM3|+1.000000E+04|+1.100000E+04|+9.000000E+03}}
}
{@BLOCK|r1620|00
{@A-RES|0|+9.840554E+03{@LIM3|+1.000000E+04|+1.100000E+04|+9.000000E+03}}
}
{@BLOCK|r1624|00
{@A-RES|0|+9.956966E+03{@LIM3|+1.000000E+04|+1.100000E+04|+9.000000E+03}}
}
{@BLOCK|r1708|00
{@A-RES|0|+9.994166E+03{@LIM3|+1.000000E+04|+1.100000E+04|+9.000000E+03}}
}
{@BLOCK|r1728|00
{@A-RES|0|+9.974833E+03{@LIM3|+1.000000E+04|+1.100000E+04|+9.000000E+03}}
}
{@BLOCK|r1729|00
{@A-RES|0|+9.927715E+03{@LIM3|+1.000000E+04|+1.100000E+04|+9.000000E+03}}
}
{@BLOCK|r9110|00
{@A-RES|0|+3.200397E+03{@LIM3|+3.197000E+03|+3.516700E+03|+2.877300E+03}}
}
{@BLOCK|r1731|00
{@A-RES|0|+1.033341E+04{@LIM3|+1.000000E+04|+1.100000E+04|+9.000000E+03}}
}
{@BLOCK|r1732|00
{@A-RES|0|+1.057267E+04{@LIM3|+1.000000E+04|+1.100000E+04|+9.000000E+03}}
}
{@BLOCK|r1740|00
{@A-RES|0|+1.008200E+04{@LIM3|+1.000000E+04|+1.100000E+04|+9.000000E+03}}
}
{@BLOCK|r1741|00
{@A-RES|0|+9.961357E+03{@LIM3|+1.000000E+04|+1.100000E+04|+9.000000E+03}}
}
{@BLOCK|r1742|00
{@A-RES|0|+9.977735E+03{@LIM3|+1.000000E+04|+1.100000E+04|+9.000000E+03}}
}
{@BLOCK|r1744|00
{@A-RES|0|+9.983056E+03{@LIM3|+1.000000E+04|+1.100000E+04|+9.000000E+03}}
}
{@BLOCK|r1834|00
{@A-RES|0|+1.003843E+04{@LIM3|+1.000000E+04|+1.100000E+04|+9.000000E+03}}
}
{@BLOCK|r1835|00
{@A-RES|0|+1.000054E+04{@LIM3|+1.000000E+04|+1.100000E+04|+9.000000E+03}}
}
{@BLOCK|r1836|00
{@A-RES|0|+9.929287E+03{@LIM3|+1.000000E+04|+1.100000E+04|+9.000000E+03}}
}
{@BLOCK|r1837|00
{@A-RES|0|+9.966635E+03{@LIM3|+1.000000E+04|+1.100000E+04|+9.000000E+03}}
}
{@BLOCK|r1839|00
{@A-RES|0|+9.963211E+03{@LIM3|+1.000000E+04|+1.100000E+04|+9.000000E+03}}
}
{@BLOCK|r1908|00
{@A-RES|0|+1.054482E+04{@LIM3|+1.000000E+04|+1.100000E+04|+9.000000E+03}}
}
{@BLOCK|r1622|00
{@A-RES|0|+1.001110E+04{@LIM3|+1.000000E+04|+1.100000E+04|+9.000000E+03}}
}
{@BLOCK|r1625|00
{@A-RES|0|+1.075114E+04{@LIM3|+1.000000E+04|+1.100000E+04|+9.000000E+03}}
}
{@BLOCK|r1628|00
{@A-RES|0|+1.050564E+04{@LIM3|+1.000000E+04|+1.100000E+04|+9.000000E+03}}
}
{@BLOCK|r1909|00
{@A-RES|0|+1.032527E+04{@LIM3|+1.000000E+04|+1.100000E+04|+9.000000E+03}}
}
{@BLOCK|r1910|00
{@A-RES|0|+1.039350E+04{@LIM3|+1.000000E+04|+1.100000E+04|+9.000000E+03}}
}
{@BLOCK|r1920|00
{@A-RES|0|+1.042293E+04{@LIM3|+1.000000E+04|+1.100000E+04|+9.000000E+03}}
}
{@BLOCK|r1921|00
{@A-RES|0|+1.037241E+04{@LIM3|+1.000000E+04|+1.100000E+04|+9.000000E+03}}
}
{@BLOCK|r1922|00
{@A-RES|0|+9.656987E+03{@LIM3|+1.000000E+04|+1.100000E+04|+9.000000E+03}}
}
{@BLOCK|r1940|00
{@A-RES|0|+9.957140E+03{@LIM3|+1.000000E+04|+1.100000E+04|+9.000000E+03}}
}
{@BLOCK|r1944|00
{@A-RES|0|+9.707443E+03{@LIM3|+1.000000E+04|+1.100000E+04|+9.000000E+03}}
}
{@BLOCK|r1951|00
{@A-RES|0|+9.698435E+03{@LIM3|+1.000000E+04|+1.100000E+04|+9.000000E+03}}
}
{@BLOCK|r1952|00
{@A-RES|0|+9.809689E+03{@LIM3|+1.000000E+04|+1.100000E+04|+9.000000E+03}}
}
{@BLOCK|r1959|00
{@A-RES|0|+1.000824E+04{@LIM3|+1.000000E+04|+1.150000E+04|+8.500000E+03}}
}
{@BLOCK|r2031|00
{@A-RES|0|+1.008200E+04{@LIM3|+1.000000E+04|+1.100000E+04|+9.000000E+03}}
}
{@BLOCK|r2057|00
{@A-RES|0|+1.000692E+04{@LIM3|+1.000000E+04|+1.100000E+04|+9.000000E+03}}
}
{@BLOCK|r2418|00
{@A-RES|0|+9.971389E+03{@LIM3|+1.000000E+04|+1.100000E+04|+9.000000E+03}}
}
{@BLOCK|r1923|00
{@A-RES|0|+9.674248E+03{@LIM3|+1.000000E+04|+1.100000E+04|+9.000000E+03}}
}
{@BLOCK|r1924|00
{@A-RES|0|+9.587556E+03{@LIM3|+1.000000E+04|+1.100000E+04|+9.000000E+03}}
}
{@BLOCK|r2068|00
{@A-RES|0|+1.001019E+04{@LIM3|+1.000000E+04|+1.100000E+04|+9.000000E+03}}
}
{@BLOCK|r3401|00
{@A-RES|0|+9.857701E+03{@LIM3|+1.000000E+04|+1.100000E+04|+9.000000E+03}}
}
{@BLOCK|r3411|00
{@A-RES|0|+9.972757E+03{@LIM3|+1.000000E+04|+1.100000E+04|+9.000000E+03}}
}
{@BLOCK|r3420|00
{@A-RES|0|+1.004057E+04{@LIM3|+1.000000E+04|+1.100000E+04|+9.000000E+03}}
}
{@BLOCK|r3702|00
{@A-RES|0|+9.945070E+03{@LIM3|+1.000000E+04|+1.100000E+04|+9.000000E+03}}
}
{@BLOCK|r4017|00
{@A-RES|0|+1.002655E+04{@LIM3|+1.000000E+04|+1.100000E+04|+9.000000E+03}}
}
{@BLOCK|r4035|00
{@A-RES|0|+9.944733E+03{@LIM3|+1.000000E+04|+1.100000E+04|+9.000000E+03}}
}
{@BLOCK|r4042|00
{@A-RES|0|+1.006879E+04{@LIM3|+1.000000E+04|+1.100000E+04|+9.000000E+03}}
}
{@BLOCK|r4320|00
{@A-RES|0|+9.922840E+03{@LIM3|+1.000000E+04|+1.100000E+04|+9.000000E+03}}
}
{@BLOCK|r4323|00
{@A-RES|0|+9.931115E+03{@LIM3|+1.000000E+04|+1.100000E+04|+9.000000E+03}}
}
{@BLOCK|r4327|00
{@A-RES|0|+1.009620E+04{@LIM3|+1.000000E+04|+1.100000E+04|+9.000000E+03}}
}
{@BLOCK|r5736|00
{@A-RES|0|+1.011786E+04{@LIM3|+1.000000E+04|+1.100000E+04|+9.000000E+03}}
}
{@BLOCK|r5770|00
{@A-RES|0|+1.003749E+04{@LIM3|+1.000000E+04|+1.100000E+04|+9.000000E+03}}
}
{@BLOCK|r5774|00
{@A-RES|0|+9.991166E+03{@LIM3|+1.000000E+04|+1.100000E+04|+9.000000E+03}}
}
{@BLOCK|r2455|00
{@A-RES|0|+1.002292E+04{@LIM3|+1.000000E+04|+1.100000E+04|+9.000000E+03}}
}
{@BLOCK|r2459|00
{@A-RES|0|+9.913590E+03{@LIM3|+1.000000E+04|+1.100000E+04|+9.000000E+03}}
}
{@BLOCK|r2709|00
{@A-RES|0|+1.014642E+04{@LIM3|+1.000000E+04|+1.100000E+04|+9.000000E+03}}
}
{@BLOCK|r3445|00
{@A-RES|0|+1.002973E+04{@LIM3|+1.000000E+04|+1.100000E+04|+9.000000E+03}}
}
{@BLOCK|r5705|00
{@A-RES|0|+9.933481E+03{@LIM3|+1.000000E+04|+1.100000E+04|+9.000000E+03}}
}
{@BLOCK|r5807|00
{@A-RES|0|+9.975090E+03{@LIM3|+1.000000E+04|+1.100000E+04|+9.000000E+03}}
}
{@BLOCK|r6102|00
{@A-RES|0|+9.910457E+03{@LIM3|+1.000000E+04|+1.100000E+04|+9.000000E+03}}
}
{@BLOCK|r6103|00
{@A-RES|0|+1.004540E+04{@LIM3|+1.000000E+04|+1.100000E+04|+9.000000E+03}}
}
{@BLOCK|r6104|00
{@A-RES|0|+9.997884E+03{@LIM3|+1.000000E+04|+1.100000E+04|+9.000000E+03}}
}
{@BLOCK|r7125|00
{@A-RES|0|+9.860591E+03{@LIM3|+1.000000E+04|+1.100000E+04|+9.000000E+03}}
}
{@BLOCK|r7126|00
{@A-RES|0|+9.961357E+03{@LIM3|+1.000000E+04|+1.100000E+04|+9.000000E+03}}
}
{@BLOCK|r7127|00
{@A-RES|0|+1.034023E+04{@LIM3|+1.000000E+04|+1.100000E+04|+9.000000E+03}}
}
{@BLOCK|r7138|00
{@A-RES|0|+1.005882E+04{@LIM3|+1.000000E+04|+1.100000E+04|+9.000000E+03}}
}
{@BLOCK|r9313|00
{@A-RES|0|+1.088589E+04{@LIM3|+1.000000E+04|+1.100000E+04|+9.000000E+03}}
}
{@BLOCK|r9419|00
{@A-RES|0|+9.988012E+03{@LIM3|+1.000000E+04|+1.100000E+04|+9.000000E+03}}
}
{@BLOCK|r9423|00
{@A-RES|0|+1.015863E+04{@LIM3|+1.000000E+04|+1.100000E+04|+9.000000E+03}}
}
{@BLOCK|r5779|00
{@A-RES|0|+1.004517E+04{@LIM3|+1.000000E+04|+1.100000E+04|+9.000000E+03}}
}
{@BLOCK|r5781|00
{@A-RES|0|+9.985212E+03{@LIM3|+1.000000E+04|+1.100000E+04|+9.000000E+03}}
}
{@BLOCK|r24038|00
{@A-RES|0|+4.739658E+03{@LIM3|+4.700000E+03|+5.170000E+03|+4.230000E+03}}
}
{@BLOCK|r7308|00
{@A-RES|0|+1.009180E+04{@LIM3|+1.000000E+04|+1.100000E+04|+9.000000E+03}}
}
{@BLOCK|r9002|00
{@A-RES|0|+9.916132E+03{@LIM3|+1.000000E+04|+1.100000E+04|+9.000000E+03}}
}
{@BLOCK|r9418|00
{@A-RES|0|+9.852564E+03{@LIM3|+1.000000E+04|+1.100000E+04|+9.000000E+03}}
}
{@BLOCK|r24024|00
{@A-RES|0|+1.008284E+04{@LIM3|+1.000000E+04|+1.100000E+04|+9.000000E+03}}
}
{@BLOCK|r24028|00
{@A-RES|0|+9.965736E+03{@LIM3|+1.000000E+04|+1.100000E+04|+9.000000E+03}}
}
{@BLOCK|r9449|00
{@A-RES|0|+9.998947E+03{@LIM3|+1.000000E+04|+1.100000E+04|+9.000000E+03}}
}
{@BLOCK|r9475|00
{@A-RES|0|+1.044993E+04{@LIM3|+1.000000E+04|+1.100000E+04|+9.000000E+03}}
}
{@BLOCK|r9478|00
{@A-RES|0|+1.044703E+04{@LIM3|+1.000000E+04|+1.100000E+04|+9.000000E+03}}
}
{@BLOCK|r24021|00
{@A-RES|0|+9.990451E+03{@LIM3|+1.000000E+04|+1.100000E+04|+9.000000E+03}}
}
{@BLOCK|rn6401%r1|00
{@A-RES|0|+9.810713E+03{@LIM3|+1.000000E+04|+1.100000E+04|+9.000000E+03}}
}
{@BLOCK|rn6402%r1|00
{@A-RES|0|+9.843638E+03{@LIM3|+1.000000E+04|+1.200000E+04|+8.500000E+03}}
}
{@BLOCK|rn6402%r2|00
{@A-RES|0|+9.969180E+03{@LIM3|+1.000000E+04|+1.100000E+04|+9.000000E+03}}
}
{@BLOCK|rn6403%r1|00
{@A-RES|0|+9.920792E+03{@LIM3|+1.000000E+04|+1.100000E+04|+9.000000E+03}}
}
{@BLOCK|rn6401%r2|00
{@A-RES|0|+1.018603E+04{@LIM3|+1.000000E+04|+1.150000E+04|+8.500000E+03}}
}
{@BLOCK|pr4635|00
{@A-RES|0|+7.148440E+04{@LIM3|+7.150000E+04|+7.579000E+04|+6.721000E+04}}
}
{@BLOCK|pr4689|00
{@A-RES|0|+2.005695E+03{@LIM3|+2.000000E+03|+2.120000E+03|+1.880000E+03}}
}
{@BLOCK|r2009|00
{@A-RES|0|+1.958528E+04{@LIM3|+2.000000E+04|+2.320000E+04|+1.480000E+04}}
}
{@BLOCK|pr5005|00
{@A-RES|0|+5.204857E+01{@LIM3|+5.100000E+01|+5.905999E+01|+4.794000E+01}}
}
{@BLOCK|pr5207|00
{@A-RES|0|+7.506104E+04{@LIM3|+7.500000E+04|+7.950000E+04|+7.050000E+04}}
}
{@BLOCK|r3703|00
{@A-RES|0|+4.669777E+05{@LIM3|+4.700000E+05|+5.405000E+05|+3.995000E+05}}
}
{@BLOCK|r4043|00
{@A-RES|0|+3.916947E+04{@LIM3|+4.020000E+04|+4.261200E+04|+3.778800E+04}}
}
{@BLOCK|r5768|00
{@A-RES|0|+4.722215E+04{@LIM3|+4.700000E+04|+4.982000E+04|+4.418000E+04}}
}
{@BLOCK|r688|00
{@A-RES|0|+4.712262E+03{@LIM3|+4.700000E+03|+4.982000E+03|+4.418000E+03}}
}
{@BLOCK|r2507|00
{@A-RES|0|+4.828628E+03{@LIM3|+4.700000E+03|+4.982000E+03|+4.418000E+03}}
}
{@BLOCK|r606|00
{@A-RES|0|+2.215718E+03{@LIM3|+2.200000E+03|+2.420000E+03|+1.980000E+03}}
}
{@BLOCK|r615|00
{@A-RES|0|+2.209714E+03{@LIM3|+2.200000E+03|+2.640000E+03|+1.760000E+03}}
}
{@BLOCK|r658|00
{@A-RES|0|+2.220210E+03{@LIM3|+2.200000E+03|+2.420000E+03|+1.980000E+03}}
}
{@BLOCK|r1953|00
{@A-RES|0|+2.228818E+03{@LIM3|+2.200000E+03|+2.420000E+03|+1.980000E+03}}
}
{@BLOCK|r1954|00
{@A-RES|0|+2.181031E+03{@LIM3|+2.200000E+03|+2.420000E+03|+1.980000E+03}}
}
{@BLOCK|rn6403%r2|00
{@A-RES|0|+9.979001E+03{@LIM3|+1.000000E+04|+1.100000E+04|+9.000000E+03}}
}
{@BLOCK|pr4656|00
{@A-RES|0|+1.998347E+03{@LIM3|+2.000000E+03|+2.120000E+03|+1.880000E+03}}
}
{@BLOCK|r2475|00
{@A-RES|0|+4.723946E+03{@LIM3|+4.700000E+03|+4.982000E+03|+4.418000E+03}}
}
{@BLOCK|r601|00
{@A-RES|0|+1.819015E+01{@LIM3|+1.800000E+01|+2.408000E+01|+1.692000E+01}}
}
{@BLOCK|r1957|00
{@A-RES|0|+2.248343E+03{@LIM3|+2.200000E+03|+2.420000E+03|+1.980000E+03}}
}
{@BLOCK|r1958|00
{@A-RES|0|+2.307693E+03{@LIM3|+2.200000E+03|+2.420000E+03|+1.980000E+03}}
}
{@BLOCK|r2118|00
{@A-RES|0|+2.318614E+03{@LIM3|+2.200000E+03|+2.420000E+03|+1.980000E+03}}
}
{@BLOCK|r2960|00
{@A-RES|0|+2.234776E+03{@LIM3|+2.200000E+03|+2.420000E+03|+1.980000E+03}}
}
{@BLOCK|r2961|00
{@A-RES|0|+2.286712E+03{@LIM3|+2.200000E+03|+2.860000E+03|+1.980000E+03}}
}
{@BLOCK|rn5701%r1|00
{@A-RES|0|+2.192787E+03{@LIM3|+2.200000E+03|+2.420000E+03|+1.980000E+03}}
}
{@BLOCK|rn5701%r2|00
{@A-RES|0|+2.236157E+03{@LIM3|+2.200000E+03|+2.420000E+03|+1.980000E+03}}
}
{@BLOCK|rn5703%r1|00
{@A-RES|0|+2.189042E+03{@LIM3|+2.200000E+03|+2.530000E+03|+1.870000E+03}}
}
{@BLOCK|rn5703%r2|00
{@A-RES|0|+2.208576E+03{@LIM3|+2.200000E+03|+2.420000E+03|+1.980000E+03}}
}
{@BLOCK|rn5704%r1|00
{@A-RES|0|+2.198219E+03{@LIM3|+2.200000E+03|+2.420000E+03|+1.980000E+03}}
}
{@BLOCK|rn5704%r2|00
{@A-RES|0|+2.173935E+03{@LIM3|+2.200000E+03|+2.420000E+03|+1.980000E+03}}
}
{@BLOCK|rn5803%r1|00
{@A-RES|0|+2.210617E+03{@LIM3|+2.200000E+03|+2.420000E+03|+1.980000E+03}}
}
{@BLOCK|rn5803%r2|00
{@A-RES|0|+2.186467E+03{@LIM3|+2.200000E+03|+2.420000E+03|+1.980000E+03}}
}
{@BLOCK|rn5804%r1|00
{@A-RES|0|+2.233657E+03{@LIM3|+2.200000E+03|+2.420000E+03|+1.980000E+03}}
}
{@BLOCK|rn5804%r2|00
{@A-RES|0|+2.206296E+03{@LIM3|+2.200000E+03|+2.420000E+03|+1.980000E+03}}
}
{@BLOCK|rn9001%r1|00
{@A-RES|0|+2.184334E+03{@LIM3|+2.200000E+03|+2.420000E+03|+1.980000E+03}}
}
{@BLOCK|rn9001%r2|00
{@A-RES|0|+2.209890E+03{@LIM3|+2.200000E+03|+2.420000E+03|+1.980000E+03}}
}
{@BLOCK|rn9002%r1|00
{@A-RES|0|+2.208023E+03{@LIM3|+2.200000E+03|+2.420000E+03|+1.980000E+03}}
}
{@BLOCK|rn9002%r2|00
{@A-RES|0|+2.223051E+03{@LIM3|+2.200000E+03|+2.420000E+03|+1.980000E+03}}
}
{@BLOCK|rn9201%r1|00
{@A-RES|0|+2.209475E+03{@LIM3|+2.200000E+03|+2.420000E+03|+1.980000E+03}}
}
{@BLOCK|r3136|00
{@A-RES|0|+2.233901E+03{@LIM3|+2.200000E+03|+2.420000E+03|+1.980000E+03}}
}
{@BLOCK|r3137|00
{@A-RES|0|+2.189566E+03{@LIM3|+2.200000E+03|+2.420000E+03|+1.980000E+03}}
}
{@BLOCK|rn5702%r1|00
{@A-RES|0|+2.190826E+03{@LIM3|+2.200000E+03|+2.420000E+03|+1.980000E+03}}
}
{@BLOCK|rn5702%r2|00
{@A-RES|0|+2.204685E+03{@LIM3|+2.200000E+03|+2.420000E+03|+1.980000E+03}}
}
{@BLOCK|rn9511%r1|00
{@A-RES|0|+2.196570E+03{@LIM3|+2.200000E+03|+2.420000E+03|+1.980000E+03}}
}
{@BLOCK|rn9511%r2|00
{@A-RES|0|+2.195836E+03{@LIM3|+2.200000E+03|+2.420000E+03|+1.980000E+03}}
}
{@BLOCK|rn9511%r3|00
{@A-RES|0|+2.212734E+03{@LIM3|+2.200000E+03|+2.420000E+03|+1.980000E+03}}
}
{@BLOCK|rn9512%r1|00
{@A-RES|0|+2.205098E+03{@LIM3|+2.200000E+03|+2.420000E+03|+1.980000E+03}}
}
{@BLOCK|rn9512%r2|00
{@A-RES|0|+2.254814E+03{@LIM3|+2.200000E+03|+2.420000E+03|+1.980000E+03}}
}
{@BLOCK|rn9512%r3|00
{@A-RES|0|+2.190504E+03{@LIM3|+2.200000E+03|+2.420000E+03|+1.980000E+03}}
}
{@BLOCK|rn9512%r4|00
{@A-RES|0|+2.206579E+03{@LIM3|+2.200000E+03|+2.420000E+03|+1.980000E+03}}
}
{@BLOCK|rn9513%r1|00
{@A-RES|0|+2.200142E+03{@LIM3|+2.200000E+03|+2.420000E+03|+1.980000E+03}}
}
{@BLOCK|rn9513%r2|00
{@A-RES|0|+2.211990E+03{@LIM3|+2.200000E+03|+2.420000E+03|+1.980000E+03}}
}
{@BLOCK|rn9513%r3|00
{@A-RES|0|+2.209122E+03{@LIM3|+2.200000E+03|+2.420000E+03|+1.980000E+03}}
}
{@BLOCK|rn9513%r4|00
{@A-RES|0|+2.205838E+03{@LIM3|+2.200000E+03|+2.420000E+03|+1.980000E+03}}
}
{@BLOCK|rn9514%r2|00
{@A-RES|0|+2.198039E+03{@LIM3|+2.200000E+03|+2.420000E+03|+1.980000E+03}}
}
{@BLOCK|rn9514%r3|00
{@A-RES|0|+2.214652E+03{@LIM3|+2.200000E+03|+2.420000E+03|+1.980000E+03}}
}
{@BLOCK|rn9514%r4|00
{@A-RES|0|+2.202564E+03{@LIM3|+2.200000E+03|+2.420000E+03|+1.980000E+03}}
}
{@BLOCK|r2606|00
{@A-RES|0|+1.036894E+02{@LIM3|+1.000000E+02|+1.150000E+02|+9.000000E+01}}
}
{@BLOCK|r2612|00
{@A-RES|0|+1.030516E+02{@LIM3|+1.000000E+02|+1.150000E+02|+9.000000E+01}}
}
{@BLOCK|r2618|00
{@A-RES|0|+1.025242E+02{@LIM3|+1.000000E+02|+1.150000E+02|+9.000000E+01}}
}
{@BLOCK|r2624|00
{@A-RES|0|+1.025470E+02{@LIM3|+1.000000E+02|+1.150000E+02|+9.000000E+01}}
}
{@BLOCK|r3416|00
{@A-RES|0|+1.034051E+02{@LIM3|+1.000000E+02|+1.150000E+02|+9.000000E+01}}
}
{@BLOCK|r4009|00
{@A-RES|0|+1.040258E+02{@LIM3|+1.000000E+02|+1.150000E+02|+9.000000E+01}}
}
{@BLOCK|rn9202%r1|00
{@A-RES|0|+2.217600E+03{@LIM3|+2.200000E+03|+2.420000E+03|+1.980000E+03}}
}
{@BLOCK|rn9202%r2|00
{@A-RES|0|+2.191561E+03{@LIM3|+2.200000E+03|+2.420000E+03|+1.980000E+03}}
}
{@BLOCK|r4007|00
{@A-RES|0|+1.145243E+02{@LIM3|+1.000000E+02|+1.150000E+02|+9.000000E+01}}
}
{@BLOCK|r617|00
{@A-RES|0|+7.533134E+04{@LIM3|+7.500000E+04|+8.250000E+04|+6.750000E+04}}
}
{@BLOCK|r2771|00
{@A-RES|0|+2.015129E+05{@LIM3|+2.000000E+05|+2.300000E+05|+1.700000E+05}}
}
{@BLOCK|r675|00
{@A-RES|0|+1.839356E+01{@LIM3|+1.700000E+01|+2.436666E+01|+1.530000E+01}}
}
{@BLOCK|r676|00
{@A-RES|0|+1.810583E+01{@LIM3|+1.500000E+01|+2.149999E+01|+1.350000E+01}}
}
{@BLOCK|r677|00
{@A-RES|0|+1.806280E+01{@LIM3|+1.500000E+01|+2.149999E+01|+1.350000E+01}}
}
{@BLOCK|r678|00
{@A-RES|0|+1.793221E+01{@LIM3|+1.500000E+01|+2.149999E+01|+1.350000E+01}}
}
{@BLOCK|r2493|00
{@A-RES|0|+1.827718E+01{@LIM3|+1.500000E+01|+2.149999E+01|+1.350000E+01}}
}
{@BLOCK|r2122|00
{@A-RES|0|+4.681099E+03{@LIM3|+4.700000E+03|+5.170000E+03|+4.230000E+03}}
}
{@BLOCK|r2601|00
{@A-RES|0|+5.059522E+03{@LIM3|+4.700000E+03|+5.170000E+03|+4.230000E+03}}
}
{@BLOCK|r2607|00
{@A-RES|0|+4.990012E+03{@LIM3|+5.100000E+03|+5.610000E+03|+4.590000E+03}}
}
{@BLOCK|r2613|00
{@A-RES|0|+4.995216E+03{@LIM3|+4.700000E+03|+5.170000E+03|+4.230000E+03}}
}
{@BLOCK|r2619|00
{@A-RES|0|+4.966651E+03{@LIM3|+4.700000E+03|+5.405000E+03|+3.995000E+03}}
}
{@BLOCK|r2964|00
{@A-RES|0|+4.690496E+03{@LIM3|+4.700000E+03|+5.170000E+03|+4.230000E+03}}
}
{@BLOCK|r24017|00
{@A-RES|0|+1.038998E+02{@LIM3|+1.000000E+02|+1.150000E+02|+9.000000E+01}}
}
{@BLOCK|r1825|00
{@A-RES|0|+6.881003E+04{@LIM3|+7.500000E+04|+9.000000E+04|+6.000000E+04}}
}
{@BLOCK|r6401|00
{@A-RES|0|+3.313757E+02{@LIM3|+3.300000E+02|+3.630000E+02|+2.970000E+02}}
}
{@BLOCK|r6407|00
{@A-RES|0|+3.323099E+02{@LIM3|+3.300000E+02|+3.630000E+02|+2.970000E+02}}
}
{@BLOCK|r6409|00
{@A-RES|0|+3.308011E+02{@LIM3|+3.300000E+02|+3.630000E+02|+2.970000E+02}}
}
{@BLOCK|r6410|00
{@A-RES|0|+3.321658E+02{@LIM3|+3.300000E+02|+3.630000E+02|+2.970000E+02}}
}
{@BLOCK|r2120|00
{@A-RES|0|+4.868082E+03{@LIM3|+4.700000E+03|+5.170000E+03|+4.230000E+03}}
}
{@BLOCK|r3147|00
{@A-RES|0|+4.648344E+03{@LIM3|+4.700000E+03|+5.170000E+03|+4.230000E+03}}
}
{@BLOCK|r4314|00
{@A-RES|0|+4.801909E+03{@LIM3|+4.700000E+03|+5.170000E+03|+4.230000E+03}}
}
{@BLOCK|rn2402%r1|00
{@A-RES|0|+4.699166E+03{@LIM3|+4.700000E+03|+5.170000E+03|+4.230000E+03}}
}
{@BLOCK|rn2402%r2|00
{@A-RES|0|+4.697054E+03{@LIM3|+4.700000E+03|+5.170000E+03|+4.230000E+03}}
}
{@BLOCK|r2143|00
{@A-RES|0|+2.066076E+04{@LIM3|+2.000000E+04|+2.200000E+04|+1.800000E+04}}
}
{@BLOCK|r2602|00
{@A-RES|0|+2.011118E+04{@LIM3|+2.000000E+04|+2.200000E+04|+1.800000E+04}}
}
{@BLOCK|r2608|00
{@A-RES|0|+2.001191E+04{@LIM3|+2.000000E+04|+2.200000E+04|+1.800000E+04}}
}
{@BLOCK|r2621|00
{@A-RES|0|+1.999149E+04{@LIM3|+2.000000E+04|+2.200000E+04|+1.800000E+04}}
}
{@BLOCK|r5706|00
{@A-RES|0|+2.012268E+04{@LIM3|+2.000000E+04|+2.200000E+04|+1.800000E+04}}
}
{@BLOCK|r4318|00
{@A-RES|0|+4.730723E+03{@LIM3|+4.700000E+03|+5.170000E+03|+4.230000E+03}}
}
{@BLOCK|r5809|00
{@A-RES|0|+4.700946E+03{@LIM3|+4.700000E+03|+5.170000E+03|+4.230000E+03}}
}
{@BLOCK|r924|00
{@A-RES|0|+2.011151E+04{@LIM3|+2.000000E+04|+2.200000E+04|+1.800000E+04}}
}
{@BLOCK|r2614|00
{@A-RES|0|+2.011670E+04{@LIM3|+2.000000E+04|+2.200000E+04|+1.800000E+04}}
}
{@BLOCK|r4085|00
{@A-RES|0|+2.007195E+04{@LIM3|+2.000000E+04|+2.200000E+04|+1.800000E+04}}
}
{@BLOCK|r7315|00
{@A-RES|0|+1.949170E+04{@LIM3|+2.000000E+04|+2.200000E+04|+1.800000E+04}}
}
{@BLOCK|r24010|00
{@A-RES|0|+1.680166E+04{@LIM3|+2.000000E+04|+2.700000E+04|+1.300000E+04}}
}
{@BLOCK|r24026|00
{@A-RES|0|+2.058320E+04{@LIM3|+2.000000E+04|+2.200000E+04|+1.800000E+04}}
}
{@BLOCK|r5805|00
{@A-RES|0|+2.016756E+04{@LIM3|+2.000000E+04|+2.200000E+04|+1.800000E+04}}
}
{@BLOCK|r1205|00
{@A-RES|0|+2.473963E+01{@LIM3|+2.200000E+01|+2.920001E+01|+1.980000E+01}}
}
{@BLOCK|r1209|00
{@A-RES|0|+2.484397E+01{@LIM3|+2.200000E+01|+2.920001E+01|+1.980000E+01}}
}
{@BLOCK|r2005|00
{@A-RES|0|+2.549175E+01{@LIM3|+2.200000E+01|+2.920001E+01|+1.980000E+01}}
}
{@BLOCK|r2060|00
{@A-RES|0|+2.522701E+01{@LIM3|+2.200000E+01|+2.920001E+01|+1.980000E+01}}
}
{@BLOCK|r2770|00
{@A-RES|0|+1.998004E+05{@LIM3|+2.000000E+05|+2.220000E+05|+1.780000E+05}}
}
{@BLOCK|r1901|00
{@A-RES|0|+3.573826E+01{@LIM3|+3.300000E+01|+4.129999E+01|+2.970000E+01}}
}
{@BLOCK|r1941|00
{@A-RES|0|+3.603754E+01{@LIM3|+3.300000E+01|+4.129999E+01|+2.970000E+01}}
}
{@BLOCK|r1942|00
{@A-RES|0|+3.566793E+01{@LIM3|+3.300000E+01|+4.129999E+01|+2.970000E+01}}
}
{@BLOCK|r2735|00
{@A-RES|0|+3.570036E+01{@LIM3|+3.300000E+01|+4.129999E+01|+2.970000E+01}}
}
{@BLOCK|r6113|00
{@A-RES|0|+3.581704E+01{@LIM3|+3.300000E+01|+4.129999E+01|+2.970000E+01}}
}
{@BLOCK|r9409|00
{@A-RES|0|+3.758989E+01{@LIM3|+3.300000E+01|+4.129999E+01|+2.970000E+01}}
}
{@BLOCK|rn9515%r1|00
{@A-RES|0|+3.614257E+01{@LIM3|+3.300000E+01|+4.129999E+01|+2.970000E+01}}
}
{@BLOCK|rn9516%r1|00
{@A-RES|0|+3.598800E+01{@LIM3|+3.300000E+01|+4.129999E+01|+2.970000E+01}}
}
{@BLOCK|rn9517%r1|00
{@A-RES|0|+3.617726E+01{@LIM3|+3.300000E+01|+4.129999E+01|+2.970000E+01}}
}
{@BLOCK|rn9519%r1|00
{@A-RES|0|+3.540530E+01{@LIM3|+3.300000E+01|+4.129999E+01|+2.970000E+01}}
}
{@BLOCK|r1211|00
{@A-RES|0|+1.977325E+05{@LIM3|+2.000000E+05|+2.220000E+05|+1.780000E+05}}
}
{@BLOCK|r1704|00
{@A-RES|0|+3.733510E+01{@LIM3|+3.300000E+01|+4.295000E+01|+2.970000E+01}}
}
{@BLOCK|r3201|00
{@A-RES|0|+3.684986E+01{@LIM3|+3.300000E+01|+4.129999E+01|+2.970000E+01}}
}
{@BLOCK|r1808|00
{@A-RES|0|+1.064164E+01{@LIM3|+1.000000E+01|+1.200000E+01|+8.000000E+00}}
}
{@BLOCK|r3412|00
{@A-RES|0|+4.984770E+04{@LIM3|+4.990000E+04|+5.289400E+04|+4.690600E+04}}
}
{@BLOCK|r1933|00
{@A-RES|0|+2.200984E+03{@LIM3|+2.200000E+03|+2.332000E+03|+2.068000E+03}}
}
{@BLOCK|r1934|00
{@A-RES|0|+2.196885E+03{@LIM3|+2.200000E+03|+2.332000E+03|+2.068000E+03}}
}
{@BLOCK|r2480|00
{@A-RES|0|+5.000639E+01{@LIM3|+4.700000E+01|+5.670000E+01|+4.230000E+01}}
}
{@BLOCK|r3304|00
{@A-RES|0|+3.375491E+01{@LIM3|+3.300000E+01|+3.998000E+01|+3.102000E+01}}
}
{@BLOCK|r9203|00
{@A-RES|0|+3.323045E+01{@LIM3|+3.300000E+01|+4.657999E+01|+1.980000E+01}}
}
{@BLOCK|r9205|00
{@A-RES|0|+3.307338E+01{@LIM3|+3.300000E+01|+3.998000E+01|+3.102000E+01}}
}
{@BLOCK|r9206|00
{@A-RES|0|+3.460512E+01{@LIM3|+3.300000E+01|+3.998000E+01|+3.102000E+01}}
}
{@BLOCK|r2468|00
{@A-RES|0|+2.028176E+06{@LIM3|+2.000000E+06|+2.500000E+06|+1.500000E+06}}
}
{@BLOCK|r2605|00
{@A-RES|0|+8.522155E+03{@LIM3|+8.200000E+03|+9.020000E+03|+7.380000E+03}}
}
{@BLOCK|r2611|00
{@A-RES|0|+8.514985E+03{@LIM3|+8.200000E+03|+9.020000E+03|+7.380000E+03}}
}
{@BLOCK|r2617|00
{@A-RES|0|+8.535582E+03{@LIM3|+8.200000E+03|+9.020000E+03|+7.380000E+03}}
}
{@BLOCK|r1802|00
{@A-RES|0|+1.009852E+01{@LIM3|+1.000000E+01|+1.200000E+01|+6.500000E+00}}
}
{@BLOCK|r1804|00
{@A-RES|0|+1.074873E+01{@LIM3|+1.000000E+01|+1.250000E+01|+8.500000E+00}}
}
{@BLOCK|r1805|00
{@A-RES|0|+1.011222E+01{@LIM3|+1.000000E+01|+1.150000E+01|+8.500000E+00}}
}
{@BLOCK|r2402|00
{@A-RES|0|+5.021867E+01{@LIM3|+6.400000E+01|+9.640851E+01|+3.200000E+01}}
}
{@BLOCK|r2404|00
{@A-RES|0|+5.060154E+01{@LIM3|+4.700000E+01|+5.670000E+01|+4.230000E+01}}
}
{@BLOCK|r2453|00
{@A-RES|0|+3.308448E+01{@LIM3|+3.300000E+01|+3.998000E+01|+3.102000E+01}}
}
{@BLOCK|r2984|00
{@A-RES|0|+7.794227E+01{@LIM3|+7.500000E+01|+8.750002E+01|+6.750000E+01}}
}
{@BLOCK|r2985|00
{@A-RES|0|+7.958102E+01{@LIM3|+7.500000E+01|+8.750002E+01|+6.750000E+01}}
}
{@BLOCK|r2622|00
{@A-RES|0|+8.449773E+03{@LIM3|+8.200000E+03|+9.020000E+03|+7.380000E+03}}
}
{@BLOCK|r7369|00
{@A-RES|0|+8.275364E+03{@LIM3|+8.200000E+03|+9.020000E+03|+7.380000E+03}}
}
{@BLOCK|r2763|00
{@A-RES|0|+5.731154E+02{@LIM3|+5.600000E+02|+5.936000E+02|+5.264000E+02}}
}
{@BLOCK|r6404|00
{@A-RES|0|+7.945223E+01{@LIM3|+7.500000E+01|+8.750002E+01|+6.750000E+01}}
}
{@BLOCK|r5808|00
{@A-RES|0|+1.502231E+04{@LIM3|+1.500000E+04|+1.725000E+04|+1.275000E+04}}
}
{@BLOCK|r7307|00
{@A-RES|0|+5.147631E+02{@LIM3|+5.100000E+02|+5.610000E+02|+4.590000E+02}}
}
{@BLOCK|r3210|00
{@A-RES|0|+3.333943E+02{@LIM3|+3.300000E+02|+3.498000E+02|+3.102000E+02}}
}
{@BLOCK|r3254|00
{@A-RES|0|+3.328391E+02{@LIM3|+3.300000E+02|+3.498000E+02|+3.102000E+02}}
}
{@BLOCK|r3402|00
{@A-RES|0|+5.609165E+05{@LIM3|+5.600000E+05|+6.440000E+05|+4.760000E+05}}
}
{@BLOCK|r3704|00
{@A-RES|0|+5.593916E+05{@LIM3|+5.600000E+05|+6.440000E+05|+4.760000E+05}}
}
{@BLOCK|r3425|00
{@A-RES|0|+2.055010E+01{@LIM3|+2.000000E+01|+2.620000E+01|+1.880000E+01}}
}
{@BLOCK|r3426|00
{@A-RES|0|+2.047753E+01{@LIM3|+2.000000E+01|+2.620000E+01|+1.880000E+01}}
}
{@BLOCK|r3715|00
{@A-RES|0|+6.770266E+04{@LIM3|+6.800000E+04|+7.480000E+04|+6.120000E+04}}
}
{@BLOCK|r3723|00
{@A-RES|0|+6.692581E+04{@LIM3|+6.800000E+04|+7.480000E+04|+6.120000E+04}}
}
{@BLOCK|r7305|00
{@A-RES|0|+3.033083E+04{@LIM3|+3.000000E+04|+3.180000E+04|+2.820000E+04}}
}
{@BLOCK|r9417|00
{@A-RES|0|+2.961391E+04{@LIM3|+3.000000E+04|+3.180000E+04|+2.820000E+04}}
}
{@BLOCK|r4033|00
{@A-RES|0|+1.212969E+04{@LIM3|+1.200000E+04|+1.320000E+04|+1.080000E+04}}
}
{@BLOCK|r5767|00
{@A-RES|0|+2.241541E+01{@LIM3|+2.200000E+01|+2.832001E+01|+2.068000E+01}}
}
{@BLOCK|r5773|00
{@A-RES|0|+2.242737E+01{@LIM3|+2.200000E+01|+2.832001E+01|+2.068000E+01}}
}
{@BLOCK|r5775|00
{@A-RES|0|+2.227403E+01{@LIM3|+2.200000E+01|+2.832001E+01|+2.068000E+01}}
}
{@BLOCK|r7354|00
{@A-RES|0|+9.073621E+05{@LIM3|+9.100000E+05|+1.046500E+06|+7.735000E+05}}
}
{@BLOCK|r9468|00
{@A-RES|0|+1.524575E+02{@LIM3|+1.500000E+02|+1.640000E+02|+1.410000E+02}}
}
{@BLOCK|r9501|00
{@A-RES|0|+2.003613E+03{@LIM3|+2.000000E+03|+2.200000E+03|+1.800000E+03}}
}
{@BLOCK|r24011|00
{@A-RES|0|+3.313464E+03{@LIM3|+3.300000E+03|+3.498000E+03|+3.102000E+03}}
}
{@BLOCK|r3139|00
{@A-RES|0|+3.012622E+03{@LIM3|+3.010000E+03|+3.190600E+03|+2.829400E+03}}
}
{@BLOCK|r6323|00
{@A-RES|0|+3.025451E+02{@LIM3|+3.000000E+02|+3.180000E+02|+2.820000E+02}}
}
{@BLOCK|rn9515%r3|00
{@A-RES|0|+3.567971E+01{@LIM3|+4.000000E+01|+5.000000E+01|+3.000000E+01}}
}
{@BLOCK|rn9515%r4|00
{@A-RES|0|+3.580311E+01{@LIM3|+3.600000E+01|+5.040000E+01|+3.240000E+01}}
}
{@BLOCK|rn9516%r3|00
{@A-RES|0|+3.647266E+01{@LIM3|+3.700000E+01|+4.070000E+01|+3.330000E+01}}
}
{@BLOCK|rn9516%r4|00
{@A-RES|0|+3.585627E+01{@LIM3|+3.600000E+01|+4.680000E+01|+3.240000E+01}}
}
{@BLOCK|rn9517%r2|00
{@A-RES|0|+3.575945E+01{@LIM3|+3.600000E+01|+3.960000E+01|+3.240000E+01}}
}
{@BLOCK|rn9517%r3|00
{@A-RES|0|+3.584958E+01{@LIM3|+3.700000E+01|+5.550000E+01|+1.850000E+01}}
}
{@BLOCK|rn9517%r4|00
{@A-RES|0|+3.595609E+01{@LIM3|+3.600000E+01|+3.960000E+01|+3.240000E+01}}
}
{@BLOCK|rn9519%r2|00
{@A-RES|0|+3.545027E+01{@LIM3|+3.700000E+01|+4.070000E+01|+3.330000E+01}}
}
{@BLOCK|rn9519%r3|00
{@A-RES|0|+3.589649E+01{@LIM3|+3.800000E+01|+4.180000E+01|+3.420000E+01}}
}
{@BLOCK|rn9519%r4|00
{@A-RES|0|+3.535239E+01{@LIM3|+3.600000E+01|+3.960000E+01|+3.240000E+01}}
}
{@BLOCK|q301|00
{@A-NFE|0|+2.051101E+02{@LIM2|+2.200000E+02|+2.000000E+01}}
}
{@BLOCK|q302|00
{@A-NFE|0|+1.281460E+02{@LIM2|+2.000000E+02|+2.000000E+01}}
}
{@BLOCK|q1602|00
{@A-NFE|0|+2.240758E+01{@LIM2|+2.000000E+02|+2.000000E+01}}
}
{@BLOCK|q1603|00
{@A-NFE|0|+1.664249E+02{@LIM2|+2.200000E+02|+2.000000E+01}}
}
{@BLOCK|pu4502%qf|00
{@A-NFE|0|+6.265657E+01{@LIM2|+3.500000E+02|+2.000000E+01}}
}
{@BLOCK|pu4503%qf|00
{@A-NFE|0|+1.911071E+02{@LIM2|+2.400000E+02|+2.000000E+01}}
}
{@BLOCK|pu4504%qf|00
{@A-NFE|0|+1.145479E+02{@LIM2|+2.000000E+02|+2.000000E+01}}
}
{@BLOCK|pu5202%qf1|00
{@A-NFE|0|+4.660380E+01{@LIM2|+2.000000E+02|+2.000000E+01}}
}
{@BLOCK|q605%qf1|00
{@A-NFE|0|+1.445797E+02{@LIM2|+2.000000E+02|+2.000000E+01}}
}
{@BLOCK|q606%qf1|00
{@A-NFE|0|+1.035759E+02{@LIM2|+2.000000E+02|+2.000000E+01}}
}
{@BLOCK|q1901%qf1|00
{@A-NFE|0|+7.594854E+01{@LIM2|+3.500000E+02|+2.000000E+01}}
}
{@BLOCK|q1901%qf2|00
{@A-NFE|0|+4.532908E+01{@LIM2|+2.000000E+02|+2.000000E+01}}
}
{@BLOCK|q1902%qf1|00
{@A-NFE|0|+1.225668E+02{@LIM2|+2.000000E+02|+2.000000E+01}}
}
{@BLOCK|q1902%qf2|00
{@A-NFE|0|+1.228603E+02{@LIM2|+2.500000E+02|+2.000000E+01}}
}
{@BLOCK|q2402|00
{@A-NFE|0|+1.308988E+02{@LIM2|+2.000000E+02|+2.000000E+01}}
}
{@BLOCK|q2502|00
{@A-NFE|0|+1.012368E+02{@LIM2|+2.000000E+02|+2.000000E+01}}
}
{@BLOCK|q2713|00
{@A-NFE|0|+1.560077E+02{@LIM2|+2.000000E+02|+2.000000E+01}}
}
{@BLOCK|q2718|00
{@A-NFE|0|+1.389168E+02{@LIM2|+2.000000E+02|+2.000000E+01}}
}
{@BLOCK|q3401|00
{@A-NFE|0|+1.082267E+02{@LIM2|+2.000000E+02|+2.000000E+01}}
}
{@BLOCK|q3404|00
{@A-NFE|0|+1.769889E+02{@LIM2|+2.400000E+02|+2.000000E+01}}
}
{@BLOCK|q4001%qf1|00
{@A-NFE|0|+6.724871E+01{@LIM2|+2.000000E+02|+2.000000E+01}}
}
{@BLOCK|q4003|00
{@A-NFE|0|+1.162327E+02{@LIM2|+2.000000E+02|+2.000000E+01}}
}
{@BLOCK|q4005|00
{@A-NFE|0|+1.123967E+02{@LIM2|+2.000000E+02|+2.000000E+01}}
}
{@BLOCK|q4006|00
{@A-NFE|0|+1.018116E+02{@LIM2|+2.000000E+02|+2.000000E+01}}
}
{@BLOCK|q4007%qf2|00
{@A-NFE|0|+8.821740E+01{@LIM2|+2.000000E+02|+2.000000E+01}}
}
{@BLOCK|q4011|00
{@A-NFE|0|+1.317096E+02{@LIM2|+2.000000E+02|+2.000000E+01}}
}
{@BLOCK|q4014|00
{@A-NFE|0|+1.330194E+02{@LIM2|+2.000000E+02|+2.000000E+01}}
}
{@BLOCK|q4015|00
{@A-NFE|0|+5.321115E+01{@LIM2|+2.000000E+02|+2.000000E+01}}
}
{@BLOCK|q4028%qf1|00
{@A-NFE|0|+1.183291E+02{@LIM2|+2.000000E+02|+2.000000E+01}}
}
{@BLOCK|q4028%qf2|00
{@A-NFE|0|+1.145376E+02{@LIM2|+2.000000E+02|+2.000000E+01}}
}
{@BLOCK|q4101|00
{@A-NFE|0|+1.193889E+02{@LIM2|+2.000000E+02|+2.000000E+01}}
}
{@BLOCK|q4302|00
{@A-NFE|0|+4.399537E+01{@LIM2|+2.000000E+02|+2.000000E+01}}
}
{@BLOCK|q4306|00
{@A-NFE|0|+1.276011E+02{@LIM2|+2.000000E+02|+2.000000E+01}}
}
{@BLOCK|q4307|00
{@A-NFE|0|+1.300877E+02{@LIM2|+2.000000E+02|+2.000000E+01}}
}
{@BLOCK|q5601|00
{@A-NFE|0|+1.388895E+02{@LIM2|+2.000000E+02|+2.000000E+01}}
}
{@BLOCK|q5702%qf1|00
{@A-NFE|0|+1.925834E+02{@LIM2|+4.000000E+02|+2.000000E+01}}
}
{@BLOCK|q2909|00
{@A-NFE|0|+1.198755E+02{@LIM2|+2.000000E+02|+2.000000E+01}}
}
{@BLOCK|q3116%qf1|00
{@A-NFE|0|+5.123489E+01{@LIM2|+2.000000E+02|+2.000000E+01}}
}
{@BLOCK|q3116%qf2|00
{@A-NFE|0|+1.098409E+02{@LIM2|+2.500000E+02|+2.000000E+01}}
}
{@BLOCK|q4013%qf2|00
{@A-NFE|0|+1.260115E+02{@LIM2|+2.000000E+02|+2.000000E+01}}
}
{@BLOCK|q4305|00
{@A-NFE|0|+1.481782E+02{@LIM2|+2.000000E+02|+2.000000E+01}}
}
{@BLOCK|q5704%qf1|00
{@A-NFE|0|+1.819283E+02{@LIM2|+4.000000E+02|+2.000000E+01}}
}
{@BLOCK|q5704%qf2|00
{@A-NFE|0|+1.863290E+02{@LIM2|+5.000000E+02|+2.000000E+01}}
}
{@BLOCK|q5808%qf1|00
{@A-NFE|0|+1.907659E+02{@LIM2|+4.000000E+02|+2.000000E+01}}
}
{@BLOCK|q5702%qf2|00
{@A-NFE|0|+1.880295E+02{@LIM2|+4.000000E+02|+2.000000E+01}}
}
{@BLOCK|q5703%qf1|00
{@A-NFE|0|+1.061348E+02{@LIM2|+2.000000E+02|+2.000000E+01}}
}
{@BLOCK|q5703%qf2|00
{@A-NFE|0|+1.216827E+02{@LIM2|+2.000000E+02|+2.000000E+01}}
}
{@BLOCK|q5707%qf1|00
{@A-NFE|0|+1.252443E+02{@LIM2|+2.000000E+02|+2.000000E+01}}
}
{@BLOCK|q6401%qf1|00
{@A-NFE|0|+1.252638E+02{@LIM2|+2.000000E+02|+2.000000E+01}}
}
{@BLOCK|q6401%qf2|00
{@A-NFE|0|+1.130882E+02{@LIM2|+2.000000E+02|+2.000000E+01}}
}
{@BLOCK|q6402|00
{@A-NFE|0|+1.272825E+02{@LIM2|+2.000000E+02|+2.000000E+01}}
}
{@BLOCK|q6404|00
{@A-NFE|0|+1.260611E+02{@LIM2|+2.000000E+02|+2.000000E+01}}
}
{@BLOCK|q7101|00
{@A-NFE|0|+1.293763E+02{@LIM2|+2.000000E+02|+2.000000E+01}}
}
{@BLOCK|q7102|00
{@A-NFE|0|+1.247811E+02{@LIM2|+2.000000E+02|+2.000000E+01}}
}
{@BLOCK|q7104|00
{@A-NFE|0|+1.458767E+02{@LIM2|+2.000000E+02|+2.000000E+01}}
}
{@BLOCK|q7301%qf2|00
{@A-NFE|0|+1.408214E+02{@LIM2|+2.400000E+02|+2.000000E+01}}
}
{@BLOCK|q9104%qf1|00
{@A-NFE|0|+1.197386E+02{@LIM2|+2.000000E+02|+2.000000E+01}}
}
{@BLOCK|q9104%qf2|00
{@A-NFE|0|+9.067779E+01{@LIM2|+2.000000E+02|+2.000000E+01}}
}
{@BLOCK|q9402|00
{@A-NFE|0|+1.455235E+02{@LIM2|+2.000000E+02|+2.000000E+01}}
}
{@BLOCK|q9405%qf1|00
{@A-NFE|0|+1.147436E+02{@LIM2|+2.000000E+02|+2.000000E+01}}
}
{@BLOCK|q5808%qf2|00
{@A-NFE|0|+1.803109E+02{@LIM2|+2.500000E+02|+2.000000E+01}}
}
{@BLOCK|q7103|00
{@A-NFE|0|+1.213442E+02{@LIM2|+2.000000E+02|+2.000000E+01}}
}
{@BLOCK|q7105|00
{@A-NFE|0|+1.307927E+02{@LIM2|+2.000000E+02|+2.000000E+01}}
}
{@BLOCK|q9001|00
{@A-NFE|0|+1.245063E+02{@LIM2|+2.000000E+02|+2.000000E+01}}
}
{@BLOCK|q9002%qf1|00
{@A-NFE|0|+1.229587E+02{@LIM2|+2.000000E+02|+2.000000E+01}}
}
{@BLOCK|q9002%qf2|00
{@A-NFE|0|+1.239287E+02{@LIM2|+2.000000E+02|+2.000000E+01}}
}
{@BLOCK|q9411|00
{@A-NFE|0|+1.268595E+02{@LIM2|+2.000000E+02|+2.000000E+01}}
}
{@BLOCK|d2201|00
{@A-DIO|0|+1.997133E-01{@LIM2|+8.000000E-01|+1.000000E-01}}
}
{@BLOCK|q9405%qf2|00
{@A-NFE|0|+1.593888E+02{@LIM2|+2.000000E+02|+2.000000E+01}}
}
{@BLOCK|d2501%cr1|00
{@A-DIO|0|+5.543879E-01{@LIM2|+8.000000E-01|+4.000000E-01}}
}
{@BLOCK|d2501%cr2|00
{@A-DIO|0|+5.576070E-01{@LIM2|+8.500000E-01|+4.000000E-01}}
}
{@BLOCK|ed3215%ds|00
{@A-DIO|0|+2.637329E-01{@LIM2|+8.000000E-01|+2.000000E-01}}
}
{@BLOCK|d3405|00
{@A-DIO|0|+7.534089E-01{@LIM2|+8.000000E-01|+4.000000E-01}}
}
{@BLOCK|d3406|00
{@A-DIO|0|+6.899832E-01{@LIM2|+8.000000E-01|+4.000000E-01}}
}
{@BLOCK|d4001|00
{@A-DIO|0|+4.810872E-01{@LIM2|+8.000000E-01|+2.000000E-01}}
}
{@BLOCK|d5701|00
{@A-DIO|0|+4.595103E-01{@LIM2|+8.000000E-01|+2.000000E-01}}
}
{@BLOCK|d2601|00
{@A-DIO|0|+4.496315E-01{@LIM2|+8.000000E-01|+2.000000E-01}}
}
{@BLOCK|d2602|00
{@A-DIO|0|+4.487380E-01{@LIM2|+8.000000E-01|+2.000000E-01}}
}
{@BLOCK|d2603|00
{@A-DIO|0|+4.523120E-01{@LIM2|+8.000000E-01|+2.000000E-01}}
}
{@BLOCK|d2613|00
{@A-DIO|0|+4.598852E-01{@LIM2|+8.000000E-01|+4.000000E-01}}
}
{@BLOCK|d2615|00
{@A-DIO|0|+4.489082E-01{@LIM2|+8.000000E-01|+2.000000E-01}}
}
{@BLOCK|d2616|00
{@A-DIO|0|+4.553753E-01{@LIM2|+8.000000E-01|+2.000000E-01}}
}
{@BLOCK|d2969%cr1|00
{@A-DIO|0|+5.424680E-01{@LIM2|+9.000000E-01|+4.000000E-01}}
}
{@BLOCK|d6401%cr1|00
{@A-DIO|0|+5.853974E-01{@LIM2|+8.000000E-01|+4.000000E-01}}
}
{@BLOCK|d9222|00
{@A-DIO|0|+6.953774E-01{@LIM2|+8.000000E-01|+4.000000E-01}}
}
{@BLOCK|d9521|00
{@A-DIO|0|+4.338877E-01{@LIM2|+8.000000E-01|+2.000000E-01}}
}
{@BLOCK|d9522|00
{@A-DIO|0|+6.065031E-01{@LIM2|+8.000000E-01|+4.000000E-01}}
}
{@BLOCK|ed3304%cr1|00
{@A-DIO|0|+7.800321E-01{@LIM2|+8.000000E-01|+4.000000E-01}}
}
{@BLOCK|ed3304%cr2|00
{@A-DIO|0|+7.797711E-01{@LIM2|+8.000000E-01|+4.000000E-01}}
}
{@BLOCK|ed3304%cr4|00
{@A-DIO|0|+7.798581E-01{@LIM2|+8.000000E-01|+4.000000E-01}}
}
{@BLOCK|ed3304%cr6|00
{@A-DIO|0|+6.456983E-01{@LIM2|+8.000000E-01|+4.000000E-01}}
}
{@BLOCK|ed3304%cr8|00
{@A-DIO|0|+6.473514E-01{@LIM2|+8.000000E-01|+4.000000E-01}}
}
{@BLOCK|ed3305|00
{@A-DIO|0|+6.172916E-01{@LIM2|+8.000000E-01|+4.000000E-01}}
}
{@BLOCK|ed3306|00
{@A-DIO|0|+6.351273E-01{@LIM2|+8.000000E-01|+4.000000E-01}}
}
{@BLOCK|ed3401%cr1|00
{@A-DIO|0|+5.071883E-01{@LIM2|+8.000000E-01|+4.000000E-01}}
}
{@BLOCK|ed3401%cr2|00
{@A-DIO|0|+5.153667E-01{@LIM2|+8.000000E-01|+4.000000E-01}}
}
{@BLOCK|ed3402%cr2|00
{@A-DIO|0|+9.267639E-01{@LIM2|+1.200000E+00|+4.000000E-01}}
}
{@BLOCK|ed3403%cr1|00
{@A-DIO|0|+7.841648E-01{@LIM2|+8.000000E-01|+4.000000E-01}}
}
{@BLOCK|ed3403%cr2|00
{@A-DIO|0|+7.823812E-01{@LIM2|+8.000000E-01|+4.000000E-01}}
}
{@BLOCK|ed3403%cr3|00
{@A-DIO|0|+7.823812E-01{@LIM2|+8.000000E-01|+4.000000E-01}}
}
{@BLOCK|ed3403%cr4|00
{@A-DIO|0|+7.832947E-01{@LIM2|+8.000000E-01|+4.000000E-01}}
}
{@BLOCK|ed3403%cr6|00
{@A-DIO|0|+7.428815E-01{@LIM2|+1.200000E+00|+4.000000E-01}}
}
{@BLOCK|ed3403%cr7|00
{@A-DIO|0|+6.865466E-01{@LIM2|+8.000000E-01|+4.000000E-01}}
}
{@BLOCK|ed3403%cr8|00
{@A-DIO|0|+4.923542E-01{@LIM2|+9.000000E-01|+4.000000E-01}}
}
{@BLOCK|ed3703%cr1|00
{@A-DIO|0|+7.808151E-01{@LIM2|+8.000000E-01|+4.000000E-01}}
}
{@BLOCK|ed3703%cr2|00
{@A-DIO|0|+7.811196E-01{@LIM2|+8.000000E-01|+4.000000E-01}}
}
{@BLOCK|ed3703%cr3|00
{@A-DIO|0|+7.805976E-01{@LIM2|+8.000000E-01|+4.000000E-01}}
}
{@BLOCK|ed3703%cr4|00
{@A-DIO|0|+7.806846E-01{@LIM2|+8.000000E-01|+4.000000E-01}}
}
{@BLOCK|d6401%cr2|00
{@A-DIO|0|+5.880353E-01{@LIM2|+8.000000E-01|+4.000000E-01}}
}
{@BLOCK|d6402%cr1|00
{@A-DIO|0|+5.647624E-01{@LIM2|+8.000000E-01|+4.000000E-01}}
}
{@BLOCK|d6402%cr2|00
{@A-DIO|0|+5.648049E-01{@LIM2|+8.000000E-01|+4.000000E-01}}
}
{@BLOCK|d9001%cr1|00
{@A-DIO|0|+5.542108E-01{@LIM2|+8.000000E-01|+4.000000E-01}}
}
{@BLOCK|d9001%cr2|00
{@A-DIO|0|+5.500413E-01{@LIM2|+8.000000E-01|+4.000000E-01}}
}
{@BLOCK|ed2914|00
{@A-DIO|0|+5.310739E-01{@LIM2|+8.000000E-01|+2.000000E-01}}
}
{@BLOCK|ed3701%cr2|00
{@A-DIO|0|+6.923594E-01{@LIM2|+9.000000E-01|+2.000000E-01}}
}
{@BLOCK|ed3704%cr1|00
{@A-DIO|0|+7.346081E-01{@LIM2|+9.000000E-01|+4.000000E-01}}
}
{@BLOCK|ed3703%cr5|00
{@A-DIO|0|+6.880256E-01{@LIM2|+9.000000E-01|+4.000000E-01}}
}
{@BLOCK|ed3703%cr6|00
{@A-DIO|0|+7.420985E-01{@LIM2|+9.000000E-01|+4.000000E-01}}
}
{@BLOCK|ed3703%cr7|00
{@A-DIO|0|+7.423595E-01{@LIM2|+9.000000E-01|+4.000000E-01}}
}
{@BLOCK|ed3703%cr8|00
{@A-DIO|0|+7.430990E-01{@LIM2|+9.000000E-01|+4.000000E-01}}
}
{@BLOCK|ed3709%cr1|00
{@A-DIO|0|+7.810326E-01{@LIM2|+8.000000E-01|+4.000000E-01}}
}
{@BLOCK|ed3709%cr2|00
{@A-DIO|0|+7.803801E-01{@LIM2|+8.000000E-01|+4.000000E-01}}
}
{@BLOCK|ed3709%cr3|00
{@A-DIO|0|+7.800756E-01{@LIM2|+8.000000E-01|+4.000000E-01}}
}
{@BLOCK|ed3709%cr4|00
{@A-DIO|0|+7.802061E-01{@LIM2|+8.000000E-01|+4.000000E-01}}
}
{@BLOCK|ed3709%cr5|00
{@A-DIO|0|+6.666662E-01{@LIM2|+9.000000E-01|+4.000000E-01}}
}
{@BLOCK|ed3709%cr6|00
{@A-DIO|0|+6.666662E-01{@LIM2|+9.000000E-01|+4.000000E-01}}
}
{@BLOCK|ed3709%cr7|00
{@A-DIO|0|+6.681018E-01{@LIM2|+9.000000E-01|+4.000000E-01}}
}
{@BLOCK|ed3709%cr8|00
{@A-DIO|0|+6.689283E-01{@LIM2|+9.000000E-01|+4.000000E-01}}
}
{@BLOCK|ed5702%cr1|00
{@A-DIO|0|+6.266445E-01{@LIM2|+8.000000E-01|+4.000000E-01}}
}
{@BLOCK|ed5702%cr2|00
{@A-DIO|0|+6.167696E-01{@LIM2|+9.000000E-01|+2.000000E-01}}
}
{@BLOCK|ed5704%cr1|00
{@A-DIO|0|+7.755949E-01{@LIM2|+8.000000E-01|+4.000000E-01}}
}
{@BLOCK|ed5704%cr2|00
{@A-DIO|0|+7.472317E-01{@LIM2|+8.000000E-01|+4.000000E-01}}
}
{@BLOCK|ed5704%cr4|00
{@A-DIO|0|+5.681345E-01{@LIM2|+8.000000E-01|+4.000000E-01}}
}
{@BLOCK|ed5704%cr5|00
{@A-DIO|0|+4.861334E-01{@LIM2|+8.000000E-01|+4.000000E-01}}
}
{@BLOCK|ed5704%cr6|00
{@A-DIO|0|+4.872645E-01{@LIM2|+8.000000E-01|+2.000000E-01}}
}
{@BLOCK|ed5704%cr8|00
{@A-DIO|0|+5.872318E-01{@LIM2|+8.000000E-01|+4.000000E-01}}
}
{@BLOCK|ed5707%cr2|00
{@A-DIO|0|+6.416091E-01{@LIM2|+8.000000E-01|+4.000000E-01}}
}
{@BLOCK|ed5707%cr6|00
{@A-DIO|0|+5.943226E-01{@LIM2|+9.000000E-01|+4.000000E-01}}
}
{@BLOCK|ed5803%cr2|00
{@A-DIO|0|+6.946379E-01{@LIM2|+8.000000E-01|+4.000000E-01}}
}
{@BLOCK|ed5803%cr7|00
{@A-DIO|0|+7.124302E-01{@LIM2|+8.000000E-01|+4.000000E-01}}
}
{@BLOCK|ed5805%cr2|00
{@A-DIO|0|+7.202605E-01{@LIM2|+9.000000E-01|+4.000000E-01}}
}
{@BLOCK|ed5805%cr5|00
{@A-DIO|0|+7.109946E-01{@LIM2|+8.000000E-01|+4.000000E-01}}
}
{@BLOCK|ed5805%cr6|00
{@A-DIO|0|+8.104834E-01{@LIM2|+1.100000E+00|+4.000000E-01}}
}
{@BLOCK|ed5805%cr8|00
{@A-DIO|0|+8.108314E-01{@LIM2|+1.100000E+00|+4.000000E-01}}
}
{@BLOCK|ed6402%cr1|00
{@A-DIO|0|+7.740288E-01{@LIM2|+8.000000E-01|+4.000000E-01}}
}
{@BLOCK|ed6402%cr2|00
{@A-DIO|0|+7.779005E-01{@LIM2|+8.200000E-01|+4.000000E-01}}
}
{@BLOCK|ed6501|00
{@A-DIO|0|+7.192165E-01{@LIM2|+8.000000E-01|+4.000000E-01}}
}
{@BLOCK|ed6502|00
{@A-DIO|0|+7.138222E-01{@LIM2|+8.000000E-01|+4.000000E-01}}
}
{@BLOCK|ed6503|00
{@A-DIO|0|+6.445673E-01{@LIM2|+8.000000E-01|+4.000000E-01}}
}
{@BLOCK|ed6504|00
{@A-DIO|0|+7.226966E-01{@LIM2|+8.000000E-01|+4.000000E-01}}
}
{@BLOCK|ed7301%cr1|00
{@A-DIO|0|+7.796841E-01{@LIM2|+8.000000E-01|+4.000000E-01}}
}
{@BLOCK|ed7301%cr2|00
{@A-DIO|0|+7.606738E-01{@LIM2|+9.000000E-01|+5.000000E-01}}
}
{@BLOCK|ed7301%cr3|00
{@A-DIO|0|+7.892545E-01{@LIM2|+8.500000E-01|+4.000000E-01}}
}
{@BLOCK|ed7301%cr4|00
{@A-DIO|0|+7.799886E-01{@LIM2|+8.000000E-01|+4.000000E-01}}
}
{@BLOCK|ed7301%cr5|00
{@A-DIO|0|+6.857635E-01{@LIM2|+8.000000E-01|+4.000000E-01}}
}
{@BLOCK|ed7301%cr6|00
{@A-DIO|0|+7.204345E-01{@LIM2|+8.000000E-01|+4.000000E-01}}
}
{@BLOCK|ed7301%cr7|00
{@A-DIO|0|+6.998581E-01{@LIM2|+8.000000E-01|+4.000000E-01}}
}
{@BLOCK|ed7301%cr8|00
{@A-DIO|0|+6.909403E-01{@LIM2|+8.000000E-01|+4.000000E-01}}
}
{@BLOCK|ed7311%cr1|00
{@A-DIO|0|+7.327891E-01{@LIM2|+9.000000E-01|+4.000000E-01}}
}
{@BLOCK|ed7311%cr2|00
{@A-DIO|0|+7.324845E-01{@LIM2|+9.000000E-01|+4.000000E-01}}
}
{@BLOCK|ed9202%cr1|00
{@A-DIO|0|+7.789010E-01{@LIM2|+8.000000E-01|+4.000000E-01}}
}
{@BLOCK|ed9202%cr2|00
{@A-DIO|0|+7.814241E-01{@LIM2|+8.000000E-01|+4.000000E-01}}
}
{@BLOCK|ed9202%cr3|00
{@A-DIO|0|+7.804671E-01{@LIM2|+9.000000E-01|+4.000000E-01}}
}
{@BLOCK|ed9202%cr4|00
{@A-DIO|0|+7.805106E-01{@LIM2|+8.000000E-01|+4.000000E-01}}
}
{@BLOCK|ed9202%cr5|00
{@A-DIO|0|+6.439147E-01{@LIM2|+8.000000E-01|+4.000000E-01}}
}
{@BLOCK|ed9202%cr6|00
{@A-DIO|0|+6.479604E-01{@LIM2|+8.000000E-01|+4.000000E-01}}
}
{@BLOCK|ed9202%cr7|00
{@A-DIO|0|+6.472644E-01{@LIM2|+8.000000E-01|+4.000000E-01}}
}
{@BLOCK|ed9202%cr8|00
{@A-DIO|0|+6.503965E-01{@LIM2|+8.000000E-01|+4.000000E-01}}
}
{@BLOCK|ed9204|00
{@A-DIO|0|+6.577918E-01{@LIM2|+8.000000E-01|+4.000000E-01}}
}
{@BLOCK|ed9205|00
{@A-DIO|0|+5.299833E-01{@LIM2|+8.000000E-01|+4.000000E-01}}
}
{@BLOCK|hled1%cr|00
{@A-DIO|0|+2.772314E+00{@LIM2|+3.500000E+00|+2.500000E+00}}
}
{@BLOCK|q3402|00
{@A-DIO|0|+7.068184E-01|B-E{@LIM2|+8.050000E-01|+6.030000E-01}}
{@A-DIO|0|+6.944639E-01|B-C{@LIM2|+8.050000E-01|+6.030000E-01}}
}
{@BLOCK|q5701%q2|00
{@A-DIO|0|+6.924628E-01|B-E{@LIM2|+8.020000E-01|+6.000000E-01}}
{@A-DIO|0|+6.650566E-01|B-C{@LIM2|+8.040000E-01|+6.020000E-01}}
}
{@BLOCK|q5804%q1|00
{@A-DIO|0|+6.931588E-01|B-E{@LIM2|+8.030000E-01|+6.000000E-01}}
{@A-DIO|0|+6.692328E-01|B-C{@LIM2|+8.040000E-01|+6.020000E-01}}
}
{@BLOCK|q5804%q2|00
{@A-DIO|0|+6.919408E-01|B-E{@LIM2|+8.020000E-01|+6.000000E-01}}
{@A-DIO|0|+6.612285E-01|B-C{@LIM2|+8.040000E-01|+6.020000E-01}}
}
{@BLOCK|q2915|00
{@A-DIO|0|+7.367477E-01|B-E{@LIM2|+8.060000E-01|+6.030000E-01}}
{@A-DIO|0|+7.327020E-01|B-C{@LIM2|+8.060000E-01|+6.030000E-01}}
}
{@BLOCK|q2916|00
{@A-DIO|0|+7.425335E-01|B-E{@LIM2|+8.040000E-01|+6.020000E-01}}
{@A-DIO|0|+7.425770E-01|B-C{@LIM2|+8.030000E-01|+6.000000E-01}}
}
{@BLOCK|q2917|00
{@A-DIO|0|+7.381398E-01|B-E{@LIM2|+8.050000E-01|+6.030000E-01}}
{@A-DIO|0|+7.383573E-01|B-C{@LIM2|+8.040000E-01|+6.010000E-01}}
}
{@BLOCK|ed5704%ds|00
{@A-DIO|0|+5.878010E-01{@LIM2|+8.000000E-01|+4.000000E-01}}
}
{@BLOCK|ed5707%ds|00
{@A-DIO|0|+5.953039E-01{@LIM2|+8.000000E-01|+4.000000E-01}}
}
{@BLOCK|ed5803%ds|00
{@A-DIO|0|+5.971092E-01{@LIM2|+8.000000E-01|+4.000000E-01}}
}
{@BLOCK|ed5805%ds|00
{@A-DIO|0|+7.110622E-01{@LIM2|+9.000000E-01|+4.000000E-01}}
}
{@BLOCK|ed6314|00
{@A-ZEN|0|+3.213079E+00{@LIM3|+3.300000E+00|+3.517140E+00|+3.162390E+00}}
}
{@BLOCK|ed3704%cr2|00
{@A-DIO|0|+6.879345E-01{@LIM2|+9.000000E-01|+2.000000E-01}}
}
{@BLOCK|ed3705%cr1|00
{@A-DIO|0|+5.174932E-01{@LIM2|+8.000000E-01|+4.000000E-01}}
}
{@BLOCK|ed3708%cr1|00
{@A-DIO|0|+9.244506E-01{@LIM2|+1.200000E+00|+4.000000E-01}}
}
{@BLOCK|ed3708%cr2|00
{@A-DIO|0|+9.250462E-01{@LIM2|+1.200000E+00|+6.000000E-01}}
}
{@BLOCK|q2919|00
{@A-DIO|0|+7.365226E-01|B-E{@LIM2|+8.050000E-01|+6.030000E-01}}
{@A-DIO|0|+7.332040E-01|B-C{@LIM2|+8.060000E-01|+6.030000E-01}}
}
{@BLOCK|capacitor_power_check|00
{@A-MEA|0|+1.204865E+00|tc9407_voltage{@LIM2|+5.500000E+00|+5.000000E-01}}
{@A-MEA|0|+2.378531E+00|tc9301_voltage{@LIM2|+5.500000E+00|+5.000000E-01}}
{@A-MEA|0|+2.233059E-01|tc9407_polarity{@LIM2|+2.000000E+00|-2.000000E+00}}
{@A-MEA|0|+3.458518E-01|tc9301_polarity{@LIM2|+2.000000E+00|-2.000000E+00}}
{@A-MEA|0|+5.574138E-01|tc9403_polarity{@LIM2|+2.000000E+00|-2.000000E+00}}
{@A-MEA|0|+4.989492E+00|tc9408_voltage{@LIM2|+5.500000E+00|+4.500000E+00}}
{@A-MEA|0|+6.503444E-01|tc9408_polarity{@LIM2|+2.000000E+00|-2.000000E+00}}
{@A-MEA|0|+5.186076E-01|tc9405_polarity{@LIM2|+2.000000E+00|-2.000000E+00}}
{@A-MEA|0|+6.295797E-01|tc3302_polarity{@LIM2|+2.000000E+00|-2.000000E+00}}
{@A-MEA|0|+4.710359E+00|tc2602_voltage{@LIM2|+5.500000E+00|+3.500000E+00}}
{@A-MEA|0|+6.043897E-01|tc2602_polarity{@LIM2|+2.000000E+00|-2.000000E+00}}
{@A-MEA|0|+4.806133E+00|tc9403_voltage{@LIM2|+5.500000E+00|+4.500000E+00}}
{@A-MEA|0|+3.298691E+00|tc9405_voltage{@LIM2|+4.000000E+00|+2.500000E+00}}
{@A-MEA|0|+4.997543E+00|tc3302_voltage{@LIM2|+5.500000E+00|+4.500000E+00}}
{@A-MEA|0|+4.741227E+00|tc2601_voltage{@LIM2|+5.500000E+00|+4.500000E+00}}
}
{@BLOCK|power_nodes|00
{@A-MEA|0|+1.200276E+01|+12V_CPU_ATX{@LIM2|+1.310000E+01|+8.900000E+00}}
{@A-MEA|0|+3.299039E+00|+3D3V_BAT_PWR{@LIM2|+4.000000E+00|+2.500000E+00}}
{@A-MEA|0|+3.376140E+00|+3D3V_DSW{@LIM2|+4.000000E+00|+2.500000E+00}}
{@A-MEA|0|+1.839769E+00|+PWR_1P8V_PCH{@LIM2|+2.500000E+00|+1.000000E+00}}
{@A-MEA|0|+8.763730E-01|+0D77V_VNNAON_S5{@LIM2|+1.500000E+00|+3.000000E-01}}
{@A-MEA|0|+1.200833E+01|+12V_MAIN_ATX{@LIM2|+1.310000E+01|+8.900000E+00}}
{@A-MEA|0|+5.119175E+00|+5V_S5{@LIM2|+6.000000E+00|+4.000000E+00}}
{@A-MEA|0|+1.281348E+00|+1D25V_VCCPRIM_IO_S5{@LIM2|+1.800000E+00|+8.000000E-01}}
}
{@D-T|0|384||0|u3905
}
{@D-T|0|384||0|u6101
}
{@D-T|0|384||0|u9406
}
{@BLOCK|pu4701|00
{@A-MEA|0|+5.119523E+00|pino3{@LIM2|+6.000000E+00|+1.000000E-01}}
{@A-MEA|0|+1.200137E+01|pino8{@LIM2|+1.350000E+01|+1.050000E+01}}
}
{@BLOCK|pu4702|00
{@A-MEA|0|+2.018324E-01|pino3{@LIM2|+6.000000E+00|+1.000000E-01}}
{@A-MEA|0|+1.199998E+01|pino8{@LIM2|+1.350000E+01|+1.050000E+01}}
}
{@BLOCK|pu4703|00
{@A-MEA|0|+5.050441E+00|pino3{@LIM2|+6.000000E+00|+1.000000E-01}}
{@A-MEA|0|+1.199998E+01|pino8{@LIM2|+1.350000E+01|+1.050000E+01}}
}
{@BLOCK|pu4704|00
{@A-MEA|0|+5.118479E+00|pino3{@LIM2|+6.000000E+00|+1.000000E-01}}
{@A-MEA|0|+1.199998E+01|pino8{@LIM2|+1.350000E+01|+1.050000E+01}}
}
{@BLOCK|pu4705|00
{@A-MEA|0|+5.119523E+00|pino3{@LIM2|+6.000000E+00|+1.000000E-01}}
{@A-MEA|0|+1.200137E+01|pino8{@LIM2|+1.350000E+01|+1.050000E+01}}
}
{@BLOCK|pu4707|00
{@A-MEA|0|+6.650956E+00|pino3{@LIM2|+7.500000E+00|+1.000000E-01}}
{@A-MEA|0|+1.199998E+01|pino8{@LIM2|+1.350000E+01|+1.050000E+01}}
}
{@BLOCK|pu5001|00
{@A-MEA|0|+1.199998E+01|pino8{@LIM2|+1.350000E+01|+1.050000E+01}}
{@A-MEA|0|+3.558823E+00|pino24{@LIM2|+6.000000E+00|+5.000000E-01}}
}
{@BLOCK|pu5101|00
{@A-MEA|0|+1.200694E+01|pino2{@LIM2|+1.350000E+01|+1.050000E+01}}
{@A-MEA|0|+6.960366E-04|pino7{@LIM2|+4.000000E+00|-1.000000E+00}}
{@A-MEA|0|+9.692309E-02|pino10{@LIM2|+4.000000E+00|-1.000000E+00}}
{@A-MEA|0|+3.375119E+00|pino12{@LIM2|+4.000000E+00|+2.500000E+00}}
{@A-MEA|0|+8.133110E-01|pino15{@LIM2|+1.500000E+00|+5.000000E-01}}
}
{@BLOCK|pu5201|00
{@A-MEA|0|+3.376473E+00|pino1{@LIM2|+4.000000E+00|+2.500000E+00}}
{@A-MEA|0|+5.117783E+00|pino7{@LIM2|+6.000000E+00|+4.000000E+00}}
{@A-MEA|0|+8.178787E-01|pino8{@LIM2|+1.800000E+00|+5.000000E-01}}
}
{@BLOCK|pu5203|00
{@A-MEA|0|+1.199998E+01|pino11{@LIM2|+1.400000E+01|+1.050000E+01}}
{@A-MEA|0|+5.119001E+00|pino32{@LIM2|+6.000000E+00|-1.000000E+00}}
}
{@BLOCK|pu5302|00
{@A-MEA|0|+1.200694E+01|pino2{@LIM2|+1.450000E+01|+1.050000E+01}}
{@A-MEA|0|+5.922556E+00|pino7{@LIM2|+6.500000E+00|+2.500000E+00}}
{@A-MEA|0|+3.374733E+00|pino12{@LIM2|+4.000000E+00|-1.000000E+00}}
{@A-MEA|0|+1.843124E+00|pino15{@LIM2|+2.500000E+00|+1.000000E+00}}
}
{@BLOCK|pu5303|00
{@A-MEA|0|+1.199998E+01|pino1{@LIM2|+1.400000E+01|+1.050000E+01}}
{@A-MEA|0|+3.375951E+00|pino3{@LIM2|+4.000000E+00|-1.000000E+00}}
{@A-MEA|0|+1.280826E+00|pino9{@LIM2|+1.800000E+00|+5.000000E-01}}
}
{@BLOCK|pu5402|00
{@A-MEA|0|+1.204567E+00|pino3{@LIM2|+1.800000E+00|+5.000000E-01}}
{@A-MEA|0|+3.375603E+00|pino5{@LIM2|+4.000000E+00|+2.500000E+00}}
{@A-MEA|0|+5.118827E+00|pino6{@LIM2|+6.000000E+00|+4.000000E+00}}
}
{@BLOCK|u1201|00
{@A-MEA|0|+2.349101E-03|pino2{@LIM2|+1.500000E+00|-1.000000E+00}}
{@A-MEA|0|+9.139744E-02|pino3{@LIM2|+1.500000E+00|-1.000000E+00}}
{@A-MEA|0|+9.883626E-02|pino4{@LIM2|+1.500000E+00|-1.000000E+00}}
{@A-MEA|0|+5.690099E-02|pino5{@LIM2|+4.000000E+00|-1.000000E+00}}
{@A-MEA|0|+4.767851E-02|pino6{@LIM2|+4.000000E+00|-1.000000E+00}}
{@A-MEA|0|+4.637344E-01|pino7{@LIM2|+4.000000E+00|-1.000000E+00}}
}
{@BLOCK|u2701|00
{@A-MEA|0|+1.840147E+00|pino9{@LIM2|+3.800000E+00|+1.000000E+00}}
{@A-MEA|0|+5.118479E+00|pino25{@LIM2|+6.000000E+00|+4.000000E+00}}
}
{@BLOCK|u2702|00
{@A-MEA|0|+4.247737E+00|pino1{@LIM2|+6.000000E+00|+5.000000E-01}}
{@A-MEA|0|+1.810064E+00|pino5{@LIM2|+2.500000E+00|+1.000000E+00}}
}
{@BLOCK|u3201|00
{@A-MEA|0|+5.119349E+00|pino1{@LIM2|+6.000000E+00|+4.000000E+00}}
{@A-MEA|0|+5.118479E+00|pino5{@LIM2|+6.000000E+00|+4.000000E+00}}
}
{@BLOCK|u3301|00
{@A-MEA|0|+5.119349E+00|pino1{@LIM2|+6.000000E+00|+4.000000E+00}}
{@A-MEA|0|+5.119175E+00|pino5{@LIM2|+6.000000E+00|+4.000000E+00}}
}
{@BLOCK|u3302|00
{@A-MEA|0|+5.119523E+00|pino1{@LIM2|+6.000000E+00|+4.000000E+00}}
{@A-MEA|0|+5.119697E+00|pino5{@LIM2|+6.000000E+00|+4.000000E+00}}
}
{@BLOCK|u3401|00
{@A-MEA|0|+5.118479E+00|pino1{@LIM2|+6.000000E+00|+4.000000E+00}}
{@A-MEA|0|+5.119175E+00|pino5{@LIM2|+6.000000E+00|+4.000000E+00}}
}
{@BLOCK|u3402|00
{@A-MEA|0|+5.119349E+00|pino5{@LIM2|+6.000000E+00|+4.000000E+00}}
}
{@BLOCK|u3702|00
{@A-MEA|0|+5.117087E+00|pino1{@LIM2|+6.000000E+00|+4.000000E+00}}
{@A-MEA|0|+5.119697E+00|pino5{@LIM2|+6.000000E+00|+4.000000E+00}}
}
{@BLOCK|u3703|00
{@A-MEA|0|+5.117783E+00|pino1{@LIM2|+6.000000E+00|+4.000000E+00}}
{@A-MEA|0|+5.119871E+00|pino5{@LIM2|+6.000000E+00|+4.000000E+00}}
}
{@BLOCK|u3904|00
{@A-MEA|0|+3.377344E+00|pino1{@LIM2|+4.000000E+00|+2.500000E+00}}
{@A-MEA|0|+3.376821E+00|pino5{@LIM2|+4.000000E+00|+2.500000E+00}}
}
{@BLOCK|u4001|00
{@A-MEA|0|+1.838774E+00|pino1{@LIM2|+2.500000E+00|+1.000000E+00}}
{@A-MEA|0|+1.003588E+00|pino5{@LIM2|+1.800000E+00|+5.000000E-01}}
}
{@BLOCK|u5702|00
{@A-MEA|0|+4.936639E+00|pino1{@LIM2|+6.000000E+00|+4.000000E+00}}
{@A-MEA|0|+4.942208E+00|pino5{@LIM2|+6.000000E+00|+4.000000E+00}}
}
{@BLOCK|u5703|00
{@A-MEA|0|+3.374733E+00|pino1{@LIM2|+4.000000E+00|+2.500000E+00}}
{@A-MEA|0|+3.374559E+00|pino5{@LIM2|+4.000000E+00|+2.500000E+00}}
}
{@BLOCK|u5705|00
{@A-MEA|0|+3.375603E+00|pino1{@LIM2|+4.000000E+00|+2.500000E+00}}
{@A-MEA|0|+3.375429E+00|pino5{@LIM2|+4.000000E+00|+2.500000E+00}}
}
{@BLOCK|u5801|00
{@A-MEA|0|+3.375255E+00|pino1{@LIM2|+4.000000E+00|+2.500000E+00}}
{@A-MEA|0|+9.031075E-01|pino5{@LIM2|+4.000000E+00|+5.000000E-01}}
}
{@BLOCK|u7303|00
{@A-MEA|0|+5.119349E+00|pino1{@LIM2|+6.000000E+00|+4.000000E+00}}
{@A-MEA|0|+5.119175E+00|pino5{@LIM2|+6.000000E+00|+4.000000E+00}}
{@A-MEA|0|+5.117783E+00|pino11{@LIM2|+6.000000E+00|+4.000000E+00}}
}
{@BLOCK|u9001|00
{@A-MEA|0|+5.118653E+00|pino1{@LIM2|+6.000000E+00|+4.000000E+00}}
{@A-MEA|0|+5.119697E+00|pino5{@LIM2|+6.000000E+00|+4.000000E+00}}
}
{@BLOCK|u9401|00
{@A-MEA|0|+2.088110E-03|pino1{@LIM2|+4.000000E+00|-1.000000E+00}}
{@A-MEA|0|+3.375429E+00|pino5{@LIM2|+4.000000E+00|+2.500000E+00}}
}
{@BLOCK|u4004|00
{@A-MEA|0|+3.376821E+00|pino1{@LIM2|+4.000000E+00|+5.000000E-01}}
{@A-MEA|0|+5.118479E+00|pino4{@LIM2|+6.000000E+00|+4.000000E+00}}
{@A-MEA|0|+3.375429E+00|pino13{@LIM2|+4.000000E+00|+5.000000E-01}}
}
{@BLOCK|u4005|00
{@A-MEA|0|+5.119001E+00|pino1{@LIM2|+6.000000E+00|+5.000000E-01}}
{@A-MEA|0|+5.119001E+00|pino4{@LIM2|+6.000000E+00|+5.000000E-01}}
}
{@BLOCK|u4006|00
{@A-MEA|0|+5.119523E+00|pino1{@LIM2|+6.000000E+00|+4.000000E+00}}
{@A-MEA|0|+5.119523E+00|pino4{@LIM2|+6.000000E+00|+4.000000E+00}}
{@A-MEA|0|+5.115173E+00|pino13{@LIM2|+6.000000E+00|+4.000000E+00}}
}
{@BLOCK|u4007|00
{@A-MEA|0|+3.377170E+00|pino1{@LIM2|+4.000000E+00|+2.500000E+00}}
{@A-MEA|0|+5.119349E+00|pino4{@LIM2|+6.000000E+00|+4.000000E+00}}
{@A-MEA|0|+3.375777E+00|pino13{@LIM2|+4.000000E+00|+2.500000E+00}}
}
{@BLOCK|u4008|00
{@A-MEA|0|+3.376821E+00|pino1{@LIM2|+4.000000E+00|+2.500000E+00}}
{@A-MEA|0|+5.119349E+00|pino4{@LIM2|+6.000000E+00|+3.000000E+00}}
{@A-MEA|0|+3.377170E+00|pino13{@LIM2|+4.000000E+00|+2.500000E+00}}
}
{@BLOCK|pu4801|00
{@A-MEA|0|+1.199998E+01|pino7{@LIM2|+1.400000E+01|+1.050000E+01}}
{@A-MEA|0|+1.199859E+01|pino11{@LIM2|+1.400000E+01|+1.050000E+01}}
{@A-MEA|0|+5.119175E+00|pino32{@LIM2|+6.000000E+00|+4.000000E+00}}
{@A-MEA|0|+1.576001E+00|pino47{@LIM2|+6.000000E+00|+5.000000E-01}}
}
{@BLOCK|pu5301|00
{@A-MEA|0|+3.376647E+00|pino2{@LIM2|+4.000000E+00|+2.500000E+00}}
{@A-MEA|0|+5.118653E+00|pino3{@LIM2|+6.000000E+00|+4.000000E+00}}
{@A-MEA|0|+1.849823E+00|pino6{@LIM2|+2.500000E+00|+1.000000E+00}}
}
{@BLOCK|pu4501|00
{@A-MEA|0|+3.308958E+00|pino3{@LIM2|+4.000000E+00|+2.500000E+00}}
}
{@BLOCK|pu4801|00
{@A-MEA|0|+1.489128E-03|pino18{@LIM2|+1.800000E+00|-1.000000E+00}}
}
{@BLOCK|pu4501|00
{@A-MEA|0|+3.757902E+00|pino7{@LIM2|+4.000000E+00|+1.000000E-01}}
{@A-MEA|0|+3.453212E+00|pino8{@LIM2|+4.000000E+00|+2.500000E+00}}
{@A-MEA|0|+1.200694E+01|pino12{@LIM2|+1.400000E+01|+1.050000E+01}}
{@A-MEA|0|+5.118653E+00|pino13{@LIM2|+6.000000E+00|+4.000000E+00}}
{@A-MEA|0|+5.119001E+00|pino18{@LIM2|+6.000000E+00|+4.000000E+00}}
}
{@BLOCK|pu4706|00
{@A-MEA|0|+3.966016E+00|pino3{@LIM2|+6.000000E+00|+1.000000E-01}}
{@A-MEA|0|+1.199998E+01|pino8{@LIM2|+1.350000E+01|+1.050000E+01}}
}
}}