{@BATCH|t14_gen6_intel||4086|1||btest|140101041625~16|ICT0263\engineer|ICT0263|C:/Agilent_ICT/boards/t14_gen6_lnl_intel|RevA|sb21v35591_ult5||sb21v35591_ult5
{@BTEST|6683001745|00|140101063528|000024|0|all||n||140101063552||1
{@BLOCK|f45002|00
{@A-FUS|0|+2.767073E+00{@LIM2|+1.600000E+01|+0.000000E+00}}
}
{@BLOCK|f46001|00
{@A-FUS|0|+2.539642E+00{@LIM2|+1.600000E+01|+0.000000E+00}}
}
{@BLOCK|f46002|00
{@A-FUS|0|+3.072153E+00{@LIM2|+1.600000E+01|+0.000000E+00}}
}
{@BLOCK|f46003|00
{@A-FUS|0|+2.582602E+00{@LIM2|+1.600000E+01|+0.000000E+00}}
}
{@BLOCK|f47001|00
{@A-FUS|0|+2.950404E+00{@LIM2|+1.600000E+01|+0.000000E+00}}
}
{@BLOCK|f51001|00
{@A-FUS|0|+3.146384E+00{@LIM2|+1.600000E+01|+0.000000E+00}}
}
{@BLOCK|f51002|00
{@A-FUS|0|+2.861643E+00{@LIM2|+1.600000E+01|+0.000000E+00}}
}
{@BLOCK|f51003|00
{@A-FUS|0|+2.818715E+00{@LIM2|+1.600000E+01|+0.000000E+00}}
}
{@BLOCK|f68004|00
{@A-FUS|0|+2.729411E+00{@LIM2|+1.600000E+01|+0.000000E+00}}
}
{@BLOCK|f68005|00
{@A-FUS|0|+3.034549E+00{@LIM2|+1.600000E+01|+0.000000E+00}}
}
{@BLOCK|f93001|00
{@A-FUS|0|+2.788413E+00{@LIM2|+1.600000E+01|+0.000000E+00}}
}
{@BLOCK|f94001|00
{@A-FUS|0|+2.356165E+00{@LIM2|+1.600000E+01|+0.000000E+00}}
}
{@BLOCK|f94002|00
{@A-FUS|0|+2.759075E+00{@LIM2|+1.600000E+01|+0.000000E+00}}
}
{@BLOCK|f94003|00
{@A-FUS|0|+3.024165E+00{@LIM2|+1.600000E+01|+0.000000E+00}}
}
{@BLOCK|f94004|00
{@A-FUS|0|+2.653240E+00{@LIM2|+1.600000E+01|+0.000000E+00}}
}
{@BLOCK|f95003|00
{@A-FUS|0|+3.272041E+00{@LIM2|+1.600000E+01|+0.000000E+00}}
}
{@BLOCK|pf0001|00
{@A-FUS|0|+4.072608E+00{@LIM2|+2.500000E+01|+0.000000E+00}}
}
{@BLOCK|pf0002|00
{@A-FUS|0|+2.931376E+00{@LIM2|+1.600000E+01|+0.000000E+00}}
}
{@BLOCK|f49001|00
{@A-FUS|0|+2.642920E+00{@LIM2|+1.600000E+01|+0.000000E+00}}
}
{@BLOCK|f68001|00
{@A-FUS|0|+2.516089E+00{@LIM2|+1.600000E+01|+0.000000E+00}}
}
{@BLOCK|f68002|00
{@A-FUS|0|+2.614781E+00{@LIM2|+1.600000E+01|+0.000000E+00}}
}
{@BLOCK|f68003|00
{@A-FUS|0|+2.558861E+00{@LIM2|+1.600000E+01|+0.000000E+00}}
}
{@BLOCK|f95001|00
{@A-FUS|0|+2.372313E+00{@LIM2|+1.600000E+01|+0.000000E+00}}
}
{@BLOCK|f95002|00
{@A-FUS|0|+2.414539E+00{@LIM2|+1.600000E+01|+0.000000E+00}}
}
{@BLOCK|f95004|00
{@A-FUS|0|+2.552702E+00{@LIM2|+1.600000E+01|+0.000000E+00}}
}
{@BLOCK|l49001|00
{@A-JUM|0|+4.117171E+00{@LIM2|+1.500000E+01|+0.000000E+00}}
}
{@BLOCK|pf0101|00
{@A-FUS|0|+2.627821E+00{@LIM2|+1.600000E+01|+0.000000E+00}}
}
{@BLOCK|l15001|00
{@A-JUM|0|+2.791675E+00{@LIM2|+1.500000E+01|+0.000000E+00}}
}
{@BLOCK|l55001|00
{@A-JUM|0|+5.135240E+00{@LIM2|+1.500000E+01|+0.000000E+00}}
}
{@BLOCK|l57001|00
{@A-JUM|0|+3.128850E+00{@LIM2|+1.500000E+01|+0.000000E+00}}
}
{@BLOCK|l63001%jp1|00
{@A-JUM|0|+4.312117E+00{@LIM2|+1.500000E+01|+0.000000E+00}}
}
{@BLOCK|l63001%jp2|00
{@A-JUM|0|+4.119318E+00{@LIM2|+1.500000E+01|+0.000000E+00}}
}
{@BLOCK|l76001|00
{@A-JUM|0|+3.208252E+00{@LIM2|+1.500000E+01|+0.000000E+00}}
}
{@BLOCK|l86001|00
{@A-JUM|0|+2.483684E+00{@LIM2|+1.500000E+01|+0.000000E+00}}
}
{@BLOCK|l86002|00
{@A-JUM|0|+2.635948E+00{@LIM2|+1.500000E+01|+0.000000E+00}}
}
{@BLOCK|l86003|00
{@A-JUM|0|+4.424452E+00{@LIM2|+1.500000E+01|+0.000000E+00}}
}
{@BLOCK|l95001%jp2|00
{@A-JUM|0|+4.007587E+00{@LIM2|+1.500000E+01|+0.000000E+00}}
}
{@BLOCK|pj0301|00
{@A-JUM|0|+2.992685E+00{@LIM2|+1.500000E+01|+0.000000E+00}}
}
{@BLOCK|pj0401|00
{@A-JUM|0|+3.256968E+00{@LIM2|+1.500000E+01|+0.000000E+00}}
}
{@BLOCK|pj0701|00
{@A-JUM|0|+3.236647E+00{@LIM2|+1.500000E+01|+0.000000E+00}}
}
{@BLOCK|pj0801|00
{@A-JUM|0|+2.533522E+00{@LIM2|+1.500000E+01|+0.000000E+00}}
}
{@BLOCK|pl0202|00
{@A-JUM|0|+2.988843E+00{@LIM2|+1.500000E+01|+0.000000E+00}}
}
{@BLOCK|pl0301|00
{@A-JUM|0|+2.863487E+00{@LIM2|+1.500000E+01|+0.000000E+00}}
}
{@BLOCK|pl0401|00
{@A-JUM|0|+3.211707E+00{@LIM2|+1.500000E+01|+0.000000E+00}}
}
{@BLOCK|pl0701|00
{@A-JUM|0|+3.189491E+00{@LIM2|+1.500000E+01|+0.000000E+00}}
}
{@BLOCK|pl0901|00
{@A-JUM|0|+3.399413E+00{@LIM2|+1.500000E+01|+0.000000E+00}}
}
{@BLOCK|pl1301|00
{@A-JUM|0|+2.672255E+00{@LIM2|+1.500000E+01|+0.000000E+00}}
}
{@BLOCK|pl1306|00
{@A-JUM|0|+2.669863E+00{@LIM2|+2.500000E+01|+0.000000E+00}}
}
{@BLOCK|pr0001|00
{@A-JUM|0|+2.647647E+00{@LIM2|+1.500000E+01|+0.000000E+00}}
}
{@BLOCK|pr0219|00
{@A-JUM|0|+2.880642E+00{@LIM2|+1.500000E+01|+0.000000E+00}}
}
{@BLOCK|pr0310|00
{@A-JUM|0|+3.190984E+00{@LIM2|+1.500000E+01|+0.000000E+00}}
}
{@BLOCK|pr0412|00
{@A-JUM|0|+3.125060E+00{@LIM2|+1.500000E+01|+0.000000E+00}}
}
{@BLOCK|pr0506|00
{@A-JUM|0|+2.886217E+00{@LIM2|+1.500000E+01|+0.000000E+00}}
}
{@BLOCK|pr0707|00
{@A-JUM|0|+3.082869E+00{@LIM2|+1.500000E+01|+0.000000E+00}}
}
{@BLOCK|pr0921|00
{@A-JUM|0|+3.053089E+00{@LIM2|+1.500000E+01|+0.000000E+00}}
}
{@BLOCK|pr0922|00
{@A-JUM|0|+3.153661E+00{@LIM2|+1.500000E+01|+0.000000E+00}}
}
{@BLOCK|pr1011|00
{@A-JUM|0|+4.271974E+00{@LIM2|+1.500000E+01|+0.000000E+00}}
}
{@BLOCK|pr1012|00
{@A-JUM|0|+4.363170E+00{@LIM2|+1.500000E+01|+0.000000E+00}}
}
{@BLOCK|pr1017|00
{@A-JUM|0|+2.830081E+00{@LIM2|+1.500000E+01|+0.000000E+00}}
}
{@BLOCK|pr1110|00
{@A-JUM|0|+3.230950E+00{@LIM2|+1.500000E+01|+0.000000E+00}}
}
{@BLOCK|pr1111|00
{@A-JUM|0|+3.408761E+00{@LIM2|+1.500000E+01|+0.000000E+00}}
}
{@BLOCK|pr1116|00
{@A-JUM|0|+2.759075E+00{@LIM2|+1.500000E+01|+0.000000E+00}}
}
{@BLOCK|pr1210|00
{@A-JUM|0|+4.609935E+00{@LIM2|+1.500000E+01|+0.000000E+00}}
}
{@BLOCK|pr1211|00
{@A-JUM|0|+4.440921E+00{@LIM2|+1.500000E+01|+0.000000E+00}}
}
{@BLOCK|pr1216|00
{@A-JUM|0|+2.801836E+00{@LIM2|+1.500000E+01|+0.000000E+00}}
}
{@BLOCK|pr1309|00
{@A-JUM|0|+4.427120E+00{@LIM2|+1.500000E+01|+0.000000E+00}}
}
{@BLOCK|pr1310|00
{@A-JUM|0|+4.594624E+00{@LIM2|+1.500000E+01|+0.000000E+00}}
}
{@BLOCK|pr1316|00
{@A-JUM|0|+2.775118E+00{@LIM2|+1.500000E+01|+0.000000E+00}}
}
{@BLOCK|pr1615|00
{@A-JUM|0|+2.652945E+00{@LIM2|+1.500000E+01|+0.000000E+00}}
}
{@BLOCK|pr1618|00
{@A-JUM|0|+2.523608E+00{@LIM2|+1.500000E+01|+0.000000E+00}}
}
{@BLOCK|pr1620|00
{@A-JUM|0|+3.836980E+00{@LIM2|+1.500000E+01|+0.000000E+00}}
}
{@BLOCK|pr1626|00
{@A-JUM|0|+4.462097E+00{@LIM2|+1.500000E+01|+0.000000E+00}}
}
{@BLOCK|pr1634|00
{@A-JUM|0|+3.306156E+00{@LIM2|+1.500000E+01|+0.000000E+00}}
}
{@BLOCK|pr1641|00
{@A-JUM|0|+3.514830E+00{@LIM2|+1.500000E+01|+0.000000E+00}}
}
{@BLOCK|l93001%jp1|00
{@A-JUM|0|+3.511081E+00{@LIM2|+1.700000E+01|+0.000000E+00}}
}
{@BLOCK|l93001%jp2|00
{@A-JUM|0|+3.619189E+00{@LIM2|+1.500000E+01|+0.000000E+00}}
}
{@BLOCK|pr0229|00
{@A-JUM|0|+2.126282E+00{@LIM2|+1.500000E+01|+0.000000E+00}}
}
{@BLOCK|pr1612|00
{@A-JUM|0|+3.326965E+00{@LIM2|+2.500000E+01|+0.000000E+00}}
}
{@BLOCK|pr2002|00
{@A-JUM|0|+2.072086E+00{@LIM2|+1.500000E+01|+0.000000E+00}}
}
{@BLOCK|pr2004|00
{@A-JUM|0|+2.276041E+00{@LIM2|+1.500000E+01|+0.000000E+00}}
}
{@BLOCK|pr2009|00
{@A-JUM|0|+3.641217E+00{@LIM2|+1.500000E+01|+0.000000E+00}}
}
{@BLOCK|pr2011|00
{@A-JUM|0|+2.232698E+00{@LIM2|+1.500000E+01|+0.000000E+00}}
}
{@BLOCK|pr1643|00
{@A-JUM|0|+3.527820E+00{@LIM2|+2.500000E+01|+0.000000E+00}}
}
{@BLOCK|pr2301|00
{@A-JUM|0|+2.885823E+00{@LIM2|+1.500000E+01|+0.000000E+00}}
}
{@BLOCK|pr2302|00
{@A-JUM|0|+2.970796E+00{@LIM2|+1.500000E+01|+0.000000E+00}}
}
{@BLOCK|pr2303|00
{@A-JUM|0|+2.600331E+00{@LIM2|+1.500000E+01|+0.000000E+00}}
}
{@BLOCK|r06018|00
{@A-JUM|0|+4.780802E+00{@LIM2|+1.500000E+01|+0.000000E+00}}
}
{@BLOCK|r06019|00
{@A-JUM|0|+4.901592E+00{@LIM2|+1.500000E+01|+0.000000E+00}}
}
{@BLOCK|r08003|00
{@A-JUM|0|+2.824052E+00{@LIM2|+1.500000E+01|+0.000000E+00}}
}
{@BLOCK|r08005|00
{@A-JUM|0|+2.831088E+00{@LIM2|+1.500000E+01|+0.000000E+00}}
}
{@BLOCK|r08006|00
{@A-JUM|0|+2.877516E+00{@LIM2|+1.500000E+01|+0.000000E+00}}
}
{@BLOCK|r12018|00
{@A-JUM|0|+3.305812E+00{@LIM2|+1.500000E+01|+0.000000E+00}}
}
{@BLOCK|r15009|00
{@A-JUM|0|+2.721008E+00{@LIM2|+1.500000E+01|+0.000000E+00}}
}
{@BLOCK|r22103|00
{@A-JUM|0|+2.988937E+00{@LIM2|+1.500000E+01|+0.000000E+00}}
}
{@BLOCK|r22104|00
{@A-JUM|0|+3.039574E+00{@LIM2|+1.500000E+01|+0.000000E+00}}
}
{@BLOCK|r22105|00
{@A-JUM|0|+2.881338E+00{@LIM2|+1.500000E+01|+0.000000E+00}}
}
{@BLOCK|r22106|00
{@A-JUM|0|+3.021963E+00{@LIM2|+1.500000E+01|+0.000000E+00}}
}
{@BLOCK|r22107|00
{@A-JUM|0|+2.948945E+00{@LIM2|+1.500000E+01|+0.000000E+00}}
}
{@BLOCK|r22108|00
{@A-JUM|0|+2.500864E+00{@LIM2|+1.500000E+01|+0.000000E+00}}
}
{@BLOCK|r22109|00
{@A-JUM|0|+2.601182E+00{@LIM2|+1.500000E+01|+0.000000E+00}}
}
{@BLOCK|r22110|00
{@A-JUM|0|+2.974129E+00{@LIM2|+1.500000E+01|+0.000000E+00}}
}
{@BLOCK|r22208|00
{@A-JUM|0|+5.483982E+00{@LIM2|+1.500000E+01|+0.000000E+00}}
}
{@BLOCK|r22209|00
{@A-JUM|0|+5.415837E+00{@LIM2|+1.200000E+02|+0.000000E+00}}
}
{@BLOCK|r22210|00
{@A-JUM|0|+5.296233E+00{@LIM2|+1.500000E+01|+0.000000E+00}}
}
{@BLOCK|r22211|00
{@A-JUM|0|+5.516310E+00{@LIM2|+1.500000E+01|+0.000000E+00}}
}
{@BLOCK|r22212|00
{@A-JUM|0|+5.501684E+00{@LIM2|+1.500000E+01|+0.000000E+00}}
}
{@BLOCK|r22213|00
{@A-JUM|0|+4.772190E+04{@LIM2|+9.999999E+99|+1.500000E+01}}
}
{@BLOCK|r41013|00
{@A-JUM|0|+2.939682E+00{@LIM2|+1.500000E+01|+0.000000E+00}}
}
{@BLOCK|r41032|00
{@A-JUM|0|+2.353145E+00{@LIM2|+1.500000E+01|+0.000000E+00}}
}
{@BLOCK|r44007|00
{@A-JUM|0|+3.244899E+00{@LIM2|+1.500000E+01|+0.000000E+00}}
}
{@BLOCK|r44015|00
{@A-JUM|0|+2.455066E+00{@LIM2|+1.500000E+01|+0.000000E+00}}
}
{@BLOCK|r44020|00
{@A-JUM|0|+4.993393E+00{@LIM2|+1.500000E+01|+0.000000E+00}}
}
{@BLOCK|r44021|00
{@A-JUM|0|+4.825272E+00{@LIM2|+1.500000E+01|+0.000000E+00}}
}
{@BLOCK|r45002|00
{@A-JUM|0|+2.614863E+00{@LIM2|+1.500000E+01|+0.000000E+00}}
}
{@BLOCK|r45003|00
{@A-JUM|0|+2.361762E+00{@LIM2|+1.500000E+01|+0.000000E+00}}
}
{@BLOCK|r46002|00
{@A-JUM|0|+2.530566E+00{@LIM2|+1.500000E+01|+0.000000E+00}}
}
{@BLOCK|r46003|00
{@A-JUM|0|+2.480328E+00{@LIM2|+1.500000E+01|+0.000000E+00}}
}
{@BLOCK|r47001|00
{@A-JUM|0|+2.666284E+00{@LIM2|+1.500000E+01|+0.000000E+00}}
}
{@BLOCK|r48001|00
{@A-JUM|0|+3.640579E+00{@LIM2|+1.500000E+01|+0.000000E+00}}
}
{@BLOCK|r51102|00
{@A-JUM|0|+2.575355E+00{@LIM2|+1.500000E+01|+0.000000E+00}}
}
{@BLOCK|r51211|00
{@A-JUM|0|+2.728163E+00{@LIM2|+1.500000E+01|+0.000000E+00}}
}
{@BLOCK|r51217|00
{@A-JUM|0|+3.319262E+00{@LIM2|+1.500000E+01|+0.000000E+00}}
}
{@BLOCK|r51218|00
{@A-JUM|0|+4.772190E+04{@LIM2|+9.999999E+99|+1.500000E+01}}
}
{@BLOCK|r53001|00
{@A-JUM|0|+2.598632E+00{@LIM2|+1.500000E+01|+0.000000E+00}}
}
{@BLOCK|r53002|00
{@A-JUM|0|+2.631878E+00{@LIM2|+1.500000E+01|+0.000000E+00}}
}
{@BLOCK|r53003|00
{@A-JUM|0|+3.108775E+00{@LIM2|+1.500000E+01|+0.000000E+00}}
}
{@BLOCK|r54104|00
{@A-JUM|0|+3.915041E+00{@LIM2|+1.500000E+01|+0.000000E+00}}
}
{@BLOCK|r55002|00
{@A-JUM|0|+2.589046E+00{@LIM2|+1.500000E+01|+0.000000E+00}}
}
{@BLOCK|r55004|00
{@A-JUM|0|+2.578695E+00{@LIM2|+1.500000E+01|+0.000000E+00}}
}
{@BLOCK|r57002|00
{@A-JUM|0|+2.328575E+00{@LIM2|+1.500000E+01|+0.000000E+00}}
}
{@BLOCK|r12011|00
{@A-JUM|0|+2.407315E+00{@LIM2|+1.500000E+01|+0.000000E+00}}
}
{@BLOCK|r17001|00
{@A-JUM|0|+2.187483E+00{@LIM2|+1.500000E+01|+0.000000E+00}}
}
{@BLOCK|r41019|00
{@A-JUM|0|+3.704669E+00{@LIM2|+1.500000E+01|+0.000000E+00}}
}
{@BLOCK|r41025|00
{@A-JUM|0|+3.686087E+00{@LIM2|+1.500000E+01|+0.000000E+00}}
}
{@BLOCK|r42005|00
{@A-JUM|0|+2.273380E+00{@LIM2|+1.500000E+01|+0.000000E+00}}
}
{@BLOCK|r46001|00
{@A-JUM|0|+2.222278E+00{@LIM2|+1.500000E+01|+0.000000E+00}}
}
{@BLOCK|r59002|00
{@A-JUM|0|+2.246672E+00{@LIM2|+1.500000E+01|+0.000000E+00}}
}
{@BLOCK|r59007|00
{@A-JUM|0|+2.369422E+00{@LIM2|+1.500000E+01|+0.000000E+00}}
}
{@BLOCK|r58002|00
{@A-JUM|0|+2.846283E+00{@LIM2|+1.500000E+01|+0.000000E+00}}
}
{@BLOCK|r59003|00
{@A-JUM|0|+2.460128E+00{@LIM2|+1.500000E+01|+0.000000E+00}}
}
{@BLOCK|r59010|00
{@A-JUM|0|+2.443252E+00{@LIM2|+1.500000E+01|+0.000000E+00}}
}
{@BLOCK|r59011|00
{@A-JUM|0|+2.569532E+00{@LIM2|+1.500000E+01|+0.000000E+00}}
}
{@BLOCK|r59017|00
{@A-JUM|0|+3.208252E+00{@LIM2|+1.500000E+01|+0.000000E+00}}
}
{@BLOCK|r61209|00
{@A-JUM|0|+2.316819E+00{@LIM2|+1.500000E+01|+0.000000E+00}}
}
{@BLOCK|r63101|00
{@A-JUM|0|+2.671657E+00{@LIM2|+1.500000E+01|+0.000000E+00}}
}
{@BLOCK|r63102|00
{@A-JUM|0|+2.595805E+00{@LIM2|+1.500000E+01|+0.000000E+00}}
}
{@BLOCK|r59008|00
{@A-JUM|0|+2.496436E+00{@LIM2|+1.500000E+01|+0.000000E+00}}
}
{@BLOCK|r59009|00
{@A-JUM|0|+2.477088E+00{@LIM2|+1.500000E+01|+0.000000E+00}}
}
{@BLOCK|r70117|00
{@A-JUM|0|+4.300038E+00{@LIM2|+1.500000E+01|+0.000000E+00}}
}
{@BLOCK|r72006|00
{@A-JUM|0|+3.807598E+00{@LIM2|+1.500000E+01|+0.000000E+00}}
}
{@BLOCK|r72007|00
{@A-JUM|0|+3.741202E+00{@LIM2|+1.500000E+01|+0.000000E+00}}
}
{@BLOCK|r74001|00
{@A-JUM|0|+2.389318E+00{@LIM2|+1.500000E+01|+0.000000E+00}}
}
{@BLOCK|r74103|00
{@A-JUM|0|+2.313734E+00{@LIM2|+1.500000E+01|+0.000000E+00}}
}
{@BLOCK|r74111|00
{@A-JUM|0|+2.392749E+00{@LIM2|+1.500000E+01|+0.000000E+00}}
}
{@BLOCK|r64223|00
{@A-JUM|0|+2.701601E+00{@LIM2|+1.500000E+01|+0.000000E+00}}
}
{@BLOCK|r70001|00
{@A-JUM|0|+2.673153E+00{@LIM2|+1.500000E+01|+0.000000E+00}}
}
{@BLOCK|r72001|00
{@A-JUM|0|+2.691242E+00{@LIM2|+1.500000E+01|+0.000000E+00}}
}
{@BLOCK|r74108|00
{@A-JUM|0|+2.712348E+00{@LIM2|+1.500000E+01|+0.000000E+00}}
}
{@BLOCK|r74112|00
{@A-JUM|0|+2.674352E+00{@LIM2|+1.500000E+01|+0.000000E+00}}
}
{@BLOCK|r76001|00
{@A-JUM|0|+2.816054E+00{@LIM2|+1.500000E+01|+0.000000E+00}}
}
{@BLOCK|r76101|00
{@A-JUM|0|+2.853431E+00{@LIM2|+1.500000E+01|+0.000000E+00}}
}
{@BLOCK|r83001|00
{@A-JUM|0|+2.690938E+00{@LIM2|+1.500000E+01|+0.000000E+00}}
}
{@BLOCK|r83002|00
{@A-JUM|0|+2.704050E+00{@LIM2|+1.500000E+01|+0.000000E+00}}
}
{@BLOCK|r83004|00
{@A-JUM|0|+2.603452E+00{@LIM2|+1.500000E+01|+0.000000E+00}}
}
{@BLOCK|r83105|00
{@A-JUM|0|+3.904471E+00{@LIM2|+1.500000E+01|+0.000000E+00}}
}
{@BLOCK|r83106|00
{@A-JUM|0|+2.443752E+00{@LIM2|+1.500000E+01|+0.000000E+00}}
}
{@BLOCK|r83110|00
{@A-JUM|0|+4.008261E+00{@LIM2|+1.500000E+01|+0.000000E+00}}
}
{@BLOCK|r85103|00
{@A-JUM|0|+2.373035E+00{@LIM2|+1.500000E+01|+0.000000E+00}}
}
{@BLOCK|r85104|00
{@A-JUM|0|+2.859928E+00{@LIM2|+1.500000E+01|+0.000000E+00}}
}
{@BLOCK|r85105|00
{@A-JUM|0|+2.502699E+00{@LIM2|+1.500000E+01|+0.000000E+00}}
}
{@BLOCK|r92005|00
{@A-JUM|0|+2.663011E+00{@LIM2|+1.500000E+01|+0.000000E+00}}
}
{@BLOCK|r92006|00
{@A-JUM|0|+2.692760E+00{@LIM2|+1.500000E+01|+0.000000E+00}}
}
{@BLOCK|r92007|00
{@A-JUM|0|+2.851340E+00{@LIM2|+1.500000E+01|+0.000000E+00}}
}
{@BLOCK|r92008|00
{@A-JUM|0|+2.603452E+00{@LIM2|+1.500000E+01|+0.000000E+00}}
}
{@BLOCK|r94001|00
{@A-JUM|0|+2.783859E+00{@LIM2|+1.500000E+01|+0.000000E+00}}
}
{@BLOCK|r94101|00
{@A-JUM|0|+2.680660E+00{@LIM2|+1.500000E+02|+0.000000E+00}}
}
{@BLOCK|r94102|00
{@A-JUM|0|+2.343669E+00{@LIM2|+1.050000E+02|+0.000000E+00}}
}
{@BLOCK|r95004|00
{@A-JUM|0|+2.659449E+00{@LIM2|+1.500000E+01|+0.000000E+00}}
}
{@BLOCK|r98001|00
{@A-JUM|0|+3.044325E+00{@LIM2|+1.500000E+01|+0.000000E+00}}
}
{@BLOCK|sw12001%jpa|00
{@A-JUM|0|+3.987497E+00{@LIM2|+1.500000E+01|+0.000000E+00}}
}
{@BLOCK|pr0417|00
{@A-JUM|0|+3.278018E+01{@LIM2|+9.999999E+99|+1.500000E+01}}
}
{@BLOCK|pr0505|00
{@A-JUM|0|+5.666192E+06{@LIM2|+9.999999E+99|+1.000000E+04}}
}
{@BLOCK|pr0924|00
{@A-JUM|0|+1.237502E+07{@LIM2|+9.999999E+99|+1.000000E+04}}
}
{@BLOCK|pr1004|00
{@A-JUM|0|+2.749855E+00{@LIM2|+1.500000E+01|+0.000000E+00}}
}
{@BLOCK|pr1642|00
{@A-JUM|0|-3.200630E+05{@LIM2|+9.999999E+99|+1.000000E+04}}
}
{@BLOCK|pr2201|00
{@A-JUM|0|+2.327401E+04{@LIM2|+9.999999E+99|+9.000000E+00}}
}
{@BLOCK|r74114|00
{@A-JUM|0|+2.264773E+00{@LIM2|+1.500000E+01|+0.000000E+00}}
}
{@BLOCK|r95001|00
{@A-JUM|0|+2.323180E+00{@LIM2|+1.500000E+01|+0.000000E+00}}
}
{@BLOCK|r95002|00
{@A-JUM|0|+2.288992E+00{@LIM2|+1.500000E+01|+0.000000E+00}}
}
{@BLOCK|pr2010|00
{@A-JUM|0|+8.755100E+04{@LIM2|+9.999999E+99|+9.360000E+03}}
}
{@BLOCK|pr2022|00
{@A-JUM|0|+5.918462E+05{@LIM2|+9.999999E+99|+1.000000E+04}}
}
{@BLOCK|r06020|00
{@A-JUM|0|-1.408722E+07{@LIM2|+9.999999E+99|+1.000000E+04}}
}
{@BLOCK|r06021|00
{@A-JUM|0|+2.517289E+00{@LIM2|+1.500000E+01|+0.000000E+00}}
}
{@BLOCK|r12004|00
{@A-JUM|0|+9.502430E+07{@LIM2|+9.999999E+99|+1.000000E+04}}
}
{@BLOCK|r06016|00
{@A-JUM|0|+3.033127E+07{@LIM2|+9.999999E+99|+1.000000E+04}}
}
{@BLOCK|r06017|00
{@A-JUM|0|+4.476586E+07{@LIM2|+9.999999E+99|+1.000000E+04}}
}
{@BLOCK|r07008|00
{@A-JUM|0|-9.045941E+06{@LIM2|+9.999999E+99|+1.000000E+04}}
}
{@BLOCK|r08004|00
{@A-JUM|0|+1.237502E+07{@LIM2|+9.999999E+99|+1.000000E+04}}
}
{@BLOCK|r19003|00
{@A-JUM|0|+2.902117E+00{@LIM2|+1.500000E+01|+0.000000E+00}}
}
{@BLOCK|r51101|00
{@A-JUM|0|+3.133109E+05{@LIM2|+9.999999E+99|+1.680000E+02}}
}
{@BLOCK|r55003|00
{@A-JUM|0|+1.161125E+07{@LIM2|+9.999999E+99|+1.000000E+04}}
}
{@BLOCK|r59001|00
{@A-JUM|0|+3.134694E+04{@LIM2|+9.999999E+99|+1.500000E+01}}
}
{@BLOCK|r41030|00
{@A-JUM|0|+3.099852E+07{@LIM2|+9.999999E+99|+1.000000E+04}}
}
{@BLOCK|r41031|00
{@A-JUM|0|+3.099852E+07{@LIM2|+9.999999E+99|+1.000000E+04}}
}
{@BLOCK|r49001|00
{@A-JUM|0|+9.502430E+07{@LIM2|+9.999999E+99|+6.680000E+03}}
}
{@BLOCK|r70118|00
{@A-JUM|0|+1.964780E+08{@LIM2|+9.999999E+99|+1.000000E+04}}
}
{@BLOCK|r70119|00
{@A-JUM|0|+6.266599E+07{@LIM2|+9.999999E+99|+1.000000E+04}}
}
{@BLOCK|r70120|00
{@A-JUM|0|+9.502430E+07{@LIM2|+9.999999E+99|+1.000000E+04}}
}
{@BLOCK|r70122|00
{@A-JUM|0|-4.528914E+07{@LIM2|+9.999999E+99|+1.710000E+02}}
}
{@BLOCK|r74109|00
{@A-JUM|0|+6.266599E+07{@LIM2|+9.999999E+99|+1.000000E+04}}
}
{@BLOCK|r70121|00
{@A-JUM|0|+2.044341E+07{@LIM2|+9.999999E+99|+1.000000E+04}}
}
{@BLOCK|r70123|00
{@A-JUM|0|+2.612011E+07{@LIM2|+9.999999E+99|+1.000000E+04}}
}
{@BLOCK|r74113|00
{@A-JUM|0|+1.093628E+07{@LIM2|+9.999999E+99|+1.000000E+04}}
}
{@BLOCK|r74115|00
{@A-JUM|0|+2.293515E+07{@LIM2|+9.999999E+99|+4.930000E+03}}
}
{@BLOCK|r74117|00
{@A-JUM|0|+4.924594E+06{@LIM2|+9.999999E+99|+1.000000E+04}}
}
{@BLOCK|r74118|00
{@A-JUM|0|-1.920222E+07{@LIM2|+9.999999E+99|+1.000000E+04}}
}
{@BLOCK|r74119|00
{@A-JUM|0|-7.905573E+06{@LIM2|+9.999999E+99|+1.000000E+04}}
}
{@BLOCK|r83101|00
{@A-JUM|0|+1.005695E+04{@LIM2|+9.999999E+99|+4.840000E+03}}
}
{@BLOCK|r94103|00
{@A-JUM|0|+3.616131E+07{@LIM2|+9.999999E+99|+1.000000E+04}}
}
{@BLOCK|jusb1_sp|00
{@A-JUM|0|+2.480475E+00{@LIM2|+4.920000E+02|+0.000000E+00}}
}
{@BLOCK|jusbc1_sp|00
{@A-JUM|0|+2.453610E+00{@LIM2|+4.920000E+02|+0.000000E+00}}
}
{@BLOCK|jusbc2_sp|00
{@A-JUM|0|+2.494764E+00{@LIM2|+4.920000E+02|+0.000000E+00}}
}
{@BLOCK|jhdmi1_sp|00
{@A-JUM|0|+2.385637E+00{@LIM2|+4.920000E+02|+0.000000E+00}}
}
{@BLOCK|jhp1_sp|00
{@A-JUM|0|+2.410434E+00{@LIM2|+4.920000E+02|+0.000000E+00}}
}
{@BLOCK|jrtc1_sp|00
{@A-JUM|0|+2.823922E+00{@LIM2|+4.920000E+02|+0.000000E+00}}
}
{@BLOCK|jbatt1_sp|00
{@A-JUM|0|+2.637532E+00{@LIM2|+4.920000E+02|+0.000000E+00}}
}
{@BLOCK|r74110|00
{@A-JUM|0|+1.851951E+07{@LIM2|+9.999999E+99|+5.650000E+03}}
}
{@BLOCK|r76218|00
{@A-JUM|0|-6.121291E+06{@LIM2|+9.999999E+99|+1.000000E+04}}
}
{@BLOCK|uwlan1_sp|00
{@A-JUM|0|+2.805361E+00{@LIM2|+4.920000E+02|+0.000000E+00}}
}
{@BLOCK|h43_sp|00
{@A-JUM|0|+2.602110E+00{@LIM2|+4.920000E+02|+0.000000E+00}}
}
{@BLOCK|h44_sp|00
{@A-JUM|0|+2.718859E+00{@LIM2|+4.920000E+02|+0.000000E+00}}
}
{@BLOCK|st5_sp|00
{@A-JUM|0|+2.827718E+00{@LIM2|+4.920000E+02|+0.000000E+00}}
}
{@BLOCK|st6_sp|00
{@A-JUM|0|+2.823110E+00{@LIM2|+4.920000E+02|+0.000000E+00}}
}
{@BLOCK|st7_sp|00
{@A-JUM|0|+2.706118E+00{@LIM2|+4.920000E+02|+0.000000E+00}}
}
{@BLOCK|st8_sp|00
{@A-JUM|0|+2.782041E+00{@LIM2|+4.920000E+02|+0.000000E+00}}
}
{@TS|0|000|000|000|shorts
}
{@BLOCK|c15038|00
{@A-CAP|0|+2.408618E-06{@LIM3|+2.100000E-06|+2.730000E-06|+1.470000E-06}}
}
{@BLOCK|pc1516|00
{@A-CAP|0|+4.174233E-04{@LIM3|+4.401010E-04|+5.721313E-04|+3.080100E-04}}
}
{@BLOCK|pc0802|00
{@A-CAP|0|+7.400502E-05{@LIM3|+6.620200E-05|+8.606260E-05|+4.633226E-05}}
}
{@BLOCK|c18001|00
{@A-CAP|0|+1.016385E-07{@LIM3|+1.180000E-07|+1.770000E-07|+5.900000E-08}}
}
{@BLOCK|c42001|00
{@A-CAP|0|+9.980412E-08{@LIM3|+1.000000E-07|+1.200000E-07|+8.000000E-08}}
}
{@BLOCK|c42002|00
{@A-CAP|0|+1.003926E-07{@LIM3|+9.000000E-08|+1.530000E-07|+2.700000E-08}}
}
{@BLOCK|c42003|00
{@A-CAP|0|+1.000602E-07{@LIM3|+1.000000E-07|+1.200000E-07|+8.000000E-08}}
}
{@BLOCK|c42004|00
{@A-CAP|0|+9.666831E-08{@LIM3|+1.000000E-07|+1.200000E-07|+8.000000E-08}}
}
{@BLOCK|c42005|00
{@A-CAP|0|+9.966968E-08{@LIM3|+1.000000E-07|+1.200000E-07|+8.000000E-08}}
}
{@BLOCK|c42006|00
{@A-CAP|0|+9.892345E-08{@LIM3|+1.000000E-07|+1.200000E-07|+8.000000E-08}}
}
{@BLOCK|c44010|00
{@A-CAP|0|+1.517207E-06{@LIM3|+1.540000E-06|+2.002000E-06|+1.078000E-06}}
}
{@BLOCK|c51105|00
{@A-CAP|0|+4.735421E-06{@LIM3|+3.910000E-06|+5.083000E-06|+2.737000E-06}}
}
{@BLOCK|c44009|00
{@A-CAP|0|+1.091471E-07{@LIM3|+1.000000E-07|+1.200000E-07|+8.000000E-08}}
}
{@BLOCK|c50401|00
{@A-CAP|0|+1.056748E-07{@LIM3|+1.000000E-07|+1.200000E-07|+8.000000E-08}}
}
{@BLOCK|c51101|00
{@A-CAP|0|+1.030395E-07{@LIM3|+1.000000E-07|+1.200000E-07|+8.000000E-08}}
}
{@BLOCK|c53104|00
{@A-CAP|0|+6.980026E-06{@LIM3|+6.440000E-06|+8.372000E-06|+4.508000E-06}}
}
{@BLOCK|c53125|00
{@A-CAP|0|+4.172234E-06{@LIM3|+4.800000E-06|+6.240000E-06|+3.360000E-06}}
}
{@BLOCK|pc0317|00
{@A-CAP|0|+1.786682E-04{@LIM3|+1.603050E-04|+2.083965E-04|+1.121914E-04}}
}
{@BLOCK|c63101|00
{@A-CAP|0|+1.406864E-06{@LIM3|+1.500000E-06|+1.950000E-06|+1.050000E-06}}
}
{@BLOCK|pc0510|00
{@A-CAP|0|+1.442316E-04{@LIM3|+1.437120E-04|+1.868256E-04|+1.005786E-04}}
}
{@BLOCK|c63403|00
{@A-CAP|0|+2.150536E-07{@LIM3|+2.000000E-07|+2.400000E-07|+1.600000E-07}}
}
{@BLOCK|c64101|00
{@A-CAP|0|+1.392243E-06{@LIM3|+1.500000E-06|+1.800000E-06|+1.050000E-06}}
}
{@BLOCK|c67201|00
{@A-CAP|0|+1.356915E-04{@LIM3|+1.502000E-04|+1.952600E-04|+1.049984E-04}}
}
{@BLOCK|c15002|00
{@A-CAP|0|+1.174144E-04{@LIM3|+1.146020E-04|+1.489826E-04|+8.020558E-05}}
}
{@BLOCK|c53126|00
{@A-CAP|0|+1.084607E-06{@LIM3|+1.000000E-06|+1.300000E-06|+7.000000E-07}}
}
{@BLOCK|c94001|00
{@A-CAP|0|+9.897472E-08{@LIM3|+1.000000E-07|+1.300000E-07|+7.000000E-08}}
}
{@BLOCK|c94002|00
{@A-CAP|0|+1.014214E-07{@LIM3|+1.000000E-07|+1.300000E-07|+8.000000E-08}}
}
{@BLOCK|c94003|00
{@A-CAP|0|+9.468507E-08{@LIM3|+1.000000E-07|+1.200000E-07|+8.000000E-08}}
}
{@BLOCK|c94004|00
{@A-CAP|0|+9.842172E-08{@LIM3|+1.000000E-07|+1.300000E-07|+7.000000E-08}}
}
{@BLOCK|c94005|00
{@A-CAP|0|+1.039864E-07{@LIM3|+1.000000E-07|+1.200000E-07|+8.000000E-08}}
}
{@BLOCK|c94007|00
{@A-CAP|0|+9.678597E-08{@LIM3|+1.000000E-07|+1.300000E-07|+7.000000E-08}}
}
{@BLOCK|c94008|00
{@A-CAP|0|+9.618104E-08{@LIM3|+1.000000E-07|+1.300000E-07|+7.000000E-08}}
}
{@BLOCK|c94009|00
{@A-CAP|0|+9.946541E-08{@LIM3|+1.000000E-07|+1.200000E-07|+8.000000E-08}}
}
{@BLOCK|c94010|00
{@A-CAP|0|+9.064670E-08{@LIM3|+1.000000E-07|+1.300000E-07|+7.000000E-08}}
}
{@BLOCK|c92004|00
{@A-CAP|0|+2.586108E-05{@LIM3|+3.231200E-05|+4.200560E-05|+2.261394E-05}}
}
{@BLOCK|c72001|00
{@A-CAP|0|+3.482037E-05{@LIM3|+3.032000E-05|+3.941600E-05|+2.122400E-05}}
}
{@BLOCK|c76103|00
{@A-CAP|0|+2.185854E-05{@LIM3|+2.340000E-05|+3.042000E-05|+1.637677E-05}}
}
{@BLOCK|c76106|00
{@A-CAP|0|+1.725866E-05{@LIM3|+1.710000E-05|+2.223000E-05|+1.196764E-05}}
}
{@BLOCK|c92007|00
{@A-CAP|0|+1.738126E-07{@LIM3|+1.500000E-07|+1.950000E-07|+1.050000E-07}}
}
{@BLOCK|c94101|00
{@A-CAP|0|+1.325069E-06{@LIM3|+1.410000E-06|+1.833000E-06|+9.870000E-07}}
}
{@BLOCK|c94108|00
{@A-CAP|0|+1.126737E-06{@LIM3|+1.200000E-06|+1.560000E-06|+8.400000E-07}}
}
{@BLOCK|pc0234|00
{@A-CAP|0|+1.247212E-04{@LIM3|+1.116290E-04|+1.451177E-04|+7.812490E-05}}
}
{@BLOCK|c94307|00
{@A-CAP|0|+1.056706E-09{@LIM3|+1.047000E-09|+1.413450E-09|+6.805500E-10}}
}
{@BLOCK|c95305|00
{@A-CAP|0|+1.168190E-07{@LIM3|+1.022000E-07|+1.379700E-07|+6.643000E-08}}
}
{@BLOCK|pc0003|00
{@A-CAP|0|+9.117976E-08{@LIM3|+1.000000E-07|+1.300000E-07|+7.000000E-08}}
}
{@BLOCK|c59012|00
{@A-CAP|0|+8.090392E-06{@LIM3|+8.800000E-06|+1.056000E-05|+7.040000E-06}}
}
{@BLOCK|c59006|00
{@A-CAP|0|+9.849989E-06{@LIM3|+8.800000E-06|+1.056000E-05|+7.040000E-06}}
}
{@BLOCK|pc0221|00
{@A-CAP|0|+2.057178E-05{@LIM3|+1.770000E-05|+2.124000E-05|+1.416000E-05}}
}
{@BLOCK|c59013|00
{@A-CAP|0|+2.007064E-04{@LIM3|+1.961020E-04|+2.549326E-04|+1.372443E-04}}
}
{@BLOCK|pc0939|00
{@A-CAP|0|+8.153985E-04{@LIM3|+9.212100E-04|+1.197573E-03|+6.435720E-04}}
}
{@BLOCK|pc1213|00
{@A-CAP|0|+9.641523E-08{@LIM3|+1.001000E-07|+1.301300E-07|+7.007000E-08}}
}
{@BLOCK|c95303|00
{@A-CAP|0|+4.511304E-10{@LIM3|+4.570000E-10|+5.629408E-10|+3.656000E-10}}
}
{@BLOCK|c45301|00
{@A-CAP|0|+1.020661E-08{@LIM3|+1.000000E-08|+1.200000E-08|+8.000000E-09}}
}
{@BLOCK|pc1402|00
{@A-CAP|0|+5.709419E-04{@LIM3|+5.770000E-04|+7.501000E-04|+4.038204E-04}}
}
{@BLOCK|pc1106|00
{@A-CAP|0|+5.629539E-06{@LIM3|+4.700000E-06|+6.110000E-06|+3.290000E-06}}
}
{@BLOCK|pc1469|00
{@A-CAP|0|+8.777313E-05{@LIM3|+8.800000E-05|+1.144000E-04|+6.158786E-05}}
}
{@BLOCK|c17007|00
{@A-CAP|0|+3.743763E-04{@LIM3|+4.007000E-04|+5.209100E-04|+2.804347E-04}}
}
{@BLOCK|c44005|00
{@A-CAP|0|+1.007332E-06{@LIM3|+1.000000E-06|+1.300000E-06|+7.000000E-07}}
}
{@BLOCK|c50103|00
{@A-CAP|0|+1.071879E-06{@LIM3|+1.000000E-06|+1.300000E-06|+7.000000E-07}}
}
{@BLOCK|c50104|00
{@A-CAP|0|+1.052985E-06{@LIM3|+1.000000E-06|+1.300000E-06|+7.000000E-07}}
}
{@BLOCK|c54101|00
{@A-CAP|0|+8.742236E-06{@LIM3|+8.600000E-06|+1.118000E-05|+6.020000E-06}}
}
{@BLOCK|c94109|00
{@A-CAP|0|+9.652641E-07{@LIM3|+1.000000E-06|+1.300000E-06|+7.000000E-07}}
}
{@BLOCK|c15045|00
{@A-CAP|0|+1.512524E-05{@LIM3|+1.720000E-05|+2.236000E-05|+1.204000E-05}}
}
{@BLOCK|c15058|00
{@A-CAP|0|+1.447204E-05{@LIM3|+1.220000E-05|+1.586000E-05|+8.540000E-06}}
}
{@BLOCK|pc1584|00
{@A-CAP|0|+1.567336E-04{@LIM3|+1.348000E-04|+1.752400E-04|+9.434140E-05}}
}
{@BLOCK|c16016|00
{@A-CAP|0|+2.179055E-05{@LIM3|+2.240000E-05|+2.912000E-05|+1.568000E-05}}
}
{@BLOCK|c16018|00
{@A-CAP|0|+2.545494E-05{@LIM3|+2.140000E-05|+2.782000E-05|+1.498000E-05}}
}
{@BLOCK|c16020|00
{@A-CAP|0|+2.394595E-05{@LIM3|+1.940000E-05|+2.522000E-05|+1.358000E-05}}
}
{@BLOCK|c16022|00
{@A-CAP|0|+2.275209E-05{@LIM3|+1.940000E-05|+2.522000E-05|+1.358000E-05}}
}
{@BLOCK|pc1206|00
{@A-CAP|0|+2.503416E-05{@LIM3|+1.950000E-05|+2.632500E-05|+1.267500E-05}}
}
{@BLOCK|pc1591|00
{@A-CAP|0|+9.210407E-05{@LIM3|+8.080000E-05|+1.050400E-04|+5.654885E-05}}
}
{@BLOCK|c55111|00
{@A-CAP|0|+1.299750E-05{@LIM3|+1.220000E-05|+1.586000E-05|+8.540000E-06}}
}
{@BLOCK|c57109|00
{@A-CAP|0|+1.281044E-05{@LIM3|+1.220000E-05|+1.586000E-05|+8.540000E-06}}
}
{@BLOCK|c59004|00
{@A-CAP|0|+1.102484E-05{@LIM3|+1.000000E-05|+1.300000E-05|+7.000000E-06}}
}
{@BLOCK|pc0203|00
{@A-CAP|0|+7.047744E-05{@LIM3|+6.843300E-05|+8.896290E-05|+4.789366E-05}}
}
{@BLOCK|pc0940|00
{@A-CAP|0|+8.323668E-05{@LIM3|+8.800000E-05|+1.144000E-04|+6.158786E-05}}
}
{@BLOCK|c55114|00
{@A-CAP|0|+9.276013E-05{@LIM3|+9.240000E-05|+1.201200E-04|+6.466725E-05}}
}
{@BLOCK|c55121|00
{@A-CAP|0|+1.733957E-04{@LIM3|+1.386000E-04|+1.801800E-04|+9.700087E-05}}
}
{@BLOCK|c57112|00
{@A-CAP|0|+9.467671E-05{@LIM3|+9.240000E-05|+1.201200E-04|+6.466725E-05}}
}
{@BLOCK|c57119|00
{@A-CAP|0|+1.612687E-04{@LIM3|+1.386000E-04|+1.801800E-04|+9.700087E-05}}
}
{@BLOCK|pc1438|00
{@A-CAP|0|+3.430035E-04{@LIM3|+3.740000E-04|+4.862000E-04|+2.617484E-04}}
}
{@BLOCK|pc1559|00
{@A-CAP|0|+1.110965E-04{@LIM3|+1.100000E-04|+1.430000E-04|+7.698482E-05}}
}
{@BLOCK|pc0306|00
{@A-CAP|0|+2.264727E-06{@LIM3|+2.200000E-06|+2.860000E-06|+1.540000E-06}}
}
{@BLOCK|pc0924|00
{@A-CAP|0|+5.907932E-07{@LIM3|+4.650000E-07|+6.277500E-07|+3.720000E-07}}
}
{@BLOCK|pc0926|00
{@A-CAP|0|+5.062344E-07{@LIM3|+4.700000E-07|+5.640000E-07|+3.760000E-07}}
}
{@BLOCK|c51103|00
{@A-CAP|0|+2.345548E-06{@LIM3|+2.200000E-06|+2.640000E-06|+1.760000E-06}}
}
{@BLOCK|c55109|00
{@A-CAP|0|+2.145759E-06{@LIM3|+2.200000E-06|+2.640000E-06|+1.540000E-06}}
}
{@BLOCK|c57107|00
{@A-CAP|0|+2.165707E-06{@LIM3|+2.200000E-06|+2.640000E-06|+1.760000E-06}}
}
{@BLOCK|c83405|00
{@A-CAP|0|+2.116486E-06{@LIM3|+2.200000E-06|+2.640000E-06|+1.540000E-06}}
}
{@BLOCK|c83406|00
{@A-CAP|0|+2.275118E-06{@LIM3|+2.200000E-06|+2.640000E-06|+1.760000E-06}}
}
{@BLOCK|pc0230|00
{@A-CAP|0|+2.949277E-06{@LIM3|+2.800000E-06|+4.200000E-06|+1.400000E-06}}
}
{@BLOCK|pc0901|00
{@A-CAP|0|+6.803667E-05{@LIM3|+5.980000E-05|+8.073000E-05|+4.186000E-05}}
}
{@BLOCK|pc0231|00
{@A-CAP|0|+2.836690E-06{@LIM3|+2.800000E-06|+3.640000E-06|+2.240000E-06}}
}
{@BLOCK|c55103|00
{@A-CAP|0|+7.715214E-10{@LIM3|+6.000000E-10|+8.100000E-10|+3.900000E-10}}
}
{@BLOCK|pc0905|00
{@A-CAP|0|+4.979878E-06{@LIM3|+4.700000E-06|+6.110000E-06|+3.290000E-06}}
}
{@BLOCK|c59007|00
{@A-CAP|0|+4.593290E-10{@LIM3|+4.500000E-10|+5.850000E-10|+3.150000E-10}}
}
{@BLOCK|c59008|00
{@A-CAP|0|+4.244694E-10{@LIM3|+4.500000E-10|+5.850000E-10|+3.150000E-10}}
}
{@BLOCK|c59017|00
{@A-CAP|0|+4.091350E-10{@LIM3|+3.300000E-10|+4.455000E-10|+2.145000E-10}}
}
{@BLOCK|c59018|00
{@A-CAP|0|+4.067361E-10{@LIM3|+4.300000E-10|+5.590000E-10|+3.010000E-10}}
}
{@BLOCK|pc0102|00
{@A-CAP|0|+2.079931E-09{@LIM3|+2.200000E-09|+2.640000E-09|+1.760000E-09}}
}
{@BLOCK|c83414|00
{@A-CAP|0|+1.126416E-09{@LIM3|+1.000000E-09|+1.300000E-09|+7.000000E-10}}
}
{@BLOCK|c83415|00
{@A-CAP|0|+1.140602E-09{@LIM3|+1.000000E-09|+1.300000E-09|+7.000000E-10}}
}
{@BLOCK|c83416|00
{@A-CAP|0|+1.127992E-09{@LIM3|+1.000000E-09|+1.300000E-09|+7.000000E-10}}
}
{@BLOCK|c83417|00
{@A-CAP|0|+1.211638E-09{@LIM3|+1.000000E-09|+1.350000E-09|+7.000000E-10}}
}
{@BLOCK|c84401|00
{@A-CAP|0|+9.713141E-10{@LIM3|+1.000000E-09|+1.177000E-09|+8.000000E-10}}
}
{@BLOCK|c84402|00
{@A-CAP|0|+1.074089E-09{@LIM3|+1.000000E-09|+1.177000E-09|+8.000000E-10}}
}
{@BLOCK|c94306|00
{@A-CAP|0|+1.164234E-09{@LIM3|+1.000000E-09|+1.250000E-09|+8.000000E-10}}
}
{@BLOCK|pc0005|00
{@A-CAP|0|+1.183095E-09{@LIM3|+1.000000E-09|+1.300000E-09|+7.000000E-10}}
}
{@BLOCK|pr0003|00
{@A-RES|0|+9.871175E+04{@LIM3|+1.000000E+05|+1.150000E+05|+8.500000E+04}}
}
{@BLOCK|pr0007|00
{@A-RES|0|+9.864815E+04{@LIM3|+1.000000E+05|+1.150000E+05|+8.500000E+04}}
}
{@BLOCK|pr0212|00
{@A-RES|0|+9.972553E+04{@LIM3|+1.000000E+05|+1.150000E+05|+8.500000E+04}}
}
{@BLOCK|pr0802|00
{@A-RES|0|+9.856544E+04{@LIM3|+1.000000E+05|+1.150000E+05|+8.500000E+04}}
}
{@BLOCK|pr1601|00
{@A-RES|0|+9.884514E+04{@LIM3|+1.000000E+05|+1.150000E+05|+8.500000E+04}}
}
{@BLOCK|pr1602|00
{@A-RES|0|+9.913687E+04{@LIM3|+1.000000E+05|+1.150000E+05|+8.500000E+04}}
}
{@BLOCK|pr1603|00
{@A-RES|0|+9.881398E+04{@LIM3|+1.000000E+05|+1.150000E+05|+8.500000E+04}}
}
{@BLOCK|pr1604|00
{@A-RES|0|+9.765460E+04{@LIM3|+1.000000E+05|+1.150000E+05|+8.500000E+04}}
}
{@BLOCK|pr1648|00
{@A-RES|0|+1.002959E+05{@LIM3|+1.000000E+05|+1.150000E+05|+8.500000E+04}}
}
{@BLOCK|r05008|00
{@A-RES|0|+9.954609E+04{@LIM3|+1.000000E+05|+1.150000E+05|+8.500000E+04}}
}
{@BLOCK|r05011|00
{@A-RES|0|+1.013637E+05{@LIM3|+1.000000E+05|+1.150000E+05|+8.500000E+04}}
}
{@BLOCK|r05013|00
{@A-RES|0|+9.012933E+04{@LIM3|+1.000000E+05|+1.250000E+05|+7.500000E+04}}
}
{@BLOCK|r05014|00
{@A-RES|0|+1.000668E+05{@LIM3|+1.000000E+05|+1.150000E+05|+8.500000E+04}}
}
{@BLOCK|r12006|00
{@A-RES|0|+9.789856E+04{@LIM3|+1.000000E+05|+1.150000E+05|+8.500000E+04}}
}
{@BLOCK|r12016|00
{@A-RES|0|+9.952441E+03{@LIM3|+1.000000E+04|+1.100000E+04|+9.000000E+03}}
}
{@BLOCK|r12010|00
{@A-RES|0|+9.832843E+04{@LIM3|+1.000000E+05|+1.150000E+05|+8.500000E+04}}
}
{@BLOCK|r12012|00
{@A-RES|0|+9.528992E+04{@LIM3|+1.000000E+05|+1.150000E+05|+8.500000E+04}}
}
{@BLOCK|pr1315|00
{@A-RES|0|+5.196383E+02{@LIM3|+5.201000E+02|+6.501250E+02|+3.900750E+02}}
}
{@BLOCK|r41008|00
{@A-RES|0|+1.009132E+05{@LIM3|+1.000000E+05|+1.150000E+05|+8.500000E+04}}
}
{@BLOCK|r42009|00
{@A-RES|0|+9.905334E+04{@LIM3|+1.000000E+05|+1.150000E+05|+8.500000E+04}}
}
{@BLOCK|r42010|00
{@A-RES|0|+1.010542E+05{@LIM3|+1.000000E+05|+1.150000E+05|+8.500000E+04}}
}
{@BLOCK|r42028|00
{@A-RES|0|+1.018421E+05{@LIM3|+1.000000E+05|+1.150000E+05|+8.500000E+04}}
}
{@BLOCK|r43012|00
{@A-RES|0|+9.921007E+04{@LIM3|+1.000000E+05|+1.150000E+05|+8.500000E+04}}
}
{@BLOCK|r43013|00
{@A-RES|0|+9.850351E+04{@LIM3|+1.000000E+05|+1.150000E+05|+8.500000E+04}}
}
{@BLOCK|r43015|00
{@A-RES|0|+9.995870E+04{@LIM3|+1.000000E+05|+1.150000E+05|+8.500000E+04}}
}
{@BLOCK|r43018|00
{@A-RES|0|+9.917979E+04{@LIM3|+1.000000E+05|+1.150000E+05|+8.500000E+04}}
}
{@BLOCK|r43019|00
{@A-RES|0|+9.988439E+04{@LIM3|+1.000000E+05|+1.150000E+05|+8.500000E+04}}
}
{@BLOCK|r43020|00
{@A-RES|0|+1.017565E+05{@LIM3|+1.000000E+05|+1.150000E+05|+8.500000E+04}}
}
{@BLOCK|r43024|00
{@A-RES|0|+9.924926E+04{@LIM3|+1.000000E+05|+1.150000E+05|+8.500000E+04}}
}
{@BLOCK|r43028|00
{@A-RES|0|+1.005464E+05{@LIM3|+1.000000E+05|+1.150000E+05|+8.500000E+04}}
}
{@BLOCK|r43032|00
{@A-RES|0|+4.543129E+04{@LIM3|+5.000000E+04|+5.750000E+04|+4.250000E+04}}
}
{@BLOCK|r43033|00
{@A-RES|0|+9.953555E+04{@LIM3|+1.000000E+05|+1.150000E+05|+8.500000E+04}}
}
{@BLOCK|r43035|00
{@A-RES|0|+9.976784E+04{@LIM3|+1.000000E+05|+1.150000E+05|+8.500000E+04}}
}
{@BLOCK|r45232|00
{@A-RES|0|+1.013591E+05{@LIM3|+1.000000E+05|+1.150000E+05|+8.500000E+04}}
}
{@BLOCK|r45233|00
{@A-RES|0|+1.002784E+05{@LIM3|+1.000000E+05|+1.150000E+05|+8.500000E+04}}
}
{@BLOCK|r46205|00
{@A-RES|0|+1.000757E+05{@LIM3|+1.000000E+05|+1.150000E+05|+8.500000E+04}}
}
{@BLOCK|r46209|00
{@A-RES|0|+7.342948E+04{@LIM3|+6.000000E+04|+8.100000E+04|+3.900000E+04}}
}
{@BLOCK|r46210|00
{@A-RES|0|+7.244050E+04{@LIM3|+6.000000E+04|+8.100000E+04|+3.900000E+04}}
}
{@BLOCK|pc0202|00
{@A-CAP|0|+4.404469E-08{@LIM3|+4.700000E-08|+5.640000E-08|+3.760000E-08}}
}
{@BLOCK|r41012|00
{@A-RES|0|+1.017094E+05{@LIM3|+1.000000E+05|+1.150000E+05|+8.500000E+04}}
}
{@BLOCK|r42008|00
{@A-RES|0|+9.913283E+04{@LIM3|+1.000000E+05|+1.150000E+05|+8.500000E+04}}
}
{@BLOCK|r42020|00
{@A-RES|0|+9.902608E+04{@LIM3|+1.000000E+05|+1.150000E+05|+8.500000E+04}}
}
{@BLOCK|r44003|00
{@A-RES|0|+1.003005E+05{@LIM3|+1.000000E+05|+1.150000E+05|+8.500000E+04}}
}
{@BLOCK|r45231|00
{@A-RES|0|+9.972408E+04{@LIM3|+1.000000E+05|+1.150000E+05|+8.500000E+04}}
}
{@BLOCK|r46201|00
{@A-RES|0|+1.000278E+05{@LIM3|+1.000000E+05|+1.150000E+05|+8.500000E+04}}
}
{@BLOCK|r50004|00
{@A-RES|0|+9.936848E+04{@LIM3|+1.000000E+05|+1.150000E+05|+8.500000E+04}}
}
{@BLOCK|r46211|00
{@A-RES|0|+7.241997E+04{@LIM3|+6.000000E+04|+8.100000E+04|+3.900000E+04}}
}
{@BLOCK|r51216|00
{@A-RES|0|+1.003319E+05{@LIM3|+1.000000E+05|+1.150000E+05|+8.500000E+04}}
}
{@BLOCK|r51219|00
{@A-RES|0|+1.016460E+05{@LIM3|+1.000000E+05|+1.150000E+05|+8.500000E+04}}
}
{@BLOCK|r05015|00
{@A-RES|0|+9.983138E+04{@LIM3|+1.000000E+05|+1.110000E+05|+8.900000E+04}}
}
{@BLOCK|r58003|00
{@A-RES|0|+1.007111E+05{@LIM3|+1.000000E+05|+1.150000E+05|+8.500000E+04}}
}
{@BLOCK|r58012|00
{@A-RES|0|+1.009674E+05{@LIM3|+1.000000E+05|+1.150000E+05|+8.500000E+04}}
}
{@BLOCK|r58015|00
{@A-RES|0|+9.800057E+04{@LIM3|+1.000000E+05|+1.150000E+05|+8.500000E+04}}
}
{@BLOCK|r58016|00
{@A-RES|0|+9.851382E+04{@LIM3|+1.000000E+05|+1.150000E+05|+8.500000E+04}}
}
{@BLOCK|r59019|00
{@A-RES|0|+1.007574E+05{@LIM3|+1.000000E+05|+1.150000E+05|+8.500000E+04}}
}
{@BLOCK|r59020|00
{@A-RES|0|+9.942602E+04{@LIM3|+1.000000E+05|+1.250000E+05|+7.500000E+04}}
}
{@BLOCK|r59021|00
{@A-RES|0|+9.979960E+04{@LIM3|+1.000000E+05|+1.150000E+05|+8.500000E+04}}
}
{@BLOCK|r59022|00
{@A-RES|0|+9.985258E+04{@LIM3|+1.000000E+05|+1.150000E+05|+8.500000E+04}}
}
{@BLOCK|r59028|00
{@A-RES|0|+9.966212E+04{@LIM3|+1.000000E+05|+1.150000E+05|+8.500000E+04}}
}
{@BLOCK|r59029|00
{@A-RES|0|+9.970438E+04{@LIM3|+1.000000E+05|+1.150000E+05|+8.500000E+04}}
}
{@BLOCK|r59030|00
{@A-RES|0|+9.987379E+04{@LIM3|+1.000000E+05|+1.150000E+05|+8.500000E+04}}
}
{@BLOCK|r72002|00
{@A-RES|0|+9.821389E+04{@LIM3|+1.000000E+05|+1.150000E+05|+8.500000E+04}}
}
{@BLOCK|r76217|00
{@A-RES|0|+1.002917E+05{@LIM3|+1.000000E+05|+1.150000E+05|+8.500000E+04}}
}
{@BLOCK|r84204|00
{@A-RES|0|+1.000276E+05{@LIM3|+1.000000E+05|+1.150000E+05|+8.500000E+04}}
}
{@BLOCK|r85205|00
{@A-RES|0|+9.699583E+04{@LIM3|+1.000000E+05|+1.150000E+05|+8.500000E+04}}
}
{@BLOCK|r05012|00
{@A-RES|0|+9.966212E+04{@LIM3|+1.000000E+05|+1.110000E+05|+8.900000E+04}}
}
{@BLOCK|pr0006|00
{@A-RES|0|+3.250351E+04{@LIM3|+3.300000E+04|+3.795000E+04|+2.805000E+04}}
}
{@BLOCK|r74205|00
{@A-RES|0|+3.249851E+04{@LIM3|+3.300000E+04|+3.630000E+04|+2.970000E+04}}
}
{@BLOCK|pr0008|00
{@A-RES|0|+9.768688E+03{@LIM3|+1.000000E+04|+1.100000E+04|+9.000000E+03}}
}
{@BLOCK|pr0012|00
{@A-RES|0|+1.009878E+04{@LIM3|+1.000000E+04|+1.100000E+04|+9.000000E+03}}
}
{@BLOCK|pr1016|00
{@A-RES|0|+1.001492E+04{@LIM3|+1.000000E+04|+1.100000E+04|+9.000000E+03}}
}
{@BLOCK|pr1109|00
{@A-RES|0|+9.898464E+03{@LIM3|+1.000000E+04|+1.100000E+04|+9.000000E+03}}
}
{@BLOCK|pr1215|00
{@A-RES|0|+9.947137E+03{@LIM3|+1.000000E+04|+1.100000E+04|+9.000000E+03}}
}
{@BLOCK|pr1314|00
{@A-RES|0|+9.968219E+03{@LIM3|+1.000000E+04|+1.100000E+04|+9.000000E+03}}
}
{@BLOCK|pr1628|00
{@A-RES|0|+9.912546E+03{@LIM3|+1.000000E+04|+1.100000E+04|+9.000000E+03}}
}
{@BLOCK|r05016|00
{@A-RES|0|+9.548298E+03{@LIM3|+1.000000E+04|+1.100000E+04|+9.000000E+03}}
}
{@BLOCK|r05017|00
{@A-RES|0|+1.000054E+04{@LIM3|+1.000000E+04|+1.100000E+04|+9.000000E+03}}
}
{@BLOCK|r07011|00
{@A-RES|0|+9.913590E+03{@LIM3|+1.000000E+04|+1.100000E+04|+8.000000E+03}}
}
{@BLOCK|r92002|00
{@A-RES|0|+9.514782E+04{@LIM3|+1.000000E+05|+1.350000E+05|+6.500000E+04}}
}
{@BLOCK|r11001|00
{@A-RES|0|+9.939362E+03{@LIM3|+1.000000E+04|+1.100000E+04|+9.000000E+03}}
}
{@BLOCK|r41001|00
{@A-RES|0|+9.977082E+03{@LIM3|+1.000000E+04|+1.100000E+04|+9.000000E+03}}
}
{@BLOCK|r41002|00
{@A-RES|0|+9.956031E+03{@LIM3|+1.000000E+04|+1.100000E+04|+9.000000E+03}}
}
{@BLOCK|r42004|00
{@A-RES|0|+9.946883E+03{@LIM3|+1.000000E+04|+1.100000E+04|+9.000000E+03}}
}
{@BLOCK|r42006|00
{@A-RES|0|+1.001891E+04{@LIM3|+1.000000E+04|+1.100000E+04|+9.000000E+03}}
}
{@BLOCK|r43004|00
{@A-RES|0|+1.000420E+04{@LIM3|+1.000000E+04|+1.100000E+04|+9.000000E+03}}
}
{@BLOCK|r43005|00
{@A-RES|0|+9.961421E+03{@LIM3|+1.000000E+04|+1.100000E+04|+9.000000E+03}}
}
{@BLOCK|r43023|00
{@A-RES|0|+9.983577E+03{@LIM3|+1.000000E+04|+1.100000E+04|+9.000000E+03}}
}
{@BLOCK|r45202|00
{@A-RES|0|+1.000040E+04{@LIM3|+1.000000E+04|+1.100000E+04|+9.000000E+03}}
}
{@BLOCK|r45203|00
{@A-RES|0|+9.917935E+03{@LIM3|+1.000000E+04|+1.100000E+04|+9.000000E+03}}
}
{@BLOCK|r45204|00
{@A-RES|0|+9.921143E+03{@LIM3|+1.000000E+04|+1.100000E+04|+9.000000E+03}}
}
{@BLOCK|r45205|00
{@A-RES|0|+1.012363E+04{@LIM3|+1.000000E+04|+1.100000E+04|+9.000000E+03}}
}
{@BLOCK|r45206|00
{@A-RES|0|+9.912059E+03{@LIM3|+1.000000E+04|+1.100000E+04|+9.000000E+03}}
}
{@BLOCK|r45207|00
{@A-RES|0|+9.982494E+03{@LIM3|+1.000000E+04|+1.100000E+04|+9.000000E+03}}
}
{@BLOCK|r45208|00
{@A-RES|0|+9.998766E+03{@LIM3|+1.000000E+04|+1.100000E+04|+9.000000E+03}}
}
{@BLOCK|r07019|00
{@A-RES|0|+9.982500E+03{@LIM3|+1.000000E+04|+1.100000E+04|+9.000000E+03}}
}
{@BLOCK|r09001|00
{@A-RES|0|+9.943457E+03{@LIM3|+1.000000E+04|+1.100000E+04|+9.000000E+03}}
}
{@BLOCK|r12009|00
{@A-RES|0|+9.902632E+03{@LIM3|+1.000000E+04|+1.100000E+04|+9.000000E+03}}
}
{@BLOCK|r12015|00
{@A-RES|0|+1.079594E+04{@LIM3|+1.000000E+04|+1.100000E+04|+9.000000E+03}}
}
{@BLOCK|r18001|00
{@A-RES|0|+9.808414E+03{@LIM3|+1.000000E+04|+1.100000E+04|+9.000000E+03}}
}
{@BLOCK|r44012|00
{@A-RES|0|+9.852591E+03{@LIM3|+1.000000E+04|+1.100000E+04|+9.000000E+03}}
}
{@BLOCK|r44017|00
{@A-RES|0|+9.990982E+03{@LIM3|+1.000000E+04|+1.100000E+04|+9.000000E+03}}
}
{@BLOCK|r46204|00
{@A-RES|0|+9.894820E+03{@LIM3|+1.000000E+04|+1.100000E+04|+9.000000E+03}}
}
{@BLOCK|r46206|00
{@A-RES|0|+9.933481E+03{@LIM3|+1.000000E+04|+1.100000E+04|+9.000000E+03}}
}
{@BLOCK|r48202|00
{@A-RES|0|+1.042619E+04{@LIM3|+1.000000E+04|+1.100000E+04|+9.000000E+03}}
}
{@BLOCK|r53222|00
{@A-RES|0|+9.930859E+03{@LIM3|+1.000000E+04|+1.100000E+04|+9.000000E+03}}
}
{@BLOCK|r54215|00
{@A-RES|0|+1.006925E+04{@LIM3|+1.000000E+04|+1.100000E+04|+9.000000E+03}}
}
{@BLOCK|r56206|00
{@A-RES|0|+9.963468E+03{@LIM3|+1.000000E+04|+1.100000E+04|+9.000000E+03}}
}
{@BLOCK|r56208|00
{@A-RES|0|+9.932432E+03{@LIM3|+1.000000E+04|+1.100000E+04|+9.000000E+03}}
}
{@BLOCK|r59004|00
{@A-RES|0|+1.002719E+04{@LIM3|+1.000000E+04|+1.100000E+04|+9.000000E+03}}
}
{@BLOCK|r74210|00
{@A-RES|0|+9.923002E+03{@LIM3|+1.000000E+04|+1.100000E+04|+9.000000E+03}}
}
{@BLOCK|r45209|00
{@A-RES|0|+1.000420E+04{@LIM3|+1.000000E+04|+1.100000E+04|+9.000000E+03}}
}
{@BLOCK|r46212|00
{@A-RES|0|+1.003202E+04{@LIM3|+1.000000E+04|+1.100000E+04|+9.000000E+03}}
}
{@BLOCK|r46214|00
{@A-RES|0|+1.002054E+04{@LIM3|+1.000000E+04|+1.100000E+04|+9.000000E+03}}
}
{@BLOCK|r58001|00
{@A-RES|0|+9.938620E+03{@LIM3|+1.000000E+04|+1.150000E+04|+8.500000E+03}}
}
{@BLOCK|r70208|00
{@A-RES|0|+9.920608E+03{@LIM3|+1.000000E+04|+1.100000E+04|+9.000000E+03}}
}
{@BLOCK|r76209|00
{@A-RES|0|+9.993828E+03{@LIM3|+1.000000E+04|+1.100000E+04|+9.000000E+03}}
}
{@BLOCK|r76214|00
{@A-RES|0|+9.975949E+03{@LIM3|+1.000000E+04|+1.100000E+04|+9.000000E+03}}
}
{@BLOCK|r84203|00
{@A-RES|0|+9.975460E+03{@LIM3|+1.000000E+04|+1.100000E+04|+9.000000E+03}}
}
{@BLOCK|r74213|00
{@A-RES|0|+9.934006E+03{@LIM3|+1.000000E+04|+1.100000E+04|+9.000000E+03}}
}
{@BLOCK|r76210|00
{@A-RES|0|+1.000852E+04{@LIM3|+1.000000E+04|+1.100000E+04|+9.000000E+03}}
}
{@BLOCK|r76213|00
{@A-RES|0|+9.979651E+03{@LIM3|+1.000000E+04|+1.100000E+04|+9.000000E+03}}
}
{@BLOCK|r83203|00
{@A-RES|0|+1.005882E+04{@LIM3|+1.000000E+04|+1.100000E+04|+9.000000E+03}}
}
{@BLOCK|r83204|00
{@A-RES|0|+9.908056E+03{@LIM3|+1.000000E+04|+1.150000E+04|+8.500000E+03}}
}
{@BLOCK|r94206|00
{@A-RES|0|+1.010340E+04{@LIM3|+1.000000E+04|+1.100000E+04|+9.000000E+03}}
}
{@BLOCK|r06005|00
{@A-RES|0|+4.676408E+03{@LIM3|+4.700000E+03|+5.170000E+03|+4.230000E+03}}
}
{@BLOCK|r98205|00
{@A-RES|0|+9.978793E+03{@LIM3|+1.000000E+04|+1.100000E+04|+9.000000E+03}}
}
{@BLOCK|pr0009|00
{@A-RES|0|+9.927290E+04{@LIM3|+1.000000E+05|+1.110000E+05|+8.900000E+04}}
}
{@BLOCK|pr0710|00
{@A-RES|0|+9.965156E+04{@LIM3|+1.000000E+05|+1.110000E+05|+8.900000E+04}}
}
{@BLOCK|pr1107|00
{@A-RES|0|+9.966212E+04{@LIM3|+1.000000E+05|+1.110000E+05|+8.900000E+04}}
}
{@BLOCK|r92001|00
{@A-RES|0|+9.942424E+04{@LIM3|+1.000000E+05|+1.110000E+05|+8.900000E+04}}
}
{@BLOCK|r07003|00
{@A-RES|0|+1.013032E+03{@LIM3|+1.000000E+03|+1.100000E+03|+9.000000E+02}}
}
{@BLOCK|r07005|00
{@A-RES|0|+9.957595E+02{@LIM3|+1.000000E+03|+1.100000E+03|+9.000000E+02}}
}
{@BLOCK|r07007|00
{@A-RES|0|+1.001274E+03{@LIM3|+1.000000E+03|+1.100000E+03|+9.000000E+02}}
}
{@BLOCK|r07009|00
{@A-RES|0|+1.005127E+03{@LIM3|+1.000000E+03|+1.100000E+03|+9.000000E+02}}
}
{@BLOCK|r07010|00
{@A-RES|0|+1.004590E+03{@LIM3|+1.000000E+03|+1.100000E+03|+9.000000E+02}}
}
{@BLOCK|r12008|00
{@A-RES|0|+1.012051E+03{@LIM3|+1.000000E+03|+1.100000E+03|+9.000000E+02}}
}
{@BLOCK|r20002|00
{@A-RES|0|+1.017197E+03{@LIM3|+1.000000E+03|+1.100000E+03|+9.000000E+02}}
}
{@BLOCK|r20014|00
{@A-RES|0|+1.008739E+03{@LIM3|+1.000000E+03|+1.100000E+03|+9.000000E+02}}
}
{@BLOCK|r20015|00
{@A-RES|0|+9.931826E+02{@LIM3|+1.000000E+03|+1.100000E+03|+9.000000E+02}}
}
{@BLOCK|r20016|00
{@A-RES|0|+1.009714E+03{@LIM3|+1.000000E+03|+1.100000E+03|+9.000000E+02}}
}
{@BLOCK|r43017|00
{@A-RES|0|+9.986680E+02{@LIM3|+1.000000E+03|+1.100000E+03|+9.000000E+02}}
}
{@BLOCK|r50207|00
{@A-RES|0|+9.262139E+02{@LIM3|+1.000000E+03|+1.100000E+03|+9.000000E+02}}
}
{@BLOCK|r58008|00
{@A-RES|0|+9.940226E+02{@LIM3|+1.000000E+03|+1.100000E+03|+9.000000E+02}}
}
{@BLOCK|r58009|00
{@A-RES|0|+1.002555E+03{@LIM3|+1.000000E+03|+1.100000E+03|+9.000000E+02}}
}
{@BLOCK|r76206|00
{@A-RES|0|+1.013469E+03{@LIM3|+1.000000E+03|+1.100000E+03|+9.000000E+02}}
}
{@BLOCK|r45201|00
{@A-RES|0|+1.998246E+04{@LIM3|+2.000000E+04|+2.200000E+04|+1.800000E+04}}
}
{@BLOCK|r50002|00
{@A-RES|0|+2.002458E+04{@LIM3|+2.000000E+04|+2.200000E+04|+1.800000E+04}}
}
{@BLOCK|r50003|00
{@A-RES|0|+1.989568E+04{@LIM3|+2.000000E+04|+2.200000E+04|+1.800000E+04}}
}
{@BLOCK|pr1653|00
{@A-RES|0|+9.797000E+05{@LIM3|+1.000000E+06|+1.250000E+06|+7.500000E+05}}
}
{@BLOCK|r58013|00
{@A-RES|0|+9.759574E+05{@LIM3|+1.000000E+06|+1.250000E+06|+7.500000E+05}}
}
{@BLOCK|pr0803|00
{@A-JUM|0|+3.194066E+00{@LIM2|+1.500000E+01|+0.000000E+00}}
}
{@BLOCK|pr0809|00
{@A-JUM|0|+3.554195E+00{@LIM2|+1.500000E+01|+0.000000E+00}}
}
{@BLOCK|r14002|00
{@A-JUM|0|+4.060037E+00{@LIM2|+1.500000E+01|+0.000000E+00}}
}
{@BLOCK|r15007|00
{@A-JUM|0|+3.666697E+00{@LIM2|+1.500000E+01|+0.000000E+00}}
}
{@BLOCK|r16001|00
{@A-JUM|0|+3.665008E+00{@LIM2|+1.500000E+01|+0.000000E+00}}
}
{@BLOCK|r16002|00
{@A-JUM|0|+3.517262E+00{@LIM2|+1.500000E+01|+0.000000E+00}}
}
{@BLOCK|r17002|00
{@A-JUM|0|+3.217321E+00{@LIM2|+1.500000E+01|+0.000000E+00}}
}
{@BLOCK|r17003|00
{@A-JUM|0|+3.449637E+00{@LIM2|+1.500000E+01|+0.000000E+00}}
}
{@BLOCK|r17004|00
{@A-JUM|0|+3.390816E+00{@LIM2|+1.500000E+01|+0.000000E+00}}
}
{@BLOCK|r17006|00
{@A-JUM|0|+3.050542E+00{@LIM2|+1.500000E+01|+0.000000E+00}}
}
{@BLOCK|pr1649|00
{@A-RES|0|+1.024308E+02{@LIM3|+1.000000E+02|+1.150000E+02|+9.000000E+01}}
}
{@BLOCK|pr1650|00
{@A-RES|0|+1.342466E+02{@LIM3|+1.000000E+02|+1.550000E+02|+4.500000E+01}}
}
{@BLOCK|r13001|00
{@A-RES|0|+1.028345E+02{@LIM3|+1.000000E+02|+1.150000E+02|+9.000000E+01}}
}
{@BLOCK|r45227|00
{@A-RES|0|+1.016423E+02{@LIM3|+1.000000E+02|+1.150000E+02|+9.000000E+01}}
}
{@BLOCK|r45229|00
{@A-RES|0|+1.014836E+02{@LIM3|+1.000000E+02|+1.150000E+02|+9.000000E+01}}
}
{@BLOCK|r45230|00
{@A-RES|0|+1.031609E+02{@LIM3|+1.000000E+02|+1.150000E+02|+9.000000E+01}}
}
{@BLOCK|pr0206|00
{@A-RES|0|+1.000331E+04{@LIM3|+1.470000E+04|+1.852200E+04|+9.408000E+03}}
}
{@BLOCK|r43031|00
{@A-RES|0|+7.952059E+01{@LIM3|+7.500000E+01|+8.750002E+01|+6.750000E+01}}
}
{@BLOCK|pr0208|00
{@A-RES|0|+1.018687E+01{@LIM3|+1.000000E+01|+1.350000E+01|+6.500000E+00}}
}
{@BLOCK|pr0230|00
{@A-RES|0|+1.010933E+01{@LIM3|+1.000000E+01|+1.350000E+01|+6.500000E+00}}
}
{@BLOCK|pr0210|00
{@A-RES|0|+1.736641E+05{@LIM3|+1.370000E+05|+1.849500E+05|+8.905000E+04}}
}
{@BLOCK|pr1206|00
{@A-RES|0|+9.997032E+03{@LIM3|+1.000000E+04|+1.060000E+04|+9.400000E+03}}
}
{@BLOCK|rt42001|00
{@A-RES|0|+1.012063E+04{@LIM3|+1.000000E+04|+1.500000E+04|+5.000000E+03}}
}
{@BLOCK|rt42002|00
{@A-RES|0|+9.976404E+03{@LIM3|+1.000000E+04|+1.500000E+04|+5.000000E+03}}
}
{@BLOCK|rt42003|00
{@A-RES|0|+1.018789E+04{@LIM3|+1.000000E+04|+1.500000E+04|+5.000000E+03}}
}
{@BLOCK|rt42004|00
{@A-RES|0|+1.012331E+04{@LIM3|+1.000000E+04|+1.500000E+04|+5.000000E+03}}
}
{@BLOCK|rt42005|00
{@A-RES|0|+1.002206E+04{@LIM3|+1.000000E+04|+1.500000E+04|+5.000000E+03}}
}
{@BLOCK|rt42006|00
{@A-RES|0|+1.011997E+04{@LIM3|+1.000000E+04|+1.500000E+04|+5.000000E+03}}
}
{@BLOCK|r44010|00
{@A-RES|0|+5.016124E+02{@LIM3|+4.990000E+02|+5.289400E+02|+4.690600E+02}}
}
{@BLOCK|r44011|00
{@A-RES|0|+4.999321E+02{@LIM3|+4.990000E+02|+5.289400E+02|+4.690600E+02}}
}
{@BLOCK|r64202|00
{@A-RES|0|+9.894650E+05{@LIM3|+1.000000E+06|+1.210000E+06|+7.900000E+05}}
}
{@BLOCK|pr1101|00
{@A-JUM|0|+4.993276E+00{@LIM2|+1.500000E+01|+0.000000E+00}}
}
{@BLOCK|pr0305|00
{@A-RES|0|+8.578035E+04{@LIM3|+1.000000E+05|+1.110000E+05|+8.000000E+04}}
}
{@BLOCK|r44013|00
{@A-RES|0|+1.008057E+03{@LIM3|+1.000000E+03|+1.100000E+03|+9.000000E+02}}
}
{@BLOCK|r44016|00
{@A-RES|0|+9.962617E+02{@LIM3|+1.000000E+03|+1.100000E+03|+9.000000E+02}}
}
{@BLOCK|r44004|00
{@A-RES|0|+1.006070E+06{@LIM3|+1.000000E+06|+1.250000E+06|+7.500000E+05}}
}
{@BLOCK|r76211|00
{@A-RES|0|+5.045747E+02{@LIM3|+4.990000E+02|+5.289400E+02|+4.690600E+02}}
}
{@BLOCK|r76212|00
{@A-RES|0|+5.015472E+02{@LIM3|+4.990000E+02|+5.289400E+02|+4.690600E+02}}
}
{@BLOCK|r11004|00
{@A-RES|0|+2.004637E+05{@LIM3|+2.000000E+05|+2.220000E+05|+1.780000E+05}}
}
{@BLOCK|prt0003|00
{@A-RES|0|+6.457785E+02{@LIM3|+5.400000E+02|+7.290000E+02|+3.510000E+02}}
}
{@BLOCK|pr1605|00
{@A-RES|0|+1.227307E+02{@LIM3|+1.200000E+02|+1.297000E+02|+1.128000E+02}}
}
{@BLOCK|pr1629|00
{@A-RES|0|+8.484677E+01{@LIM3|+8.200000E+01|+9.192003E+01|+7.708000E+01}}
}
{@BLOCK|pr1651|00
{@A-RES|0|+4.722897E+02{@LIM3|+4.700000E+02|+6.110000E+02|+4.230000E+02}}
}
{@BLOCK|pr1652|00
{@A-RES|0|+4.984499E+01{@LIM3|+4.700000E+01|+5.670000E+01|+4.230000E+01}}
}
{@BLOCK|r83202|00
{@A-RES|0|+5.003736E+01{@LIM3|+4.700000E+01|+5.670000E+01|+4.230000E+01}}
}
{@BLOCK|prt0001|00
{@A-RES|0|+6.602683E+02{@LIM3|+5.400000E+02|+7.290000E+02|+3.510000E+02}}
}
{@BLOCK|prt0002|00
{@A-RES|0|+6.491902E+02{@LIM3|+5.400000E+02|+7.290000E+02|+3.510000E+02}}
}
{@BLOCK|prt0007|00
{@A-RES|0|+6.263972E+02{@LIM3|+5.400000E+02|+7.290000E+02|+3.510000E+02}}
}
{@BLOCK|prt0009|00
{@A-RES|0|+6.467786E+02{@LIM3|+5.400000E+02|+7.290000E+02|+3.510000E+02}}
}
{@BLOCK|prt0010|00
{@A-RES|0|+6.588341E+02{@LIM3|+5.400000E+02|+7.290000E+02|+3.510000E+02}}
}
{@BLOCK|r06001|00
{@A-RES|0|+3.393668E+02{@LIM3|+3.300000E+02|+3.630000E+02|+2.970000E+02}}
}
{@BLOCK|r06002|00
{@A-RES|0|+3.329956E+02{@LIM3|+3.300000E+02|+3.630000E+02|+2.970000E+02}}
}
{@BLOCK|r06003|00
{@A-RES|0|+2.198322E+03{@LIM3|+2.200000E+03|+2.420000E+03|+1.980000E+03}}
}
{@BLOCK|r06004|00
{@A-RES|0|+2.200996E+03{@LIM3|+2.200000E+03|+2.420000E+03|+1.980000E+03}}
}
{@BLOCK|r07016|00
{@A-RES|0|+2.249028E+03{@LIM3|+2.200000E+03|+2.420000E+03|+1.980000E+03}}
}
{@BLOCK|r20004|00
{@A-RES|0|+2.198081E+03{@LIM3|+2.200000E+03|+2.420000E+03|+1.980000E+03}}
}
{@BLOCK|prt0004|00
{@A-RES|0|+6.427366E+02{@LIM3|+5.400000E+02|+7.290000E+02|+3.510000E+02}}
}
{@BLOCK|prt0005|00
{@A-RES|0|+6.521910E+02{@LIM3|+5.400000E+02|+7.290000E+02|+3.510000E+02}}
}
{@BLOCK|prt0006|00
{@A-RES|0|+6.313675E+02{@LIM3|+5.400000E+02|+7.290000E+02|+3.510000E+02}}
}
{@BLOCK|prt0008|00
{@A-RES|0|+6.274470E+02{@LIM3|+5.400000E+02|+7.290000E+02|+3.510000E+02}}
}
{@BLOCK|prt0012|00
{@A-RES|0|+6.565216E+02{@LIM3|+5.400000E+02|+7.290000E+02|+3.510000E+02}}
}
{@BLOCK|prt0014|00
{@A-RES|0|+6.563810E+02{@LIM3|+5.400000E+02|+7.290000E+02|+3.510000E+02}}
}
{@BLOCK|prt0015|00
{@A-RES|0|+6.560532E+02{@LIM3|+5.400000E+02|+7.290000E+02|+3.510000E+02}}
}
{@BLOCK|r41003|00
{@A-RES|0|+2.202670E+03{@LIM3|+2.200000E+03|+2.420000E+03|+1.980000E+03}}
}
{@BLOCK|r20005|00
{@A-RES|0|+2.220322E+03{@LIM3|+2.200000E+03|+2.420000E+03|+1.980000E+03}}
}
{@BLOCK|r20006|00
{@A-RES|0|+2.229162E+03{@LIM3|+2.200000E+03|+2.420000E+03|+1.980000E+03}}
}
{@BLOCK|r43022|00
{@A-RES|0|+2.204607E+03{@LIM3|+2.200000E+03|+2.420000E+03|+1.980000E+03}}
}
{@BLOCK|r46202|00
{@A-RES|0|+2.234457E+03{@LIM3|+2.200000E+03|+2.420000E+03|+1.980000E+03}}
}
{@BLOCK|r46203|00
{@A-RES|0|+2.204711E+03{@LIM3|+2.200000E+03|+2.420000E+03|+1.980000E+03}}
}
{@BLOCK|r46207|00
{@A-RES|0|+2.217810E+03{@LIM3|+2.200000E+03|+2.420000E+03|+1.980000E+03}}
}
{@BLOCK|r46208|00
{@A-RES|0|+2.185857E+03{@LIM3|+2.200000E+03|+2.420000E+03|+1.980000E+03}}
}
{@BLOCK|r46215|00
{@A-RES|0|+2.195961E+03{@LIM3|+2.200000E+03|+2.420000E+03|+1.980000E+03}}
}
{@BLOCK|r46216|00
{@A-RES|0|+2.198527E+03{@LIM3|+2.200000E+03|+2.420000E+03|+1.980000E+03}}
}
{@BLOCK|r54210|00
{@A-RES|0|+2.245230E+03{@LIM3|+2.200000E+03|+2.420000E+03|+1.980000E+03}}
}
{@BLOCK|r54211|00
{@A-RES|0|+2.249633E+03{@LIM3|+2.200000E+03|+2.420000E+03|+1.980000E+03}}
}
{@BLOCK|r59005|00
{@A-RES|0|+2.232442E+03{@LIM3|+2.200000E+03|+2.420000E+03|+1.980000E+03}}
}
{@BLOCK|r59006|00
{@A-RES|0|+2.193401E+03{@LIM3|+2.200000E+03|+2.420000E+03|+1.980000E+03}}
}
{@BLOCK|r74209|00
{@A-RES|0|+2.227156E+03{@LIM3|+2.200000E+03|+2.420000E+03|+1.980000E+03}}
}
{@BLOCK|r85202|00
{@A-RES|0|+2.206687E+03{@LIM3|+2.200000E+03|+2.420000E+03|+1.980000E+03}}
}
{@BLOCK|r41028|00
{@A-RES|0|+4.740611E+03{@LIM3|+4.700000E+03|+5.170000E+03|+4.230000E+03}}
}
{@BLOCK|r41004|00
{@A-RES|0|+2.193010E+03{@LIM3|+2.200000E+03|+2.420000E+03|+1.980000E+03}}
}
{@BLOCK|r42002|00
{@A-RES|0|+2.212415E+03{@LIM3|+2.200000E+03|+2.420000E+03|+1.980000E+03}}
}
{@BLOCK|r42003|00
{@A-RES|0|+2.254703E+03{@LIM3|+2.200000E+03|+2.420000E+03|+1.980000E+03}}
}
{@BLOCK|r41005|00
{@A-RES|0|+4.716851E+03{@LIM3|+4.700000E+03|+5.170000E+03|+4.230000E+03}}
}
{@BLOCK|r41006|00
{@A-RES|0|+4.695908E+03{@LIM3|+4.700000E+03|+5.170000E+03|+4.230000E+03}}
}
{@BLOCK|r50208|00
{@A-RES|0|+4.612492E+03{@LIM3|+4.700000E+03|+5.170000E+03|+4.230000E+03}}
}
{@BLOCK|r11002|00
{@A-RES|0|+3.552029E+01{@LIM3|+3.300000E+01|+4.129999E+01|+2.970000E+01}}
}
{@BLOCK|r12002|00
{@A-RES|0|+3.746412E+01{@LIM3|+3.300000E+01|+4.129999E+01|+2.970000E+01}}
}
{@BLOCK|r41029|00
{@A-RES|0|+4.679995E+03{@LIM3|+4.700000E+03|+5.170000E+03|+4.230000E+03}}
}
{@BLOCK|r45235|00
{@A-RES|0|+4.706691E+03{@LIM3|+4.700000E+03|+5.170000E+03|+4.230000E+03}}
}
{@BLOCK|r45236|00
{@A-RES|0|+4.741567E+03{@LIM3|+4.700000E+03|+5.170000E+03|+4.230000E+03}}
}
{@BLOCK|r08001|00
{@A-RES|0|+5.110921E+01{@LIM3|+4.990000E+01|+5.789398E+01|+4.690600E+01}}
}
{@BLOCK|r10002|00
{@A-RES|0|+2.641038E+01{@LIM3|+2.400000E+01|+3.139999E+01|+2.160000E+01}}
}
{@BLOCK|r10004|00
{@A-RES|0|+7.158714E+04{@LIM3|+7.500000E+04|+8.250000E+04|+6.750000E+04}}
}
{@BLOCK|r22201|00
{@A-RES|0|+2.402221E+03{@LIM3|+2.400000E+03|+2.544000E+03|+2.256000E+03}}
}
{@BLOCK|r22202|00
{@A-RES|0|+2.402589E+03{@LIM3|+2.400000E+03|+2.544000E+03|+2.256000E+03}}
}
{@BLOCK|r12003|00
{@A-RES|0|+3.552577E+01{@LIM3|+3.300000E+01|+4.129999E+01|+2.970000E+01}}
}
{@BLOCK|r72003|00
{@A-RES|0|+3.550798E+01{@LIM3|+3.300000E+01|+4.129999E+01|+2.970000E+01}}
}
{@BLOCK|r83206|00
{@A-RES|0|+3.493412E+01{@LIM3|+3.300000E+01|+4.129999E+01|+2.970000E+01}}
}
{@BLOCK|r42013|00
{@A-RES|0|+1.037135E+01{@LIM3|+1.000000E+01|+1.350000E+01|+7.500000E+00}}
}
{@BLOCK|r10001|00
{@A-RES|0|+2.642229E+01{@LIM3|+2.400000E+01|+3.139999E+01|+2.160000E+01}}
}
{@BLOCK|r11005|00
{@A-RES|0|+1.001659E+07{@LIM3|+1.000000E+07|+1.250000E+07|+7.500000E+06}}
}
{@BLOCK|r72004|00
{@A-RES|0|+4.557885E+01{@LIM3|+4.300000E+01|+5.230000E+01|+3.870000E+01}}
}
{@BLOCK|r72005|00
{@A-RES|0|+4.582592E+01{@LIM3|+4.300000E+01|+5.230000E+01|+3.870000E+01}}
}
{@BLOCK|r22203|00
{@A-RES|0|+2.405292E+03{@LIM3|+2.400000E+03|+2.544000E+03|+2.256000E+03}}
}
{@BLOCK|r22204|00
{@A-RES|0|+2.403448E+03{@LIM3|+2.400000E+03|+2.544000E+03|+2.256000E+03}}
}
{@BLOCK|r22205|00
{@A-RES|0|+1.190128E+03{@LIM3|+1.200000E+03|+1.320000E+03|+1.080000E+03}}
}
{@BLOCK|r22206|00
{@A-RES|0|+1.194541E+03{@LIM3|+1.200000E+03|+1.320000E+03|+1.080000E+03}}
}
{@BLOCK|r42014|00
{@A-RES|0|+4.555337E+01{@LIM3|+4.300000E+01|+5.230000E+01|+3.870000E+01}}
}
{@BLOCK|r42015|00
{@A-RES|0|+4.496440E+01{@LIM3|+4.300000E+01|+5.230000E+01|+3.870000E+01}}
}
{@BLOCK|r42017|00
{@A-RES|0|+4.535349E+01{@LIM3|+4.300000E+01|+5.805000E+01|+3.870000E+01}}
}
{@BLOCK|r42021|00
{@A-RES|0|+3.334832E+03{@LIM3|+3.320000E+03|+3.519200E+03|+3.120800E+03}}
}
{@BLOCK|r42022|00
{@A-RES|0|+3.313069E+03{@LIM3|+3.320000E+03|+3.519200E+03|+3.120800E+03}}
}
{@BLOCK|r42023|00
{@A-RES|0|+3.353992E+03{@LIM3|+3.320000E+03|+3.519200E+03|+3.120800E+03}}
}
{@BLOCK|r42024|00
{@A-RES|0|+3.342313E+03{@LIM3|+3.320000E+03|+3.519200E+03|+3.120800E+03}}
}
{@BLOCK|r42025|00
{@A-RES|0|+3.339465E+03{@LIM3|+3.320000E+03|+3.519200E+03|+3.120800E+03}}
}
{@BLOCK|r42026|00
{@A-RES|0|+3.350170E+03{@LIM3|+3.320000E+03|+3.519200E+03|+3.120800E+03}}
}
{@BLOCK|r51210|00
{@A-RES|0|+2.418114E+01{@LIM3|+2.500000E+01|+3.375000E+01|+2.250000E+01}}
}
{@BLOCK|r53207|00
{@A-RES|0|+2.733845E+03{@LIM3|+2.700000E+03|+2.970000E+03|+2.430000E+03}}
}
{@BLOCK|r53208|00
{@A-RES|0|+2.680405E+03{@LIM3|+2.700000E+03|+2.970000E+03|+2.430000E+03}}
}
{@BLOCK|r53209|00
{@A-RES|0|+2.672181E+03{@LIM3|+2.700000E+03|+2.970000E+03|+2.430000E+03}}
}
{@BLOCK|r53210|00
{@A-RES|0|+2.686836E+03{@LIM3|+2.700000E+03|+2.970000E+03|+2.430000E+03}}
}
{@BLOCK|r53215|00
{@A-RES|0|+6.182697E+04{@LIM3|+6.190000E+04|+6.561400E+04|+5.818600E+04}}
}
{@BLOCK|r53221|00
{@A-RES|0|+4.984536E+03{@LIM3|+4.990000E+03|+5.289400E+03|+4.690600E+03}}
}
{@BLOCK|r58021|00
{@A-RES|0|+6.800812E+02{@LIM3|+6.800000E+02|+7.208000E+02|+6.392000E+02}}
}
{@BLOCK|r61210|00
{@A-RES|0|+5.175474E+01{@LIM3|+5.100000E+01|+5.905999E+01|+4.794000E+01}}
}
{@BLOCK|r64203|00
{@A-RES|0|+4.982318E+04{@LIM3|+4.990000E+04|+5.289400E+04|+4.690600E+04}}
}
{@BLOCK|r76207|00
{@A-RES|0|+3.011079E+03{@LIM3|+3.010000E+03|+3.190600E+03|+2.829400E+03}}
}
{@BLOCK|r83103|00
{@A-RES|0|+9.527031E+03{@LIM3|+9.530000E+03|+1.010180E+04|+8.958200E+03}}
}
{@BLOCK|r85201|00
{@A-RES|0|+2.192965E+04{@LIM3|+2.200000E+04|+2.860000E+04|+1.540000E+04}}
}
{@BLOCK|pq0002|00
{@A-NFE|0|+1.157778E+02{@LIM2|+3.100000E+02|+2.000000E+01}}
}
{@BLOCK|pq0004|00
{@A-NFE|0|+1.199867E+02{@LIM2|+2.000000E+02|+2.000000E+01}}
}
{@BLOCK|pq0102|00
{@A-NFE|0|+1.079712E+02{@LIM2|+2.000000E+02|+2.000000E+01}}
}
{@BLOCK|pq0901%qf|00
{@A-NFE|0|+4.989441E+04{@LIM2|+2.000000E+05|+2.000000E+01}}
}
{@BLOCK|pq1602|00
{@A-NFE|0|+1.038464E+02{@LIM2|+2.000000E+02|+2.000000E+01}}
}
{@BLOCK|pq1603|00
{@A-NFE|0|+1.205923E+02{@LIM2|+2.000000E+02|+2.000000E+01}}
}
{@BLOCK|pq1604|00
{@A-NFE|0|+9.667106E+01{@LIM2|+2.000000E+02|+2.000000E+01}}
}
{@BLOCK|pq1605|00
{@A-NFE|0|+1.011694E+02{@LIM2|+2.000000E+02|+2.000000E+01}}
}
{@BLOCK|q05001|00
{@A-NFE|0|+8.329616E+01{@LIM2|+2.000000E+02|+2.000000E+01}}
}
{@BLOCK|q05002|00
{@A-NFE|0|+7.107565E+01{@LIM2|+2.000000E+02|+2.000000E+01}}
}
{@BLOCK|q7601%qf2|00
{@A-NFE|0|+9.135935E+01{@LIM2|+2.000000E+02|+2.000000E+01}}
}
{@BLOCK|q7602%qf1|00
{@A-NFE|0|+8.275737E+01{@LIM2|+2.000000E+02|+2.000000E+01}}
}
{@BLOCK|q7602%qf2|00
{@A-NFE|0|+1.520154E+02{@LIM2|+2.000000E+02|+2.000000E+01}}
}
{@BLOCK|q46001|00
{@A-NFE|0|+8.643435E+01{@LIM2|+2.000000E+02|+2.000000E+01}}
}
{@BLOCK|q46002|00
{@A-NFE|0|+8.557105E+01{@LIM2|+2.000000E+02|+2.000000E+01}}
}
{@BLOCK|q46003|00
{@A-NFE|0|+9.016480E+01{@LIM2|+2.000000E+02|+2.000000E+01}}
}
{@BLOCK|q53001|00
{@A-NFE|0|+1.044686E+02{@LIM2|+2.000000E+02|+2.000000E+01}}
}
{@BLOCK|q53002|00
{@A-NFE|0|+1.030721E+02{@LIM2|+2.000000E+02|+2.000000E+01}}
}
{@BLOCK|q58004|00
{@A-NFE|0|+8.382884E+01{@LIM2|+2.000000E+02|+2.000000E+01}}
}
{@BLOCK|q58007|00
{@A-NFE|0|+8.545036E+01{@LIM2|+2.000000E+02|+2.000000E+01}}
}
{@BLOCK|q76003|00
{@A-NFE|0|+1.119575E+02{@LIM2|+2.000000E+02|+2.000000E+01}}
}
{@BLOCK|q76004|00
{@A-NFE|0|+1.101332E+02{@LIM2|+2.000000E+02|+2.000000E+01}}
}
{@BLOCK|pq0203%qf|00
{@A-PFE|0|+1.136387E+02{@LIM2|+2.000000E+02|+2.000000E+01}}
}
{@BLOCK|d07001|00
{@A-DIO|0|+5.852150E-01{@LIM2|+8.000000E-01|+4.000000E-01}}
}
{@BLOCK|d50003|00
{@A-DIO|0|+5.195780E-01{@LIM2|+8.000000E-01|+4.000000E-01}}
}
{@BLOCK|d51001|00
{@A-DIO|0|+5.233646E-01{@LIM2|+8.000000E-01|+4.000000E-01}}
}
{@BLOCK|d51002|00
{@A-DIO|0|+5.347245E-01{@LIM2|+8.000000E-01|+4.000000E-01}}
}
{@BLOCK|d51005|00
{@A-DIO|0|+5.313208E-01{@LIM2|+8.000000E-01|+4.000000E-01}}
}
{@BLOCK|d51008|00
{@A-DIO|0|+5.624223E-01{@LIM2|+8.000000E-01|+4.000000E-01}}
}
{@BLOCK|d83002|00
{@A-DIO|0|+4.948585E-01{@LIM2|+8.000000E-01|+4.000000E-01}}
}
{@BLOCK|d92001|00
{@A-DIO|0|+5.632348E-01{@LIM2|+8.000000E-01|+4.000000E-01}}
}
{@BLOCK|d92002|00
{@A-DIO|0|+4.654467E-01{@LIM2|+8.000000E-01|+4.000000E-01}}
}
{@BLOCK|d92003|00
{@A-DIO|0|+5.256196E-01{@LIM2|+8.000000E-01|+4.000000E-01}}
}
{@BLOCK|d92004|00
{@A-DIO|0|+4.890721E-01{@LIM2|+8.000000E-01|+4.000000E-01}}
}
{@BLOCK|d94001|00
{@A-DIO|0|+5.171528E-01{@LIM2|+8.000000E-01|+4.000000E-01}}
}
{@BLOCK|d94002|00
{@A-DIO|0|+5.155361E-01{@LIM2|+8.000000E-01|+4.000000E-01}}
}
{@BLOCK|pd0002|00
{@A-DIO|0|+4.684796E-01{@LIM2|+8.000000E-01|+4.000000E-01}}
}
{@BLOCK|pd0003|00
{@A-DIO|0|+7.121009E-01{@LIM2|+8.000000E-01|+4.000000E-01}}
}
{@BLOCK|r50001|00
{@A-RES|0|+3.964469E+02{@LIM3|+3.920000E+02|+4.155200E+02|+3.684800E+02}}
}
{@BLOCK|r74201|00
{@A-RES|0|+2.444816E+01{@LIM3|+2.200000E+01|+2.920001E+01|+1.980000E+01}}
}
{@BLOCK|r74202|00
{@A-RES|0|+2.390399E+01{@LIM3|+2.200000E+01|+2.920001E+01|+1.980000E+01}}
}
{@BLOCK|r74203|00
{@A-RES|0|+2.401238E+01{@LIM3|+2.200000E+01|+2.920001E+01|+1.980000E+01}}
}
{@BLOCK|q7601%qf1|00
{@A-NFE|0|+8.329970E+01{@LIM2|+2.000000E+02|+2.000000E+01}}
}
{@BLOCK|q70001|00
{@A-NFE|0|+1.043579E+02{@LIM2|+2.000000E+02|+2.000000E+01}}
}
{@BLOCK|d70001|00
{@A-DIO|0|+4.788686E-01{@LIM2|+8.000000E-01|+4.000000E-01}}
}
{@BLOCK|pd2001|00
{@A-DIO|0|+1.327921E+00{@LIM2|+1.800000E+00|+1.000000E+00}}
}
{@BLOCK|pd1601|00
{@A-DIO|0|+4.753296E-01{@LIM2|+8.000000E-01|+4.000000E-01}}
}
{@BLOCK|d53005%cr1|00
{@A-DIO|0|+6.881047E-01{@LIM2|+8.000000E-01|+4.000000E-01}}
}
{@BLOCK|d53005%cr2|00
{@A-DIO|0|+7.265668E-01{@LIM2|+8.000000E-01|+4.000000E-01}}
}
{@BLOCK|d53005%cr4|00
{@A-DIO|0|+7.225248E-01{@LIM2|+8.000000E-01|+4.000000E-01}}
}
{@BLOCK|d59003%cr1|00
{@A-DIO|0|+4.972836E-01{@LIM2|+8.000000E-01|+4.000000E-01}}
}
{@BLOCK|d59004%cr1|00
{@A-DIO|0|+5.076650E-01{@LIM2|+8.000000E-01|+4.000000E-01}}
}
{@BLOCK|led1%org|00
{@A-DIO|0|+2.141490E+00{@LIM2|+2.200000E+00|+1.200000E+00}}
}
{@BLOCK|led1%white|00
{@A-DIO|0|+2.845278E+00{@LIM2|+3.500000E+00|+2.500000E+00}}
}
{@BLOCK|pq0001|00
{@A-DIO|0|+6.959758E-01|B-E{@LIM2|+8.040000E-01|+6.010000E-01}}
{@A-DIO|0|+6.877643E-01|B-C{@LIM2|+8.050000E-01|+6.020000E-01}}
}
{@BLOCK|d63005|00
{@A-DIO|0|+5.169055E-01{@LIM2|+8.000000E-01|+4.000000E-01}}
}
{@BLOCK|d63012|00
{@A-DIO|0|+4.449012E-01{@LIM2|+8.000000E-01|+4.000000E-01}}
}
{@BLOCK|d63016|00
{@A-DIO|0|+5.446380E-01{@LIM2|+8.000000E-01|+4.000000E-01}}
}
{@BLOCK|d63017|00
{@A-DIO|0|+5.446380E-01{@LIM2|+8.000000E-01|+4.000000E-01}}
}
{@BLOCK|d63018|00
{@A-DIO|0|+5.235333E-01{@LIM2|+8.000000E-01|+4.000000E-01}}
}
{@BLOCK|d63019|00
{@A-DIO|0|+6.811511E-01{@LIM2|+8.000000E-01|+4.000000E-01}}
}
{@BLOCK|d64005|00
{@A-DIO|0|+5.169055E-01{@LIM2|+8.000000E-01|+4.000000E-01}}
}
{@BLOCK|d64012|00
{@A-DIO|0|+5.133313E-01{@LIM2|+8.000000E-01|+4.000000E-01}}
}
{@BLOCK|d64018|00
{@A-DIO|0|+6.688965E-01{@LIM2|+8.000000E-01|+4.000000E-01}}
}
{@BLOCK|d64019|00
{@A-DIO|0|+6.685561E-01{@LIM2|+8.000000E-01|+4.000000E-01}}
}
{@BLOCK|d67002|00
{@A-DIO|0|+6.169847E-01{@LIM2|+9.000000E-01|+5.000000E-01}}
}
{@BLOCK|d84001|00
{@A-DIO|0|+5.742638E-01{@LIM2|+8.000000E-01|+4.000000E-01}}
}
{@BLOCK|d84002|00
{@A-DIO|0|+5.606476E-01{@LIM2|+8.000000E-01|+4.000000E-01}}
}
{@BLOCK|d84004|00
{@A-DIO|0|+5.833317E-01{@LIM2|+8.000000E-01|+4.000000E-01}}
}
{@BLOCK|d84005|00
{@A-DIO|0|+5.432870E-01{@LIM2|+8.000000E-01|+4.000000E-01}}
}
{@BLOCK|d53003%ds1|00
{@A-DIO|0|+5.170757E-01{@LIM2|+8.000000E-01|+4.000000E-01}}
}
{@BLOCK|d53003%ds3|00
{@A-DIO|0|+5.175864E-01{@LIM2|+8.000000E-01|+4.000000E-01}}
}
{@BLOCK|d53003%ds4|00
{@A-DIO|0|+5.175864E-01{@LIM2|+8.000000E-01|+4.000000E-01}}
}
{@BLOCK|d53004%ds1|00
{@A-DIO|0|+5.170757E-01{@LIM2|+8.000000E-01|+4.000000E-01}}
}
{@BLOCK|d53004%ds2|00
{@A-DIO|0|+5.167353E-01{@LIM2|+8.000000E-01|+4.000000E-01}}
}
{@BLOCK|d53004%ds3|00
{@A-DIO|0|+5.170757E-01{@LIM2|+8.000000E-01|+4.000000E-01}}
}
{@BLOCK|d67003%ds1|00
{@A-DIO|0|+1.153506E+00{@LIM2|+1.800000E+00|+1.000000E+00}}
}
{@BLOCK|pd2002|00
{@A-DIO|0|+5.229795E-01{@LIM2|+8.000000E-01|+4.000000E-01}}
}
{@BLOCK|d67003%ds3|00
{@A-DIO|0|+6.309413E-01{@LIM2|+8.000000E-01|+4.000000E-01}}
}
{@BLOCK|d67003%ds4|00
{@A-DIO|0|+6.341752E-01{@LIM2|+8.000000E-01|+4.000000E-01}}
}
{@BLOCK|pd0901|00
{@A-DIO|0|+3.748945E-01{@LIM2|+6.000000E-01|+2.000000E-01}}
}
{@BLOCK|c48101|00
{@A-CAP|0|+4.635939E-05{@LIM3|+4.732000E-05|+6.151600E-05|+3.312400E-05}}
}
{@BLOCK|c45102|00
{@A-CAP|0|+5.232915E-05{@LIM3|+5.920000E-05|+7.992000E-05|+3.848000E-05}}
}
{@BLOCK|testjet|00
{@TJET|00|0000|jcp1
}
{@TJET|00|0000|jfan1
}
{@TJET|00|0000|jiob1
}
{@TJET|00|0000|jkbl1
}
{@TJET|00|0000|jnfc1
}
{@TJET|00|0000|jpsen1
}
{@TJET|00|0000|jpsen2
}
{@TJET|00|0000|jsc1
}
{@TJET|00|0000|jspk1
}
{@TJET|00|0000|jssd1
}
{@TJET|00|0000|jtp1
}
{@TJET|00|0000|jwwan1
}
{@TJET|00|0000|pu1001
}
{@TJET|00|0000|pu1101
}
{@TJET|00|0000|pu1201
}
{@TJET|00|0000|pu1301
}
{@TJET|00|0000|u7601
}
{@TJET|00|0000|u9801
}
{@TJET|00|0000|uec1
}
{@TJET|00|0000|uhbr1
}
{@TJET|00|0000|uhbr2
}
{@TJET|00|0000|upd1
}
}
{@BLOCK|power_nodes|00
{@A-MEA|0|+1.201443E+01|VINT20_IN{@LIM2|+1.400000E+01|+1.000000E+01}}
{@A-MEA|0|+1.243088E+01|VSYS18{@LIM2|+1.400000E+01|+1.000000E+01}}
{@A-MEA|0|+3.379885E+00|VCC3M{@LIM2|+4.000000E+00|+2.500000E+00}}
{@A-MEA|0|+5.095017E+00|VCC5M{@LIM2|+6.000000E+00|+4.500000E+00}}
{@A-MEA|0|+1.801815E+00|VCC1R8_PRIM{@LIM2|+2.500000E+00|+1.200000E+00}}
}
{@D-T|0|384||0|u2201
}
{@D-T|0|384||0|u2202
}
{@D-T|0|384||0|u7003
}
{@D-T|0|384||0|u11001
}
{@D-T|0|384||0|u12001
}
{@D-T|0|384||0|u41001
}
{@D-T|0|384||0|u5002
}
{@D-T|0|384||0|u7004
}
{@BLOCK|pq0007|00
{@A-MEA|0|+1.201307E+01|pino6{@LIM2|+1.400000E+01|+1.000000E+01}}
}
{@BLOCK|pq0008|00
{@A-MEA|0|+1.201307E+01|pino6{@LIM2|+1.400000E+01|+1.000000E+01}}
}
{@BLOCK|pu0002|00
{@A-MEA|0|+3.283550E+00|pino1{@LIM2|+4.000000E+00|+2.500000E+00}}
{@A-MEA|0|+2.961527E-01|pino4{@LIM2|+1.000000E+00|-1.000000E+00}}
{@A-MEA|0|+3.304655E+00|pino5{@LIM2|+4.000000E+00|+2.500000E+00}}
}
{@BLOCK|pu0201|00
{@A-MEA|0|+1.201035E+01|pino1{@LIM2|+1.230000E+01|+1.170000E+01}}
}
{@BLOCK|pu0301|00
{@A-MEA|0|+1.242952E+01|pino1{@LIM2|+1.250000E+01|+1.150000E+01}}
{@A-MEA|0|+5.165892E+00|pino7{@LIM2|+5.600000E+00|+4.500000E+00}}
}
{@BLOCK|pu0401|00
{@A-MEA|0|+1.243497E+01|pino1{@LIM2|+1.400000E+01|+1.000000E+01}}
{@A-MEA|0|+5.293201E+00|pino9{@LIM2|+6.000000E+00|+4.000000E+00}}
}
{@BLOCK|pu0501|00
{@A-MEA|0|+1.243088E+01|pino2{@LIM2|+1.250000E+01|+1.150000E+01}}
{@A-MEA|0|+3.380736E+00|pino14{@LIM2|+3.800000E+00|+3.000000E+00}}
}
{@BLOCK|pu0701|00
{@A-MEA|0|+1.821983E+00|pino5{@LIM2|+2.500000E+00|+1.000000E+00}}
{@A-MEA|0|+5.094847E+00|pino6{@LIM2|+5.500000E+00|+4.500000E+00}}
}
{@BLOCK|pu0801|00
{@A-MEA|0|+1.802666E+00|pino2{@LIM2|+2.500000E+00|+1.000000E+00}}
}
{@BLOCK|pu2001|00
{@A-MEA|0|+3.379715E+00|pino1{@LIM2|+3.500000E+00|+2.500000E+00}}
{@A-MEA|0|+5.094166E+00|pino4{@LIM2|+5.500000E+00|+4.500000E+00}}
{@A-MEA|0|+3.379715E+00|pino6{@LIM2|+3.500000E+00|+2.500000E+00}}
{@A-MEA|0|+3.380395E+00|pino13{@LIM2|+3.500000E+00|+2.500000E+00}}
}
{@BLOCK|pu2002|00
{@A-MEA|0|+3.379715E+00|pino3{@LIM2|+3.700000E+00|+2.500000E+00}}
}
{@BLOCK|pu2301|00
{@A-MEA|0|+3.379374E+00|pino1{@LIM2|+3.500000E+00|+2.500000E+00}}
{@A-MEA|0|+5.094166E+00|pino4{@LIM2|+5.500000E+00|+4.500000E+00}}
{@A-MEA|0|+3.379885E+00|pino6{@LIM2|+3.500000E+00|+2.500000E+00}}
{@A-MEA|0|+3.380055E+00|pino8{@LIM2|+3.500000E+00|+2.500000E+00}}
{@A-MEA|0|+3.380225E+00|pino13{@LIM2|+3.500000E+00|+2.500000E+00}}
}
{@BLOCK|pu2302|00
{@A-MEA|0|+5.094847E+00|pino1{@LIM2|+5.500000E+00|+4.500000E+00}}
{@A-MEA|0|+5.094166E+00|pino4{@LIM2|+5.500000E+00|+4.500000E+00}}
{@A-MEA|0|+1.801729E+00|pino6{@LIM2|+2.500000E+00|+1.000000E+00}}
{@A-MEA|0|+1.801815E+00|pino8{@LIM2|+2.500000E+00|+1.000000E+00}}
{@A-MEA|0|+5.094166E+00|pino13{@LIM2|+5.500000E+00|+4.500000E+00}}
}
{@BLOCK|u4401|00
{@A-MEA|0|+1.801474E+00|pino1{@LIM2|+2.500000E+00|+1.000000E+00}}
{@A-MEA|0|+3.304825E+00|pino4{@LIM2|+4.000000E+00|+2.500000E+00}}
}
{@BLOCK|u5001|00
{@A-MEA|0|+1.511910E+00|pino1{@LIM2|+2.200000E+00|+1.000000E+00}}
}
{@BLOCK|u5102|00
{@A-MEA|0|+3.300400E+00|pino1{@LIM2|+3.500000E+00|+2.500000E+00}}
{@A-MEA|0|+4.716146E+00|pino6{@LIM2|+5.500000E+00|+4.500000E+00}}
}
{@BLOCK|u5301|00
{@A-MEA|0|+1.204364E+00|pino1{@LIM2|+2.000000E+00|+8.000000E-01}}
{@A-MEA|0|+1.801474E+00|pino4{@LIM2|+2.500000E+00|+1.000000E+00}}
}
{@BLOCK|u5302|00
{@A-MEA|0|+3.380055E+00|pino1{@LIM2|+3.600000E+00|+2.500000E+00}}
{@A-MEA|0|+1.204449E+00|pino6{@LIM2|+1.500000E+00|+1.000000E+00}}
}
{@BLOCK|u5303|00
{@A-MEA|0|+5.093996E+00|pino1{@LIM2|+5.700000E+00|+4.500000E+00}}
{@A-MEA|0|+5.093826E+00|pino6{@LIM2|+5.700000E+00|+4.500000E+00}}
}
{@BLOCK|u5501|00
{@A-MEA|0|+3.378183E+00|pino1{@LIM2|+4.000000E+00|+2.500000E+00}}
{@A-MEA|0|+5.093996E+00|pino4{@LIM2|+6.000000E+00|+4.000000E+00}}
{@A-MEA|0|+8.981596E-01|pino8{@LIM2|+2.500000E+00|+1.000000E-01}}
}
{@BLOCK|u5701|00
{@A-MEA|0|+3.378864E+00|pino1{@LIM2|+4.000000E+00|+2.500000E+00}}
{@A-MEA|0|+5.094847E+00|pino4{@LIM2|+6.000000E+00|+4.000000E+00}}
}
{@BLOCK|u6701|00
{@A-MEA|0|+5.093996E+00|pino1{@LIM2|+6.000000E+00|+4.000000E+00}}
{@A-MEA|0|+5.093315E+00|pino12{@LIM2|+6.000000E+00|+4.000000E+00}}
}
{@BLOCK|u8301|00
{@A-MEA|0|+1.797219E+00|pino20{@LIM2|+2.300000E+00|+1.500000E+00}}
{@A-MEA|0|+5.089401E+00|pino33{@LIM2|+5.500000E+00|+4.500000E+00}}
{@A-MEA|0|+5.089911E+00|pino41{@LIM2|+5.500000E+00|+4.500000E+00}}
}
{@BLOCK|u9401|00
{@A-MEA|0|+1.808963E+00|pino1{@LIM2|+2.500000E+00|+1.000000E+00}}
{@A-MEA|0|+3.380225E+00|pino4{@LIM2|+4.000000E+00|+2.500000E+00}}
}
{@BLOCK|u9801|00
{@A-MEA|0|+1.801644E+00|pino1{@LIM2|+2.500000E+00|+1.000000E+00}}
{@A-MEA|0|+1.801304E+00|pino14{@LIM2|+2.500000E+00|+1.000000E+00}}
}
{@BLOCK|u58001|00
{@A-MEA|0|+3.380055E+00|pino21{@LIM2|+3.500000E+00|+2.800000E+00}}
{@A-MEA|0|+3.380055E+00|pino27{@LIM2|+3.500000E+00|+2.500000E+00}}
}
{@BLOCK|u59001|00
{@A-MEA|0|+1.804793E+00|pino1{@LIM2|+2.500000E+00|+1.000000E+00}}
{@A-MEA|0|+3.380906E+00|pino4{@LIM2|+3.500000E+00|+2.500000E+00}}
}
{@BLOCK|u92001|00
{@A-MEA|0|+3.379885E+00|pino1{@LIM2|+3.500000E+00|+2.500000E+00}}
{@A-MEA|0|+5.093656E+00|pino4{@LIM2|+5.500000E+00|+4.500000E+00}}
{@A-MEA|0|+3.380395E+00|pino14{@LIM2|+3.500000E+00|+2.500000E+00}}
}
{@BLOCK|u92002|00
{@A-MEA|0|+3.379885E+00|pino1{@LIM2|+4.000000E+00|+2.500000E+00}}
{@A-MEA|0|+5.093656E+00|pino4{@LIM2|+6.000000E+00|+4.000000E+00}}
{@A-MEA|0|+3.379544E+00|pino6{@LIM2|+4.000000E+00|+2.500000E+00}}
{@A-MEA|0|+3.380566E+00|pino9{@LIM2|+4.000000E+00|+2.500000E+00}}
{@A-MEA|0|+3.380395E+00|pino14{@LIM2|+4.000000E+00|+2.500000E+00}}
}
{@BLOCK|u92003|00
{@A-MEA|0|+5.094166E+00|pino1{@LIM2|+5.500000E+00|+4.500000E+00}}
{@A-MEA|0|+5.093996E+00|pino4{@LIM2|+5.500000E+00|+4.500000E+00}}
{@A-MEA|0|+3.380055E+00|pino6{@LIM2|+3.500000E+00|+2.500000E+00}}
{@A-MEA|0|+5.093485E+00|pino14{@LIM2|+5.500000E+00|+4.500000E+00}}
}
}}