{@BATCH|e14_gen7_lnl_intel||4073|1||btest|131229233228~16|ICT0263\engineer|ICT0263|C:/Agilent_ICT/boards/e14_gen7_lnl_intel|RevA|sb21v27520_u7||sb21v27520_u7
{@BTEST|6683000370|00|131230002016|000014|0|all||n||131230002030||1
{@BLOCK|ca2|00
{@A-CAP|0|+6.604680E-06{@LIM3|+6.800000E-06|+8.840000E-06|+4.760000E-06}}
}
{@BLOCK|cc14|00
{@A-CAP|0|+9.396660E-08{@LIM3|+1.000000E-07|+1.300000E-07|+7.000000E-08}}
}
{@BLOCK|ci209|00
{@A-CAP|0|+4.533160E-05{@LIM3|+4.900000E-05|+6.615000E-05|+3.185000E-05}}
}
{@BLOCK|cc66|00
{@A-CAP|0|+2.117985E-06{@LIM3|+2.100000E-06|+2.520000E-06|+1.680000E-06}}
}
{@BLOCK|pc522|00
{@A-CAP|0|+6.292723E-06{@LIM3|+6.101000E-06|+7.931300E-06|+4.270700E-06}}
}
{@BLOCK|ce1125|00
{@A-CAP|0|+8.683375E-08{@LIM3|+1.000000E-07|+1.300000E-07|+7.000000E-08}}
}
{@BLOCK|ci105|00
{@A-CAP|0|+9.150218E-06{@LIM3|+1.020000E-05|+1.326000E-05|+7.140000E-06}}
}
{@BLOCK|ci208|00
{@A-CAP|0|+4.248075E-05{@LIM3|+4.391000E-05|+5.708300E-05|+3.073094E-05}}
}
{@BLOCK|pc535|00
{@A-CAP|0|+4.180684E-04{@LIM3|+4.254000E-04|+5.530200E-04|+2.971912E-04}}
}
{@BLOCK|cn5|00
{@A-CAP|0|+2.250041E-05{@LIM3|+2.420000E-05|+3.146000E-05|+1.694000E-05}}
}
{@BLOCK|pc400|00
{@A-CAP|0|+1.072954E-04{@LIM3|+1.051000E-04|+1.366300E-04|+7.357000E-05}}
}
{@BLOCK|cu648|00
{@A-CAP|0|+2.068374E-06{@LIM3|+2.300000E-06|+2.990000E-06|+1.610000E-06}}
}
{@BLOCK|cu661|00
{@A-CAP|0|+2.126611E-06{@LIM3|+2.300000E-06|+2.990000E-06|+1.610000E-06}}
}
{@BLOCK|cu11|00
{@A-CAP|0|+9.614243E-06{@LIM3|+1.080000E-05|+1.404000E-05|+7.560000E-06}}
}
{@BLOCK|cu3|00
{@A-CAP|0|+9.136489E-06{@LIM3|+1.080000E-05|+1.404000E-05|+7.560000E-06}}
}
{@BLOCK|cu1004|00
{@A-CAP|0|+1.320569E-04{@LIM3|+1.502000E-04|+1.952600E-04|+1.049984E-04}}
}
{@BLOCK|cv12|00
{@A-CAP|0|+6.356103E-06{@LIM3|+5.800000E-06|+7.540000E-06|+4.060000E-06}}
}
{@BLOCK|cv175|00
{@A-CAP|0|+9.473025E-07{@LIM3|+1.100000E-06|+1.430000E-06|+7.700000E-07}}
}
{@BLOCK|cv156|00
{@A-CAP|0|+9.258589E-07{@LIM3|+1.100000E-06|+1.430000E-06|+7.700000E-07}}
}
{@BLOCK|cv500|00
{@A-CAP|0|+2.235168E-07{@LIM3|+2.000000E-07|+2.600000E-07|+1.400000E-07}}
}
{@BLOCK|cv541|00
{@A-CAP|0|+1.478104E-05{@LIM3|+1.513000E-05|+1.966900E-05|+1.059100E-05}}
}
{@BLOCK|pc300|00
{@A-CAP|0|+1.372075E-04{@LIM3|+1.376000E-04|+1.788800E-04|+9.632000E-05}}
}
{@BLOCK|pc334|00
{@A-CAP|0|+5.102959E-06{@LIM3|+5.611000E-06|+6.733200E-06|+4.488800E-06}}
}
{@BLOCK|pc409|00
{@A-CAP|0|+1.056811E-07{@LIM3|+1.000000E-07|+1.200000E-07|+8.000000E-08}}
}
{@BLOCK|pc500|00
{@A-CAP|0|+9.046884E-08{@LIM3|+1.000000E-07|+1.200000E-07|+8.000000E-08}}
}
{@BLOCK|pc506|00
{@A-CAP|0|+9.030447E-08{@LIM3|+1.000000E-07|+1.200000E-07|+8.000000E-08}}
}
{@BLOCK|pc1048|00
{@A-CAP|0|+1.205988E-03{@LIM3|+1.144000E-03|+1.487200E-03|+7.992167E-04}}
}
{@BLOCK|pc1126|00
{@A-CAP|0|+1.052702E-07{@LIM3|+1.000000E-07|+1.200000E-07|+8.000000E-08}}
}
{@BLOCK|pc1229|00
{@A-CAP|0|+1.023580E-07{@LIM3|+1.000000E-07|+1.200000E-07|+8.000000E-08}}
}
{@BLOCK|pc1234|00
{@A-CAP|0|+9.514490E-08{@LIM3|+1.000000E-07|+1.200000E-07|+8.000000E-08}}
}
{@BLOCK|ca29|00
{@A-CAP|0|+2.288362E-06{@LIM3|+2.200000E-06|+2.860000E-06|+1.540000E-06}}
}
{@BLOCK|ca413|00
{@A-CAP|0|+2.333610E-06{@LIM3|+2.200000E-06|+2.860000E-06|+1.540000E-06}}
}
{@BLOCK|ca414|00
{@A-CAP|0|+2.360410E-06{@LIM3|+2.200000E-06|+2.860000E-06|+1.540000E-06}}
}
{@BLOCK|cc29|00
{@A-CAP|0|+3.496259E-05{@LIM3|+3.440000E-05|+4.644000E-05|+2.236000E-05}}
}
{@BLOCK|cc31|00
{@A-CAP|0|+3.620727E-05{@LIM3|+3.440000E-05|+4.644000E-05|+2.236000E-05}}
}
{@BLOCK|cc35|00
{@A-CAP|0|+2.039236E-05{@LIM3|+2.440000E-05|+3.294000E-05|+1.586000E-05}}
}
{@BLOCK|pc355|00
{@A-CAP|0|+2.630698E-06{@LIM3|+2.200000E-06|+3.740000E-06|+1.100000E-06}}
}
{@BLOCK|pc1422|00
{@A-CAP|0|+1.042762E-04{@LIM3|+1.166000E-04|+1.982200E-04|+5.830000E-05}}
}
{@BLOCK|pc1107|00
{@A-CAP|0|+3.939559E-05{@LIM3|+4.220000E-05|+5.486000E-05|+2.954000E-05}}
}
{@BLOCK|pc1660|00
{@A-CAP|0|+1.733178E-04{@LIM3|+1.736000E-04|+2.951200E-04|+5.208000E-05}}
}
{@BLOCK|pc1204|00
{@A-CAP|0|+1.204737E-04{@LIM3|+1.076000E-04|+1.398800E-04|+7.532000E-05}}
}
{@BLOCK|ru698|00
{@A-CAP|0|+2.528450E-06{@LIM3|+2.200000E-06|+2.860000E-06|+1.540000E-06}}
}
{@BLOCK|cc51|00
{@A-CAP|0|+7.427271E-05{@LIM3|+6.000000E-05|+8.100000E-05|+4.199172E-05}}
}
{@BLOCK|cc55|00
{@A-CAP|0|+7.395571E-05{@LIM3|+6.500000E-05|+8.775000E-05|+4.549103E-05}}
}
{@BLOCK|ce24|00
{@A-CAP|0|+1.106397E-06{@LIM3|+1.000000E-06|+1.300000E-06|+7.000000E-07}}
}
{@BLOCK|ce40|00
{@A-CAP|0|+1.059065E-09{@LIM3|+1.000000E-09|+1.177000E-09|+8.000000E-10}}
}
{@BLOCK|pc354|00
{@A-CAP|0|+9.412038E-07{@LIM3|+1.000000E-06|+1.300000E-06|+7.000000E-07}}
}
{@BLOCK|pc1831|00
{@A-CAP|0|+4.704905E-04{@LIM3|+5.140000E-04|+6.682000E-04|+3.587335E-04}}
}
{@BLOCK|pc1825|00
{@A-CAP|0|+7.049109E-04{@LIM3|+6.790000E-04|+8.827000E-04|+4.743603E-04}}
}
{@BLOCK|pc1828|00
{@A-CAP|0|+5.244328E-04{@LIM3|+5.360000E-04|+6.968000E-04|+3.744582E-04}}
}
{@BLOCK|pc523|00
{@A-CAP|0|+4.559508E-06{@LIM3|+4.700000E-06|+6.110000E-06|+3.290000E-06}}
}
{@BLOCK|pc1053|00
{@A-CAP|0|+4.782083E-06{@LIM3|+4.700000E-06|+6.110000E-06|+3.290000E-06}}
}
{@BLOCK|cr37|00
{@A-CAP|0|+1.116321E-05{@LIM3|+1.100000E-05|+1.430000E-05|+7.700000E-06}}
}
{@BLOCK|cu5|00
{@A-CAP|0|+1.158033E-05{@LIM3|+1.200000E-05|+1.560000E-05|+8.400000E-06}}
}
{@BLOCK|pc323|00
{@A-CAP|0|+6.113231E-05{@LIM3|+6.491400E-05|+8.438820E-05|+4.543980E-05}}
}
{@BLOCK|pc402|00
{@A-CAP|0|+1.350766E-04{@LIM3|+1.400000E-04|+1.820000E-04|+9.800000E-05}}
}
{@BLOCK|pc1008|00
{@A-CAP|0|+7.323178E-05{@LIM3|+8.000000E-05|+1.040000E-04|+5.600000E-05}}
}
{@BLOCK|ca417|00
{@A-CAP|0|+7.821759E-10{@LIM3|+7.800000E-10|+9.279707E-10|+6.240000E-10}}
}
{@BLOCK|ca412|00
{@A-CAP|0|+7.270433E-10{@LIM3|+7.800000E-10|+9.279707E-10|+6.240000E-10}}
}
{@BLOCK|ce1126|00
{@A-CAP|0|+9.211170E-09{@LIM3|+1.000000E-08|+1.200000E-08|+8.000000E-09}}
}
{@BLOCK|cc17|00
{@A-CAP|0|+9.900766E-07{@LIM3|+1.000000E-06|+1.200000E-06|+8.000000E-07}}
}
{@BLOCK|cc98|00
{@A-CAP|0|+1.056999E-06{@LIM3|+1.000000E-06|+1.200000E-06|+8.000000E-07}}
}
{@BLOCK|pc1232|00
{@A-CAP|0|+2.265666E-07{@LIM3|+2.200000E-07|+2.640000E-07|+1.760000E-07}}
}
{@BLOCK|cu1|00
{@A-CAP|0|+3.803025E-10{@LIM3|+4.500000E-10|+5.543181E-10|+3.600000E-10}}
}
{@BLOCK|cu2|00
{@A-CAP|0|+3.787217E-10{@LIM3|+4.500000E-10|+5.543181E-10|+3.600000E-10}}
}
{@BLOCK|cu8|00
{@A-CAP|0|+3.803025E-10{@LIM3|+4.500000E-10|+5.543181E-10|+3.600000E-10}}
}
{@BLOCK|pc1005|00
{@A-CAP|0|+4.567790E-07{@LIM3|+4.700000E-07|+5.640000E-07|+3.760000E-07}}
}
{@BLOCK|pc1006|00
{@A-CAP|0|+4.292021E-07{@LIM3|+4.700000E-07|+5.640000E-07|+3.760000E-07}}
}
{@BLOCK|pc122|00
{@A-CAP|0|+2.196077E-06{@LIM3|+2.200000E-06|+2.640000E-06|+1.760000E-06}}
}
{@BLOCK|pc331|00
{@A-CAP|0|+4.168402E-08{@LIM3|+4.700000E-08|+5.640000E-08|+3.760000E-08}}
}
{@BLOCK|pc332|00
{@A-CAP|0|+4.064385E-08{@LIM3|+4.700000E-08|+5.640000E-08|+3.760000E-08}}
}
{@BLOCK|pc524|00
{@A-CAP|0|+3.705328E-10{@LIM3|+3.300000E-10|+4.455000E-10|+2.145000E-10}}
}
{@BLOCK|pr1129|00
{@A-RES|0|+1.000241E+04{@LIM3|+1.000000E+04|+1.100000E+04|+9.000000E+03}}
}
{@BLOCK|pr1234|00
{@A-RES|0|+1.002337E+04{@LIM3|+1.000000E+04|+1.100000E+04|+9.000000E+03}}
}
{@BLOCK|pr1271|00
{@A-RES|0|+9.919085E+03{@LIM3|+1.000000E+04|+1.100000E+04|+9.000000E+03}}
}
{@BLOCK|ra20|00
{@A-RES|0|+1.014005E+04{@LIM3|+1.000000E+04|+1.100000E+04|+9.000000E+03}}
}
{@BLOCK|rc56|00
{@A-RES|0|+9.672507E+03{@LIM3|+1.000000E+04|+1.100000E+04|+9.000000E+03}}
}
{@BLOCK|rc57|00
{@A-RES|0|+9.603383E+03{@LIM3|+1.000000E+04|+1.100000E+04|+9.000000E+03}}
}
{@BLOCK|rc179|00
{@A-RES|0|+9.894299E+03{@LIM3|+1.000000E+04|+1.100000E+04|+9.000000E+03}}
}
{@BLOCK|rc207|00
{@A-RES|0|+9.958721E+03{@LIM3|+1.000000E+04|+1.100000E+04|+9.000000E+03}}
}
{@BLOCK|rc234|00
{@A-RES|0|+9.907878E+03{@LIM3|+1.000000E+04|+1.100000E+04|+9.000000E+03}}
}
{@BLOCK|rc244|00
{@A-RES|0|+9.746632E+03{@LIM3|+1.000000E+04|+1.100000E+04|+9.000000E+03}}
}
{@BLOCK|rc411|00
{@A-RES|0|+9.901873E+02{@LIM3|+1.000000E+03|+1.100000E+03|+9.000000E+02}}
}
{@BLOCK|rc401|00
{@A-RES|0|+1.005076E+04{@LIM3|+1.000000E+04|+1.100000E+04|+9.000000E+03}}
}
{@BLOCK|re98|00
{@A-RES|0|+9.896366E+03{@LIM3|+1.000000E+04|+1.100000E+04|+9.000000E+03}}
}
{@BLOCK|re159|00
{@A-RES|0|+9.880602E+03{@LIM3|+1.000000E+04|+1.250000E+04|+7.500000E+03}}
}
{@BLOCK|re1125|00
{@A-RES|0|+9.952669E+03{@LIM3|+1.000000E+04|+1.100000E+04|+9.000000E+03}}
}
{@BLOCK|ri111|00
{@A-RES|0|+9.915158E+03{@LIM3|+1.000000E+04|+1.100000E+04|+9.000000E+03}}
}
{@BLOCK|ri309|00
{@A-RES|0|+9.937679E+03{@LIM3|+1.000000E+04|+1.100000E+04|+9.000000E+03}}
}
{@BLOCK|ri812|00
{@A-RES|0|+9.805400E+03{@LIM3|+1.000000E+04|+1.100000E+04|+9.000000E+03}}
}
{@BLOCK|ri815|00
{@A-RES|0|+9.920909E+03{@LIM3|+1.000000E+04|+1.100000E+04|+9.000000E+03}}
}
{@BLOCK|rk3|00
{@A-RES|0|+1.000799E+04{@LIM3|+1.000000E+04|+1.100000E+04|+9.000000E+03}}
}
{@BLOCK|rn2|00
{@A-RES|0|+1.011452E+04{@LIM3|+1.000000E+04|+1.100000E+04|+9.000000E+03}}
}
{@BLOCK|rn10|00
{@A-RES|0|+1.012269E+04{@LIM3|+1.000000E+04|+1.100000E+04|+9.000000E+03}}
}
{@BLOCK|rn36|00
{@A-RES|0|+9.951872E+03{@LIM3|+1.000000E+04|+1.100000E+04|+9.000000E+03}}
}
{@BLOCK|rt10|00
{@A-RES|0|+9.502726E+03{@LIM3|+1.000000E+04|+1.350000E+04|+6.500000E+03}}
}
{@BLOCK|ru25|00
{@A-RES|0|+1.004111E+04{@LIM3|+1.000000E+04|+1.100000E+04|+9.000000E+03}}
}
{@BLOCK|ru606|00
{@A-RES|0|+9.925838E+03{@LIM3|+1.000000E+04|+1.100000E+04|+9.000000E+03}}
}
{@BLOCK|ru633|00
{@A-RES|0|+9.884422E+03{@LIM3|+1.000000E+04|+1.100000E+04|+9.000000E+03}}
}
{@BLOCK|ru733|00
{@A-RES|0|+1.028956E+04{@LIM3|+1.000000E+04|+1.100000E+04|+9.000000E+03}}
}
{@BLOCK|ru902|00
{@A-RES|0|+9.965051E+03{@LIM3|+1.000000E+04|+1.100000E+04|+9.000000E+03}}
}
{@BLOCK|ru903|00
{@A-RES|0|+1.006397E+04{@LIM3|+1.000000E+04|+1.100000E+04|+9.000000E+03}}
}
{@BLOCK|ru1095|00
{@A-RES|0|+9.942931E+03{@LIM3|+1.000000E+04|+1.100000E+04|+9.000000E+03}}
}
{@BLOCK|rv19|00
{@A-RES|0|+9.995266E+03{@LIM3|+1.000000E+04|+1.100000E+04|+9.000000E+03}}
}
{@BLOCK|rv22|00
{@A-RES|0|+9.966028E+03{@LIM3|+1.000000E+04|+1.100000E+04|+9.000000E+03}}
}
{@BLOCK|rv36|00
{@A-RES|0|+9.943404E+03{@LIM3|+1.000000E+04|+1.100000E+04|+9.000000E+03}}
}
{@BLOCK|pr334|00
{@A-RES|0|+1.000864E+05{@LIM3|+1.000000E+05|+1.110000E+05|+8.900000E+04}}
}
{@BLOCK|pr336|00
{@A-RES|0|+9.877555E+05{@LIM3|+1.000000E+06|+1.210000E+06|+7.900000E+05}}
}
{@BLOCK|pr515|00
{@A-RES|0|+9.997269E+05{@LIM3|+1.000000E+06|+1.210000E+06|+7.900000E+05}}
}
{@BLOCK|pr516|00
{@A-RES|0|+9.964125E+05{@LIM3|+1.000000E+06|+1.210000E+06|+7.900000E+05}}
}
{@BLOCK|pr322|00
{@A-RES|0|+9.980617E+04{@LIM3|+1.000000E+05|+1.110000E+05|+8.900000E+04}}
}
{@BLOCK|pr400|00
{@A-RES|0|+1.000438E+05{@LIM3|+1.000000E+05|+1.110000E+05|+8.900000E+04}}
}
{@BLOCK|pr513|00
{@A-RES|0|+9.974772E+04{@LIM3|+1.000000E+05|+1.110000E+05|+8.900000E+04}}
}
{@BLOCK|pr514|00
{@A-RES|0|+1.000304E+05{@LIM3|+1.000000E+05|+1.110000E+05|+8.900000E+04}}
}
{@BLOCK|pt127|00
{@A-RES|0|+1.035130E+05{@LIM3|+1.000000E+05|+1.350000E+05|+6.500000E+04}}
}
{@BLOCK|pr131|00
{@A-RES|0|+1.646044E+04{@LIM3|+1.650000E+04|+1.749000E+04|+1.551000E+04}}
}
{@BLOCK|ra407|00
{@A-RES|0|+1.020047E+01{@LIM3|+1.000000E+01|+1.350000E+01|+6.500000E+00}}
}
{@BLOCK|pr315|00
{@A-RES|0|+9.894194E+00{@LIM3|+1.000000E+01|+1.350000E+01|+6.500000E+00}}
}
{@BLOCK|pr317|00
{@A-RES|0|+1.711066E+05{@LIM3|+1.740000E+05|+1.931400E+05|+1.548600E+05}}
}
{@BLOCK|pr401|00
{@A-JUM|0|+3.356712E+00{@LIM2|+1.500000E+01|+0.000000E+00}}
}
{@BLOCK|pr330|00
{@A-RES|0|+9.881398E+04{@LIM3|+1.000000E+05|+1.150000E+05|+8.500000E+04}}
}
{@BLOCK|pr511|00
{@A-RES|0|+9.899581E+04{@LIM3|+1.000000E+05|+1.150000E+05|+8.500000E+04}}
}
{@BLOCK|pr1010|00
{@A-RES|0|+9.961990E+04{@LIM3|+1.000000E+05|+1.150000E+05|+8.500000E+04}}
}
{@BLOCK|pr1022|00
{@A-RES|0|+9.024090E+04{@LIM3|+1.000000E+05|+1.150000E+05|+8.500000E+04}}
}
{@BLOCK|pr1120|00
{@A-RES|0|+9.733035E+04{@LIM3|+1.000000E+05|+1.150000E+05|+8.500000E+04}}
}
{@BLOCK|pr1146|00
{@A-RES|0|+1.004010E+05{@LIM3|+1.000000E+05|+1.150000E+05|+8.500000E+04}}
}
{@BLOCK|pr1147|00
{@A-RES|0|+9.898126E+04{@LIM3|+1.000000E+05|+1.150000E+05|+8.500000E+04}}
}
{@BLOCK|pr1151|00
{@A-RES|0|+9.987379E+04{@LIM3|+1.000000E+05|+1.150000E+05|+8.500000E+04}}
}
{@BLOCK|pr1191|00
{@A-RES|0|+1.003212E+05{@LIM3|+1.000000E+05|+1.150000E+05|+8.500000E+04}}
}
{@BLOCK|pr1232|00
{@A-RES|0|+9.923115E+04{@LIM3|+1.000000E+05|+1.150000E+05|+8.500000E+04}}
}
{@BLOCK|pr1237|00
{@A-RES|0|+1.006893E+05{@LIM3|+1.000000E+05|+1.150000E+05|+8.500000E+04}}
}
{@BLOCK|pr1238|00
{@A-RES|0|+9.975233E+04{@LIM3|+1.000000E+05|+1.150000E+05|+8.500000E+04}}
}
{@BLOCK|pu120%ra|00
{@A-RES|0|+9.742365E+04{@LIM3|+1.000000E+05|+1.250000E+05|+7.500000E+04}}
}
{@BLOCK|rb25|00
{@A-RES|0|+1.013302E+05{@LIM3|+1.000000E+05|+1.150000E+05|+8.500000E+04}}
}
{@BLOCK|rc10|00
{@A-RES|0|+1.000438E+05{@LIM3|+1.000000E+05|+1.150000E+05|+8.500000E+04}}
}
{@BLOCK|rc116|00
{@A-RES|0|+1.009498E+05{@LIM3|+1.000000E+05|+1.150000E+05|+8.500000E+04}}
}
{@BLOCK|rc235|00
{@A-RES|0|+1.006034E+05{@LIM3|+1.000000E+05|+1.150000E+05|+8.500000E+04}}
}
{@BLOCK|rc236|00
{@A-RES|0|+9.966212E+04{@LIM3|+1.000000E+05|+1.150000E+05|+8.500000E+04}}
}
{@BLOCK|rc237|00
{@A-RES|0|+9.951920E+04{@LIM3|+1.000000E+05|+1.150000E+05|+8.500000E+04}}
}
{@BLOCK|rc248|00
{@A-RES|0|+8.989037E+04{@LIM3|+1.000000E+05|+1.150000E+05|+8.500000E+04}}
}
{@BLOCK|rc254|00
{@A-RES|0|+9.776627E+04{@LIM3|+1.000000E+05|+1.150000E+05|+8.500000E+04}}
}
{@BLOCK|rc304|00
{@A-RES|0|+9.848523E+04{@LIM3|+1.000000E+05|+1.150000E+05|+8.500000E+04}}
}
{@BLOCK|rc329|00
{@A-RES|0|+9.945649E+04{@LIM3|+1.000000E+05|+1.150000E+05|+8.500000E+04}}
}
{@BLOCK|rc387|00
{@A-RES|0|+9.841567E+04{@LIM3|+1.000000E+05|+1.150000E+05|+8.500000E+04}}
}
{@BLOCK|re13|00
{@A-RES|0|+9.807210E+04{@LIM3|+1.000000E+05|+1.150000E+05|+8.500000E+04}}
}
{@BLOCK|re14|00
{@A-RES|0|+1.004391E+05{@LIM3|+1.000000E+05|+1.150000E+05|+8.500000E+04}}
}
{@BLOCK|re51|00
{@A-RES|0|+9.985258E+04{@LIM3|+1.000000E+05|+1.150000E+05|+8.500000E+04}}
}
{@BLOCK|re58|00
{@A-RES|0|+9.698244E+04{@LIM3|+1.000000E+05|+1.150000E+05|+8.500000E+04}}
}
{@BLOCK|re89|00
{@A-RES|0|+9.927290E+04{@LIM3|+1.000000E+05|+1.150000E+05|+8.500000E+04}}
}
{@BLOCK|re153|00
{@A-RES|0|+9.740177E+04{@LIM3|+1.000000E+05|+1.150000E+05|+8.500000E+04}}
}
{@BLOCK|re1006|00
{@A-RES|0|+1.008700E+05{@LIM3|+1.000000E+05|+1.150000E+05|+8.500000E+04}}
}
{@BLOCK|re1036|00
{@A-RES|0|+9.841327E+04{@LIM3|+1.000000E+05|+1.150000E+05|+8.500000E+04}}
}
{@BLOCK|re1057|00
{@A-RES|0|+9.876210E+04{@LIM3|+1.000000E+05|+1.150000E+05|+8.500000E+04}}
}
{@BLOCK|re1100|00
{@A-RES|0|+9.910553E+04{@LIM3|+1.000000E+05|+1.150000E+05|+8.500000E+04}}
}
{@BLOCK|re1101|00
{@A-RES|0|+9.926971E+04{@LIM3|+1.000000E+05|+1.150000E+05|+8.500000E+04}}
}
{@BLOCK|re1102|00
{@A-RES|0|+9.820523E+04{@LIM3|+1.000000E+05|+1.150000E+05|+8.500000E+04}}
}
{@BLOCK|re1128|00
{@A-RES|0|+9.958825E+04{@LIM3|+1.000000E+05|+1.150000E+05|+8.500000E+04}}
}
{@BLOCK|re1131|00
{@A-RES|0|+1.003533E+05{@LIM3|+1.000000E+05|+1.150000E+05|+8.500000E+04}}
}
{@BLOCK|ri109|00
{@A-RES|0|+1.010108E+05{@LIM3|+1.000000E+05|+1.150000E+05|+8.500000E+04}}
}
{@BLOCK|ri238|00
{@A-RES|0|+1.005572E+05{@LIM3|+1.000000E+05|+1.150000E+05|+8.500000E+04}}
}
{@BLOCK|ri304|00
{@A-RES|0|+1.003319E+05{@LIM3|+1.000000E+05|+1.150000E+05|+8.500000E+04}}
}
{@BLOCK|rn15|00
{@A-RES|0|+9.813350E+04{@LIM3|+1.000000E+05|+1.150000E+05|+8.500000E+04}}
}
{@BLOCK|rr24|00
{@A-RES|0|+1.003640E+05{@LIM3|+1.000000E+05|+1.150000E+05|+8.500000E+04}}
}
{@BLOCK|pq901|00
{@A-NFE|0|+4.675746E+01{@LIM2|+2.000000E+02|+2.000000E+01}}
}
{@BLOCK|ru929|00
{@A-RES|0|+9.900121E+04{@LIM3|+1.000000E+05|+1.150000E+05|+8.500000E+04}}
}
{@BLOCK|rv24|00
{@A-RES|0|+9.970043E+04{@LIM3|+1.000000E+05|+1.150000E+05|+8.500000E+04}}
}
{@BLOCK|rv42|00
{@A-RES|0|+1.007091E+05{@LIM3|+1.000000E+05|+1.150000E+05|+8.500000E+04}}
}
{@BLOCK|rv155|00
{@A-RES|0|+9.817448E+04{@LIM3|+1.000000E+05|+1.150000E+05|+8.500000E+04}}
}
{@BLOCK|rv162|00
{@A-RES|0|+9.926242E+04{@LIM3|+1.000000E+05|+1.150000E+05|+8.500000E+04}}
}
{@BLOCK|rv163|00
{@A-RES|0|+1.000864E+05{@LIM3|+1.000000E+05|+1.150000E+05|+8.500000E+04}}
}
{@BLOCK|rv173|00
{@A-RES|0|+9.755331E+04{@LIM3|+1.000000E+05|+1.150000E+05|+8.500000E+04}}
}
{@BLOCK|rv190|00
{@A-RES|0|+9.738404E+04{@LIM3|+1.000000E+05|+1.150000E+05|+8.500000E+04}}
}
{@BLOCK|rv543|00
{@A-RES|0|+9.894111E+04{@LIM3|+1.000000E+05|+1.150000E+05|+8.500000E+04}}
}
{@BLOCK|pr331|00
{@A-RES|0|+1.349604E+05{@LIM3|+1.370000E+05|+1.520700E+05|+1.219300E+05}}
}
{@BLOCK|pr404|00
{@A-RES|0|+9.406672E+05{@LIM3|+1.000000E+06|+1.250000E+06|+7.500000E+05}}
}
{@BLOCK|rc330|00
{@A-RES|0|+9.911928E+05{@LIM3|+1.000000E+06|+1.250000E+06|+7.500000E+05}}
}
{@BLOCK|pr501|00
{@A-RES|0|+6.808053E+05{@LIM3|+6.800000E+05|+7.548000E+05|+6.052000E+05}}
}
{@BLOCK|rc238|00
{@A-RES|0|+1.016098E+03{@LIM3|+1.000000E+03|+1.100000E+03|+9.000000E+02}}
}
{@BLOCK|rc239|00
{@A-RES|0|+1.026413E+03{@LIM3|+1.000000E+03|+1.100000E+03|+9.000000E+02}}
}
{@BLOCK|rc243|00
{@A-RES|0|+9.956014E+02{@LIM3|+1.000000E+03|+1.100000E+03|+9.000000E+02}}
}
{@BLOCK|rc297|00
{@A-RES|0|+1.009823E+03{@LIM3|+1.000000E+03|+1.100000E+03|+9.000000E+02}}
}
{@BLOCK|pq500%qf2|00
{@A-NFE|0|+9.117865E+01{@LIM2|+2.000000E+02|+2.000000E+01}}
}
{@BLOCK|ra412|00
{@A-RES|0|+1.025101E+02{@LIM3|+1.000000E+02|+1.150000E+02|+9.000000E+01}}
}
{@BLOCK|ra413|00
{@A-RES|0|+1.032343E+02{@LIM3|+1.000000E+02|+1.150000E+02|+9.000000E+01}}
}
{@BLOCK|ri204|00
{@A-RES|0|+1.033532E+02{@LIM3|+1.000000E+02|+1.150000E+02|+9.000000E+01}}
}
{@BLOCK|pr1154|00
{@A-RES|0|+1.217391E+02{@LIM3|+1.200000E+02|+1.297000E+02|+1.128000E+02}}
}
{@BLOCK|ra21|00
{@A-RES|0|+4.681159E+03{@LIM3|+4.700000E+03|+5.170000E+03|+4.230000E+03}}
}
{@BLOCK|re39|00
{@A-RES|0|+4.696116E+03{@LIM3|+4.700000E+03|+5.170000E+03|+4.230000E+03}}
}
{@BLOCK|re40|00
{@A-RES|0|+4.732502E+03{@LIM3|+4.700000E+03|+5.170000E+03|+4.230000E+03}}
}
{@BLOCK|ri234%r1|00
{@A-RES|0|+4.697524E+03{@LIM3|+4.700000E+03|+5.170000E+03|+4.230000E+03}}
}
{@BLOCK|ri234%r2|00
{@A-RES|0|+4.708104E+03{@LIM3|+4.700000E+03|+5.170000E+03|+4.230000E+03}}
}
{@BLOCK|rpe6%r2|00
{@A-RES|0|+4.817331E+03{@LIM3|+4.700000E+03|+5.170000E+03|+4.230000E+03}}
}
{@BLOCK|rpe7%r1|00
{@A-RES|0|+4.690262E+03{@LIM3|+4.700000E+03|+5.170000E+03|+4.230000E+03}}
}
{@BLOCK|rpe7%r2|00
{@A-RES|0|+4.711405E+03{@LIM3|+4.700000E+03|+5.170000E+03|+4.230000E+03}}
}
{@BLOCK|cv531|00
{@A-CAP|0|+9.504991E-08{@LIM3|+1.000000E-07|+1.200000E-07|+8.000000E-08}}
}
{@BLOCK|cs205|00
{@A-CAP|0|+2.339861E-09{@LIM3|+2.200000E-09|+2.640000E-09|+1.760000E-09}}
}
{@BLOCK|pr1242|00
{@A-RES|0|+9.963811E+04{@LIM3|+1.000000E+05|+1.150000E+05|+8.500000E+04}}
}
{@BLOCK|rb23|00
{@A-RES|0|+1.002179E+03{@LIM3|+1.000000E+03|+1.100000E+03|+9.000000E+02}}
}
{@BLOCK|rc87|00
{@A-RES|0|+3.657488E+01{@LIM3|+3.300000E+01|+4.129999E+01|+2.970000E+01}}
}
{@BLOCK|rc88|00
{@A-RES|0|+3.513967E+01{@LIM3|+3.300000E+01|+4.129999E+01|+2.970000E+01}}
}
{@BLOCK|rc91|00
{@A-RES|0|+3.496898E+01{@LIM3|+3.300000E+01|+4.129999E+01|+2.970000E+01}}
}
{@BLOCK|rc93|00
{@A-RES|0|+3.491862E+01{@LIM3|+3.300000E+01|+4.129999E+01|+2.970000E+01}}
}
{@BLOCK|pt122|00
{@A-RES|0|+6.280289E+02{@LIM3|+5.400000E+02|+7.290000E+02|+3.510000E+02}}
}
{@BLOCK|pt123|00
{@A-RES|0|+6.357148E+02{@LIM3|+5.400000E+02|+7.290000E+02|+3.510000E+02}}
}
{@BLOCK|ra5|00
{@A-RES|0|+5.121871E+03{@LIM3|+5.110000E+03|+5.416600E+03|+4.803400E+03}}
}
{@BLOCK|ra13|00
{@A-RES|0|+3.911255E+04{@LIM3|+3.920000E+04|+4.155200E+04|+3.684800E+04}}
}
{@BLOCK|rc206|00
{@A-RES|0|+1.998282E+04{@LIM3|+2.000000E+04|+2.120000E+04|+1.880000E+04}}
}
{@BLOCK|rc333|00
{@A-RES|0|+2.519821E+01{@LIM3|+2.200000E+01|+2.970000E+01|+1.980000E+01}}
}
{@BLOCK|rc334|00
{@A-RES|0|+2.499972E+01{@LIM3|+2.200000E+01|+2.970000E+01|+1.980000E+01}}
}
{@BLOCK|rc345|00
{@A-RES|0|+2.516369E+01{@LIM3|+2.200000E+01|+2.920001E+01|+1.980000E+01}}
}
{@BLOCK|rc43|00
{@A-RES|0|+2.208340E+03{@LIM3|+2.200000E+03|+2.420000E+03|+1.980000E+03}}
}
{@BLOCK|rc241|00
{@A-RES|0|+2.190234E+03{@LIM3|+2.200000E+03|+2.420000E+03|+1.980000E+03}}
}
{@BLOCK|rc300|00
{@A-RES|0|+2.207504E+03{@LIM3|+2.200000E+03|+2.420000E+03|+1.980000E+03}}
}
{@BLOCK|rc376|00
{@A-RES|0|+2.208956E+03{@LIM3|+2.200000E+03|+2.420000E+03|+1.980000E+03}}
}
{@BLOCK|re15|00
{@A-RES|0|+2.225574E+03{@LIM3|+2.200000E+03|+2.420000E+03|+1.980000E+03}}
}
{@BLOCK|re16|00
{@A-RES|0|+2.222993E+03{@LIM3|+2.200000E+03|+2.420000E+03|+1.980000E+03}}
}
{@BLOCK|re22|00
{@A-RES|0|+2.190948E+03{@LIM3|+2.200000E+03|+2.420000E+03|+1.980000E+03}}
}
{@BLOCK|re23|00
{@A-RES|0|+2.253082E+03{@LIM3|+2.200000E+03|+2.420000E+03|+1.980000E+03}}
}
{@BLOCK|re1042|00
{@A-RES|0|+2.065319E+03{@LIM3|+2.200000E+03|+2.420000E+03|+1.980000E+03}}
}
{@BLOCK|re1043|00
{@A-RES|0|+2.185049E+03{@LIM3|+2.200000E+03|+2.420000E+03|+1.980000E+03}}
}
{@BLOCK|rpc3%r1|00
{@A-RES|0|+2.197192E+03{@LIM3|+2.200000E+03|+2.420000E+03|+1.980000E+03}}
}
{@BLOCK|rpc3%r2|00
{@A-RES|0|+2.200893E+03{@LIM3|+2.200000E+03|+2.420000E+03|+1.980000E+03}}
}
{@BLOCK|rpc4%r1|00
{@A-RES|0|+2.199864E+03{@LIM3|+2.200000E+03|+2.420000E+03|+1.980000E+03}}
}
{@BLOCK|rpc4%r2|00
{@A-RES|0|+2.212697E+03{@LIM3|+2.200000E+03|+2.420000E+03|+1.980000E+03}}
}
{@BLOCK|rpv150%r1|00
{@A-RES|0|+2.192378E+03{@LIM3|+2.200000E+03|+2.420000E+03|+1.980000E+03}}
}
{@BLOCK|ru20|00
{@A-RES|0|+2.216309E+03{@LIM3|+2.200000E+03|+2.420000E+03|+1.980000E+03}}
}
{@BLOCK|ru21|00
{@A-RES|0|+2.298445E+03{@LIM3|+2.200000E+03|+2.420000E+03|+1.980000E+03}}
}
{@BLOCK|ru23|00
{@A-RES|0|+2.239619E+03{@LIM3|+2.200000E+03|+2.420000E+03|+1.980000E+03}}
}
{@BLOCK|ru24|00
{@A-RES|0|+2.216821E+03{@LIM3|+2.200000E+03|+2.420000E+03|+1.980000E+03}}
}
{@BLOCK|ru26|00
{@A-RES|0|+2.232018E+03{@LIM3|+2.200000E+03|+2.420000E+03|+1.980000E+03}}
}
{@BLOCK|ru27|00
{@A-RES|0|+2.254810E+03{@LIM3|+2.200000E+03|+2.420000E+03|+1.980000E+03}}
}
{@BLOCK|ru616|00
{@A-RES|0|+2.216138E+03{@LIM3|+2.200000E+03|+2.420000E+03|+1.980000E+03}}
}
{@BLOCK|ru620|00
{@A-RES|0|+2.247054E+03{@LIM3|+2.200000E+03|+2.420000E+03|+1.980000E+03}}
}
{@BLOCK|ru623|00
{@A-RES|0|+2.190234E+03{@LIM3|+2.200000E+03|+2.420000E+03|+1.980000E+03}}
}
{@BLOCK|ru624|00
{@A-RES|0|+2.222211E+03{@LIM3|+2.200000E+03|+2.420000E+03|+1.980000E+03}}
}
{@BLOCK|ru632|00
{@A-RES|0|+2.232866E+03{@LIM3|+2.200000E+03|+2.420000E+03|+1.980000E+03}}
}
{@BLOCK|ru687|00
{@A-RES|0|+2.275736E+03{@LIM3|+2.200000E+03|+2.420000E+03|+1.980000E+03}}
}
{@BLOCK|ru688|00
{@A-RES|0|+2.204402E+03{@LIM3|+2.200000E+03|+2.420000E+03|+1.980000E+03}}
}
{@BLOCK|rc201|00
{@A-RES|0|+7.357520E+04{@LIM3|+7.500000E+04|+8.250000E+04|+6.750000E+04}}
}
{@BLOCK|ri813|00
{@A-RES|0|+4.662367E+04{@LIM3|+4.700000E+04|+5.170000E+04|+4.230000E+04}}
}
{@BLOCK|ru655|00
{@A-RES|0|+4.658745E+04{@LIM3|+4.700000E+04|+5.170000E+04|+4.230000E+04}}
}
{@BLOCK|rv520|00
{@A-RES|0|+4.965745E+04{@LIM3|+4.700000E+04|+5.170000E+04|+4.230000E+04}}
}
{@BLOCK|ru657|00
{@A-RES|0|+1.202125E+04{@LIM3|+1.200000E+04|+1.272000E+04|+1.128000E+04}}
}
{@BLOCK|rv156|00
{@A-RES|0|+2.705071E+03{@LIM3|+2.700000E+03|+2.970000E+03|+2.430000E+03}}
}
{@BLOCK|rv500|00
{@A-RES|0|+1.516830E+03{@LIM3|+1.500000E+03|+1.650000E+03|+1.350000E+03}}
}
{@BLOCK|rv501|00
{@A-RES|0|+1.532048E+03{@LIM3|+1.500000E+03|+1.650000E+03|+1.350000E+03}}
}
{@BLOCK|rv525|00
{@A-RES|0|+5.006556E+03{@LIM3|+4.990000E+03|+5.289400E+03|+4.690600E+03}}
}
{@BLOCK|pq307%qf|00
{@A-NFE|0|+1.659512E+02{@LIM2|+2.000000E+02|+2.000000E+01}}
}
{@BLOCK|pq302%qf1|00
{@A-NFE|0|+6.264637E+01{@LIM2|+2.000000E+02|+2.000000E+01}}
}
{@BLOCK|pq302%qf2|00
{@A-NFE|0|+1.223279E+02{@LIM2|+2.000000E+02|+2.000000E+01}}
}
{@BLOCK|pq503%qf|00
{@A-NFE|0|+1.074927E+02{@LIM2|+2.000000E+02|+2.000000E+01}}
}
{@BLOCK|pq1100%qf1|00
{@A-NFE|0|+9.923385E+01{@LIM2|+2.000000E+02|+2.000000E+01}}
}
{@BLOCK|pq1100%qf2|00
{@A-NFE|0|+8.772923E+01{@LIM2|+2.000000E+02|+2.000000E+01}}
}
{@BLOCK|qc11%qf1|00
{@A-NFE|0|+1.310735E+02{@LIM2|+2.000000E+02|+2.000000E+01}}
}
{@BLOCK|qc11%qf2|00
{@A-NFE|0|+6.825300E+01{@LIM2|+2.000000E+02|+2.000000E+01}}
}
{@BLOCK|qc16|00
{@A-NFE|0|+7.404873E+01{@LIM2|+2.000000E+02|+2.000000E+01}}
}
{@BLOCK|qc30%qf1|00
{@A-NFE|0|+1.422825E+02{@LIM2|+2.000000E+02|+2.000000E+01}}
}
{@BLOCK|qc30%qf2|00
{@A-NFE|0|+9.525834E+01{@LIM2|+2.000000E+02|+2.000000E+01}}
}
{@BLOCK|qc36|00
{@A-NFE|0|+6.777313E+01{@LIM2|+2.000000E+02|+2.000000E+01}}
}
{@BLOCK|qc38|00
{@A-NFE|0|+4.484339E+01{@LIM2|+4.000000E+02|+2.000000E+01}}
}
{@BLOCK|qe7%qf1|00
{@A-NFE|0|+7.612633E+01{@LIM2|+2.000000E+02|+2.000000E+01}}
}
{@BLOCK|qe7%qf2|00
{@A-NFE|0|+8.677036E+01{@LIM2|+2.000000E+02|+2.000000E+01}}
}
{@BLOCK|qe10%qf1|00
{@A-NFE|0|+6.349678E+01{@LIM2|+2.000000E+02|+2.000000E+01}}
}
{@BLOCK|qe10%qf2|00
{@A-NFE|0|+8.563563E+01{@LIM2|+2.000000E+02|+2.000000E+01}}
}
{@BLOCK|qi300|00
{@A-NFE|0|+5.342195E+01{@LIM2|+2.000000E+02|+2.000000E+01}}
}
{@BLOCK|qi801%qf1|00
{@A-NFE|0|+7.864006E+01{@LIM2|+2.000000E+02|+2.000000E+01}}
}
{@BLOCK|ql1%qf1|00
{@A-NFE|0|+9.283934E+01{@LIM2|+2.000000E+02|+2.000000E+01}}
}
{@BLOCK|ql1%qf2|00
{@A-NFE|0|+9.633408E+01{@LIM2|+2.000000E+02|+2.000000E+01}}
}
{@BLOCK|qr500|00
{@A-NFE|0|+7.773369E+01{@LIM2|+2.000000E+02|+2.000000E+01}}
}
{@BLOCK|qu601|00
{@A-NFE|0|+4.738437E+01{@LIM2|+2.000000E+02|+2.000000E+01}}
}
{@BLOCK|qu602|00
{@A-NFE|0|+4.759710E+01{@LIM2|+2.000000E+02|+2.000000E+01}}
}
{@BLOCK|qu603|00
{@A-NFE|0|+4.776059E+01{@LIM2|+2.000000E+02|+2.000000E+01}}
}
{@BLOCK|qu608|00
{@A-NFE|0|+5.136330E+01{@LIM2|+2.000000E+02|+2.000000E+01}}
}
{@BLOCK|qu609|00
{@A-NFE|0|+4.443759E+01{@LIM2|+2.000000E+02|+2.000000E+01}}
}
{@BLOCK|qv4%qf1|00
{@A-NFE|0|+7.492097E+01{@LIM2|+2.000000E+02|+2.000000E+01}}
}
{@BLOCK|qv150%qf2|00
{@A-NFE|0|+1.315146E+02{@LIM2|+2.000000E+02|+2.000000E+01}}
}
{@BLOCK|pq303%qf|00
{@A-PFE|0|+1.064345E+02{@LIM2|+2.000000E+02|+2.000000E+01}}
}
{@BLOCK|qv502|00
{@A-PFE|0|+7.085257E+01{@LIM2|+2.000000E+02|+2.000000E+01}}
}
{@BLOCK|da2|00
{@A-DIO|0|+4.627359E-01{@LIM2|+6.000000E-01|+2.000000E-01}}
}
{@BLOCK|da3|00
{@A-DIO|0|+4.646504E-01{@LIM2|+6.000000E-01|+2.000000E-01}}
}
{@BLOCK|da400|00
{@A-DIO|0|+5.636987E-01{@LIM2|+8.000000E-01|+4.000000E-01}}
}
{@BLOCK|da401|00
{@A-DIO|0|+5.585931E-01{@LIM2|+8.000000E-01|+4.000000E-01}}
}
{@BLOCK|da403|00
{@A-DIO|0|+4.697560E-01{@LIM2|+8.000000E-01|+4.000000E-01}}
}
{@BLOCK|da405|00
{@A-DIO|0|+5.573167E-01{@LIM2|+8.000000E-01|+4.000000E-01}}
}
{@BLOCK|da406|00
{@A-DIO|0|+6.080747E-01{@LIM2|+8.000000E-01|+4.000000E-01}}
}
{@BLOCK|dc2|00
{@A-DIO|0|+5.124302E-01{@LIM2|+8.000000E-01|+4.000000E-01}}
}
{@BLOCK|dc6|00
{@A-DIO|0|+4.829880E-01{@LIM2|+8.000000E-01|+4.000000E-01}}
}
{@BLOCK|de1|00
{@A-DIO|0|+4.449940E-01{@LIM2|+6.000000E-01|+2.000000E-01}}
}
{@BLOCK|de6|00
{@A-DIO|0|+4.292943E-01{@LIM2|+6.000000E-01|+2.000000E-01}}
}
{@BLOCK|de10|00
{@A-DIO|0|+6.753284E-01{@LIM2|+8.000000E-01|+4.000000E-01}}
}
{@BLOCK|du1|00
{@A-DIO|0|+3.770562E-01{@LIM2|+6.000000E-01|+2.000000E-01}}
}
{@BLOCK|du2|00
{@A-DIO|0|+3.848354E-01{@LIM2|+6.000000E-01|+2.500000E-01}}
}
{@BLOCK|du3|00
{@A-DIO|0|+5.714317E-01{@LIM2|+8.000000E-01|+4.000000E-01}}
}
{@BLOCK|du916|00
{@A-DIO|0|+6.809670E-01{@LIM2|+8.000000E-01|+4.000000E-01}}
}
{@BLOCK|du918|00
{@A-DIO|0|+6.807867E-01{@LIM2|+8.000000E-01|+4.000000E-01}}
}
{@BLOCK|du919|00
{@A-DIO|0|+5.682469E-01{@LIM2|+8.000000E-01|+4.000000E-01}}
}
{@BLOCK|du925|00
{@A-DIO|0|+6.807016E-01{@LIM2|+8.000000E-01|+4.000000E-01}}
}
{@BLOCK|du926|00
{@A-DIO|0|+6.802336E-01{@LIM2|+8.000000E-01|+4.000000E-01}}
}
{@BLOCK|du927|00
{@A-DIO|0|+6.804038E-01{@LIM2|+8.000000E-01|+4.000000E-01}}
}
{@BLOCK|du1002|00
{@A-DIO|0|+6.186812E-01{@LIM2|+8.000000E-01|+4.000000E-01}}
}
{@BLOCK|dv153|00
{@A-DIO|0|+5.484245E-01{@LIM2|+8.000000E-01|+4.000000E-01}}
}
{@BLOCK|pd1001|00
{@A-DIO|0|+5.988847E-01{@LIM2|+8.000000E-01|+4.000000E-01}}
}
{@BLOCK|pd1200|00
{@A-DIO|0|+6.991243E-01{@LIM2|+8.000000E-01|+4.000000E-01}}
}
{@BLOCK|du1000%cr1|00
{@A-DIO|0|+6.679147E-01{@LIM2|+9.500000E-01|+5.500000E-01}}
}
{@BLOCK|du1000%cr2|00
{@A-DIO|0|+6.655130E-01{@LIM2|+9.500000E-01|+5.500000E-01}}
}
{@BLOCK|du1000%cr3|00
{@A-DIO|0|+6.734687E-01{@LIM2|+8.000000E-01|+4.000000E-01}}
}
{@BLOCK|du1000%cr4|00
{@A-DIO|0|+6.728305E-01{@LIM2|+8.000000E-01|+4.000000E-01}}
}
{@BLOCK|dv501%cr1|00
{@A-DIO|0|+6.946981E-01{@LIM2|+9.500000E-01|+5.500000E-01}}
}
{@BLOCK|dv501%cr2|00
{@A-DIO|0|+7.129714E-01{@LIM2|+9.500000E-01|+5.500000E-01}}
}
{@BLOCK|dv501%cr4|00
{@A-DIO|0|+7.588634E-01{@LIM2|+9.500000E-01|+5.500000E-01}}
}
{@BLOCK|dv501%cr5|00
{@A-DIO|0|+8.604107E-01{@LIM2|+9.500000E-01|+5.500000E-01}}
}
{@BLOCK|ue3%cr|00
{@A-DIO|0|+5.621670E-01{@LIM2|+8.000000E-01|+4.000000E-01}}
}
{@BLOCK|led1%cr_org|00
{@A-DIO|0|+3.338355E+00{@LIM2|+3.800000E+00|+2.600000E+00}}
}
{@BLOCK|led1%cr_whi|00
{@A-DIO|0|+2.048900E+00{@LIM2|+2.500000E+00|+1.500000E+00}}
}
{@BLOCK|rn8|00
{@A-RES|0|+3.508615E+01{@LIM3|+3.300000E+01|+4.129999E+01|+2.970000E+01}}
}
{@BLOCK|du928%ds|00
{@A-DIO|0|+5.346652E-01{@LIM2|+8.000000E-01|+4.000000E-01}}
}
{@BLOCK|du929%ds|00
{@A-DIO|0|+5.409308E-01{@LIM2|+8.000000E-01|+4.000000E-01}}
}
{@BLOCK|du1005%ds1|00
{@A-DIO|0|+5.293201E-01{@LIM2|+8.000000E-01|+4.000000E-01}}
}
{@BLOCK|du1005%ds2|00
{@A-DIO|0|+5.286393E-01{@LIM2|+8.000000E-01|+4.000000E-01}}
}
}}