{@BATCH|t14_gen6_intel||4086|1||btest|140102040557~16|ICT0263\engineer|ICT0263|C:/Agilent_ICT/boards/t14_gen6_lnl_intel|RevA|sb21v35591_ult5||sb21v35591_ult5
{@BTEST|6683001711|00|140102040640|000025|0|all||n||140102040705||1
{@BLOCK|c15038|00
{@A-CAP|0|+2.386422E-06{@LIM3|+2.100000E-06|+2.730000E-06|+1.470000E-06}}
}
{@BLOCK|pc1516|00
{@A-CAP|0|+4.151766E-04{@LIM3|+4.401010E-04|+5.721313E-04|+3.080100E-04}}
}
{@BLOCK|pc0802|00
{@A-CAP|0|+6.900096E-05{@LIM3|+6.620200E-05|+8.606260E-05|+4.633226E-05}}
}
{@BLOCK|c18001|00
{@A-CAP|0|+1.082993E-07{@LIM3|+1.180000E-07|+1.770000E-07|+5.900000E-08}}
}
{@BLOCK|c42001|00
{@A-CAP|0|+9.597551E-08{@LIM3|+1.000000E-07|+1.200000E-07|+8.000000E-08}}
}
{@BLOCK|c42002|00
{@A-CAP|0|+9.822178E-08{@LIM3|+9.000000E-08|+1.530000E-07|+2.700000E-08}}
}
{@BLOCK|c42003|00
{@A-CAP|0|+9.600826E-08{@LIM3|+1.000000E-07|+1.200000E-07|+8.000000E-08}}
}
{@BLOCK|c42004|00
{@A-CAP|0|+9.791355E-08{@LIM3|+1.000000E-07|+1.200000E-07|+8.000000E-08}}
}
{@BLOCK|c42005|00
{@A-CAP|0|+9.804299E-08{@LIM3|+1.000000E-07|+1.200000E-07|+8.000000E-08}}
}
{@BLOCK|c42006|00
{@A-CAP|0|+9.720608E-08{@LIM3|+1.000000E-07|+1.200000E-07|+8.000000E-08}}
}
{@BLOCK|c44010|00
{@A-CAP|0|+1.489984E-06{@LIM3|+1.540000E-06|+2.002000E-06|+1.078000E-06}}
}
{@BLOCK|c51105|00
{@A-CAP|0|+4.591933E-06{@LIM3|+3.910000E-06|+5.083000E-06|+2.737000E-06}}
}
{@BLOCK|c44009|00
{@A-CAP|0|+1.091749E-07{@LIM3|+1.000000E-07|+1.200000E-07|+8.000000E-08}}
}
{@BLOCK|c50401|00
{@A-CAP|0|+1.107457E-07{@LIM3|+1.000000E-07|+1.200000E-07|+8.000000E-08}}
}
{@BLOCK|c51101|00
{@A-CAP|0|+9.724018E-08{@LIM3|+1.000000E-07|+1.200000E-07|+8.000000E-08}}
}
{@BLOCK|c53104|00
{@A-CAP|0|+7.051946E-06{@LIM3|+6.440000E-06|+8.372000E-06|+4.508000E-06}}
}
{@BLOCK|c53125|00
{@A-CAP|0|+4.433603E-06{@LIM3|+4.800000E-06|+6.240000E-06|+3.360000E-06}}
}
{@BLOCK|pc0317|00
{@A-CAP|0|+1.659352E-04{@LIM3|+1.603050E-04|+2.083965E-04|+1.121914E-04}}
}
{@BLOCK|c63101|00
{@A-CAP|0|+1.416117E-06{@LIM3|+1.500000E-06|+1.950000E-06|+1.050000E-06}}
}
{@BLOCK|pc0510|00
{@A-CAP|0|+1.502260E-04{@LIM3|+1.437120E-04|+1.868256E-04|+1.005786E-04}}
}
{@BLOCK|c63403|00
{@A-CAP|0|+2.226912E-07{@LIM3|+2.000000E-07|+2.400000E-07|+1.600000E-07}}
}
{@BLOCK|c64101|00
{@A-CAP|0|+1.396868E-06{@LIM3|+1.500000E-06|+1.800000E-06|+1.050000E-06}}
}
{@BLOCK|c67201|00
{@A-CAP|0|+1.357589E-04{@LIM3|+1.502000E-04|+1.952600E-04|+1.049984E-04}}
}
{@BLOCK|c15002|00
{@A-CAP|0|+1.172712E-04{@LIM3|+1.146020E-04|+1.489826E-04|+8.020558E-05}}
}
{@BLOCK|c53126|00
{@A-CAP|0|+1.069916E-06{@LIM3|+1.000000E-06|+1.300000E-06|+7.000000E-07}}
}
{@BLOCK|c94001|00
{@A-CAP|0|+1.021534E-07{@LIM3|+1.000000E-07|+1.300000E-07|+7.000000E-08}}
}
{@BLOCK|c94002|00
{@A-CAP|0|+1.025821E-07{@LIM3|+1.000000E-07|+1.300000E-07|+8.000000E-08}}
}
{@BLOCK|c94003|00
{@A-CAP|0|+9.827072E-08{@LIM3|+1.000000E-07|+1.200000E-07|+8.000000E-08}}
}
{@BLOCK|c94004|00
{@A-CAP|0|+9.796496E-08{@LIM3|+1.000000E-07|+1.300000E-07|+7.000000E-08}}
}
{@BLOCK|c94005|00
{@A-CAP|0|+9.858972E-08{@LIM3|+1.000000E-07|+1.200000E-07|+8.000000E-08}}
}
{@BLOCK|c94007|00
{@A-CAP|0|+1.014695E-07{@LIM3|+1.000000E-07|+1.300000E-07|+7.000000E-08}}
}
{@BLOCK|c94008|00
{@A-CAP|0|+9.570688E-08{@LIM3|+1.000000E-07|+1.300000E-07|+7.000000E-08}}
}
{@BLOCK|c94009|00
{@A-CAP|0|+9.572439E-08{@LIM3|+1.000000E-07|+1.200000E-07|+8.000000E-08}}
}
{@BLOCK|c94010|00
{@A-CAP|0|+8.872136E-08{@LIM3|+1.000000E-07|+1.300000E-07|+7.000000E-08}}
}
{@BLOCK|c92004|00
{@A-CAP|0|+2.597771E-05{@LIM3|+3.231200E-05|+4.200560E-05|+2.261394E-05}}
}
{@BLOCK|c72001|00
{@A-CAP|0|+3.355060E-05{@LIM3|+3.032000E-05|+3.941600E-05|+2.122400E-05}}
}
{@BLOCK|c76103|00
{@A-CAP|0|+2.179537E-05{@LIM3|+2.340000E-05|+3.042000E-05|+1.637677E-05}}
}
{@BLOCK|c76106|00
{@A-CAP|0|+1.760467E-05{@LIM3|+1.710000E-05|+2.223000E-05|+1.196764E-05}}
}
{@BLOCK|c92007|00
{@A-CAP|0|+1.679922E-07{@LIM3|+1.500000E-07|+1.950000E-07|+1.050000E-07}}
}
{@BLOCK|c94101|00
{@A-CAP|0|+1.311754E-06{@LIM3|+1.410000E-06|+1.833000E-06|+9.870000E-07}}
}
{@BLOCK|c94108|00
{@A-CAP|0|+1.129460E-06{@LIM3|+1.200000E-06|+1.560000E-06|+8.400000E-07}}
}
{@BLOCK|pc0234|00
{@A-CAP|0|+1.258674E-04{@LIM3|+1.116290E-04|+1.451177E-04|+7.812490E-05}}
}
{@BLOCK|c94307|00
{@A-CAP|0|+1.124526E-09{@LIM3|+1.047000E-09|+1.413450E-09|+6.805500E-10}}
}
{@BLOCK|c95305|00
{@A-CAP|0|+1.177729E-07{@LIM3|+1.022000E-07|+1.379700E-07|+6.643000E-08}}
}
{@BLOCK|pc0003|00
{@A-CAP|0|+9.001884E-08{@LIM3|+1.000000E-07|+1.300000E-07|+7.000000E-08}}
}
{@BLOCK|c59012|00
{@A-CAP|0|+8.297839E-06{@LIM3|+8.800000E-06|+1.056000E-05|+7.040000E-06}}
}
{@BLOCK|c59006|00
{@A-CAP|0|+9.817514E-06{@LIM3|+8.800000E-06|+1.056000E-05|+7.040000E-06}}
}
{@BLOCK|pc0221|00
{@A-CAP|0|+2.060888E-05{@LIM3|+1.770000E-05|+2.124000E-05|+1.416000E-05}}
}
{@BLOCK|c59013|00
{@A-CAP|0|+2.091576E-04{@LIM3|+1.961020E-04|+2.549326E-04|+1.372443E-04}}
}
{@BLOCK|pc0939|00
{@A-CAP|0|+8.070169E-04{@LIM3|+9.212100E-04|+1.197573E-03|+6.435720E-04}}
}
{@BLOCK|pc1213|00
{@A-CAP|0|+9.522226E-08{@LIM3|+1.001000E-07|+1.301300E-07|+7.007000E-08}}
}
{@BLOCK|c95303|00
{@A-CAP|0|+4.463577E-10{@LIM3|+4.570000E-10|+5.629408E-10|+3.656000E-10}}
}
{@BLOCK|c45301|00
{@A-CAP|0|+1.013520E-08{@LIM3|+1.000000E-08|+1.200000E-08|+8.000000E-09}}
}
{@BLOCK|pc1402|00
{@A-CAP|0|+5.664868E-04{@LIM3|+5.770000E-04|+7.501000E-04|+4.038204E-04}}
}
{@BLOCK|pc1502|00
{@A-CAP|0|+1.939985E-03{@LIM3|+1.883000E-03|+2.824500E-03|+9.415000E-04}}
}
{@BLOCK|pc1106|00
{@A-CAP|0|+5.687036E-06{@LIM3|+4.700000E-06|+6.110000E-06|+3.290000E-06}}
}
{@BLOCK|pc1469|00
{@A-CAP|0|+7.975252E-05{@LIM3|+8.800000E-05|+1.144000E-04|+6.158786E-05}}
}
{@BLOCK|c17007|00
{@A-CAP|0|+3.763981E-04{@LIM3|+4.007000E-04|+5.209100E-04|+2.804347E-04}}
}
{@BLOCK|c44005|00
{@A-CAP|0|+9.885071E-07{@LIM3|+1.000000E-06|+1.300000E-06|+7.000000E-07}}
}
{@BLOCK|c50103|00
{@A-CAP|0|+1.052174E-06{@LIM3|+1.000000E-06|+1.300000E-06|+7.000000E-07}}
}
{@BLOCK|c50104|00
{@A-CAP|0|+1.028234E-06{@LIM3|+1.000000E-06|+1.300000E-06|+7.000000E-07}}
}
{@BLOCK|c54101|00
{@A-CAP|0|+8.575142E-06{@LIM3|+8.600000E-06|+1.118000E-05|+6.020000E-06}}
}
{@BLOCK|c94109|00
{@A-CAP|0|+9.815940E-07{@LIM3|+1.000000E-06|+1.300000E-06|+7.000000E-07}}
}
{@BLOCK|c15045|00
{@A-CAP|0|+1.638166E-05{@LIM3|+1.720000E-05|+2.236000E-05|+1.204000E-05}}
}
{@BLOCK|c15058|00
{@A-CAP|0|+1.552308E-05{@LIM3|+1.220000E-05|+1.708000E-05|+8.540000E-06}}
}
{@BLOCK|pc1584|00
{@A-CAP|0|+1.476617E-04{@LIM3|+1.348000E-04|+1.752400E-04|+9.434140E-05}}
}
{@BLOCK|c16016|00
{@A-CAP|0|+2.258435E-05{@LIM3|+2.240000E-05|+2.912000E-05|+1.568000E-05}}
}
{@BLOCK|c16018|00
{@A-CAP|0|+2.382313E-05{@LIM3|+2.140000E-05|+2.782000E-05|+1.498000E-05}}
}
{@BLOCK|c16020|00
{@A-CAP|0|+2.383927E-05{@LIM3|+1.940000E-05|+2.522000E-05|+1.358000E-05}}
}
{@BLOCK|c16022|00
{@A-CAP|0|+2.210709E-05{@LIM3|+1.940000E-05|+2.522000E-05|+1.358000E-05}}
}
{@BLOCK|pc1206|00
{@A-CAP|0|+2.531041E-05{@LIM3|+1.950000E-05|+2.632500E-05|+1.267500E-05}}
}
{@BLOCK|pc1591|00
{@A-CAP|0|+8.902901E-05{@LIM3|+8.080000E-05|+1.050400E-04|+5.654885E-05}}
}
{@BLOCK|c55111|00
{@A-CAP|0|+1.289314E-05{@LIM3|+1.220000E-05|+1.586000E-05|+8.540000E-06}}
}
{@BLOCK|c57109|00
{@A-CAP|0|+1.223482E-05{@LIM3|+1.220000E-05|+1.586000E-05|+8.540000E-06}}
}
{@BLOCK|c59004|00
{@A-CAP|0|+1.068140E-05{@LIM3|+1.000000E-05|+1.300000E-05|+7.000000E-06}}
}
{@BLOCK|pc0203|00
{@A-CAP|0|+6.747863E-05{@LIM3|+6.843300E-05|+8.896290E-05|+4.789366E-05}}
}
{@BLOCK|pc0940|00
{@A-CAP|0|+8.441168E-05{@LIM3|+8.800000E-05|+1.144000E-04|+6.158786E-05}}
}
{@BLOCK|c55114|00
{@A-CAP|0|+9.439057E-05{@LIM3|+9.240000E-05|+1.201200E-04|+6.466725E-05}}
}
{@BLOCK|c55121|00
{@A-CAP|0|+1.597368E-04{@LIM3|+1.386000E-04|+1.801800E-04|+9.700087E-05}}
}
{@BLOCK|c57112|00
{@A-CAP|0|+9.245997E-05{@LIM3|+9.240000E-05|+1.201200E-04|+6.466725E-05}}
}
{@BLOCK|c57119|00
{@A-CAP|0|+1.515620E-04{@LIM3|+1.386000E-04|+1.801800E-04|+9.700087E-05}}
}
{@BLOCK|pc1438|00
{@A-CAP|0|+3.537126E-04{@LIM3|+3.740000E-04|+4.862000E-04|+2.617484E-04}}
}
{@BLOCK|pc1559|00
{@A-CAP|0|+1.109223E-04{@LIM3|+1.100000E-04|+1.430000E-04|+7.698482E-05}}
}
{@BLOCK|pc0306|00
{@A-CAP|0|+2.322107E-06{@LIM3|+2.200000E-06|+2.860000E-06|+1.540000E-06}}
}
{@BLOCK|pc0924|00
{@A-CAP|0|+5.257392E-07{@LIM3|+4.650000E-07|+6.277500E-07|+3.720000E-07}}
}
{@BLOCK|pc0926|00
{@A-CAP|0|+5.006765E-07{@LIM3|+4.700000E-07|+5.640000E-07|+3.760000E-07}}
}
{@BLOCK|c51103|00
{@A-CAP|0|+2.369425E-06{@LIM3|+2.200000E-06|+2.640000E-06|+1.760000E-06}}
}
{@BLOCK|c55109|00
{@A-CAP|0|+2.231390E-06{@LIM3|+2.200000E-06|+2.640000E-06|+1.540000E-06}}
}
{@BLOCK|c57107|00
{@A-CAP|0|+2.335017E-06{@LIM3|+2.200000E-06|+2.640000E-06|+1.760000E-06}}
}
{@BLOCK|c83405|00
{@A-CAP|0|+2.295132E-06{@LIM3|+2.200000E-06|+2.640000E-06|+1.540000E-06}}
}
{@BLOCK|c83406|00
{@A-CAP|0|+2.177925E-06{@LIM3|+2.200000E-06|+2.640000E-06|+1.760000E-06}}
}
{@BLOCK|pc0230|00
{@A-CAP|0|+2.963507E-06{@LIM3|+2.800000E-06|+4.200000E-06|+1.400000E-06}}
}
{@BLOCK|pc0901|00
{@A-CAP|0|+6.894686E-05{@LIM3|+5.980000E-05|+8.073000E-05|+4.186000E-05}}
}
{@BLOCK|pc0231|00
{@A-CAP|0|+2.850344E-06{@LIM3|+2.800000E-06|+3.640000E-06|+2.240000E-06}}
}
{@BLOCK|c55103|00
{@A-CAP|0|+7.866164E-10{@LIM3|+6.200000E-10|+8.370000E-10|+4.030000E-10}}
}
{@BLOCK|pc0905|00
{@A-CAP|0|+5.143928E-06{@LIM3|+4.700000E-06|+6.110000E-06|+3.290000E-06}}
}
{@BLOCK|c59007|00
{@A-CAP|0|+4.558110E-10{@LIM3|+4.500000E-10|+5.850000E-10|+3.150000E-10}}
}
{@BLOCK|c59008|00
{@A-CAP|0|+4.151674E-10{@LIM3|+4.500000E-10|+5.850000E-10|+3.150000E-10}}
}
{@BLOCK|c59017|00
{@A-CAP|0|+4.020862E-10{@LIM3|+3.300000E-10|+4.455000E-10|+2.145000E-10}}
}
{@BLOCK|c59018|00
{@A-CAP|0|+4.029725E-10{@LIM3|+4.300000E-10|+5.590000E-10|+3.010000E-10}}
}
{@BLOCK|pc0102|00
{@A-CAP|0|+2.112984E-09{@LIM3|+2.200000E-09|+2.640000E-09|+1.760000E-09}}
}
{@BLOCK|c83414|00
{@A-CAP|0|+1.152106E-09{@LIM3|+1.000000E-09|+1.300000E-09|+7.000000E-10}}
}
{@BLOCK|c83415|00
{@A-CAP|0|+1.134331E-09{@LIM3|+1.000000E-09|+1.300000E-09|+7.000000E-10}}
}
{@BLOCK|c83416|00
{@A-CAP|0|+1.133727E-09{@LIM3|+1.000000E-09|+1.300000E-09|+7.000000E-10}}
}
{@BLOCK|c83417|00
{@A-CAP|0|+1.175585E-09{@LIM3|+1.000000E-09|+1.350000E-09|+7.000000E-10}}
}
{@BLOCK|c84401|00
{@A-CAP|0|+9.951650E-10{@LIM3|+1.000000E-09|+1.177000E-09|+8.000000E-10}}
}
{@BLOCK|c84402|00
{@A-CAP|0|+1.093855E-09{@LIM3|+1.000000E-09|+1.177000E-09|+8.000000E-10}}
}
{@BLOCK|c94306|00
{@A-CAP|0|+1.141651E-09{@LIM3|+1.000000E-09|+1.250000E-09|+8.000000E-10}}
}
{@BLOCK|pc0005|00
{@A-CAP|0|+1.187958E-09{@LIM3|+1.000000E-09|+1.300000E-09|+7.000000E-10}}
}
{@BLOCK|pr0003|00
{@A-RES|0|+1.017384E+05{@LIM3|+1.000000E+05|+1.150000E+05|+8.500000E+04}}
}
{@BLOCK|pr0007|00
{@A-RES|0|+9.933581E+04{@LIM3|+1.000000E+05|+1.150000E+05|+8.500000E+04}}
}
{@BLOCK|pr0212|00
{@A-RES|0|+9.879322E+04{@LIM3|+1.000000E+05|+1.150000E+05|+8.500000E+04}}
}
{@BLOCK|pr0802|00
{@A-RES|0|+1.005142E+05{@LIM3|+1.000000E+05|+1.150000E+05|+8.500000E+04}}
}
{@BLOCK|pr1601|00
{@A-RES|0|+9.889710E+04{@LIM3|+1.000000E+05|+1.150000E+05|+8.500000E+04}}
}
{@BLOCK|pr1602|00
{@A-RES|0|+9.963045E+04{@LIM3|+1.000000E+05|+1.150000E+05|+8.500000E+04}}
}
{@BLOCK|pr1603|00
{@A-RES|0|+9.977843E+04{@LIM3|+1.000000E+05|+1.150000E+05|+8.500000E+04}}
}
{@BLOCK|pr1604|00
{@A-RES|0|+9.936730E+04{@LIM3|+1.000000E+05|+1.150000E+05|+8.500000E+04}}
}
{@BLOCK|pr1648|00
{@A-RES|0|+1.015517E+05{@LIM3|+1.000000E+05|+1.150000E+05|+8.500000E+04}}
}
{@BLOCK|r05008|00
{@A-RES|0|+9.690999E+04{@LIM3|+1.000000E+05|+1.150000E+05|+8.500000E+04}}
}
{@BLOCK|r05011|00
{@A-RES|0|+9.942424E+04{@LIM3|+1.000000E+05|+1.150000E+05|+8.500000E+04}}
}
{@BLOCK|r05013|00
{@A-RES|0|+9.135400E+04{@LIM3|+1.000000E+05|+1.250000E+05|+7.500000E+04}}
}
{@BLOCK|r05014|00
{@A-RES|0|+9.981917E+04{@LIM3|+1.000000E+05|+1.150000E+05|+8.500000E+04}}
}
{@BLOCK|r12006|00
{@A-RES|0|+9.710009E+04{@LIM3|+1.000000E+05|+1.150000E+05|+8.500000E+04}}
}
{@BLOCK|r12016|00
{@A-RES|0|+1.004175E+04{@LIM3|+1.000000E+04|+1.100000E+04|+9.000000E+03}}
}
{@BLOCK|r12010|00
{@A-RES|0|+9.806188E+04{@LIM3|+1.000000E+05|+1.150000E+05|+8.500000E+04}}
}
{@BLOCK|r12012|00
{@A-RES|0|+9.616682E+04{@LIM3|+1.000000E+05|+1.150000E+05|+8.500000E+04}}
}
{@BLOCK|pr1315|00
{@A-RES|0|+5.320578E+02{@LIM3|+5.201000E+02|+6.501250E+02|+3.900750E+02}}
}
{@BLOCK|r41008|00
{@A-RES|0|+9.950396E+04{@LIM3|+1.000000E+05|+1.150000E+05|+8.500000E+04}}
}
{@BLOCK|r42009|00
{@A-RES|0|+9.936730E+04{@LIM3|+1.000000E+05|+1.150000E+05|+8.500000E+04}}
}
{@BLOCK|r42010|00
{@A-RES|0|+9.927290E+04{@LIM3|+1.000000E+05|+1.150000E+05|+8.500000E+04}}
}
{@BLOCK|r42028|00
{@A-RES|0|+9.976784E+04{@LIM3|+1.000000E+05|+1.150000E+05|+8.500000E+04}}
}
{@BLOCK|r43012|00
{@A-RES|0|+9.907421E+04{@LIM3|+1.000000E+05|+1.150000E+05|+8.500000E+04}}
}
{@BLOCK|r43013|00
{@A-RES|0|+9.881398E+04{@LIM3|+1.000000E+05|+1.150000E+05|+8.500000E+04}}
}
{@BLOCK|r43015|00
{@A-RES|0|+9.886592E+04{@LIM3|+1.000000E+05|+1.150000E+05|+8.500000E+04}}
}
{@BLOCK|r43018|00
{@A-RES|0|+9.886635E+04{@LIM3|+1.000000E+05|+1.150000E+05|+8.500000E+04}}
}
{@BLOCK|r43019|00
{@A-RES|0|+9.984198E+04{@LIM3|+1.000000E+05|+1.150000E+05|+8.500000E+04}}
}
{@BLOCK|r43020|00
{@A-RES|0|+9.988166E+04{@LIM3|+1.000000E+05|+1.150000E+05|+8.500000E+04}}
}
{@BLOCK|r43024|00
{@A-RES|0|+1.004577E+05{@LIM3|+1.000000E+05|+1.150000E+05|+8.500000E+04}}
}
{@BLOCK|r43028|00
{@A-RES|0|+1.002677E+05{@LIM3|+1.000000E+05|+1.150000E+05|+8.500000E+04}}
}
{@BLOCK|r43032|00
{@A-RES|0|+5.392772E+04{@LIM3|+5.000000E+04|+5.750000E+04|+4.250000E+04}}
}
{@BLOCK|r43033|00
{@A-RES|0|+9.916823E+04{@LIM3|+1.000000E+05|+1.150000E+05|+8.500000E+04}}
}
{@BLOCK|r43035|00
{@A-RES|0|+9.927290E+04{@LIM3|+1.000000E+05|+1.150000E+05|+8.500000E+04}}
}
{@BLOCK|r45232|00
{@A-RES|0|+1.003212E+05{@LIM3|+1.000000E+05|+1.150000E+05|+8.500000E+04}}
}
{@BLOCK|r45233|00
{@A-RES|0|+1.029456E+05{@LIM3|+1.000000E+05|+1.150000E+05|+8.500000E+04}}
}
{@BLOCK|r46205|00
{@A-RES|0|+1.000012E+05{@LIM3|+1.000000E+05|+1.150000E+05|+8.500000E+04}}
}
{@BLOCK|r46209|00
{@A-RES|0|+6.172911E+04{@LIM3|+6.000000E+04|+8.100000E+04|+3.900000E+04}}
}
{@BLOCK|pc0202|00
{@A-CAP|0|+4.354290E-08{@LIM3|+4.700000E-08|+5.640000E-08|+3.760000E-08}}
}
{@BLOCK|r41012|00
{@A-RES|0|+9.918629E+04{@LIM3|+1.000000E+05|+1.150000E+05|+8.500000E+04}}
}
{@BLOCK|r42008|00
{@A-RES|0|+1.000931E+05{@LIM3|+1.000000E+05|+1.150000E+05|+8.500000E+04}}
}
{@BLOCK|r42020|00
{@A-RES|0|+1.001258E+05{@LIM3|+1.000000E+05|+1.150000E+05|+8.500000E+04}}
}
{@BLOCK|r44003|00
{@A-RES|0|+9.867544E+04{@LIM3|+1.000000E+05|+1.150000E+05|+8.500000E+04}}
}
{@BLOCK|r45231|00
{@A-RES|0|+1.001803E+05{@LIM3|+1.000000E+05|+1.150000E+05|+8.500000E+04}}
}
{@BLOCK|r46201|00
{@A-RES|0|+9.896214E+04{@LIM3|+1.000000E+05|+1.150000E+05|+8.500000E+04}}
}
{@BLOCK|r50004|00
{@A-RES|0|+1.001694E+05{@LIM3|+1.000000E+05|+1.150000E+05|+8.500000E+04}}
}
{@BLOCK|r46210|00
{@A-RES|0|+6.110900E+04{@LIM3|+6.000000E+04|+8.100000E+04|+3.900000E+04}}
}
{@BLOCK|r46211|00
{@A-RES|0|+6.083255E+04{@LIM3|+6.000000E+04|+8.100000E+04|+3.900000E+04}}
}
{@BLOCK|r51216|00
{@A-RES|0|+9.903248E+04{@LIM3|+1.000000E+05|+1.150000E+05|+8.500000E+04}}
}
{@BLOCK|r51219|00
{@A-RES|0|+9.917979E+04{@LIM3|+1.000000E+05|+1.150000E+05|+8.500000E+04}}
}
{@BLOCK|r05015|00
{@A-RES|0|+1.000331E+05{@LIM3|+1.000000E+05|+1.110000E+05|+8.900000E+04}}
}
{@BLOCK|r58003|00
{@A-RES|0|+9.898765E+04{@LIM3|+1.000000E+05|+1.150000E+05|+8.500000E+04}}
}
{@BLOCK|r58012|00
{@A-RES|0|+1.005142E+05{@LIM3|+1.000000E+05|+1.150000E+05|+8.500000E+04}}
}
{@BLOCK|r58015|00
{@A-RES|0|+9.764446E+04{@LIM3|+1.000000E+05|+1.150000E+05|+8.500000E+04}}
}
{@BLOCK|r58016|00
{@A-RES|0|+9.857577E+04{@LIM3|+1.000000E+05|+1.150000E+05|+8.500000E+04}}
}
{@BLOCK|r59019|00
{@A-RES|0|+9.945004E+04{@LIM3|+1.000000E+05|+1.150000E+05|+8.500000E+04}}
}
{@BLOCK|r59020|00
{@A-RES|0|+9.976890E+04{@LIM3|+1.000000E+05|+1.250000E+05|+7.500000E+04}}
}
{@BLOCK|r59021|00
{@A-RES|0|+1.004498E+05{@LIM3|+1.000000E+05|+1.150000E+05|+8.500000E+04}}
}
{@BLOCK|r59022|00
{@A-RES|0|+1.004713E+05{@LIM3|+1.000000E+05|+1.150000E+05|+8.500000E+04}}
}
{@BLOCK|r59028|00
{@A-RES|0|+9.973610E+04{@LIM3|+1.000000E+05|+1.150000E+05|+8.500000E+04}}
}
{@BLOCK|r59029|00
{@A-RES|0|+9.878284E+04{@LIM3|+1.000000E+05|+1.150000E+05|+8.500000E+04}}
}
{@BLOCK|r59030|00
{@A-RES|0|+9.886592E+04{@LIM3|+1.000000E+05|+1.150000E+05|+8.500000E+04}}
}
{@BLOCK|r72002|00
{@A-RES|0|+1.006383E+05{@LIM3|+1.000000E+05|+1.150000E+05|+8.500000E+04}}
}
{@BLOCK|r76217|00
{@A-RES|0|+9.854479E+04{@LIM3|+1.000000E+05|+1.150000E+05|+8.500000E+04}}
}
{@BLOCK|r84204|00
{@A-RES|0|+9.994283E+04{@LIM3|+1.000000E+05|+1.150000E+05|+8.500000E+04}}
}
{@BLOCK|r85205|00
{@A-RES|0|+1.004339E+05{@LIM3|+1.000000E+05|+1.150000E+05|+8.500000E+04}}
}
{@BLOCK|r05012|00
{@A-RES|0|+9.965156E+04{@LIM3|+1.000000E+05|+1.110000E+05|+8.900000E+04}}
}
{@BLOCK|pr0006|00
{@A-RES|0|+3.270321E+04{@LIM3|+3.300000E+04|+3.795000E+04|+2.805000E+04}}
}
{@BLOCK|r74205|00
{@A-RES|0|+3.251874E+04{@LIM3|+3.300000E+04|+3.630000E+04|+2.970000E+04}}
}
{@BLOCK|pr0008|00
{@A-RES|0|+9.738348E+03{@LIM3|+1.000000E+04|+1.100000E+04|+9.000000E+03}}
}
{@BLOCK|pr0012|00
{@A-RES|0|+9.942406E+03{@LIM3|+1.000000E+04|+1.100000E+04|+9.000000E+03}}
}
{@BLOCK|pr1016|00
{@A-RES|0|+9.964523E+03{@LIM3|+1.000000E+04|+1.100000E+04|+9.000000E+03}}
}
{@BLOCK|pr1109|00
{@A-RES|0|+9.992043E+03{@LIM3|+1.000000E+04|+1.100000E+04|+9.000000E+03}}
}
{@BLOCK|pr1215|00
{@A-RES|0|+1.007444E+04{@LIM3|+1.000000E+04|+1.100000E+04|+9.000000E+03}}
}
{@BLOCK|pr1314|00
{@A-RES|0|+1.001012E+04{@LIM3|+1.000000E+04|+1.100000E+04|+9.000000E+03}}
}
{@BLOCK|pr1628|00
{@A-RES|0|+1.005936E+04{@LIM3|+1.000000E+04|+1.100000E+04|+9.000000E+03}}
}
{@BLOCK|r05016|00
{@A-RES|0|+9.649261E+03{@LIM3|+1.000000E+04|+1.100000E+04|+9.000000E+03}}
}
{@BLOCK|r05017|00
{@A-RES|0|+1.003254E+04{@LIM3|+1.000000E+04|+1.100000E+04|+9.000000E+03}}
}
{@BLOCK|r92002|00
{@A-RES|0|+9.607726E+04{@LIM3|+1.000000E+05|+1.350000E+05|+6.500000E+04}}
}
{@BLOCK|r11001|00
{@A-RES|0|+1.002000E+04{@LIM3|+1.000000E+04|+1.100000E+04|+9.000000E+03}}
}
{@BLOCK|r41001|00
{@A-RES|0|+1.011973E+04{@LIM3|+1.000000E+04|+1.100000E+04|+9.000000E+03}}
}
{@BLOCK|r41002|00
{@A-RES|0|+9.999852E+03{@LIM3|+1.000000E+04|+1.100000E+04|+9.000000E+03}}
}
{@BLOCK|r42004|00
{@A-RES|0|+1.010417E+04{@LIM3|+1.000000E+04|+1.100000E+04|+9.000000E+03}}
}
{@BLOCK|r42006|00
{@A-RES|0|+9.929708E+03{@LIM3|+1.000000E+04|+1.100000E+04|+9.000000E+03}}
}
{@BLOCK|r43004|00
{@A-RES|0|+9.936678E+03{@LIM3|+1.000000E+04|+1.100000E+04|+9.000000E+03}}
}
{@BLOCK|r43005|00
{@A-RES|0|+9.979788E+03{@LIM3|+1.000000E+04|+1.100000E+04|+9.000000E+03}}
}
{@BLOCK|r07011|00
{@A-RES|0|+9.974561E+03{@LIM3|+1.000000E+04|+1.100000E+04|+8.000000E+03}}
}
{@BLOCK|r07019|00
{@A-RES|0|+1.004915E+04{@LIM3|+1.000000E+04|+1.100000E+04|+9.000000E+03}}
}
{@BLOCK|r09001|00
{@A-RES|0|+1.007444E+04{@LIM3|+1.000000E+04|+1.100000E+04|+9.000000E+03}}
}
{@BLOCK|r12009|00
{@A-RES|0|+1.002345E+04{@LIM3|+1.000000E+04|+1.100000E+04|+9.000000E+03}}
}
{@BLOCK|r12015|00
{@A-RES|0|+1.091431E+04{@LIM3|+1.000000E+04|+1.100000E+04|+9.000000E+03}}
}
{@BLOCK|r18001|00
{@A-RES|0|+9.930604E+03{@LIM3|+1.000000E+04|+1.100000E+04|+9.000000E+03}}
}
{@BLOCK|r44012|00
{@A-RES|0|+9.845373E+03{@LIM3|+1.000000E+04|+1.100000E+04|+9.000000E+03}}
}
{@BLOCK|r44017|00
{@A-RES|0|+1.008525E+04{@LIM3|+1.000000E+04|+1.100000E+04|+9.000000E+03}}
}
{@BLOCK|r43023|00
{@A-RES|0|+9.949034E+03{@LIM3|+1.000000E+04|+1.100000E+04|+9.000000E+03}}
}
{@BLOCK|r45202|00
{@A-RES|0|+1.004187E+04{@LIM3|+1.000000E+04|+1.100000E+04|+9.000000E+03}}
}
{@BLOCK|r45203|00
{@A-RES|0|+1.000366E+04{@LIM3|+1.000000E+04|+1.100000E+04|+9.000000E+03}}
}
{@BLOCK|r45204|00
{@A-RES|0|+9.931852E+03{@LIM3|+1.000000E+04|+1.100000E+04|+9.000000E+03}}
}
{@BLOCK|r45205|00
{@A-RES|0|+9.984119E+03{@LIM3|+1.000000E+04|+1.100000E+04|+9.000000E+03}}
}
{@BLOCK|r45206|00
{@A-RES|0|+9.924888E+03{@LIM3|+1.000000E+04|+1.100000E+04|+9.000000E+03}}
}
{@BLOCK|r45207|00
{@A-RES|0|+1.013031E+04{@LIM3|+1.000000E+04|+1.100000E+04|+9.000000E+03}}
}
{@BLOCK|r45208|00
{@A-RES|0|+9.990623E+03{@LIM3|+1.000000E+04|+1.100000E+04|+9.000000E+03}}
}
{@BLOCK|r46204|00
{@A-RES|0|+9.916726E+03{@LIM3|+1.000000E+04|+1.100000E+04|+9.000000E+03}}
}
{@BLOCK|r46206|00
{@A-RES|0|+1.008579E+04{@LIM3|+1.000000E+04|+1.100000E+04|+9.000000E+03}}
}
{@BLOCK|r48202|00
{@A-RES|0|+1.053478E+04{@LIM3|+1.000000E+04|+1.100000E+04|+9.000000E+03}}
}
{@BLOCK|r53222|00
{@A-RES|0|+1.000054E+04{@LIM3|+1.000000E+04|+1.100000E+04|+9.000000E+03}}
}
{@BLOCK|r54215|00
{@A-RES|0|+1.004814E+04{@LIM3|+1.000000E+04|+1.100000E+04|+9.000000E+03}}
}
{@BLOCK|r56206|00
{@A-RES|0|+1.007822E+04{@LIM3|+1.000000E+04|+1.100000E+04|+9.000000E+03}}
}
{@BLOCK|r56208|00
{@A-RES|0|+1.001545E+04{@LIM3|+1.000000E+04|+1.100000E+04|+9.000000E+03}}
}
{@BLOCK|r59004|00
{@A-RES|0|+1.003575E+04{@LIM3|+1.000000E+04|+1.100000E+04|+9.000000E+03}}
}
{@BLOCK|r45209|00
{@A-RES|0|+9.971676E+03{@LIM3|+1.000000E+04|+1.100000E+04|+9.000000E+03}}
}
{@BLOCK|r46212|00
{@A-RES|0|+9.930244E+03{@LIM3|+1.000000E+04|+1.100000E+04|+9.000000E+03}}
}
{@BLOCK|r46214|00
{@A-RES|0|+1.003530E+04{@LIM3|+1.000000E+04|+1.100000E+04|+9.000000E+03}}
}
{@BLOCK|r58001|00
{@A-RES|0|+1.003726E+04{@LIM3|+1.000000E+04|+1.150000E+04|+8.500000E+03}}
}
{@BLOCK|r70208|00
{@A-RES|0|+1.010750E+04{@LIM3|+1.000000E+04|+1.100000E+04|+9.000000E+03}}
}
{@BLOCK|r76209|00
{@A-RES|0|+9.997146E+03{@LIM3|+1.000000E+04|+1.100000E+04|+9.000000E+03}}
}
{@BLOCK|r76214|00
{@A-RES|0|+9.971985E+03{@LIM3|+1.000000E+04|+1.100000E+04|+9.000000E+03}}
}
{@BLOCK|r84203|00
{@A-RES|0|+9.978164E+03{@LIM3|+1.000000E+04|+1.100000E+04|+9.000000E+03}}
}
{@BLOCK|r74210|00
{@A-RES|0|+1.001012E+04{@LIM3|+1.000000E+04|+1.100000E+04|+9.000000E+03}}
}
{@BLOCK|r74213|00
{@A-RES|0|+9.914635E+03{@LIM3|+1.000000E+04|+1.100000E+04|+9.000000E+03}}
}
{@BLOCK|r76210|00
{@A-RES|0|+1.010366E+04{@LIM3|+1.000000E+04|+1.100000E+04|+9.000000E+03}}
}
{@BLOCK|r76213|00
{@A-RES|0|+9.944694E+03{@LIM3|+1.000000E+04|+1.100000E+04|+9.000000E+03}}
}
{@BLOCK|r83203|00
{@A-RES|0|+9.948715E+03{@LIM3|+1.000000E+04|+1.100000E+04|+9.000000E+03}}
}
{@BLOCK|r83204|00
{@A-RES|0|+1.003047E+04{@LIM3|+1.000000E+04|+1.150000E+04|+8.500000E+03}}
}
{@BLOCK|r94206|00
{@A-RES|0|+1.009256E+04{@LIM3|+1.000000E+04|+1.100000E+04|+9.000000E+03}}
}
{@BLOCK|r06005|00
{@A-RES|0|+4.669571E+03{@LIM3|+4.700000E+03|+5.170000E+03|+4.230000E+03}}
}
{@BLOCK|r98205|00
{@A-RES|0|+9.997353E+03{@LIM3|+1.000000E+04|+1.100000E+04|+9.000000E+03}}
}
{@BLOCK|pr0009|00
{@A-RES|0|+9.924148E+04{@LIM3|+1.000000E+05|+1.110000E+05|+8.900000E+04}}
}
{@BLOCK|pr0710|00
{@A-RES|0|+1.004283E+05{@LIM3|+1.000000E+05|+1.110000E+05|+8.900000E+04}}
}
{@BLOCK|pr1107|00
{@A-RES|0|+9.976784E+04{@LIM3|+1.000000E+05|+1.110000E+05|+8.900000E+04}}
}
{@BLOCK|r92001|00
{@A-RES|0|+1.000668E+05{@LIM3|+1.000000E+05|+1.110000E+05|+8.900000E+04}}
}
{@BLOCK|r07003|00
{@A-RES|0|+1.000315E+03{@LIM3|+1.000000E+03|+1.100000E+03|+9.000000E+02}}
}
{@BLOCK|r07005|00
{@A-RES|0|+1.006364E+03{@LIM3|+1.000000E+03|+1.100000E+03|+9.000000E+02}}
}
{@BLOCK|r07007|00
{@A-RES|0|+1.009443E+03{@LIM3|+1.000000E+03|+1.100000E+03|+9.000000E+02}}
}
{@BLOCK|r07009|00
{@A-RES|0|+1.015713E+03{@LIM3|+1.000000E+03|+1.100000E+03|+9.000000E+02}}
}
{@BLOCK|r07010|00
{@A-RES|0|+9.975555E+02{@LIM3|+1.000000E+03|+1.100000E+03|+9.000000E+02}}
}
{@BLOCK|r12008|00
{@A-RES|0|+1.001700E+03{@LIM3|+1.000000E+03|+1.100000E+03|+9.000000E+02}}
}
{@BLOCK|r20002|00
{@A-RES|0|+9.993580E+02{@LIM3|+1.000000E+03|+1.100000E+03|+9.000000E+02}}
}
{@BLOCK|r20014|00
{@A-RES|0|+1.002876E+03{@LIM3|+1.000000E+03|+1.100000E+03|+9.000000E+02}}
}
{@BLOCK|r20015|00
{@A-RES|0|+1.001380E+03{@LIM3|+1.000000E+03|+1.100000E+03|+9.000000E+02}}
}
{@BLOCK|r20016|00
{@A-RES|0|+1.001967E+03{@LIM3|+1.000000E+03|+1.100000E+03|+9.000000E+02}}
}
{@BLOCK|r43017|00
{@A-RES|0|+1.006903E+03{@LIM3|+1.000000E+03|+1.100000E+03|+9.000000E+02}}
}
{@BLOCK|r50207|00
{@A-RES|0|+9.108263E+02{@LIM3|+1.000000E+03|+1.100000E+03|+9.000000E+02}}
}
{@BLOCK|r58008|00
{@A-RES|0|+9.958123E+02{@LIM3|+1.000000E+03|+1.100000E+03|+9.000000E+02}}
}
{@BLOCK|r58009|00
{@A-RES|0|+9.979790E+02{@LIM3|+1.000000E+03|+1.100000E+03|+9.000000E+02}}
}
{@BLOCK|r76206|00
{@A-RES|0|+9.936549E+02{@LIM3|+1.000000E+03|+1.100000E+03|+9.000000E+02}}
}
{@BLOCK|r45201|00
{@A-RES|0|+1.999095E+04{@LIM3|+2.000000E+04|+2.200000E+04|+1.800000E+04}}
}
{@BLOCK|r50002|00
{@A-RES|0|+2.015517E+04{@LIM3|+2.000000E+04|+2.200000E+04|+1.800000E+04}}
}
{@BLOCK|r50003|00
{@A-RES|0|+1.977862E+04{@LIM3|+2.000000E+04|+2.200000E+04|+1.800000E+04}}
}
{@BLOCK|pr1653|00
{@A-RES|0|+9.834713E+05{@LIM3|+1.000000E+06|+1.250000E+06|+7.500000E+05}}
}
{@BLOCK|r58013|00
{@A-RES|0|+9.949616E+05{@LIM3|+1.000000E+06|+1.250000E+06|+7.500000E+05}}
}
{@BLOCK|pr0803|00
{@A-JUM|0|+3.207375E+00{@LIM2|+1.500000E+01|+0.000000E+00}}
}
{@BLOCK|pr0809|00
{@A-JUM|0|+3.578714E+00{@LIM2|+1.500000E+01|+0.000000E+00}}
}
{@BLOCK|r14002|00
{@A-JUM|0|+4.158380E+00{@LIM2|+1.500000E+01|+0.000000E+00}}
}
{@BLOCK|r15007|00
{@A-JUM|0|+3.607387E+00{@LIM2|+1.500000E+01|+0.000000E+00}}
}
{@BLOCK|r16001|00
{@A-JUM|0|+3.677150E+00{@LIM2|+1.500000E+01|+0.000000E+00}}
}
{@BLOCK|r16002|00
{@A-JUM|0|+3.498185E+00{@LIM2|+1.500000E+01|+0.000000E+00}}
}
{@BLOCK|r17002|00
{@A-JUM|0|+3.215370E+00{@LIM2|+1.500000E+01|+0.000000E+00}}
}
{@BLOCK|r17003|00
{@A-JUM|0|+3.441677E+00{@LIM2|+1.500000E+01|+0.000000E+00}}
}
{@BLOCK|r17004|00
{@A-JUM|0|+3.050737E+00{@LIM2|+1.500000E+01|+0.000000E+00}}
}
{@BLOCK|r17006|00
{@A-JUM|0|+2.960653E+00{@LIM2|+1.500000E+01|+0.000000E+00}}
}
{@BLOCK|pr1649|00
{@A-RES|0|+1.036262E+02{@LIM3|+1.000000E+02|+1.150000E+02|+9.000000E+01}}
}
{@BLOCK|pr1650|00
{@A-RES|0|+1.354914E+02{@LIM3|+1.000000E+02|+1.550000E+02|+4.500000E+01}}
}
{@BLOCK|r13001|00
{@A-RES|0|+1.048479E+02{@LIM3|+1.000000E+02|+1.150000E+02|+9.000000E+01}}
}
{@BLOCK|r45227|00
{@A-RES|0|+1.020053E+02{@LIM3|+1.000000E+02|+1.150000E+02|+9.000000E+01}}
}
{@BLOCK|r45229|00
{@A-RES|0|+1.008375E+02{@LIM3|+1.000000E+02|+1.150000E+02|+9.000000E+01}}
}
{@BLOCK|r45230|00
{@A-RES|0|+1.017136E+02{@LIM3|+1.000000E+02|+1.150000E+02|+9.000000E+01}}
}
{@BLOCK|pr0206|00
{@A-RES|0|+1.002720E+04{@LIM3|+1.470000E+04|+1.852200E+04|+9.408000E+03}}
}
{@BLOCK|r43031|00
{@A-RES|0|+7.925977E+01{@LIM3|+7.500000E+01|+8.750002E+01|+6.750000E+01}}
}
{@BLOCK|pr0208|00
{@A-RES|0|+1.015861E+01{@LIM3|+1.000000E+01|+1.350000E+01|+6.500000E+00}}
}
{@BLOCK|pr0230|00
{@A-RES|0|+1.013868E+01{@LIM3|+1.000000E+01|+1.350000E+01|+6.500000E+00}}
}
{@BLOCK|pr0210|00
{@A-RES|0|+1.733969E+05{@LIM3|+1.370000E+05|+1.849500E+05|+8.905000E+04}}
}
{@BLOCK|pr1206|00
{@A-RES|0|+9.972323E+03{@LIM3|+1.000000E+04|+1.060000E+04|+9.400000E+03}}
}
{@BLOCK|rt42001|00
{@A-RES|0|+1.060657E+04{@LIM3|+1.000000E+04|+1.500000E+04|+5.000000E+03}}
}
{@BLOCK|rt42002|00
{@A-RES|0|+1.046752E+04{@LIM3|+1.000000E+04|+1.500000E+04|+5.000000E+03}}
}
{@BLOCK|rt42003|00
{@A-RES|0|+1.064117E+04{@LIM3|+1.000000E+04|+1.500000E+04|+5.000000E+03}}
}
{@BLOCK|rt42004|00
{@A-RES|0|+1.063526E+04{@LIM3|+1.000000E+04|+1.500000E+04|+5.000000E+03}}
}
{@BLOCK|rt42005|00
{@A-RES|0|+1.060510E+04{@LIM3|+1.000000E+04|+1.500000E+04|+5.000000E+03}}
}
{@BLOCK|rt42006|00
{@A-RES|0|+1.061611E+04{@LIM3|+1.000000E+04|+1.500000E+04|+5.000000E+03}}
}
{@BLOCK|r44010|00
{@A-RES|0|+5.022555E+02{@LIM3|+4.990000E+02|+5.289400E+02|+4.690600E+02}}
}
{@BLOCK|r44011|00
{@A-RES|0|+5.024434E+02{@LIM3|+4.990000E+02|+5.289400E+02|+4.690600E+02}}
}
{@BLOCK|r64202|00
{@A-RES|0|+9.915134E+05{@LIM3|+1.000000E+06|+1.210000E+06|+7.900000E+05}}
}
{@BLOCK|pr1101|00
{@A-JUM|0|+4.189775E+00{@LIM2|+1.500000E+01|+0.000000E+00}}
}
{@BLOCK|pr1605|00
{@A-RES|0|+1.230906E+02{@LIM3|+1.200000E+02|+1.297000E+02|+1.128000E+02}}
}
{@BLOCK|pr1629|00
{@A-RES|0|+8.448171E+01{@LIM3|+8.200000E+01|+9.192003E+01|+7.708000E+01}}
}
{@BLOCK|pr1651|00
{@A-RES|0|+4.764303E+02{@LIM3|+4.700000E+02|+6.110000E+02|+4.230000E+02}}
}
{@BLOCK|pr1652|00
{@A-RES|0|+4.985469E+01{@LIM3|+4.700000E+01|+5.670000E+01|+4.230000E+01}}
}
{@BLOCK|r83202|00
{@A-RES|0|+4.974158E+01{@LIM3|+4.700000E+01|+5.670000E+01|+4.230000E+01}}
}
{@BLOCK|prt0001|00
{@A-RES|0|+6.522978E+02{@LIM3|+5.400000E+02|+7.290000E+02|+3.510000E+02}}
}
{@BLOCK|prt0002|00
{@A-RES|0|+6.316999E+02{@LIM3|+5.400000E+02|+7.290000E+02|+3.510000E+02}}
}
{@BLOCK|pr0305|00
{@A-RES|0|+9.899410E+04{@LIM3|+1.000000E+05|+1.110000E+05|+8.000000E+04}}
}
{@BLOCK|r44013|00
{@A-RES|0|+1.002616E+03{@LIM3|+1.000000E+03|+1.100000E+03|+9.000000E+02}}
}
{@BLOCK|r44016|00
{@A-RES|0|+9.954529E+02{@LIM3|+1.000000E+03|+1.100000E+03|+9.000000E+02}}
}
{@BLOCK|r44004|00
{@A-RES|0|+1.004753E+06{@LIM3|+1.000000E+06|+1.250000E+06|+7.500000E+05}}
}
{@BLOCK|r76211|00
{@A-RES|0|+5.002133E+02{@LIM3|+4.990000E+02|+5.289400E+02|+4.690600E+02}}
}
{@BLOCK|r76212|00
{@A-RES|0|+5.002133E+02{@LIM3|+4.990000E+02|+5.289400E+02|+4.690600E+02}}
}
{@BLOCK|r11004|00
{@A-RES|0|+1.998287E+05{@LIM3|+2.000000E+05|+2.220000E+05|+1.780000E+05}}
}
{@BLOCK|prt0003|00
{@A-RES|0|+6.551184E+02{@LIM3|+5.400000E+02|+7.290000E+02|+3.510000E+02}}
}
{@BLOCK|prt0007|00
{@A-RES|0|+6.520264E+02{@LIM3|+5.400000E+02|+7.290000E+02|+3.510000E+02}}
}
{@BLOCK|prt0009|00
{@A-RES|0|+6.348134E+02{@LIM3|+5.400000E+02|+7.290000E+02|+3.510000E+02}}
}
{@BLOCK|prt0010|00
{@A-RES|0|+6.436791E+02{@LIM3|+5.400000E+02|+7.290000E+02|+3.510000E+02}}
}
{@BLOCK|r06001|00
{@A-RES|0|+3.399803E+02{@LIM3|+3.300000E+02|+3.630000E+02|+2.970000E+02}}
}
{@BLOCK|r06002|00
{@A-RES|0|+3.312967E+02{@LIM3|+3.300000E+02|+3.630000E+02|+2.970000E+02}}
}
{@BLOCK|r06003|00
{@A-RES|0|+2.203471E+03{@LIM3|+2.200000E+03|+2.420000E+03|+1.980000E+03}}
}
{@BLOCK|r06004|00
{@A-RES|0|+2.245552E+03{@LIM3|+2.200000E+03|+2.420000E+03|+1.980000E+03}}
}
{@BLOCK|r07016|00
{@A-RES|0|+2.246787E+03{@LIM3|+2.200000E+03|+2.420000E+03|+1.980000E+03}}
}
{@BLOCK|prt0004|00
{@A-RES|0|+6.175692E+02{@LIM3|+5.400000E+02|+7.290000E+02|+3.510000E+02}}
}
{@BLOCK|prt0005|00
{@A-RES|0|+6.212576E+02{@LIM3|+5.400000E+02|+7.290000E+02|+3.510000E+02}}
}
{@BLOCK|prt0006|00
{@A-RES|0|+6.705983E+02{@LIM3|+5.400000E+02|+7.290000E+02|+3.510000E+02}}
}
{@BLOCK|prt0008|00
{@A-RES|0|+6.445110E+02{@LIM3|+5.400000E+02|+7.290000E+02|+3.510000E+02}}
}
{@BLOCK|prt0012|00
{@A-RES|0|+6.406046E+02{@LIM3|+5.400000E+02|+7.290000E+02|+3.510000E+02}}
}
{@BLOCK|prt0014|00
{@A-RES|0|+6.246763E+02{@LIM3|+5.400000E+02|+7.290000E+02|+3.510000E+02}}
}
{@BLOCK|prt0015|00
{@A-RES|0|+6.464140E+02{@LIM3|+5.400000E+02|+7.290000E+02|+3.510000E+02}}
}
{@BLOCK|r41003|00
{@A-RES|0|+2.237378E+03{@LIM3|+2.200000E+03|+2.420000E+03|+1.980000E+03}}
}
{@BLOCK|r20004|00
{@A-RES|0|+2.235648E+03{@LIM3|+2.200000E+03|+2.420000E+03|+1.980000E+03}}
}
{@BLOCK|r20005|00
{@A-RES|0|+2.191357E+03{@LIM3|+2.200000E+03|+2.420000E+03|+1.980000E+03}}
}
{@BLOCK|r20006|00
{@A-RES|0|+2.194731E+03{@LIM3|+2.200000E+03|+2.420000E+03|+1.980000E+03}}
}
{@BLOCK|r43022|00
{@A-RES|0|+2.234669E+03{@LIM3|+2.200000E+03|+2.420000E+03|+1.980000E+03}}
}
{@BLOCK|r46202|00
{@A-RES|0|+2.273448E+03{@LIM3|+2.200000E+03|+2.420000E+03|+1.980000E+03}}
}
{@BLOCK|r46203|00
{@A-RES|0|+2.200790E+03{@LIM3|+2.200000E+03|+2.420000E+03|+1.980000E+03}}
}
{@BLOCK|r46207|00
{@A-RES|0|+2.204607E+03{@LIM3|+2.200000E+03|+2.420000E+03|+1.980000E+03}}
}
{@BLOCK|r46208|00
{@A-RES|0|+2.212593E+03{@LIM3|+2.200000E+03|+2.420000E+03|+1.980000E+03}}
}
{@BLOCK|r46215|00
{@A-RES|0|+2.283049E+03{@LIM3|+2.200000E+03|+2.420000E+03|+1.980000E+03}}
}
{@BLOCK|r46216|00
{@A-RES|0|+2.230219E+03{@LIM3|+2.200000E+03|+2.420000E+03|+1.980000E+03}}
}
{@BLOCK|r54210|00
{@A-RES|0|+2.201821E+03{@LIM3|+2.200000E+03|+2.420000E+03|+1.980000E+03}}
}
{@BLOCK|r54211|00
{@A-RES|0|+2.245766E+03{@LIM3|+2.200000E+03|+2.420000E+03|+1.980000E+03}}
}
{@BLOCK|r59005|00
{@A-RES|0|+2.218123E+03{@LIM3|+2.200000E+03|+2.420000E+03|+1.980000E+03}}
}
{@BLOCK|r59006|00
{@A-RES|0|+2.249849E+03{@LIM3|+2.200000E+03|+2.420000E+03|+1.980000E+03}}
}
{@BLOCK|r74209|00
{@A-RES|0|+2.251249E+03{@LIM3|+2.200000E+03|+2.420000E+03|+1.980000E+03}}
}
{@BLOCK|r85202|00
{@A-RES|0|+2.223714E+03{@LIM3|+2.200000E+03|+2.420000E+03|+1.980000E+03}}
}
{@BLOCK|r41004|00
{@A-RES|0|+2.255698E+03{@LIM3|+2.200000E+03|+2.420000E+03|+1.980000E+03}}
}
{@BLOCK|r42002|00
{@A-RES|0|+2.209865E+03{@LIM3|+2.200000E+03|+2.420000E+03|+1.980000E+03}}
}
{@BLOCK|r42003|00
{@A-RES|0|+2.225688E+03{@LIM3|+2.200000E+03|+2.420000E+03|+1.980000E+03}}
}
{@BLOCK|r41005|00
{@A-RES|0|+4.679667E+03{@LIM3|+4.700000E+03|+5.170000E+03|+4.230000E+03}}
}
{@BLOCK|r41006|00
{@A-RES|0|+4.713952E+03{@LIM3|+4.700000E+03|+5.170000E+03|+4.230000E+03}}
}
{@BLOCK|r50208|00
{@A-RES|0|+4.590859E+03{@LIM3|+4.700000E+03|+5.170000E+03|+4.230000E+03}}
}
{@BLOCK|r11002|00
{@A-RES|0|+3.493583E+01{@LIM3|+3.300000E+01|+4.129999E+01|+2.970000E+01}}
}
{@BLOCK|r12002|00
{@A-RES|0|+3.714546E+01{@LIM3|+3.300000E+01|+4.129999E+01|+2.970000E+01}}
}
{@BLOCK|r41028|00
{@A-RES|0|+4.687458E+03{@LIM3|+4.700000E+03|+5.170000E+03|+4.230000E+03}}
}
{@BLOCK|r41029|00
{@A-RES|0|+4.705513E+03{@LIM3|+4.700000E+03|+5.170000E+03|+4.230000E+03}}
}
{@BLOCK|r45235|00
{@A-RES|0|+4.708104E+03{@LIM3|+4.700000E+03|+5.170000E+03|+4.230000E+03}}
}
{@BLOCK|r45236|00
{@A-RES|0|+4.707633E+03{@LIM3|+4.700000E+03|+5.170000E+03|+4.230000E+03}}
}
{@BLOCK|r08001|00
{@A-RES|0|+5.088843E+01{@LIM3|+4.990000E+01|+5.789398E+01|+4.690600E+01}}
}
{@BLOCK|r10002|00
{@A-RES|0|+2.696192E+01{@LIM3|+2.400000E+01|+3.139999E+01|+2.160000E+01}}
}
{@BLOCK|r10004|00
{@A-RES|0|+7.333997E+04{@LIM3|+7.500000E+04|+8.250000E+04|+6.750000E+04}}
}
{@BLOCK|r22201|00
{@A-RES|0|+2.401975E+03{@LIM3|+2.400000E+03|+2.544000E+03|+2.256000E+03}}
}
{@BLOCK|r22202|00
{@A-RES|0|+2.402712E+03{@LIM3|+2.400000E+03|+2.544000E+03|+2.256000E+03}}
}
{@BLOCK|r22203|00
{@A-RES|0|+2.398668E+03{@LIM3|+2.400000E+03|+2.544000E+03|+2.256000E+03}}
}
{@BLOCK|r22204|00
{@A-RES|0|+2.409852E+03{@LIM3|+2.400000E+03|+2.544000E+03|+2.256000E+03}}
}
{@BLOCK|r22205|00
{@A-RES|0|+1.195513E+03{@LIM3|+1.200000E+03|+1.320000E+03|+1.080000E+03}}
}
{@BLOCK|r22206|00
{@A-RES|0|+1.199354E+03{@LIM3|+1.200000E+03|+1.320000E+03|+1.080000E+03}}
}
{@BLOCK|r42014|00
{@A-RES|0|+4.522548E+01{@LIM3|+4.300000E+01|+5.230000E+01|+3.870000E+01}}
}
{@BLOCK|r42015|00
{@A-RES|0|+4.527763E+01{@LIM3|+4.300000E+01|+5.230000E+01|+3.870000E+01}}
}
{@BLOCK|r42017|00
{@A-RES|0|+4.510579E+01{@LIM3|+4.300000E+01|+5.805000E+01|+3.870000E+01}}
}
{@BLOCK|r12003|00
{@A-RES|0|+3.575182E+01{@LIM3|+3.300000E+01|+4.129999E+01|+2.970000E+01}}
}
{@BLOCK|r72003|00
{@A-RES|0|+3.549977E+01{@LIM3|+3.300000E+01|+4.129999E+01|+2.970000E+01}}
}
{@BLOCK|r83206|00
{@A-RES|0|+3.519177E+01{@LIM3|+3.300000E+01|+4.129999E+01|+2.970000E+01}}
}
{@BLOCK|r42013|00
{@A-RES|0|+1.028613E+01{@LIM3|+1.000000E+01|+1.350000E+01|+7.500000E+00}}
}
{@BLOCK|r10001|00
{@A-RES|0|+2.651505E+01{@LIM3|+2.400000E+01|+3.139999E+01|+2.160000E+01}}
}
{@BLOCK|r11005|00
{@A-RES|0|+1.010728E+07{@LIM3|+1.000000E+07|+1.250000E+07|+7.500000E+06}}
}
{@BLOCK|r72004|00
{@A-RES|0|+4.566921E+01{@LIM3|+4.300000E+01|+5.230000E+01|+3.870000E+01}}
}
{@BLOCK|r72005|00
{@A-RES|0|+4.552031E+01{@LIM3|+4.300000E+01|+5.230000E+01|+3.870000E+01}}
}
{@BLOCK|r42021|00
{@A-RES|0|+3.336865E+03{@LIM3|+3.320000E+03|+3.519200E+03|+3.120800E+03}}
}
{@BLOCK|r42022|00
{@A-RES|0|+3.330486E+03{@LIM3|+3.320000E+03|+3.519200E+03|+3.120800E+03}}
}
{@BLOCK|r42023|00
{@A-RES|0|+3.350408E+03{@LIM3|+3.320000E+03|+3.519200E+03|+3.120800E+03}}
}
{@BLOCK|r42024|00
{@A-RES|0|+3.354231E+03{@LIM3|+3.320000E+03|+3.519200E+03|+3.120800E+03}}
}
{@BLOCK|r42025|00
{@A-RES|0|+3.351602E+03{@LIM3|+3.320000E+03|+3.519200E+03|+3.120800E+03}}
}
{@BLOCK|r42026|00
{@A-RES|0|+3.350170E+03{@LIM3|+3.320000E+03|+3.519200E+03|+3.120800E+03}}
}
{@BLOCK|r51210|00
{@A-RES|0|+2.430357E+01{@LIM3|+2.500000E+01|+3.375000E+01|+2.250000E+01}}
}
{@BLOCK|r53207|00
{@A-RES|0|+2.737504E+03{@LIM3|+2.700000E+03|+2.970000E+03|+2.430000E+03}}
}
{@BLOCK|r53208|00
{@A-RES|0|+2.686836E+03{@LIM3|+2.700000E+03|+2.970000E+03|+2.430000E+03}}
}
{@BLOCK|r53209|00
{@A-RES|0|+2.651991E+03{@LIM3|+2.700000E+03|+2.970000E+03|+2.430000E+03}}
}
{@BLOCK|r53210|00
{@A-RES|0|+2.657386E+03{@LIM3|+2.700000E+03|+2.970000E+03|+2.430000E+03}}
}
{@BLOCK|r53215|00
{@A-RES|0|+6.176201E+04{@LIM3|+6.190000E+04|+6.561400E+04|+5.818600E+04}}
}
{@BLOCK|r53221|00
{@A-RES|0|+4.985329E+03{@LIM3|+4.990000E+03|+5.289400E+03|+4.690600E+03}}
}
{@BLOCK|r58021|00
{@A-RES|0|+6.806720E+02{@LIM3|+6.800000E+02|+7.208000E+02|+6.392000E+02}}
}
{@BLOCK|r61210|00
{@A-RES|0|+5.191725E+01{@LIM3|+5.100000E+01|+5.905999E+01|+4.794000E+01}}
}
{@BLOCK|r64203|00
{@A-RES|0|+4.983110E+04{@LIM3|+4.990000E+04|+5.289400E+04|+4.690600E+04}}
}
{@BLOCK|r76207|00
{@A-RES|0|+3.026774E+03{@LIM3|+3.010000E+03|+3.190600E+03|+2.829400E+03}}
}
{@BLOCK|r83103|00
{@A-RES|0|+9.512099E+03{@LIM3|+9.530000E+03|+1.010180E+04|+8.958200E+03}}
}
{@BLOCK|r85201|00
{@A-RES|0|+2.168274E+04{@LIM3|+2.200000E+04|+2.860000E+04|+1.540000E+04}}
}
{@BLOCK|pq0002|00
{@A-NFE|0|+1.151570E+02{@LIM2|+3.100000E+02|+2.000000E+01}}
}
{@BLOCK|pq0004|00
{@A-NFE|0|+1.264246E+02{@LIM2|+2.000000E+02|+2.000000E+01}}
}
{@BLOCK|pq0102|00
{@A-NFE|0|+1.232435E+02{@LIM2|+2.000000E+02|+2.000000E+01}}
}
{@BLOCK|pq0901%qf|00
{@A-NFE|0|+5.063908E+04{@LIM2|+2.000000E+05|+2.000000E+01}}
}
{@BLOCK|pq1602|00
{@A-NFE|0|+1.029647E+02{@LIM2|+2.000000E+02|+2.000000E+01}}
}
{@BLOCK|pq1603|00
{@A-NFE|0|+1.161822E+02{@LIM2|+2.000000E+02|+2.000000E+01}}
}
{@BLOCK|pq1604|00
{@A-NFE|0|+9.729703E+01{@LIM2|+2.000000E+02|+2.000000E+01}}
}
{@BLOCK|pq1605|00
{@A-NFE|0|+1.005802E+02{@LIM2|+2.000000E+02|+2.000000E+01}}
}
{@BLOCK|q05001|00
{@A-NFE|0|+8.350455E+01{@LIM2|+2.000000E+02|+2.000000E+01}}
}
{@BLOCK|q05002|00
{@A-NFE|0|+7.232872E+01{@LIM2|+2.000000E+02|+2.000000E+01}}
}
{@BLOCK|q7601%qf2|00
{@A-NFE|0|+8.917887E+01{@LIM2|+2.000000E+02|+2.000000E+01}}
}
{@BLOCK|q7602%qf1|00
{@A-NFE|0|+8.100279E+01{@LIM2|+2.000000E+02|+2.000000E+01}}
}
{@BLOCK|q7602%qf2|00
{@A-NFE|0|+1.551508E+02{@LIM2|+2.000000E+02|+2.000000E+01}}
}
{@BLOCK|q46001|00
{@A-NFE|0|+9.276827E+01{@LIM2|+2.000000E+02|+2.000000E+01}}
}
{@BLOCK|q46002|00
{@A-NFE|0|+9.695705E+01{@LIM2|+2.000000E+02|+2.000000E+01}}
}
{@BLOCK|q46003|00
{@A-NFE|0|+9.185404E+01{@LIM2|+2.000000E+02|+2.000000E+01}}
}
{@BLOCK|q53001|00
{@A-NFE|0|+1.078645E+02{@LIM2|+2.000000E+02|+2.000000E+01}}
}
{@BLOCK|q53002|00
{@A-NFE|0|+1.049355E+02{@LIM2|+2.000000E+02|+2.000000E+01}}
}
{@BLOCK|q58004|00
{@A-NFE|0|+8.600489E+01{@LIM2|+2.000000E+02|+2.000000E+01}}
}
{@BLOCK|q58007|00
{@A-NFE|0|+8.494544E+01{@LIM2|+2.000000E+02|+2.000000E+01}}
}
{@BLOCK|q76003|00
{@A-NFE|0|+1.144577E+02{@LIM2|+2.000000E+02|+2.000000E+01}}
}
{@BLOCK|q76004|00
{@A-NFE|0|+1.103912E+02{@LIM2|+2.000000E+02|+2.000000E+01}}
}
{@BLOCK|pq0203%qf|00
{@A-PFE|0|+1.405264E+02{@LIM2|+2.300000E+02|+2.000000E+01}}
}
{@BLOCK|d07001|00
{@A-DIO|0|+5.900705E-01{@LIM2|+8.000000E-01|+4.000000E-01}}
}
{@BLOCK|d50003|00
{@A-DIO|0|+5.434466E-01{@LIM2|+8.000000E-01|+4.000000E-01}}
}
{@BLOCK|d51001|00
{@A-DIO|0|+5.295764E-01{@LIM2|+8.000000E-01|+4.000000E-01}}
}
{@BLOCK|d51002|00
{@A-DIO|0|+5.403832E-01{@LIM2|+8.000000E-01|+4.000000E-01}}
}
{@BLOCK|d51005|00
{@A-DIO|0|+5.305975E-01{@LIM2|+8.000000E-01|+4.000000E-01}}
}
{@BLOCK|d51008|00
{@A-DIO|0|+5.594015E-01{@LIM2|+8.000000E-01|+4.000000E-01}}
}
{@BLOCK|d83002|00
{@A-DIO|0|+5.578273E-01{@LIM2|+8.000000E-01|+4.000000E-01}}
}
{@BLOCK|d92001|00
{@A-DIO|0|+6.300106E-01{@LIM2|+8.000000E-01|+4.000000E-01}}
}
{@BLOCK|d92002|00
{@A-DIO|0|+5.243911E-01{@LIM2|+8.000000E-01|+4.000000E-01}}
}
{@BLOCK|d92003|00
{@A-DIO|0|+5.337885E-01{@LIM2|+8.000000E-01|+4.000000E-01}}
}
{@BLOCK|d92004|00
{@A-DIO|0|+4.894125E-01{@LIM2|+8.000000E-01|+4.000000E-01}}
}
{@BLOCK|d94001|00
{@A-DIO|0|+5.821214E-01{@LIM2|+8.000000E-01|+4.000000E-01}}
}
{@BLOCK|d94002|00
{@A-DIO|0|+5.816959E-01{@LIM2|+8.000000E-01|+4.000000E-01}}
}
{@BLOCK|pd0002|00
{@A-DIO|0|+5.284277E-01{@LIM2|+8.000000E-01|+4.000000E-01}}
}
{@BLOCK|r50001|00
{@A-RES|0|+3.955090E+02{@LIM3|+3.920000E+02|+4.155200E+02|+3.684800E+02}}
}
{@BLOCK|r74201|00
{@A-RES|0|+2.447933E+01{@LIM3|+2.200000E+01|+2.920001E+01|+1.980000E+01}}
}
{@BLOCK|r74202|00
{@A-RES|0|+2.439508E+01{@LIM3|+2.200000E+01|+2.920001E+01|+1.980000E+01}}
}
{@BLOCK|r74203|00
{@A-RES|0|+2.428322E+01{@LIM3|+2.200000E+01|+2.920001E+01|+1.980000E+01}}
}
{@BLOCK|q7601%qf1|00
{@A-NFE|0|+8.499865E+01{@LIM2|+2.000000E+02|+2.000000E+01}}
}
{@BLOCK|q70001|00
{@A-NFE|0|+9.638910E+01{@LIM2|+2.000000E+02|+2.000000E+01}}
}
{@BLOCK|d70001|00
{@A-DIO|0|+4.795646E-01{@LIM2|+8.000000E-01|+4.000000E-01}}
}
{@BLOCK|pd2001|00
{@A-DIO|0|+1.337067E+00{@LIM2|+1.800000E+00|+1.000000E+00}}
}
{@BLOCK|pd0003|00
{@A-DIO|0|+7.168236E-01{@LIM2|+8.000000E-01|+4.000000E-01}}
}
{@BLOCK|pd1601|00
{@A-DIO|0|+5.353627E-01{@LIM2|+8.000000E-01|+4.000000E-01}}
}
{@BLOCK|d53005%cr1|00
{@A-DIO|0|+6.891258E-01{@LIM2|+8.000000E-01|+4.000000E-01}}
}
{@BLOCK|d53005%cr2|00
{@A-DIO|0|+7.263540E-01{@LIM2|+8.000000E-01|+4.000000E-01}}
}
{@BLOCK|d53005%cr4|00
{@A-DIO|0|+7.226099E-01{@LIM2|+8.000000E-01|+4.000000E-01}}
}
{@BLOCK|d59003%cr1|00
{@A-DIO|0|+5.062184E-01{@LIM2|+8.000000E-01|+4.000000E-01}}
}
{@BLOCK|d59004%cr1|00
{@A-DIO|0|+5.014532E-01{@LIM2|+8.000000E-01|+4.000000E-01}}
}
{@BLOCK|led1%org|00
{@A-DIO|0|+2.083962E+00{@LIM2|+2.200000E+00|+1.200000E+00}}
}
{@BLOCK|led1%white|00
{@A-DIO|0|+2.975653E+00{@LIM2|+3.500000E+00|+2.500000E+00}}
}
{@BLOCK|pq0001|00
{@A-DIO|0|+6.979330E-01|B-E{@LIM2|+8.040000E-01|+6.010000E-01}}
{@A-DIO|0|+6.897215E-01|B-C{@LIM2|+8.050000E-01|+6.020000E-01}}
}
{@BLOCK|d63005|00
{@A-DIO|0|+5.158843E-01{@LIM2|+8.000000E-01|+4.000000E-01}}
}
{@BLOCK|d63012|00
{@A-DIO|0|+4.442204E-01{@LIM2|+8.000000E-01|+4.000000E-01}}
}
{@BLOCK|d63016|00
{@A-DIO|0|+5.459996E-01{@LIM2|+8.000000E-01|+4.000000E-01}}
}
{@BLOCK|d63017|00
{@A-DIO|0|+5.453188E-01{@LIM2|+8.000000E-01|+4.000000E-01}}
}
{@BLOCK|d63018|00
{@A-DIO|0|+5.248949E-01{@LIM2|+8.000000E-01|+4.000000E-01}}
}
{@BLOCK|d63019|00
{@A-DIO|0|+6.823426E-01{@LIM2|+8.000000E-01|+4.000000E-01}}
}
{@BLOCK|d64005|00
{@A-DIO|0|+5.286495E-01{@LIM2|+8.000000E-01|+4.000000E-01}}
}
{@BLOCK|d64012|00
{@A-DIO|0|+5.191182E-01{@LIM2|+8.000000E-01|+4.000000E-01}}
}
{@BLOCK|d64018|00
{@A-DIO|0|+6.709390E-01{@LIM2|+8.000000E-01|+4.000000E-01}}
}
{@BLOCK|d64019|00
{@A-DIO|0|+6.705986E-01{@LIM2|+8.000000E-01|+4.000000E-01}}
}
{@BLOCK|d67002|00
{@A-DIO|0|+6.193676E-01{@LIM2|+9.000000E-01|+5.000000E-01}}
}
{@BLOCK|d84001|00
{@A-DIO|0|+5.831144E-01{@LIM2|+8.000000E-01|+4.000000E-01}}
}
{@BLOCK|d84002|00
{@A-DIO|0|+5.654133E-01{@LIM2|+8.000000E-01|+4.000000E-01}}
}
{@BLOCK|d84004|00
{@A-DIO|0|+5.931479E-01{@LIM2|+8.000000E-01|+4.000000E-01}}
}
{@BLOCK|d84005|00
{@A-DIO|0|+5.592860E-01{@LIM2|+8.000000E-01|+4.000000E-01}}
}
{@BLOCK|d53003%ds1|00
{@A-DIO|0|+5.167353E-01{@LIM2|+8.000000E-01|+4.000000E-01}}
}
{@BLOCK|d53003%ds3|00
{@A-DIO|0|+5.172459E-01{@LIM2|+8.000000E-01|+4.000000E-01}}
}
{@BLOCK|d53003%ds4|00
{@A-DIO|0|+5.174162E-01{@LIM2|+8.000000E-01|+4.000000E-01}}
}
{@BLOCK|d53004%ds1|00
{@A-DIO|0|+5.162247E-01{@LIM2|+8.000000E-01|+4.000000E-01}}
}
{@BLOCK|d53004%ds2|00
{@A-DIO|0|+5.162247E-01{@LIM2|+8.000000E-01|+4.000000E-01}}
}
{@BLOCK|d53004%ds3|00
{@A-DIO|0|+5.163949E-01{@LIM2|+8.000000E-01|+4.000000E-01}}
}
{@BLOCK|pd2002|00
{@A-DIO|0|+5.881888E-01{@LIM2|+8.000000E-01|+4.000000E-01}}
}
{@BLOCK|d67003%ds1|00
{@A-DIO|0|+1.136797E+00{@LIM2|+1.800000E+00|+1.000000E+00}}
}
{@BLOCK|d67003%ds3|00
{@A-DIO|0|+6.319626E-01{@LIM2|+8.000000E-01|+4.000000E-01}}
}
{@BLOCK|d67003%ds4|00
{@A-DIO|0|+6.297499E-01{@LIM2|+8.000000E-01|+4.000000E-01}}
}
{@BLOCK|pd0901|00
{@A-DIO|0|+3.644518E-01{@LIM2|+6.000000E-01|+2.000000E-01}}
}
{@BLOCK|c48101|00
{@A-CAP|0|+4.482456E-05{@LIM3|+4.732000E-05|+6.151600E-05|+3.312400E-05}}
}
{@BLOCK|c45102|00
{@A-CAP|0|+5.141186E-05{@LIM3|+5.920000E-05|+7.992000E-05|+3.848000E-05}}
}
{@BLOCK|power_nodes|00
{@A-MEA|0|+1.201307E+01|VINT20_IN{@LIM2|+1.400000E+01|+1.000000E+01}}
{@A-MEA|0|+1.242272E+01|VSYS18{@LIM2|+1.400000E+01|+1.000000E+01}}
{@A-MEA|0|+3.364907E+00|VCC3M{@LIM2|+4.000000E+00|+2.500000E+00}}
{@A-MEA|0|+5.087358E+00|VCC5M{@LIM2|+6.000000E+00|+4.500000E+00}}
{@A-MEA|0|+1.804878E+00|VCC1R8_PRIM{@LIM2|+2.500000E+00|+1.200000E+00}}
}
{@D-T|0|384||0|u2201
}
{@D-T|0|384||0|u2202
}
{@D-T|0|384||0|u7003
}
{@D-T|0|384||0|u11001
}
{@D-T|0|384||0|u12001
}
{@D-T|0|384||0|u41001
}
{@D-T|0|384||0|u5002
}
{@D-T|0|384||0|u7004
}
{@BLOCK|pq0007|00
{@A-MEA|0|+1.201171E+01|pino6{@LIM2|+1.400000E+01|+1.000000E+01}}
}
{@BLOCK|pq0008|00
{@A-MEA|0|+1.201171E+01|pino6{@LIM2|+1.400000E+01|+1.000000E+01}}
}
{@BLOCK|pu0002|00
{@A-MEA|0|+3.278955E+00|pino1{@LIM2|+4.000000E+00|+2.500000E+00}}
{@A-MEA|0|+2.918976E-01|pino4{@LIM2|+1.000000E+00|-1.000000E+00}}
{@A-MEA|0|+3.300060E+00|pino5{@LIM2|+4.000000E+00|+2.500000E+00}}
}
{@BLOCK|pu0201|00
{@A-MEA|0|+1.200899E+01|pino1{@LIM2|+1.230000E+01|+1.170000E+01}}
}
{@BLOCK|pu0301|00
{@A-MEA|0|+1.241591E+01|pino1{@LIM2|+1.250000E+01|+1.150000E+01}}
{@A-MEA|0|+5.168274E+00|pino7{@LIM2|+5.600000E+00|+4.500000E+00}}
}
{@BLOCK|pu0401|00
{@A-MEA|0|+1.242000E+01|pino1{@LIM2|+1.400000E+01|+1.000000E+01}}
{@A-MEA|0|+5.338474E+00|pino9{@LIM2|+6.000000E+00|+4.000000E+00}}
}
{@BLOCK|pu0501|00
{@A-MEA|0|+1.242272E+01|pino2{@LIM2|+1.250000E+01|+1.150000E+01}}
{@A-MEA|0|+3.365247E+00|pino14{@LIM2|+3.800000E+00|+3.000000E+00}}
}
{@BLOCK|pu0701|00
{@A-MEA|0|+1.835174E+00|pino5{@LIM2|+2.500000E+00|+1.000000E+00}}
{@A-MEA|0|+5.086848E+00|pino6{@LIM2|+5.500000E+00|+4.500000E+00}}
}
{@BLOCK|pu0801|00
{@A-MEA|0|+1.805559E+00|pino2{@LIM2|+2.500000E+00|+1.000000E+00}}
}
{@BLOCK|pu2001|00
{@A-MEA|0|+3.364907E+00|pino1{@LIM2|+3.500000E+00|+2.500000E+00}}
{@A-MEA|0|+5.086848E+00|pino4{@LIM2|+5.500000E+00|+4.500000E+00}}
{@A-MEA|0|+3.365077E+00|pino6{@LIM2|+3.500000E+00|+2.500000E+00}}
{@A-MEA|0|+3.365247E+00|pino13{@LIM2|+3.500000E+00|+2.500000E+00}}
}
{@BLOCK|pu2002|00
{@A-MEA|0|+3.364907E+00|pino3{@LIM2|+3.700000E+00|+2.500000E+00}}
}
{@BLOCK|pu2301|00
{@A-MEA|0|+3.364907E+00|pino1{@LIM2|+3.500000E+00|+2.500000E+00}}
{@A-MEA|0|+5.087699E+00|pino4{@LIM2|+5.500000E+00|+4.500000E+00}}
{@A-MEA|0|+3.365247E+00|pino6{@LIM2|+3.500000E+00|+2.500000E+00}}
{@A-MEA|0|+3.364907E+00|pino8{@LIM2|+3.500000E+00|+2.500000E+00}}
{@A-MEA|0|+3.364907E+00|pino13{@LIM2|+3.500000E+00|+2.500000E+00}}
}
{@BLOCK|pu2302|00
{@A-MEA|0|+5.086507E+00|pino1{@LIM2|+5.500000E+00|+4.500000E+00}}
{@A-MEA|0|+5.087188E+00|pino4{@LIM2|+5.500000E+00|+4.500000E+00}}
{@A-MEA|0|+1.804878E+00|pino6{@LIM2|+2.500000E+00|+1.000000E+00}}
{@A-MEA|0|+1.804368E+00|pino8{@LIM2|+2.500000E+00|+1.000000E+00}}
{@A-MEA|0|+5.086507E+00|pino13{@LIM2|+5.500000E+00|+4.500000E+00}}
}
{@BLOCK|u4401|00
{@A-MEA|0|+1.807686E+00|pino1{@LIM2|+2.500000E+00|+1.000000E+00}}
{@A-MEA|0|+3.299039E+00|pino4{@LIM2|+4.000000E+00|+2.500000E+00}}
}
{@BLOCK|u5001|00
{@A-MEA|0|+1.499486E+00|pino1{@LIM2|+2.200000E+00|+1.000000E+00}}
}
{@BLOCK|u5102|00
{@A-MEA|0|+3.298698E+00|pino1{@LIM2|+3.500000E+00|+2.500000E+00}}
{@A-MEA|0|+4.707806E+00|pino6{@LIM2|+5.500000E+00|+4.500000E+00}}
}
{@BLOCK|u5301|00
{@A-MEA|0|+1.201684E+00|pino1{@LIM2|+2.000000E+00|+8.000000E-01}}
{@A-MEA|0|+1.804623E+00|pino4{@LIM2|+2.500000E+00|+1.000000E+00}}
}
{@BLOCK|u5302|00
{@A-MEA|0|+3.364226E+00|pino1{@LIM2|+3.600000E+00|+2.500000E+00}}
{@A-MEA|0|+1.201684E+00|pino6{@LIM2|+1.500000E+00|+1.000000E+00}}
}
{@BLOCK|u5303|00
{@A-MEA|0|+5.086507E+00|pino1{@LIM2|+5.700000E+00|+4.500000E+00}}
{@A-MEA|0|+5.087018E+00|pino6{@LIM2|+5.700000E+00|+4.500000E+00}}
}
{@BLOCK|u5501|00
{@A-MEA|0|+3.363205E+00|pino1{@LIM2|+4.000000E+00|+2.500000E+00}}
{@A-MEA|0|+5.087358E+00|pino4{@LIM2|+6.000000E+00|+4.000000E+00}}
{@A-MEA|0|+8.928833E-01|pino8{@LIM2|+2.500000E+00|+1.000000E-01}}
}
{@BLOCK|u5701|00
{@A-MEA|0|+3.363035E+00|pino1{@LIM2|+4.000000E+00|+2.500000E+00}}
{@A-MEA|0|+5.086677E+00|pino4{@LIM2|+6.000000E+00|+4.000000E+00}}
}
{@BLOCK|u6701|00
{@A-MEA|0|+5.087358E+00|pino1{@LIM2|+6.000000E+00|+4.000000E+00}}
{@A-MEA|0|+5.085997E+00|pino12{@LIM2|+6.000000E+00|+4.000000E+00}}
}
{@BLOCK|u8301|00
{@A-MEA|0|+1.803176E+00|pino20{@LIM2|+2.300000E+00|+1.500000E+00}}
{@A-MEA|0|+5.085316E+00|pino33{@LIM2|+5.500000E+00|+4.500000E+00}}
{@A-MEA|0|+5.085486E+00|pino41{@LIM2|+5.500000E+00|+4.500000E+00}}
}
{@BLOCK|u9401|00
{@A-MEA|0|+1.810835E+00|pino1{@LIM2|+2.500000E+00|+1.000000E+00}}
{@A-MEA|0|+3.365758E+00|pino4{@LIM2|+4.000000E+00|+2.500000E+00}}
}
{@BLOCK|u9801|00
{@A-MEA|0|+1.804963E+00|pino1{@LIM2|+2.500000E+00|+1.000000E+00}}
{@A-MEA|0|+1.804793E+00|pino14{@LIM2|+2.500000E+00|+1.000000E+00}}
}
{@BLOCK|u58001|00
{@A-MEA|0|+3.364907E+00|pino21{@LIM2|+3.500000E+00|+2.800000E+00}}
{@A-MEA|0|+3.365247E+00|pino27{@LIM2|+3.500000E+00|+2.500000E+00}}
}
{@BLOCK|u59001|00
{@A-MEA|0|+1.799176E+00|pino1{@LIM2|+2.500000E+00|+1.000000E+00}}
{@A-MEA|0|+3.365247E+00|pino4{@LIM2|+3.500000E+00|+2.500000E+00}}
}
{@BLOCK|u92001|00
{@A-MEA|0|+3.365077E+00|pino1{@LIM2|+3.500000E+00|+2.500000E+00}}
{@A-MEA|0|+5.086507E+00|pino4{@LIM2|+5.500000E+00|+4.500000E+00}}
{@A-MEA|0|+3.365418E+00|pino14{@LIM2|+3.500000E+00|+2.500000E+00}}
}
{@BLOCK|u92002|00
{@A-MEA|0|+3.365077E+00|pino1{@LIM2|+4.000000E+00|+2.500000E+00}}
{@A-MEA|0|+5.086677E+00|pino4{@LIM2|+6.000000E+00|+4.000000E+00}}
{@A-MEA|0|+3.364737E+00|pino6{@LIM2|+4.000000E+00|+2.500000E+00}}
{@A-MEA|0|+3.365247E+00|pino9{@LIM2|+4.000000E+00|+2.500000E+00}}
{@A-MEA|0|+3.365418E+00|pino14{@LIM2|+4.000000E+00|+2.500000E+00}}
}
{@BLOCK|u92003|00
{@A-MEA|0|+5.086677E+00|pino1{@LIM2|+5.500000E+00|+4.500000E+00}}
{@A-MEA|0|+5.087188E+00|pino4{@LIM2|+5.500000E+00|+4.500000E+00}}
{@A-MEA|0|+3.365077E+00|pino6{@LIM2|+3.500000E+00|+2.500000E+00}}
{@A-MEA|0|+5.086677E+00|pino14{@LIM2|+5.500000E+00|+4.500000E+00}}
}
}}