{@BATCH|e14_gen7_amd||4093|1||btest|050101000806~16|ICT0264\engineer|ICT0264|C:/Agilent_ICT/boards/e14_gen7_amd|RevA|sb21u04113r5_220||sb21u04113r5_220
{@BTEST|6683000930|00|050101014414|000017|0|all||n||050101014431||1
{@BLOCK|pc1439|00
{@A-CAP|0|+8.925276E-04{@LIM3|+8.411010E-04|+1.093431E-03|+5.862844E-04}}
}
{@BLOCK|pc1404|00
{@A-CAP|0|+2.964066E-03{@LIM3|+3.210000E-03|+4.494000E-03|+1.926000E-03}}
}
{@BLOCK|pc1461|00
{@A-CAP|0|+2.184566E-04{@LIM3|+2.022010E-04|+2.628613E-04|+1.415407E-04}}
}
{@BLOCK|ca1|00
{@A-CAP|0|+2.498953E-05{@LIM3|+2.040000E-05|+3.060000E-05|+1.020000E-05}}
}
{@BLOCK|ca68|00
{@A-CAP|0|+5.623547E-06{@LIM3|+5.900000E-06|+7.670000E-06|+4.130000E-06}}
}
{@BLOCK|cc550|00
{@A-CAP|0|+9.963282E-05{@LIM3|+8.640000E-05|+1.123200E-04|+6.048000E-05}}
}
{@BLOCK|cc553|00
{@A-CAP|0|+3.825648E-05{@LIM3|+3.110000E-05|+4.043000E-05|+2.177000E-05}}
}
{@BLOCK|cc560|00
{@A-CAP|0|+4.201537E-05{@LIM3|+4.161000E-05|+7.073700E-05|+1.248300E-05}}
}
{@BLOCK|cc568|00
{@A-CAP|0|+1.308132E-04{@LIM3|+1.200000E-04|+1.560000E-04|+8.400000E-05}}
}
{@BLOCK|cc649|00
{@A-CAP|0|+2.322992E-04{@LIM3|+2.131000E-04|+2.770300E-04|+1.491406E-04}}
}
{@BLOCK|cc613|00
{@A-CAP|0|+1.586450E-04{@LIM3|+1.460000E-04|+1.898000E-04|+1.022000E-04}}
}
{@BLOCK|ck5|00
{@A-CAP|0|+1.124203E-05{@LIM3|+1.130000E-05|+1.469000E-05|+7.910000E-06}}
}
{@BLOCK|ck101|00
{@A-CAP|0|+1.058114E-05{@LIM3|+1.130000E-05|+1.469000E-05|+7.910000E-06}}
}
{@BLOCK|cn8|00
{@A-CAP|0|+2.451175E-05{@LIM3|+2.120000E-05|+2.756000E-05|+1.484000E-05}}
}
{@BLOCK|cu1115|00
{@A-CAP|0|+2.052495E-04{@LIM3|+1.988000E-04|+2.584400E-04|+1.391326E-04}}
}
{@BLOCK|cu611|00
{@A-CAP|0|+3.056003E-05{@LIM3|+3.000000E-05|+4.500000E-05|+1.500000E-05}}
}
{@BLOCK|cu622|00
{@A-CAP|0|+1.586689E-05{@LIM3|+1.470000E-05|+1.911000E-05|+1.029000E-05}}
}
{@BLOCK|cc359|00
{@A-CAP|0|+9.534873E-08{@LIM3|+1.000000E-07|+1.300000E-07|+7.000000E-08}}
}
{@BLOCK|pc1133|00
{@A-CAP|0|+2.756754E-04{@LIM3|+2.931100E-04|+3.810430E-04|+2.051160E-04}}
}
{@BLOCK|pc6235|00
{@A-CAP|0|+2.823139E-04{@LIM3|+3.171000E-04|+4.122300E-04|+2.215311E-04}}
}
{@BLOCK|ca59|00
{@A-CAP|0|+9.025542E-08{@LIM3|+1.000000E-07|+1.200000E-07|+8.000000E-08}}
}
{@BLOCK|ce31|00
{@A-CAP|0|+1.057340E-09{@LIM3|+1.000000E-09|+1.177000E-09|+8.000000E-10}}
}
{@BLOCK|cr59|00
{@A-CAP|0|+1.122031E-06{@LIM3|+1.202000E-06|+1.562600E-06|+8.414000E-07}}
}
{@BLOCK|ci301|00
{@A-CAP|0|+1.025150E-07{@LIM3|+1.000000E-07|+1.200000E-07|+8.000000E-08}}
}
{@BLOCK|cn21|00
{@A-CAP|0|+1.177920E-06{@LIM3|+1.200000E-06|+1.560000E-06|+8.400000E-07}}
}
{@BLOCK|cl11|00
{@A-CAP|0|+1.070778E-07{@LIM3|+1.000000E-07|+1.450000E-07|+7.000000E-08}}
}
{@BLOCK|ci206|00
{@A-CAP|0|+2.970739E-05{@LIM3|+2.310000E-05|+3.003000E-05|+1.616681E-05}}
}
{@BLOCK|cu4|00
{@A-CAP|0|+9.493474E-08{@LIM3|+1.000000E-07|+1.200000E-07|+8.000000E-08}}
}
{@BLOCK|cu7|00
{@A-CAP|0|+4.697322E-06{@LIM3|+4.800000E-06|+5.760000E-06|+3.840000E-06}}
}
{@BLOCK|cu9|00
{@A-CAP|0|+4.522874E-06{@LIM3|+4.800000E-06|+5.760000E-06|+3.360000E-06}}
}
{@BLOCK|cu29|00
{@A-CAP|0|+6.008547E-06{@LIM3|+6.000000E-06|+1.050000E-05|+1.800000E-06}}
}
{@BLOCK|cu32|00
{@A-CAP|0|+6.609698E-06{@LIM3|+6.700000E-06|+1.139000E-05|+2.010000E-06}}
}
{@BLOCK|cu623|00
{@A-CAP|0|+9.583443E-08{@LIM3|+1.000000E-07|+1.300000E-07|+7.000000E-08}}
}
{@BLOCK|cu625|00
{@A-CAP|0|+8.993528E-08{@LIM3|+1.300000E-07|+2.275000E-07|+3.900000E-08}}
}
{@BLOCK|cu606|00
{@A-CAP|0|+2.668719E-05{@LIM3|+2.410000E-05|+3.133000E-05|+1.686667E-05}}
}
{@BLOCK|cu627|00
{@A-CAP|0|+1.039398E-07{@LIM3|+1.000000E-07|+1.300000E-07|+7.000000E-08}}
}
{@BLOCK|cu1103|00
{@A-CAP|0|+1.488907E-04{@LIM3|+1.502000E-04|+1.952600E-04|+1.049984E-04}}
}
{@BLOCK|cv600|00
{@A-CAP|0|+1.059646E-07{@LIM3|+1.000000E-07|+1.300000E-07|+7.000000E-08}}
}
{@BLOCK|cv913|00
{@A-CAP|0|+1.175658E-06{@LIM3|+1.100000E-06|+1.430000E-06|+7.700000E-07}}
}
{@BLOCK|cv911|00
{@A-CAP|0|+1.146061E-06{@LIM3|+1.100000E-06|+1.430000E-06|+7.700000E-07}}
}
{@BLOCK|cv915|00
{@A-CAP|0|+8.970119E-08{@LIM3|+1.000000E-07|+1.300000E-07|+7.000000E-08}}
}
{@BLOCK|pc1010|00
{@A-CAP|0|+9.961688E-08{@LIM3|+1.000000E-07|+1.300000E-07|+7.000000E-08}}
}
{@BLOCK|pc5347|00
{@A-CAP|0|+1.053051E-05{@LIM3|+1.001100E-05|+1.301430E-05|+7.007700E-06}}
}
{@BLOCK|pc6206|00
{@A-CAP|0|+9.444741E-08{@LIM3|+1.000000E-07|+1.200000E-07|+7.000000E-08}}
}
{@BLOCK|cc572|00
{@A-CAP|0|+1.947174E-06{@LIM3|+1.820000E-06|+2.184000E-06|+1.456000E-06}}
}
{@BLOCK|ce1|00
{@A-CAP|0|+1.148262E-06{@LIM3|+1.000000E-06|+1.300000E-06|+7.000000E-07}}
}
{@BLOCK|ce21|00
{@A-CAP|0|+1.114655E-06{@LIM3|+1.000000E-06|+1.300000E-06|+7.000000E-07}}
}
{@BLOCK|pc300|00
{@A-CAP|0|+1.025701E-06{@LIM3|+1.000000E-06|+1.300000E-06|+7.000000E-07}}
}
{@BLOCK|pc1004|00
{@A-CAP|0|+1.457575E-06{@LIM3|+1.200000E-06|+1.800000E-06|+6.000000E-07}}
}
{@BLOCK|pc1006|00
{@A-CAP|0|+1.093488E-06{@LIM3|+1.000000E-06|+1.300000E-06|+7.000000E-07}}
}
{@BLOCK|pc1011|00
{@A-CAP|0|+1.000682E-06{@LIM3|+1.000000E-06|+1.200000E-06|+8.000000E-07}}
}
{@BLOCK|pc5321|00
{@A-CAP|0|+2.572848E-06{@LIM3|+2.000000E-06|+3.400000E-06|+6.000000E-07}}
}
{@BLOCK|ca65|00
{@A-CAP|0|+2.359375E-06{@LIM3|+2.200000E-06|+2.860000E-06|+1.540000E-06}}
}
{@BLOCK|ca400|00
{@A-CAP|0|+1.250087E-09{@LIM3|+1.200000E-09|+1.440000E-09|+9.600000E-10}}
}
{@BLOCK|ca401|00
{@A-CAP|0|+1.262840E-09{@LIM3|+1.200000E-09|+1.412400E-09|+9.600000E-10}}
}
{@BLOCK|ca408|00
{@A-CAP|0|+1.165303E-09{@LIM3|+1.000000E-09|+1.300000E-09|+7.000000E-10}}
}
{@BLOCK|ca409|00
{@A-CAP|0|+1.172567E-09{@LIM3|+1.000000E-09|+1.300000E-09|+7.000000E-10}}
}
{@BLOCK|ca410|00
{@A-CAP|0|+1.196585E-09{@LIM3|+1.000000E-09|+1.300000E-09|+7.000000E-10}}
}
{@BLOCK|ca411|00
{@A-CAP|0|+1.198462E-09{@LIM3|+1.000000E-09|+1.300000E-09|+7.000000E-10}}
}
{@BLOCK|cn19|00
{@A-CAP|0|+1.160158E-09{@LIM3|+1.200000E-09|+1.680000E-09|+9.600000E-10}}
}
{@BLOCK|cc951|00
{@A-CAP|0|+4.441909E-08{@LIM3|+3.400000E-08|+5.780000E-08|+1.700000E-08}}
}
{@BLOCK|cc953|00
{@A-CAP|0|+4.419190E-08{@LIM3|+4.300000E-08|+6.450000E-08|+1.290000E-08}}
}
{@BLOCK|cd7|00
{@A-CAP|0|+9.927542E-09{@LIM3|+1.000000E-08|+1.200000E-08|+8.000000E-09}}
}
{@BLOCK|ci114|00
{@A-CAP|0|+9.755032E-09{@LIM3|+1.000000E-08|+1.200000E-08|+8.000000E-09}}
}
{@BLOCK|cv906|00
{@A-CAP|0|+1.105247E-08{@LIM3|+1.000000E-08|+1.200000E-08|+8.000000E-09}}
}
{@BLOCK|pc1000|00
{@A-CAP|0|+9.666886E-09{@LIM3|+1.000000E-08|+1.200000E-08|+8.000000E-09}}
}
{@BLOCK|cs203|00
{@A-CAP|0|+2.098395E-09{@LIM3|+2.200000E-09|+2.640000E-09|+1.760000E-09}}
}
{@BLOCK|cs209|00
{@A-CAP|0|+2.065593E-09{@LIM3|+2.200000E-09|+2.640000E-09|+1.760000E-09}}
}
{@BLOCK|cc251|00
{@A-CAP|0|+3.577838E-09{@LIM3|+3.300000E-09|+3.960000E-09|+2.640000E-09}}
}
{@BLOCK|cc253|00
{@A-CAP|0|+2.044751E-09{@LIM3|+2.200000E-09|+2.640000E-09|+1.760000E-09}}
}
{@BLOCK|cc254|00
{@A-CAP|0|+2.118171E-09{@LIM3|+2.200000E-09|+2.640000E-09|+1.760000E-09}}
}
{@BLOCK|cs202|00
{@A-CAP|0|+2.147539E-09{@LIM3|+2.200000E-09|+2.640000E-09|+1.760000E-09}}
}
{@BLOCK|cu916|00
{@A-CAP|0|+3.746984E-10{@LIM3|+3.400000E-10|+4.327272E-10|+2.720000E-10}}
}
{@BLOCK|cu917|00
{@A-CAP|0|+3.781821E-10{@LIM3|+3.400000E-10|+4.327272E-10|+2.720000E-10}}
}
{@BLOCK|cu922|00
{@A-CAP|0|+3.852833E-10{@LIM3|+3.400000E-10|+4.327272E-10|+2.720000E-10}}
}
{@BLOCK|cu925|00
{@A-CAP|0|+3.896496E-10{@LIM3|+3.400000E-10|+4.327272E-10|+2.720000E-10}}
}
{@BLOCK|pc5302|00
{@A-CAP|0|+4.673006E-08{@LIM3|+4.700000E-08|+5.640000E-08|+3.760000E-08}}
}
{@BLOCK|pr1|00
{@A-RES|0|+1.004774E+04{@LIM3|+1.000000E+04|+1.100000E+04|+9.000000E+03}}
}
{@BLOCK|pr1005|00
{@A-RES|0|+1.005632E+04{@LIM3|+1.000000E+04|+1.100000E+04|+9.000000E+03}}
}
{@BLOCK|pr1036|00
{@A-RES|0|+9.952064E+03{@LIM3|+1.000000E+04|+1.100000E+04|+9.000000E+03}}
}
{@BLOCK|pr5329|00
{@A-RES|0|+9.924062E+03{@LIM3|+1.000000E+04|+1.100000E+04|+9.000000E+03}}
}
{@BLOCK|ra65|00
{@A-RES|0|+9.940483E+03{@LIM3|+1.000000E+04|+1.100000E+04|+9.000000E+03}}
}
{@BLOCK|ra401|00
{@A-RES|0|+9.974565E+03{@LIM3|+1.000000E+04|+1.100000E+04|+9.000000E+03}}
}
{@BLOCK|rc148|00
{@A-RES|0|+1.032344E+04{@LIM3|+1.000000E+04|+1.100000E+04|+9.000000E+03}}
}
{@BLOCK|rc165|00
{@A-RES|0|+1.016621E+04{@LIM3|+1.000000E+04|+1.100000E+04|+9.000000E+03}}
}
{@BLOCK|rc185|00
{@A-RES|0|+1.025692E+04{@LIM3|+1.000000E+04|+1.100000E+04|+9.000000E+03}}
}
{@BLOCK|rc196|00
{@A-RES|0|+9.948448E+03{@LIM3|+1.000000E+04|+1.100000E+04|+9.000000E+03}}
}
{@BLOCK|rc199|00
{@A-RES|0|+9.766887E+03{@LIM3|+1.000000E+04|+1.100000E+04|+9.000000E+03}}
}
{@BLOCK|rc211|00
{@A-RES|0|+1.005328E+04{@LIM3|+1.000000E+04|+1.100000E+04|+9.000000E+03}}
}
{@BLOCK|rc214|00
{@A-RES|0|+9.979349E+03{@LIM3|+1.000000E+04|+1.100000E+04|+9.000000E+03}}
}
{@BLOCK|rc218|00
{@A-RES|0|+1.002233E+04{@LIM3|+1.000000E+04|+1.100000E+04|+9.000000E+03}}
}
{@BLOCK|rc220%ra|00
{@A-RES|0|+1.032974E+04{@LIM3|+1.000000E+04|+1.100000E+04|+9.000000E+03}}
}
{@BLOCK|rc220%rb|00
{@A-RES|0|+1.028581E+04{@LIM3|+1.000000E+04|+1.100000E+04|+9.000000E+03}}
}
{@BLOCK|rc221|00
{@A-RES|0|+9.916136E+03{@LIM3|+1.000000E+04|+1.100000E+04|+9.000000E+03}}
}
{@BLOCK|rc224|00
{@A-RES|0|+9.990753E+03{@LIM3|+1.000000E+04|+1.100000E+04|+9.000000E+03}}
}
{@BLOCK|rc234|00
{@A-RES|0|+1.012201E+04{@LIM3|+1.000000E+04|+1.100000E+04|+9.000000E+03}}
}
{@BLOCK|rc240|00
{@A-RES|0|+9.982576E+03{@LIM3|+1.000000E+04|+1.100000E+04|+9.000000E+03}}
}
{@BLOCK|rc254|00
{@A-RES|0|+1.001726E+04{@LIM3|+1.000000E+04|+1.100000E+04|+9.000000E+03}}
}
{@BLOCK|rc273|00
{@A-RES|0|+1.002385E+04{@LIM3|+1.000000E+04|+1.500000E+04|+5.000000E+03}}
}
{@BLOCK|rc280|00
{@A-RES|0|+9.919833E+03{@LIM3|+1.000000E+04|+1.100000E+04|+9.000000E+03}}
}
{@BLOCK|rc290|00
{@A-RES|0|+1.009832E+04{@LIM3|+1.000000E+04|+1.100000E+04|+9.000000E+03}}
}
{@BLOCK|rc296|00
{@A-RES|0|+1.004876E+04{@LIM3|+1.000000E+04|+1.400000E+04|+6.000000E+03}}
}
{@BLOCK|rc352|00
{@A-RES|0|+1.006784E+04{@LIM3|+1.000000E+04|+1.100000E+04|+9.000000E+03}}
}
{@BLOCK|rc353|00
{@A-RES|0|+1.008256E+04{@LIM3|+1.000000E+04|+1.100000E+04|+9.000000E+03}}
}
{@BLOCK|rc359|00
{@A-RES|0|+9.989116E+03{@LIM3|+1.000000E+04|+1.150000E+04|+8.500000E+03}}
}
{@BLOCK|rc966|00
{@A-RES|0|+9.900322E+03{@LIM3|+1.000000E+04|+1.100000E+04|+9.000000E+03}}
}
{@BLOCK|rc971|00
{@A-RES|0|+1.001627E+04{@LIM3|+1.000000E+04|+1.100000E+04|+9.000000E+03}}
}
{@BLOCK|rc972|00
{@A-RES|0|+1.030231E+04{@LIM3|+1.000000E+04|+1.100000E+04|+9.000000E+03}}
}
{@BLOCK|rd5|00
{@A-RES|0|+9.837611E+03{@LIM3|+1.000000E+04|+1.100000E+04|+9.000000E+03}}
}
{@BLOCK|re17|00
{@A-RES|0|+9.940483E+03{@LIM3|+1.000000E+04|+1.100000E+04|+9.000000E+03}}
}
{@BLOCK|re24|00
{@A-RES|0|+1.000080E+04{@LIM3|+1.000000E+04|+1.100000E+04|+9.000000E+03}}
}
{@BLOCK|re96%ra|00
{@A-RES|0|+9.964416E+03{@LIM3|+1.000000E+04|+1.100000E+04|+9.000000E+03}}
}
{@BLOCK|re96%rb|00
{@A-RES|0|+1.001263E+04{@LIM3|+1.000000E+04|+1.100000E+04|+9.000000E+03}}
}
{@BLOCK|re115|00
{@A-RES|0|+1.002924E+04{@LIM3|+1.000000E+04|+1.100000E+04|+9.000000E+03}}
}
{@BLOCK|re122|00
{@A-RES|0|+1.008419E+04{@LIM3|+1.000000E+04|+1.100000E+04|+9.000000E+03}}
}
{@BLOCK|re232|00
{@A-RES|0|+9.972420E+03{@LIM3|+1.000000E+04|+1.100000E+04|+9.000000E+03}}
}
{@BLOCK|re234|00
{@A-RES|0|+1.000465E+04{@LIM3|+1.000000E+04|+1.100000E+04|+9.000000E+03}}
}
{@BLOCK|ri108|00
{@A-RES|0|+1.000456E+04{@LIM3|+1.000000E+04|+1.100000E+04|+9.000000E+03}}
}
{@BLOCK|ri109|00
{@A-RES|0|+9.885083E+03{@LIM3|+1.000000E+04|+1.100000E+04|+9.000000E+03}}
}
{@BLOCK|rk15|00
{@A-RES|0|+9.924062E+03{@LIM3|+1.000000E+04|+1.100000E+04|+9.000000E+03}}
}
{@BLOCK|rk107|00
{@A-RES|0|+9.958555E+03{@LIM3|+1.000000E+04|+1.100000E+04|+9.000000E+03}}
}
{@BLOCK|rl17|00
{@A-RES|0|+9.961751E+03{@LIM3|+1.000000E+04|+1.100000E+04|+9.000000E+03}}
}
{@BLOCK|cv1|00
{@A-CAP|0|+1.120789E-07{@LIM3|+1.000000E-07|+1.300000E-07|+7.000000E-08}}
}
{@BLOCK|cv2|00
{@A-CAP|0|+9.428376E-08{@LIM3|+7.000000E-08|+1.120000E-07|+2.800000E-08}}
}
{@BLOCK|cv5|00
{@A-CAP|0|+8.766338E-08{@LIM3|+1.000000E-07|+1.300000E-07|+7.000000E-08}}
}
{@BLOCK|cv6|00
{@A-CAP|0|+1.099934E-07{@LIM3|+1.000000E-07|+1.300000E-07|+7.000000E-08}}
}
{@BLOCK|cv9|00
{@A-CAP|0|+1.073626E-07{@LIM3|+1.000000E-07|+1.300000E-07|+7.000000E-08}}
}
{@BLOCK|cv14|00
{@A-CAP|0|+9.697156E-08{@LIM3|+1.000000E-07|+1.300000E-07|+7.000000E-08}}
}
{@BLOCK|pc1012|00
{@A-CAP|0|+1.077322E-06{@LIM3|+1.000000E-06|+1.200000E-06|+8.000000E-07}}
}
{@BLOCK|rs206|00
{@A-RES|0|+9.962563E+03{@LIM3|+1.000000E+04|+1.100000E+04|+9.000000E+03}}
}
{@BLOCK|rl20|00
{@A-RES|0|+1.004449E+04{@LIM3|+1.000000E+04|+1.100000E+04|+9.000000E+03}}
}
{@BLOCK|rl36|00
{@A-RES|0|+1.001263E+04{@LIM3|+1.000000E+04|+1.100000E+04|+9.000000E+03}}
}
{@BLOCK|rn24|00
{@A-RES|0|+1.001371E+04{@LIM3|+1.000000E+04|+1.100000E+04|+9.000000E+03}}
}
{@BLOCK|rn25|00
{@A-RES|0|+9.862051E+03{@LIM3|+1.000000E+04|+1.100000E+04|+9.000000E+03}}
}
{@BLOCK|rn26|00
{@A-RES|0|+9.934120E+03{@LIM3|+1.000000E+04|+1.100000E+04|+9.000000E+03}}
}
{@BLOCK|rt14|00
{@A-RES|0|+1.022819E+04{@LIM3|+1.000000E+04|+1.100000E+04|+9.000000E+03}}
}
{@BLOCK|ru636|00
{@A-RES|0|+9.668904E+03{@LIM3|+1.000000E+04|+1.100000E+04|+9.000000E+03}}
}
{@BLOCK|ru640|00
{@A-RES|0|+9.954297E+03{@LIM3|+1.000000E+04|+1.100000E+04|+9.000000E+03}}
}
{@BLOCK|ru644|00
{@A-RES|0|+9.981937E+03{@LIM3|+1.000000E+04|+1.100000E+04|+9.000000E+03}}
}
{@BLOCK|ru1145|00
{@A-RES|0|+9.945170E+03{@LIM3|+1.000000E+04|+1.150000E+04|+8.500000E+03}}
}
{@BLOCK|ru1146|00
{@A-RES|0|+1.010102E+04{@LIM3|+1.000000E+04|+1.150000E+04|+8.500000E+03}}
}
{@BLOCK|rv906|00
{@A-RES|0|+9.893874E+03{@LIM3|+1.000000E+04|+1.100000E+04|+9.000000E+03}}
}
{@BLOCK|rv909|00
{@A-RES|0|+9.889339E+03{@LIM3|+1.000000E+04|+1.100000E+04|+9.000000E+03}}
}
{@BLOCK|pr100|00
{@A-RES|0|+1.031283E+02{@LIM3|+1.000000E+02|+1.110000E+02|+9.400000E+01}}
}
{@BLOCK|pr101|00
{@A-RES|0|+1.035223E+02{@LIM3|+1.000000E+02|+1.110000E+02|+9.400000E+01}}
}
{@BLOCK|pr1003|00
{@A-JUM|0|+3.397275E+00{@LIM2|+1.500000E+01|+0.000000E+00}}
}
{@BLOCK|pr1004|00
{@A-JUM|0|+3.216287E+00{@LIM2|+1.500000E+01|+0.000000E+00}}
}
{@BLOCK|pr1008|00
{@A-JUM|0|+3.534869E+00{@LIM2|+1.500000E+01|+0.000000E+00}}
}
{@BLOCK|pr1031|00
{@A-JUM|0|+3.031923E+00{@LIM2|+1.500000E+01|+0.000000E+00}}
}
{@BLOCK|pr1034|00
{@A-JUM|0|+2.646556E+00{@LIM2|+1.500000E+01|+0.000000E+00}}
}
{@BLOCK|pr102|00
{@A-RES|0|+9.913705E+05{@LIM3|+1.000000E+06|+1.250000E+06|+7.500000E+05}}
}
{@BLOCK|pr103|00
{@A-RES|0|+9.992217E+03{@LIM3|+1.000000E+04|+1.060000E+04|+9.400000E+03}}
}
{@BLOCK|pr302|00
{@A-RES|0|+9.966016E+03{@LIM3|+1.000000E+04|+1.060000E+04|+9.400000E+03}}
}
{@BLOCK|re1|00
{@A-RES|0|+1.002881E+04{@LIM3|+1.000000E+04|+1.060000E+04|+9.400000E+03}}
}
{@BLOCK|pr1608|00
{@A-RES|0|+9.835259E+04{@LIM3|+1.000000E+05|+1.150000E+05|+8.500000E+04}}
}
{@BLOCK|ra406|00
{@A-RES|0|+5.108194E+03{@LIM3|+5.110000E+03|+5.416600E+03|+4.803400E+03}}
}
{@BLOCK|rc10|00
{@A-RES|0|+9.929573E+04{@LIM3|+1.000000E+05|+1.150000E+05|+8.500000E+04}}
}
{@BLOCK|rc12|00
{@A-RES|0|+9.892681E+04{@LIM3|+1.000000E+05|+1.150000E+05|+8.500000E+04}}
}
{@BLOCK|rc21|00
{@A-RES|0|+1.001494E+05{@LIM3|+1.000000E+05|+1.150000E+05|+8.500000E+04}}
}
{@BLOCK|rc27|00
{@A-RES|0|+9.933807E+04{@LIM3|+1.000000E+05|+1.150000E+05|+8.500000E+04}}
}
{@BLOCK|rc237|00
{@A-RES|0|+1.001602E+05{@LIM3|+1.000000E+05|+1.150000E+05|+8.500000E+04}}
}
{@BLOCK|re6|00
{@A-RES|0|+9.819121E+04{@LIM3|+1.000000E+05|+1.150000E+05|+8.500000E+04}}
}
{@BLOCK|re13|00
{@A-RES|0|+1.002581E+05{@LIM3|+1.000000E+05|+1.150000E+05|+8.500000E+04}}
}
{@BLOCK|re14|00
{@A-RES|0|+9.869632E+04{@LIM3|+1.000000E+05|+1.150000E+05|+8.500000E+04}}
}
{@BLOCK|re25|00
{@A-RES|0|+9.961414E+04{@LIM3|+1.000000E+05|+1.150000E+05|+8.500000E+04}}
}
{@BLOCK|re32|00
{@A-RES|0|+9.766457E+04{@LIM3|+1.000000E+05|+1.150000E+05|+8.500000E+04}}
}
{@BLOCK|re34|00
{@A-RES|0|+1.006252E+05{@LIM3|+1.000000E+05|+1.150000E+05|+8.500000E+04}}
}
{@BLOCK|re38|00
{@A-RES|0|+9.712879E+04{@LIM3|+1.000000E+05|+1.150000E+05|+8.500000E+04}}
}
{@BLOCK|re43|00
{@A-RES|0|+9.579479E+04{@LIM3|+1.000000E+05|+1.150000E+05|+8.500000E+04}}
}
{@BLOCK|re44|00
{@A-RES|0|+2.718244E+04{@LIM3|+2.500000E+04|+2.875000E+04|+2.125000E+04}}
}
{@BLOCK|re46|00
{@A-RES|0|+1.004950E+05{@LIM3|+1.000000E+05|+1.150000E+05|+8.500000E+04}}
}
{@BLOCK|re47|00
{@A-RES|0|+1.014619E+05{@LIM3|+1.000000E+05|+1.150000E+05|+8.500000E+04}}
}
{@BLOCK|re58|00
{@A-RES|0|+7.545234E+04{@LIM3|+7.500000E+04|+8.250000E+04|+6.750000E+04}}
}
{@BLOCK|re82|00
{@A-RES|0|+9.957157E+04{@LIM3|+1.000000E+05|+1.150000E+05|+8.500000E+04}}
}
{@BLOCK|re83|00
{@A-RES|0|+9.909512E+04{@LIM3|+1.000000E+05|+1.150000E+05|+8.500000E+04}}
}
{@BLOCK|re92|00
{@A-RES|0|+9.992389E+04{@LIM3|+1.000000E+05|+1.150000E+05|+8.500000E+04}}
}
{@BLOCK|re119|00
{@A-RES|0|+1.004733E+05{@LIM3|+1.000000E+05|+1.150000E+05|+8.500000E+04}}
}
{@BLOCK|re235|00
{@A-RES|0|+9.271644E+04{@LIM3|+1.000000E+05|+1.150000E+05|+8.500000E+04}}
}
{@BLOCK|ri111|00
{@A-RES|0|+9.907405E+04{@LIM3|+1.000000E+05|+1.150000E+05|+8.500000E+04}}
}
{@BLOCK|ri204|00
{@A-RES|0|+9.983825E+04{@LIM3|+1.000000E+05|+1.150000E+05|+8.500000E+04}}
}
{@BLOCK|ri302|00
{@A-RES|0|+9.901089E+04{@LIM3|+1.000000E+05|+1.150000E+05|+8.500000E+04}}
}
{@BLOCK|ri306|00
{@A-RES|0|+9.916874E+04{@LIM3|+1.000000E+05|+1.150000E+05|+8.500000E+04}}
}
{@BLOCK|ri309|00
{@A-RES|0|+9.948653E+04{@LIM3|+1.000000E+05|+1.150000E+05|+8.500000E+04}}
}
{@BLOCK|ri315|00
{@A-RES|0|+1.004625E+05{@LIM3|+1.000000E+05|+1.150000E+05|+8.500000E+04}}
}
{@BLOCK|rn30|00
{@A-RES|0|+9.862321E+04{@LIM3|+1.000000E+05|+1.150000E+05|+8.500000E+04}}
}
{@BLOCK|rn37|00
{@A-RES|0|+9.977412E+04{@LIM3|+1.000000E+05|+1.150000E+05|+8.500000E+04}}
}
{@BLOCK|rr12|00
{@A-RES|0|+9.906352E+04{@LIM3|+1.000000E+05|+1.150000E+05|+8.500000E+04}}
}
{@BLOCK|rr17|00
{@A-RES|0|+1.044405E+05{@LIM3|+1.000000E+05|+1.150000E+05|+8.500000E+04}}
}
{@BLOCK|rr50|00
{@A-RES|0|+9.902141E+04{@LIM3|+1.000000E+05|+1.150000E+05|+8.500000E+04}}
}
{@BLOCK|rr52|00
{@A-RES|0|+9.988105E+04{@LIM3|+1.000000E+05|+1.150000E+05|+8.500000E+04}}
}
{@BLOCK|rr56|00
{@A-RES|0|+9.891631E+04{@LIM3|+1.000000E+05|+1.150000E+05|+8.500000E+04}}
}
{@BLOCK|ru14|00
{@A-RES|0|+4.987629E+04{@LIM3|+5.000000E+04|+5.750000E+04|+4.250000E+04}}
}
{@BLOCK|ru93|00
{@A-RES|0|+9.980617E+04{@LIM3|+1.000000E+05|+1.150000E+05|+8.500000E+04}}
}
{@BLOCK|ru94|00
{@A-RES|0|+9.848771E+04{@LIM3|+1.000000E+05|+1.150000E+05|+8.500000E+04}}
}
{@BLOCK|rv6|00
{@A-RES|0|+9.844705E+04{@LIM3|+1.000000E+05|+1.250000E+05|+7.500000E+04}}
}
{@BLOCK|rv7|00
{@A-RES|0|+1.002679E+05{@LIM3|+1.000000E+05|+1.150000E+05|+8.500000E+04}}
}
{@BLOCK|rv9|00
{@A-RES|0|+1.006578E+05{@LIM3|+1.000000E+05|+1.150000E+05|+8.500000E+04}}
}
{@BLOCK|rv16|00
{@A-RES|0|+9.850853E+04{@LIM3|+1.000000E+05|+1.150000E+05|+8.500000E+04}}
}
{@BLOCK|rv511|00
{@A-RES|0|+9.763133E+04{@LIM3|+1.000000E+05|+1.150000E+05|+8.500000E+04}}
}
{@BLOCK|rv917|00
{@A-RES|0|+9.938354E+04{@LIM3|+1.000000E+05|+1.150000E+05|+8.500000E+04}}
}
{@BLOCK|rv923|00
{@A-RES|0|+9.919109E+04{@LIM3|+1.000000E+05|+1.150000E+05|+8.500000E+04}}
}
{@BLOCK|pr6214|00
{@A-RES|0|+1.000882E+05{@LIM3|+1.000000E+05|+1.150000E+05|+8.500000E+04}}
}
{@BLOCK|rs221|00
{@A-RES|0|+1.687464E+04{@LIM3|+1.680000E+04|+1.780800E+04|+1.579200E+04}}
}
{@BLOCK|rs222|00
{@A-RES|0|+1.179278E+04{@LIM3|+1.180000E+04|+1.250800E+04|+1.109200E+04}}
}
{@BLOCK|pr301|00
{@A-RES|0|+9.996421E+04{@LIM3|+1.000000E+05|+1.110000E+05|+8.900000E+04}}
}
{@BLOCK|pr5315|00
{@A-RES|0|+1.000436E+05{@LIM3|+1.000000E+05|+1.110000E+05|+8.900000E+04}}
}
{@BLOCK|pr6225|00
{@A-RES|0|+1.002679E+05{@LIM3|+1.000000E+05|+1.110000E+05|+8.900000E+04}}
}
{@BLOCK|ri114|00
{@A-RES|0|+2.347945E+04{@LIM3|+2.500000E+04|+3.125000E+04|+2.125000E+04}}
}
{@BLOCK|rs224|00
{@A-RES|0|+1.066741E+05{@LIM3|+1.000000E+05|+1.400000E+05|+6.000000E+04}}
}
{@BLOCK|ru50|00
{@A-RES|0|+9.983927E+04{@LIM3|+1.000000E+05|+1.110000E+05|+8.900000E+04}}
}
{@BLOCK|pr1803|00
{@A-RES|0|+1.000180E+03{@LIM3|+1.000000E+03|+1.060000E+03|+9.400000E+02}}
}
{@BLOCK|pr1019|00
{@A-RES|0|+5.025756E+03{@LIM3|+4.700000E+03|+5.170000E+03|+4.230000E+03}}
}
{@BLOCK|pr1020|00
{@A-RES|0|+4.738021E+03{@LIM3|+4.700000E+03|+5.170000E+03|+4.230000E+03}}
}
{@BLOCK|pr1620|00
{@A-RES|0|+4.732081E+03{@LIM3|+4.700000E+03|+5.170000E+03|+4.230000E+03}}
}
{@BLOCK|rb13|00
{@A-RES|0|+4.687014E+03{@LIM3|+4.700000E+03|+5.170000E+03|+4.230000E+03}}
}
{@BLOCK|ri242%r1|00
{@A-RES|0|+4.684184E+03{@LIM3|+4.700000E+03|+5.170000E+03|+4.230000E+03}}
}
{@BLOCK|ri242%r2|00
{@A-RES|0|+4.713111E+03{@LIM3|+4.700000E+03|+5.170000E+03|+4.230000E+03}}
}
{@BLOCK|ri256|00
{@A-RES|0|+4.759121E+03{@LIM3|+4.700000E+03|+5.170000E+03|+4.230000E+03}}
}
{@BLOCK|rk5|00
{@A-RES|0|+4.862002E+03{@LIM3|+4.700000E+03|+5.170000E+03|+4.230000E+03}}
}
{@BLOCK|rk102|00
{@A-RES|0|+4.812746E+03{@LIM3|+4.700000E+03|+5.170000E+03|+4.230000E+03}}
}
{@BLOCK|ru21|00
{@A-RES|0|+4.715736E+03{@LIM3|+4.700000E+03|+5.170000E+03|+4.230000E+03}}
}
{@BLOCK|ru25|00
{@A-RES|0|+4.577114E+03{@LIM3|+4.700000E+03|+5.170000E+03|+4.230000E+03}}
}
{@BLOCK|ru44|00
{@A-RES|0|+4.705965E+03{@LIM3|+4.700000E+03|+5.170000E+03|+4.230000E+03}}
}
{@BLOCK|ru45|00
{@A-RES|0|+4.695049E+03{@LIM3|+4.700000E+03|+5.170000E+03|+4.230000E+03}}
}
{@BLOCK|ru46|00
{@A-RES|0|+4.739982E+03{@LIM3|+4.700000E+03|+5.170000E+03|+4.230000E+03}}
}
{@BLOCK|ru47|00
{@A-RES|0|+4.708820E+03{@LIM3|+4.700000E+03|+5.170000E+03|+4.230000E+03}}
}
{@BLOCK|ru614|00
{@A-RES|0|+4.727193E+03{@LIM3|+4.700000E+03|+5.170000E+03|+4.230000E+03}}
}
{@BLOCK|ru615|00
{@A-RES|0|+4.686698E+03{@LIM3|+4.700000E+03|+5.170000E+03|+4.230000E+03}}
}
{@BLOCK|pr1040|00
{@A-RES|0|+1.976573E+06{@LIM3|+2.000000E+06|+2.500000E+06|+1.500000E+06}}
}
{@BLOCK|ru932|00
{@A-RES|0|+1.983224E+06{@LIM3|+2.000000E+06|+2.500000E+06|+1.500000E+06}}
}
{@BLOCK|pr1041|00
{@A-RES|0|+1.323678E+05{@LIM3|+1.330000E+05|+1.476300E+05|+1.183700E+05}}
}
{@BLOCK|pr1042|00
{@A-RES|0|+4.847595E+04{@LIM3|+4.990000E+04|+5.788400E+04|+4.191600E+04}}
}
{@BLOCK|pr1043|00
{@A-RES|0|+4.768064E+04{@LIM3|+4.990000E+04|+5.788400E+04|+4.191600E+04}}
}
{@BLOCK|pr1604|00
{@A-JUM|0|+3.048108E+00{@LIM2|+1.500000E+01|+0.000000E+00}}
}
{@BLOCK|pr1710|00
{@A-JUM|0|+3.482656E+00{@LIM2|+1.500000E+01|+0.000000E+00}}
}
{@BLOCK|ra407|00
{@A-RES|0|+3.915634E+04{@LIM3|+3.920000E+04|+4.312000E+04|+3.528000E+04}}
}
{@BLOCK|pr5324|00
{@A-RES|0|+1.353067E+05{@LIM3|+1.370000E+05|+1.520700E+05|+1.219300E+05}}
}
{@BLOCK|rc33%r1_4|00
{@A-RES|0|+1.003995E+03{@LIM3|+1.000000E+03|+1.150000E+03|+8.500000E+02}}
}
{@BLOCK|rc33%r2_3|00
{@A-RES|0|+1.004815E+03{@LIM3|+1.000000E+03|+1.100000E+03|+9.000000E+02}}
}
{@BLOCK|rc34%r1_4|00
{@A-RES|0|+9.990845E+02{@LIM3|+1.000000E+03|+1.150000E+03|+8.500000E+02}}
}
{@BLOCK|rc34%r2_3|00
{@A-RES|0|+9.985566E+02{@LIM3|+1.000000E+03|+1.150000E+03|+8.500000E+02}}
}
{@BLOCK|rc552|00
{@A-RES|0|+1.021775E+03{@LIM3|+1.000000E+03|+1.100000E+03|+9.000000E+02}}
}
{@BLOCK|rc951|00
{@A-RES|0|+1.004913E+03{@LIM3|+1.000000E+03|+1.100000E+03|+9.000000E+02}}
}
{@BLOCK|rc960|00
{@A-RES|0|+9.959589E+02{@LIM3|+1.000000E+03|+1.100000E+03|+9.000000E+02}}
}
{@BLOCK|rc961|00
{@A-RES|0|+1.006714E+03{@LIM3|+1.000000E+03|+1.100000E+03|+9.000000E+02}}
}
{@BLOCK|rc962|00
{@A-RES|0|+1.006986E+03{@LIM3|+1.000000E+03|+1.100000E+03|+9.000000E+02}}
}
{@BLOCK|rc963|00
{@A-RES|0|+1.012994E+03{@LIM3|+1.000000E+03|+1.100000E+03|+9.000000E+02}}
}
{@BLOCK|pr6215|00
{@A-RES|0|+9.943030E+05{@LIM3|+1.000000E+06|+1.210000E+06|+7.900000E+05}}
}
{@BLOCK|pr6216|00
{@A-RES|0|+9.962041E+05{@LIM3|+1.000000E+06|+1.210000E+06|+7.900000E+05}}
}
{@BLOCK|pq6203%qf2|00
{@A-NFE|0|+8.659063E+01{@LIM2|+2.000000E+02|+2.000000E+01}}
}
{@BLOCK|prt300|00
{@A-RES|0|+6.391310E+02{@LIM3|+5.400000E+02|+7.290000E+02|+3.510000E+02}}
}
{@BLOCK|prt301|00
{@A-RES|0|+6.516408E+02{@LIM3|+5.400000E+02|+7.290000E+02|+3.510000E+02}}
}
{@BLOCK|prt303|00
{@A-RES|0|+6.497332E+02{@LIM3|+5.400000E+02|+7.290000E+02|+3.510000E+02}}
}
{@BLOCK|prt304|00
{@A-RES|0|+6.243625E+02{@LIM3|+5.400000E+02|+7.290000E+02|+3.510000E+02}}
}
{@BLOCK|prt305|00
{@A-RES|0|+6.434100E+02{@LIM3|+5.400000E+02|+7.290000E+02|+3.510000E+02}}
}
{@BLOCK|rc241%r1_4|00
{@A-RES|0|+2.273993E+03{@LIM3|+2.200000E+03|+2.420000E+03|+1.980000E+03}}
}
{@BLOCK|rc241%r2_3|00
{@A-RES|0|+2.242773E+03{@LIM3|+2.200000E+03|+2.420000E+03|+1.980000E+03}}
}
{@BLOCK|rc242%r1_4|00
{@A-RES|0|+2.209774E+03{@LIM3|+2.200000E+03|+2.420000E+03|+1.980000E+03}}
}
{@BLOCK|rc242%r2_3|00
{@A-RES|0|+2.198920E+03{@LIM3|+2.200000E+03|+2.420000E+03|+1.980000E+03}}
}
{@BLOCK|rc245%r1_4|00
{@A-RES|0|+2.195498E+03{@LIM3|+2.200000E+03|+2.420000E+03|+1.980000E+03}}
}
{@BLOCK|rc245%r2_3|00
{@A-RES|0|+2.191881E+03{@LIM3|+2.200000E+03|+2.420000E+03|+1.980000E+03}}
}
{@BLOCK|rc356%r1_4|00
{@A-RES|0|+2.203768E+03{@LIM3|+2.200000E+03|+2.420000E+03|+1.980000E+03}}
}
{@BLOCK|rc356%r2_3|00
{@A-RES|0|+2.202782E+03{@LIM3|+2.200000E+03|+2.420000E+03|+1.980000E+03}}
}
{@BLOCK|rc609|00
{@A-RES|0|+2.203476E+03{@LIM3|+2.200000E+03|+2.420000E+03|+1.980000E+03}}
}
{@BLOCK|re97%r1_4|00
{@A-RES|0|+2.248406E+03{@LIM3|+2.200000E+03|+2.420000E+03|+1.980000E+03}}
}
{@BLOCK|re97%r2_3|00
{@A-RES|0|+2.260523E+03{@LIM3|+2.200000E+03|+2.420000E+03|+1.980000E+03}}
}
{@BLOCK|re98%r1_4|00
{@A-RES|0|+2.198505E+03{@LIM3|+2.200000E+03|+2.420000E+03|+1.980000E+03}}
}
{@BLOCK|re98%r2_3|00
{@A-RES|0|+2.198090E+03{@LIM3|+2.200000E+03|+2.420000E+03|+1.980000E+03}}
}
{@BLOCK|re100%r2_3|00
{@A-RES|0|+2.194257E+03{@LIM3|+2.200000E+03|+2.420000E+03|+1.980000E+03}}
}
{@BLOCK|ri303%r1_4|00
{@A-RES|0|+2.185281E+03{@LIM3|+2.200000E+03|+2.420000E+03|+1.980000E+03}}
}
{@BLOCK|ri303%r2_3|00
{@A-RES|0|+2.181997E+03{@LIM3|+2.200000E+03|+2.750000E+03|+1.980000E+03}}
}
{@BLOCK|rv904%r1_4|00
{@A-RES|0|+2.195705E+03{@LIM3|+2.200000E+03|+2.420000E+03|+1.980000E+03}}
}
{@BLOCK|rv904%r2_3|00
{@A-RES|0|+2.213346E+03{@LIM3|+2.200000E+03|+2.420000E+03|+1.980000E+03}}
}
{@BLOCK|ra62|00
{@A-RES|0|+3.610882E+01{@LIM3|+3.300000E+01|+4.129999E+01|+2.970000E+01}}
}
{@BLOCK|rc144|00
{@A-RES|0|+3.686209E+01{@LIM3|+3.300000E+01|+4.129999E+01|+2.970000E+01}}
}
{@BLOCK|rc145|00
{@A-RES|0|+3.648439E+01{@LIM3|+3.300000E+01|+4.290000E+01|+2.310000E+01}}
}
{@BLOCK|rc146|00
{@A-RES|0|+3.628684E+01{@LIM3|+3.300000E+01|+4.129999E+01|+2.970000E+01}}
}
{@BLOCK|rc172|00
{@A-RES|0|+3.586498E+01{@LIM3|+3.300000E+01|+4.129999E+01|+2.970000E+01}}
}
{@BLOCK|ra402|00
{@A-RES|0|+6.829579E+03{@LIM3|+6.800000E+03|+7.208000E+03|+6.392000E+03}}
}
{@BLOCK|ri218|00
{@A-RES|0|+1.016701E+02{@LIM3|+1.000000E+02|+1.150000E+02|+9.000000E+01}}
}
{@BLOCK|ri221|00
{@A-RES|0|+1.042961E+02{@LIM3|+1.000000E+02|+1.150000E+02|+9.000000E+01}}
}
{@BLOCK|ri228|00
{@A-RES|0|+1.027316E+02{@LIM3|+1.000000E+02|+1.150000E+02|+9.000000E+01}}
}
{@BLOCK|ri231|00
{@A-RES|0|+1.033506E+02{@LIM3|+1.000000E+02|+1.150000E+02|+9.000000E+01}}
}
{@BLOCK|ri236|00
{@A-RES|0|+1.036428E+02{@LIM3|+1.000000E+02|+1.150000E+02|+9.000000E+01}}
}
{@BLOCK|ru82|00
{@A-RES|0|+1.027824E+02{@LIM3|+1.000000E+02|+1.150000E+02|+9.000000E+01}}
}
{@BLOCK|ru83|00
{@A-RES|0|+1.031288E+02{@LIM3|+1.000000E+02|+1.200000E+02|+8.000000E+01}}
}
{@BLOCK|rt8|00
{@A-RES|0|+2.516228E+01{@LIM3|+2.200000E+01|+2.920001E+01|+1.980000E+01}}
}
{@BLOCK|rt11|00
{@A-RES|0|+2.484924E+01{@LIM3|+2.200000E+01|+2.920001E+01|+1.980000E+01}}
}
{@BLOCK|rc5|00
{@A-RES|0|+2.030655E+03{@LIM3|+2.000000E+03|+2.200000E+03|+1.800000E+03}}
}
{@BLOCK|rc6|00
{@A-RES|0|+2.016479E+03{@LIM3|+2.000000E+03|+2.120000E+03|+1.880000E+03}}
}
{@BLOCK|rc141|00
{@A-RES|0|+2.072427E+04{@LIM3|+2.000000E+04|+2.200000E+04|+1.800000E+04}}
}
{@BLOCK|rc291|00
{@A-RES|0|+2.042003E+04{@LIM3|+2.000000E+04|+2.200000E+04|+1.800000E+04}}
}
{@BLOCK|rc968|00
{@A-RES|0|+1.992210E+04{@LIM3|+2.000000E+04|+2.200000E+04|+1.800000E+04}}
}
{@BLOCK|rc160|00
{@A-RES|0|+1.016752E+01{@LIM3|+1.000000E+01|+1.100000E+01|+9.000000E+00}}
}
{@BLOCK|rc164|00
{@A-RES|0|+1.053117E+01{@LIM3|+1.000000E+01|+1.200000E+01|+8.000000E+00}}
}
{@BLOCK|rc238|00
{@A-RES|0|+8.265578E+03{@LIM3|+8.200000E+03|+9.020000E+03|+7.380000E+03}}
}
{@BLOCK|rc265|00
{@A-RES|0|+4.433794E+05{@LIM3|+4.700000E+05|+5.405000E+05|+3.995000E+05}}
}
{@BLOCK|re3|00
{@A-RES|0|+5.109150E+04{@LIM3|+5.100000E+04|+5.406000E+04|+4.794000E+04}}
}
{@BLOCK|re4|00
{@A-RES|0|+3.301608E+04{@LIM3|+3.300000E+04|+3.498000E+04|+3.102000E+04}}
}
{@BLOCK|ri414|00
{@A-RES|0|+8.122197E+02{@LIM3|+8.060000E+02|+8.543600E+02|+7.576400E+02}}
}
{@BLOCK|ri415|00
{@A-RES|0|+3.686853E+02{@LIM3|+3.650000E+02|+3.869000E+02|+3.431000E+02}}
}
{@BLOCK|rr22|00
{@A-RES|0|+7.736469E+01{@LIM3|+7.500000E+01|+9.000000E+01|+6.000000E+01}}
}
{@BLOCK|ru1115|00
{@A-RES|0|+1.030826E+05{@LIM3|+1.047620E+05|+1.204763E+05|+8.904770E+04}}
}
{@BLOCK|ru1110|00
{@A-RES|0|+1.045072E+05{@LIM3|+1.047620E+05|+1.204763E+05|+8.904770E+04}}
}
{@BLOCK|rv3|00
{@A-RES|0|+2.706686E+03{@LIM3|+2.700000E+03|+2.862000E+03|+2.538000E+03}}
}
{@BLOCK|pq301|00
{@A-NFE|0|+9.361074E+01{@LIM2|+2.000000E+02|+2.000000E+01}}
}
{@BLOCK|pq1000%qf1|00
{@A-NFE|0|+1.213350E+02{@LIM2|+2.000000E+02|+2.000000E+01}}
}
{@BLOCK|pq1000%qf2|00
{@A-NFE|0|+8.452222E+01{@LIM2|+2.000000E+02|+2.000000E+01}}
}
{@BLOCK|pq5307%qf|00
{@A-NFE|0|+7.872663E+01{@LIM2|+2.000000E+02|+2.000000E+01}}
}
{@BLOCK|pq6201%qf|00
{@A-NFE|0|+8.489419E+01{@LIM2|+2.000000E+02|+2.000000E+01}}
}
{@BLOCK|pq6206%qf|00
{@A-NFE|0|+1.080756E+02{@LIM2|+2.000000E+02|+2.000000E+01}}
}
{@BLOCK|qa402|00
{@A-NFE|0|+9.018420E+01{@LIM2|+2.000000E+02|+2.000000E+01}}
}
{@BLOCK|qc1|00
{@A-NFE|0|+3.076043E+01{@LIM2|+2.000000E+02|+2.000000E+01}}
}
{@BLOCK|qc150|00
{@A-NFE|0|+4.042867E+01{@LIM2|+2.000000E+02|+2.000000E+01}}
}
{@BLOCK|qc250%qf1|00
{@A-NFE|0|+7.792768E+01{@LIM2|+2.000000E+02|+2.000000E+01}}
}
{@BLOCK|qc250%qf2|00
{@A-NFE|0|+1.333864E+02{@LIM2|+2.000000E+02|+2.000000E+01}}
}
{@BLOCK|qc256|00
{@A-NFE|0|+4.799683E+01{@LIM2|+2.000000E+02|+2.000000E+01}}
}
{@BLOCK|qc350%qf1|00
{@A-NFE|0|+5.460298E+01{@LIM2|+2.000000E+02|+2.000000E+01}}
}
{@BLOCK|qc350%qf2|00
{@A-NFE|0|+1.402623E+02{@LIM2|+2.000000E+02|+2.000000E+01}}
}
{@BLOCK|qc552|00
{@A-NFE|0|+4.242411E+01{@LIM2|+2.000000E+02|+2.000000E+01}}
}
{@BLOCK|qc553|00
{@A-NFE|0|+3.560854E+01{@LIM2|+2.000000E+02|+2.000000E+01}}
}
{@BLOCK|qi100|00
{@A-NFE|0|+5.376245E+01{@LIM2|+2.000000E+02|+2.000000E+01}}
}
{@BLOCK|ql3|00
{@A-NFE|0|+1.034117E+02{@LIM2|+2.000000E+02|+2.000000E+01}}
}
{@BLOCK|qn1%qf1|00
{@A-NFE|0|+6.254781E+01{@LIM2|+2.000000E+02|+2.000000E+01}}
}
{@BLOCK|qn1%qf2|00
{@A-NFE|0|+6.892089E+01{@LIM2|+2.000000E+02|+2.000000E+01}}
}
{@BLOCK|qr10|00
{@A-NFE|0|+1.152350E+02{@LIM2|+2.000000E+02|+2.000000E+01}}
}
{@BLOCK|qr16|00
{@A-NFE|0|+1.215009E+02{@LIM2|+2.000000E+02|+2.000000E+01}}
}
{@BLOCK|qt4|00
{@A-NFE|0|+9.834346E+01{@LIM2|+2.000000E+02|+2.000000E+01}}
}
{@BLOCK|qu600|00
{@A-NFE|0|+5.047656E+01{@LIM2|+2.000000E+02|+2.000000E+01}}
}
{@BLOCK|qu601|00
{@A-NFE|0|+8.486334E+01{@LIM2|+2.000000E+02|+2.000000E+01}}
}
{@BLOCK|qv901%qf1|00
{@A-NFE|0|+7.797221E+01{@LIM2|+2.000000E+02|+2.000000E+01}}
}
{@BLOCK|qv901%qf2|00
{@A-NFE|0|+1.327401E+02{@LIM2|+2.000000E+02|+2.000000E+01}}
}
{@BLOCK|qv902|00
{@A-NFE|0|+5.098498E+01{@LIM2|+2.000000E+02|+2.000000E+01}}
}
{@BLOCK|pq5301%f2|00
{@A-NFE|0|+4.760293E+01{@LIM2|+2.000000E+02|+2.000000E+01}}
}
{@BLOCK|pq5302%qf|00
{@A-PFE|0|+1.043634E+02{@LIM2|+2.000000E+02|+2.000000E+01}}
}
{@BLOCK|qv600|00
{@A-PFE|0|+7.698493E+01{@LIM2|+2.000000E+02|+2.000000E+01}}
}
{@BLOCK|da405|00
{@A-DIO|0|+7.466268E-01{@LIM2|+8.000000E-01|+4.000000E-01}}
}
{@BLOCK|da406|00
{@A-DIO|0|+7.076630E-01{@LIM2|+8.000000E-01|+4.000000E-01}}
}
{@BLOCK|dc3|00
{@A-DIO|0|+6.894914E-01{@LIM2|+8.000000E-01|+4.000000E-01}}
}
{@BLOCK|dc4|00
{@A-DIO|0|+6.962359E-01{@LIM2|+8.000000E-01|+4.000000E-01}}
}
{@BLOCK|di500|00
{@A-DIO|0|+6.753108E-01{@LIM2|+8.000000E-01|+2.000000E-01}}
}
{@BLOCK|dk1|00
{@A-DIO|0|+5.492304E-01{@LIM2|+8.000000E-01|+4.000000E-01}}
}
{@BLOCK|dk100|00
{@A-DIO|0|+5.201042E-01{@LIM2|+8.000000E-01|+4.000000E-01}}
}
{@BLOCK|du601|00
{@A-DIO|0|+7.720585E-01{@LIM2|+8.000000E-01|+4.000000E-01}}
}
{@BLOCK|du602|00
{@A-DIO|0|+6.152290E-01{@LIM2|+8.000000E-01|+2.000000E-01}}
}
{@BLOCK|dv4%cr2|00
{@A-DIO|0|+5.716979E-01{@LIM2|+8.000000E-01|+4.000000E-01}}
}
{@BLOCK|dv600%cr2|00
{@A-DIO|0|+6.320552E-01{@LIM2|+8.000000E-01|+4.000000E-01}}
}
{@BLOCK|dv601%cr1|00
{@A-DIO|0|+6.520741E-01{@LIM2|+8.000000E-01|+4.000000E-01}}
}
{@BLOCK|dv601%cr2|00
{@A-DIO|0|+7.370040E-01{@LIM2|+8.000000E-01|+4.000000E-01}}
}
{@BLOCK|dv601%cr5|00
{@A-DIO|0|+5.338940E-01{@LIM2|+8.000000E-01|+4.000000E-01}}
}
{@BLOCK|dv602%cr4|00
{@A-DIO|0|+6.351483E-01{@LIM2|+8.000000E-01|+4.000000E-01}}
}
{@BLOCK|dv602%cr5|00
{@A-DIO|0|+6.352342E-01{@LIM2|+8.000000E-01|+4.000000E-01}}
}
{@BLOCK|pd5%cr1|00
{@A-DIO|0|+5.554594E-01{@LIM2|+8.000000E-01|+4.000000E-01}}
}
{@BLOCK|pd5%cr2|00
{@A-DIO|0|+5.552446E-01{@LIM2|+8.000000E-01|+4.000000E-01}}
}
{@BLOCK|led1%cr_org|00
{@A-DIO|0|+1.970436E+00{@LIM2|+2.600000E+00|+1.600000E+00}}
}
{@BLOCK|led1%cr_whi|00
{@A-DIO|0|+3.049078E+00{@LIM2|+3.500000E+00|+2.350000E+00}}
}
{@BLOCK|pq5301%d1|00
{@A-DIO|0|+6.624272E-01{@LIM2|+8.000000E-01|+4.000000E-01}}
}
{@BLOCK|pq5301%d2|00
{@A-DIO|0|+5.340074E-01{@LIM2|+8.000000E-01|+4.000000E-01}}
}
{@BLOCK|pq300|00
{@A-DIO|0|+6.400026E-01|B-E{@LIM2|+8.000000E-01|+4.000000E-01}}
{@A-DIO|0|+6.688281E-01|B-C{@LIM2|+8.000000E-01|+4.000000E-01}}
}
{@BLOCK|pq303|00
{@A-DIO|0|+6.704176E-01|B-E{@LIM2|+8.050000E-01|+6.030000E-01}}
}
{@BLOCK|da400|00
{@A-DIO|0|+5.890327E-01{@LIM2|+8.000000E-01|+4.000000E-01}}
}
{@BLOCK|da401|00
{@A-DIO|0|+5.343908E-01{@LIM2|+8.000000E-01|+4.000000E-01}}
}
{@BLOCK|da403|00
{@A-DIO|0|+5.755683E-01{@LIM2|+8.000000E-01|+4.000000E-01}}
}
{@BLOCK|di502|00
{@A-DIO|0|+7.460851E-01{@LIM2|+9.500000E-01|+4.000000E-01}}
}
{@BLOCK|du901|00
{@A-DIO|0|+5.735680E-01{@LIM2|+8.000000E-01|+4.000000E-01}}
}
{@BLOCK|du902|00
{@A-DIO|0|+6.422999E-01{@LIM2|+8.000000E-01|+4.000000E-01}}
}
{@BLOCK|du903|00
{@A-DIO|0|+5.752863E-01{@LIM2|+8.000000E-01|+4.000000E-01}}
}
{@BLOCK|du904%ds2|00
{@A-DIO|0|+5.577596E-01{@LIM2|+8.000000E-01|+4.000000E-01}}
}
{@BLOCK|du905|00
{@A-DIO|0|+6.422999E-01{@LIM2|+8.000000E-01|+4.000000E-01}}
}
{@BLOCK|pr1044|00
{@A-RES|0|+4.735610E+04{@LIM3|+4.990000E+04|+5.788400E+04|+4.191600E+04}}
}
{@BLOCK|prt302|00
{@A-RES|0|+6.546312E+02{@LIM3|+5.400000E+02|+7.290000E+02|+3.510000E+02}}
}
{@BLOCK|re100%r1_4|00
{@A-RES|0|+2.194141E+03{@LIM3|+2.200000E+03|+2.420000E+03|+1.980000E+03}}
}
{@BLOCK|rb1|00
{@A-RES|0|+2.538024E+01{@LIM3|+2.200000E+01|+2.920001E+01|+1.980000E+01}}
}
{@BLOCK|rb3|00
{@A-RES|0|+2.514748E+01{@LIM3|+2.200000E+01|+2.920001E+01|+1.980000E+01}}
}
{@BLOCK|dv3%cr1|00
{@A-DIO|0|+5.523513E-01{@LIM2|+8.000000E-01|+4.000000E-01}}
}
{@BLOCK|dv3%cr2|00
{@A-DIO|0|+5.089012E-01{@LIM2|+8.000000E-01|+4.000000E-01}}
}
{@BLOCK|du919%ds2|00
{@A-DIO|0|+5.071057E-01{@LIM2|+8.000000E-01|+4.000000E-01}}
}
{@BLOCK|du906|00
{@A-DIO|0|+5.742553E-01{@LIM2|+8.000000E-01|+4.000000E-01}}
}
{@BLOCK|du908|00
{@A-DIO|0|+6.931616E-01{@LIM2|+8.000000E-01|+4.000000E-01}}
}
{@BLOCK|du910|00
{@A-DIO|0|+6.096523E-01{@LIM2|+8.000000E-01|+4.000000E-01}}
}
{@BLOCK|du912|00
{@A-DIO|0|+6.416126E-01{@LIM2|+8.000000E-01|+4.000000E-01}}
}
{@BLOCK|du913|00
{@A-DIO|0|+5.976242E-01{@LIM2|+8.000000E-01|+4.000000E-01}}
}
{@BLOCK|du916%ds|00
{@A-DIO|0|+6.302718E-01{@LIM2|+9.000000E-01|+4.000000E-01}}
}
{@BLOCK|du919%ds1|00
{@A-DIO|0|+5.615399E-01{@LIM2|+8.000000E-01|+4.000000E-01}}
}
{@BLOCK|du1101|00
{@A-DIO|0|+3.876481E-01{@LIM2|+8.000000E-01|+3.000000E-01}}
}
{@BLOCK|du1102%dsa|00
{@A-DIO|0|+6.398943E-01{@LIM2|+9.000000E-01|+5.000000E-01}}
}
{@BLOCK|du1102%dsb|00
{@A-DIO|0|+6.395506E-01{@LIM2|+9.000000E-01|+4.000000E-01}}
}
{@BLOCK|pd300|00
{@A-DIO|0|+6.044974E-01{@LIM2|+8.000000E-01|+4.000000E-01}}
}
{@BLOCK|pd301|00
{@A-DIO|0|+6.086213E-01{@LIM2|+8.000000E-01|+4.000000E-01}}
}
{@BLOCK|pd302|00
{@A-DIO|0|+5.679393E-01{@LIM2|+8.000000E-01|+4.000000E-01}}
}
{@BLOCK|pd6200|00
{@A-DIO|0|+5.980316E-01{@LIM2|+8.000000E-01|+4.000000E-01}}
}
}}