{@BATCH|loq15_irx9||3407|1||btest|050603083521~16|ICT0265\engineer|ICT0265|C:/Agilent_ICT/boards/loq15_irx9_mem_samsung|RevA|5b21d46509||5b21d46509
{@BTEST|6683000138|00|050603123448|000021|0|all||n||050603123509||1
{@BLOCK|pc307|00
{@A-CAP|0|+2.170533E-04{@LIM3|+1.828010E-04|+2.376413E-04|+1.279355E-04}}
}
{@BLOCK|pc516|00
{@A-CAP|0|+6.620619E-06{@LIM3|+6.700000E-06|+8.710000E-06|+4.690000E-06}}
}
{@BLOCK|cv4127|00
{@A-CAP|0|+4.666425E-05{@LIM3|+3.692000E-05|+5.353400E-05|+2.584400E-05}}
}
{@BLOCK|ct62|00
{@A-CAP|0|+2.001243E-05{@LIM3|+1.610000E-05|+2.737000E-05|+4.830000E-06}}
}
{@BLOCK|ch44|00
{@A-CAP|0|+1.193947E-04{@LIM3|+1.021010E-04|+1.327313E-04|+7.144048E-05}}
}
{@BLOCK|ct50|00
{@A-CAP|0|+2.249538E-04{@LIM3|+2.010010E-04|+2.613013E-04|+1.406730E-04}}
}
{@BLOCK|cbl18|00
{@A-CAP|0|+1.357646E-06{@LIM3|+1.201000E-06|+1.561300E-06|+8.407000E-07}}
}
{@BLOCK|cbl6408|00
{@A-CAP|0|+1.173665E-06{@LIM3|+1.000000E-06|+1.300000E-06|+7.000000E-07}}
}
{@BLOCK|pc507|00
{@A-CAP|0|+2.727799E-04{@LIM3|+2.577010E-04|+3.350113E-04|+1.803551E-04}}
}
{@BLOCK|cd20|00
{@A-CAP|0|+3.150542E-04{@LIM3|+2.705000E-04|+3.516500E-04|+1.892699E-04}}
}
{@BLOCK|ch4|00
{@A-CAP|0|+1.069576E-06{@LIM3|+1.000000E-06|+1.300000E-06|+7.000000E-07}}
}
{@BLOCK|ch7|00
{@A-CAP|0|+1.048695E-06{@LIM3|+1.000000E-06|+1.300000E-06|+7.000000E-07}}
}
{@BLOCK|cl5109|00
{@A-CAP|0|+2.827407E-06{@LIM3|+2.500000E-06|+3.250000E-06|+1.750000E-06}}
}
{@BLOCK|ct61|00
{@A-CAP|0|+1.011092E-05{@LIM3|+1.110000E-05|+1.443000E-05|+7.770000E-06}}
}
{@BLOCK|pcw7|00
{@A-CAP|0|+2.381589E-03{@LIM3|+2.744000E-03|+3.567200E-03|+1.911136E-03}}
}
{@BLOCK|cv1417|00
{@A-CAP|0|+1.347519E-04{@LIM3|+1.465010E-04|+1.904513E-04|+1.025305E-04}}
}
{@BLOCK|cv1425|00
{@A-CAP|0|+2.108561E-04{@LIM3|+2.507010E-04|+4.261917E-04|+7.517570E-05}}
}
{@BLOCK|cw5209|00
{@A-CAP|0|+9.987672E-07{@LIM3|+1.000000E-06|+1.300000E-06|+7.000000E-07}}
}
{@BLOCK|ca5606|00
{@A-CAP|0|+2.024741E-06{@LIM3|+2.400000E-06|+3.120000E-06|+1.680000E-06}}
}
{@BLOCK|c8740|00
{@A-CAP|0|+1.175984E-07{@LIM3|+1.210000E-07|+1.815000E-07|+6.050000E-08}}
}
{@BLOCK|c8741|00
{@A-CAP|0|+9.246471E-08{@LIM3|+1.000000E-07|+1.200000E-07|+7.000000E-08}}
}
{@BLOCK|c8742|00
{@A-CAP|0|+1.064541E-07{@LIM3|+1.000000E-07|+1.200000E-07|+8.000000E-08}}
}
{@BLOCK|c8751|00
{@A-CAP|0|+8.729362E-08{@LIM3|+1.000000E-07|+1.300000E-07|+7.000000E-08}}
}
{@BLOCK|c8754|00
{@A-CAP|0|+1.002549E-07{@LIM3|+1.000000E-07|+1.300000E-07|+7.000000E-08}}
}
{@BLOCK|c8755|00
{@A-CAP|0|+9.317514E-08{@LIM3|+8.000000E-08|+1.200000E-07|+4.000000E-08}}
}
{@BLOCK|c8758|00
{@A-CAP|0|+9.802666E-08{@LIM3|+1.000000E-07|+1.300000E-07|+7.000000E-08}}
}
{@BLOCK|c8760|00
{@A-CAP|0|+9.959388E-08{@LIM3|+1.000000E-07|+1.300000E-07|+7.000000E-08}}
}
{@BLOCK|c8761|00
{@A-CAP|0|+1.290999E-07{@LIM3|+1.320000E-07|+1.980000E-07|+6.600000E-08}}
}
{@BLOCK|c8763|00
{@A-CAP|0|+9.574485E-08{@LIM3|+1.000000E-07|+1.300000E-07|+7.000000E-08}}
}
{@BLOCK|c8769|00
{@A-CAP|0|+9.970252E-08{@LIM3|+1.000000E-07|+1.300000E-07|+7.000000E-08}}
}
{@BLOCK|c8770|00
{@A-CAP|0|+9.661602E-08{@LIM3|+1.000000E-07|+1.300000E-07|+7.000000E-08}}
}
{@BLOCK|c8772|00
{@A-CAP|0|+9.995661E-08{@LIM3|+1.000000E-07|+1.300000E-07|+7.000000E-08}}
}
{@BLOCK|c8773|00
{@A-CAP|0|+8.922956E-08{@LIM3|+7.600000E-08|+1.140000E-07|+3.800000E-08}}
}
{@BLOCK|c8775|00
{@A-CAP|0|+1.118808E-07{@LIM3|+1.370000E-07|+2.055000E-07|+6.850000E-08}}
}
{@BLOCK|c8776|00
{@A-CAP|0|+9.654353E-08{@LIM3|+1.000000E-07|+1.300000E-07|+7.000000E-08}}
}
{@BLOCK|c8778|00
{@A-CAP|0|+9.920448E-08{@LIM3|+1.000000E-07|+1.300000E-07|+7.000000E-08}}
}
{@BLOCK|cbl6404|00
{@A-CAP|0|+1.139906E-07{@LIM3|+1.000000E-07|+1.200000E-07|+8.000000E-08}}
}
{@BLOCK|cbl6405|00
{@A-CAP|0|+1.018967E-07{@LIM3|+1.000000E-07|+1.200000E-07|+8.000000E-08}}
}
{@BLOCK|cbl6409|00
{@A-CAP|0|+1.081254E-07{@LIM3|+1.000000E-07|+1.200000E-07|+8.000000E-08}}
}
{@BLOCK|cbl6413|00
{@A-CAP|0|+1.177867E-07{@LIM3|+1.300000E-07|+1.950000E-07|+6.500000E-08}}
}
{@BLOCK|cbl6414|00
{@A-CAP|0|+1.037932E-07{@LIM3|+1.000000E-07|+1.200000E-07|+8.000000E-08}}
}
{@BLOCK|cbl6419|00
{@A-CAP|0|+1.034931E-07{@LIM3|+1.000000E-07|+1.200000E-07|+8.000000E-08}}
}
{@BLOCK|cf7704|00
{@A-CAP|0|+9.679258E-08{@LIM3|+1.001000E-07|+1.301300E-07|+7.007000E-08}}
}
{@BLOCK|ch5|00
{@A-CAP|0|+1.247887E-06{@LIM3|+1.300000E-06|+1.950000E-06|+6.500000E-07}}
}
{@BLOCK|ch50|00
{@A-CAP|0|+1.162491E-07{@LIM3|+1.190000E-07|+1.785000E-07|+5.950000E-08}}
}
{@BLOCK|ch4014|00
{@A-CAP|0|+1.015873E-07{@LIM3|+1.000000E-07|+1.200000E-07|+8.000000E-08}}
}
{@BLOCK|cps25|00
{@A-CAP|0|+3.316666E-05{@LIM3|+3.054000E-05|+3.970200E-05|+2.137800E-05}}
}
{@BLOCK|cs6822|00
{@A-CAP|0|+1.036941E-05{@LIM3|+1.311000E-05|+1.966500E-05|+6.555000E-06}}
}
{@BLOCK|ct7209|00
{@A-CAP|0|+1.345419E-04{@LIM3|+1.500000E-04|+1.950000E-04|+1.048585E-04}}
}
{@BLOCK|cv1|00
{@A-CAP|0|+1.112838E-07{@LIM3|+1.000000E-07|+1.200000E-07|+8.000000E-08}}
}
{@BLOCK|cv4128|00
{@A-CAP|0|+3.838627E-05{@LIM3|+4.068000E-05|+6.102000E-05|+2.034000E-05}}
}
{@BLOCK|cw5203|00
{@A-CAP|0|+2.075592E-05{@LIM3|+2.022000E-05|+2.628600E-05|+1.011000E-05}}
}
{@BLOCK|pcb14|00
{@A-CAP|0|+4.767666E-06{@LIM3|+4.500000E-06|+5.400000E-06|+3.600000E-06}}
}
{@BLOCK|pc207|00
{@A-CAP|0|+1.214913E-07{@LIM3|+1.226800E-07|+1.840200E-07|+6.134000E-08}}
}
{@BLOCK|pc501|00
{@A-CAP|0|+1.081031E-07{@LIM3|+1.000000E-07|+1.300000E-07|+7.000000E-08}}
}
{@BLOCK|pc1805|00
{@A-CAP|0|+1.071208E-07{@LIM3|+1.000000E-07|+1.200000E-07|+8.000000E-08}}
}
{@BLOCK|pcb1|00
{@A-CAP|0|+1.028896E-07{@LIM3|+1.000000E-07|+1.200000E-07|+8.000000E-08}}
}
{@BLOCK|pcb30|00
{@A-CAP|0|+1.094263E-07{@LIM3|+1.000000E-07|+1.200000E-07|+8.000000E-08}}
}
{@BLOCK|pcz201|00
{@A-CAP|0|+2.014114E-03{@LIM3|+2.298000E-03|+2.987400E-03|+1.603832E-03}}
}
{@BLOCK|c8100|00
{@A-CAP|0|+9.024196E-08{@LIM3|+1.000000E-07|+1.200000E-07|+8.000000E-08}}
}
{@BLOCK|cc23|00
{@A-CAP|0|+2.719604E-06{@LIM3|+3.100000E-06|+4.805000E-06|+1.395000E-06}}
}
{@BLOCK|cl5110|00
{@A-CAP|0|+1.002182E-07{@LIM3|+1.000000E-07|+1.200000E-07|+8.000000E-08}}
}
{@BLOCK|cz3|00
{@A-CAP|0|+2.022780E-07{@LIM3|+2.000000E-07|+2.400000E-07|+1.600000E-07}}
}
{@BLOCK|pcz9|00
{@A-CAP|0|+1.131108E-07{@LIM3|+1.100000E-07|+1.430000E-07|+7.700000E-08}}
}
{@BLOCK|cc27|00
{@A-CAP|0|+6.926440E-05{@LIM3|+6.600000E-05|+1.122000E-04|+1.979089E-05}}
}
{@BLOCK|cc52|00
{@A-CAP|0|+2.171290E-04{@LIM3|+2.130010E-04|+3.195015E-04|+1.064711E-04}}
}
{@BLOCK|pcw5|00
{@A-CAP|0|+1.008963E-07{@LIM3|+1.000000E-07|+1.300000E-07|+7.000000E-08}}
}
{@BLOCK|pcz156|00
{@A-CAP|0|+8.741679E-08{@LIM3|+1.000000E-07|+1.300000E-07|+7.000000E-08}}
}
{@BLOCK|pcz158|00
{@A-CAP|0|+1.116461E-07{@LIM3|+1.000000E-07|+1.300000E-07|+7.000000E-08}}
}
{@BLOCK|pcz242|00
{@A-CAP|0|+1.121034E-07{@LIM3|+1.000000E-07|+1.300000E-07|+7.000000E-08}}
}
{@BLOCK|pcz258|00
{@A-CAP|0|+1.004168E-07{@LIM3|+1.000000E-07|+1.300000E-07|+7.000000E-08}}
}
{@BLOCK|pc1857|00
{@A-CAP|0|+4.981031E-05{@LIM3|+5.400000E-05|+7.020000E-05|+3.779255E-05}}
}
{@BLOCK|ct60|00
{@A-CAP|0|+9.881720E-06{@LIM3|+1.000000E-05|+1.300000E-05|+7.000000E-06}}
}
{@BLOCK|c78|00
{@A-CAP|0|+6.591214E-10{@LIM3|+6.700000E-10|+9.045000E-10|+4.355000E-10}}
}
{@BLOCK|c3801|00
{@A-CAP|0|+4.973780E-06{@LIM3|+4.700000E-06|+6.815000E-06|+3.290000E-06}}
}
{@BLOCK|pc506|00
{@A-CAP|0|+5.321561E-06{@LIM3|+4.700000E-06|+6.110000E-06|+3.290000E-06}}
}
{@BLOCK|pc526|00
{@A-CAP|0|+5.221953E-06{@LIM3|+4.700000E-06|+6.110000E-06|+3.290000E-06}}
}
{@BLOCK|pc535|00
{@A-CAP|0|+4.687304E-06{@LIM3|+4.700000E-06|+7.990000E-06|+1.410000E-06}}
}
{@BLOCK|ca5602|00
{@A-CAP|0|+1.207392E-09{@LIM3|+1.000000E-09|+1.350000E-09|+6.500000E-10}}
}
{@BLOCK|ca5603|00
{@A-CAP|0|+1.198054E-09{@LIM3|+1.000000E-09|+1.350000E-09|+6.500000E-10}}
}
{@BLOCK|ca5604|00
{@A-CAP|0|+1.200242E-09{@LIM3|+1.000000E-09|+1.350000E-09|+6.500000E-10}}
}
{@BLOCK|ca5605|00
{@A-CAP|0|+1.189137E-09{@LIM3|+1.000000E-09|+1.350000E-09|+6.500000E-10}}
}
{@BLOCK|cg620|00
{@A-CAP|0|+9.988683E-10{@LIM3|+1.000000E-09|+1.177000E-09|+8.000000E-10}}
}
{@BLOCK|cg621|00
{@A-CAP|0|+9.417608E-10{@LIM3|+1.000000E-09|+1.177000E-09|+8.000000E-10}}
}
{@BLOCK|pcb20|00
{@A-CAP|0|+5.049383E-05{@LIM3|+4.801200E-05|+7.201800E-05|+2.400600E-05}}
}
{@BLOCK|pc204|00
{@A-CAP|0|+2.282854E-08{@LIM3|+2.200000E-08|+2.640000E-08|+1.760000E-08}}
}
{@BLOCK|cg3720|00
{@A-CAP|0|+1.003782E-06{@LIM3|+1.000000E-06|+1.200000E-06|+8.000000E-07}}
}
{@BLOCK|ch35|00
{@A-CAP|0|+2.651319E-04{@LIM3|+2.704000E-04|+4.596800E-04|+8.103996E-05}}
}
{@BLOCK|cv15|00
{@A-CAP|0|+1.024264E-06{@LIM3|+1.000000E-06|+1.350000E-06|+6.500000E-07}}
}
{@BLOCK|pc520|00
{@A-CAP|0|+1.034765E-06{@LIM3|+1.000000E-06|+1.350000E-06|+6.500000E-07}}
}
{@BLOCK|cd17|00
{@A-CAP|0|+2.528378E-09{@LIM3|+2.200000E-09|+2.640000E-09|+1.760000E-09}}
}
{@BLOCK|ctp6304|00
{@A-CAP|0|+3.017142E-09{@LIM3|+2.700000E-09|+3.510000E-09|+1.890000E-09}}
}
{@BLOCK|pcv15|00
{@A-CAP|0|+2.109299E-09{@LIM3|+2.200000E-09|+2.640000E-09|+1.760000E-09}}
}
{@BLOCK|cg3714|00
{@A-CAP|0|+3.034286E-10{@LIM3|+5.200000E-10|+8.840000E-10|+1.560000E-10}}
}
{@BLOCK|cl5120|00
{@A-CAP|0|+1.015676E-08{@LIM3|+1.000000E-08|+1.200000E-08|+8.000000E-09}}
}
{@BLOCK|cv2|00
{@A-CAP|0|+9.992440E-09{@LIM3|+1.000000E-08|+1.200000E-08|+8.000000E-09}}
}
{@BLOCK|pcv10|00
{@A-CAP|0|+1.007021E-08{@LIM3|+1.000000E-08|+1.200000E-08|+8.000000E-09}}
}
{@BLOCK|ct242|00
{@A-CAP|0|+3.092320E-10{@LIM3|+3.200000E-10|+4.320000E-10|+2.080000E-10}}
}
{@BLOCK|ct243|00
{@A-CAP|0|+2.936040E-10{@LIM3|+3.200000E-10|+4.320000E-10|+2.080000E-10}}
}
{@BLOCK|cv4247|00
{@A-CAP|0|+3.493844E-10{@LIM3|+3.200000E-10|+4.320000E-10|+2.080000E-10}}
}
{@BLOCK|pcb15|00
{@A-CAP|0|+9.440246E-08{@LIM3|+9.400000E-08|+1.410000E-07|+4.700000E-08}}
}
{@BLOCK|pcv13|00
{@A-CAP|0|+5.076207E-08{@LIM3|+4.700000E-08|+5.640000E-08|+3.760000E-08}}
}
{@BLOCK|pcv14|00
{@A-CAP|0|+5.050313E-08{@LIM3|+4.700000E-08|+5.640000E-08|+3.760000E-08}}
}
{@BLOCK|pcv17|00
{@A-CAP|0|+5.052162E-08{@LIM3|+4.700000E-08|+5.640000E-08|+3.760000E-08}}
}
{@BLOCK|pcv7|00
{@A-CAP|0|+4.673941E-09{@LIM3|+4.700000E-09|+5.640000E-09|+3.760000E-09}}
}
{@BLOCK|pcv6|00
{@A-CAP|0|+3.651117E-10{@LIM3|+3.300000E-10|+3.899999E-10|+2.805000E-10}}
}
{@BLOCK|cth3|00
{@A-CAP|0|+2.109598E-09{@LIM3|+2.200000E-09|+2.640000E-09|+1.760000E-09}}
}
{@BLOCK|cth5|00
{@A-CAP|0|+2.126577E-09{@LIM3|+2.200000E-09|+2.640000E-09|+1.760000E-09}}
}
{@BLOCK|pcg12|00
{@A-CAP|0|+2.098223E-09{@LIM3|+2.200000E-09|+2.640000E-09|+1.760000E-09}}
}
{@BLOCK|pcg219|00
{@A-CAP|0|+1.107974E-03{@LIM3|+1.034000E-03|+1.344200E-03|+7.216544E-04}}
}
{@BLOCK|pcg208|00
{@A-CAP|0|+8.708228E-04{@LIM3|+8.800000E-04|+1.144000E-03|+6.141740E-04}}
}
{@BLOCK|pcb4|00
{@A-CAP|0|+4.948329E-08{@LIM3|+4.700000E-08|+6.110000E-08|+3.290000E-08}}
}
{@BLOCK|pcz19|00
{@A-CAP|0|+3.990322E-10{@LIM3|+3.900000E-10|+4.755001E-10|+3.120000E-10}}
}
{@BLOCK|ph102|00
{@A-RES|0|+1.060937E+03{@LIM3|+1.000000E+03|+1.550000E+03|+4.500000E+02}}
}
{@BLOCK|ph101|00
{@A-RES|0|+1.266507E+03{@LIM3|+1.000000E+03|+1.550000E+03|+4.500000E+02}}
}
{@BLOCK|prz39|00
{@A-RES|0|+2.070375E+04{@LIM3|+2.031900E+04|+2.336685E+04|+1.727115E+04}}
}
{@BLOCK|pr25|00
{@A-RES|0|+5.312247E+04{@LIM3|+7.000000E+04|+8.400000E+04|+4.900000E+04}}
}
{@BLOCK|pr1864|00
{@A-RES|0|+9.949978E+04{@LIM3|+1.000000E+05|+1.110000E+05|+8.900000E+04}}
}
{@BLOCK|prb22|00
{@A-RES|0|+9.962841E+04{@LIM3|+1.000000E+05|+1.110000E+05|+8.900000E+04}}
}
{@BLOCK|prb26|00
{@A-RES|0|+9.958587E+04{@LIM3|+1.000000E+05|+1.110000E+05|+8.900000E+04}}
}
{@BLOCK|prb31|00
{@A-RES|0|+9.983505E+04{@LIM3|+1.000000E+05|+1.110000E+05|+8.900000E+04}}
}
{@BLOCK|prb32|00
{@A-RES|0|+9.908475E+04{@LIM3|+1.000000E+05|+1.110000E+05|+8.900000E+04}}
}
{@BLOCK|prg8|00
{@A-RES|0|+9.978620E+04{@LIM3|+1.000000E+05|+1.110000E+05|+8.900000E+04}}
}
{@BLOCK|r376|00
{@A-RES|0|+9.872311E+04{@LIM3|+1.000000E+05|+1.110000E+05|+8.900000E+04}}
}
{@BLOCK|rg55|00
{@A-RES|0|+1.005368E+05{@LIM3|+1.000000E+05|+1.200000E+05|+8.000000E+04}}
}
{@BLOCK|rg62|00
{@A-RES|0|+1.006970E+05{@LIM3|+1.000000E+05|+1.200000E+05|+8.000000E+04}}
}
{@BLOCK|rts4|00
{@A-RES|0|+1.070760E+05{@LIM3|+1.000000E+05|+1.500000E+05|+5.000000E+04}}
}
{@BLOCK|rts5|00
{@A-RES|0|+1.054965E+05{@LIM3|+1.000000E+05|+1.500000E+05|+5.000000E+04}}
}
{@BLOCK|rts6|00
{@A-RES|0|+1.060128E+05{@LIM3|+1.000000E+05|+1.500000E+05|+5.000000E+04}}
}
{@BLOCK|prg20|00
{@A-RES|0|+1.346103E+03{@LIM3|+1.334000E+03|+1.414040E+03|+1.253960E+03}}
}
{@BLOCK|prz259|00
{@A-RES|0|+4.415069E+03{@LIM3|+4.344000E+03|+5.430000E+03|+3.258000E+03}}
}
{@BLOCK|prg22|00
{@A-RES|0|+4.940252E+03{@LIM3|+5.000000E+03|+5.300000E+03|+4.700000E+03}}
}
{@BLOCK|prv5|00
{@A-RES|0|+1.000562E+04{@LIM3|+1.000000E+04|+1.060000E+04|+9.400000E+03}}
}
{@BLOCK|prv34|00
{@A-RES|0|+9.987628E+03{@LIM3|+1.000000E+04|+1.060000E+04|+9.400000E+03}}
}
{@BLOCK|prw21|00
{@A-RES|0|+1.002666E+04{@LIM3|+1.000000E+04|+1.060000E+04|+9.400000E+03}}
}
{@BLOCK|prz41|00
{@A-RES|0|+9.975392E+03{@LIM3|+1.000000E+04|+1.060000E+04|+9.400000E+03}}
}
{@BLOCK|prz256|00
{@A-RES|0|+1.001433E+04{@LIM3|+1.000000E+04|+1.060000E+04|+9.400000E+03}}
}
{@BLOCK|rg56|00
{@A-RES|0|+1.003064E+04{@LIM3|+1.000000E+04|+1.060000E+04|+9.400000E+03}}
}
{@BLOCK|prz40|00
{@A-RES|0|+2.049044E+04{@LIM3|+2.031900E+04|+2.336685E+04|+1.727115E+04}}
}
{@BLOCK|prz54|00
{@A-RES|0|+4.634030E+03{@LIM3|+4.500000E+03|+5.175000E+03|+3.825000E+03}}
}
{@BLOCK|prv8|00
{@A-RES|0|+9.993826E+03{@LIM3|+1.000000E+04|+1.060000E+04|+9.400000E+03}}
}
{@BLOCK|rc829|00
{@A-RES|0|+1.000929E+04{@LIM3|+1.000000E+04|+1.060000E+04|+9.400000E+03}}
}
{@BLOCK|prv31|00
{@A-RES|0|+5.708636E+04{@LIM3|+5.593200E+04|+6.711840E+04|+4.474560E+04}}
}
{@BLOCK|prg18|00
{@A-JUM|0|+3.144086E+00{@LIM2|+1.500000E+01|+0.000000E+00}}
}
{@BLOCK|prz47|00
{@A-RES|0|+9.889568E+01{@LIM3|+1.000000E+02|+1.110000E+02|+9.400000E+01}}
}
{@BLOCK|rc278|00
{@A-RES|0|+5.678374E+01{@LIM3|+5.600000E+01|+6.436002E+01|+5.264000E+01}}
}
{@BLOCK|pr201|00
{@A-RES|0|+1.031889E+02{@LIM3|+1.000000E+02|+1.110000E+02|+9.400000E+01}}
}
{@BLOCK|pr202|00
{@A-RES|0|+1.065887E+02{@LIM3|+1.000000E+02|+1.110000E+02|+9.400000E+01}}
}
{@BLOCK|prg31|00
{@A-JUM|0|+3.799437E+00{@LIM2|+1.500000E+01|+0.000000E+00}}
}
{@BLOCK|prv12|00
{@A-JUM|0|+4.244597E+00{@LIM2|+1.500000E+01|+0.000000E+00}}
}
{@BLOCK|prv15|00
{@A-JUM|0|+3.488433E+00{@LIM2|+1.500000E+01|+0.000000E+00}}
}
{@BLOCK|prw23|00
{@A-JUM|0|+3.471642E+00{@LIM2|+1.500000E+01|+0.000000E+00}}
}
{@BLOCK|pr203|00
{@A-RES|0|+1.986851E+05{@LIM3|+2.000000E+05|+2.220000E+05|+1.780000E+05}}
}
{@BLOCK|rz40|00
{@A-RES|0|+2.007819E+05{@LIM3|+2.000000E+05|+2.220000E+05|+1.780000E+05}}
}
{@BLOCK|pr204|00
{@A-RES|0|+1.007792E+04{@LIM3|+1.000000E+04|+1.100000E+04|+9.000000E+03}}
}
{@BLOCK|r3814|00
{@A-RES|0|+9.999360E+03{@LIM3|+1.000000E+04|+1.100000E+04|+9.000000E+03}}
}
{@BLOCK|r5804|00
{@A-RES|0|+1.007304E+04{@LIM3|+1.000000E+04|+1.100000E+04|+9.000000E+03}}
}
{@BLOCK|r5812|00
{@A-RES|0|+1.010402E+04{@LIM3|+1.000000E+04|+1.100000E+04|+9.000000E+03}}
}
{@BLOCK|r10203|00
{@A-RES|0|+1.025282E+04{@LIM3|+1.000000E+04|+1.100000E+04|+9.000000E+03}}
}
{@BLOCK|ra5608|00
{@A-RES|0|+1.012861E+04{@LIM3|+1.000000E+04|+1.100000E+04|+9.000000E+03}}
}
{@BLOCK|rbl6406|00
{@A-RES|0|+1.015702E+04{@LIM3|+1.000000E+04|+1.100000E+04|+9.000000E+03}}
}
{@BLOCK|rbl6411|00
{@A-RES|0|+1.018868E+04{@LIM3|+1.000000E+04|+1.100000E+04|+9.000000E+03}}
}
{@BLOCK|r5802|00
{@A-RES|0|+1.013993E+04{@LIM3|+1.000000E+04|+1.100000E+04|+9.000000E+03}}
}
{@BLOCK|r5814|00
{@A-RES|0|+1.014213E+04{@LIM3|+1.000000E+04|+1.100000E+04|+9.000000E+03}}
}
{@BLOCK|rc60|00
{@A-RES|0|+1.014334E+04{@LIM3|+1.000000E+04|+1.100000E+04|+9.000000E+03}}
}
{@BLOCK|rc62|00
{@A-RES|0|+1.031045E+04{@LIM3|+1.000000E+04|+1.100000E+04|+9.000000E+03}}
}
{@BLOCK|rc364|00
{@A-RES|0|+1.017770E+04{@LIM3|+1.000000E+04|+1.100000E+04|+9.000000E+03}}
}
{@BLOCK|rc365|00
{@A-RES|0|+1.031264E+04{@LIM3|+1.000000E+04|+1.100000E+04|+9.000000E+03}}
}
{@BLOCK|rc1165|00
{@A-RES|0|+9.889979E+04{@LIM3|+1.000000E+05|+1.100000E+05|+9.000000E+04}}
}
{@BLOCK|rc1168|00
{@A-RES|0|+8.573036E+04{@LIM3|+1.000000E+05|+1.350000E+05|+6.500000E+04}}
}
{@BLOCK|rbl6424|00
{@A-RES|0|+1.008932E+04{@LIM3|+1.000000E+04|+1.100000E+04|+9.000000E+03}}
}
{@BLOCK|rg1|00
{@A-RES|0|+9.924641E+03{@LIM3|+1.000000E+04|+1.100000E+04|+9.000000E+03}}
}
{@BLOCK|rg5|00
{@A-RES|0|+9.979172E+03{@LIM3|+1.000000E+04|+1.100000E+04|+9.000000E+03}}
}
{@BLOCK|rg17|00
{@A-RES|0|+6.668485E+03{@LIM3|+6.000000E+03|+8.100000E+03|+3.900000E+03}}
}
{@BLOCK|rg21|00
{@A-RES|0|+9.980485E+03{@LIM3|+1.000000E+04|+1.100000E+04|+9.000000E+03}}
}
{@BLOCK|rg29|00
{@A-RES|0|+1.007528E+04{@LIM3|+1.000000E+04|+1.100000E+04|+9.000000E+03}}
}
{@BLOCK|rg31|00
{@A-RES|0|+1.002600E+04{@LIM3|+1.000000E+04|+1.100000E+04|+9.000000E+03}}
}
{@BLOCK|rg32|00
{@A-RES|0|+1.004858E+04{@LIM3|+1.000000E+04|+1.100000E+04|+9.000000E+03}}
}
{@BLOCK|rg35|00
{@A-RES|0|+1.007327E+04{@LIM3|+1.000000E+04|+1.100000E+04|+9.000000E+03}}
}
{@BLOCK|rg70|00
{@A-RES|0|+1.018418E+04{@LIM3|+8.000000E+03|+1.360000E+04|+2.400000E+03}}
}
{@BLOCK|rg140|00
{@A-RES|0|+9.995611E+03{@LIM3|+1.000000E+04|+1.100000E+04|+9.000000E+03}}
}
{@BLOCK|rg142|00
{@A-RES|0|+9.974579E+03{@LIM3|+1.000000E+04|+1.100000E+04|+9.000000E+03}}
}
{@BLOCK|rg195|00
{@A-RES|0|+1.002203E+04{@LIM3|+1.000000E+04|+1.100000E+04|+9.000000E+03}}
}
{@BLOCK|rg196|00
{@A-RES|0|+1.012807E+04{@LIM3|+1.000000E+04|+1.100000E+04|+9.000000E+03}}
}
{@BLOCK|rg285|00
{@A-RES|0|+1.006525E+04{@LIM3|+1.000000E+04|+1.100000E+04|+9.000000E+03}}
}
{@BLOCK|rg287|00
{@A-RES|0|+1.004791E+04{@LIM3|+1.000000E+04|+1.100000E+04|+9.000000E+03}}
}
{@BLOCK|rc1211|00
{@A-RES|0|+1.005152E+04{@LIM3|+1.000000E+04|+1.100000E+04|+9.000000E+03}}
}
{@BLOCK|rc1212|00
{@A-RES|0|+1.004312E+04{@LIM3|+1.000000E+04|+1.100000E+04|+9.000000E+03}}
}
{@BLOCK|rh49|00
{@A-RES|0|+9.953420E+03{@LIM3|+1.000000E+04|+1.100000E+04|+9.000000E+03}}
}
{@BLOCK|rh50|00
{@A-RES|0|+9.859596E+03{@LIM3|+1.000000E+04|+1.100000E+04|+9.000000E+03}}
}
{@BLOCK|rh81|00
{@A-RES|0|+9.933880E+03{@LIM3|+1.000000E+04|+1.100000E+04|+9.000000E+03}}
}
{@BLOCK|rh110|00
{@A-RES|0|+9.718109E+03{@LIM3|+1.000000E+04|+1.100000E+04|+9.000000E+03}}
}
{@BLOCK|rh116|00
{@A-RES|0|+9.876239E+03{@LIM3|+1.000000E+04|+1.100000E+04|+9.000000E+03}}
}
{@BLOCK|rh168|00
{@A-RES|0|+9.887714E+03{@LIM3|+1.000000E+04|+1.100000E+04|+9.000000E+03}}
}
{@BLOCK|rg1746|00
{@A-RES|0|+1.003462E+04{@LIM3|+1.000000E+04|+1.100000E+04|+9.000000E+03}}
}
{@BLOCK|rh39|00
{@A-RES|0|+9.984433E+03{@LIM3|+1.000000E+04|+1.100000E+04|+9.000000E+03}}
}
{@BLOCK|rh4005|00
{@A-RES|0|+1.015418E+04{@LIM3|+1.000000E+04|+1.100000E+04|+9.000000E+03}}
}
{@BLOCK|rh4006|00
{@A-RES|0|+1.007413E+04{@LIM3|+1.000000E+04|+1.100000E+04|+9.000000E+03}}
}
{@BLOCK|rps19|00
{@A-RES|0|+1.011019E+04{@LIM3|+1.000000E+04|+1.100000E+04|+9.000000E+03}}
}
{@BLOCK|rps29|00
{@A-RES|0|+9.879093E+03{@LIM3|+1.000000E+04|+1.100000E+04|+9.000000E+03}}
}
{@BLOCK|rt4316|00
{@A-RES|0|+1.037955E+04{@LIM3|+1.000000E+04|+1.100000E+04|+9.000000E+03}}
}
{@BLOCK|rt4323|00
{@A-RES|0|+1.002666E+04{@LIM3|+1.000000E+04|+1.100000E+04|+9.000000E+03}}
}
{@BLOCK|rh170|00
{@A-RES|0|+9.859596E+03{@LIM3|+1.000000E+04|+1.100000E+04|+9.000000E+03}}
}
{@BLOCK|rn70|00
{@A-RES|0|+1.002521E+04{@LIM3|+1.000000E+04|+1.100000E+04|+9.000000E+03}}
}
{@BLOCK|rn77|00
{@A-RES|0|+9.987934E+03{@LIM3|+1.000000E+04|+1.100000E+04|+9.000000E+03}}
}
{@BLOCK|rn1118|00
{@A-RES|0|+1.000020E+04{@LIM3|+1.000000E+04|+1.100000E+04|+9.000000E+03}}
}
{@BLOCK|rn1119|00
{@A-RES|0|+9.966136E+03{@LIM3|+1.000000E+04|+1.100000E+04|+9.000000E+03}}
}
{@BLOCK|pr210|00
{@A-RES|0|+1.000085E+03{@LIM3|+1.000000E+03|+1.100000E+03|+9.000000E+02}}
}
{@BLOCK|r5834|00
{@A-RES|0|+1.016129E+03{@LIM3|+1.000000E+03|+1.100000E+03|+9.000000E+02}}
}
{@BLOCK|r5835|00
{@A-RES|0|+1.010338E+03{@LIM3|+1.000000E+03|+1.100000E+03|+9.000000E+02}}
}
{@BLOCK|rc32|00
{@A-RES|0|+1.006266E+03{@LIM3|+1.000000E+03|+1.100000E+03|+9.000000E+02}}
}
{@BLOCK|rc92|00
{@A-RES|0|+9.275181E+02{@LIM3|+8.780000E+02|+1.317000E+03|+4.390000E+02}}
}
{@BLOCK|rc878|00
{@A-RES|0|+9.218268E+02{@LIM3|+8.920000E+02|+1.248800E+03|+5.352000E+02}}
}
{@BLOCK|rc880|00
{@A-RES|0|+9.341247E+02{@LIM3|+8.930000E+02|+1.250200E+03|+5.358000E+02}}
}
{@BLOCK|rc890|00
{@A-RES|0|+9.421151E+02{@LIM3|+8.930000E+02|+1.339500E+03|+4.465000E+02}}
}
{@BLOCK|rc891|00
{@A-RES|0|+9.356184E+02{@LIM3|+8.960000E+02|+1.344000E+03|+4.480000E+02}}
}
{@BLOCK|rc892|00
{@A-RES|0|+1.021568E+03{@LIM3|+1.000000E+03|+1.100000E+03|+9.000000E+02}}
}
{@BLOCK|rl5101|00
{@A-RES|0|+1.008458E+03{@LIM3|+1.000000E+03|+1.100000E+03|+9.000000E+02}}
}
{@BLOCK|rv25|00
{@A-RES|0|+1.010348E+04{@LIM3|+1.000000E+04|+1.100000E+04|+9.000000E+03}}
}
{@BLOCK|rw5217|00
{@A-RES|0|+9.990292E+03{@LIM3|+1.000000E+04|+1.100000E+04|+9.000000E+03}}
}
{@BLOCK|r10234|00
{@A-RES|0|+1.010499E+03{@LIM3|+1.000000E+03|+1.100000E+03|+9.000000E+02}}
}
{@BLOCK|pr211|00
{@A-RES|0|+7.553842E+02{@LIM3|+7.500000E+02|+7.950000E+02|+7.050000E+02}}
}
{@BLOCK|pr213|00
{@A-RES|0|+4.714095E+05{@LIM3|+4.700000E+05|+5.217000E+05|+4.183000E+05}}
}
{@BLOCK|pr215|00
{@A-RES|0|+4.679269E+05{@LIM3|+4.700000E+05|+5.217000E+05|+4.183000E+05}}
}
{@BLOCK|prv24|00
{@A-RES|0|+1.001037E+03{@LIM3|+1.000000E+03|+1.060000E+03|+9.400000E+02}}
}
{@BLOCK|prv25|00
{@A-RES|0|+1.001771E+03{@LIM3|+1.000000E+03|+1.060000E+03|+9.400000E+02}}
}
{@BLOCK|prw1|00
{@A-RES|0|+1.002230E+03{@LIM3|+1.000000E+03|+1.060000E+03|+9.400000E+02}}
}
{@BLOCK|rtp6301|00
{@A-RES|0|+1.003679E+03{@LIM3|+1.000000E+03|+1.060000E+03|+9.400000E+02}}
}
{@BLOCK|rtp6318|00
{@A-RES|0|+1.001534E+03{@LIM3|+1.000000E+03|+1.060000E+03|+9.400000E+02}}
}
{@BLOCK|rtp6340|00
{@A-RES|0|+1.000838E+03{@LIM3|+1.000000E+03|+1.060000E+03|+9.400000E+02}}
}
{@BLOCK|pr308|00
{@A-RES|0|+9.836681E+04{@LIM3|+1.000000E+05|+1.150000E+05|+8.500000E+04}}
}
{@BLOCK|pr507|00
{@A-RES|0|+1.002841E+05{@LIM3|+1.000000E+05|+1.150000E+05|+8.500000E+04}}
}
{@BLOCK|pr1011|00
{@A-RES|0|+9.980877E+04{@LIM3|+1.000000E+05|+1.150000E+05|+8.500000E+04}}
}
{@BLOCK|pr1101|00
{@A-RES|0|+1.012763E+05{@LIM3|+1.000000E+05|+1.150000E+05|+8.500000E+04}}
}
{@BLOCK|pr1805|00
{@A-RES|0|+1.007964E+05{@LIM3|+1.000000E+05|+1.150000E+05|+8.500000E+04}}
}
{@BLOCK|pr1885|00
{@A-RES|0|+9.931841E+04{@LIM3|+1.000000E+05|+1.150000E+05|+8.500000E+04}}
}
{@BLOCK|prb29|00
{@A-RES|0|+1.005835E+05{@LIM3|+1.000000E+05|+1.150000E+05|+8.500000E+04}}
}
{@BLOCK|prb30|00
{@A-RES|0|+1.002310E+05{@LIM3|+1.000000E+05|+1.150000E+05|+8.500000E+04}}
}
{@BLOCK|r3806|00
{@A-RES|0|+9.942579E+04{@LIM3|+1.000000E+05|+1.150000E+05|+8.500000E+04}}
}
{@BLOCK|r5823|00
{@A-RES|0|+1.028455E+05{@LIM3|+1.000000E+05|+1.150000E+05|+8.500000E+04}}
}
{@BLOCK|r5824|00
{@A-RES|0|+1.007747E+05{@LIM3|+1.000000E+05|+1.150000E+05|+8.500000E+04}}
}
{@BLOCK|r5825|00
{@A-RES|0|+1.000536E+05{@LIM3|+1.000000E+05|+1.150000E+05|+8.500000E+04}}
}
{@BLOCK|r5839|00
{@A-RES|0|+9.842864E+04{@LIM3|+1.000000E+05|+1.150000E+05|+8.500000E+04}}
}
{@BLOCK|r10153|00
{@A-RES|0|+9.730538E+04{@LIM3|+1.000000E+05|+1.150000E+05|+8.500000E+04}}
}
{@BLOCK|r10202|00
{@A-RES|0|+1.002780E+05{@LIM3|+1.000000E+05|+1.150000E+05|+8.500000E+04}}
}
{@BLOCK|r10249|00
{@A-RES|0|+1.010809E+05{@LIM3|+1.000000E+05|+1.150000E+05|+8.500000E+04}}
}
{@BLOCK|r10250|00
{@A-RES|0|+1.013105E+05{@LIM3|+1.000000E+05|+1.150000E+05|+8.500000E+04}}
}
{@BLOCK|r10251|00
{@A-RES|0|+1.010140E+05{@LIM3|+1.000000E+05|+1.150000E+05|+8.500000E+04}}
}
{@BLOCK|r10252|00
{@A-RES|0|+1.018273E+05{@LIM3|+1.000000E+05|+1.150000E+05|+8.500000E+04}}
}
{@BLOCK|r10253|00
{@A-RES|0|+1.001859E+05{@LIM3|+1.000000E+05|+1.150000E+05|+8.500000E+04}}
}
{@BLOCK|rc18|00
{@A-RES|0|+8.927902E+02{@LIM3|+1.000000E+03|+1.300000E+03|+7.000000E+02}}
}
{@BLOCK|rc20|00
{@A-RES|0|+1.009739E+03{@LIM3|+1.000000E+03|+1.060000E+03|+9.400000E+02}}
}
{@BLOCK|r3803|00
{@A-RES|0|+1.010795E+05{@LIM3|+1.000000E+05|+1.150000E+05|+8.500000E+04}}
}
{@BLOCK|r10178|00
{@A-RES|0|+1.000074E+05{@LIM3|+1.000000E+05|+1.150000E+05|+8.500000E+04}}
}
{@BLOCK|rc307|00
{@A-RES|0|+9.308012E+04{@LIM3|+1.000000E+05|+1.150000E+05|+7.500000E+04}}
}
{@BLOCK|rc313|00
{@A-RES|0|+1.014326E+05{@LIM3|+1.000000E+05|+1.150000E+05|+8.500000E+04}}
}
{@BLOCK|rc314|00
{@A-RES|0|+1.008517E+05{@LIM3|+1.000000E+05|+1.150000E+05|+8.500000E+04}}
}
{@BLOCK|rc894|00
{@A-RES|0|+1.006123E+05{@LIM3|+1.000000E+05|+1.150000E+05|+8.500000E+04}}
}
{@BLOCK|r10257|00
{@A-RES|0|+1.010970E+05{@LIM3|+1.000000E+05|+1.150000E+05|+8.500000E+04}}
}
{@BLOCK|r10258|00
{@A-RES|0|+1.007459E+05{@LIM3|+1.000000E+05|+1.150000E+05|+8.500000E+04}}
}
{@BLOCK|rbl80|00
{@A-RES|0|+1.003450E+05{@LIM3|+1.000000E+05|+1.150000E+05|+8.500000E+04}}
}
{@BLOCK|rbl6436|00
{@A-RES|0|+1.007530E+05{@LIM3|+1.000000E+05|+1.150000E+05|+8.500000E+04}}
}
{@BLOCK|rbl6438|00
{@A-RES|0|+1.016062E+05{@LIM3|+1.000000E+05|+1.150000E+05|+8.500000E+04}}
}
{@BLOCK|rc893|00
{@A-RES|0|+1.001707E+05{@LIM3|+1.000000E+05|+1.150000E+05|+8.500000E+04}}
}
{@BLOCK|rc1139|00
{@A-RES|0|+9.772444E+04{@LIM3|+1.000000E+05|+1.200000E+05|+8.000000E+04}}
}
{@BLOCK|rc1151|00
{@A-RES|0|+1.009115E+05{@LIM3|+1.000000E+05|+1.150000E+05|+8.500000E+04}}
}
{@BLOCK|rg38|00
{@A-RES|0|+1.013093E+05{@LIM3|+1.000000E+05|+1.150000E+05|+8.500000E+04}}
}
{@BLOCK|rg1748|00
{@A-RES|0|+9.998648E+04{@LIM3|+1.000000E+05|+1.150000E+05|+8.500000E+04}}
}
{@BLOCK|rh41|00
{@A-RES|0|+9.974649E+04{@LIM3|+1.000000E+05|+1.150000E+05|+8.500000E+04}}
}
{@BLOCK|rh42|00
{@A-RES|0|+8.918609E+04{@LIM3|+9.090900E+04|+1.045454E+05|+7.727265E+04}}
}
{@BLOCK|rh43|00
{@A-RES|0|+9.835202E+04{@LIM3|+1.000000E+05|+1.150000E+05|+8.500000E+04}}
}
{@BLOCK|rh44|00
{@A-RES|0|+9.840948E+04{@LIM3|+1.000000E+05|+1.150000E+05|+8.500000E+04}}
}
{@BLOCK|rh53|00
{@A-RES|0|+1.023747E+05{@LIM3|+1.000000E+05|+1.150000E+05|+8.500000E+04}}
}
{@BLOCK|rh92|00
{@A-RES|0|+8.198298E+04{@LIM3|+1.000000E+05|+1.350000E+05|+6.500000E+04}}
}
{@BLOCK|rh133|00
{@A-RES|0|+1.004435E+05{@LIM3|+1.000000E+05|+1.150000E+05|+8.500000E+04}}
}
{@BLOCK|rh135|00
{@A-RES|0|+1.007238E+05{@LIM3|+1.000000E+05|+1.150000E+05|+8.500000E+04}}
}
{@BLOCK|rh158|00
{@A-RES|0|+9.988109E+04{@LIM3|+1.000000E+05|+1.150000E+05|+8.500000E+04}}
}
{@BLOCK|rh167|00
{@A-RES|0|+1.001921E+05{@LIM3|+1.000000E+05|+1.150000E+05|+8.500000E+04}}
}
{@BLOCK|rh180|00
{@A-RES|0|+1.005501E+05{@LIM3|+1.000000E+05|+1.150000E+05|+8.500000E+04}}
}
{@BLOCK|rt3|00
{@A-RES|0|+1.020649E+05{@LIM3|+1.000000E+05|+1.150000E+05|+8.500000E+04}}
}
{@BLOCK|rv2|00
{@A-RES|0|+1.016282E+05{@LIM3|+1.000000E+05|+1.150000E+05|+8.500000E+04}}
}
{@BLOCK|rv750|00
{@A-RES|0|+9.387148E+04{@LIM3|+1.000000E+05|+1.150000E+05|+8.500000E+04}}
}
{@BLOCK|rc1157|00
{@A-RES|0|+8.132734E+04{@LIM3|+1.000000E+05|+1.350000E+05|+6.500000E+04}}
}
{@BLOCK|rg26|00
{@A-RES|0|+1.005456E+05{@LIM3|+1.000000E+05|+1.150000E+05|+8.500000E+04}}
}
{@BLOCK|qg6%qf2|00
{@A-NFE|0|+6.103485E+01{@LIM2|+2.000000E+02|+2.000000E+01}}
}
{@BLOCK|rh56|00
{@A-RES|0|+1.012650E+05{@LIM3|+1.000000E+05|+1.150000E+05|+8.500000E+04}}
}
{@BLOCK|rh186|00
{@A-RES|0|+9.939912E+04{@LIM3|+1.000000E+05|+1.150000E+05|+8.500000E+04}}
}
{@BLOCK|rh187|00
{@A-RES|0|+9.987864E+04{@LIM3|+1.000000E+05|+1.150000E+05|+8.500000E+04}}
}
{@BLOCK|rv3710|00
{@A-RES|0|+6.010537E+04{@LIM3|+6.000000E+04|+6.900000E+04|+5.100000E+04}}
}
{@BLOCK|rw5202|00
{@A-RES|0|+1.017166E+05{@LIM3|+1.000000E+05|+1.150000E+05|+8.500000E+04}}
}
{@BLOCK|rv751|00
{@A-RES|0|+1.020457E+05{@LIM3|+1.000000E+05|+1.150000E+05|+8.500000E+04}}
}
{@BLOCK|rv3703|00
{@A-RES|0|+1.093355E+05{@LIM3|+1.000000E+05|+1.150000E+05|+8.500000E+04}}
}
{@BLOCK|rw5211|00
{@A-RES|0|+1.006446E+05{@LIM3|+1.000000E+05|+1.150000E+05|+8.500000E+04}}
}
{@BLOCK|pr506|00
{@A-RES|0|+1.440337E+05{@LIM3|+1.500000E+05|+1.665000E+05|+1.335000E+05}}
}
{@BLOCK|r5806|00
{@A-RES|0|+2.218802E+03{@LIM3|+2.200000E+03|+2.420000E+03|+1.980000E+03}}
}
{@BLOCK|r5807|00
{@A-RES|0|+2.196012E+03{@LIM3|+2.200000E+03|+2.420000E+03|+1.980000E+03}}
}
{@BLOCK|r5832|00
{@A-RES|0|+2.203349E+03{@LIM3|+2.200000E+03|+2.420000E+03|+1.980000E+03}}
}
{@BLOCK|r5833|00
{@A-RES|0|+2.221855E+03{@LIM3|+2.200000E+03|+2.420000E+03|+1.980000E+03}}
}
{@BLOCK|rbl6431|00
{@A-RES|0|+2.196630E+03{@LIM3|+2.200000E+03|+2.420000E+03|+1.980000E+03}}
}
{@BLOCK|rbl6432|00
{@A-RES|0|+2.203349E+03{@LIM3|+2.200000E+03|+2.420000E+03|+1.980000E+03}}
}
{@BLOCK|rg12|00
{@A-RES|0|+2.260580E+03{@LIM3|+2.200000E+03|+2.420000E+03|+1.980000E+03}}
}
{@BLOCK|rg41|00
{@A-RES|0|+2.203623E+03{@LIM3|+2.200000E+03|+2.420000E+03|+1.980000E+03}}
}
{@BLOCK|rg43|00
{@A-RES|0|+2.200171E+03{@LIM3|+2.200000E+03|+2.420000E+03|+1.980000E+03}}
}
{@BLOCK|rg1737|00
{@A-RES|0|+2.208197E+03{@LIM3|+2.200000E+03|+2.420000E+03|+1.980000E+03}}
}
{@BLOCK|pr1001|00
{@A-RES|0|+1.007591E+06{@LIM3|+1.000000E+06|+1.210000E+06|+7.900000E+05}}
}
{@BLOCK|pr1806|00
{@A-RES|0|+1.430623E+05{@LIM3|+1.500000E+05|+1.950000E+05|+1.050000E+05}}
}
{@BLOCK|pr509|00
{@A-RES|0|+2.182700E+03{@LIM3|+2.200000E+03|+2.420000E+03|+1.980000E+03}}
}
{@BLOCK|rg23|00
{@A-RES|0|+2.199345E+03{@LIM3|+2.200000E+03|+2.420000E+03|+1.980000E+03}}
}
{@BLOCK|rg39|00
{@A-RES|0|+2.258314E+03{@LIM3|+2.200000E+03|+2.420000E+03|+1.980000E+03}}
}
{@BLOCK|rg1739|00
{@A-RES|0|+2.206438E+03{@LIM3|+2.200000E+03|+2.420000E+03|+1.980000E+03}}
}
{@BLOCK|rg1740|00
{@A-RES|0|+2.281763E+03{@LIM3|+2.200000E+03|+2.420000E+03|+1.980000E+03}}
}
{@BLOCK|rh2|00
{@A-RES|0|+2.208474E+03{@LIM3|+2.200000E+03|+2.420000E+03|+1.980000E+03}}
}
{@BLOCK|rh6|00
{@A-RES|0|+2.353706E+03{@LIM3|+2.200000E+03|+2.420000E+03|+1.980000E+03}}
}
{@BLOCK|pr1802|00
{@A-RES|0|+3.284380E+03{@LIM3|+3.300000E+03|+3.498000E+03|+3.102000E+03}}
}
{@BLOCK|prb2|00
{@A-RES|0|+1.005192E+06{@LIM3|+1.000000E+06|+1.210000E+06|+7.900000E+05}}
}
{@BLOCK|rh34|00
{@A-RES|0|+1.994618E+04{@LIM3|+2.000000E+04|+2.120000E+04|+1.880000E+04}}
}
{@BLOCK|rh65|00
{@A-RES|0|+1.995671E+04{@LIM3|+2.000000E+04|+2.120000E+04|+1.880000E+04}}
}
{@BLOCK|rt4309|00
{@A-RES|0|+2.001437E+04{@LIM3|+2.000000E+04|+2.120000E+04|+1.880000E+04}}
}
{@BLOCK|prdg3|00
{@A-RES|0|+9.945274E+05{@LIM3|+1.000000E+06|+1.250000E+06|+7.500000E+05}}
}
{@BLOCK|pre10|00
{@A-RES|0|+9.872996E+05{@LIM3|+1.000000E+06|+1.250000E+06|+7.500000E+05}}
}
{@BLOCK|rc864|00
{@A-RES|0|+9.771109E+05{@LIM3|+1.000000E+06|+1.250000E+06|+7.500000E+05}}
}
{@BLOCK|pr1863|00
{@A-RES|0|+7.549437E+04{@LIM3|+7.500000E+04|+7.950000E+04|+7.050000E+04}}
}
{@BLOCK|prb34|00
{@A-RES|0|+7.453595E+04{@LIM3|+7.500000E+04|+7.950000E+04|+7.050000E+04}}
}
{@BLOCK|rw5212|00
{@A-RES|0|+7.379861E+04{@LIM3|+7.500000E+04|+8.625000E+04|+6.375000E+04}}
}
{@BLOCK|rg137|00
{@A-JUM|0|+6.777678E+00{@LIM2|+1.500000E+01|+0.000000E+00}}
}
{@BLOCK|prb3|00
{@A-RES|0|+2.998268E+06{@LIM3|+3.000000E+06|+3.750000E+06|+2.250000E+06}}
}
{@BLOCK|prb6|00
{@A-RES|0|+4.023526E+03{@LIM3|+4.020000E+03|+4.261200E+03|+3.778800E+03}}
}
{@BLOCK|prv155|00
{@A-JUM|0|+5.563065E+00{@LIM2|+1.500000E+01|+0.000000E+00}}
}
{@BLOCK|prv156|00
{@A-JUM|0|+5.733247E+00{@LIM2|+1.500000E+01|+0.000000E+00}}
}
{@BLOCK|prv169|00
{@A-JUM|0|+6.425798E+00{@LIM2|+1.500000E+01|+0.000000E+00}}
}
{@BLOCK|prv170|00
{@A-JUM|0|+6.065318E+00{@LIM2|+1.500000E+01|+0.000000E+00}}
}
{@BLOCK|prw4|00
{@A-RES|0|+3.149473E+04{@LIM3|+3.160000E+04|+3.349600E+04|+2.970400E+04}}
}
{@BLOCK|rg193|00
{@A-RES|0|+3.174136E+04{@LIM3|+3.160000E+04|+3.349600E+04|+2.970400E+04}}
}
{@BLOCK|prb20|00
{@A-RES|0|+3.122487E+05{@LIM3|+3.160000E+05|+3.507600E+05|+2.812400E+05}}
}
{@BLOCK|prb27|00
{@A-RES|0|+1.199136E+05{@LIM3|+1.200000E+05|+1.332000E+05|+1.068000E+05}}
}
{@BLOCK|prb33|00
{@A-RES|0|+5.088973E+05{@LIM3|+5.110000E+05|+5.672100E+05|+4.547900E+05}}
}
{@BLOCK|prv26|00
{@A-RES|0|+6.013272E+04{@LIM3|+6.040000E+04|+6.402400E+04|+5.677600E+04}}
}
{@BLOCK|prv20|00
{@A-RES|0|+2.760055E+02{@LIM3|+2.740000E+02|+2.954400E+02|+2.575600E+02}}
}
{@BLOCK|pr1883|00
{@A-JUM|0|+8.555687E+00{@LIM2|+1.500000E+01|+0.000000E+00}}
}
{@BLOCK|rc895|00
{@A-JUM|0|+3.703498E+00{@LIM2|+1.500000E+01|+0.000000E+00}}
}
{@BLOCK|prg10|00
{@A-RES|0|+6.033636E+03{@LIM3|+6.040000E+03|+6.402400E+03|+5.677600E+03}}
}
{@BLOCK|prg15|00
{@A-RES|0|+6.027808E+03{@LIM3|+6.040000E+03|+6.402400E+03|+5.677600E+03}}
}
{@BLOCK|prz53|00
{@A-RES|0|+2.801062E+03{@LIM3|+2.800000E+03|+2.968000E+03|+2.632000E+03}}
}
{@BLOCK|rc1967|00
{@A-RES|0|+5.184016E+01{@LIM3|+4.990000E+01|+5.789398E+01|+4.690600E+01}}
}
{@BLOCK|rc1968|00
{@A-RES|0|+5.095850E+01{@LIM3|+4.990000E+01|+5.789398E+01|+4.690600E+01}}
}
{@BLOCK|rg174|00
{@A-RES|0|+5.014094E+01{@LIM3|+4.990000E+01|+5.789398E+01|+4.690600E+01}}
}
{@BLOCK|prv21|00
{@A-RES|0|+1.369805E+04{@LIM3|+1.370000E+04|+1.452200E+04|+1.287800E+04}}
}
{@BLOCK|prv22|00
{@A-RES|0|+5.059651E+01{@LIM3|+4.990000E+01|+5.789398E+01|+4.690600E+01}}
}
{@BLOCK|rc1931|00
{@A-RES|0|+5.378448E+01{@LIM3|+4.990000E+01|+5.789398E+01|+4.690600E+01}}
}
{@BLOCK|rc1962|00
{@A-RES|0|+5.254851E+01{@LIM3|+4.990000E+01|+5.789398E+01|+4.690600E+01}}
}
{@BLOCK|rc1963|00
{@A-RES|0|+5.205084E+01{@LIM3|+4.990000E+01|+5.789398E+01|+4.690600E+01}}
}
{@BLOCK|prz31|00
{@A-RES|0|+5.906260E+04{@LIM3|+5.900000E+04|+6.254000E+04|+4.366000E+04}}
}
{@BLOCK|prv30|00
{@A-RES|0|+1.366548E+04{@LIM3|+1.770000E+04|+2.743500E+04|+7.965000E+03}}
}
{@BLOCK|r374|00
{@A-RES|0|+4.721150E+03{@LIM3|+4.700000E+03|+4.982000E+03|+4.418000E+03}}
}
{@BLOCK|rg176|00
{@A-RES|0|+5.097789E+01{@LIM3|+4.990000E+01|+5.789398E+01|+4.690600E+01}}
}
{@BLOCK|rc398|00
{@A-RES|0|+4.883272E+02{@LIM3|+4.990000E+02|+5.289400E+02|+4.690600E+02}}
}
{@BLOCK|prv43|00
{@A-RES|0|+6.417165E+04{@LIM3|+6.750000E+04|+1.012500E+05|+3.375000E+04}}
}
{@BLOCK|prv47|00
{@A-RES|0|+5.847652E+04{@LIM3|+7.500000E+04|+9.375000E+04|+5.625000E+04}}
}
{@BLOCK|prv95|00
{@A-RES|0|+4.716452E+03{@LIM3|+4.700000E+03|+4.982000E+03|+4.418000E+03}}
}
{@BLOCK|prv215|00
{@A-RES|0|+2.971786E+05{@LIM3|+3.010000E+05|+3.341100E+05|+2.678900E+05}}
}
{@BLOCK|prv221|00
{@A-RES|0|+7.386134E+03{@LIM3|+7.320000E+03|+8.052000E+03|+6.588000E+03}}
}
{@BLOCK|prv222|00
{@A-RES|0|+7.653375E+03{@LIM3|+7.320000E+03|+8.418000E+03|+6.222000E+03}}
}
{@BLOCK|rg1763|00
{@A-RES|0|+4.702657E+03{@LIM3|+4.700000E+03|+4.982000E+03|+4.418000E+03}}
}
{@BLOCK|rg1764|00
{@A-RES|0|+4.717107E+03{@LIM3|+4.700000E+03|+4.982000E+03|+4.418000E+03}}
}
{@BLOCK|rh190|00
{@A-RES|0|+4.680136E+03{@LIM3|+4.700000E+03|+4.982000E+03|+4.418000E+03}}
}
{@BLOCK|rt4311|00
{@A-RES|0|+4.715682E+03{@LIM3|+4.700000E+03|+4.982000E+03|+4.418000E+03}}
}
{@BLOCK|prz5|00
{@A-RES|0|+3.230669E+04{@LIM3|+3.240000E+04|+3.434400E+04|+3.045600E+04}}
}
{@BLOCK|prz21|00
{@A-RES|0|+1.178422E+04{@LIM3|+1.180000E+04|+2.076800E+04|+2.832000E+03}}
}
{@BLOCK|prz29|00
{@A-RES|0|+1.915767E+03{@LIM3|+1.910000E+03|+2.483000E+03|+1.413400E+03}}
}
{@BLOCK|prz33|00
{@A-RES|0|+2.367780E+04{@LIM3|+2.370000E+04|+3.223200E+04|+1.753800E+04}}
}
{@BLOCK|prv224|00
{@A-RES|0|+7.980600E+03{@LIM3|+7.320000E+03|+9.223200E+03|+5.416800E+03}}
}
{@BLOCK|rh193|00
{@A-RES|0|+4.998300E+04{@LIM3|+4.990000E+04|+5.289400E+04|+4.690600E+04}}
}
{@BLOCK|rh194|00
{@A-RES|0|+4.982046E+04{@LIM3|+4.990000E+04|+5.289400E+04|+4.690600E+04}}
}
{@BLOCK|prz9|00
{@A-RES|0|+1.912861E+04{@LIM3|+1.910000E+04|+2.024600E+04|+1.795400E+04}}
}
{@BLOCK|prz15|00
{@A-RES|0|+3.390734E+03{@LIM3|+3.400000E+03|+4.284000E+03|+2.516000E+03}}
}
{@BLOCK|prz16|00
{@A-RES|0|+3.021479E+03{@LIM3|+3.010000E+03|+3.190600E+03|+2.829400E+03}}
}
{@BLOCK|prz27|00
{@A-RES|0|+7.957303E+04{@LIM3|+8.060000E+04|+1.370200E+05|+2.418000E+04}}
}
{@BLOCK|prz45|00
{@A-RES|0|+4.665176E+01{@LIM3|+4.530000E+01|+5.301799E+01|+4.258200E+01}}
}
{@BLOCK|prz55|00
{@A-RES|0|+1.692156E+03{@LIM3|+1.690000E+03|+1.791400E+03|+1.588600E+03}}
}
{@BLOCK|prz56|00
{@A-RES|0|+1.695220E+03{@LIM3|+1.690000E+03|+1.791400E+03|+1.588600E+03}}
}
{@BLOCK|prz61|00
{@A-JUM|0|+4.151337E+00{@LIM2|+1.500000E+01|+0.000000E+00}}
}
{@BLOCK|prz67|00
{@A-RES|0|+1.009199E+02{@LIM3|+8.900000E+01|+1.201500E+02|+6.230000E+01}}
}
{@BLOCK|prz65|00
{@A-RES|0|+6.456882E+04{@LIM3|+6.490000E+04|+6.879400E+04|+6.100600E+04}}
}
{@BLOCK|prz66|00
{@A-RES|0|+2.231740E+04{@LIM3|+2.210000E+04|+2.342600E+04|+2.077400E+04}}
}
{@BLOCK|prz121|00
{@A-RES|0|+9.322558E+02{@LIM3|+9.310000E+02|+9.868600E+02|+8.751400E+02}}
}
{@BLOCK|prz127|00
{@A-RES|0|+9.374837E+02{@LIM3|+9.310000E+02|+9.868600E+02|+8.751400E+02}}
}
{@BLOCK|prz38|00
{@A-RES|0|+3.890464E+03{@LIM3|+3.900000E+03|+5.265000E+03|+2.886000E+03}}
}
{@BLOCK|prz57|00
{@A-JUM|0|+4.901982E+00{@LIM2|+1.500000E+01|+0.000000E+00}}
}
{@BLOCK|prz63|00
{@A-JUM|0|+5.204236E+00{@LIM2|+1.500000E+01|+0.000000E+00}}
}
{@BLOCK|rps27|00
{@A-RES|0|+1.944174E+06{@LIM3|+2.000000E+06|+2.500000E+06|+1.500000E+06}}
}
{@BLOCK|rg67|00
{@A-RES|0|+3.566990E+01{@LIM3|+3.300000E+01|+4.129999E+01|+2.970000E+01}}
}
{@BLOCK|rw5203|00
{@A-RES|0|+3.529483E+01{@LIM3|+3.300000E+01|+4.129999E+01|+2.970000E+01}}
}
{@BLOCK|rw5204|00
{@A-RES|0|+3.643743E+01{@LIM3|+3.300000E+01|+4.129999E+01|+2.970000E+01}}
}
{@BLOCK|r10201|00
{@A-RES|0|+7.408348E+04{@LIM3|+7.500000E+04|+8.250000E+04|+6.750000E+04}}
}
{@BLOCK|prz230|00
{@A-RES|0|+9.321630E+02{@LIM3|+9.310000E+02|+9.868600E+02|+8.751400E+02}}
}
{@BLOCK|prz233|00
{@A-RES|0|+9.327202E+02{@LIM3|+9.310000E+02|+9.868600E+02|+8.751400E+02}}
}
{@BLOCK|prz221|00
{@A-RES|0|+1.492901E+03{@LIM3|+1.500000E+03|+1.590000E+03|+1.410000E+03}}
}
{@BLOCK|prz222|00
{@A-RES|0|+1.499213E+03{@LIM3|+1.500000E+03|+1.590000E+03|+1.410000E+03}}
}
{@BLOCK|prz223|00
{@A-RES|0|+2.738300E+03{@LIM3|+2.740000E+03|+2.904400E+03|+2.575600E+03}}
}
{@BLOCK|r30|00
{@A-RES|0|+6.813185E+02{@LIM3|+6.800000E+02|+7.208000E+02|+6.392000E+02}}
}
{@BLOCK|rh69|00
{@A-RES|0|+3.602367E+01{@LIM3|+3.300000E+01|+4.129999E+01|+2.970000E+01}}
}
{@BLOCK|r10224|00
{@A-RES|0|+3.452199E+01{@LIM3|+3.300000E+01|+3.998000E+01|+3.102000E+01}}
}
{@BLOCK|r10255|00
{@A-RES|0|+7.404006E+04{@LIM3|+7.500000E+04|+8.625000E+04|+6.375000E+04}}
}
{@BLOCK|rc1404|00
{@A-RES|0|+7.338427E+04{@LIM3|+7.500000E+04|+8.625000E+04|+6.375000E+04}}
}
{@BLOCK|rg135|00
{@A-RES|0|+4.977554E+01{@LIM3|+4.700000E+01|+5.670000E+01|+4.230000E+01}}
}
{@BLOCK|rg284|00
{@A-RES|0|+4.977879E+01{@LIM3|+4.700000E+01|+5.670000E+01|+4.230000E+01}}
}
{@BLOCK|rh11|00
{@A-RES|0|+4.673504E+03{@LIM3|+4.700000E+03|+5.170000E+03|+4.230000E+03}}
}
{@BLOCK|rh14|00
{@A-RES|0|+4.710363E+03{@LIM3|+4.700000E+03|+5.170000E+03|+4.230000E+03}}
}
{@BLOCK|rtp6306|00
{@A-RES|0|+2.337375E+03{@LIM3|+2.700000E+03|+3.510000E+03|+1.890000E+03}}
}
{@BLOCK|rtp6311|00
{@A-RES|0|+4.705005E+03{@LIM3|+4.700000E+03|+5.170000E+03|+4.230000E+03}}
}
{@BLOCK|rv684|00
{@A-RES|0|+4.558656E+03{@LIM3|+4.700000E+03|+5.170000E+03|+4.230000E+03}}
}
{@BLOCK|rv685|00
{@A-RES|0|+4.733291E+03{@LIM3|+4.700000E+03|+5.170000E+03|+4.230000E+03}}
}
{@BLOCK|rbl6415|00
{@A-RES|0|+1.512330E+05{@LIM3|+1.500000E+05|+1.725000E+05|+1.275000E+05}}
}
{@BLOCK|rps21|00
{@A-RES|0|+1.482106E+05{@LIM3|+1.500000E+05|+1.725000E+05|+1.275000E+05}}
}
{@BLOCK|rtp6308|00
{@A-RES|0|+4.710850E+02{@LIM3|+4.700000E+02|+4.982000E+02|+4.418000E+02}}
}
{@BLOCK|rc1957|00
{@A-RES|0|+1.905127E+01{@LIM3|+1.500000E+01|+2.149999E+01|+1.350000E+01}}
}
{@BLOCK|rc1958|00
{@A-RES|0|+1.809192E+01{@LIM3|+1.500000E+01|+2.149999E+01|+1.350000E+01}}
}
{@BLOCK|rc1960|00
{@A-RES|0|+1.778652E+01{@LIM3|+1.500000E+01|+2.149999E+01|+1.350000E+01}}
}
{@BLOCK|rc1961|00
{@A-RES|0|+1.820970E+01{@LIM3|+1.500000E+01|+2.149999E+01|+1.350000E+01}}
}
{@BLOCK|rl5112|00
{@A-RES|0|+7.751833E+01{@LIM3|+7.500000E+01|+8.750002E+01|+6.750000E+01}}
}
{@BLOCK|rl5114|00
{@A-RES|0|+7.756632E+01{@LIM3|+7.500000E+01|+8.750002E+01|+6.750000E+01}}
}
{@BLOCK|rl5115|00
{@A-RES|0|+7.737155E+01{@LIM3|+7.500000E+01|+8.750002E+01|+6.750000E+01}}
}
{@BLOCK|rg7|00
{@A-RES|0|+2.488360E+03{@LIM3|+2.490000E+03|+2.639400E+03|+2.340600E+03}}
}
{@BLOCK|rg27|00
{@A-RES|0|+4.749890E+03{@LIM3|+4.750000E+03|+5.462500E+03|+4.037500E+03}}
}
{@BLOCK|rg92|00
{@A-RES|0|+4.133666E+01{@LIM3|+4.020000E+01|+4.761200E+01|+3.778800E+01}}
}
{@BLOCK|rg286|00
{@A-RES|0|+5.366704E+01{@LIM3|+5.100000E+01|+6.109999E+01|+4.590000E+01}}
}
{@BLOCK|rc1947|00
{@A-RES|0|+4.745850E+03{@LIM3|+4.700000E+03|+5.170000E+03|+4.230000E+03}}
}
{@BLOCK|rc4043|00
{@A-RES|0|+4.721685E+03{@LIM3|+4.700000E+03|+5.170000E+03|+4.230000E+03}}
}
{@BLOCK|rc64|00
{@A-RES|0|+4.724086E+02{@LIM3|+4.700000E+02|+4.982000E+02|+4.418000E+02}}
}
{@BLOCK|rc279|00
{@A-RES|0|+2.238659E+02{@LIM3|+2.200000E+02|+2.469999E+02|+1.980000E+02}}
}
{@BLOCK|rc450|00
{@A-RES|0|+2.232610E+01{@LIM3|+2.000000E+01|+2.700000E+01|+1.800000E+01}}
}
{@BLOCK|rc1959|00
{@A-RES|0|+1.742611E+01{@LIM3|+1.500000E+01|+2.149999E+01|+1.350000E+01}}
}
{@BLOCK|rd29|00
{@A-RES|0|+7.817704E+01{@LIM3|+7.500000E+01|+8.750002E+01|+6.750000E+01}}
}
{@BLOCK|rh38|00
{@A-RES|0|+5.393916E+01{@LIM3|+5.100000E+01|+6.109999E+01|+4.590000E+01}}
}
{@BLOCK|rh125|00
{@A-RES|0|+2.029985E+02{@LIM3|+2.000000E+02|+2.170000E+02|+1.880000E+02}}
}
{@BLOCK|rh126|00
{@A-RES|0|+2.026824E+02{@LIM3|+2.000000E+02|+2.170000E+02|+1.880000E+02}}
}
{@BLOCK|rh128|00
{@A-RES|0|+2.021925E+02{@LIM3|+2.000000E+02|+2.170000E+02|+1.880000E+02}}
}
{@BLOCK|rh112|00
{@A-RES|0|+1.993244E+03{@LIM3|+2.000000E+03|+2.200000E+03|+1.800000E+03}}
}
{@BLOCK|rh160|00
{@A-RES|0|+1.996048E+03{@LIM3|+2.000000E+03|+2.200000E+03|+1.800000E+03}}
}
{@BLOCK|rh161|00
{@A-RES|0|+1.992057E+03{@LIM3|+2.000000E+03|+2.200000E+03|+1.800000E+03}}
}
{@BLOCK|rt2|00
{@A-RES|0|+4.645813E+04{@LIM3|+4.700000E+04|+5.170000E+04|+4.230000E+04}}
}
{@BLOCK|rtp6304|00
{@A-RES|0|+5.138960E+02{@LIM3|+5.100000E+02|+5.406000E+02|+4.794000E+02}}
}
{@BLOCK|rtp6307|00
{@A-RES|0|+5.113161E+02{@LIM3|+5.100000E+02|+5.406000E+02|+4.794000E+02}}
}
{@BLOCK|rtp6321|00
{@A-RES|0|+5.132767E+02{@LIM3|+5.100000E+02|+5.406000E+02|+4.794000E+02}}
}
{@BLOCK|rtp6322|00
{@A-RES|0|+5.131362E+02{@LIM3|+5.100000E+02|+5.406000E+02|+4.794000E+02}}
}
{@BLOCK|rtp6324|00
{@A-RES|0|+5.150259E+02{@LIM3|+5.100000E+02|+5.406000E+02|+4.794000E+02}}
}
{@BLOCK|rtp6342|00
{@A-RES|0|+5.137551E+02{@LIM3|+5.100000E+02|+5.406000E+02|+4.794000E+02}}
}
{@BLOCK|rtp6343|00
{@A-RES|0|+5.140088E+02{@LIM3|+5.100000E+02|+5.406000E+02|+4.794000E+02}}
}
{@BLOCK|rtp6345|00
{@A-RES|0|+5.122105E+02{@LIM3|+5.100000E+02|+5.406000E+02|+4.794000E+02}}
}
{@BLOCK|rtp6346|00
{@A-RES|0|+5.150259E+02{@LIM3|+5.100000E+02|+5.406000E+02|+4.794000E+02}}
}
{@BLOCK|rtp6348|00
{@A-RES|0|+5.124346E+02{@LIM3|+5.100000E+02|+5.406000E+02|+4.794000E+02}}
}
{@BLOCK|rtp6349|00
{@A-RES|0|+5.142627E+02{@LIM3|+5.100000E+02|+5.406000E+02|+4.794000E+02}}
}
{@BLOCK|rts1|00
{@A-RES|0|+1.661716E+04{@LIM3|+1.650000E+04|+1.749000E+04|+1.551000E+04}}
}
{@BLOCK|rts2|00
{@A-RES|0|+1.663429E+04{@LIM3|+1.650000E+04|+1.749000E+04|+1.551000E+04}}
}
{@BLOCK|pqd1|00
{@A-PFE|0|+1.056022E+02{@LIM2|+2.000000E+02|+2.000000E+01}}
}
{@BLOCK|qbl6402|00
{@A-PFE|0|+1.083896E+02{@LIM2|+2.000000E+02|+2.000000E+01}}
}
{@BLOCK|qh3|00
{@A-PFE|0|+9.548125E+01{@LIM2|+2.000000E+02|+2.000000E+01}}
}
{@BLOCK|qv46%qf|00
{@A-PFE|0|+1.986513E+02{@LIM2|+4.000000E+02|+2.000000E+01}}
}
{@BLOCK|rh63|00
{@A-RES|0|+5.359087E+01{@LIM3|+5.100000E+01|+6.109999E+01|+4.590000E+01}}
}
{@BLOCK|rh9|00
{@A-RES|0|+2.007406E+04{@LIM3|+2.000000E+04|+2.200000E+04|+1.800000E+04}}
}
{@BLOCK|rh83|00
{@A-RES|0|+1.756200E+01{@LIM3|+1.300000E+01|+1.929999E+01|+1.170000E+01}}
}
{@BLOCK|rw5206|00
{@A-RES|0|+4.172259E+01{@LIM3|+3.900000E+01|+4.790000E+01|+3.510000E+01}}
}
{@BLOCK|rw5209|00
{@A-RES|0|+4.189218E+01{@LIM3|+3.900000E+01|+4.790000E+01|+3.510000E+01}}
}
{@BLOCK|qg1|00
{@A-PFE|0|+8.294668E+01{@LIM2|+2.000000E+02|+2.000000E+01}}
}
{@BLOCK|pqb2%qfa|00
{@A-NFE|0|+5.435493E+01{@LIM2|+2.000000E+02|+2.000000E+01}}
}
{@BLOCK|pqg1%qf1|00
{@A-NFE|0|+9.317935E+01{@LIM2|+2.000000E+02|+2.000000E+01}}
}
{@BLOCK|pqb1%qf|00
{@A-NFE|0|+9.064425E+01{@LIM2|+2.000000E+02|+2.000000E+01}}
}
{@BLOCK|pqb5%qfa|00
{@A-NFE|0|+6.115141E+01{@LIM2|+2.000000E+02|+2.000000E+01}}
}
{@BLOCK|q6%qf2|00
{@A-NFE|0|+8.446081E+01{@LIM2|+2.000000E+02|+2.000000E+01}}
}
{@BLOCK|q7|00
{@A-NFE|0|+8.431457E+01{@LIM2|+2.000000E+02|+2.000000E+01}}
}
{@BLOCK|qc1102%qf1|00
{@A-NFE|0|+8.062956E+01{@LIM2|+2.000000E+02|+2.000000E+01}}
}
{@BLOCK|qc1104%qf2|00
{@A-NFE|0|+1.626433E+02{@LIM2|+2.000000E+02|+2.000000E+01}}
}
{@BLOCK|qc1106%qf2|00
{@A-NFE|0|+8.882442E+01{@LIM2|+2.000000E+02|+2.000000E+01}}
}
{@BLOCK|qc1120%qf1|00
{@A-NFE|0|+8.665864E+01{@LIM2|+2.000000E+02|+2.000000E+01}}
}
{@BLOCK|qc1120%qf2|00
{@A-NFE|0|+8.560621E+01{@LIM2|+2.000000E+02|+2.000000E+01}}
}
{@BLOCK|qc1121%qf1|00
{@A-NFE|0|+8.174285E+01{@LIM2|+2.000000E+02|+2.000000E+01}}
}
{@BLOCK|qc1122%qf1|00
{@A-NFE|0|+1.274616E+02{@LIM2|+2.000000E+02|+2.000000E+01}}
}
{@BLOCK|qc1122%qf2|00
{@A-NFE|0|+1.192965E+02{@LIM2|+2.000000E+02|+2.000000E+01}}
}
{@BLOCK|qg6%qf1|00
{@A-NFE|0|+3.274226E+01{@LIM2|+2.000000E+02|+2.000000E+01}}
}
{@BLOCK|qg7%qf2|00
{@A-NFE|0|+9.629302E+01{@LIM2|+2.000000E+02|+2.000000E+01}}
}
{@BLOCK|qg10%qf1|00
{@A-NFE|0|+1.153402E+02{@LIM2|+2.000000E+02|+2.000000E+01}}
}
{@BLOCK|qg10%qf2|00
{@A-NFE|0|+8.575375E+01{@LIM2|+2.000000E+02|+2.000000E+01}}
}
{@BLOCK|qg12%qf2|00
{@A-NFE|0|+8.974801E+01{@LIM2|+2.000000E+02|+2.000000E+01}}
}
{@BLOCK|qg26%qf1|00
{@A-NFE|0|+1.349614E+02{@LIM2|+2.000000E+02|+2.000000E+01}}
}
{@BLOCK|qg26%qf2|00
{@A-NFE|0|+8.917088E+01{@LIM2|+2.000000E+02|+2.000000E+01}}
}
{@BLOCK|qg27%qf1|00
{@A-NFE|0|+7.233017E+01{@LIM2|+2.000000E+02|+2.000000E+01}}
}
{@BLOCK|qg27%qf2|00
{@A-NFE|0|+7.362205E+01{@LIM2|+2.000000E+02|+2.000000E+01}}
}
{@BLOCK|qh4003|00
{@A-NFE|0|+1.460446E+02{@LIM2|+4.000000E+02|+2.000000E+01}}
}
{@BLOCK|qps1|00
{@A-NFE|0|+2.463907E+02{@LIM2|+9.800000E+02|+1.800000E+01}}
}
{@BLOCK|qt7|00
{@A-NFE|0|+8.434190E+01{@LIM2|+2.000000E+02|+2.000000E+01}}
}
{@BLOCK|qv105%qf1|00
{@A-NFE|0|+8.031699E+01{@LIM2|+2.000000E+02|+2.000000E+01}}
}
{@BLOCK|qv105%qf2|00
{@A-NFE|0|+8.043695E+01{@LIM2|+2.000000E+02|+2.000000E+01}}
}
{@BLOCK|qz4%qf1|00
{@A-NFE|0|+8.394369E+01{@LIM2|+2.000000E+02|+2.000000E+01}}
}
{@BLOCK|qz4%qf2|00
{@A-NFE|0|+9.541736E+01{@LIM2|+2.000000E+02|+2.000000E+01}}
}
{@BLOCK|d1%cr1|00
{@A-DIO|0|+6.595039E-01{@LIM2|+8.000000E-01|+4.000000E-01}}
}
{@BLOCK|d7701%cr1|00
{@A-DIO|0|+6.639921E-01{@LIM2|+8.000000E-01|+4.000000E-01}}
}
{@BLOCK|d7718%cr1|00
{@A-DIO|0|+6.453982E-01{@LIM2|+8.000000E-01|+4.000000E-01}}
}
{@BLOCK|d7718%cr2|00
{@A-DIO|0|+6.486468E-01{@LIM2|+8.000000E-01|+4.000000E-01}}
}
{@BLOCK|dt31%cr3|00
{@A-DIO|0|+6.272319E-01{@LIM2|+8.000000E-01|+4.000000E-01}}
}
{@BLOCK|dt7201%cr1|00
{@A-DIO|0|+6.378752E-01{@LIM2|+8.000000E-01|+4.000000E-01}}
}
{@BLOCK|dt7201%cr2|00
{@A-DIO|0|+6.461249E-01{@LIM2|+8.000000E-01|+4.000000E-01}}
}
{@BLOCK|dt7203%cr2|00
{@A-DIO|0|+6.270609E-01{@LIM2|+8.000000E-01|+4.000000E-01}}
}
{@BLOCK|dt7218%cr1|00
{@A-DIO|0|+6.459539E-01{@LIM2|+8.000000E-01|+4.000000E-01}}
}
{@BLOCK|dt7218%cr2|00
{@A-DIO|0|+6.336863E-01{@LIM2|+8.000000E-01|+4.000000E-01}}
}
{@BLOCK|dtp65%cr1|00
{@A-DIO|0|+7.289209E-01{@LIM2|+8.000000E-01|+4.000000E-01}}
}
{@BLOCK|pdb1%cr1|00
{@A-DIO|0|+6.080396E-01{@LIM2|+8.000000E-01|+4.000000E-01}}
}
{@BLOCK|pdb1%cr2|00
{@A-DIO|0|+6.006448E-01{@LIM2|+8.000000E-01|+4.000000E-01}}
}
{@BLOCK|dt33|00
{@A-DIO|0|+4.102184E-01{@LIM2|+6.000000E-01|+2.000000E-01}}
}
{@BLOCK|dt40|00
{@A-DIO|0|+6.718143E-01{@LIM2|+8.000000E-01|+4.000000E-01}}
}
{@BLOCK|dt41|00
{@A-DIO|0|+6.734813E-01{@LIM2|+8.000000E-01|+4.000000E-01}}
}
{@BLOCK|dt42|00
{@A-DIO|0|+6.729684E-01{@LIM2|+8.000000E-01|+4.000000E-01}}
}
{@BLOCK|led6310|00
{@A-DIO|0|+3.163535E+00{@LIM2|+3.800000E+00|+2.800000E+00}}
}
{@BLOCK|led6302%blue|00
{@A-DIO|0|+2.763947E+00{@LIM2|+3.500000E+00|+2.500000E+00}}
}
{@BLOCK|led6302%red|00
{@A-DIO|0|+1.971439E+00{@LIM2|+2.500000E+00|+1.500000E+00}}
}
{@BLOCK|led6303%white|00
{@A-DIO|0|+2.720688E+00{@LIM2|+3.500000E+00|+2.500000E+00}}
}
{@BLOCK|led6305%red|00
{@A-DIO|0|+1.990247E+00{@LIM2|+5.500000E+00|+1.500000E+00}}
}
{@BLOCK|led6313%blue|00
{@A-DIO|0|+2.729237E+00{@LIM2|+3.500000E+00|+2.500000E+00}}
}
{@BLOCK|led6313%red|00
{@A-DIO|0|+1.969387E+00{@LIM2|+2.500000E+00|+1.500000E+00}}
}
{@BLOCK|qps2|00
{@A-DIO|0|+6.845094E-01|B-E{@LIM2|+8.500000E-01|+4.500000E-01}}
}
{@BLOCK|d7703|00
{@A-DIO|0|+5.530658E-01{@LIM2|+8.000000E-01|+4.000000E-01}}
}
{@BLOCK|dtp6304%ds1|00
{@A-DIO|0|+2.752052E-01{@LIM2|+6.000000E-01|+2.000000E-01}}
}
{@BLOCK|dt4213%ds|00
{@A-DIO|0|+4.096784E-01{@LIM2|+6.000000E-01|+2.000000E-01}}
}
{@BLOCK|pd7720|00
{@A-DIO|0|+6.636789E-01{@LIM2|+8.000000E-01|+4.000000E-01}}
}
{@BLOCK|pdd1|00
{@A-DIO|0|+6.978188E-01{@LIM2|+9.000000E-01|+5.000000E-01}}
}
{@BLOCK|qc1106%qf1|00
{@A-NFE|0|+6.160989E+01{@LIM2|+2.000000E+02|+2.000000E+01}}
}
{@BLOCK|qg2%qf1|00
{@A-NFE|0|+9.401486E+01{@LIM2|+2.000000E+02|+2.000000E+01}}
}
{@BLOCK|qg3%qf2|00
{@A-NFE|0|+9.980041E+01{@LIM2|+2.000000E+02|+2.000000E+01}}
}
{@BLOCK|qh1%qf1|00
{@A-NFE|0|+1.076831E+02{@LIM2|+2.000000E+02|+2.000000E+01}}
}
{@BLOCK|pd201%cr1|00
{@A-DIO|0|+5.385318E-01{@LIM2|+8.000000E-01|+4.000000E-01}}
}
{@BLOCK|qps2|00
{@A-DIO|0|+6.591745E-01|B-C{@LIM2|+8.500000E-01|+4.500000E-01}}
}
}}