{@BATCH|loq15_irx9||3407|1||btest|050102104754~16|ICT0264\engineer|ICT0264|C:/Agilent_ICT/boards/loq15_irx9_mem_samsung|RevA|5b21d46524||5b21d46524
{@BTEST|6783000442|00|050102153350|000019|0|all||n||050102153409||1
{@BLOCK|pc307|00
{@A-CAP|0|+1.989827E-04{@LIM3|+1.828010E-04|+2.376413E-04|+1.279355E-04}}
}
{@BLOCK|pc516|00
{@A-CAP|0|+6.982704E-06{@LIM3|+6.700000E-06|+8.710000E-06|+4.690000E-06}}
}
{@BLOCK|cv4127|00
{@A-CAP|0|+4.694629E-05{@LIM3|+3.892000E-05|+5.448800E-05|+2.724400E-05}}
}
{@BLOCK|ct62|00
{@A-CAP|0|+2.168932E-05{@LIM3|+2.110000E-05|+3.165000E-05|+1.055000E-05}}
}
{@BLOCK|ch44|00
{@A-CAP|0|+1.146554E-04{@LIM3|+1.021010E-04|+1.327313E-04|+7.144048E-05}}
}
{@BLOCK|ct50|00
{@A-CAP|0|+2.182312E-04{@LIM3|+2.010010E-04|+2.613013E-04|+1.406730E-04}}
}
{@BLOCK|cbl18|00
{@A-CAP|0|+1.328629E-06{@LIM3|+1.201000E-06|+1.561300E-06|+8.407000E-07}}
}
{@BLOCK|cbl6408|00
{@A-CAP|0|+1.220021E-06{@LIM3|+1.000000E-06|+1.300000E-06|+7.000000E-07}}
}
{@BLOCK|pc507|00
{@A-CAP|0|+2.702002E-04{@LIM3|+2.577010E-04|+3.350113E-04|+1.803551E-04}}
}
{@BLOCK|cd20|00
{@A-CAP|0|+2.474248E-04{@LIM3|+2.705000E-04|+4.733750E-04|+8.106993E-05}}
}
{@BLOCK|ch4|00
{@A-CAP|0|+1.028643E-06{@LIM3|+1.000000E-06|+1.300000E-06|+7.000000E-07}}
}
{@BLOCK|ch7|00
{@A-CAP|0|+1.003370E-06{@LIM3|+1.000000E-06|+1.300000E-06|+7.000000E-07}}
}
{@BLOCK|cl5109|00
{@A-CAP|0|+2.731754E-06{@LIM3|+2.500000E-06|+3.250000E-06|+1.750000E-06}}
}
{@BLOCK|ct61|00
{@A-CAP|0|+1.073490E-05{@LIM3|+1.110000E-05|+1.443000E-05|+7.770000E-06}}
}
{@BLOCK|cw5209|00
{@A-CAP|0|+1.023116E-06{@LIM3|+1.000000E-06|+1.300000E-06|+7.000000E-07}}
}
{@BLOCK|ca5606|00
{@A-CAP|0|+2.026963E-06{@LIM3|+2.400000E-06|+3.120000E-06|+1.680000E-06}}
}
{@BLOCK|c8740|00
{@A-CAP|0|+1.164030E-07{@LIM3|+1.210000E-07|+1.815000E-07|+6.050000E-08}}
}
{@BLOCK|c8741|00
{@A-CAP|0|+9.944603E-08{@LIM3|+1.000000E-07|+1.200000E-07|+7.000000E-08}}
}
{@BLOCK|c8742|00
{@A-CAP|0|+1.080649E-07{@LIM3|+1.000000E-07|+1.200000E-07|+8.000000E-08}}
}
{@BLOCK|cf7701|00
{@A-CAP|0|+2.649629E-05{@LIM3|+2.510000E-05|+3.263000E-05|+1.757000E-05}}
}
{@BLOCK|c8751|00
{@A-CAP|0|+8.842110E-08{@LIM3|+1.000000E-07|+1.300000E-07|+7.000000E-08}}
}
{@BLOCK|c8754|00
{@A-CAP|0|+9.854856E-08{@LIM3|+1.000000E-07|+1.300000E-07|+7.000000E-08}}
}
{@BLOCK|c8755|00
{@A-CAP|0|+9.344363E-08{@LIM3|+8.000000E-08|+1.200000E-07|+4.000000E-08}}
}
{@BLOCK|c8758|00
{@A-CAP|0|+9.598434E-08{@LIM3|+1.000000E-07|+1.300000E-07|+7.000000E-08}}
}
{@BLOCK|c8760|00
{@A-CAP|0|+9.554082E-08{@LIM3|+1.000000E-07|+1.300000E-07|+7.000000E-08}}
}
{@BLOCK|c8761|00
{@A-CAP|0|+1.297194E-07{@LIM3|+1.320000E-07|+1.980000E-07|+6.600000E-08}}
}
{@BLOCK|c8763|00
{@A-CAP|0|+9.780487E-08{@LIM3|+1.000000E-07|+1.300000E-07|+7.000000E-08}}
}
{@BLOCK|c8769|00
{@A-CAP|0|+9.809988E-08{@LIM3|+1.000000E-07|+1.300000E-07|+7.000000E-08}}
}
{@BLOCK|c8770|00
{@A-CAP|0|+9.279645E-08{@LIM3|+1.000000E-07|+1.300000E-07|+7.000000E-08}}
}
{@BLOCK|c8772|00
{@A-CAP|0|+9.662294E-08{@LIM3|+1.000000E-07|+1.300000E-07|+7.000000E-08}}
}
{@BLOCK|c8773|00
{@A-CAP|0|+8.946099E-08{@LIM3|+7.600000E-08|+1.140000E-07|+3.800000E-08}}
}
{@BLOCK|c8775|00
{@A-CAP|0|+1.116357E-07{@LIM3|+1.370000E-07|+2.055000E-07|+6.850000E-08}}
}
{@BLOCK|c8776|00
{@A-CAP|0|+9.679769E-08{@LIM3|+1.000000E-07|+1.300000E-07|+7.000000E-08}}
}
{@BLOCK|c8778|00
{@A-CAP|0|+9.741838E-08{@LIM3|+1.000000E-07|+1.300000E-07|+7.000000E-08}}
}
{@BLOCK|cbl6404|00
{@A-CAP|0|+1.126367E-07{@LIM3|+1.000000E-07|+1.200000E-07|+8.000000E-08}}
}
{@BLOCK|cbl6405|00
{@A-CAP|0|+1.037060E-07{@LIM3|+1.000000E-07|+1.200000E-07|+8.000000E-08}}
}
{@BLOCK|cbl6409|00
{@A-CAP|0|+1.086482E-07{@LIM3|+1.000000E-07|+1.200000E-07|+8.000000E-08}}
}
{@BLOCK|cbl6413|00
{@A-CAP|0|+1.028458E-07{@LIM3|+1.300000E-07|+1.950000E-07|+6.500000E-08}}
}
{@BLOCK|cbl6414|00
{@A-CAP|0|+1.062583E-07{@LIM3|+1.000000E-07|+1.200000E-07|+8.000000E-08}}
}
{@BLOCK|cbl6419|00
{@A-CAP|0|+1.073134E-07{@LIM3|+1.000000E-07|+1.200000E-07|+8.000000E-08}}
}
{@BLOCK|cf7704|00
{@A-CAP|0|+9.396846E-08{@LIM3|+1.001000E-07|+1.301300E-07|+7.007000E-08}}
}
{@BLOCK|ch5|00
{@A-CAP|0|+1.209776E-06{@LIM3|+1.300000E-06|+1.950000E-06|+6.500000E-07}}
}
{@BLOCK|ch50|00
{@A-CAP|0|+1.159221E-07{@LIM3|+1.190000E-07|+1.785000E-07|+5.950000E-08}}
}
{@BLOCK|ch4014|00
{@A-CAP|0|+9.915551E-08{@LIM3|+1.000000E-07|+1.200000E-07|+8.000000E-08}}
}
{@BLOCK|cps25|00
{@A-CAP|0|+3.334563E-05{@LIM3|+3.054000E-05|+3.970200E-05|+2.137800E-05}}
}
{@BLOCK|ct4413|00
{@A-CAP|0|+1.770710E-06{@LIM3|+1.880000E-06|+2.350000E-06|+1.316000E-06}}
}
{@BLOCK|ct7209|00
{@A-CAP|0|+1.372519E-04{@LIM3|+1.500000E-04|+1.950000E-04|+1.048585E-04}}
}
{@BLOCK|cv4128|00
{@A-CAP|0|+3.957971E-05{@LIM3|+4.068000E-05|+6.102000E-05|+2.034000E-05}}
}
{@BLOCK|cw5203|00
{@A-CAP|0|+2.128000E-05{@LIM3|+2.022000E-05|+2.628600E-05|+1.011000E-05}}
}
{@BLOCK|pcb14|00
{@A-CAP|0|+4.754001E-06{@LIM3|+4.500000E-06|+5.400000E-06|+3.600000E-06}}
}
{@BLOCK|pc207|00
{@A-CAP|0|+1.182411E-07{@LIM3|+1.226800E-07|+1.840200E-07|+6.134000E-08}}
}
{@BLOCK|pc501|00
{@A-CAP|0|+1.021615E-07{@LIM3|+1.000000E-07|+1.300000E-07|+7.000000E-08}}
}
{@BLOCK|pc1805|00
{@A-CAP|0|+9.928298E-08{@LIM3|+1.000000E-07|+1.200000E-07|+8.000000E-08}}
}
{@BLOCK|pcb1|00
{@A-CAP|0|+1.088097E-07{@LIM3|+1.000000E-07|+1.200000E-07|+8.000000E-08}}
}
{@BLOCK|pcb30|00
{@A-CAP|0|+1.166421E-07{@LIM3|+1.000000E-07|+1.200000E-07|+8.000000E-08}}
}
{@BLOCK|pcw5|00
{@A-CAP|0|+9.713117E-08{@LIM3|+1.000000E-07|+1.300000E-07|+7.000000E-08}}
}
{@BLOCK|pcz156|00
{@A-CAP|0|+8.809526E-08{@LIM3|+1.000000E-07|+1.300000E-07|+7.000000E-08}}
}
{@BLOCK|pcz242|00
{@A-CAP|0|+1.050540E-07{@LIM3|+1.000000E-07|+1.300000E-07|+7.000000E-08}}
}
{@BLOCK|pc1857|00
{@A-CAP|0|+5.460920E-05{@LIM3|+5.400000E-05|+8.100000E-05|+2.699255E-05}}
}
{@BLOCK|ct60|00
{@A-CAP|0|+1.023055E-05{@LIM3|+1.000000E-05|+1.300000E-05|+7.000000E-06}}
}
{@BLOCK|c78|00
{@A-CAP|0|+6.770823E-10{@LIM3|+6.700000E-10|+9.045000E-10|+4.355000E-10}}
}
{@BLOCK|c3801|00
{@A-CAP|0|+4.916011E-06{@LIM3|+4.700000E-06|+6.815000E-06|+3.290000E-06}}
}
{@BLOCK|pc506|00
{@A-CAP|0|+5.386140E-06{@LIM3|+4.700000E-06|+6.110000E-06|+3.290000E-06}}
}
{@BLOCK|pc526|00
{@A-CAP|0|+5.565505E-06{@LIM3|+4.700000E-06|+6.110000E-06|+3.290000E-06}}
}
{@BLOCK|pc535|00
{@A-CAP|0|+4.827846E-06{@LIM3|+4.700000E-06|+7.990000E-06|+1.410000E-06}}
}
{@BLOCK|ca5602|00
{@A-CAP|0|+1.193890E-09{@LIM3|+1.000000E-09|+1.350000E-09|+6.500000E-10}}
}
{@BLOCK|ca5603|00
{@A-CAP|0|+1.234934E-09{@LIM3|+1.000000E-09|+1.350000E-09|+6.500000E-10}}
}
{@BLOCK|ca5604|00
{@A-CAP|0|+1.215719E-09{@LIM3|+1.000000E-09|+1.350000E-09|+6.500000E-10}}
}
{@BLOCK|ca5605|00
{@A-CAP|0|+1.217826E-09{@LIM3|+1.000000E-09|+1.350000E-09|+6.500000E-10}}
}
{@BLOCK|cg620|00
{@A-CAP|0|+1.029837E-09{@LIM3|+1.000000E-09|+1.177000E-09|+8.000000E-10}}
}
{@BLOCK|cg621|00
{@A-CAP|0|+1.020591E-09{@LIM3|+1.000000E-09|+1.177000E-09|+8.000000E-10}}
}
{@BLOCK|pc204|00
{@A-CAP|0|+2.332244E-08{@LIM3|+2.200000E-08|+2.640000E-08|+1.760000E-08}}
}
{@BLOCK|cg3720|00
{@A-CAP|0|+1.071349E-06{@LIM3|+1.000000E-06|+1.200000E-06|+8.000000E-07}}
}
{@BLOCK|ch35|00
{@A-CAP|0|+2.490814E-04{@LIM3|+2.054000E-04|+2.978300E-04|+1.437192E-04}}
}
{@BLOCK|c8100|00
{@A-CAP|0|+8.974554E-08{@LIM3|+1.000000E-07|+1.200000E-07|+8.000000E-08}}
}
{@BLOCK|cl5110|00
{@A-CAP|0|+9.976545E-08{@LIM3|+1.000000E-07|+1.200000E-07|+8.000000E-08}}
}
{@BLOCK|cz3|00
{@A-CAP|0|+1.983628E-07{@LIM3|+2.000000E-07|+2.400000E-07|+1.600000E-07}}
}
{@BLOCK|pcz9|00
{@A-CAP|0|+1.087063E-07{@LIM3|+1.100000E-07|+1.430000E-07|+7.700000E-08}}
}
{@BLOCK|cc27|00
{@A-CAP|0|+6.256662E-05{@LIM3|+6.600000E-05|+8.580000E-05|+4.619089E-05}}
}
{@BLOCK|cc52|00
{@A-CAP|0|+1.557134E-04{@LIM3|+1.600010E-04|+2.080013E-04|+1.119786E-04}}
}
{@BLOCK|cth3|00
{@A-CAP|0|+2.147539E-09{@LIM3|+2.200000E-09|+2.640000E-09|+1.760000E-09}}
}
{@BLOCK|cth5|00
{@A-CAP|0|+2.197868E-09{@LIM3|+2.200000E-09|+2.640000E-09|+1.760000E-09}}
}
{@BLOCK|cv15|00
{@A-CAP|0|+9.989234E-07{@LIM3|+1.000000E-06|+1.350000E-06|+6.500000E-07}}
}
{@BLOCK|pc520|00
{@A-CAP|0|+1.003505E-06{@LIM3|+1.000000E-06|+1.350000E-06|+6.500000E-07}}
}
{@BLOCK|cd17|00
{@A-CAP|0|+2.263327E-09{@LIM3|+2.200000E-09|+2.640000E-09|+1.760000E-09}}
}
{@BLOCK|ctp6304|00
{@A-CAP|0|+2.546147E-09{@LIM3|+2.700000E-09|+3.510000E-09|+1.890000E-09}}
}
{@BLOCK|pcv15|00
{@A-CAP|0|+2.279060E-09{@LIM3|+2.200000E-09|+2.640000E-09|+1.760000E-09}}
}
{@BLOCK|cg3714|00
{@A-CAP|0|+2.896274E-10{@LIM3|+5.200000E-10|+8.840000E-10|+1.560000E-10}}
}
{@BLOCK|cl5120|00
{@A-CAP|0|+9.971177E-09{@LIM3|+1.000000E-08|+1.200000E-08|+8.000000E-09}}
}
{@BLOCK|cv2|00
{@A-CAP|0|+9.868756E-09{@LIM3|+1.000000E-08|+1.200000E-08|+8.000000E-09}}
}
{@BLOCK|pcv10|00
{@A-CAP|0|+1.044977E-08{@LIM3|+1.000000E-08|+1.200000E-08|+8.000000E-09}}
}
{@BLOCK|ct242|00
{@A-CAP|0|+3.477632E-10{@LIM3|+3.200000E-10|+4.320000E-10|+2.080000E-10}}
}
{@BLOCK|ct243|00
{@A-CAP|0|+3.451360E-10{@LIM3|+3.200000E-10|+4.320000E-10|+2.080000E-10}}
}
{@BLOCK|cv4247|00
{@A-CAP|0|+3.431622E-10{@LIM3|+3.200000E-10|+4.320000E-10|+2.080000E-10}}
}
{@BLOCK|pcb15|00
{@A-CAP|0|+1.020460E-07{@LIM3|+9.400000E-08|+1.410000E-07|+4.700000E-08}}
}
{@BLOCK|pcv13|00
{@A-CAP|0|+4.709173E-08{@LIM3|+4.700000E-08|+5.640000E-08|+3.760000E-08}}
}
{@BLOCK|pcv14|00
{@A-CAP|0|+4.856596E-08{@LIM3|+4.700000E-08|+5.640000E-08|+3.760000E-08}}
}
{@BLOCK|pcv17|00
{@A-CAP|0|+4.806516E-08{@LIM3|+4.700000E-08|+5.640000E-08|+3.760000E-08}}
}
{@BLOCK|pcv7|00
{@A-CAP|0|+4.894510E-09{@LIM3|+4.700000E-09|+5.640000E-09|+3.760000E-09}}
}
{@BLOCK|pcv6|00
{@A-CAP|0|+3.612180E-10{@LIM3|+3.300000E-10|+3.899999E-10|+2.805000E-10}}
}
{@BLOCK|ph101|00
{@A-RES|0|+1.027897E+03{@LIM3|+1.000000E+03|+1.550000E+03|+4.500000E+02}}
}
{@BLOCK|prz39|00
{@A-RES|0|+2.012233E+04{@LIM3|+2.031900E+04|+2.336685E+04|+1.727115E+04}}
}
{@BLOCK|pr25|00
{@A-RES|0|+1.005690E+05{@LIM3|+9.000000E+04|+1.080000E+05|+6.300000E+04}}
}
{@BLOCK|pr1864|00
{@A-RES|0|+1.000355E+05{@LIM3|+1.000000E+05|+1.110000E+05|+8.900000E+04}}
}
{@BLOCK|prb22|00
{@A-RES|0|+9.981124E+04{@LIM3|+1.000000E+05|+1.110000E+05|+8.900000E+04}}
}
{@BLOCK|prb26|00
{@A-RES|0|+1.001319E+05{@LIM3|+1.000000E+05|+1.110000E+05|+8.900000E+04}}
}
{@BLOCK|prb31|00
{@A-RES|0|+9.997997E+04{@LIM3|+1.000000E+05|+1.110000E+05|+8.900000E+04}}
}
{@BLOCK|prb32|00
{@A-RES|0|+9.917514E+04{@LIM3|+1.000000E+05|+1.110000E+05|+8.900000E+04}}
}
{@BLOCK|prg8|00
{@A-RES|0|+9.996057E+04{@LIM3|+1.000000E+05|+1.110000E+05|+8.900000E+04}}
}
{@BLOCK|r376|00
{@A-RES|0|+9.964072E+04{@LIM3|+1.000000E+05|+1.110000E+05|+8.900000E+04}}
}
{@BLOCK|rg45|00
{@A-RES|0|+9.630728E+04{@LIM3|+1.000000E+05|+1.110000E+05|+8.900000E+04}}
}
{@BLOCK|rg55|00
{@A-RES|0|+9.191444E+04{@LIM3|+1.000000E+05|+1.200000E+05|+8.000000E+04}}
}
{@BLOCK|rg62|00
{@A-RES|0|+9.243023E+04{@LIM3|+1.000000E+05|+1.200000E+05|+8.000000E+04}}
}
{@BLOCK|rts4|00
{@A-RES|0|+9.572325E+04{@LIM3|+1.000000E+05|+1.500000E+05|+5.000000E+04}}
}
{@BLOCK|pcg12|00
{@A-CAP|0|+2.270068E-09{@LIM3|+2.200000E-09|+2.640000E-09|+1.760000E-09}}
}
{@BLOCK|pcg208|00
{@A-CAP|0|+9.749084E-04{@LIM3|+8.800000E-04|+1.144000E-03|+6.141740E-04}}
}
{@BLOCK|pcb4|00
{@A-CAP|0|+4.911902E-08{@LIM3|+4.700000E-08|+6.110000E-08|+3.290000E-08}}
}
{@BLOCK|pcz19|00
{@A-CAP|0|+4.135729E-10{@LIM3|+3.900000E-10|+4.755001E-10|+3.120000E-10}}
}
{@BLOCK|ph102|00
{@A-RES|0|+9.956824E+02{@LIM3|+1.000000E+03|+1.550000E+03|+4.500000E+02}}
}
{@BLOCK|prz40|00
{@A-RES|0|+2.023497E+04{@LIM3|+2.031900E+04|+2.336685E+04|+1.727115E+04}}
}
{@BLOCK|prz54|00
{@A-RES|0|+4.443806E+03{@LIM3|+4.500000E+03|+5.175000E+03|+3.825000E+03}}
}
{@BLOCK|prv8|00
{@A-RES|0|+9.995382E+03{@LIM3|+1.000000E+04|+1.060000E+04|+9.400000E+03}}
}
{@BLOCK|rts5|00
{@A-RES|0|+9.720304E+04{@LIM3|+1.000000E+05|+1.500000E+05|+5.000000E+04}}
}
{@BLOCK|rts6|00
{@A-RES|0|+9.789378E+04{@LIM3|+1.000000E+05|+1.500000E+05|+5.000000E+04}}
}
{@BLOCK|prg20|00
{@A-RES|0|+1.330924E+03{@LIM3|+1.334000E+03|+1.414040E+03|+1.253960E+03}}
}
{@BLOCK|prz259|00
{@A-RES|0|+4.250775E+03{@LIM3|+4.344000E+03|+5.430000E+03|+3.258000E+03}}
}
{@BLOCK|prg22|00
{@A-RES|0|+4.721060E+03{@LIM3|+5.000000E+03|+5.300000E+03|+4.700000E+03}}
}
{@BLOCK|prv5|00
{@A-RES|0|+1.001722E+04{@LIM3|+1.000000E+04|+1.060000E+04|+9.400000E+03}}
}
{@BLOCK|prv34|00
{@A-RES|0|+1.011135E+04{@LIM3|+1.000000E+04|+1.060000E+04|+9.400000E+03}}
}
{@BLOCK|prw21|00
{@A-RES|0|+1.004288E+04{@LIM3|+1.000000E+04|+1.060000E+04|+9.400000E+03}}
}
{@BLOCK|prz41|00
{@A-RES|0|+1.002725E+04{@LIM3|+1.000000E+04|+1.060000E+04|+9.400000E+03}}
}
{@BLOCK|prz256|00
{@A-RES|0|+1.001650E+04{@LIM3|+1.000000E+04|+1.060000E+04|+9.400000E+03}}
}
{@BLOCK|rg56|00
{@A-RES|0|+9.935925E+03{@LIM3|+1.000000E+04|+1.060000E+04|+9.400000E+03}}
}
{@BLOCK|pr201|00
{@A-RES|0|+1.026972E+02{@LIM3|+1.000000E+02|+1.110000E+02|+9.400000E+01}}
}
{@BLOCK|pr202|00
{@A-RES|0|+1.050142E+02{@LIM3|+1.000000E+02|+1.110000E+02|+9.400000E+01}}
}
{@BLOCK|prg31|00
{@A-JUM|0|+3.729244E+00{@LIM2|+1.500000E+01|+0.000000E+00}}
}
{@BLOCK|prv12|00
{@A-JUM|0|+3.793414E+00{@LIM2|+1.500000E+01|+0.000000E+00}}
}
{@BLOCK|prv15|00
{@A-JUM|0|+4.654811E+00{@LIM2|+1.500000E+01|+0.000000E+00}}
}
{@BLOCK|prw23|00
{@A-JUM|0|+4.308607E+00{@LIM2|+1.500000E+01|+0.000000E+00}}
}
{@BLOCK|pr203|00
{@A-RES|0|+2.004291E+05{@LIM3|+2.000000E+05|+2.220000E+05|+1.780000E+05}}
}
{@BLOCK|rz40|00
{@A-RES|0|+1.998160E+05{@LIM3|+2.000000E+05|+2.220000E+05|+1.780000E+05}}
}
{@BLOCK|pr204|00
{@A-RES|0|+1.005693E+04{@LIM3|+1.000000E+04|+1.100000E+04|+9.000000E+03}}
}
{@BLOCK|r3814|00
{@A-RES|0|+9.917618E+03{@LIM3|+1.000000E+04|+1.100000E+04|+9.000000E+03}}
}
{@BLOCK|r5804|00
{@A-RES|0|+1.006452E+04{@LIM3|+1.000000E+04|+1.100000E+04|+9.000000E+03}}
}
{@BLOCK|r5812|00
{@A-RES|0|+1.011902E+04{@LIM3|+1.000000E+04|+1.100000E+04|+9.000000E+03}}
}
{@BLOCK|r10203|00
{@A-RES|0|+1.011135E+04{@LIM3|+1.000000E+04|+1.100000E+04|+9.000000E+03}}
}
{@BLOCK|rc829|00
{@A-RES|0|+9.989537E+03{@LIM3|+1.000000E+04|+1.060000E+04|+9.400000E+03}}
}
{@BLOCK|prv31|00
{@A-RES|0|+5.616103E+04{@LIM3|+5.593200E+04|+6.711840E+04|+4.474560E+04}}
}
{@BLOCK|prg18|00
{@A-JUM|0|+3.341464E+00{@LIM2|+1.500000E+01|+0.000000E+00}}
}
{@BLOCK|prz47|00
{@A-RES|0|+9.964585E+01{@LIM3|+1.000000E+02|+1.110000E+02|+9.400000E+01}}
}
{@BLOCK|rc278|00
{@A-RES|0|+5.677182E+01{@LIM3|+5.600000E+01|+6.436002E+01|+5.264000E+01}}
}
{@BLOCK|r5802|00
{@A-RES|0|+1.011761E+04{@LIM3|+1.000000E+04|+1.100000E+04|+9.000000E+03}}
}
{@BLOCK|r5814|00
{@A-RES|0|+1.014959E+04{@LIM3|+1.000000E+04|+1.100000E+04|+9.000000E+03}}
}
{@BLOCK|rc60|00
{@A-RES|0|+1.029101E+04{@LIM3|+1.000000E+04|+1.100000E+04|+9.000000E+03}}
}
{@BLOCK|ra5608|00
{@A-RES|0|+1.010315E+04{@LIM3|+1.000000E+04|+1.100000E+04|+9.000000E+03}}
}
{@BLOCK|rbl6406|00
{@A-RES|0|+1.003580E+04{@LIM3|+1.000000E+04|+1.100000E+04|+9.000000E+03}}
}
{@BLOCK|rbl6411|00
{@A-RES|0|+1.004828E+04{@LIM3|+1.000000E+04|+1.100000E+04|+9.000000E+03}}
}
{@BLOCK|rbl6424|00
{@A-RES|0|+1.006018E+04{@LIM3|+1.000000E+04|+1.100000E+04|+9.000000E+03}}
}
{@BLOCK|rg1|00
{@A-RES|0|+9.938189E+03{@LIM3|+1.000000E+04|+1.100000E+04|+9.000000E+03}}
}
{@BLOCK|rg5|00
{@A-RES|0|+1.017818E+04{@LIM3|+1.000000E+04|+1.100000E+04|+9.000000E+03}}
}
{@BLOCK|rg17|00
{@A-RES|0|+4.412661E+03{@LIM3|+6.000000E+03|+8.100000E+03|+3.900000E+03}}
}
{@BLOCK|rg21|00
{@A-RES|0|+1.003130E+04{@LIM3|+1.000000E+04|+1.100000E+04|+9.000000E+03}}
}
{@BLOCK|rg29|00
{@A-RES|0|+1.003262E+04{@LIM3|+1.000000E+04|+1.100000E+04|+9.000000E+03}}
}
{@BLOCK|rg31|00
{@A-RES|0|+1.036262E+04{@LIM3|+1.000000E+04|+1.100000E+04|+9.000000E+03}}
}
{@BLOCK|rg32|00
{@A-RES|0|+1.002864E+04{@LIM3|+1.000000E+04|+1.100000E+04|+9.000000E+03}}
}
{@BLOCK|rg35|00
{@A-RES|0|+1.007933E+04{@LIM3|+1.000000E+04|+1.100000E+04|+9.000000E+03}}
}
{@BLOCK|rg70|00
{@A-RES|0|+9.869916E+03{@LIM3|+8.000000E+03|+1.360000E+04|+2.400000E+03}}
}
{@BLOCK|rg140|00
{@A-RES|0|+9.991610E+03{@LIM3|+1.000000E+04|+1.100000E+04|+9.000000E+03}}
}
{@BLOCK|rg142|00
{@A-RES|0|+1.023385E+04{@LIM3|+1.000000E+04|+1.100000E+04|+9.000000E+03}}
}
{@BLOCK|rg195|00
{@A-RES|0|+1.002134E+04{@LIM3|+1.000000E+04|+1.100000E+04|+9.000000E+03}}
}
{@BLOCK|rc62|00
{@A-RES|0|+1.015173E+04{@LIM3|+1.000000E+04|+1.100000E+04|+9.000000E+03}}
}
{@BLOCK|rc364|00
{@A-RES|0|+1.027491E+04{@LIM3|+1.000000E+04|+1.100000E+04|+9.000000E+03}}
}
{@BLOCK|rc365|00
{@A-RES|0|+1.038514E+04{@LIM3|+1.000000E+04|+1.100000E+04|+9.000000E+03}}
}
{@BLOCK|rc1168|00
{@A-RES|0|+8.475434E+04{@LIM3|+1.000000E+05|+1.350000E+05|+6.500000E+04}}
}
{@BLOCK|rc1211|00
{@A-RES|0|+1.000996E+04{@LIM3|+1.000000E+04|+1.100000E+04|+9.000000E+03}}
}
{@BLOCK|rc1212|00
{@A-RES|0|+9.998654E+03{@LIM3|+1.000000E+04|+1.100000E+04|+9.000000E+03}}
}
{@BLOCK|rh49|00
{@A-RES|0|+9.944198E+03{@LIM3|+1.000000E+04|+1.100000E+04|+9.000000E+03}}
}
{@BLOCK|rh50|00
{@A-RES|0|+9.627037E+03{@LIM3|+1.000000E+04|+1.100000E+04|+9.000000E+03}}
}
{@BLOCK|rh81|00
{@A-RES|0|+1.015901E+04{@LIM3|+1.000000E+04|+1.100000E+04|+9.000000E+03}}
}
{@BLOCK|rh110|00
{@A-RES|0|+9.849347E+03{@LIM3|+1.000000E+04|+1.100000E+04|+9.000000E+03}}
}
{@BLOCK|rh116|00
{@A-RES|0|+9.984717E+03{@LIM3|+1.000000E+04|+1.100000E+04|+9.000000E+03}}
}
{@BLOCK|rh168|00
{@A-RES|0|+1.003151E+04{@LIM3|+1.000000E+04|+1.100000E+04|+9.000000E+03}}
}
{@BLOCK|rh170|00
{@A-RES|0|+9.844847E+03{@LIM3|+1.000000E+04|+1.100000E+04|+9.000000E+03}}
}
{@BLOCK|rn70|00
{@A-RES|0|+1.002791E+04{@LIM3|+1.000000E+04|+1.100000E+04|+9.000000E+03}}
}
{@BLOCK|rn77|00
{@A-RES|0|+9.746441E+03{@LIM3|+1.000000E+04|+1.100000E+04|+9.000000E+03}}
}
{@BLOCK|rn1118|00
{@A-RES|0|+1.002071E+04{@LIM3|+1.000000E+04|+1.100000E+04|+9.000000E+03}}
}
{@BLOCK|rg196|00
{@A-RES|0|+1.000577E+04{@LIM3|+1.000000E+04|+1.100000E+04|+9.000000E+03}}
}
{@BLOCK|rg285|00
{@A-RES|0|+1.005326E+04{@LIM3|+1.000000E+04|+1.100000E+04|+9.000000E+03}}
}
{@BLOCK|rg287|00
{@A-RES|0|+1.017271E+04{@LIM3|+1.000000E+04|+1.100000E+04|+9.000000E+03}}
}
{@BLOCK|rg1746|00
{@A-RES|0|+1.005126E+04{@LIM3|+1.000000E+04|+1.100000E+04|+9.000000E+03}}
}
{@BLOCK|rh39|00
{@A-RES|0|+1.006777E+04{@LIM3|+1.000000E+04|+1.100000E+04|+9.000000E+03}}
}
{@BLOCK|rh4005|00
{@A-RES|0|+1.015294E+04{@LIM3|+1.000000E+04|+1.100000E+04|+9.000000E+03}}
}
{@BLOCK|rh4006|00
{@A-RES|0|+1.006886E+04{@LIM3|+1.000000E+04|+1.100000E+04|+9.000000E+03}}
}
{@BLOCK|rps19|00
{@A-RES|0|+1.000018E+04{@LIM3|+1.000000E+04|+1.100000E+04|+9.000000E+03}}
}
{@BLOCK|rn1119|00
{@A-RES|0|+1.013854E+04{@LIM3|+1.000000E+04|+1.100000E+04|+9.000000E+03}}
}
{@BLOCK|pr210|00
{@A-RES|0|+1.002061E+03{@LIM3|+1.000000E+03|+1.100000E+03|+9.000000E+02}}
}
{@BLOCK|r5834|00
{@A-RES|0|+1.003650E+03{@LIM3|+1.000000E+03|+1.100000E+03|+9.000000E+02}}
}
{@BLOCK|r5835|00
{@A-RES|0|+1.006079E+03{@LIM3|+1.000000E+03|+1.100000E+03|+9.000000E+02}}
}
{@BLOCK|rc32|00
{@A-RES|0|+1.014051E+03{@LIM3|+1.000000E+03|+1.100000E+03|+9.000000E+02}}
}
{@BLOCK|rc92|00
{@A-RES|0|+9.778418E+02{@LIM3|+8.780000E+02|+1.317000E+03|+4.390000E+02}}
}
{@BLOCK|rc878|00
{@A-RES|0|+9.719325E+02{@LIM3|+8.920000E+02|+1.248800E+03|+5.352000E+02}}
}
{@BLOCK|rc880|00
{@A-RES|0|+9.710610E+02{@LIM3|+8.930000E+02|+1.250200E+03|+5.358000E+02}}
}
{@BLOCK|rps29|00
{@A-RES|0|+9.842912E+03{@LIM3|+1.000000E+04|+1.100000E+04|+9.000000E+03}}
}
{@BLOCK|rt4316|00
{@A-RES|0|+1.022814E+04{@LIM3|+1.000000E+04|+1.100000E+04|+9.000000E+03}}
}
{@BLOCK|rt4323|00
{@A-RES|0|+9.943478E+03{@LIM3|+1.000000E+04|+1.100000E+04|+9.000000E+03}}
}
{@BLOCK|rv25|00
{@A-RES|0|+1.017190E+04{@LIM3|+1.000000E+04|+1.100000E+04|+9.000000E+03}}
}
{@BLOCK|rw5217|00
{@A-RES|0|+1.004504E+04{@LIM3|+1.000000E+04|+1.100000E+04|+9.000000E+03}}
}
{@BLOCK|r10234|00
{@A-RES|0|+1.003878E+03{@LIM3|+1.000000E+03|+1.100000E+03|+9.000000E+02}}
}
{@BLOCK|pr211|00
{@A-RES|0|+7.539385E+02{@LIM3|+7.500000E+02|+7.950000E+02|+7.050000E+02}}
}
{@BLOCK|pr213|00
{@A-RES|0|+4.687931E+05{@LIM3|+4.700000E+05|+5.217000E+05|+4.183000E+05}}
}
{@BLOCK|pr215|00
{@A-RES|0|+4.734419E+05{@LIM3|+4.700000E+05|+5.217000E+05|+4.183000E+05}}
}
{@BLOCK|prv24|00
{@A-RES|0|+1.006418E+03{@LIM3|+1.000000E+03|+1.060000E+03|+9.400000E+02}}
}
{@BLOCK|prv25|00
{@A-RES|0|+1.003272E+03{@LIM3|+1.000000E+03|+1.060000E+03|+9.400000E+02}}
}
{@BLOCK|prw1|00
{@A-RES|0|+1.005498E+03{@LIM3|+1.000000E+03|+1.060000E+03|+9.400000E+02}}
}
{@BLOCK|rtp6301|00
{@A-RES|0|+1.006094E+03{@LIM3|+1.000000E+03|+1.060000E+03|+9.400000E+02}}
}
{@BLOCK|rtp6318|00
{@A-RES|0|+1.004472E+03{@LIM3|+1.000000E+03|+1.060000E+03|+9.400000E+02}}
}
{@BLOCK|rtp6340|00
{@A-RES|0|+1.002317E+03{@LIM3|+1.000000E+03|+1.060000E+03|+9.400000E+02}}
}
{@BLOCK|pr308|00
{@A-RES|0|+9.962931E+04{@LIM3|+1.000000E+05|+1.150000E+05|+8.500000E+04}}
}
{@BLOCK|pr507|00
{@A-RES|0|+9.942892E+04{@LIM3|+1.000000E+05|+1.150000E+05|+8.500000E+04}}
}
{@BLOCK|pr1011|00
{@A-RES|0|+1.009591E+05{@LIM3|+1.000000E+05|+1.150000E+05|+8.500000E+04}}
}
{@BLOCK|pr1101|00
{@A-RES|0|+1.001642E+05{@LIM3|+1.000000E+05|+1.150000E+05|+8.500000E+04}}
}
{@BLOCK|pr1805|00
{@A-RES|0|+1.007693E+05{@LIM3|+1.000000E+05|+1.150000E+05|+8.500000E+04}}
}
{@BLOCK|pr1885|00
{@A-RES|0|+1.018275E+05{@LIM3|+1.000000E+05|+1.150000E+05|+8.500000E+04}}
}
{@BLOCK|prb29|00
{@A-RES|0|+9.965123E+04{@LIM3|+1.000000E+05|+1.150000E+05|+8.500000E+04}}
}
{@BLOCK|prb30|00
{@A-RES|0|+1.002246E+05{@LIM3|+1.000000E+05|+1.150000E+05|+8.500000E+04}}
}
{@BLOCK|r3806|00
{@A-RES|0|+9.984306E+04{@LIM3|+1.000000E+05|+1.150000E+05|+8.500000E+04}}
}
{@BLOCK|rc890|00
{@A-RES|0|+9.749709E+02{@LIM3|+8.930000E+02|+1.339500E+03|+4.465000E+02}}
}
{@BLOCK|rc891|00
{@A-RES|0|+9.592212E+02{@LIM3|+8.960000E+02|+1.344000E+03|+4.480000E+02}}
}
{@BLOCK|rc892|00
{@A-RES|0|+1.009712E+03{@LIM3|+1.000000E+03|+1.100000E+03|+9.000000E+02}}
}
{@BLOCK|rl5101|00
{@A-RES|0|+1.002149E+03{@LIM3|+1.000000E+03|+1.100000E+03|+9.000000E+02}}
}
{@BLOCK|rc18|00
{@A-RES|0|+9.692942E+02{@LIM3|+1.000000E+03|+1.300000E+03|+7.000000E+02}}
}
{@BLOCK|rc20|00
{@A-RES|0|+1.017815E+03{@LIM3|+1.000000E+03|+1.060000E+03|+9.400000E+02}}
}
{@BLOCK|r3803|00
{@A-RES|0|+1.003651E+05{@LIM3|+1.000000E+05|+1.150000E+05|+8.500000E+04}}
}
{@BLOCK|r10178|00
{@A-RES|0|+1.017185E+05{@LIM3|+1.000000E+05|+1.150000E+05|+8.500000E+04}}
}
{@BLOCK|r5823|00
{@A-RES|0|+9.984306E+04{@LIM3|+1.000000E+05|+1.150000E+05|+8.500000E+04}}
}
{@BLOCK|r5824|00
{@A-RES|0|+1.011731E+05{@LIM3|+1.000000E+05|+1.150000E+05|+8.500000E+04}}
}
{@BLOCK|r5825|00
{@A-RES|0|+1.012004E+05{@LIM3|+1.000000E+05|+1.150000E+05|+8.500000E+04}}
}
{@BLOCK|r5839|00
{@A-RES|0|+9.867786E+04{@LIM3|+1.000000E+05|+1.150000E+05|+8.500000E+04}}
}
{@BLOCK|r10153|00
{@A-RES|0|+9.895337E+04{@LIM3|+1.000000E+05|+1.150000E+05|+8.500000E+04}}
}
{@BLOCK|r10202|00
{@A-RES|0|+9.860997E+04{@LIM3|+1.000000E+05|+1.150000E+05|+8.500000E+04}}
}
{@BLOCK|r10249|00
{@A-RES|0|+1.009980E+05{@LIM3|+1.000000E+05|+1.150000E+05|+8.500000E+04}}
}
{@BLOCK|r10250|00
{@A-RES|0|+1.009577E+05{@LIM3|+1.000000E+05|+1.150000E+05|+8.500000E+04}}
}
{@BLOCK|r10251|00
{@A-RES|0|+9.997127E+04{@LIM3|+1.000000E+05|+1.150000E+05|+8.500000E+04}}
}
{@BLOCK|r10252|00
{@A-RES|0|+1.016575E+05{@LIM3|+1.000000E+05|+1.150000E+05|+8.500000E+04}}
}
{@BLOCK|r10253|00
{@A-RES|0|+1.012680E+05{@LIM3|+1.000000E+05|+1.150000E+05|+8.500000E+04}}
}
{@BLOCK|r10257|00
{@A-RES|0|+1.004567E+05{@LIM3|+1.000000E+05|+1.150000E+05|+8.500000E+04}}
}
{@BLOCK|r10258|00
{@A-RES|0|+1.008763E+05{@LIM3|+1.000000E+05|+1.150000E+05|+8.500000E+04}}
}
{@BLOCK|rbl80|00
{@A-RES|0|+1.000379E+05{@LIM3|+1.000000E+05|+1.150000E+05|+8.500000E+04}}
}
{@BLOCK|rbl6436|00
{@A-RES|0|+1.012389E+05{@LIM3|+1.000000E+05|+1.150000E+05|+8.500000E+04}}
}
{@BLOCK|rbl6438|00
{@A-RES|0|+1.000141E+05{@LIM3|+1.000000E+05|+1.150000E+05|+8.500000E+04}}
}
{@BLOCK|rc893|00
{@A-RES|0|+1.014588E+05{@LIM3|+1.000000E+05|+1.150000E+05|+8.500000E+04}}
}
{@BLOCK|rc1139|00
{@A-RES|0|+9.889682E+04{@LIM3|+1.000000E+05|+1.200000E+05|+8.000000E+04}}
}
{@BLOCK|rc1151|00
{@A-RES|0|+1.023226E+05{@LIM3|+1.000000E+05|+1.150000E+05|+8.500000E+04}}
}
{@BLOCK|rg38|00
{@A-RES|0|+9.877434E+04{@LIM3|+1.000000E+05|+1.150000E+05|+8.500000E+04}}
}
{@BLOCK|rg1748|00
{@A-RES|0|+9.937676E+04{@LIM3|+1.000000E+05|+1.150000E+05|+8.500000E+04}}
}
{@BLOCK|rh41|00
{@A-RES|0|+1.001796E+05{@LIM3|+1.000000E+05|+1.150000E+05|+8.500000E+04}}
}
{@BLOCK|rh42|00
{@A-RES|0|+9.342049E+04{@LIM3|+9.090900E+04|+1.045454E+05|+7.727265E+04}}
}
{@BLOCK|rh43|00
{@A-RES|0|+9.940936E+04{@LIM3|+1.000000E+05|+1.150000E+05|+8.500000E+04}}
}
{@BLOCK|rc307|00
{@A-RES|0|+9.923244E+04{@LIM3|+1.000000E+05|+1.150000E+05|+7.500000E+04}}
}
{@BLOCK|rc313|00
{@A-RES|0|+1.013111E+05{@LIM3|+1.000000E+05|+1.150000E+05|+8.500000E+04}}
}
{@BLOCK|rc314|00
{@A-RES|0|+1.017818E+05{@LIM3|+1.000000E+05|+1.150000E+05|+8.500000E+04}}
}
{@BLOCK|rc894|00
{@A-RES|0|+1.028348E+05{@LIM3|+1.000000E+05|+1.150000E+05|+8.500000E+04}}
}
{@BLOCK|rc1157|00
{@A-RES|0|+8.324763E+04{@LIM3|+1.000000E+05|+1.350000E+05|+6.500000E+04}}
}
{@BLOCK|rg26|00
{@A-RES|0|+1.014726E+05{@LIM3|+1.000000E+05|+1.150000E+05|+8.500000E+04}}
}
{@BLOCK|qg6%qf2|00
{@A-NFE|0|+5.847683E+01{@LIM2|+2.000000E+02|+2.000000E+01}}
}
{@BLOCK|rh56|00
{@A-RES|0|+1.015152E+05{@LIM3|+1.000000E+05|+1.150000E+05|+8.500000E+04}}
}
{@BLOCK|rh44|00
{@A-RES|0|+1.004772E+05{@LIM3|+1.000000E+05|+1.150000E+05|+8.500000E+04}}
}
{@BLOCK|rh53|00
{@A-RES|0|+1.049697E+05{@LIM3|+1.000000E+05|+1.150000E+05|+8.500000E+04}}
}
{@BLOCK|rh92|00
{@A-RES|0|+8.586271E+04{@LIM3|+1.000000E+05|+1.350000E+05|+6.500000E+04}}
}
{@BLOCK|rh133|00
{@A-RES|0|+1.016158E+05{@LIM3|+1.000000E+05|+1.150000E+05|+8.500000E+04}}
}
{@BLOCK|rh135|00
{@A-RES|0|+1.022811E+05{@LIM3|+1.000000E+05|+1.150000E+05|+8.500000E+04}}
}
{@BLOCK|rh158|00
{@A-RES|0|+9.994041E+04{@LIM3|+1.000000E+05|+1.150000E+05|+8.500000E+04}}
}
{@BLOCK|rh167|00
{@A-RES|0|+1.000891E+05{@LIM3|+1.000000E+05|+1.150000E+05|+8.500000E+04}}
}
{@BLOCK|rh180|00
{@A-RES|0|+1.010736E+05{@LIM3|+1.000000E+05|+1.150000E+05|+8.500000E+04}}
}
{@BLOCK|rt3|00
{@A-RES|0|+9.960675E+04{@LIM3|+1.000000E+05|+1.150000E+05|+8.500000E+04}}
}
{@BLOCK|rv2|00
{@A-RES|0|+1.014808E+05{@LIM3|+1.000000E+05|+1.150000E+05|+8.500000E+04}}
}
{@BLOCK|rv750|00
{@A-RES|0|+9.486454E+04{@LIM3|+1.000000E+05|+1.150000E+05|+8.500000E+04}}
}
{@BLOCK|rv751|00
{@A-RES|0|+1.035603E+05{@LIM3|+1.000000E+05|+1.150000E+05|+8.500000E+04}}
}
{@BLOCK|rv3703|00
{@A-RES|0|+1.088527E+05{@LIM3|+1.000000E+05|+1.150000E+05|+8.500000E+04}}
}
{@BLOCK|rw5211|00
{@A-RES|0|+1.011074E+05{@LIM3|+1.000000E+05|+1.150000E+05|+8.500000E+04}}
}
{@BLOCK|pr506|00
{@A-RES|0|+1.469248E+05{@LIM3|+1.500000E+05|+1.665000E+05|+1.335000E+05}}
}
{@BLOCK|r5806|00
{@A-RES|0|+2.222763E+03{@LIM3|+2.200000E+03|+2.420000E+03|+1.980000E+03}}
}
{@BLOCK|r5807|00
{@A-RES|0|+2.239924E+03{@LIM3|+2.200000E+03|+2.420000E+03|+1.980000E+03}}
}
{@BLOCK|r5832|00
{@A-RES|0|+2.195287E+03{@LIM3|+2.200000E+03|+2.420000E+03|+1.980000E+03}}
}
{@BLOCK|r5833|00
{@A-RES|0|+2.209096E+03{@LIM3|+2.200000E+03|+2.420000E+03|+1.980000E+03}}
}
{@BLOCK|rbl6431|00
{@A-RES|0|+2.197869E+03{@LIM3|+2.200000E+03|+2.420000E+03|+1.980000E+03}}
}
{@BLOCK|rbl6432|00
{@A-RES|0|+2.190345E+03{@LIM3|+2.200000E+03|+2.420000E+03|+1.980000E+03}}
}
{@BLOCK|rg41|00
{@A-RES|0|+2.185911E+03{@LIM3|+2.200000E+03|+2.420000E+03|+1.980000E+03}}
}
{@BLOCK|rg43|00
{@A-RES|0|+2.166161E+03{@LIM3|+2.200000E+03|+2.420000E+03|+1.980000E+03}}
}
{@BLOCK|rg1737|00
{@A-RES|0|+2.205560E+03{@LIM3|+2.200000E+03|+2.420000E+03|+1.980000E+03}}
}
{@BLOCK|rh186|00
{@A-RES|0|+1.008985E+05{@LIM3|+1.000000E+05|+1.150000E+05|+8.500000E+04}}
}
{@BLOCK|rh187|00
{@A-RES|0|+1.010672E+05{@LIM3|+1.000000E+05|+1.150000E+05|+8.500000E+04}}
}
{@BLOCK|rv3710|00
{@A-RES|0|+6.143487E+04{@LIM3|+6.000000E+04|+6.900000E+04|+5.100000E+04}}
}
{@BLOCK|rw5202|00
{@A-RES|0|+1.017347E+05{@LIM3|+1.000000E+05|+1.150000E+05|+8.500000E+04}}
}
{@BLOCK|pr509|00
{@A-RES|0|+2.208517E+03{@LIM3|+2.200000E+03|+2.420000E+03|+1.980000E+03}}
}
{@BLOCK|rg23|00
{@A-RES|0|+2.206473E+03{@LIM3|+2.200000E+03|+2.420000E+03|+1.980000E+03}}
}
{@BLOCK|rg39|00
{@A-RES|0|+2.275883E+03{@LIM3|+2.200000E+03|+2.420000E+03|+1.980000E+03}}
}
{@BLOCK|rg1739|00
{@A-RES|0|+2.214758E+03{@LIM3|+2.200000E+03|+2.420000E+03|+1.980000E+03}}
}
{@BLOCK|pr1001|00
{@A-RES|0|+1.022480E+06{@LIM3|+1.000000E+06|+1.210000E+06|+7.900000E+05}}
}
{@BLOCK|pr1806|00
{@A-RES|0|+8.753959E+05{@LIM3|+1.000000E+06|+1.300000E+06|+7.000000E+05}}
}
{@BLOCK|prb2|00
{@A-RES|0|+1.001272E+06{@LIM3|+1.000000E+06|+1.210000E+06|+7.900000E+05}}
}
{@BLOCK|rh34|00
{@A-RES|0|+1.994170E+04{@LIM3|+2.000000E+04|+2.120000E+04|+1.880000E+04}}
}
{@BLOCK|rh65|00
{@A-RES|0|+1.989774E+04{@LIM3|+2.000000E+04|+2.120000E+04|+1.880000E+04}}
}
{@BLOCK|rt4309|00
{@A-RES|0|+2.000615E+04{@LIM3|+2.000000E+04|+2.120000E+04|+1.880000E+04}}
}
{@BLOCK|prdg3|00
{@A-RES|0|+9.988142E+05{@LIM3|+1.000000E+06|+1.250000E+06|+7.500000E+05}}
}
{@BLOCK|pre10|00
{@A-RES|0|+1.003850E+06{@LIM3|+1.000000E+06|+1.250000E+06|+7.500000E+05}}
}
{@BLOCK|rc864|00
{@A-RES|0|+9.850411E+05{@LIM3|+1.000000E+06|+1.250000E+06|+7.500000E+05}}
}
{@BLOCK|pr1863|00
{@A-RES|0|+7.527867E+04{@LIM3|+7.500000E+04|+7.950000E+04|+7.050000E+04}}
}
{@BLOCK|prb34|00
{@A-RES|0|+7.456639E+04{@LIM3|+7.500000E+04|+7.950000E+04|+7.050000E+04}}
}
{@BLOCK|rw5212|00
{@A-RES|0|+7.369839E+04{@LIM3|+7.500000E+04|+8.625000E+04|+6.375000E+04}}
}
{@BLOCK|rg137|00
{@A-JUM|0|+8.239125E+00{@LIM2|+1.500000E+01|+0.000000E+00}}
}
{@BLOCK|prb3|00
{@A-RES|0|+2.961386E+06{@LIM3|+3.000000E+06|+3.750000E+06|+2.250000E+06}}
}
{@BLOCK|prb6|00
{@A-RES|0|+4.024603E+03{@LIM3|+4.020000E+03|+4.261200E+03|+3.778800E+03}}
}
{@BLOCK|prv155|00
{@A-JUM|0|+6.050754E+00{@LIM2|+1.500000E+01|+0.000000E+00}}
}
{@BLOCK|prv156|00
{@A-JUM|0|+5.743423E+00{@LIM2|+1.500000E+01|+0.000000E+00}}
}
{@BLOCK|prv169|00
{@A-JUM|0|+6.947555E+00{@LIM2|+1.500000E+01|+0.000000E+00}}
}
{@BLOCK|prv170|00
{@A-JUM|0|+5.993455E+00{@LIM2|+1.500000E+01|+0.000000E+00}}
}
{@BLOCK|prw4|00
{@A-RES|0|+3.083948E+04{@LIM3|+3.160000E+04|+3.349600E+04|+2.970400E+04}}
}
{@BLOCK|rg193|00
{@A-RES|0|+3.171076E+04{@LIM3|+3.160000E+04|+3.349600E+04|+2.970400E+04}}
}
{@BLOCK|prb20|00
{@A-RES|0|+3.136024E+05{@LIM3|+3.160000E+05|+3.507600E+05|+2.812400E+05}}
}
{@BLOCK|prb27|00
{@A-RES|0|+1.206469E+05{@LIM3|+1.200000E+05|+1.332000E+05|+1.068000E+05}}
}
{@BLOCK|prb33|00
{@A-RES|0|+5.108181E+05{@LIM3|+5.110000E+05|+5.672100E+05|+4.547900E+05}}
}
{@BLOCK|rg1740|00
{@A-RES|0|+2.275883E+03{@LIM3|+2.200000E+03|+2.420000E+03|+1.980000E+03}}
}
{@BLOCK|rh2|00
{@A-RES|0|+2.175322E+03{@LIM3|+2.200000E+03|+2.420000E+03|+1.980000E+03}}
}
{@BLOCK|rh6|00
{@A-RES|0|+2.340878E+03{@LIM3|+2.200000E+03|+2.420000E+03|+1.980000E+03}}
}
{@BLOCK|pr1802|00
{@A-RES|0|+3.296818E+03{@LIM3|+3.300000E+03|+3.498000E+03|+3.102000E+03}}
}
{@BLOCK|pr1883|00
{@A-JUM|0|+8.827254E+00{@LIM2|+1.500000E+01|+0.000000E+00}}
}
{@BLOCK|rc895|00
{@A-JUM|0|+3.803836E+00{@LIM2|+1.500000E+01|+0.000000E+00}}
}
{@BLOCK|prg10|00
{@A-RES|0|+6.064350E+03{@LIM3|+6.040000E+03|+6.402400E+03|+5.677600E+03}}
}
{@BLOCK|prg15|00
{@A-RES|0|+6.053311E+03{@LIM3|+6.040000E+03|+6.402400E+03|+5.677600E+03}}
}
{@BLOCK|prv26|00
{@A-RES|0|+6.032625E+04{@LIM3|+6.040000E+04|+6.402400E+04|+5.677600E+04}}
}
{@BLOCK|prv20|00
{@A-RES|0|+2.752210E+02{@LIM3|+2.740000E+02|+2.954400E+02|+2.575600E+02}}
}
{@BLOCK|prv21|00
{@A-RES|0|+1.376537E+04{@LIM3|+1.370000E+04|+1.452200E+04|+1.287800E+04}}
}
{@BLOCK|prv22|00
{@A-RES|0|+5.077044E+01{@LIM3|+4.990000E+01|+5.789398E+01|+4.690600E+01}}
}
{@BLOCK|rc1931|00
{@A-RES|0|+5.332831E+01{@LIM3|+4.990000E+01|+5.789398E+01|+4.690600E+01}}
}
{@BLOCK|rc1962|00
{@A-RES|0|+5.190854E+01{@LIM3|+4.990000E+01|+5.789398E+01|+4.690600E+01}}
}
{@BLOCK|rc1963|00
{@A-RES|0|+5.187409E+01{@LIM3|+4.990000E+01|+5.789398E+01|+4.690600E+01}}
}
{@BLOCK|prz31|00
{@A-RES|0|+5.894080E+04{@LIM3|+5.900000E+04|+6.254000E+04|+4.366000E+04}}
}
{@BLOCK|prz53|00
{@A-RES|0|+2.800800E+03{@LIM3|+2.800000E+03|+2.968000E+03|+2.632000E+03}}
}
{@BLOCK|rc1967|00
{@A-RES|0|+5.242265E+01{@LIM3|+4.990000E+01|+5.789398E+01|+4.690600E+01}}
}
{@BLOCK|rc1968|00
{@A-RES|0|+5.073812E+01{@LIM3|+4.990000E+01|+5.789398E+01|+4.690600E+01}}
}
{@BLOCK|rg174|00
{@A-RES|0|+4.959380E+01{@LIM3|+4.990000E+01|+5.789398E+01|+4.690600E+01}}
}
{@BLOCK|rg176|00
{@A-RES|0|+5.111546E+01{@LIM3|+4.990000E+01|+5.789398E+01|+4.690600E+01}}
}
{@BLOCK|rc398|00
{@A-RES|0|+4.965528E+02{@LIM3|+4.990000E+02|+5.289400E+02|+4.690600E+02}}
}
{@BLOCK|prv95|00
{@A-RES|0|+4.726748E+03{@LIM3|+4.700000E+03|+4.982000E+03|+4.418000E+03}}
}
{@BLOCK|prv215|00
{@A-RES|0|+2.990816E+05{@LIM3|+3.010000E+05|+3.341100E+05|+2.678900E+05}}
}
{@BLOCK|prv221|00
{@A-RES|0|+7.379388E+03{@LIM3|+7.320000E+03|+8.052000E+03|+6.588000E+03}}
}
{@BLOCK|prv222|00
{@A-RES|0|+7.672093E+03{@LIM3|+7.320000E+03|+8.418000E+03|+6.222000E+03}}
}
{@BLOCK|rh193|00
{@A-RES|0|+5.000952E+04{@LIM3|+4.990000E+04|+5.289400E+04|+4.690600E+04}}
}
{@BLOCK|rh194|00
{@A-RES|0|+5.003270E+04{@LIM3|+4.990000E+04|+5.289400E+04|+4.690600E+04}}
}
{@BLOCK|prz9|00
{@A-RES|0|+1.919654E+04{@LIM3|+1.910000E+04|+2.024600E+04|+1.795400E+04}}
}
{@BLOCK|prz15|00
{@A-RES|0|+3.399610E+03{@LIM3|+3.400000E+03|+4.284000E+03|+2.516000E+03}}
}
{@BLOCK|prz16|00
{@A-RES|0|+3.012078E+03{@LIM3|+3.010000E+03|+3.190600E+03|+2.829400E+03}}
}
{@BLOCK|prz27|00
{@A-RES|0|+7.989609E+04{@LIM3|+8.060000E+04|+1.370200E+05|+2.418000E+04}}
}
{@BLOCK|r374|00
{@A-RES|0|+4.720279E+03{@LIM3|+4.700000E+03|+4.982000E+03|+4.418000E+03}}
}
{@BLOCK|rg1763|00
{@A-RES|0|+4.695132E+03{@LIM3|+4.700000E+03|+4.982000E+03|+4.418000E+03}}
}
{@BLOCK|rg1764|00
{@A-RES|0|+4.715038E+03{@LIM3|+4.700000E+03|+4.982000E+03|+4.418000E+03}}
}
{@BLOCK|rh190|00
{@A-RES|0|+4.684440E+03{@LIM3|+4.700000E+03|+4.982000E+03|+4.418000E+03}}
}
{@BLOCK|rt4311|00
{@A-RES|0|+4.717419E+03{@LIM3|+4.700000E+03|+4.982000E+03|+4.418000E+03}}
}
{@BLOCK|prz5|00
{@A-RES|0|+3.239700E+04{@LIM3|+3.240000E+04|+3.434400E+04|+3.045600E+04}}
}
{@BLOCK|prz21|00
{@A-RES|0|+1.176178E+04{@LIM3|+1.180000E+04|+2.076800E+04|+2.832000E+03}}
}
{@BLOCK|prz29|00
{@A-RES|0|+1.920758E+03{@LIM3|+1.910000E+03|+2.483000E+03|+1.413400E+03}}
}
{@BLOCK|prz45|00
{@A-RES|0|+4.632054E+01{@LIM3|+4.530000E+01|+5.301799E+01|+4.258200E+01}}
}
{@BLOCK|prz55|00
{@A-RES|0|+1.688123E+03{@LIM3|+1.690000E+03|+1.791400E+03|+1.588600E+03}}
}
{@BLOCK|prz56|00
{@A-RES|0|+1.691435E+03{@LIM3|+1.690000E+03|+1.791400E+03|+1.588600E+03}}
}
{@BLOCK|prz61|00
{@A-JUM|0|+4.873713E+00{@LIM2|+1.500000E+01|+0.000000E+00}}
}
{@BLOCK|prz67|00
{@A-RES|0|+9.796241E+01{@LIM3|+8.900000E+01|+1.201500E+02|+6.230000E+01}}
}
{@BLOCK|prz65|00
{@A-RES|0|+6.491843E+04{@LIM3|+6.490000E+04|+6.879400E+04|+6.100600E+04}}
}
{@BLOCK|prz66|00
{@A-RES|0|+2.237520E+04{@LIM3|+2.210000E+04|+2.342600E+04|+2.077400E+04}}
}
{@BLOCK|prz121|00
{@A-RES|0|+9.311363E+02{@LIM3|+9.310000E+02|+9.868600E+02|+8.751400E+02}}
}
{@BLOCK|prz127|00
{@A-RES|0|+9.334673E+02{@LIM3|+9.310000E+02|+9.868600E+02|+8.751400E+02}}
}
{@BLOCK|prz230|00
{@A-RES|0|+9.347778E+02{@LIM3|+9.310000E+02|+9.868600E+02|+8.751400E+02}}
}
{@BLOCK|prz233|00
{@A-RES|0|+9.340415E+02{@LIM3|+9.310000E+02|+9.868600E+02|+8.751400E+02}}
}
{@BLOCK|prz221|00
{@A-RES|0|+1.496948E+03{@LIM3|+1.500000E+03|+1.590000E+03|+1.410000E+03}}
}
{@BLOCK|prz222|00
{@A-RES|0|+1.497911E+03{@LIM3|+1.500000E+03|+1.590000E+03|+1.410000E+03}}
}
{@BLOCK|prz223|00
{@A-RES|0|+2.744177E+03{@LIM3|+2.740000E+03|+2.904400E+03|+2.575600E+03}}
}
{@BLOCK|r30|00
{@A-RES|0|+6.847994E+02{@LIM3|+6.800000E+02|+7.208000E+02|+6.392000E+02}}
}
{@BLOCK|rh69|00
{@A-RES|0|+3.606980E+01{@LIM3|+3.300000E+01|+4.129999E+01|+2.970000E+01}}
}
{@BLOCK|prz33|00
{@A-RES|0|+2.375858E+04{@LIM3|+2.370000E+04|+3.223200E+04|+1.753800E+04}}
}
{@BLOCK|prz38|00
{@A-RES|0|+3.903359E+03{@LIM3|+3.900000E+03|+5.265000E+03|+2.886000E+03}}
}
{@BLOCK|prz57|00
{@A-JUM|0|+4.884973E+00{@LIM2|+1.500000E+01|+0.000000E+00}}
}
{@BLOCK|prz63|00
{@A-JUM|0|+5.464623E+00{@LIM2|+1.500000E+01|+0.000000E+00}}
}
{@BLOCK|rps27|00
{@A-RES|0|+1.962644E+06{@LIM3|+2.000000E+06|+2.500000E+06|+1.500000E+06}}
}
{@BLOCK|rg67|00
{@A-RES|0|+3.560078E+01{@LIM3|+3.300000E+01|+4.129999E+01|+2.970000E+01}}
}
{@BLOCK|rw5203|00
{@A-RES|0|+3.559673E+01{@LIM3|+3.300000E+01|+4.129999E+01|+2.970000E+01}}
}
{@BLOCK|rw5204|00
{@A-RES|0|+3.653414E+01{@LIM3|+3.300000E+01|+4.129999E+01|+2.970000E+01}}
}
{@BLOCK|r10201|00
{@A-RES|0|+7.300603E+04{@LIM3|+7.500000E+04|+8.250000E+04|+6.750000E+04}}
}
{@BLOCK|r10255|00
{@A-RES|0|+7.311523E+04{@LIM3|+7.500000E+04|+8.625000E+04|+6.375000E+04}}
}
{@BLOCK|rc1404|00
{@A-RES|0|+7.300603E+04{@LIM3|+7.500000E+04|+8.625000E+04|+6.375000E+04}}
}
{@BLOCK|rg135|00
{@A-RES|0|+4.980202E+01{@LIM3|+4.700000E+01|+5.670000E+01|+4.230000E+01}}
}
{@BLOCK|rg284|00
{@A-RES|0|+5.061736E+01{@LIM3|+4.700000E+01|+5.670000E+01|+4.230000E+01}}
}
{@BLOCK|rh11|00
{@A-RES|0|+4.749040E+03{@LIM3|+4.700000E+03|+5.170000E+03|+4.230000E+03}}
}
{@BLOCK|rh14|00
{@A-RES|0|+4.732428E+03{@LIM3|+4.700000E+03|+5.170000E+03|+4.230000E+03}}
}
{@BLOCK|rtp6306|00
{@A-RES|0|+4.703114E+03{@LIM3|+4.700000E+03|+6.110000E+03|+3.290000E+03}}
}
{@BLOCK|rtp6311|00
{@A-RES|0|+4.707277E+03{@LIM3|+4.700000E+03|+5.170000E+03|+4.230000E+03}}
}
{@BLOCK|rv684|00
{@A-RES|0|+4.559473E+03{@LIM3|+4.700000E+03|+5.170000E+03|+4.230000E+03}}
}
{@BLOCK|rv685|00
{@A-RES|0|+4.685309E+03{@LIM3|+4.700000E+03|+5.170000E+03|+4.230000E+03}}
}
{@BLOCK|rbl6415|00
{@A-RES|0|+1.491755E+05{@LIM3|+1.500000E+05|+1.725000E+05|+1.275000E+05}}
}
{@BLOCK|rps21|00
{@A-RES|0|+1.494137E+05{@LIM3|+1.500000E+05|+1.725000E+05|+1.275000E+05}}
}
{@BLOCK|rtp6308|00
{@A-RES|0|+4.733300E+02{@LIM3|+4.700000E+02|+4.982000E+02|+4.418000E+02}}
}
{@BLOCK|rc1957|00
{@A-RES|0|+1.907648E+01{@LIM3|+1.500000E+01|+2.149999E+01|+1.350000E+01}}
}
{@BLOCK|rc1958|00
{@A-RES|0|+1.791951E+01{@LIM3|+1.500000E+01|+2.149999E+01|+1.350000E+01}}
}
{@BLOCK|r10224|00
{@A-RES|0|+3.412980E+01{@LIM3|+3.300000E+01|+3.998000E+01|+3.102000E+01}}
}
{@BLOCK|rc1947|00
{@A-RES|0|+4.789419E+03{@LIM3|+4.700000E+03|+5.170000E+03|+4.230000E+03}}
}
{@BLOCK|rc4043|00
{@A-RES|0|+4.753776E+03{@LIM3|+4.700000E+03|+5.170000E+03|+4.230000E+03}}
}
{@BLOCK|rc64|00
{@A-RES|0|+4.738129E+02{@LIM3|+4.700000E+02|+4.982000E+02|+4.418000E+02}}
}
{@BLOCK|rc279|00
{@A-RES|0|+2.224336E+02{@LIM3|+2.200000E+02|+2.469999E+02|+1.980000E+02}}
}
{@BLOCK|rc450|00
{@A-RES|0|+2.342921E+01{@LIM3|+2.000000E+01|+2.700000E+01|+1.800000E+01}}
}
{@BLOCK|rc1959|00
{@A-RES|0|+1.781556E+01{@LIM3|+1.500000E+01|+2.149999E+01|+1.350000E+01}}
}
{@BLOCK|rd29|00
{@A-RES|0|+7.847301E+01{@LIM3|+7.500000E+01|+8.750002E+01|+6.750000E+01}}
}
{@BLOCK|rc1960|00
{@A-RES|0|+1.756706E+01{@LIM3|+1.500000E+01|+2.149999E+01|+1.350000E+01}}
}
{@BLOCK|rc1961|00
{@A-RES|0|+1.811194E+01{@LIM3|+1.500000E+01|+2.149999E+01|+1.350000E+01}}
}
{@BLOCK|rl5112|00
{@A-RES|0|+7.769819E+01{@LIM3|+7.500000E+01|+8.750002E+01|+6.750000E+01}}
}
{@BLOCK|rl5114|00
{@A-RES|0|+7.819373E+01{@LIM3|+7.500000E+01|+8.750002E+01|+6.750000E+01}}
}
{@BLOCK|rg7|00
{@A-RES|0|+2.459028E+03{@LIM3|+2.490000E+03|+2.639400E+03|+2.340600E+03}}
}
{@BLOCK|rg27|00
{@A-RES|0|+4.478424E+03{@LIM3|+4.750000E+03|+5.462500E+03|+4.037500E+03}}
}
{@BLOCK|rg92|00
{@A-RES|0|+4.121793E+01{@LIM3|+4.020000E+01|+4.761200E+01|+3.778800E+01}}
}
{@BLOCK|rg286|00
{@A-RES|0|+5.374718E+01{@LIM3|+5.100000E+01|+6.109999E+01|+4.590000E+01}}
}
{@BLOCK|rh125|00
{@A-RES|0|+2.026987E+02{@LIM3|+2.000000E+02|+2.170000E+02|+1.880000E+02}}
}
{@BLOCK|rh126|00
{@A-RES|0|+2.030600E+02{@LIM3|+2.000000E+02|+2.170000E+02|+1.880000E+02}}
}
{@BLOCK|rh128|00
{@A-RES|0|+2.031218E+02{@LIM3|+2.000000E+02|+2.170000E+02|+1.880000E+02}}
}
{@BLOCK|rh112|00
{@A-RES|0|+1.995600E+03{@LIM3|+2.000000E+03|+2.200000E+03|+1.800000E+03}}
}
{@BLOCK|rh160|00
{@A-RES|0|+1.997393E+03{@LIM3|+2.000000E+03|+2.200000E+03|+1.800000E+03}}
}
{@BLOCK|rh161|00
{@A-RES|0|+2.001587E+03{@LIM3|+2.000000E+03|+2.200000E+03|+1.800000E+03}}
}
{@BLOCK|rt2|00
{@A-RES|0|+4.633092E+04{@LIM3|+4.700000E+04|+5.170000E+04|+4.230000E+04}}
}
{@BLOCK|rtp6304|00
{@A-RES|0|+5.136069E+02{@LIM3|+5.100000E+02|+5.406000E+02|+4.794000E+02}}
}
{@BLOCK|rtp6307|00
{@A-RES|0|+5.130147E+02{@LIM3|+5.100000E+02|+5.406000E+02|+4.794000E+02}}
}
{@BLOCK|rtp6321|00
{@A-RES|0|+5.139177E+02{@LIM3|+5.100000E+02|+5.406000E+02|+4.794000E+02}}
}
{@BLOCK|rtp6322|00
{@A-RES|0|+5.129021E+02{@LIM3|+5.100000E+02|+5.406000E+02|+4.794000E+02}}
}
{@BLOCK|rtp6324|00
{@A-RES|0|+5.133530E+02{@LIM3|+5.100000E+02|+5.406000E+02|+4.794000E+02}}
}
{@BLOCK|rtp6342|00
{@A-RES|0|+5.131274E+02{@LIM3|+5.100000E+02|+5.406000E+02|+4.794000E+02}}
}
{@BLOCK|rtp6343|00
{@A-RES|0|+5.130429E+02{@LIM3|+5.100000E+02|+5.406000E+02|+4.794000E+02}}
}
{@BLOCK|rtp6345|00
{@A-RES|0|+5.128458E+02{@LIM3|+5.100000E+02|+5.406000E+02|+4.794000E+02}}
}
{@BLOCK|rtp6346|00
{@A-RES|0|+5.135222E+02{@LIM3|+5.100000E+02|+5.406000E+02|+4.794000E+02}}
}
{@BLOCK|rtp6348|00
{@A-RES|0|+5.143987E+02{@LIM3|+5.100000E+02|+5.406000E+02|+4.794000E+02}}
}
{@BLOCK|rtp6349|00
{@A-RES|0|+5.132120E+02{@LIM3|+5.100000E+02|+5.406000E+02|+4.794000E+02}}
}
{@BLOCK|rts1|00
{@A-RES|0|+1.667637E+04{@LIM3|+1.650000E+04|+1.749000E+04|+1.551000E+04}}
}
{@BLOCK|rts2|00
{@A-RES|0|+1.655402E+04{@LIM3|+1.650000E+04|+1.749000E+04|+1.551000E+04}}
}
{@BLOCK|pqd1|00
{@A-PFE|0|+9.847645E+01{@LIM2|+2.000000E+02|+2.000000E+01}}
}
{@BLOCK|qbl6402|00
{@A-PFE|0|+1.022160E+02{@LIM2|+2.000000E+02|+2.000000E+01}}
}
{@BLOCK|qh3|00
{@A-PFE|0|+9.697311E+01{@LIM2|+2.000000E+02|+2.000000E+01}}
}
{@BLOCK|qv46%qf|00
{@A-PFE|0|+1.440111E+02{@LIM2|+4.000000E+02|+2.000000E+01}}
}
{@BLOCK|rh38|00
{@A-RES|0|+5.439643E+01{@LIM3|+5.100000E+01|+6.109999E+01|+4.590000E+01}}
}
{@BLOCK|rh63|00
{@A-RES|0|+5.384184E+01{@LIM3|+5.100000E+01|+6.109999E+01|+4.590000E+01}}
}
{@BLOCK|rh9|00
{@A-RES|0|+2.039003E+04{@LIM3|+2.000000E+04|+2.200000E+04|+1.800000E+04}}
}
{@BLOCK|rh83|00
{@A-RES|0|+1.691993E+01{@LIM3|+1.300000E+01|+1.929999E+01|+1.170000E+01}}
}
{@BLOCK|rw5206|00
{@A-RES|0|+4.151118E+01{@LIM3|+3.900000E+01|+4.790000E+01|+3.510000E+01}}
}
{@BLOCK|rw5209|00
{@A-RES|0|+4.158505E+01{@LIM3|+3.900000E+01|+4.790000E+01|+3.510000E+01}}
}
{@BLOCK|qg1|00
{@A-PFE|0|+9.709760E+01{@LIM2|+2.000000E+02|+2.000000E+01}}
}
{@BLOCK|pqb2%qfa|00
{@A-NFE|0|+7.506758E+01{@LIM2|+2.000000E+02|+2.000000E+01}}
}
{@BLOCK|pqb1%qf|00
{@A-NFE|0|+7.984961E+01{@LIM2|+2.000000E+02|+2.000000E+01}}
}
{@BLOCK|pqb5%qfa|00
{@A-NFE|0|+5.526531E+01{@LIM2|+2.000000E+02|+2.000000E+01}}
}
{@BLOCK|q6%qf2|00
{@A-NFE|0|+7.373441E+01{@LIM2|+2.000000E+02|+2.000000E+01}}
}
{@BLOCK|q7|00
{@A-NFE|0|+7.299345E+01{@LIM2|+2.000000E+02|+2.000000E+01}}
}
{@BLOCK|qc1102%qf1|00
{@A-NFE|0|+6.838345E+01{@LIM2|+2.000000E+02|+2.000000E+01}}
}
{@BLOCK|qc1104%qf2|00
{@A-NFE|0|+1.425272E+02{@LIM2|+2.000000E+02|+2.000000E+01}}
}
{@BLOCK|qc1106%qf2|00
{@A-NFE|0|+7.362507E+01{@LIM2|+2.000000E+02|+2.000000E+01}}
}
{@BLOCK|qc1120%qf1|00
{@A-NFE|0|+7.944633E+01{@LIM2|+2.000000E+02|+2.000000E+01}}
}
{@BLOCK|qc1120%qf2|00
{@A-NFE|0|+8.023936E+01{@LIM2|+2.000000E+02|+2.000000E+01}}
}
{@BLOCK|qc1121%qf1|00
{@A-NFE|0|+7.348405E+01{@LIM2|+2.000000E+02|+2.000000E+01}}
}
{@BLOCK|qc1122%qf1|00
{@A-NFE|0|+1.107899E+02{@LIM2|+2.000000E+02|+2.000000E+01}}
}
{@BLOCK|qg6%qf1|00
{@A-NFE|0|+7.699382E+01{@LIM2|+2.000000E+02|+2.000000E+01}}
}
{@BLOCK|qg7%qf2|00
{@A-NFE|0|+9.473190E+01{@LIM2|+2.000000E+02|+2.000000E+01}}
}
{@BLOCK|qg10%qf1|00
{@A-NFE|0|+7.984656E+01{@LIM2|+2.000000E+02|+2.000000E+01}}
}
{@BLOCK|qg10%qf2|00
{@A-NFE|0|+7.542113E+01{@LIM2|+2.000000E+02|+2.000000E+01}}
}
{@BLOCK|qg12%qf2|00
{@A-NFE|0|+7.323539E+01{@LIM2|+2.000000E+02|+2.000000E+01}}
}
{@BLOCK|qg26%qf1|00
{@A-NFE|0|+8.356713E+01{@LIM2|+2.000000E+02|+2.000000E+01}}
}
{@BLOCK|qg26%qf2|00
{@A-NFE|0|+7.976919E+01{@LIM2|+2.000000E+02|+2.000000E+01}}
}
{@BLOCK|qg27%qf1|00
{@A-NFE|0|+6.858617E+01{@LIM2|+2.000000E+02|+2.000000E+01}}
}
{@BLOCK|qh4003|00
{@A-NFE|0|+1.227591E+02{@LIM2|+4.000000E+02|+2.000000E+01}}
}
{@BLOCK|qps1|00
{@A-NFE|0|+2.897779E+01{@LIM2|+9.800000E+02|+1.800000E+01}}
}
{@BLOCK|qt7|00
{@A-NFE|0|+7.759298E+01{@LIM2|+2.000000E+02|+2.000000E+01}}
}
{@BLOCK|qv105%qf1|00
{@A-NFE|0|+7.229799E+01{@LIM2|+2.000000E+02|+2.000000E+01}}
}
{@BLOCK|qv105%qf2|00
{@A-NFE|0|+7.819509E+01{@LIM2|+2.000000E+02|+2.000000E+01}}
}
{@BLOCK|qz4%qf1|00
{@A-NFE|0|+6.870329E+01{@LIM2|+2.000000E+02|+2.000000E+01}}
}
{@BLOCK|qz4%qf2|00
{@A-NFE|0|+8.377547E+01{@LIM2|+2.000000E+02|+2.000000E+01}}
}
{@BLOCK|d1%cr1|00
{@A-DIO|0|+6.569370E-01{@LIM2|+8.000000E-01|+4.000000E-01}}
}
{@BLOCK|d7701%cr1|00
{@A-DIO|0|+6.600634E-01{@LIM2|+8.000000E-01|+4.000000E-01}}
}
{@BLOCK|d7718%cr1|00
{@A-DIO|0|+6.359513E-01{@LIM2|+8.000000E-01|+4.000000E-01}}
}
{@BLOCK|d7718%cr2|00
{@A-DIO|0|+6.346665E-01{@LIM2|+8.000000E-01|+4.000000E-01}}
}
{@BLOCK|dt31%cr3|00
{@A-DIO|0|+6.319683E-01{@LIM2|+8.000000E-01|+4.000000E-01}}
}
{@BLOCK|dt7201%cr1|00
{@A-DIO|0|+6.392919E-01{@LIM2|+8.000000E-01|+4.000000E-01}}
}
{@BLOCK|dt7201%cr2|00
{@A-DIO|0|+6.496134E-01{@LIM2|+8.000000E-01|+4.000000E-01}}
}
{@BLOCK|dt7203%cr2|00
{@A-DIO|0|+6.330819E-01{@LIM2|+8.000000E-01|+4.000000E-01}}
}
{@BLOCK|dt7218%cr1|00
{@A-DIO|0|+6.490138E-01{@LIM2|+8.000000E-01|+4.000000E-01}}
}
{@BLOCK|dt7218%cr2|00
{@A-DIO|0|+6.360798E-01{@LIM2|+8.000000E-01|+4.000000E-01}}
}
{@BLOCK|dtp65%cr1|00
{@A-DIO|0|+7.097866E-01{@LIM2|+8.000000E-01|+4.000000E-01}}
}
{@BLOCK|pdb1%cr1|00
{@A-DIO|0|+5.985626E-01{@LIM2|+8.000000E-01|+4.000000E-01}}
}
{@BLOCK|pdb1%cr2|00
{@A-DIO|0|+5.926095E-01{@LIM2|+8.000000E-01|+4.000000E-01}}
}
{@BLOCK|dt33|00
{@A-DIO|0|+4.449818E-01{@LIM2|+6.000000E-01|+2.000000E-01}}
}
{@BLOCK|dt40|00
{@A-DIO|0|+6.881157E-01{@LIM2|+8.000000E-01|+4.000000E-01}}
}
{@BLOCK|dt41|00
{@A-DIO|0|+6.299983E-01{@LIM2|+8.000000E-01|+4.000000E-01}}
}
{@BLOCK|dt42|00
{@A-DIO|0|+6.296128E-01{@LIM2|+8.000000E-01|+4.000000E-01}}
}
{@BLOCK|led6310|00
{@A-DIO|0|+3.167691E+00{@LIM2|+3.800000E+00|+2.800000E+00}}
}
{@BLOCK|led6302%blue|00
{@A-DIO|0|+2.722970E+00{@LIM2|+3.500000E+00|+2.500000E+00}}
}
{@BLOCK|led6302%red|00
{@A-DIO|0|+1.956530E+00{@LIM2|+2.500000E+00|+1.500000E+00}}
}
{@BLOCK|led6303%white|00
{@A-DIO|0|+2.714747E+00{@LIM2|+3.500000E+00|+2.500000E+00}}
}
{@BLOCK|led6305%red|00
{@A-DIO|0|+1.971605E+00{@LIM2|+5.500000E+00|+1.500000E+00}}
}
{@BLOCK|led6313%blue|00
{@A-DIO|0|+2.722285E+00{@LIM2|+3.500000E+00|+2.500000E+00}}
}
{@BLOCK|led6313%red|00
{@A-DIO|0|+1.991135E+00{@LIM2|+2.500000E+00|+1.500000E+00}}
}
{@BLOCK|qps2|00
{@A-DIO|0|+6.826337E-01|B-E{@LIM2|+8.500000E-01|+4.500000E-01}}
}
{@BLOCK|d7703|00
{@A-DIO|0|+5.298231E-01{@LIM2|+8.000000E-01|+4.000000E-01}}
}
{@BLOCK|dtp6304%ds1|00
{@A-DIO|0|+2.770191E-01{@LIM2|+6.000000E-01|+2.000000E-01}}
}
{@BLOCK|dt4213%ds|00
{@A-DIO|0|+4.449418E-01{@LIM2|+6.000000E-01|+2.000000E-01}}
}
{@BLOCK|pd7720|00
{@A-DIO|0|+6.680973E-01{@LIM2|+8.000000E-01|+4.000000E-01}}
}
{@BLOCK|pdd1|00
{@A-DIO|0|+6.954783E-01{@LIM2|+9.000000E-01|+5.000000E-01}}
}
{@BLOCK|pqg1%qf1|00
{@A-NFE|0|+9.363479E+01{@LIM2|+2.000000E+02|+2.000000E+01}}
}
{@BLOCK|qc1106%qf1|00
{@A-NFE|0|+6.013338E+01{@LIM2|+2.000000E+02|+2.000000E+01}}
}
{@BLOCK|qg2%qf1|00
{@A-NFE|0|+8.358951E+01{@LIM2|+2.000000E+02|+2.000000E+01}}
}
{@BLOCK|qg3%qf2|00
{@A-NFE|0|+7.939441E+01{@LIM2|+2.000000E+02|+2.000000E+01}}
}
{@BLOCK|qh1%qf1|00
{@A-NFE|0|+1.039670E+02{@LIM2|+2.000000E+02|+2.000000E+01}}
}
{@BLOCK|pd201%cr1|00
{@A-DIO|0|+5.335074E-01{@LIM2|+8.000000E-01|+4.000000E-01}}
}
{@BLOCK|qps2|00
{@A-DIO|0|+6.574010E-01|B-C{@LIM2|+8.500000E-01|+4.500000E-01}}
}
}}